connected
[T+199789730us][CH2-Pc    ] E1
[T+199794729us][CH1-Dispenser] E1 E9
[T+199868793us][CH2-Pc    ] F0
[T+199875729us][CH1-Dispenser] F0 F8
[T+199946861us][CH1-Dispenser] E0
[T+199946729us][CH2-Pc    ] E0
[T+200120859us][CH1-Dispenser] E1
[T+200120730us][CH2-Pc    ] E1
[T+200295729us][CH2-Pc    ] F0
[T+200299729us][CH1-Dispenser] F0 F8
[T+200374729us][CH2-Pc    ] F1
[T+200401754us][CH2-Pc    ] E1
[T+200523729us][CH2-Pc    ] EF FA FF F8 E8 F8 FF EB EC
[T+200551729us][CH1-Dispenser] F1 ED E1 ED EF FA FF F8 E8 F8 FF EB EC 37 F5 8D 24 F1 A3 22 13 2A 9C A2
[T+200618892us][CH2-Pc    ] E1
[T+200626736us][CH1-Dispenser] E1 E9
[T+200697729us][CH2-Pc    ] F0
[T+200708356us][CH1-Dispenser] F0 F8
[T+200775863us][CH1-Dispenser] E0
[T+200775729us][CH2-Pc    ] E0
[T+200951729us][CH1-Dispenser] E1
[T+200950729us][CH2-Pc    ] E1
[T+201125729us][CH2-Pc    ] F0
[T+201128730us][CH1-Dispenser] F0 F8
[T+201193729us][CH2-Pc    ] F1
[T+201198729us][CH1-Dispenser] F1 ED
[T+201334729us][CH2-Pc    ] E1 EF FA FF F8 E8 F8 FF EB EC
[T+201362729us][CH1-Dispenser] E1 ED EF FA FF F8 E8 F8 FF EB EC 37 AB 8D 24 A3 A3 12 68 F0 AC A2
[T+201432729us][CH2-Pc    ] E1
[T+201441738us][CH1-Dispenser] E1 E9
[T+201510729us][CH2-Pc    ] F0
[T+201515729us][CH1-Dispenser] F0 F8
[T+201588860us][CH1-Dispenser] E0
[T+201588729us][CH2-Pc    ] E0
[T+201765861us][CH1-Dispenser] E1
[T+201765729us][CH2-Pc    ] E1
[T+201929729us][CH2-Pc    ] F0
[T+201935757us][CH1-Dispenser] F0 F8
[T+202007753us][CH2-Pc    ] F1
[T+202015337us][CH1-Dispenser] F1 F9
[T+202085732us][CH2-Pc    ] E1
[T+202090729us][CH1-Dispenser] E1 E9
[T+202164729us][CH2-Pc    ] F0
[T+202170757us][CH1-Dispenser] F0 F8
[T+202242729us][CH1-Dispenser] E0
[T+202241730us][CH2-Pc    ] E0
[T+202416861us][CH1-Dispenser] E1
[T+202416729us][CH2-Pc    ] E1
[T+202592729us][CH2-Pc    ] F0
[T+202598757us][CH1-Dispenser] F0 F8
[T+202680729us][CH2-Pc    ] F1
[T+202685730us][CH1-Dispenser] F1 F9
[T+202758729us][CH2-Pc    ] E1
[T+202767729us][CH1-Dispenser] E1 E9
[T+202836729us][CH2-Pc    ] F0
[T+202844737us][CH1-Dispenser] F0 F8
[T+202914862us][CH1-Dispenser] E0
[T+202914729us][CH2-Pc    ] E0
[T+203089860us][CH1-Dispenser] E1
[T+203089729us][CH2-Pc    ] E1
[T+203264729us][CH2-Pc    ] F0
[T+203269730us][CH1-Dispenser] F0 E8
[T+203342729us][CH2-Pc    ] F1
[T+203481729us][CH2-Pc    ] E1 EF FA FF F8 E8 F8 FF EB EC
[T+203512729us][CH1-Dispenser] F1 ED E1 ED EF FA FF F8 E8 F8 FF EB EC 37 CF 8D 24 A3 F1 12 13 F4 2C 22
[T+203597729us][CH2-Pc    ] E1
[T+203605729us][CH1-Dispenser] E1 E9
[T+203675729us][CH2-Pc    ] F0
[T+203679730us][CH1-Dispenser] F0 F8
[T+203753861us][CH1-Dispenser] E0
[T+203753729us][CH2-Pc    ] E0
[T+203939862us][CH1-Dispenser] E1
[T+203939729us][CH2-Pc    ] E1
[T+204103729us][CH2-Pc    ] F0
[T+204110729us][CH1-Dispenser] F0 F8
[T+204181729us][CH2-Pc    ] F1
[T+204208729us][CH2-Pc    ] E1
[T+204330729us][CH2-Pc    ] EF FA FF F8 E8 F8 FF EB EC
[T+204362729us][CH1-Dispenser] F1 ED E1 ED EF FA FF F8 E8 F8 FF EB EC 37 AB 8D 24 A3 A3 12 68 F4 2C A2
[T+204434754us][CH2-Pc    ] E1
[T+204441729us][CH1-Dispenser] E1 E9
[T+204505729us][CH2-Pc    ] F0
[T+204511757us][CH1-Dispenser] F0 F8
[T+204583865us][CH1-Dispenser] E0
[T+204583731us][CH2-Pc    ] E0
[T+204758865us][CH1-Dispenser] E1
[T+204758730us][CH2-Pc    ] E1
[T+204933729us][CH2-Pc    ] F0
[T+204939757us][CH1-Dispenser] F0 F8
[T+205011754us][CH2-Pc    ] F1
[T+205038729us][CH2-Pc    ] E1
[T+205160729us][CH2-Pc    ] EF FA FF F8 E8 F8 FF EB EC
[T+205195733us][CH1-Dispenser] F1 ED E1 ED EF FA FF F8 E8 F8 FF EB EC 37 E5 8D 24 A3 A3 12 13 22 1C A2
[T+205264729us][CH2-Pc    ] E1
[T+205273332us][CH1-Dispenser] E1 E9
[T+205342729us][CH2-Pc    ] F0
[T+205351736us][CH1-Dispenser] F0 F8
[T+205420862us][CH1-Dispenser] E0
[T+205420730us][CH2-Pc    ] E0
[T+205595861us][CH1-Dispenser] E1
[T+205595729us][CH2-Pc    ] E1
[T+205759729us][CH2-Pc    ] F0
[T+205766729us][CH1-Dispenser] F0 F8
[T+205837729us][CH2-Pc    ] F1
[T+205844729us][CH1-Dispenser] F1 ED
[T+205864729us][CH2-Pc    ] E1
[T+205987729us][CH2-Pc    ] EF FA FF F8 E8 F8 FF EB EC
[T+206016729us][CH1-Dispenser] E1 ED EF FA FF F8 E8 F8 FF EB EC 37 E5 8D 24 F1 F1 22 13 46 78 22
[T+206089729us][CH2-Pc    ] E1
[T+206095758us][CH1-Dispenser] E1 E9
[T+206167755us][CH2-Pc    ] F0
[T+206175355us][CH1-Dispenser] F0 F8
[T+206245862us][CH1-Dispenser] E0
[T+206245730us][CH2-Pc    ] E0
[T+206420865us][CH1-Dispenser] E1
[T+206420731us][CH2-Pc    ] E1
[T+206603729us][CH2-Pc    ] F0
[T+206611736us][CH1-Dispenser] F0 F8
[T+206685729us][CH1-Dispenser] F1 ED
[T+206681729us][CH2-Pc    ] F1
[T+206708729us][CH2-Pc    ] E1
[T+206834729us][CH2-Pc    ] EF FA FF F8 E8 F8 FF EB EC
[T+206861729us][CH1-Dispenser] E1 ED EF FA FF F8 E8 F8 FF EB EC 37 AB 0D 24 F1 F1 64 F4 F4 38 E2
[T+206927754us][CH2-Pc    ] E1
[T+206938374us][CH1-Dispenser] E1 E9
[T+207005729us][CH2-Pc    ] F0
[T+207010729us][CH1-Dispenser] F0 F8
[T+207083860us][CH1-Dispenser] E0
[T+207083729us][CH2-Pc    ] E0
[T+207258862us][CH1-Dispenser] E1
[T+207258729us][CH2-Pc    ] E1
[T+207433729us][CH2-Pc    ] F0
[T+207441362us][CH1-Dispenser] F0 F8
[T+207511729us][CH2-Pc    ] F1
[T+207538729us][CH2-Pc    ] E1
[T+207663729us][CH2-Pc    ] EF FA FF F8 E8 F8 FF EB EC
[T+207696729us][CH1-Dispenser] F1 ED E1 ED EF FA FF F8 E8 F8 FF EB EC 37 F5 8D 24 A3 A3 A2 13 93 2C 22
[T+207765729us][CH2-Pc    ] E1
[T+207773729us][CH1-Dispenser] E1 E9
[T+207843729us][CH2-Pc    ] F0
[T+207852729us][CH1-Dispenser] F0 F8
[T+207921860us][CH1-Dispenser] E0
[T+207921729us][CH2-Pc    ] E0
[T+208089861us][CH1-Dispenser] E1
[T+208089729us][CH2-Pc    ] E1
[T+208264729us][CH2-Pc    ] F0
[T+208269730us][CH1-Dispenser] F0 F8
[T+208342729us][CH2-Pc    ] F1
[T+208370730us][CH2-Pc    ] E1
[T+208431860us][CH1-Dispenser] F1 ED E1 ED EF FA FF F8
[T+208431729us][CH2-Pc    ] EF FA FF F8
[T+208506729us][CH2-Pc    ] E8 F8 FF EB EC
[T+208541729us][CH1-Dispenser] E8 F8 FF EB EC 77 F5 0D 24 F1 F1 32 F4 F4 F8 CD
[T+208609729us][CH2-Pc    ] E1
[T+208616729us][CH1-Dispenser] E1 E9
[T+208687729us][CH2-Pc    ] F0
[T+208690729us][CH1-Dispenser] F0 F8
[T+208754860us][CH1-Dispenser] E0
[T+208754729us][CH2-Pc    ] E0
[T+208929863us][CH1-Dispenser] E1
[T+208929729us][CH2-Pc    ] E1
[T+209104729us][CH2-Pc    ] F0
[T+209110757us][CH1-Dispenser] F0 F8
[T+209182754us][CH2-Pc    ] F1
[T+209209729us][CH2-Pc    ] E1
[T+209331729us][CH2-Pc    ] EF FA FF F8 E8 F8 FF EB EC
[T+209362729us][CH1-Dispenser] F1 ED E1 ED EF FA FF F8 E8 F8 FF EB EC 37 AB 8D 24 A3 A3 64 F4 F4 2C A2
[T+209384729us][CH2-Pc    ] E1
[T+209558861us][CH1-Dispenser] E1 ED EF F8 FC ED F8 FD F8 F9 E8 E8 FF EB EC
[T+209558729us][CH2-Pc    ] EF F8 FC ED F8 FD F8 F9 E8 E8 FF EB EC
[T+209648754us][CH2-Pc    ] F1
[T+209675729us][CH2-Pc    ] E1
[T+209853863us][CH1-Dispenser] F1 ED E1 ED EF F8 FD FE F8 F8 F9 E8 E8 F8 FF E9 EC
[T+209853731us][CH2-Pc    ] EF F8 FD FE F8 F8 F9 E8 E8 F8 FF E9 EC
[T+209943754us][CH2-Pc    ] F1
[T+209951338us][CH1-Dispenser] F1 ED
[T+209971860us][CH1-Dispenser] E5
[T+209971731us][CH2-Pc    ] E5
[T+210058729us][CH2-Pc    ] F1
[T+210066339us][CH1-Dispenser] F1 F5
[T+210140730us][CH1-Dispenser] E1 E9
[T+210136729us][CH2-Pc    ] E1
[T+210214729us][CH2-Pc    ] F0
[T+210219729us][CH1-Dispenser] F0 F8
[T+210292860us][CH1-Dispenser] E0
[T+210292729us][CH2-Pc    ] E0
[T+210460863us][CH1-Dispenser] E1
[T+210460731us][CH2-Pc    ] E1
[T+210635729us][CH2-Pc    ] F0
[T+210640730us][CH1-Dispenser] F0 F8
[T+210713729us][CH2-Pc    ] F1
[T+210721729us][CH1-Dispenser] F1 F5
[T+211291753us][CH2-Pc    ] E1
[T+211297757us][CH1-Dispenser] E1 E9
[T+211369842us][CH2-Pc    ] F0
[T+211379324us][CH1-Dispenser] F0 F8
[T+211447863us][CH1-Dispenser] E0
[T+211447730us][CH2-Pc    ] E0
[T+211622865us][CH1-Dispenser] E1
[T+211622732us][CH2-Pc    ] E1
[T+211797729us][CH2-Pc    ] F0
[T+211804729us][CH1-Dispenser] F0 F8
[T+211875729us][CH2-Pc    ] F1
[T+211881759us][CH1-Dispenser] F1 F5
[T+211902729us][CH2-Pc    ] F9
[T+211918729us][CH1-Dispenser] F9 38 38 38
[T+212002754us][CH2-Pc    ] E1
[T+212012327us][CH1-Dispenser] E1 E9
[T+212080729us][CH2-Pc    ] F0
[T+212084729us][CH1-Dispenser] F0 F8
[T+212159867us][CH1-Dispenser] E0
[T+212159732us][CH2-Pc    ] E0
[T+212335861us][CH1-Dispenser] E1
[T+212335729us][CH2-Pc    ] E1
[T+212510729us][CH2-Pc    ] F0
[T+212514729us][CH1-Dispenser] F0 F8
[T+212588729us][CH2-Pc    ] F1
[T+212594758us][CH1-Dispenser] F1 F5
[T+212615729us][CH2-Pc    ] F9
[T+212627769us][CH1-Dispenser] F9 38 38 78
[T+212693754us][CH2-Pc    ] E1
[T+212701736us][CH1-Dispenser] E1 E9
[T+212774729us][CH1-Dispenser] F0 F8
[T+212772730us][CH2-Pc    ] F0
[T+212839860us][CH1-Dispenser] E0
[T+212839730us][CH2-Pc    ] E0
[T+213014864us][CH1-Dispenser] E1
[T+213014731us][CH2-Pc    ] E1
[T+213189729us][CH2-Pc    ] F0
[T+213194730us][CH1-Dispenser] F0 F8
[T+213267729us][CH2-Pc    ] F1
[T+213274729us][CH1-Dispenser] F1 F5
[T+213306729us][CH2-Pc    ] F9
[T+213315736us][CH1-Dispenser] F9 38 38 38
[T+213385730us][CH2-Pc    ] E1
[T+213391758us][CH1-Dispenser] E1 E9
[T+213463753us][CH2-Pc    ] F0
[T+213475060us][CH1-Dispenser] F0 F8
[T+213541861us][CH1-Dispenser] E0
[T+213541729us][CH2-Pc    ] E0
[T+213716862us][CH1-Dispenser] E1
[T+213716729us][CH2-Pc    ] E1
[T+213891730us][CH2-Pc    ] F0
[T+213894730us][CH1-Dispenser] F0 F8
[T+213958729us][CH2-Pc    ] F1
[T+213964758us][CH1-Dispenser] F1 F5
[T+213986729us][CH2-Pc    ] F9
[T+213995961us][CH1-Dispenser] F9 A9 23 38
[T+214065729us][CH2-Pc    ] E1
[T+214070729us][CH1-Dispenser] E1 E9
[T+214143729us][CH2-Pc    ] F0
[T+214151729us][CH1-Dispenser] F0 F8
[T+214221861us][CH1-Dispenser] E0
[T+214221729us][CH2-Pc    ] E0
[T+214406864us][CH1-Dispenser] E1
[T+214406729us][CH2-Pc    ] E1
[T+214570729us][CH2-Pc    ] F0
[T+214574729us][CH1-Dispenser] F0 F8
[T+214638729us][CH2-Pc    ] F1
[T+214644757us][CH1-Dispenser] F1 F5
[T+214665729us][CH2-Pc    ] F9
[T+214677770us][CH1-Dispenser] F9 2A 77 38
[T+214744729us][CH2-Pc    ] E1
[T+214751729us][CH1-Dispenser] E1 E9
[T+214822729us][CH2-Pc    ] F0
[T+214833326us][CH1-Dispenser] F0 F8
[T+214900861us][CH1-Dispenser] E0
[T+214900729us][CH2-Pc    ] E0
[T+215076729us][CH1-Dispenser] E1
[T+215075730us][CH2-Pc    ] E1
[T+215250755us][CH2-Pc    ] F0
[T+215256757us][CH1-Dispenser] F0 F8
[T+215328753us][CH2-Pc    ] F1
[T+215356729us][CH2-Pc    ] F9
[T+215367298us][CH1-Dispenser] F1 F5 F9 38 ED 38
[T+215436729us][CH2-Pc    ] E1
[T+215441729us][CH1-Dispenser] E1 E9
[T+215514729us][CH2-Pc    ] F0
[T+215520757us][CH1-Dispenser] F0 F8
[T+215592862us][CH1-Dispenser] E0
[T+215592729us][CH2-Pc    ] E0
[T+215767864us][CH1-Dispenser] E1
[T+215767731us][CH2-Pc    ] E1
[T+215933729us][CH2-Pc    ] F0
[T+215942326us][CH1-Dispenser] F0 F8
[T+216011729us][CH2-Pc    ] F1
[T+216015729us][CH1-Dispenser] F1 F5
[T+216038729us][CH2-Pc    ] F9
[T+216051729us][CH1-Dispenser] F9 28 3A 38
[T+216116729us][CH2-Pc    ] E1
[T+216121730us][CH1-Dispenser] E1 E9
[T+216195729us][CH2-Pc    ] F0
[T+216200729us][CH1-Dispenser] F0 F8
[T+216273729us][CH1-Dispenser] E0
[T+216272729us][CH2-Pc    ] E0
[T+216447862us][CH1-Dispenser] E1
[T+216447730us][CH2-Pc    ] E1
[T+216622729us][CH2-Pc    ] F0
[T+216630738us][CH1-Dispenser] F0 F8
[T+216700729us][CH2-Pc    ] F1
[T+216706758us][CH1-Dispenser] F1 F5
[T+216728729us][CH2-Pc    ] F9
[T+216740769us][CH1-Dispenser] F9 A9 72 38
[T+216806753us][CH2-Pc    ] E1
[T+216814729us][CH1-Dispenser] E1 E9
[T+216884729us][CH2-Pc    ] F0
[T+216893325us][CH1-Dispenser] F0 F8
[T+216962860us][CH1-Dispenser] E0
[T+216962729us][CH2-Pc    ] E0
[T+217137863us][CH1-Dispenser] E1
[T+217137729us][CH2-Pc    ] E1
[T+217312729us][CH2-Pc    ] F0
[T+217315729us][CH1-Dispenser] F0 F8
[T+217394729us][CH1-Dispenser] F1 F5
[T+217390729us][CH2-Pc    ] F1
[T+217417729us][CH2-Pc    ] F9
[T+217431733us][CH1-Dispenser] F9 39 69 70
[T+217496729us][CH2-Pc    ] E1
[T+217501729us][CH1-Dispenser] E1 E9
[T+217574729us][CH2-Pc    ] F0
[T+217580758us][CH1-Dispenser] F0 F8
[T+217652856us][CH1-Dispenser] E0
[T+217652729us][CH2-Pc    ] E0
[T+217827863us][CH1-Dispenser] E1
[T+217827729us][CH2-Pc    ] E1
[T+217991729us][CH2-Pc    ] F0
[T+217995729us][CH1-Dispenser] F0 F8
[T+218070729us][CH2-Pc    ] F1
[T+218074729us][CH1-Dispenser] F1 F5
[T+218097729us][CH2-Pc    ] F9
[T+218107736us][CH1-Dispenser] F9 39 33 70
[T+218176729us][CH2-Pc    ] E1
[T+218184729us][CH1-Dispenser] E1 E9
[T+218254729us][CH2-Pc    ] F0
[T+218261729us][CH1-Dispenser] F0 F8
[T+218332862us][CH1-Dispenser] E0
[T+218332730us][CH2-Pc    ] E0
[T+218507873us][CH1-Dispenser] E1
[T+218507735us][CH2-Pc    ] E1
[T+218682729us][CH2-Pc    ] F0
[T+218686730us][CH1-Dispenser] F0 F8
[T+218760729us][CH2-Pc    ] F1
[T+218765729us][CH1-Dispenser] F1 F5
[T+218787729us][CH2-Pc    ] F9
[T+218802733us][CH1-Dispenser] F9 28 B8 70
[T+218876729us][CH2-Pc    ] E1
[T+218881729us][CH1-Dispenser] E1 E9
[T+218954729us][CH2-Pc    ] F0
[T+218963366us][CH1-Dispenser] F0 F8
[T+219032861us][CH1-Dispenser] E0
[T+219032730us][CH2-Pc    ] E0
[T+219197863us][CH1-Dispenser] E1
[T+219197730us][CH2-Pc    ] E1
[T+219372729us][CH2-Pc    ] F0
[T+219380729us][CH1-Dispenser] F0 F8
[T+219450729us][CH2-Pc    ] F1
[T+219456757us][CH1-Dispenser] F1 F5
[T+219478729us][CH2-Pc    ] F9
[T+219492730us][CH1-Dispenser] F9 78 3A 71
[T+219566729us][CH2-Pc    ] E1
[T+219571729us][CH1-Dispenser] E1 E9
[T+219644729us][CH2-Pc    ] F0
[T+219650761us][CH1-Dispenser] F0 F8
[T+219723861us][CH1-Dispenser] E0
[T+219723729us][CH2-Pc    ] E0
[T+219898865us][CH1-Dispenser] E1
[T+219898731us][CH2-Pc    ] E1
[T+220072754us][CH2-Pc    ] F0
[T+220080729us][CH1-Dispenser] F0 F8
[T+220151729us][CH2-Pc    ] F1
[T+220156730us][CH1-Dispenser] F1 F5
[T+220178729us][CH2-Pc    ] F9
[T+220192729us][CH1-Dispenser] F9 A8 74 38
[T+220267729us][CH2-Pc    ] E1
[T+220274729us][CH1-Dispenser] E1 E9
[T+220345729us][CH2-Pc    ] F0
[T+220352729us][CH1-Dispenser] F0 F8
[T+220435861us][CH1-Dispenser] E0
[T+220435729us][CH2-Pc    ] E0
[T+220610862us][CH1-Dispenser] E1
[T+220610729us][CH2-Pc    ] E1
[T+220794729us][CH2-Pc    ] F0
[T+220801729us][CH1-Dispenser] F0 F8
[T+220872729us][CH2-Pc    ] F1
[T+220899729us][CH2-Pc    ] F9
[T+220911771us][CH1-Dispenser] F1 F5 F9 38 70 38
[T+220977729us][CH2-Pc    ] E1
[T+220982729us][CH1-Dispenser] E1 E9
[T+221056729us][CH2-Pc    ] F0
[T+221061729us][CH1-Dispenser] F0 F8
[T+221156859us][CH1-Dispenser] E0
[T+221156729us][CH2-Pc    ] E0
[T+221320861us][CH1-Dispenser] E1
[T+221320729us][CH2-Pc    ] E1
[T+221498729us][CH2-Pc    ] F0
[T+221506369us][CH1-Dispenser] F0 E8
[T+221580729us][CH1-Dispenser] F1 F5
[T+221576730us][CH2-Pc    ] F1
[T+221603729us][CH2-Pc    ] F9
[T+221617733us][CH1-Dispenser] F9 28 39 70
[T+221683729us][CH2-Pc    ] E1
[T+221687729us][CH1-Dispenser] E1 E9
[T+221761729us][CH2-Pc    ] F0
[T+221766729us][CH1-Dispenser] F0 F8
[T+221839862us][CH1-Dispenser] E0
[T+221839731us][CH2-Pc    ] E0
[T+222014862us][CH1-Dispenser] E1
[T+222014729us][CH2-Pc    ] E1
[T+222189729us][CH2-Pc    ] F0
[T+222197729us][CH1-Dispenser] F0 F8
[T+222267729us][CH2-Pc    ] F1
[T+222271729us][CH1-Dispenser] F1 F5
[T+222294732us][CH2-Pc    ] F9
[T+222307729us][CH1-Dispenser] F9 38 70 0B F8
[T+222372729us][CH2-Pc    ] E1
[T+222377729us][CH1-Dispenser] E1 E9
[T+222450729us][CH2-Pc    ] F0
[T+222458736us][CH1-Dispenser] F0 F8
[T+222528862us][CH1-Dispenser] E0
[T+222528730us][CH2-Pc    ] E0
[T+222703867us][CH1-Dispenser] E1
[T+222703731us][CH2-Pc    ] E1
[T+222867730us][CH2-Pc    ] F0
[T+222870731us][CH1-Dispenser] F0 F8
[T+222934729us][CH2-Pc    ] F1
[T+222962729us][CH2-Pc    ] F9
[T+222973736us][CH1-Dispenser] F1 F5 F9 E9 35 8F F8
[T+223040729us][CH2-Pc    ] E1
[T+223047729us][CH1-Dispenser] E1 E9
[T+223118729us][CH2-Pc    ] F0
[T+223127355us][CH1-Dispenser] F0 F8
[T+223196864us][CH1-Dispenser] E0
[T+223196729us][CH2-Pc    ] E0
[T+223371864us][CH1-Dispenser] E1
[T+223371729us][CH2-Pc    ] E1
[T+223550729us][CH1-Dispenser] F0 F8
[T+223546729us][CH2-Pc    ] F0
[T+223624824us][CH2-Pc    ] F1
[T+223631729us][CH1-Dispenser] F1 F5
[T+223652147us][CH2-Pc    ] F9
[T+223662738us][CH1-Dispenser] F9 E8 37 8F F8
[T+223730729us][CH2-Pc    ] E1
[T+223737729us][CH1-Dispenser] E1 E9
[T+223808729us][CH2-Pc    ] F0
[T+223811729us][CH1-Dispenser] F0 F8
[T+223875862us][CH1-Dispenser] E0
[T+223875729us][CH2-Pc    ] E0
[T+224039864us][CH1-Dispenser] E1
[T+224039729us][CH2-Pc    ] E1
[T+224214729us][CH2-Pc    ] F0
[T+224222370us][CH1-Dispenser] F0 F8
[T+224296729us][CH1-Dispenser] F1 F5
[T+224292729us][CH2-Pc    ] F1
[T+224319729us][CH2-Pc    ] F9
[T+224333733us][CH1-Dispenser] F9 BA 35 8F F8
[T+224400729us][CH1-Dispenser] E1 E9
[T+224397729us][CH2-Pc    ] E1
[T+224476729us][CH2-Pc    ] F0
[T+224481729us][CH1-Dispenser] F0 F8
[T+224554861us][CH1-Dispenser] E0
[T+224554729us][CH2-Pc    ] E0
[T+224729864us][CH1-Dispenser] E1
[T+224729730us][CH2-Pc    ] E1
[T+224903753us][CH2-Pc    ] F0
[T+224911729us][CH1-Dispenser] F0 F8
[T+224981729us][CH2-Pc    ] F1
[T+225009729us][CH2-Pc    ] F9
[T+225022752us][CH1-Dispenser] F1 F5 F9 28 B7 87 F8
[T+225088729us][CH2-Pc    ] E1
[T+225092729us][CH1-Dispenser] E1 E9
[T+225166729us][CH2-Pc    ] F0
[T+225171730us][CH1-Dispenser] F0 F8
[T+225244862us][CH1-Dispenser] E0
[T+225244729us][CH2-Pc    ] E0
[T+225419862us][CH1-Dispenser] E1
[T+225419729us][CH2-Pc    ] E1
[T+225590729us][CH2-Pc    ] F0
[T+225597729us][CH1-Dispenser] F0 F8
[T+225668729us][CH2-Pc    ] F1
[T+225695729us][CH2-Pc    ] F9
[T+225707769us][CH1-Dispenser] F1 F5 F9 28 B5 83 F8
[T+225774729us][CH2-Pc    ] E1
[T+225780763us][CH1-Dispenser] E1 E9
[T+225856729us][CH1-Dispenser] F0 F8
[T+225852729us][CH2-Pc    ] F0
[T+225931863us][CH1-Dispenser] E0
[T+225931729us][CH2-Pc    ] E0
[T+226105862us][CH1-Dispenser] E1
[T+226105731us][CH2-Pc    ] E1
[T+226280729us][CH2-Pc    ] F0
[T+226287730us][CH1-Dispenser] F0 F8
[T+226358729us][CH2-Pc    ] F1
[T+226386729us][CH2-Pc    ] F9
[T+226398737us][CH1-Dispenser] F1 F5 F9 38 B9 70
[T+226464753us][CH2-Pc    ] E1
[T+226471729us][CH1-Dispenser] E1 E9
[T+226553729us][CH2-Pc    ] F0
[T+226557729us][CH1-Dispenser] F0 F8
[T+226631862us][CH1-Dispenser] E0
[T+226631729us][CH2-Pc    ] E0
[T+226806729us][CH1-Dispenser] E1
[T+226805729us][CH2-Pc    ] E1
[T+226980755us][CH2-Pc    ] F0
[T+226989736us][CH1-Dispenser] F0 F8
[T+227062729us][CH2-Pc    ] F1
[T+227089729us][CH2-Pc    ] F9
[T+227103729us][CH1-Dispenser] F1 F5 F9 38 72 C5 F8
[T+227168729us][CH2-Pc    ] E1
[T+227172729us][CH1-Dispenser] E1 E9
[T+227246729us][CH2-Pc    ] F0
[T+227251729us][CH1-Dispenser] F0 F8
[T+227324862us][CH1-Dispenser] E0
[T+227324730us][CH2-Pc    ] E0
[T+227499863us][CH1-Dispenser] E1
[T+227499729us][CH2-Pc    ] E1
[T+227669729us][CH2-Pc    ] F0
[T+227678729us][CH1-Dispenser] F0 F8
[T+227747729us][CH2-Pc    ] F1
[T+227752729us][CH1-Dispenser] F1 F5
[T+227774729us][CH2-Pc    ] F9
[T+227788729us][CH1-Dispenser] F9 A8 37 85 F8
[T+227853729us][CH2-Pc    ] E1
[T+227862736us][CH1-Dispenser] E1 E9
[T+227931729us][CH2-Pc    ] F0
[T+227935729us][CH1-Dispenser] F0 F8
[T+228010861us][CH1-Dispenser] E0
[T+228010729us][CH2-Pc    ] E0
[T+228184863us][CH1-Dispenser] E1
[T+228184729us][CH2-Pc    ] E1
[T+228359729us][CH2-Pc    ] F0
[T+228367729us][CH1-Dispenser] F0 F8
[T+228437730us][CH2-Pc    ] F1
[T+228442729us][CH1-Dispenser] F1 F5
[T+228465729us][CH2-Pc    ] F9
[T+228477770us][CH1-Dispenser] F9 38 35 87 F8
[T+228544729us][CH2-Pc    ] E1
[T+228552729us][CH1-Dispenser] E1 E9
[T+228622729us][CH2-Pc    ] F0
[T+228626729us][CH1-Dispenser] F0 F8
[T+228703990us][CH1-Dispenser] E0
[T+228703850us][CH2-Pc    ] E0
[T+228866863us][CH1-Dispenser] E1
[T+228866729us][CH2-Pc    ] E1
[T+229041751us][CH2-Pc    ] F0
[T+229047729us][CH1-Dispenser] F0 F8
[T+229119877us][CH2-Pc    ] F1
[T+229146729us][CH2-Pc    ] F9
[T+229161729us][CH1-Dispenser] F1 F5 F9 3A 37 87 F8
[T+229235729us][CH2-Pc    ] E1
[T+229242729us][CH1-Dispenser] E1 E9
[T+229313729us][CH2-Pc    ] F0
[T+229317729us][CH1-Dispenser] F0 F8
[T+229391862us][CH1-Dispenser] E0
[T+229391730us][CH2-Pc    ] E0
[T+229555860us][CH1-Dispenser] E1
[T+229555729us][CH2-Pc    ] E1
[T+229730729us][CH2-Pc    ] F0
[T+229739729us][CH1-Dispenser] F0 F8
[T+229809729us][CH2-Pc    ] F1
[T+229836729us][CH2-Pc    ] F9
[T+229847736us][CH1-Dispenser] F1 F5 F9 38 F2 28
[T+229915729us][CH2-Pc    ] E1
[T+229921757us][CH1-Dispenser] E1 E9
[T+229993754us][CH2-Pc    ] F0
[T+229999729us][CH1-Dispenser] F0 F8
[T+230071860us][CH1-Dispenser] E0
[T+230071729us][CH2-Pc    ] E0
[T+230246865us][CH1-Dispenser] E1
[T+230246732us][CH2-Pc    ] E1
[T+230423729us][CH2-Pc    ] F0
[T+230433729us][CH1-Dispenser] F0 F8
[T+230501729us][CH2-Pc    ] F1
[T+230505729us][CH1-Dispenser] F1 F5
[T+230528729us][CH2-Pc    ] F9
[T+230542729us][CH1-Dispenser] F9 2A 29 28
[T+230606729us][CH2-Pc    ] E1
[T+230611729us][CH1-Dispenser] E1 E9
[T+230684729us][CH2-Pc    ] F0
[T+230693380us][CH1-Dispenser] F0 F8
[T+230762865us][CH1-Dispenser] E0
[T+230762729us][CH2-Pc    ] E0
[T+230937862us][CH1-Dispenser] E1
[T+230937729us][CH2-Pc    ] E1
[T+231101729us][CH2-Pc    ] F0
[T+231109375us][CH1-Dispenser] F0 F8
[T+231179729us][CH2-Pc    ] F1
[T+231207729us][CH2-Pc    ] F9
[T+231218736us][CH1-Dispenser] F1 F5 F9 38 3A 28
[T+231287729us][CH2-Pc    ] E1
[T+231292729us][CH1-Dispenser] E1 E9
[T+231365729us][CH2-Pc    ] F0
[T+231372729us][CH1-Dispenser] F0 F8
[T+231443860us][CH1-Dispenser] E0
[T+231443729us][CH2-Pc    ] E0
[T+231618865us][CH1-Dispenser] E1
[T+231618731us][CH2-Pc    ] E1
[T+231793729us][CH2-Pc    ] F0
[T+231800729us][CH1-Dispenser] F0 F8
[T+231871730us][CH2-Pc    ] F1
[T+231876730us][CH1-Dispenser] F1 F5
[T+231898729us][CH2-Pc    ] F9
[T+231912729us][CH1-Dispenser] F9 6A 70 70
[T+232005729us][CH2-Pc    ] E1
[T+232013736us][CH1-Dispenser] E1 E9
[T+232087729us][CH1-Dispenser] F0 F8
[T+232083729us][CH2-Pc    ] F0
[T+232161863us][CH1-Dispenser] E0
[T+232161729us][CH2-Pc    ] E0
[T+232336862us][CH1-Dispenser] E1
[T+232336729us][CH2-Pc    ] E1
[T+232511729us][CH2-Pc    ] F0
[T+232516729us][CH1-Dispenser] F0 F8
[T+232589729us][CH2-Pc    ] F1
[T+232616729us][CH2-Pc    ] F9
[T+232628769us][CH1-Dispenser] F1 F5 F9 E8 78 B3
[T+232694754us][CH2-Pc    ] E1
[T+232702736us][CH1-Dispenser] E1 E9
[T+232772729us][CH2-Pc    ] F0
[T+232777729us][CH1-Dispenser] F0 F8
[T+232850863us][CH1-Dispenser] E0
[T+232850730us][CH2-Pc    ] E0
[T+233025863us][CH1-Dispenser] E1
[T+233025730us][CH2-Pc    ] E1
[T+233195729us][CH2-Pc    ] F0
[T+233202729us][CH1-Dispenser] F0 E8
[T+233273729us][CH2-Pc    ] F1
[T+233301729us][CH2-Pc    ] F9
[T+233314729us][CH1-Dispenser] F1 F5 F9 38 70 70
[T+233379729us][CH2-Pc    ] E1
[T+233388729us][CH1-Dispenser] E1 E9
[T+233457729us][CH2-Pc    ] F0
[T+233462729us][CH1-Dispenser] F0 F8
[T+233535862us][CH1-Dispenser] E0
[T+233535729us][CH2-Pc    ] E0
[T+233712859us][CH1-Dispenser] E1
[T+233712729us][CH2-Pc    ] E1
[T+233886729us][CH2-Pc    ] F0
[T+233891730us][CH1-Dispenser] F0 F8
[T+233966020us][CH2-Pc    ] F1
[T+233992729us][CH2-Pc    ] F9
[T+234003743us][CH1-Dispenser] F1 F5 F9 3A 70 70
[T+234070729us][CH2-Pc    ] E1
[T+234079365us][CH1-Dispenser] E1 E9
[T+234148729us][CH2-Pc    ] F0
[T+234152729us][CH1-Dispenser] F0 F8
[T+234216862us][CH1-Dispenser] E0
[T+234216730us][CH2-Pc    ] E0
[T+234390865us][CH1-Dispenser] E1
[T+234390731us][CH2-Pc    ] E1
[T+234554729us][CH2-Pc    ] F0
[T+234561729us][CH1-Dispenser] F0 F8
[T+234648729us][CH2-Pc    ] F1 F9
[T+234663729us][CH1-Dispenser] F1 F5 F9 A8 68 70
[T+234728729us][CH2-Pc    ] E1
[T+234732729us][CH1-Dispenser] E1 E9
[T+234806729us][CH2-Pc    ] F0
[T+234811729us][CH1-Dispenser] F0 F8
[T+234884861us][CH1-Dispenser] E0
[T+234884730us][CH2-Pc    ] E0
[T+235059860us][CH1-Dispenser] E1
[T+235059729us][CH2-Pc    ] E1
[T+235234729us][CH2-Pc    ] F0
[T+235242320us][CH1-Dispenser] F0 F8
[T+235312729us][CH2-Pc    ] F1
[T+235317729us][CH1-Dispenser] F1 F5
[T+235340729us][CH2-Pc    ] F9
[T+235353729us][CH1-Dispenser] F9 78 35 33
[T+235422729us][CH1-Dispenser] E1 E9
[T+235418729us][CH2-Pc    ] E1
[T+235496729us][CH2-Pc    ] F0
[T+235503731us][CH1-Dispenser] F0 F8
[T+235574864us][CH1-Dispenser] E0
[T+235574729us][CH2-Pc    ] E0
[T+235749864us][CH1-Dispenser] E1
[T+235749730us][CH2-Pc    ] E1
[T+235914731us][CH2-Pc    ] F0
[T+235921729us][CH1-Dispenser] F0 F8
[T+235992729us][CH2-Pc    ] F1
[T+235997729us][CH1-Dispenser] F1 F5
[T+236019729us][CH2-Pc    ] F9
[T+236033729us][CH1-Dispenser] F9 38 29 70
[T+236109729us][CH2-Pc    ] E1
[T+236120736us][CH1-Dispenser] E1 E9
[T+236187729us][CH2-Pc    ] F0
[T+236192729us][CH1-Dispenser] F0 F8
[T+236265861us][CH1-Dispenser] E0
[T+236265729us][CH2-Pc    ] E0
[T+236429869us][CH1-Dispenser] E1
[T+236429729us][CH2-Pc    ] E1
[T+236604729us][CH2-Pc    ] F0
[T+236612729us][CH1-Dispenser] F0 F8
[T+236683729us][CH2-Pc    ] F1
[T+236711729us][CH2-Pc    ] F9
[T+236726729us][CH1-Dispenser] F1 F5 F9 38 79 33
[T+236800729us][CH2-Pc    ] E1
[T+236811293us][CH1-Dispenser] E1 E9
[T+236879729us][CH2-Pc    ] F0
[T+236888293us][CH1-Dispenser] F0 F8
[T+236957863us][CH1-Dispenser] E0
[T+236957729us][CH2-Pc    ] E0
[T+237132730us][CH1-Dispenser] E1
[T+237131730us][CH2-Pc    ] E1
[T+237308729us][CH2-Pc    ] F0
[T+237320326us][CH1-Dispenser] F0 F8
[T+237387729us][CH2-Pc    ] F1
[T+237393758us][CH1-Dispenser] F1 F5
[T+237415729us][CH2-Pc    ] F9
[T+237427769us][CH1-Dispenser] F9 38 79 33
[T+237502729us][CH2-Pc    ] E1
[T+237507729us][CH1-Dispenser] E1 E9
[T+237580729us][CH2-Pc    ] F0
[T+237590737us][CH1-Dispenser] F0 F8
[T+237658869us][CH1-Dispenser] E0
[T+237658731us][CH2-Pc    ] E0
[T+237844861us][CH1-Dispenser] E1
[T+237844729us][CH2-Pc    ] E1
[T+238007729us][CH2-Pc    ] F0
[T+238011729us][CH1-Dispenser] F0 F8
[T+238086729us][CH2-Pc    ] F1
[T+238092758us][CH1-Dispenser] F1 F5
[T+238114733us][CH2-Pc    ] F9
[T+238127729us][CH1-Dispenser] F9 38 79 43
[T+238193729us][CH2-Pc    ] E1
[T+238197729us][CH1-Dispenser] E1 E9
[T+238271729us][CH2-Pc    ] F0
[T+238278729us][CH1-Dispenser] F0 F8
[T+238349859us][CH1-Dispenser] E0
[T+238349729us][CH2-Pc    ] E0
[T+238524862us][CH1-Dispenser] E1
[T+238524729us][CH2-Pc    ] E1
[T+238699729us][CH2-Pc    ] F0
[T+238706729us][CH1-Dispenser] F0 F8
[T+238777729us][CH2-Pc    ] F1
[T+238781733us][CH1-Dispenser] F1 F5
[T+238804733us][CH2-Pc    ] F9
[T+238818729us][CH1-Dispenser] F9 38 39 70
[T+238883732us][CH2-Pc    ] E1
[T+238889758us][CH1-Dispenser] E1 E9
[T+238962729us][CH2-Pc    ] F0
[T+238968757us][CH1-Dispenser] F0 F8
[T+239040862us][CH1-Dispenser] E0
[T+239040729us][CH2-Pc    ] E0
[T+239215862us][CH1-Dispenser] E1
[T+239215730us][CH2-Pc    ] E1
[T+239389754us][CH2-Pc    ] F0
[T+239396729us][CH1-Dispenser] F0 F8
[T+239467729us][CH2-Pc    ] F1
[T+239472729us][CH1-Dispenser] F1 F5
[T+239495737us][CH2-Pc    ] F9
[T+239509729us][CH1-Dispenser] F9 38 39 70
[T+239574729us][CH2-Pc    ] E1
[T+239583729us][CH1-Dispenser] E1 E9
[T+239652729us][CH2-Pc    ] F0
[T+239657729us][CH1-Dispenser] F0 F8
[T+239730862us][CH1-Dispenser] E0
[T+239730729us][CH2-Pc    ] E0
[T+239905864us][CH1-Dispenser] E1
[T+239905731us][CH2-Pc    ] E1
[T+240069729us][CH2-Pc    ] F0
[T+240076729us][CH1-Dispenser] F0 F8
[T+240147729us][CH2-Pc    ] F1
[T+240152730us][CH1-Dispenser] F1 F5
[T+240174729us][CH2-Pc    ] F9
[T+240188729us][CH1-Dispenser] F9 78 79 70
[T+240257729us][CH1-Dispenser] E1 E9
[T+240253729us][CH2-Pc    ] E1
[T+240331729us][CH2-Pc    ] F0
[T+240338729us][CH1-Dispenser] F0 E8
[T+240409861us][CH1-Dispenser] E0
[T+240409729us][CH2-Pc    ] E0
[T+240594861us][CH1-Dispenser] E1
[T+240594729us][CH2-Pc    ] E1
[T+240759729us][CH2-Pc    ] F0
[T+240767729us][CH1-Dispenser] F0 F8
[T+240837729us][CH2-Pc    ] F1
[T+240841729us][CH1-Dispenser] F1 F5
[T+240864729us][CH2-Pc    ] F9
[T+240881729us][CH1-Dispenser] F9 38 39 33
[T+240953730us][CH2-Pc    ] E1
[T+240958729us][CH1-Dispenser] E1 E9
[T+241031732us][CH2-Pc    ] F0
[T+241037761us][CH1-Dispenser] F0 F8
[T+241109861us][CH1-Dispenser] E0
[T+241109729us][CH2-Pc    ] E0
[T+241273861us][CH1-Dispenser] E1
[T+241273729us][CH2-Pc    ] E1
[T+241448729us][CH2-Pc    ] F0
[T+241452730us][CH1-Dispenser] F0 F8
[T+241526729us][CH2-Pc    ] F1
[T+241532758us][CH1-Dispenser] F1 F5
[T+241553729us][CH2-Pc    ] F9
[T+241563736us][CH1-Dispenser] F9 38 39 70
[T+241632729us][CH2-Pc    ] E1
[T+241637729us][CH1-Dispenser] E1 E9
[T+241711729us][CH2-Pc    ] F0
[T+241718729us][CH1-Dispenser] F0 F8
[T+241789862us][CH1-Dispenser] E0
[T+241789731us][CH2-Pc    ] E0
[T+241963864us][CH1-Dispenser] E1
[T+241963729us][CH2-Pc    ] E1
[T+242138729us][CH2-Pc    ] F0
[T+242145729us][CH1-Dispenser] F0 F8
[T+242217729us][CH2-Pc    ] F1
[T+242222729us][CH1-Dispenser] F1 F1
[T+242794729us][CH2-Pc    ] E1
[T+242804330us][CH1-Dispenser] E1 E9
[T+242873729us][CH2-Pc    ] F0
[T+242876729us][CH1-Dispenser] F0 F8
[T+242951860us][CH1-Dispenser] E0
[T+242951730us][CH2-Pc    ] E0
[T+243126866us][CH1-Dispenser] E1
[T+243126731us][CH2-Pc    ] E1
[T+243292729us][CH2-Pc    ] F0
[T+243296729us][CH1-Dispenser] F0 F8
[T+243370799us][CH2-Pc    ] F1
[T+243377729us][CH1-Dispenser] F1 F9
[T+243949729us][CH2-Pc    ] E1
[T+243954730us][CH1-Dispenser] E1 E9
[T+244031729us][CH1-Dispenser] F0 F8
[T+244027729us][CH2-Pc    ] F0
[T+244105867us][CH1-Dispenser] E0
[T+244105732us][CH2-Pc    ] E0
[T+244280864us][CH1-Dispenser] E1
[T+244280730us][CH2-Pc    ] E1
[T+244447729us][CH2-Pc    ] F0
[T+244451729us][CH1-Dispenser] F0 F8
[T+244525729us][CH2-Pc    ] F1
[T+244552729us][CH2-Pc    ] E9
[T+244603729us][CH1-Dispenser] F1 F9 E9 3F FE 9E 38 B8 70 3D 79 70 F0 38 28 2F 78 68 71 29 FF
[T+244625863us][CH1-Dispenser] FD
[T+244625730us][CH2-Pc    ] FD
[T+244757754us][CH1-Dispenser] BF 70 74 F8 31 29 3D 3A A9 31 0B 7C 79 F0 70 38 6D BB AE 28 77 79 6F 31 73 85 39 71 78 33 8B 38 B8 72 72 85 39 74 EF 2F 78 69 B5 CE 3C B9 33 8B 38 F8 39 FF
[T+244825729us][CH2-Pc    ] E1
[T+244833729us][CH1-Dispenser] E1 E9
[T+244903729us][CH2-Pc    ] F0
[T+244907729us][CH1-Dispenser] F0 F8
[T+244981861us][CH1-Dispenser] E0
[T+244981729us][CH2-Pc    ] E0
[T+245156862us][CH1-Dispenser] E1
[T+245156729us][CH2-Pc    ] E1
[T+245320729us][CH2-Pc    ] F0
[T+245327729us][CH1-Dispenser] F0 F8
[T+245398729us][CH2-Pc    ] F1
[T+245403729us][CH1-Dispenser] F1 F9
[T+245426729us][CH2-Pc    ] FD
[T+245555729us][CH1-Dispenser] FD AF 71 ED F8 74 A9 7A 3A 29 F4 83 3C 39 70 8B 38 B8 33 F7 9E 6A B8 B9 B3 83 38 70 87 3C 38 33 83 38 B8 35 F7 ED 39 31 87 2F 38 E9 72 70 8F 39 70 83 38 78 39 FF
[T+245636729us][CH2-Pc    ] E1
[T+245643729us][CH1-Dispenser] E1 E9
[T+245714729us][CH2-Pc    ] F0
[T+245723736us][CH1-Dispenser] F0 F8
[T+245793863us][CH1-Dispenser] E0
[T+245793731us][CH2-Pc    ] E0
[T+245967865us][CH1-Dispenser] E1
[T+245967731us][CH2-Pc    ] E1
[T+246131729us][CH2-Pc    ] F0
[T+246138729us][CH1-Dispenser] F0 F8
[T+246209729us][CH2-Pc    ] F1
[T+246218736us][CH1-Dispenser] F1 F9
[T+246288729us][CH2-Pc    ] E1
[T+246293729us][CH1-Dispenser] E1 E9
[T+246366729us][CH2-Pc    ] F0
[T+246372762us][CH1-Dispenser] F0 F8
[T+246444860us][CH1-Dispenser] E0
[T+246444729us][CH2-Pc    ] E0
[T+246619865us][CH1-Dispenser] E1
[T+246619731us][CH2-Pc    ] E1
[T+246793729us][CH2-Pc    ] F0
[T+246798729us][CH1-Dispenser] F0 F8
[T+246872729us][CH2-Pc    ] F1
[T+246877730us][CH1-Dispenser] F1 F9
[T+246950729us][CH2-Pc    ] E1
[T+246958736us][CH1-Dispenser] E1 E9
[T+247031729us][CH2-Pc    ] F0
[T+247037758us][CH1-Dispenser] F0 F8
[T+247109861us][CH1-Dispenser] E0
[T+247109729us][CH2-Pc    ] E0
[T+247274861us][CH1-Dispenser] E1
[T+247274730us][CH2-Pc    ] E1
[T+247450729us][CH2-Pc    ] F0
[T+247457729us][CH1-Dispenser] F0 F8
[T+247528736us][CH2-Pc    ] F1
[T+247533729us][CH1-Dispenser] F1 F9
[T+247624730us][CH2-Pc    ] E1
[T+247628730us][CH1-Dispenser] E1 E9
[T+247702729us][CH2-Pc    ] F0
[T+247709729us][CH1-Dispenser] F0 F8
[T+247781860us][CH1-Dispenser] E0
[T+247781729us][CH2-Pc    ] E0
[T+247963863us][CH1-Dispenser] E1
[T+247963731us][CH2-Pc    ] E1
[T+248142730us][CH1-Dispenser] F0 F8
[T+248138729us][CH2-Pc    ] F0
[T+248216729us][CH2-Pc    ] F1
[T+248223729us][CH1-Dispenser] F1 E9
[T+248294729us][CH2-Pc    ] E1
[T+248305332us][CH1-Dispenser] E1 E9
[T+248372730us][CH2-Pc    ] F0
[T+248378758us][CH1-Dispenser] F0 F8
[T+248451861us][CH1-Dispenser] E0
[T+248451729us][CH2-Pc    ] E0
[T+248625861us][CH1-Dispenser] E1
[T+248625730us][CH2-Pc    ] E1
[T+248789729us][CH2-Pc    ] F0
[T+248798729us][CH1-Dispenser] F0 F8
[T+248868729us][CH2-Pc    ] F1
[T+248872732us][CH1-Dispenser] F1 F9
[T+248936729us][CH2-Pc    ] E1
[T+248944334us][CH1-Dispenser] E1 E9
[T+249014729us][CH2-Pc    ] F0
[T+249023729us][CH1-Dispenser] F0 F8
[T+249095860us][CH1-Dispenser] E0
[T+249095729us][CH2-Pc    ] E0
[T+249289863us][CH1-Dispenser] E1
[T+249289730us][CH2-Pc    ] E1
[T+249464730us][CH2-Pc    ] F0
[T+249468729us][CH1-Dispenser] F0 F8
[T+249541729us][CH2-Pc    ] F1
[T+249547757us][CH1-Dispenser] F1 F9
[T+249620850us][CH2-Pc    ] E1
[T+249628729us][CH1-Dispenser] E1 E9
[T+249698729us][CH2-Pc    ] F0
[T+249704758us][CH1-Dispenser] F0 F8
[T+249776861us][CH1-Dispenser] E0
[T+249776729us][CH2-Pc    ] E0
[T+249951863us][CH1-Dispenser] E1
[T+249951729us][CH2-Pc    ] E1
[T+250125756us][CH2-Pc    ] F0
[T+250133729us][CH1-Dispenser] F0 F8
[T+250204729us][CH2-Pc    ] F1
[T+250207729us][CH1-Dispenser] F1 F9
[T+250271729us][CH2-Pc    ] E1
[T+250280736us][CH1-Dispenser] E1 E9
[T+250349730us][CH2-Pc    ] F0
[T+250352731us][CH1-Dispenser] F0 F8
[T+250417861us][CH1-Dispenser] E0
[T+250417731us][CH2-Pc    ] E0
[T+250591862us][CH1-Dispenser] E1
[T+250591731us][CH2-Pc    ] E1
[T+250757729us][CH2-Pc    ] F0
[T+250762730us][CH1-Dispenser] F0 F8
[T+250835729us][CH2-Pc    ] F1
[T+250843729us][CH1-Dispenser] F1 F9
[T+250913729us][CH2-Pc    ] E1
[T+250918730us][CH1-Dispenser] E1 E9
[T+250992729us][CH2-Pc    ] F0
[T+250999729us][CH1-Dispenser] F0 F8
[T+251070867us][CH1-Dispenser] E0
[T+251070732us][CH2-Pc    ] E0
[T+251245864us][CH1-Dispenser] E1
[T+251245729us][CH2-Pc    ] E1
[T+251419753us][CH2-Pc    ] F0
[T+251427729us][CH1-Dispenser] F0 F8
[T+251497729us][CH2-Pc    ] F1
[T+251502729us][CH1-Dispenser] F1 F9
[T+251576729us][CH2-Pc    ] E1
[T+251583729us][CH1-Dispenser] E1 E9
[T+251654729us][CH2-Pc    ] F0
[T+251659729us][CH1-Dispenser] F0 F8
[T+251732861us][CH1-Dispenser] E0
[T+251732729us][CH2-Pc    ] E0
[T+251907864us][CH1-Dispenser] E1
[T+251907731us][CH2-Pc    ] E1
[T+252071729us][CH2-Pc    ] F0
[T+252079729us][CH1-Dispenser] F0 F8
[T+252149729us][CH2-Pc    ] F1
[T+252153729us][CH1-Dispenser] F1 F9
[T+252227729us][CH2-Pc    ] E1
[T+252235327us][CH1-Dispenser] E1 E9
[T+252305729us][CH2-Pc    ] F0
[T+252315729us][CH1-Dispenser] F0 F8
[T+252383862us][CH1-Dispenser] E0
[T+252383729us][CH2-Pc    ] E0
[T+252558863us][CH1-Dispenser] E1
[T+252558731us][CH2-Pc    ] E1
[T+252733729us][CH2-Pc    ] F0
[T+252737730us][CH1-Dispenser] F0 F8
[T+252811729us][CH2-Pc    ] F1
[T+252820729us][CH1-Dispenser] F1 F9
[T+252889729us][CH2-Pc    ] E1
[T+252893729us][CH1-Dispenser] E1 E9
[T+252967729us][CH2-Pc    ] F0
[T+252976739us][CH1-Dispenser] F0 F8
[T+253045861us][CH1-Dispenser] E0
[T+253045729us][CH2-Pc    ] E0
[T+253209862us][CH1-Dispenser] E1
[T+253209731us][CH2-Pc    ] E1
[T+253384729us][CH2-Pc    ] F0
[T+253387730us][CH1-Dispenser] F0 F8
[T+253452729us][CH2-Pc    ] F1
[T+253460328us][CH1-Dispenser] F1 F9
[T+253530729us][CH2-Pc    ] E1
[T+253533729us][CH1-Dispenser] E1 E9
[T+253597729us][CH2-Pc    ] F0
[T+253603758us][CH1-Dispenser] F0 F8
[T+253675860us][CH1-Dispenser] E0
[T+253675730us][CH2-Pc    ] E0
[T+253850861us][CH1-Dispenser] E1
[T+253850729us][CH2-Pc    ] E1
[T+254025729us][CH2-Pc    ] F0
[T+254032729us][CH1-Dispenser] F0 F8
[T+254103729us][CH2-Pc    ] F1
[T+254108729us][CH1-Dispenser] F1 F9
[T+254181729us][CH2-Pc    ] E1
[T+254189729us][CH1-Dispenser] E1 E9
[T+254259729us][CH2-Pc    ] F0
[T+254264729us][CH1-Dispenser] F0 F8
[T+254337860us][CH1-Dispenser] E0
[T+254337729us][CH2-Pc    ] E0
[T+254512860us][CH1-Dispenser] E1
[T+254512730us][CH2-Pc    ] E1
[T+254687729us][CH2-Pc    ] F0
[T+254692730us][CH1-Dispenser] F0 F8
[T+254765729us][CH2-Pc    ] F1
[T+254773729us][CH1-Dispenser] F1 F9
[T+254843729us][CH2-Pc    ] E1
[T+254850729us][CH1-Dispenser] E1 E9
[T+254921729us][CH2-Pc    ] F0
[T+254931736us][CH1-Dispenser] F0 F8
[T+254999862us][CH1-Dispenser] E0
[T+254999729us][CH2-Pc    ] E0
[T+255164865us][CH1-Dispenser] E1
[T+255164729us][CH2-Pc    ] E1
[T+255338729us][CH2-Pc    ] F0
[T+255342729us][CH1-Dispenser] F0 F8
[T+255416729us][CH2-Pc    ] F1
[T+255424323us][CH1-Dispenser] F1 F9
[T+255498729us][CH2-Pc    ] E1
[T+255504758us][CH1-Dispenser] E1 E9
[T+255576758us][CH2-Pc    ] F0
[T+255584334us][CH1-Dispenser] F0 F8
[T+255655862us][CH1-Dispenser] E0
[T+255655730us][CH2-Pc    ] E0
[T+255819862us][CH1-Dispenser] E1
[T+255819729us][CH2-Pc    ] E1
[T+255993730us][CH2-Pc    ] F0
[T+255998729us][CH1-Dispenser] F0 F8
[T+256072729us][CH2-Pc    ] F1
[T+256079729us][CH1-Dispenser] F1 F9
[T+256150729us][CH2-Pc    ] E1
[T+256158729us][CH1-Dispenser] E1 E9
[T+256228729us][CH2-Pc    ] F0
[T+256234758us][CH1-Dispenser] F0 F8
[T+256306862us][CH1-Dispenser] E0
[T+256306731us][CH2-Pc    ] E0
[T+256481864us][CH1-Dispenser] E1
[T+256481731us][CH2-Pc    ] E1
[T+256656729us][CH2-Pc    ] F0
[T+256663729us][CH1-Dispenser] F0 F8
[T+256734729us][CH2-Pc    ] F1
[T+256739729us][CH1-Dispenser] F1 F9
[T+256812729us][CH2-Pc    ] E1
[T+256821729us][CH1-Dispenser] E1 E9
[T+256893729us][CH1-Dispenser] F0 F8
[T+256890729us][CH2-Pc    ] F0
[T+256957861us][CH1-Dispenser] E0
[T+256957730us][CH2-Pc    ] E0
[T+257132859us][CH1-Dispenser] E1
[T+257132729us][CH2-Pc    ] E1
[T+257307729us][CH2-Pc    ] F0
[T+257314729us][CH1-Dispenser] F0 E8
[T+257385729us][CH2-Pc    ] F1
[T+257393729us][CH1-Dispenser] F1 F9
[T+257463729us][CH2-Pc    ] E1
[T+257468729us][CH1-Dispenser] E1 E9
[T+257541729us][CH2-Pc    ] F0
[T+257549736us][CH1-Dispenser] F0 F8
[T+257621013us][CH1-Dispenser] E0
[T+257620876us][CH2-Pc    ] E0
[T+257795862us][CH1-Dispenser] E1
[T+257795729us][CH2-Pc    ] E1
[T+257959729us][CH2-Pc    ] F0
[T+257962729us][CH1-Dispenser] F0 F8
[T+258027729us][CH2-Pc    ] F1
[T+258036853us][CH1-Dispenser] F1 F9
[T+258105729us][CH2-Pc    ] E1
[T+258110807us][CH1-Dispenser] E1 E9
[T+258183832us][CH2-Pc    ] F0
[T+258189757us][CH1-Dispenser] F0 F8
[T+258261861us][CH1-Dispenser] E0
[T+258261729us][CH2-Pc    ] E0
[T+258436861us][CH1-Dispenser] E1
[T+258436729us][CH2-Pc    ] E1
[T+258600729us][CH2-Pc    ] F0
[T+258607729us][CH1-Dispenser] F0 F8
[T+258678729us][CH2-Pc    ] F1
[T+258683729us][CH1-Dispenser] F1 F9
[T+258756729us][CH2-Pc    ] E1
[T+258764729us][CH1-Dispenser] E1 E9
[T+258835004us][CH2-Pc    ] F0
[T+258837738us][CH1-Dispenser] F0 F8
[T+258902862us][CH1-Dispenser] E0
[T+258902729us][CH2-Pc    ] E0
[T+259077862us][CH1-Dispenser] E1
[T+259077729us][CH2-Pc    ] E1
[T+259241729us][CH2-Pc    ] F0
[T+259249736us][CH1-Dispenser] F0 F8
[T+259323729us][CH1-Dispenser] F1 E9
[T+259319729us][CH2-Pc    ] F1
[T+259397729us][CH2-Pc    ] E1
[T+259403757us][CH1-Dispenser] E1 E9
[T+259475754us][CH2-Pc    ] F0
[T+259485367us][CH1-Dispenser] F0 F8
[T+259553864us][CH1-Dispenser] E0
[T+259553729us][CH2-Pc    ] E0
[T+259728861us][CH1-Dispenser] E1
[T+259728731us][CH2-Pc    ] E1
[T+259903729us][CH2-Pc    ] F0
[T+259908729us][CH1-Dispenser] F0 F8
[T+259981729us][CH2-Pc    ] F1
[T+259987757us][CH1-Dispenser] F1 F9
[T+260059729us][CH2-Pc    ] E1
[T+260063729us][CH1-Dispenser] E1 E9
[T+260137729us][CH2-Pc    ] F0
[T+260144729us][CH1-Dispenser] F0 F8
[T+260215861us][CH1-Dispenser] E0
[T+260215729us][CH2-Pc    ] E0
[T+260405862us][CH1-Dispenser] E1
[T+260405730us][CH2-Pc    ] E1
[T+260569729us][CH2-Pc    ] F0
[T+260578736us][CH1-Dispenser] F0 F8
[T+260647854us][CH2-Pc    ] F1
[T+260652729us][CH1-Dispenser] F1 F9
[T+260725729us][CH2-Pc    ] E1
[T+260730729us][CH1-Dispenser] E1 E9
[T+260803729us][CH2-Pc    ] F0
[T+260809757us][CH1-Dispenser] F0 F8
[T+260881860us][CH1-Dispenser] E0
[T+260881729us][CH2-Pc    ] E0
[T+261056862us][CH1-Dispenser] E1
[T+261056730us][CH2-Pc    ] E1
[T+261231729us][CH2-Pc    ] F0
[T+261241372us][CH1-Dispenser] F0 F8
[T+261309729us][CH2-Pc    ] F1
[T+261314729us][CH1-Dispenser] F1 F9
[T+261387729us][CH2-Pc    ] E1
[T+261395345us][CH1-Dispenser] E1 E9
[T+261468729us][CH1-Dispenser] F0 F8
[T+261465729us][CH2-Pc    ] F0
[T+261533862us][CH1-Dispenser] E0
[T+261533729us][CH2-Pc    ] E0
[T+261712861us][CH1-Dispenser] E1
[T+261712729us][CH2-Pc    ] E1
[T+261888729us][CH2-Pc    ] F0
[T+261894757us][CH1-Dispenser] F0 F8
[T+261966754us][CH2-Pc    ] F1
[T+261973729us][CH1-Dispenser] F1 F9
[T+262044729us][CH2-Pc    ] E1
[T+262050758us][CH1-Dispenser] E1 E9
[T+262123729us][CH2-Pc    ] F0
[T+262131729us][CH1-Dispenser] F0 F8
[T+262200860us][CH1-Dispenser] E0
[T+262200730us][CH2-Pc    ] E0
[T+262376863us][CH1-Dispenser] E1
[T+262376729us][CH2-Pc    ] E1
[T+262553729us][CH2-Pc    ] F0
[T+262559758us][CH1-Dispenser] F0 F8
[T+262631754us][CH2-Pc    ] F1
[T+262640731us][CH1-Dispenser] F1 F9
[T+262709729us][CH2-Pc    ] E1
[T+262715758us][CH1-Dispenser] E1 E9
[T+262787753us][CH2-Pc    ] F0
[T+262794729us][CH1-Dispenser] F0 F8
[T+262866860us][CH1-Dispenser] E0
[T+262866729us][CH2-Pc    ] E0
[T+263041862us][CH1-Dispenser] E1
[T+263041729us][CH2-Pc    ] E1
[T+263216729us][CH2-Pc    ] F0
[T+263225729us][CH1-Dispenser] F0 F8
[T+263294729us][CH2-Pc    ] F1
[T+263299729us][CH1-Dispenser] F1 F9
[T+263372729us][CH2-Pc    ] E1
[T+263380729us][CH1-Dispenser] E1 E9
[T+263450729us][CH2-Pc    ] F0
[T+263460376us][CH1-Dispenser] F0 F8
[T+263529863us][CH1-Dispenser] E0
[T+263529729us][CH2-Pc    ] E0
[T+263703862us][CH1-Dispenser] E1
[T+263703730us][CH2-Pc    ] E1
[T+263867729us][CH2-Pc    ] F0
[T+263874729us][CH1-Dispenser] F0 F8
[T+263945729us][CH2-Pc    ] F1
[T+263953736us][CH1-Dispenser] F1 F9
[T+264024729us][CH2-Pc    ] E1
[T+264029729us][CH1-Dispenser] E1 E9
[T+264102729us][CH2-Pc    ] F0
[T+264110729us][CH1-Dispenser] F0 F8
[T+264184861us][CH1-Dispenser] E0
[T+264184731us][CH2-Pc    ] E0
[T+264359862us][CH1-Dispenser] E1
[T+264359732us][CH2-Pc    ] E1
[T+264523729us][CH2-Pc    ] F0
[T+264528729us][CH1-Dispenser] F0 F8
[T+264601729us][CH2-Pc    ] F1
[T+264607757us][CH1-Dispenser] F1 F9
[T+264679753us][CH2-Pc    ] E1
[T+264686045us][CH1-Dispenser] E1 E9
[T+264757754us][CH2-Pc    ] F0
[T+264764729us][CH1-Dispenser] F0 F8
[T+264835861us][CH1-Dispenser] E0
[T+264835730us][CH2-Pc    ] E0
[T+265010863us][CH1-Dispenser] E1
[T+265010729us][CH2-Pc    ] E1
[T+265185730us][CH2-Pc    ] F0
[T+265189730us][CH1-Dispenser] F0 F8
[T+265263729us][CH2-Pc    ] F1
[T+265269758us][CH1-Dispenser] F1 F9
[T+265341754us][CH2-Pc    ] E1
[T+265353770us][CH1-Dispenser] E1 E9
[T+265423729us][CH1-Dispenser] F0 F8
[T+265419729us][CH2-Pc    ] F0
[T+265497860us][CH1-Dispenser] E0
[T+265497729us][CH2-Pc    ] E0
[T+265672861us][CH1-Dispenser] E1
[T+265672729us][CH2-Pc    ] E1
[T+265836729us][CH2-Pc    ] F0
[T+265843729us][CH1-Dispenser] F0 F8
[T+265914745us][CH2-Pc    ] F1
[T+265920206us][CH1-Dispenser] F1 F9
[T+265992729us][CH2-Pc    ] E1
[T+266001337us][CH1-Dispenser] E1 E9
[T+266070729us][CH2-Pc    ] F0
[T+266076758us][CH1-Dispenser] F0 E8
[T+266149860us][CH1-Dispenser] E0
[T+266149730us][CH2-Pc    ] E0
[T+266323894us][CH1-Dispenser] E1
[T+266323729us][CH2-Pc    ] E1
[T+266499729us][CH2-Pc    ] F0
[T+266503729us][CH1-Dispenser] F0 F8
[T+266577729us][CH2-Pc    ] F1
[T+266584729us][CH1-Dispenser] F1 F9
[T+266656755us][CH2-Pc    ] E1
[T+266665729us][CH1-Dispenser] E1 E9
[T+266734730us][CH2-Pc    ] F0
[T+266739729us][CH1-Dispenser] F0 F8
[T+266812863us][CH1-Dispenser] E0
[T+266812729us][CH2-Pc    ] E0
[T+266976863us][CH1-Dispenser] E1
[T+266976729us][CH2-Pc    ] E1
[T+267150753us][CH2-Pc    ] F0
[T+267161736us][CH1-Dispenser] F0 F8
[T+267229729us][CH2-Pc    ] F1
[T+267233729us][CH1-Dispenser] F1 F9
[T+267307729us][CH2-Pc    ] E1
[T+267315322us][CH1-Dispenser] E1 E9
[T+267389730us][CH1-Dispenser] F0 F8
[T+267385729us][CH2-Pc    ] F0
[T+267463862us][CH1-Dispenser] E0
[T+267463729us][CH2-Pc    ] E0
[T+267638862us][CH1-Dispenser] E1
[T+267638729us][CH2-Pc    ] E1
[T+267813729us][CH2-Pc    ] F0
[T+267818729us][CH1-Dispenser] F0 F8
[T+267891729us][CH2-Pc    ] F1
[T+267900363us][CH1-Dispenser] F1 F9
[T+267969729us][CH2-Pc    ] E1
[T+267975758us][CH1-Dispenser] E1 E9
[T+268052729us][CH2-Pc    ] F0
[T+268059729us][CH1-Dispenser] F0 F8
[T+268130861us][CH1-Dispenser] E0
[T+268130729us][CH2-Pc    ] E0
[T+268305862us][CH1-Dispenser] E1
[T+268305729us][CH2-Pc    ] E1
[T+268480730us][CH2-Pc    ] F0
[T+268483729us][CH1-Dispenser] F0 F8
[T+268558729us][CH2-Pc    ] F1
[T+268564757us][CH1-Dispenser] F1 F9
[T+268636754us][CH2-Pc    ] E1
[T+268647890us][CH1-Dispenser] E1 E9
[T+268714729us][CH2-Pc    ] F0
[T+268719729us][CH1-Dispenser] F0 F8
[T+268792863us][CH1-Dispenser] E0
[T+268792731us][CH2-Pc    ] E0
[T+268967863us][CH1-Dispenser] E1
[T+268967729us][CH2-Pc    ] E1