connected
[T+5256499525us][CH1-Dispenser] F0 F8
[T+5256572172us][CH2-Pc    ] F1
[T+5256580824us][CH1-Dispenser] F1 F9
[T+5256650172us][CH2-Pc    ] E1
[T+5256655172us][CH1-Dispenser] E1 E9
[T+5256728172us][CH2-Pc    ] F0
[T+5256736172us][CH1-Dispenser] F0 F8
[T+5256806304us][CH1-Dispenser] E0
[T+5256806173us][CH2-Pc    ] E0
[T+5256981310us][CH1-Dispenser] E1
[T+5256981174us][CH2-Pc    ] E1
[T+5257155172us][CH2-Pc    ] F0
[T+5257160172us][CH1-Dispenser] F0 F8
[T+5257233172us][CH2-Pc    ] F1
[T+5257241172us][CH1-Dispenser] F1 F9
[T+5257312172us][CH2-Pc    ] E1
[T+5257317172us][CH1-Dispenser] E1 E9
[T+5257385174us][CH2-Pc    ] F0
[T+5257392172us][CH1-Dispenser] F0 F8
[T+5257463305us][CH1-Dispenser] E0
[T+5257463173us][CH2-Pc    ] E0
[T+5257638307us][CH1-Dispenser] E1
[T+5257638173us][CH2-Pc    ] E1
[T+5257813172us][CH2-Pc    ] F0
[T+5257820172us][CH1-Dispenser] F0 F8
[T+5257891172us][CH2-Pc    ] F1
[T+5257895388us][CH1-Dispenser] F1 F9
[T+5257969172us][CH2-Pc    ] E1
[T+5257976796us][CH1-Dispenser] E1 E9
[T+5258047172us][CH2-Pc    ] F0
[T+5258052172us][CH1-Dispenser] F0 F8
[T+5258125310us][CH1-Dispenser] E0
[T+5258125175us][CH2-Pc    ] E0
[T+5258300305us][CH1-Dispenser] E1
[T+5258300173us][CH2-Pc    ] E1
[T+5258464172us][CH2-Pc    ] F0
[T+5258470200us][CH1-Dispenser] F0 FE
[T+5258542197us][CH2-Pc    ] F1
[T+5258551172us][CH1-Dispenser] F1 F9
[T+5258620172us][CH2-Pc    ] E1
[T+5258626201us][CH1-Dispenser] E1 E9
[T+5258698197us][CH2-Pc    ] F0
[T+5258706781us][CH1-Dispenser] F0 F8
[T+5258776304us][CH1-Dispenser] E0
[T+5258776173us][CH2-Pc    ] E0
[T+5258951308us][CH1-Dispenser] E1
[T+5258951173us][CH2-Pc    ] E1
[T+5259126172us][CH2-Pc    ] F0
[T+5259130172us][CH1-Dispenser] F0 F8
[T+5259194172us][CH2-Pc    ] F1
[T+5259200200us][CH1-Dispenser] F1 F9
[T+5259271179us][CH2-Pc    ] E1
[T+5259277200us][CH1-Dispenser] E1 E9
[T+5259350172us][CH2-Pc    ] F0
[T+5259356200us][CH1-Dispenser] F0 F8
[T+5259428304us][CH1-Dispenser] E0
[T+5259428173us][CH2-Pc    ] E0
[T+5259603307us][CH1-Dispenser] E1
[T+5259603174us][CH2-Pc    ] E1
[T+5259777197us][CH2-Pc    ] F0
[T+5259786179us][CH1-Dispenser] F0 F8
[T+5259859172us][CH1-Dispenser] F1 F9
[T+5259856172us][CH2-Pc    ] F1
[T+5259924172us][CH2-Pc    ] E1
[T+5259931172us][CH1-Dispenser] E1 E9
[T+5260002172us][CH2-Pc    ] F0
[T+5260007172us][CH1-Dispenser] F0 F8
[T+5260080304us][CH1-Dispenser] E0
[T+5260080173us][CH2-Pc    ] E0
[T+5260244304us][CH1-Dispenser] E1
[T+5260244173us][CH2-Pc    ] E1
[T+5260420172us][CH2-Pc    ] F0
[T+5260425172us][CH1-Dispenser] F0 F8
[T+5260498242us][CH2-Pc    ] F1
[T+5260506779us][CH1-Dispenser] F1 F9
[T+5260576172us][CH2-Pc    ] E1
[T+5260583818us][CH1-Dispenser] E1 E9
[T+5260657172us][CH2-Pc    ] F0
[T+5260662172us][CH1-Dispenser] F0 F8
[T+5260735305us][CH1-Dispenser] E0
[T+5260735173us][CH2-Pc    ] E0
[T+5260909305us][CH1-Dispenser] E1
[T+5260909173us][CH2-Pc    ] E1
[T+5261079173us][CH1-Dispenser] F0 F8
[T+5261075172us][CH2-Pc    ] F0
[T+5261152172us][CH2-Pc    ] F1
[T+5261160179us][CH1-Dispenser] F1 F9
[T+5261230172us][CH2-Pc    ] E1
[T+5261236200us][CH1-Dispenser] E1 E9
[T+5261309172us][CH2-Pc    ] F0
[T+5261317172us][CH1-Dispenser] F0 E8
[T+5261387306us][CH1-Dispenser] E0
[T+5261387174us][CH2-Pc    ] E0
[T+5261562306us][CH1-Dispenser] E1
[T+5261562173us][CH2-Pc    ] E1
[T+5261736172us][CH2-Pc    ] F0
[T+5261741172us][CH1-Dispenser] F0 F8
[T+5261815172us][CH2-Pc    ] F1
[T+5261822172us][CH1-Dispenser] F1 F9
[T+5261893173us][CH2-Pc    ] E1
[T+5261897172us][CH1-Dispenser] E1 E9
[T+5261971172us][CH2-Pc    ] F0
[T+5261976172us][CH1-Dispenser] F0 F8
[T+5262049306us][CH1-Dispenser] E0
[T+5262049173us][CH2-Pc    ] E0
[T+5262213305us][CH1-Dispenser] E1
[T+5262213173us][CH2-Pc    ] E1
[T+5262387173us][CH2-Pc    ] F0
[T+5262391174us][CH1-Dispenser] F0 F8
[T+5262465172us][CH2-Pc    ] F1
[T+5262470172us][CH1-Dispenser] F1 E9
[T+5262543172us][CH2-Pc    ] E1
[T+5262551824us][CH1-Dispenser] E1 E9
[T+5262621188us][CH2-Pc    ] F0
[T+5262627173us][CH1-Dispenser] F0 F8
[T+5262699305us][CH1-Dispenser] E0
[T+5262699174us][CH2-Pc    ] E0
[T+5262874308us][CH1-Dispenser] E1
[T+5262874173us][CH2-Pc    ] E1
[T+5263049172us][CH2-Pc    ] F0
[T+5263056172us][CH1-Dispenser] F0 F8
[T+5263127172us][CH2-Pc    ] F1
[T+5263135172us][CH1-Dispenser] F1 F9
[T+5263205172us][CH2-Pc    ] E1
[T+5263211202us][CH1-Dispenser] E1 E9
[T+5263283196us][CH2-Pc    ] F0
[T+5263291179us][CH1-Dispenser] F0 F8
[T+5263361305us][CH1-Dispenser] E0
[T+5263361173us][CH2-Pc    ] E0
[T+5263525305us][CH1-Dispenser] E1
[T+5263525173us][CH2-Pc    ] E1
[T+5263700172us][CH2-Pc    ] F0
[T+5263705174us][CH1-Dispenser] F0 F8
[T+5263778172us][CH2-Pc    ] F1
[T+5263786172us][CH1-Dispenser] F1 F9
[T+5263856172us][CH2-Pc    ] E1
[T+5263861172us][CH1-Dispenser] E1 E9
[T+5263934172us][CH2-Pc    ] F0
[T+5263942172us][CH1-Dispenser] F0 F8
[T+5264013304us][CH1-Dispenser] E0
[T+5264013173us][CH2-Pc    ] E0
[T+5264188307us][CH1-Dispenser] E1
[T+5264188174us][CH2-Pc    ] E1
[T+5264355172us][CH2-Pc    ] F0
[T+5264360173us][CH1-Dispenser] F0 F8
[T+5264433172us][CH2-Pc    ] F1
[T+5264442179us][CH1-Dispenser] F1 F9
[T+5264511172us][CH2-Pc    ] E1
[T+5264517202us][CH1-Dispenser] E1 E9
[T+5264590172us][CH2-Pc    ] F0
[T+5264596200us][CH1-Dispenser] F0 F8
[T+5264668307us][CH1-Dispenser] E0
[T+5264668174us][CH2-Pc    ] E0
[T+5264843307us][CH1-Dispenser] E1
[T+5264843174us][CH2-Pc    ] E1
[T+5265018172us][CH2-Pc    ] F0
[T+5265027807us][CH1-Dispenser] F0 F8
[T+5265096172us][CH2-Pc    ] F1
[T+5265101172us][CH1-Dispenser] F1 F9
[T+5265174172us][CH2-Pc    ] E1
[T+5265182181us][CH1-Dispenser] E1 E9
[T+5265252172us][CH2-Pc    ] F0
[T+5265257172us][CH1-Dispenser] F0 F8
[T+5265330304us][CH1-Dispenser] E0
[T+5265330173us][CH2-Pc    ] E0
[T+5265494308us][CH1-Dispenser] E1
[T+5265494174us][CH2-Pc    ] E1
[T+5265670172us][CH2-Pc    ] F0
[T+5265678172us][CH1-Dispenser] F0 E8
[T+5265748295us][CH2-Pc    ] F1
[T+5265757179us][CH1-Dispenser] F1 F9
[T+5265826172us][CH2-Pc    ] E1
[T+5265832201us][CH1-Dispenser] E1 E9
[T+5265904197us][CH2-Pc    ] F0
[T+5265913172us][CH1-Dispenser] F0 F8
[T+5265982305us][CH1-Dispenser] E0
[T+5265982173us][CH2-Pc    ] E0
[T+5266157307us][CH1-Dispenser] E1
[T+5266157173us][CH2-Pc    ] E1
[T+5266325197us][CH2-Pc    ] F0
[T+5266333172us][CH1-Dispenser] F0 F8
[T+5266403172us][CH2-Pc    ] F1
[T+5266411172us][CH1-Dispenser] F1 F9
[T+5266481172us][CH2-Pc    ] E1
[T+5266486172us][CH1-Dispenser] E1 E9
[T+5266560172us][CH2-Pc    ] F0
[T+5266565172us][CH1-Dispenser] F0 F8
[T+5266639305us][CH1-Dispenser] E0
[T+5266639173us][CH2-Pc    ] E0
[T+5266813313us][CH1-Dispenser] E1
[T+5266813174us][CH2-Pc    ] E1
[T+5266977172us][CH2-Pc    ] F0
[T+5266986172us][CH1-Dispenser] F0 F8
[T+5267068172us][CH2-Pc    ] F1
[T+5267078179us][CH1-Dispenser] F1 F9
[T+5267146172us][CH2-Pc    ] E1
[T+5267153172us][CH1-Dispenser] E1 E9
[T+5267224172us][CH2-Pc    ] F0
[T+5267234812us][CH1-Dispenser] F0 F8
[T+5267303305us][CH1-Dispenser] E0
[T+5267303173us][CH2-Pc    ] E0
[T+5267477308us][CH1-Dispenser] E1
[T+5267477174us][CH2-Pc    ] E1
[T+5267652172us][CH2-Pc    ] F0
[T+5267660172us][CH1-Dispenser] F0 F8
[T+5267730172us][CH2-Pc    ] F1
[T+5267735172us][CH1-Dispenser] F1 F9
[T+5267809172us][CH2-Pc    ] E1
[T+5267818172us][CH1-Dispenser] E1 E9
[T+5267887172us][CH2-Pc    ] F0
[T+5267891172us][CH1-Dispenser] F0 F8
[T+5267965308us][CH1-Dispenser] E0
[T+5267965174us][CH2-Pc    ] E0
[T+5268140313us][CH1-Dispenser] E1
[T+5268140175us][CH2-Pc    ] E1
[T+5268326172us][CH2-Pc    ] F0
[T+5268330173us][CH1-Dispenser] F0 F8
[T+5268404172us][CH2-Pc    ] F1
[T+5268413282us][CH1-Dispenser] F1 F9
[T+5268482172us][CH2-Pc    ] E1
[T+5268488200us][CH1-Dispenser] E1 E9
[T+5268561172us][CH2-Pc    ] F0
[T+5268567200us][CH1-Dispenser] F0 F8
[T+5268642304us][CH1-Dispenser] E0
[T+5268642173us][CH2-Pc    ] E0
[T+5268806173us][CH1-Dispenser] E1
[T+5268805172us][CH2-Pc    ] E1
[T+5268980197us][CH2-Pc    ] F0
[T+5268986201us][CH1-Dispenser] F0 F8
[T+5269058197us][CH2-Pc    ] F1
[T+5269067172us][CH1-Dispenser] F1 F9
[T+5269137172us][CH2-Pc    ] E1
[T+5269142172us][CH1-Dispenser] E1 E9
[T+5269215172us][CH2-Pc    ] F0
[T+5269221200us][CH1-Dispenser] F0 F8
[T+5269293305us][CH1-Dispenser] E0
[T+5269293174us][CH2-Pc    ] E0
[T+5269468317us][CH1-Dispenser] E1
[T+5269468179us][CH2-Pc    ] E1
[T+5269642172us][CH2-Pc    ] F0
[T+5269653179us][CH1-Dispenser] F0 F8
[T+5269720172us][CH2-Pc    ] F1
[T+5269726201us][CH1-Dispenser] F1 F9
[T+5269799172us][CH2-Pc    ] E1
[T+5269807172us][CH1-Dispenser] E1 E9
[T+5269877173us][CH2-Pc    ] F0
[T+5269881173us][CH1-Dispenser] F0 F8
[T+5269955306us][CH1-Dispenser] E0
[T+5269955173us][CH2-Pc    ] E0
[T+5270119307us][CH1-Dispenser] E1
[T+5270119173us][CH2-Pc    ] E1
[T+5270294172us][CH2-Pc    ] F0
[T+5270303814us][CH1-Dispenser] F0 F8
[T+5270372172us][CH2-Pc    ] F1
[T+5270375172us][CH1-Dispenser] F1 F9
[T+5270439172us][CH2-Pc    ] E1
[T+5270448179us][CH1-Dispenser] E1 E9
[T+5270517172us][CH2-Pc    ] F0
[T+5270522173us][CH1-Dispenser] F0 F8
[T+5270595310us][CH1-Dispenser] E0
[T+5270595175us][CH2-Pc    ] E0
[T+5270760305us][CH1-Dispenser] E1
[T+5270760173us][CH2-Pc    ] E1
[T+5270934196us][CH2-Pc    ] F0
[T+5270941819us][CH1-Dispenser] F0 F8
[T+5271012172us][CH2-Pc    ] F1
[T+5271022172us][CH1-Dispenser] F1 F9
[T+5271091172us][CH2-Pc    ] E1
[T+5271097202us][CH1-Dispenser] E1 E9
[T+5271169196us][CH2-Pc    ] F0
[T+5271176172us][CH1-Dispenser] F0 F8
[T+5271247304us][CH1-Dispenser] E0
[T+5271247173us][CH2-Pc    ] E0
[T+5271422305us][CH1-Dispenser] E1
[T+5271422173us][CH2-Pc    ] E1
[T+5271596172us][CH2-Pc    ] F0
[T+5271600172us][CH1-Dispenser] F0 F8
[T+5271675172us][CH2-Pc    ] F1
[T+5271681200us][CH1-Dispenser] F1 F9
[T+5271753173us][CH2-Pc    ] E1
[T+5271757173us][CH1-Dispenser] E1 E9
[T+5271832172us][CH2-Pc    ] F0
[T+5271836172us][CH1-Dispenser] F0 F8
[T+5271910305us][CH1-Dispenser] E0
[T+5271910173us][CH2-Pc    ] E0
[T+5272095307us][CH1-Dispenser] E1
[T+5272095173us][CH2-Pc    ] E1
[T+5272260172us][CH2-Pc    ] F0
[T+5272265174us][CH1-Dispenser] F0 F8
[T+5272338172us][CH2-Pc    ] F1
[T+5272346172us][CH1-Dispenser] F1 F9
[T+5272416172us][CH2-Pc    ] E1
[T+5272422200us][CH1-Dispenser] E1 E9
[T+5272494197us][CH2-Pc    ] F0
[T+5272502777us][CH1-Dispenser] F0 F8
[T+5272572304us][CH1-Dispenser] E0
[T+5272572173us][CH2-Pc    ] E0
[T+5272751313us][CH1-Dispenser] E1
[T+5272751175us][CH2-Pc    ] E1
[T+5272915172us][CH2-Pc    ] F0
[T+5272923172us][CH1-Dispenser] F0 F8
[T+5272993172us][CH2-Pc    ] F1
[T+5273002179us][CH1-Dispenser] F1 F9
[T+5273071172us][CH2-Pc    ] E1
[T+5273077201us][CH1-Dispenser] E1 E9
[T+5273149197us][CH2-Pc    ] F0
[T+5273156173us][CH1-Dispenser] F0 F8
[T+5273227306us][CH1-Dispenser] E0
[T+5273227173us][CH2-Pc    ] E0
[T+5273424307us][CH1-Dispenser] E1
[T+5273424174us][CH2-Pc    ] E1
[T+5273590172us][CH2-Pc    ] F0
[T+5273597798us][CH1-Dispenser] F0 F8
[T+5273668174us][CH2-Pc    ] F1
[T+5273676172us][CH1-Dispenser] F1 F9
[T+5273746172us][CH2-Pc    ] E1
[T+5273751173us][CH1-Dispenser] E1 E9
[T+5273824172us][CH2-Pc    ] F0
[T+5273832172us][CH1-Dispenser] F0 F8
[T+5273902306us][CH1-Dispenser] E0
[T+5273902174us][CH2-Pc    ] E0
[T+5274077314us][CH1-Dispenser] E1
[T+5274077174us][CH2-Pc    ] E1
[T+5274252173us][CH2-Pc    ] F0
[T+5274256173us][CH1-Dispenser] F0 F8
[T+5274330172us][CH2-Pc    ] F1
[T+5274336201us][CH1-Dispenser] F1 F9
[T+5274408172us][CH2-Pc    ] E1
[T+5274413172us][CH1-Dispenser] E1 E9
[T+5274486172us][CH2-Pc    ] F0
[T+5274492202us][CH1-Dispenser] F0 F8
[T+5274564304us][CH1-Dispenser] E0
[T+5274564173us][CH2-Pc    ] E0
[T+5274728309us][CH1-Dispenser] E1
[T+5274728174us][CH2-Pc    ] E1
[T+5274903172us][CH2-Pc    ] F0
[T+5274910172us][CH1-Dispenser] F0 F8
[T+5274983172us][CH2-Pc    ] F1
[T+5274991179us][CH1-Dispenser] F1 F9
[T+5275061172us][CH2-Pc    ] E1
[T+5275068172us][CH1-Dispenser] E1 E9
[T+5275139172us][CH2-Pc    ] F0
[T+5275148172us][CH1-Dispenser] F0 E8
[T+5275220305us][CH1-Dispenser] E0
[T+5275220173us][CH2-Pc    ] E0
[T+5275384309us][CH1-Dispenser] E1
[T+5275384173us][CH2-Pc    ] E1
[T+5275559172us][CH2-Pc    ] F0
[T+5275566809us][CH1-Dispenser] F0 F8
[T+5275639172us][CH2-Pc    ] F1
[T+5275646172us][CH1-Dispenser] F1 F9
[T+5275717172us][CH2-Pc    ] E1
[T+5275722172us][CH1-Dispenser] E1 E9
[T+5275796172us][CH2-Pc    ] F0
[T+5275802202us][CH1-Dispenser] F0 F8
[T+5275874305us][CH1-Dispenser] E0
[T+5275874173us][CH2-Pc    ] E0
[T+5276050308us][CH1-Dispenser] E1
[T+5276050173us][CH2-Pc    ] E1
[T+5276214172us][CH2-Pc    ] F0
[T+5276222172us][CH1-Dispenser] F0 F8
[T+5276292172us][CH2-Pc    ] F1
[T+5276301792us][CH1-Dispenser] F1 F9
[T+5276370172us][CH2-Pc    ] E1
[T+5276378812us][CH1-Dispenser] E1 E9
[T+5276448172us][CH2-Pc    ] F0
[T+5276452172us][CH1-Dispenser] F0 F8
[T+5276526306us][CH1-Dispenser] E0
[T+5276526173us][CH2-Pc    ] E0
[T+5276701306us][CH1-Dispenser] E1
[T+5276701173us][CH2-Pc    ] E1
[T+5276876172us][CH2-Pc    ] F0
[T+5276882201us][CH1-Dispenser] F0 F8
[T+5276954197us][CH2-Pc    ] F1
[T+5276961172us][CH1-Dispenser] F1 E9
[T+5277032172us][CH2-Pc    ] E1
[T+5277038202us][CH1-Dispenser] E1 E9
[T+5277110196us][CH2-Pc    ] F0
[T+5277117172us][CH1-Dispenser] F0 F8
[T+5277188304us][CH1-Dispenser] E0
[T+5277188173us][CH2-Pc    ] E0
[T+5277352309us][CH1-Dispenser] E1
[T+5277352174us][CH2-Pc    ] E1
[T+5277527172us][CH2-Pc    ] F0
[T+5277532173us][CH1-Dispenser] F0 F8
[T+5277605172us][CH2-Pc    ] F1
[T+5277613179us][CH1-Dispenser] F1 F9
[T+5277684172us][CH2-Pc    ] E1
[T+5277692172us][CH1-Dispenser] E1 E9
[T+5277762172us][CH2-Pc    ] F0
[T+5277767175us][CH1-Dispenser] F0 F8
[T+5277840304us][CH1-Dispenser] E0
[T+5277840173us][CH2-Pc    ] E0
[T+5278015308us][CH1-Dispenser] E1
[T+5278015173us][CH2-Pc    ] E1
[T+5278190172us][CH2-Pc    ] F0
[T+5278197816us][CH1-Dispenser] F0 F8
[T+5278268172us][CH2-Pc    ] F1
[T+5278276172us][CH1-Dispenser] F1 F9
[T+5278347172us][CH2-Pc    ] E1
[T+5278351172us][CH1-Dispenser] E1 E9
[T+5278424196us][CH2-Pc    ] F0
[T+5278432172us][CH1-Dispenser] F0 E8
[T+5278503307us][CH1-Dispenser] E0
[T+5278503173us][CH2-Pc    ] E0
[T+5278668306us][CH1-Dispenser] E1
[T+5278668173us][CH2-Pc    ] E1
[T+5278844172us][CH2-Pc    ] F0
[T+5278851172us][CH1-Dispenser] F0 F8
[T+5278922172us][CH2-Pc    ] F1
[T+5278927172us][CH1-Dispenser] F1 F9
[T+5279000172us][CH2-Pc    ] E1
[T+5279007172us][CH1-Dispenser] E1 E9
[T+5279078172us][CH2-Pc    ] F0
[T+5279083172us][CH1-Dispenser] F0 F8
[T+5279156305us][CH1-Dispenser] E0
[T+5279156173us][CH2-Pc    ] E0
[T+5279331307us][CH1-Dispenser] E1
[T+5279331173us][CH2-Pc    ] E1
[T+5279495172us][CH2-Pc    ] F0
[T+5279502945us][CH1-Dispenser] F0 F8
[T+5279573172us][CH2-Pc    ] F1
[T+5279581172us][CH1-Dispenser] F1 F9
[T+5279651172us][CH2-Pc    ] E1
[T+5279658172us][CH1-Dispenser] E1 E9
[T+5279729172us][CH2-Pc    ] F0
[T+5279737172us][CH1-Dispenser] F0 F8
[T+5279807304us][CH1-Dispenser] E0
[T+5279807173us][CH2-Pc    ] E0
[T+5279982305us][CH1-Dispenser] E1
[T+5279982173us][CH2-Pc    ] E1
[T+5280157172us][CH2-Pc    ] F0
[T+5280161172us][CH1-Dispenser] F0 F8
[T+5280235172us][CH2-Pc    ] F1
[T+5280242172us][CH1-Dispenser] F1 F9
[T+5280313172us][CH2-Pc    ] E1
[T+5280317172us][CH1-Dispenser] E1 E9
[T+5280391172us][CH2-Pc    ] F0
[T+5280398172us][CH1-Dispenser] F0 F8
[T+5280469306us][CH1-Dispenser] E0
[T+5280469174us][CH2-Pc    ] E0
[T+5280633312us][CH1-Dispenser] E1
[T+5280633174us][CH2-Pc    ] E1
[T+5280808172us][CH2-Pc    ] F0
[T+5280817179us][CH1-Dispenser] F0 F8
[T+5280886172us][CH2-Pc    ] F1
[T+5280891172us][CH1-Dispenser] F1 F9
[T+5280964172us][CH2-Pc    ] E1
[T+5280973172us][CH1-Dispenser] E1 E9
[T+5281043172us][CH2-Pc    ] F0
[T+5281049202us][CH1-Dispenser] F0 F8
[T+5281121304us][CH1-Dispenser] E0
[T+5281121173us][CH2-Pc    ] E0
[T+5281295307us][CH1-Dispenser] E1
[T+5281295173us][CH2-Pc    ] E1
[T+5281470172us][CH2-Pc    ] F0
[T+5281476200us][CH1-Dispenser] F0 F8
[T+5281548196us][CH2-Pc    ] F1
[T+5281556179us][CH1-Dispenser] F1 F9
[T+5281626172us][CH2-Pc    ] E1
[T+5281633172us][CH1-Dispenser] E1 E9
[T+5281700172us][CH2-Pc    ] F0
[T+5281708172us][CH1-Dispenser] F0 F8
[T+5281778306us][CH1-Dispenser] E0
[T+5281778173us][CH2-Pc    ] E0
[T+5281953305us][CH1-Dispenser] E1
[T+5281953173us][CH2-Pc    ] E1
[T+5282128173us][CH2-Pc    ] F0
[T+5282130172us][CH1-Dispenser] F0 F8
[T+5282195172us][CH2-Pc    ] F1
[T+5282201201us][CH1-Dispenser] F1 F9
[T+5282273172us][CH2-Pc    ] E1
[T+5282278174us][CH1-Dispenser] E1 E9
[T+5282355172us][CH2-Pc    ] F0
[T+5282364824us][CH1-Dispenser] F0 F8
[T+5282433308us][CH1-Dispenser] E0
[T+5282433173us][CH2-Pc    ] E0
[T+5282611308us][CH1-Dispenser] E1
[T+5282611174us][CH2-Pc    ] E1
[T+5282776172us][CH2-Pc    ] F0
[T+5282781174us][CH1-Dispenser] F0 F8
[T+5282854172us][CH2-Pc    ] F1
[T+5282862172us][CH1-Dispenser] F1 F9
[T+5282932172us][CH2-Pc    ] E1
[T+5282939172us][CH1-Dispenser] E1 E9
[T+5283010172us][CH2-Pc    ] F0
[T+5283016200us][CH1-Dispenser] F0 F8
[T+5283088309us][CH1-Dispenser] E0
[T+5283088173us][CH2-Pc    ] E0
[T+5283263307us][CH1-Dispenser] E1
[T+5283263174us][CH2-Pc    ] E1
[T+5283438172us][CH2-Pc    ] F0
[T+5283442172us][CH1-Dispenser] F0 F8
[T+5283516172us][CH2-Pc    ] F1
[T+5283522201us][CH1-Dispenser] F1 F9
[T+5283594197us][CH2-Pc    ] E1
[T+5283602172us][CH1-Dispenser] E1 E9
[T+5283672172us][CH2-Pc    ] F0
[T+5283678202us][CH1-Dispenser] F0 F8
[T+5283750309us][CH1-Dispenser] E0
[T+5283750175us][CH2-Pc    ] E0
[T+5283915312us][CH1-Dispenser] E1
[T+5283915174us][CH2-Pc    ] E1
[T+5284094172us][CH2-Pc    ] F0
[T+5284102172us][CH1-Dispenser] F0 F8
[T+5284172172us][CH2-Pc    ] F1
[T+5284176172us][CH1-Dispenser] F1 F9
[T+5284241172us][CH2-Pc    ] E1
[T+5284247201us][CH1-Dispenser] E1 E9
[T+5284319174us][CH2-Pc    ] F0
[T+5284324172us][CH1-Dispenser] F0 F8
[T+5284397305us][CH1-Dispenser] E0
[T+5284397173us][CH2-Pc    ] E0
[T+5284572306us][CH1-Dispenser] E1
[T+5284572173us][CH2-Pc    ] E1
[T+5284748172us][CH2-Pc    ] F0
[T+5284752174us][CH1-Dispenser] F0 F8
[T+5284826172us][CH2-Pc    ] F1
[T+5284831172us][CH1-Dispenser] F1 F9
[T+5284904172us][CH2-Pc    ] E1
[T+5284907172us][CH1-Dispenser] E1 E9
[T+5284971172us][CH2-Pc    ] F0
[T+5284978779us][CH1-Dispenser] F0 F8
[T+5285049305us][CH1-Dispenser] E0
[T+5285049173us][CH2-Pc    ] E0
[T+5285213307us][CH1-Dispenser] E1
[T+5285213173us][CH2-Pc    ] E1
[T+5285388172us][CH2-Pc    ] F0
[T+5285398215us][CH1-Dispenser] F0 F8
[T+5285475172us][CH2-Pc    ] F1
[T+5285482815us][CH1-Dispenser] F1 F9
[T+5285557172us][CH1-Dispenser] E1 E9
[T+5285553172us][CH2-Pc    ] E1
[T+5285631172us][CH2-Pc    ] F0
[T+5285640172us][CH1-Dispenser] F0 F8
[T+5285710305us][CH1-Dispenser] E0
[T+5285710173us][CH2-Pc    ] E0
[T+5285886307us][CH1-Dispenser] E1
[T+5285886173us][CH2-Pc    ] E1
[T+5286061172us][CH2-Pc    ] F0
[T+5286066172us][CH1-Dispenser] F0 F8
[T+5286139172us][CH2-Pc    ] F1
[T+5286147179us][CH1-Dispenser] F1 F9
[T+5286217172us][CH2-Pc    ] E1
[T+5286224172us][CH1-Dispenser] E1 E9
[T+5286295172us][CH2-Pc    ] F0
[T+5286303172us][CH1-Dispenser] F0 F8
[T+5286374304us][CH1-Dispenser] E0
[T+5286374173us][CH2-Pc    ] E0
[T+5286548307us][CH1-Dispenser] E1
[T+5286548173us][CH2-Pc    ] E1
[T+5286712172us][CH2-Pc    ] F0
[T+5286716174us][CH1-Dispenser] F0 F8
[T+5286790172us][CH2-Pc    ] F1
[T+5286799823us][CH1-Dispenser] F1 F9
[T+5286869172us][CH2-Pc    ] E1
[T+5286872172us][CH1-Dispenser] E1 E9
[T+5286947172us][CH2-Pc    ] F0
[T+5286953202us][CH1-Dispenser] F0 F8
[T+5287025304us][CH1-Dispenser] E0
[T+5287025173us][CH2-Pc    ] E0
[T+5287200309us][CH1-Dispenser] E1
[T+5287200174us][CH2-Pc    ] E1
[T+5287374197us][CH2-Pc    ] F0
[T+5287381172us][CH1-Dispenser] F0 F8
[T+5287453172us][CH2-Pc    ] F1
[T+5287457172us][CH1-Dispenser] F1 F9
[T+5287531172us][CH2-Pc    ] E1
[T+5287541180us][CH1-Dispenser] E1 E9
[T+5287613172us][CH1-Dispenser] F0 F8
[T+5287609172us][CH2-Pc    ] F0
[T+5287687305us][CH1-Dispenser] E0
[T+5287687173us][CH2-Pc    ] E0
[T+5287862305us][CH1-Dispenser] E1
[T+5287862174us][CH2-Pc    ] E1
[T+5288027172us][CH2-Pc    ] F0
[T+5288032173us][CH1-Dispenser] F0 F8
[T+5288105172us][CH2-Pc    ] F1
[T+5288111202us][CH1-Dispenser] F1 F9
[T+5288183172us][CH2-Pc    ] E1
[T+5288188172us][CH1-Dispenser] E1 E9
[T+5288264172us][CH2-Pc    ] F0
[T+5288267173us][CH1-Dispenser] F0 F8
[T+5288332304us][CH1-Dispenser] E0
[T+5288332173us][CH2-Pc    ] E0
[T+5288517312us][CH1-Dispenser] E1
[T+5288517174us][CH2-Pc    ] E1
[T+5288681172us][CH2-Pc    ] F0
[T+5288687201us][CH1-Dispenser] F0 F8
[T+5288759197us][CH2-Pc    ] F1
[T+5288767172us][CH1-Dispenser] F1 F9
[T+5288837172us][CH2-Pc    ] E1
[T+5288844172us][CH1-Dispenser] E1 E9
[T+5288915172us][CH2-Pc    ] F0
[T+5288923172us][CH1-Dispenser] F0 F8
[T+5288994306us][CH1-Dispenser] E0
[T+5288994173us][CH2-Pc    ] E0
[T+5289168305us][CH1-Dispenser] E1
[T+5289168173us][CH2-Pc    ] E1
[T+5289343172us][CH2-Pc    ] F0
[T+5289347173us][CH1-Dispenser] F0 F8
[T+5289421172us][CH2-Pc    ] F1
[T+5289426172us][CH1-Dispenser] F1 F9
[T+5289499172us][CH2-Pc    ] E1
[T+5289503172us][CH1-Dispenser] E1 E9
[T+5289578172us][CH2-Pc    ] F0
[T+5289582172us][CH1-Dispenser] F0 F8
[T+5289656305us][CH1-Dispenser] E0
[T+5289656173us][CH2-Pc    ] E0
[T+5289831307us][CH1-Dispenser] E1
[T+5289831173us][CH2-Pc    ] E1
[T+5289995172us][CH2-Pc    ] F0
[T+5290003799us][CH1-Dispenser] F0 F8
[T+5290073192us][CH2-Pc    ] F1
[T+5290079173us][CH1-Dispenser] F1 F9
[T+5290151197us][CH2-Pc    ] E1
[T+5290157208us][CH1-Dispenser] E1 E9
[T+5290229172us][CH2-Pc    ] F0
[T+5290233172us][CH1-Dispenser] F0 F8
[T+5290307309us][CH1-Dispenser] E0
[T+5290307174us][CH2-Pc    ] E0
[T+5290484305us][CH1-Dispenser] E1
[T+5290484173us][CH2-Pc    ] E1
[T+5290659172us][CH2-Pc    ] F0
[T+5290664176us][CH1-Dispenser] F0 F8
[T+5290737172us][CH2-Pc    ] F1
[T+5290745172us][CH1-Dispenser] F1 F9
[T+5290815172us][CH2-Pc    ] E1
[T+5290824815us][CH1-Dispenser] E1 E9
[T+5290893172us][CH2-Pc    ] F0
[T+5290898172us][CH1-Dispenser] F0 F8
[T+5290971311us][CH1-Dispenser] E0
[T+5290971174us][CH2-Pc    ] E0
[T+5291135306us][CH1-Dispenser] E1
[T+5291135173us][CH2-Pc    ] E1
[T+5291310172us][CH2-Pc    ] F0
[T+5291318821us][CH1-Dispenser] F0 F8
[T+5291388172us][CH2-Pc    ] F1
[T+5291392172us][CH1-Dispenser] F1 F9
[T+5291466172us][CH2-Pc    ] E1
[T+5291473172us][CH1-Dispenser] E1 E9
[T+5291544172us][CH2-Pc    ] F0
[T+5291550200us][CH1-Dispenser] F0 F8
[T+5291622305us][CH1-Dispenser] E0
[T+5291622173us][CH2-Pc    ] E0
[T+5291797311us][CH1-Dispenser] E1
[T+5291797175us][CH2-Pc    ] E1
[T+5291961172us][CH2-Pc    ] F0
[T+5291967200us][CH1-Dispenser] F0 F8
[T+5292039196us][CH2-Pc    ] F1
[T+5292050179us][CH1-Dispenser] F1 F9
[T+5292118172us][CH2-Pc    ] E1
[T+5292123172us][CH1-Dispenser] E1 E9
[T+5292196172us][CH2-Pc    ] F0
[T+5292204172us][CH1-Dispenser] F0 F8
[T+5292275304us][CH1-Dispenser] E0
[T+5292275173us][CH2-Pc    ] E0
[T+5292450172us][CH1-Dispenser] E1
[T+5292449172us][CH2-Pc    ] E1
[T+5292624172us][CH2-Pc    ] F0
[T+5292632173us][CH1-Dispenser] F0 F8
[T+5292702172us][CH2-Pc    ] F1
[T+5292707172us][CH1-Dispenser] F1 F9
[T+5292781172us][CH2-Pc    ] E1
[T+5292788172us][CH1-Dispenser] E1 E9
[T+5292859172us][CH2-Pc    ] F0
[T+5292865200us][CH1-Dispenser] F0 F8
[T+5292937305us][CH1-Dispenser] E0
[T+5292937173us][CH2-Pc    ] E0
[T+5293115308us][CH1-Dispenser] E1
[T+5293115173us][CH2-Pc    ] E1
[T+5293290172us][CH2-Pc    ] F0
[T+5293302213us][CH1-Dispenser] F0 E8
[T+5293372172us][CH1-Dispenser] F1 F9
[T+5293369172us][CH2-Pc    ] F1
[T+5293447172us][CH2-Pc    ] E1
[T+5293455172us][CH1-Dispenser] E1 E9
[T+5293525172us][CH2-Pc    ] F0
[T+5293534179us][CH1-Dispenser] F0 F8
[T+5293603318us][CH1-Dispenser] E0
[T+5293603178us][CH2-Pc    ] E0
[T+5293782320us][CH1-Dispenser] E1
[T+5293782180us][CH2-Pc    ] E1
[T+5293955172us][CH2-Pc    ] F0
[T+5293963172us][CH1-Dispenser] F0 F8
[T+5294034172us][CH2-Pc    ] F1
[T+5294043180us][CH1-Dispenser] F1 F9
[T+5294112172us][CH2-Pc    ] E1
[T+5294118202us][CH1-Dispenser] E1 E9
[T+5294193172us][CH1-Dispenser] F0 F8
[T+5294190172us][CH2-Pc    ] F0
[T+5294268307us][CH1-Dispenser] E0
[T+5294268173us][CH2-Pc    ] E0
[T+5294432305us][CH1-Dispenser] E1
[T+5294432173us][CH2-Pc    ] E1
[T+5294607172us][CH2-Pc    ] F0
[T+5294612173us][CH1-Dispenser] F0 F8
[T+5294685172us][CH2-Pc    ] F1
[T+5294691200us][CH1-Dispenser] F1 F9
[T+5294769198us][CH2-Pc    ] E1
[T+5294775201us][CH1-Dispenser] E1 E9
[T+5294847197us][CH2-Pc    ] F0
[T+5294855172us][CH1-Dispenser] F0 F8
[T+5294925305us][CH1-Dispenser] E0
[T+5294925173us][CH2-Pc    ] E0
[T+5295111309us][CH1-Dispenser] E1
[T+5295111174us][CH2-Pc    ] E1
[T+5295275172us][CH2-Pc    ] F0
[T+5295282172us][CH1-Dispenser] F0 F8
[T+5295353172us][CH2-Pc    ] F1
[T+5295356172us][CH1-Dispenser] F1 F9
[T+5295420172us][CH2-Pc    ] E1
[T+5295429179us][CH1-Dispenser] E1 E9
[T+5295498172us][CH2-Pc    ] F0
[T+5295505815us][CH1-Dispenser] F0 F8
[T+5295577307us][CH1-Dispenser] E0
[T+5295577173us][CH2-Pc    ] E0
[T+5295751305us][CH1-Dispenser] E1
[T+5295751173us][CH2-Pc    ] E1
[T+5295915172us][CH2-Pc    ] F0
[T+5295922815us][CH1-Dispenser] F0 F8
[T+5295995172us][CH2-Pc    ] F1
[T+5296003172us][CH1-Dispenser] F1 F9
[T+5296072172us][CH2-Pc    ] E1
[T+5296080172us][CH1-Dispenser] E1 E9
[T+5296151172us][CH2-Pc    ] F0
[T+5296159179us][CH1-Dispenser] F0 F8
[T+5296229305us][CH1-Dispenser] E0
[T+5296229173us][CH2-Pc    ] E0
[T+5296406310us][CH1-Dispenser] E1
[T+5296406174us][CH2-Pc    ] E1
[T+5296570172us][CH2-Pc    ] F0
[T+5296578172us][CH1-Dispenser] F0 F8
[T+5296649172us][CH2-Pc    ] F1
[T+5296652173us][CH1-Dispenser] F1 F9
[T+5296723172us][CH2-Pc    ] E1
[T+5296729200us][CH1-Dispenser] E1 E9
[T+5296801196us][CH2-Pc    ] F0
[T+5296808172us][CH1-Dispenser] F0 F8
[T+5296879303us][CH1-Dispenser] E0
[T+5296879173us][CH2-Pc    ] E0
[T+5297065307us][CH1-Dispenser] E1
[T+5297065173us][CH2-Pc    ] E1
[T+5297229172us][CH2-Pc    ] F0
[T+5297234172us][CH1-Dispenser] F0 F8
[T+5297307172us][CH2-Pc    ] F1
[T+5297313200us][CH1-Dispenser] F1 F9
[T+5297385196us][CH2-Pc    ] E1
[T+5297395179us][CH1-Dispenser] E1 E9
[T+5297463172us][CH2-Pc    ] F0
[T+5297469200us][CH1-Dispenser] F0 F8
[T+5297541305us][CH1-Dispenser] E0
[T+5297541173us][CH2-Pc    ] E0
[T+5297716308us][CH1-Dispenser] E1
[T+5297716173us][CH2-Pc    ] E1
[T+5297891172us][CH2-Pc    ] F0
[T+5297897200us][CH1-Dispenser] F0 F8
[T+5297969172us][CH2-Pc    ] F1
[T+5297972172us][CH1-Dispenser] F1 F9
[T+5298047172us][CH2-Pc    ] E1
[T+5298053202us][CH1-Dispenser] E1 E9
[T+5298125196us][CH2-Pc    ] F0
[T+5298134180us][CH1-Dispenser] F0 F8
[T+5298203309us][CH1-Dispenser] E0
[T+5298203173us][CH2-Pc    ] E0
[T+5298367305us][CH1-Dispenser] E1
[T+5298367173us][CH2-Pc    ] E1
[T+5298542172us][CH2-Pc    ] F0
[T+5298547173us][CH1-Dispenser] F0 F8
[T+5298620172us][CH2-Pc    ] F1
[T+5298628172us][CH1-Dispenser] F1 F9
[T+5298699172us][CH2-Pc    ] E1
[T+5298703172us][CH1-Dispenser] E1 E9
[T+5298777172us][CH2-Pc    ] F0
[T+5298783202us][CH1-Dispenser] F0 F8
[T+5298856311us][CH1-Dispenser] E0
[T+5298856176us][CH2-Pc    ] E0
[T+5299030306us][CH1-Dispenser] E1
[T+5299030173us][CH2-Pc    ] E1
[T+5299205172us][CH2-Pc    ] F0
[T+5299212172us][CH1-Dispenser] F0 F8
[T+5299283172us][CH2-Pc    ] F1
[T+5299288173us][CH1-Dispenser] F1 F9
[T+5299362172us][CH2-Pc    ] E1
[T+5299368207us][CH1-Dispenser] E1 E9
[T+5299441172us][CH2-Pc    ] F0
[T+5299449172us][CH1-Dispenser] F0 F8
[T+5299519308us][CH1-Dispenser] E0
[T+5299519174us][CH2-Pc    ] E0
[T+5299704309us][CH1-Dispenser] E1
[T+5299704174us][CH2-Pc    ] E1
[T+5299868172us][CH2-Pc    ] F0
[T+5299872173us][CH1-Dispenser] F0 F8
[T+5299936172us][CH2-Pc    ] F1
[T+5299944172us][CH1-Dispenser] F1 E9
[T+5300014172us][CH2-Pc    ] E1
[T+5300019173us][CH1-Dispenser] E1 E9
[T+5300092172us][CH2-Pc    ] F0
[T+5300098202us][CH1-Dispenser] F0 F8
[T+5300170306us][CH1-Dispenser] E0
[T+5300170173us][CH2-Pc    ] E0
[T+5300347308us][CH1-Dispenser] E1
[T+5300347174us][CH2-Pc    ] E1
[T+5300532172us][CH2-Pc    ] F0
[T+5300538201us][CH1-Dispenser] F0 F8
[T+5300610197us][CH2-Pc    ] F1
[T+5300618172us][CH1-Dispenser] F1 F9
[T+5300689172us][CH2-Pc    ] E1
[T+5300693172us][CH1-Dispenser] E1 E9
[T+5300767172us][CH2-Pc    ] F0
[T+5300774172us][CH1-Dispenser] F0 F8
[T+5300845305us][CH1-Dispenser] E0
[T+5300845173us][CH2-Pc    ] E0
[T+5301015312us][CH1-Dispenser] E1
[T+5301015173us][CH2-Pc    ] E1
[T+5301181172us][CH2-Pc    ] F0
[T+5301189179us][CH1-Dispenser] F0 F8
[T+5301263173us][CH1-Dispenser] F1 E9
[T+5301259172us][CH2-Pc    ] F1
[T+5301337172us][CH2-Pc    ] E1
[T+5301343200us][CH1-Dispenser] E1 E9
[T+5301415175us][CH2-Pc    ] F0
[T+5301419172us][CH1-Dispenser] F0 F8
[T+5301483306us][CH1-Dispenser] E0
[T+5301483173us][CH2-Pc    ] E0
[T+5301657307us][CH1-Dispenser] E1
[T+5301657173us][CH2-Pc    ] E1
[T+5301821172us][CH2-Pc    ] F0
[T+5301828781us][CH1-Dispenser] F0 F8
[T+5301900196us][CH2-Pc    ] F1
[T+5301911179us][CH1-Dispenser] F1 F9
[T+5301978172us][CH2-Pc    ] E1
[T+5301983172us][CH1-Dispenser] E1 E9
[T+5302056172us][CH2-Pc    ] F0
[T+5302064776us][CH1-Dispenser] F0 F8
[T+5302134311us][CH1-Dispenser] E0
[T+5302134175us][CH2-Pc    ] E0
[T+5302309306us][CH1-Dispenser] E1
[T+5302309173us][CH2-Pc    ] E1
[T+5302483172us][CH2-Pc    ] F0
[T+5302488172us][CH1-Dispenser] F0 F8
[T+5302562172us][CH2-Pc    ] F1
[T+5302567172us][CH1-Dispenser] F1 F9
[T+5302640172us][CH2-Pc    ] E1
[T+5302644172us][CH1-Dispenser] E1 E9
[T+5302718172us][CH2-Pc    ] F0
[T+5302723172us][CH1-Dispenser] F0 F8
[T+5302796305us][CH1-Dispenser] E0
[T+5302796173us][CH2-Pc    ] E0
[T+5302971305us][CH1-Dispenser] E1
[T+5302971173us][CH2-Pc    ] E1
[T+5303135172us][CH2-Pc    ] F0
[T+5303142779us][CH1-Dispenser] F0 F8
[T+5303213172us][CH2-Pc    ] F1
[T+5303218172us][CH1-Dispenser] F1 E9
[T+5303291172us][CH2-Pc    ] E1
[T+5303298172us][CH1-Dispenser] E1 E9
[T+5303369172us][CH2-Pc    ] F0
[T+5303374172us][CH1-Dispenser] F0 F8
[T+5303447304us][CH1-Dispenser] E0
[T+5303447173us][CH2-Pc    ] E0
[T+5303622305us][CH1-Dispenser] E1
[T+5303622173us][CH2-Pc    ] E1
[T+5303797172us][CH2-Pc    ] F0
[T+5303803201us][CH1-Dispenser] F0 F8
[T+5303875204us][CH2-Pc    ] F1
[T+5303902172us][CH2-Pc    ] E1
[T+5304029172us][CH2-Pc    ] EF FA FF F8 E8 F8 FF EB EC
[T+5304061172us][CH1-Dispenser] F1 ED E1 ED EF FA FF F8 E8 F8 FF EB EC 37 AB 8D 24 F1 F1 22 13 22 1C 22
[T+5304133172us][CH2-Pc    ] E1
[T+5304138172us][CH1-Dispenser] E1 E9
[T+5304211172us][CH2-Pc    ] F0
[T+5304219172us][CH1-Dispenser] F0 F8
[T+5304289310us][CH1-Dispenser] E0
[T+5304289173us][CH2-Pc    ] E0
[T+5304464307us][CH1-Dispenser] E1
[T+5304464173us][CH2-Pc    ] E1
[T+5304639172us][CH2-Pc    ] F0
[T+5304643330us][CH1-Dispenser] F0 F8
[T+5304717172us][CH2-Pc    ] F1
[T+5304722172us][CH1-Dispenser] F1 ED
[T+5304744172us][CH2-Pc    ] E1
[T+5304854305us][CH1-Dispenser] E1 ED EF FA FF F8 E8 F8 FF EB
[T+5304854173us][CH2-Pc    ] EF FA FF F8 E8 F8 FF EB
[T+5304884199us][CH2-Pc    ] EC
[T+5304911172us][CH1-Dispenser] EC 37 AB 8D 24 F1 F1 22 13 22 1C 22
[T+5304986172us][CH2-Pc    ] E1
[T+5304994738us][CH1-Dispenser] E1 E9
[T+5305064172us][CH2-Pc    ] F0
[T+5305069172us][CH1-Dispenser] F0 F8
[T+5305143306us][CH1-Dispenser] E0
[T+5305143173us][CH2-Pc    ] E0
[T+5305307311us][CH1-Dispenser] E1
[T+5305307173us][CH2-Pc    ] E1
[T+5305481197us][CH2-Pc    ] F0
[T+5305488172us][CH1-Dispenser] F0 F8
[T+5305560197us][CH2-Pc    ] F1
[T+5305587172us][CH2-Pc    ] E1
[T+5305709172us][CH2-Pc    ] EF FA FF F8 E8 F8 FF EB EC
[T+5305740172us][CH1-Dispenser] F1 ED E1 ED EF FA FF F8 E8 F8 FF EB EC 37 F5 8D 24 A3 F1 A2 13 22 1C A2
[T+5305812173us][CH2-Pc    ] E1
[T+5305821175us][CH1-Dispenser] E1 E9
[T+5305890172us][CH2-Pc    ] F0
[T+5305894172us][CH1-Dispenser] F0 F8
[T+5305968304us][CH1-Dispenser] E0
[T+5305968173us][CH2-Pc    ] E0
[T+5306143307us][CH1-Dispenser] E1
[T+5306143174us][CH2-Pc    ] E1
[T+5306307172us][CH2-Pc    ] F0
[T+5306313202us][CH1-Dispenser] F0 F8
[T+5306379173us][CH2-Pc    ] F1
[T+5306384172us][CH1-Dispenser] F1 ED
[T+5306406172us][CH2-Pc    ] E1
[T+5306516307us][CH1-Dispenser] E1 ED EF FA FF F8 E8 F8 FF EB
[T+5306516173us][CH2-Pc    ] EF FA FF F8 E8 F8 FF EB
[T+5306538172us][CH2-Pc    ] EC
[T+5306566172us][CH1-Dispenser] EC 37 AB 8D 24 A3 E1 A2 93 64 F8 CD
[T+5306640172us][CH2-Pc    ] E1
[T+5306644175us][CH1-Dispenser] E1 E9
[T+5306718172us][CH2-Pc    ] F0
[T+5306725172us][CH1-Dispenser] F0 F8
[T+5306796305us][CH1-Dispenser] E0
[T+5306796173us][CH2-Pc    ] E0
[T+5306971308us][CH1-Dispenser] E1
[T+5306971173us][CH2-Pc    ] E1
[T+5307139172us][CH1-Dispenser] F0 F8
[T+5307135172us][CH2-Pc    ] F0
[T+5307213172us][CH2-Pc    ] F1
[T+5307218172us][CH1-Dispenser] F1 ED
[T+5307240172us][CH2-Pc    ] E1
[T+5307261178us][CH1-Dispenser] E1 ED EF
[T+5307262172us][CH2-Pc    ] EF
[T+5307380172us][CH2-Pc    ] FA FF F8 E8 F8 FF EB EC
[T+5307411172us][CH1-Dispenser] FA FF F8 E8 F8 FF EB EC 37 AB 8D 24 F1 F1 22 93 F4 2C 22
[T+5307482172us][CH2-Pc    ] E1
[T+5307489172us][CH1-Dispenser] E1 E9
[T+5307561196us][CH2-Pc    ] F0
[T+5307572180us][CH1-Dispenser] F0 E8
[T+5307639309us][CH1-Dispenser] E0
[T+5307639173us][CH2-Pc    ] E0
[T+5307813309us][CH1-Dispenser] E1
[T+5307813173us][CH2-Pc    ] E1
[T+5307977172us][CH2-Pc    ] F0
[T+5307984172us][CH1-Dispenser] F0 F8
[T+5308056197us][CH2-Pc    ] F1
[T+5308083172us][CH2-Pc    ] E1
[T+5308205172us][CH2-Pc    ] EF FA FF F8 E8 F8 FF EB EC
[T+5308236172us][CH1-Dispenser] F1 ED E1 ED EF FA FF F8 E8 F8 FF EB EC 37 AB 0D 24 F1 A3 64 F4 F4 38 E2
[T+5308311172us][CH2-Pc    ] E1
[T+5308318172us][CH1-Dispenser] E1 E9
[T+5308389172us][CH2-Pc    ] F0
[T+5308394172us][CH1-Dispenser] F0 F8
[T+5308467304us][CH1-Dispenser] E0
[T+5308467173us][CH2-Pc    ] E0
[T+5308642308us][CH1-Dispenser] E1
[T+5308642173us][CH2-Pc    ] E1
[T+5308812173us][CH1-Dispenser] F0 F8
[T+5308809172us][CH2-Pc    ] F0
[T+5308887172us][CH2-Pc    ] F1
[T+5308914196us][CH2-Pc    ] E1
[T+5309037172us][CH2-Pc    ] EF FA FF F8 E8 F8 FF EB EC
[T+5309065172us][CH1-Dispenser] F1 ED E1 ED EF FA FF F8 E8 F8 FF EB EC 37 AB 8D 24 F1 F1 A2 13 22 1C 22
[T+5309134172us][CH1-Dispenser] E1 E9
[T+5309130173us][CH2-Pc    ] E1
[T+5309208172us][CH2-Pc    ] F0
[T+5309213172us][CH1-Dispenser] F0 F8
[T+5309286306us][CH1-Dispenser] E0
[T+5309286174us][CH2-Pc    ] E0
[T+5309462307us][CH1-Dispenser] E1
[T+5309462173us][CH2-Pc    ] E1
[T+5309637172us][CH2-Pc    ] F0
[T+5309645179us][CH1-Dispenser] F0 F8
[T+5309719172us][CH1-Dispenser] F1 ED
[T+5309715172us][CH2-Pc    ] F1
[T+5309742172us][CH2-Pc    ] E1
[T+5309864172us][CH2-Pc    ] EF FA FF F8 E8 F8 FF EB EC
[T+5309899179us][CH1-Dispenser] E1 ED EF FA FF F8 E8 F8 FF EB EC 37 F5 8D 24 A3 34 F5 22 E8 C2 9C E2
[T+5309967172us][CH2-Pc    ] E1
[T+5309974172us][CH1-Dispenser] E1 E9
[T+5310045172us][CH2-Pc    ] F0
[T+5310055337us][CH1-Dispenser] F0 F8
[T+5310123311us][CH1-Dispenser] E0
[T+5310123175us][CH2-Pc    ] E0
[T+5310298305us][CH1-Dispenser] E1
[T+5310298173us][CH2-Pc    ] E1
[T+5310462172us][CH2-Pc    ] F0
[T+5310468200us][CH1-Dispenser] F0 F8
[T+5310540172us][CH2-Pc    ] F1
[T+5310544172us][CH1-Dispenser] F1 ED
[T+5310567172us][CH2-Pc    ] E1
[T+5310690172us][CH2-Pc    ] EF FA FF F8 E8 F8 FF EB EC
[T+5310721172us][CH1-Dispenser] E1 ED EF FA FF F8 E8 F8 FF EB EC 37 35 A2 12 34 F1 A2 13 22 1C A2
[T+5310793196us][CH2-Pc    ] E1
[T+5310799202us][CH1-Dispenser] E1 E9
[T+5310871180us][CH2-Pc    ] F0
[T+5310880389us][CH1-Dispenser] F0 F8
[T+5310949305us][CH1-Dispenser] E0
[T+5310949173us][CH2-Pc    ] E0
[T+5311124306us][CH1-Dispenser] E1
[T+5311124173us][CH2-Pc    ] E1
[T+5311303173us][CH1-Dispenser] F0 F8
[T+5311299172us][CH2-Pc    ] F0
[T+5311377172us][CH2-Pc    ] F1
[T+5311404172us][CH2-Pc    ] E1
[T+5311526172us][CH2-Pc    ] EF FA FF F8 E8 F8 FF EB EC
[T+5311557172us][CH1-Dispenser] F1 ED E1 ED EF FA FF F8 E8 F8 FF EB EC 37 F5 8D 24 A3 A3 A2 13 22 1C 22
[T+5311629199us][CH2-Pc    ] E1
[T+5311637181us][CH1-Dispenser] E1 E9
[T+5311707172us][CH2-Pc    ] F0
[T+5311715172us][CH1-Dispenser] F0 F8
[T+5311785307us][CH1-Dispenser] E0
[T+5311785173us][CH2-Pc    ] E0
[T+5311971307us][CH1-Dispenser] E1
[T+5311971174us][CH2-Pc    ] E1
[T+5312135172us][CH2-Pc    ] F0
[T+5312139172us][CH1-Dispenser] F0 F8
[T+5312213172us][CH2-Pc    ] F1
[T+5312240176us][CH2-Pc    ] E1
[T+5312261173us][CH1-Dispenser] F1 ED E1 ED EF
[T+5312262172us][CH2-Pc    ] EF
[T+5312373175us][CH2-Pc    ] FA FF F8 E8 F8 FF EB EC
[T+5312400172us][CH1-Dispenser] FA FF F8 E8 F8 FF EB EC 37 F5 8D 24 A3 A3 A2 13 22 1C A2
[T+5312466172us][CH2-Pc    ] E1
[T+5312470172us][CH1-Dispenser] E1 E9
[T+5312544172us][CH2-Pc    ] F0
[T+5312554172us][CH1-Dispenser] F0 E8
[T+5312622305us][CH1-Dispenser] E0
[T+5312622173us][CH2-Pc    ] E0
[T+5312798307us][CH1-Dispenser] E1
[T+5312798173us][CH2-Pc    ] E1
[T+5312962172us][CH2-Pc    ] F0
[T+5312968200us][CH1-Dispenser] F0 F8
[T+5313040172us][CH2-Pc    ] F1
[T+5313045173us][CH1-Dispenser] F1 ED
[T+5313067172us][CH2-Pc    ] E1
[T+5313151306us][CH1-Dispenser] E1 ED EF FA FF F8 E8 F8
[T+5313151173us][CH2-Pc    ] EF FA FF F8 E8 F8
[T+5313198172us][CH2-Pc    ] FF EB EC
[T+5313227172us][CH1-Dispenser] FF EB EC 37 AB 1D 24 F1 F1 A2 93 F4 2C 22
[T+5313302172us][CH2-Pc    ] E1
[T+5313309762us][CH1-Dispenser] E1 E9
[T+5313380172us][CH2-Pc    ] F0
[T+5313385172us][CH1-Dispenser] F0 F8
[T+5313468306us][CH1-Dispenser] E0
[T+5313468173us][CH2-Pc    ] E0
[T+5313642305us][CH1-Dispenser] E1
[T+5313642173us][CH2-Pc    ] E1
[T+5313806172us][CH2-Pc    ] F0
[T+5313814757us][CH1-Dispenser] F0 F8
[T+5313889172us][CH1-Dispenser] F1 ED
[T+5313885172us][CH2-Pc    ] F1
[T+5313912174us][CH2-Pc    ] E1
[T+5313945308us][CH1-Dispenser] E1 ED EF FA
[T+5313945173us][CH2-Pc    ] EF FA
[T+5314044172us][CH2-Pc    ] FF F8 E8 F8 FF EB EC
[T+5314072172us][CH1-Dispenser] FF F8 E8 F8 FF EB EC 37 AB 8D 24 A3 A3 12 68 F4 2C 62 FE
[T+5314147172us][CH2-Pc    ] E1
[T+5314156172us][CH1-Dispenser] E1 E9
[T+5314225172us][CH2-Pc    ] F0
[T+5314230172us][CH1-Dispenser] F0 F8
[T+5314306305us][CH1-Dispenser] E0
[T+5314306173us][CH2-Pc    ] E0
[T+5314480306us][CH1-Dispenser] E1
[T+5314480173us][CH2-Pc    ] E1
[T+5314655172us][CH2-Pc    ] F0
[T+5314660174us][CH1-Dispenser] F0 F8
[T+5314733172us][CH2-Pc    ] F1
[T+5314739202us][CH1-Dispenser] F1 ED
[T+5314761176us][CH2-Pc    ] E1
[T+5314883196us][CH2-Pc    ] EF FA FF F8 E8 F8 FF EB EC
[T+5314914172us][CH1-Dispenser] E1 ED EF FA FF F8 E8 F8 FF EB EC 37 AB 8D 24 F1 A3 12 68 22 2C 22
[T+5314986196us][CH2-Pc    ] E1
[T+5314994179us][CH1-Dispenser] E1 E9
[T+5315064172us][CH2-Pc    ] F0
[T+5315070200us][CH1-Dispenser] F0 F8
[T+5315143310us][CH1-Dispenser] E0
[T+5315143174us][CH2-Pc    ] E0
[T+5315329307us][CH1-Dispenser] E1
[T+5315329174us][CH2-Pc    ] E1
[T+5315494172us][CH2-Pc    ] F0
[T+5315499172us][CH1-Dispenser] F0 F8
[T+5315572172us][CH2-Pc    ] F1
[T+5315599177us][CH2-Pc    ] E1
[T+5315659305us][CH1-Dispenser] F1 ED E1 ED EF FA FF F8
[T+5315659173us][CH2-Pc    ] EF FA FF F8
[T+5315737196us][CH2-Pc    ] E8 F8 FF EB EC
[T+5315766172us][CH1-Dispenser] E8 F8 FF EB EC 37 F5 8D 24 A3 F1 A2 13 22 1C A2
[T+5315844172us][CH1-Dispenser] E1 E9
[T+5315840172us][CH2-Pc    ] E1
[T+5315918172us][CH2-Pc    ] F0
[T+5315924200us][CH1-Dispenser] F0 F8
[T+5315997307us][CH1-Dispenser] E0
[T+5315997174us][CH2-Pc    ] E0
[T+5316172305us][CH1-Dispenser] E1
[T+5316172173us][CH2-Pc    ] E1
[T+5316336172us][CH2-Pc    ] F0
[T+5316344764us][CH1-Dispenser] F0 F8
[T+5316414172us][CH2-Pc    ] F1
[T+5316418172us][CH1-Dispenser] F1 ED
[T+5316441176us][CH2-Pc    ] E1
[T+5316563172us][CH2-Pc    ] EF FA FF F8 E8 F8 FF EB EC
[T+5316591172us][CH1-Dispenser] E1 ED EF FA FF F8 E8 F8 FF EB EC 37 F5 8D 24 F1 F1 A2 93 F4 F8 E2
[T+5316659172us][CH1-Dispenser] E1 E9
[T+5316656172us][CH2-Pc    ] E1
[T+5316725197us][CH2-Pc    ] F0
[T+5316733734us][CH1-Dispenser] F0 F8
[T+5316803172us][CH2-Pc    ] E0
[T+5316804174us][CH1-Dispenser] E0
[T+5316978306us][CH1-Dispenser] E1
[T+5316978173us][CH2-Pc    ] E1
[T+5317153196us][CH2-Pc    ] F0
[T+5317159200us][CH1-Dispenser] F0 F8
[T+5317232172us][CH2-Pc    ] F1
[T+5317238200us][CH1-Dispenser] F1 ED
[T+5317260172us][CH2-Pc    ] E1
[T+5317356305us][CH1-Dispenser] E1 ED EF FA FF F8 E8 F8 FF
[T+5317356173us][CH2-Pc    ] EF FA FF F8 E8 F8 FF
[T+5317379302us][CH1-Dispenser] EB
[T+5317379173us][CH2-Pc    ] EB
[T+5317400172us][CH2-Pc    ] EC
[T+5317425172us][CH1-Dispenser] EC 37 AB 8D 24 A3 A3 12 68 F4 2C 22
[T+5317492174us][CH2-Pc    ] E1
[T+5317500179us][CH1-Dispenser] E1 E9
[T+5317584196us][CH2-Pc    ] F0
[T+5317590202us][CH1-Dispenser] F0 F8
[T+5317662305us][CH1-Dispenser] E0
[T+5317662173us][CH2-Pc    ] E0
[T+5317837307us][CH1-Dispenser] E1
[T+5317837174us][CH2-Pc    ] E1
[T+5318012172us][CH2-Pc    ] F0
[T+5318018202us][CH1-Dispenser] F0 F8
[T+5318090173us][CH2-Pc    ] F1
[T+5318094172us][CH1-Dispenser] F1 ED
[T+5318117578us][CH2-Pc    ] E1
[T+5318150306us][CH1-Dispenser] E1 ED EF FA
[T+5318150173us][CH2-Pc    ] EF FA
[T+5318173300us][CH1-Dispenser] FF
[T+5318173173us][CH2-Pc    ] FF
[T+5318257172us][CH2-Pc    ] F8 E8 F8 FF EB EC
[T+5318287197us][CH1-Dispenser] F8 E8 F8 FF EB EC 37 AB 3D F5 F1 A3 12 68 F4 2C 22
[T+5318360172us][CH2-Pc    ] E1
[T+5318365172us][CH1-Dispenser] E1 E9
[T+5318447172us][CH2-Pc    ] F0
[T+5318455172us][CH1-Dispenser] F0 F8
[T+5318525307us][CH1-Dispenser] E0
[T+5318525173us][CH2-Pc    ] E0
[T+5318700307us][CH1-Dispenser] E1
[T+5318700173us][CH2-Pc    ] E1
[T+5318875172us][CH2-Pc    ] F0
[T+5318880173us][CH1-Dispenser] F0 F8
[T+5318953172us][CH2-Pc    ] F1
[T+5318959202us][CH1-Dispenser] F1 ED
[T+5318980172us][CH2-Pc    ] E1
[T+5319102172us][CH2-Pc    ] EF FA FF F8 E8 F8 FF EB EC
[T+5319132197us][CH1-Dispenser] E1 ED EF FA FF F8 E8 F8 FF EB EC 37 F5 8D 24 A3 A3 A2 13 22 1C A2
[T+5319205172us][CH2-Pc    ] E1
[T+5319210172us][CH1-Dispenser] E1 E9
[T+5319283172us][CH2-Pc    ] F0
[T+5319290172us][CH1-Dispenser] F0 F8
[T+5319361305us][CH1-Dispenser] E0
[T+5319361173us][CH2-Pc    ] E0
[T+5319549308us][CH1-Dispenser] E1
[T+5319549173us][CH2-Pc    ] E1
[T+5319713172us][CH2-Pc    ] F0
[T+5319719200us][CH1-Dispenser] F0 F8
[T+5319791197us][CH2-Pc    ] F1
[T+5319818172us][CH2-Pc    ] E1
[T+5319940172us][CH2-Pc    ] EF FA FF F8 E8 F8 FF EB EC
[T+5319971172us][CH1-Dispenser] F1 ED E1 ED EF FA FF F8 E8 F8 FF EB EC 37 AB 8D 24 E1 F1 12 68 F4 2C 22
[T+5320043197us][CH2-Pc    ] E1
[T+5320052275us][CH1-Dispenser] E1 E9
[T+5320124172us][CH1-Dispenser] F0 F8
[T+5320121172us][CH2-Pc    ] F0
[T+5320188306us][CH1-Dispenser] E0
[T+5320188173us][CH2-Pc    ] E0
[T+5320352308us][CH1-Dispenser] E1
[T+5320352174us][CH2-Pc    ] E1
[T+5320527172us][CH2-Pc    ] F0
[T+5320535172us][CH1-Dispenser] F0 F8
[T+5320605172us][CH2-Pc    ] F1
[T+5320609172us][CH1-Dispenser] F1 ED
[T+5320633196us][CH2-Pc    ] E1
[T+5320653172us][CH1-Dispenser] E1 ED EF
[T+5320654172us][CH2-Pc    ] EF
[T+5320683308us][CH1-Dispenser] FA
[T+5320683173us][CH2-Pc    ] FA
[T+5320779197us][CH2-Pc    ] FF F8 E8 F8 FF EB EC
[T+5320807172us][CH1-Dispenser] FF F8 E8 F8 FF EB EC 37 F5 3D F5 F1 F1 A2 F5 F4 38 E2
[T+5320831196us][CH2-Pc    ] E1
[T+5321004310us][CH1-Dispenser] E1 ED EF F8 FC ED F8 FD F8 F9 E8 E8 FF EB EC
[T+5321004174us][CH2-Pc    ] EF F8 FC ED F8 FD F8 F9 E8 E8 FF EB EC
[T+5321093172us][CH2-Pc    ] F1
[T+5321100172us][CH1-Dispenser] F1 ED
[T+5321121172us][CH2-Pc    ] E1
[T+5321154307us][CH1-Dispenser] E1 ED EF F8
[T+5321154173us][CH2-Pc    ] EF F8
[T+5321176300us][CH1-Dispenser] FD
[T+5321176173us][CH2-Pc    ] FD
[T+5321311308us][CH1-Dispenser] FE F8 F8 F8 F8 E9 F8 FF F8 EC
[T+5321311174us][CH2-Pc    ] FE F8 F8 F8 F8 E9 F8 FF F8 EC
[T+5321401196us][CH2-Pc    ] F1
[T+5321428173us][CH1-Dispenser] F1 ED E5
[T+5321428304us][CH2-Pc    ] E5
[T+5321515172us][CH2-Pc    ] F1
[T+5321521201us][CH1-Dispenser] F1 F5
[T+5321594172us][CH2-Pc    ] E1
[T+5321600200us][CH1-Dispenser] E1 E9
[T+5321675172us][CH2-Pc    ] F0
[T+5321681200us][CH1-Dispenser] F0 F8
[T+5321754306us][CH1-Dispenser] E0
[T+5321754173us][CH2-Pc    ] E0
[T+5321939305us][CH1-Dispenser] E1
[T+5321939173us][CH2-Pc    ] E1
[T+5322103172us][CH2-Pc    ] F0
[T+5322109200us][CH1-Dispenser] F0 E8
[T+5322181197us][CH2-Pc    ] F1
[T+5322190179us][CH1-Dispenser] F1 F5
[T+5322760172us][CH2-Pc    ] E1
[T+5322765174us][CH1-Dispenser] E1 E9
[T+5322838172us][CH2-Pc    ] F0
[T+5322845172us][CH1-Dispenser] F0 F8
[T+5322916304us][CH1-Dispenser] E0
[T+5322916173us][CH2-Pc    ] E0
[T+5323090307us][CH1-Dispenser] E1
[T+5323090173us][CH2-Pc    ] E1
[T+5323269173us][CH1-Dispenser] F0 F8
[T+5323265172us][CH2-Pc    ] F0
[T+5323343172us][CH2-Pc    ] F1
[T+5323348172us][CH1-Dispenser] F1 F5
[T+5323371172us][CH2-Pc    ] F9
[T+5323385172us][CH1-Dispenser] F9 38 38 38
[T+5323450172us][CH2-Pc    ] E1
[T+5323457172us][CH1-Dispenser] E1 E9
[T+5323528172us][CH2-Pc    ] F0
[T+5323536821us][CH1-Dispenser] F0 F8
[T+5323606307us][CH1-Dispenser] E0
[T+5323606173us][CH2-Pc    ] E0
[T+5323781307us][CH1-Dispenser] E1
[T+5323781173us][CH2-Pc    ] E1
[T+5323945172us][CH2-Pc    ] F0
[T+5323949172us][CH1-Dispenser] F0 F8
[T+5324023172us][CH2-Pc    ] F1
[T+5324050172us][CH2-Pc    ] F9
[T+5324061179us][CH1-Dispenser] F1 F5 F9 38 38 38
[T+5324129172us][CH2-Pc    ] E1
[T+5324135200us][CH1-Dispenser] E1 E9
[T+5324208172us][CH2-Pc    ] F0
[T+5324214200us][CH1-Dispenser] F0 F8
[T+5324286305us][CH1-Dispenser] E0
[T+5324286173us][CH2-Pc    ] E0
[T+5324469305us][CH1-Dispenser] E1
[T+5324469173us][CH2-Pc    ] E1
[T+5324634172us][CH2-Pc    ] F0
[T+5324643334us][CH1-Dispenser] F0 F8
[T+5324709197us][CH2-Pc    ] F1
[T+5324736172us][CH2-Pc    ] F9
[T+5324748214us][CH1-Dispenser] F1 F5 F9 38 38 38
[T+5324815172us][CH2-Pc    ] E1
[T+5324820172us][CH1-Dispenser] E1 E9
[T+5324893172us][CH2-Pc    ] F0
[T+5324900172us][CH1-Dispenser] F0 F8
[T+5324971309us][CH1-Dispenser] E0
[T+5324971173us][CH2-Pc    ] E0
[T+5325157309us][CH1-Dispenser] E1
[T+5325157173us][CH2-Pc    ] E1
[T+5325329172us][CH2-Pc    ] F0
[T+5325334173us][CH1-Dispenser] F0 F8
[T+5325407172us][CH2-Pc    ] F1
[T+5325434172us][CH2-Pc    ] F9
[T+5325450172us][CH1-Dispenser] F1 F5 F9 29 70 38
[T+5325523172us][CH2-Pc    ] E1
[T+5325530172us][CH1-Dispenser] E1 E9
[T+5325601172us][CH2-Pc    ] F0
[T+5325605172us][CH1-Dispenser] F0 F8
[T+5325679305us][CH1-Dispenser] E0
[T+5325679173us][CH2-Pc    ] E0
[T+5325854308us][CH1-Dispenser] E1
[T+5325854173us][CH2-Pc    ] E1
[T+5326029172us][CH2-Pc    ] F0
[T+5326035200us][CH1-Dispenser] F0 F8
[T+5326107197us][CH2-Pc    ] F1
[T+5326135172us][CH2-Pc    ] F9
[T+5326147242us][CH1-Dispenser] F1 F5 F9 AA 39 38
[T+5326213196us][CH2-Pc    ] E1
[T+5326220172us][CH1-Dispenser] E1 E9
[T+5326292172us][CH2-Pc    ] F0
[T+5326295172us][CH1-Dispenser] F0 E8
[T+5326370308us][CH1-Dispenser] E0
[T+5326370173us][CH2-Pc    ] E0
[T+5326540306us][CH1-Dispenser] E1
[T+5326540173us][CH2-Pc    ] E1
[T+5326718172us][CH2-Pc    ] F0
[T+5326724200us][CH1-Dispenser] F0 F8
[T+5326795172us][CH2-Pc    ] F1
[T+5326823172us][CH2-Pc    ] F9
[T+5326836300us][CH1-Dispenser] F1 F5 F9 29 ED 38
[T+5326902196us][CH2-Pc    ] E1
[T+5326911783us][CH1-Dispenser] E1 E9
[T+5326980172us][CH2-Pc    ] F0
[T+5326985172us][CH1-Dispenser] F0 F8
[T+5327058306us][CH1-Dispenser] E0
[T+5327058173us][CH2-Pc    ] E0
[T+5327234304us][CH1-Dispenser] E1
[T+5327234173us][CH2-Pc    ] E1
[T+5327398172us][CH2-Pc    ] F0
[T+5327404200us][CH1-Dispenser] F0 F8
[T+5327477172us][CH2-Pc    ] F1
[T+5327483200us][CH1-Dispenser] F1 F5
[T+5327504172us][CH2-Pc    ] F9
[T+5327516213us][CH1-Dispenser] F9 AA 3A 38
[T+5327583172us][CH2-Pc    ] E1
[T+5327593179us][CH1-Dispenser] E1 E9
[T+5327665173us][CH1-Dispenser] F0 F8
[T+5327661172us][CH2-Pc    ] F0
[T+5327739308us][CH1-Dispenser] E0
[T+5327739175us][CH2-Pc    ] E0
[T+5327914308us][CH1-Dispenser] E1
[T+5327914174us][CH2-Pc    ] E1
[T+5328089172us][CH2-Pc    ] F0
[T+5328095202us][CH1-Dispenser] F0 F8
[T+5328167197us][CH2-Pc    ] F1
[T+5328194172us][CH2-Pc    ] F9
[T+5328207172us][CH1-Dispenser] F1 F5 F9 79 39 70
[T+5328274172us][CH2-Pc    ] E1
[T+5328281172us][CH1-Dispenser] E1 E9
[T+5328352172us][CH2-Pc    ] F0
[T+5328360814us][CH1-Dispenser] F0 F8
[T+5328430304us][CH1-Dispenser] E0
[T+5328430173us][CH2-Pc    ] E0
[T+5328605308us][CH1-Dispenser] E1
[T+5328605174us][CH2-Pc    ] E1
[T+5328780173us][CH2-Pc    ] F0
[T+5328786200us][CH1-Dispenser] F0 F8
[T+5328858415us][CH2-Pc    ] F1
[T+5328886172us][CH2-Pc    ] F9
[T+5328896179us][CH1-Dispenser] F1 F5 F9 29 69 70
[T+5328963228us][CH2-Pc    ] E1
[T+5328971172us][CH1-Dispenser] E1 E9
[T+5329041172us][CH2-Pc    ] F0
[T+5329045172us][CH1-Dispenser] F0 F8
[T+5329109305us][CH1-Dispenser] E0
[T+5329109173us][CH2-Pc    ] E0
[T+5329273313us][CH1-Dispenser] E1
[T+5329273175us][CH2-Pc    ] E1
[T+5329451172us][CH2-Pc    ] F0
[T+5329455172us][CH1-Dispenser] F0 F8
[T+5329529172us][CH2-Pc    ] F1
[T+5329534173us][CH1-Dispenser] F1 F5
[T+5329556172us][CH2-Pc    ] F9
[T+5329570172us][CH1-Dispenser] F9 EA 28 71
[T+5329645172us][CH2-Pc    ] E1
[T+5329650172us][CH1-Dispenser] E1 E9
[T+5329725172us][CH2-Pc    ] F0
[T+5329729172us][CH1-Dispenser] F0 F8
[T+5329803304us][CH1-Dispenser] E0
[T+5329803173us][CH2-Pc    ] E0
[T+5329978305us][CH1-Dispenser] E1
[T+5329978173us][CH2-Pc    ] E1
[T+5330153172us][CH2-Pc    ] F0
[T+5330160172us][CH1-Dispenser] F0 F8
[T+5330247172us][CH2-Pc    ] F1 F9
[T+5330261172us][CH1-Dispenser] F1 F5 F9 F9 F3 8E F8
[T+5330326172us][CH2-Pc    ] E1
[T+5330330172us][CH1-Dispenser] E1 E9
[T+5330404172us][CH2-Pc    ] F0
[T+5330411172us][CH1-Dispenser] F0 F8
[T+5330482306us][CH1-Dispenser] E0
[T+5330482173us][CH2-Pc    ] E0
[T+5330657922us][CH1-Dispenser] E1
[T+5330657591us][CH2-Pc    ] E1
[T+5330821172us][CH2-Pc    ] F0
[T+5330825173us][CH1-Dispenser] F0 F8
[T+5330899172us][CH2-Pc    ] F1
[T+5330904172us][CH1-Dispenser] F1 F5
[T+5330926172us][CH2-Pc    ] F9
[T+5330936179us][CH1-Dispenser] F9 78 3A F1
[T+5331006172us][CH2-Pc    ] E1
[T+5331011174us][CH1-Dispenser] E1 E9
[T+5331084172us][CH2-Pc    ] F0
[T+5331090202us][CH1-Dispenser] F0 F8
[T+5331163307us][CH1-Dispenser] E0
[T+5331163174us][CH2-Pc    ] E0
[T+5331337308us][CH1-Dispenser] E1
[T+5331337173us][CH2-Pc    ] E1
[T+5331513172us][CH2-Pc    ] F0
[T+5331521172us][CH1-Dispenser] F0 F8
[T+5331591172us][CH2-Pc    ] F1
[T+5331595172us][CH1-Dispenser] F1 F5
[T+5331619203us][CH2-Pc    ] F9
[T+5331632173us][CH1-Dispenser] F9 A9 31 38
[T+5331698197us][CH2-Pc    ] E1
[T+5331706172us][CH1-Dispenser] E1 E9
[T+5331776172us][CH2-Pc    ] F0
[T+5331780172us][CH1-Dispenser] F0 F8
[T+5331854304us][CH1-Dispenser] E0
[T+5331854173us][CH2-Pc    ] E0
[T+5332029307us][CH1-Dispenser] E1
[T+5332029174us][CH2-Pc    ] E1
[T+5332204196us][CH2-Pc    ] F0
[T+5332210202us][CH1-Dispenser] F0 F8
[T+5332282197us][CH2-Pc    ] F1
[T+5332291179us][CH1-Dispenser] F1 F5
[T+5332326172us][CH2-Pc    ] F9
[T+5332337775us][CH1-Dispenser] F9 78 7B 38
[T+5332405172us][CH2-Pc    ] E1
[T+5332413172us][CH1-Dispenser] E1 E9
[T+5332483172us][CH2-Pc    ] F0
[T+5332490172us][CH1-Dispenser] F0 F8
[T+5332561304us][CH1-Dispenser] E0
[T+5332561173us][CH2-Pc    ] E0
[T+5332736305us][CH1-Dispenser] E1
[T+5332736173us][CH2-Pc    ] E1
[T+5332900172us][CH2-Pc    ] F0
[T+5332905172us][CH1-Dispenser] F0 F8
[T+5332978172us][CH2-Pc    ] F1
[T+5333005172us][CH2-Pc    ] F9
[T+5333017782us][CH1-Dispenser] F1 F5 F9 28 39 70
[T+5333084172us][CH2-Pc    ] E1
[T+5333094179us][CH1-Dispenser] E1 E9
[T+5333163174us][CH2-Pc    ] F0
[T+5333171172us][CH1-Dispenser] F0 E8
[T+5333241307us][CH1-Dispenser] E0
[T+5333241173us][CH2-Pc    ] E0
[T+5333415306us][CH1-Dispenser] E1
[T+5333415173us][CH2-Pc    ] E1
[T+5333590172us][CH2-Pc    ] F0
[T+5333595172us][CH1-Dispenser] F0 F8
[T+5333668172us][CH2-Pc    ] F1
[T+5333675172us][CH1-Dispenser] F1 F5
[T+5333696172us][CH2-Pc    ] F9
[T+5333707232us][CH1-Dispenser] F9 68 39 8B F8
[T+5333774172us][CH2-Pc    ] E1
[T+5333782172us][CH1-Dispenser] E1 E9
[T+5333852172us][CH2-Pc    ] F0
[T+5333856172us][CH1-Dispenser] F0 F8
[T+5333930305us][CH1-Dispenser] E0
[T+5333930173us][CH2-Pc    ] E0
[T+5334105307us][CH1-Dispenser] E1
[T+5334105173us][CH2-Pc    ] E1
[T+5334280172us][CH2-Pc    ] F0
[T+5334288174us][CH1-Dispenser] F0 F8
[T+5334358172us][CH2-Pc    ] F1
[T+5334385172us][CH2-Pc    ] F9
[T+5334396357us][CH1-Dispenser] F1 F5 F9 68 77 8F F8
[T+5334463172us][CH2-Pc    ] E1
[T+5334470172us][CH1-Dispenser] E1 E9
[T+5334546172us][CH1-Dispenser] F0 F8
[T+5334542172us][CH2-Pc    ] F0
[T+5334620305us][CH1-Dispenser] E0
[T+5334620173us][CH2-Pc    ] E0
[T+5334795304us][CH1-Dispenser] E1
[T+5334795173us][CH2-Pc    ] E1
[T+5334969197us][CH2-Pc    ] F0
[T+5334975200us][CH1-Dispenser] F0 F8
[T+5335047197us][CH2-Pc    ] F1
[T+5335054172us][CH1-Dispenser] F1 F5
[T+5335086172us][CH2-Pc    ] F9
[T+5335098213us][CH1-Dispenser] F9 69 E9 38
[T+5335165172us][CH2-Pc    ] E1
[T+5335171200us][CH1-Dispenser] E1 E9
[T+5335243197us][CH2-Pc    ] F0
[T+5335253150us][CH1-Dispenser] F0 F8
[T+5335322304us][CH1-Dispenser] E0
[T+5335322173us][CH2-Pc    ] E0
[T+5335497304us][CH1-Dispenser] E1
[T+5335497173us][CH2-Pc    ] E1
[T+5335671172us][CH2-Pc    ] F0
[T+5335676173us][CH1-Dispenser] F0 F8
[T+5335750172us][CH2-Pc    ] F1
[T+5335754174us][CH1-Dispenser] F1 F5
[T+5335777172us][CH2-Pc    ] F9
[T+5335792172us][CH1-Dispenser] F9 6A A9 38
[T+5335867172us][CH2-Pc    ] E1
[T+5335870172us][CH1-Dispenser] E1 E9
[T+5335945172us][CH2-Pc    ] F0
[T+5335951201us][CH1-Dispenser] F0 F8
[T+5336023305us][CH1-Dispenser] E0
[T+5336023173us][CH2-Pc    ] E0
[T+5336202306us][CH1-Dispenser] E1
[T+5336202173us][CH2-Pc    ] E1
[T+5336380173us][CH1-Dispenser] F0 F8
[T+5336377172us][CH2-Pc    ] F0
[T+5336444172us][CH2-Pc    ] F1
[T+5336450200us][CH1-Dispenser] F1 F5
[T+5336471172us][CH2-Pc    ] F9
[T+5336481172us][CH1-Dispenser] F9 E9 A9 38
[T+5336550172us][CH2-Pc    ] E1
[T+5336559822us][CH1-Dispenser] E1 E9
[T+5336628172us][CH2-Pc    ] F0
[T+5336636782us][CH1-Dispenser] F0 F8
[T+5336707305us][CH1-Dispenser] E0
[T+5336707173us][CH2-Pc    ] E0
[T+5336892305us][CH1-Dispenser] E1
[T+5336892173us][CH2-Pc    ] E1
[T+5337060173us][CH2-Pc    ] F0
[T+5337065172us][CH1-Dispenser] F0 F8
[T+5337138172us][CH2-Pc    ] F1
[T+5337144201us][CH1-Dispenser] F1 F5
[T+5337165172us][CH2-Pc    ] F9
[T+5337177213us][CH1-Dispenser] F9 69 A9 70
[T+5337244172us][CH2-Pc    ] E1
[T+5337251172us][CH1-Dispenser] E1 E9
[T+5337323198us][CH2-Pc    ] F0
[T+5337330172us][CH1-Dispenser] F0 E8
[T+5337401306us][CH1-Dispenser] E0
[T+5337401173us][CH2-Pc    ] E0
[T+5337576308us][CH1-Dispenser] E1
[T+5337576173us][CH2-Pc    ] E1
[T+5337750197us][CH2-Pc    ] F0
[T+5337758179us][CH1-Dispenser] F0 F8
[T+5337829172us][CH2-Pc    ] F1
[T+5337856172us][CH2-Pc    ] F9
[T+5337866179us][CH1-Dispenser] F1 F5 F9 3A B7 83 F8
[T+5337934172us][CH2-Pc    ] E1
[T+5337943179us][CH1-Dispenser] E1 E9
[T+5338012172us][CH2-Pc    ] F0
[T+5338016172us][CH1-Dispenser] F0 F8
[T+5338090305us][CH1-Dispenser] E0
[T+5338090174us][CH2-Pc    ] E0
[T+5338270305us][CH1-Dispenser] E1
[T+5338270173us][CH2-Pc    ] E1
[T+5338455172us][CH2-Pc    ] F0
[T+5338461202us][CH1-Dispenser] F0 F8
[T+5338533198us][CH2-Pc    ] F1
[T+5338560172us][CH2-Pc    ] F9
[T+5338573172us][CH1-Dispenser] F1 F5 F9 6A 29 71
[T+5338639197us][CH2-Pc    ] E1
[T+5338645206us][CH1-Dispenser] E1 E9
[T+5338719172us][CH2-Pc    ] F0
[T+5338726172us][CH1-Dispenser] F0 F8
[T+5338797307us][CH1-Dispenser] E0
[T+5338797173us][CH2-Pc    ] E0
[T+5338963305us][CH1-Dispenser] E1
[T+5338963173us][CH2-Pc    ] E1
[T+5339139172us][CH2-Pc    ] F0
[T+5339146172us][CH1-Dispenser] F0 F8
[T+5339217172us][CH2-Pc    ] F1
[T+5339244172us][CH2-Pc    ] F9
[T+5339256213us][CH1-Dispenser] F1 F5 F9 28 29 70
[T+5339323172us][CH2-Pc    ] E1
[T+5339326172us][CH1-Dispenser] E1 E9
[T+5339390172us][CH2-Pc    ] F0
[T+5339396202us][CH1-Dispenser] F0 F8
[T+5339468305us][CH1-Dispenser] E0
[T+5339468173us][CH2-Pc    ] E0
[T+5339634307us][CH1-Dispenser] E1
[T+5339634173us][CH2-Pc    ] E1
[T+5339808197us][CH2-Pc    ] F0
[T+5339815172us][CH1-Dispenser] F0 F8
[T+5339886172us][CH2-Pc    ] F1
[T+5339891172us][CH1-Dispenser] F1 F5
[T+5339913172us][CH2-Pc    ] F9
[T+5339927172us][CH1-Dispenser] F9 A8 72 C7 F8
[T+5340003172us][CH2-Pc    ] E1
[T+5340011179us][CH1-Dispenser] E1 E9
[T+5340081172us][CH2-Pc    ] F0
[T+5340087200us][CH1-Dispenser] F0 F8
[T+5340160306us][CH1-Dispenser] E0
[T+5340160173us][CH2-Pc    ] E0
[T+5340345305us][CH1-Dispenser] E1
[T+5340345173us][CH2-Pc    ] E1
[T+5340509172us][CH2-Pc    ] F0
[T+5340515200us][CH1-Dispenser] F0 F8
[T+5340587197us][CH2-Pc    ] F1
[T+5340614172us][CH2-Pc    ] F9
[T+5340627172us][CH1-Dispenser] F1 F5 F9 78 79 38
[T+5340694172us][CH2-Pc    ] E1
[T+5340701172us][CH1-Dispenser] E1 E9
[T+5340772172us][CH2-Pc    ] F0
[T+5340777172us][CH1-Dispenser] F0 F8
[T+5340850304us][CH1-Dispenser] E0
[T+5340850173us][CH2-Pc    ] E0
[T+5341025308us][CH1-Dispenser] E1
[T+5341025174us][CH2-Pc    ] E1
[T+5341199196us][CH2-Pc    ] F0
[T+5341206810us][CH1-Dispenser] F0 F8
[T+5341278197us][CH2-Pc    ] F1
[T+5341305172us][CH2-Pc    ] F9
[T+5341316179us][CH1-Dispenser] F1 F5 F9 29 25 28
[T+5341383172us][CH2-Pc    ] E1
[T+5341393339us][CH1-Dispenser] E1 E9
[T+5341476172us][CH2-Pc    ] F0
[T+5341481172us][CH1-Dispenser] F0 F8
[T+5341554307us][CH1-Dispenser] E0
[T+5341554173us][CH2-Pc    ] E0
[T+5341729306us][CH1-Dispenser] E1
[T+5341729173us][CH2-Pc    ] E1
[T+5341904172us][CH2-Pc    ] F0
[T+5341911172us][CH1-Dispenser] F0 F8
[T+5341982172us][CH2-Pc    ] F1
[T+5341986172us][CH1-Dispenser] F1 F5
[T+5342009172us][CH2-Pc    ] F9
[T+5342025172us][CH1-Dispenser] F9 B8 29 28
[T+5342098172us][CH2-Pc    ] E1
[T+5342107179us][CH1-Dispenser] E1 E9
[T+5342176172us][CH2-Pc    ] F0
[T+5342182201us][CH1-Dispenser] F0 F8
[T+5342254303us][CH1-Dispenser] E0
[T+5342254173us][CH2-Pc    ] E0
[T+5342429304us][CH1-Dispenser] E1
[T+5342429173us][CH2-Pc    ] E1
[T+5342604172us][CH2-Pc    ] F0
[T+5342612172us][CH1-Dispenser] F0 F8
[T+5342682172us][CH2-Pc    ] F1
[T+5342686172us][CH1-Dispenser] F1 F5
[T+5342709172us][CH2-Pc    ] F9
[T+5342721213us][CH1-Dispenser] F9 28 72 70
[T+5342787174us][CH2-Pc    ] E1
[T+5342791173us][CH1-Dispenser] E1 E9
[T+5342865172us][CH2-Pc    ] F0
[T+5342870172us][CH1-Dispenser] F0 F8
[T+5342945306us][CH1-Dispenser] E0
[T+5342945173us][CH2-Pc    ] E0
[T+5343119307us][CH1-Dispenser] E1
[T+5343119173us][CH2-Pc    ] E1
[T+5343294172us][CH2-Pc    ] F0
[T+5343303828us][CH1-Dispenser] F0 F8
[T+5343372172us][CH2-Pc    ] F1
[T+5343400173us][CH2-Pc    ] F9
[T+5343412213us][CH1-Dispenser] F1 F5 F9 B9 69 B3
[T+5343478197us][CH2-Pc    ] E1
[T+5343485172us][CH1-Dispenser] E1 E9
[T+5343556172us][CH2-Pc    ] F0
[T+5343562200us][CH1-Dispenser] F0 F8
[T+5343634306us][CH1-Dispenser] E0
[T+5343634174us][CH2-Pc    ] E0
[T+5343809473us][CH1-Dispenser] E1
[T+5343809173us][CH2-Pc    ] E1
[T+5343984172us][CH2-Pc    ] F0
[T+5343990200us][CH1-Dispenser] F0 F8
[T+5344062173us][CH2-Pc    ] F1
[T+5344066172us][CH1-Dispenser] F1 F5
[T+5344089172us][CH2-Pc    ] F9
[T+5344103172us][CH1-Dispenser] F9 A8 69 70
[T+5344168172us][CH2-Pc    ] E1
[T+5344177172us][CH1-Dispenser] E1 E9
[T+5344246172us][CH2-Pc    ] F0
[T+5344252376us][CH1-Dispenser] F0 F8
[T+5344324310us][CH1-Dispenser] E0
[T+5344324175us][CH2-Pc    ] E0
[T+5344499305us][CH1-Dispenser] E1
[T+5344499173us][CH2-Pc    ] E1
[T+5344670173us][CH2-Pc    ] F0
[T+5344675180us][CH1-Dispenser] F0 FE
[T+5344748172us][CH2-Pc    ] F1
[T+5344755172us][CH1-Dispenser] F1 F5
[T+5344776172us][CH2-Pc    ] F9
[T+5344789172us][CH1-Dispenser] F9 39 2A 33
[T+5344854172us][CH2-Pc    ] E1
[T+5344862172us][CH1-Dispenser] E1 E9
[T+5344932172us][CH2-Pc    ] F0
[T+5344937196us][CH1-Dispenser] F0 F8
[T+5345010305us][CH1-Dispenser] E0
[T+5345010173us][CH2-Pc    ] E0
[T+5345185305us][CH1-Dispenser] E1
[T+5345185174us][CH2-Pc    ] E1
[T+5345360172us][CH2-Pc    ] F0
[T+5345370179us][CH1-Dispenser] F0 F8
[T+5345438172us][CH2-Pc    ] F1
[T+5345465172us][CH2-Pc    ] F9
[T+5345476179us][CH1-Dispenser] F1 F5 F9 38 B9 28
[T+5345543196us][CH2-Pc    ] E1
[T+5345556172us][CH1-Dispenser] E1 E9
[T+5345621172us][CH2-Pc    ] F0
[T+5345626172us][CH1-Dispenser] F0 E8
[T+5345699304us][CH1-Dispenser] E0
[T+5345699173us][CH2-Pc    ] E0
[T+5345874307us][CH1-Dispenser] E1
[T+5345874173us][CH2-Pc    ] E1
[T+5346038172us][CH2-Pc    ] F0
[T+5346046179us][CH1-Dispenser] F0 F8
[T+5346132172us][CH2-Pc    ] F1 F9
[T+5346148172us][CH1-Dispenser] F1 F5 F9 E9 DF 8E F8
[T+5346226172us][CH1-Dispenser] E1 E9
[T+5346223172us][CH2-Pc    ] E1
[T+5346290172us][CH2-Pc    ] F0
[T+5346296200us][CH1-Dispenser] F0 F8
[T+5346368304us][CH1-Dispenser] E0
[T+5346368173us][CH2-Pc    ] E0
[T+5346543305us][CH1-Dispenser] E1
[T+5346543173us][CH2-Pc    ] E1
[T+5346718172us][CH2-Pc    ] F0
[T+5346726172us][CH1-Dispenser] F0 F8
[T+5346796172us][CH2-Pc    ] F1
[T+5346823172us][CH2-Pc    ] F9
[T+5346838172us][CH1-Dispenser] F1 F5 F9 E9 35 1B F8
[T+5346919172us][CH2-Pc    ] E1
[T+5346927172us][CH1-Dispenser] E1 E9
[T+5346996172us][CH2-Pc    ] F0
[T+5347002302us][CH1-Dispenser] F0 F8
[T+5347074304us][CH1-Dispenser] E0
[T+5347074173us][CH2-Pc    ] E0
[T+5347249304us][CH1-Dispenser] E1
[T+5347249173us][CH2-Pc    ] E1
[T+5347413172us][CH2-Pc    ] F0
[T+5347420172us][CH1-Dispenser] F0 F8
[T+5347491172us][CH2-Pc    ] F1
[T+5347496175us][CH1-Dispenser] F1 F5
[T+5347519176us][CH2-Pc    ] F9
[T+5347532172us][CH1-Dispenser] F9 29 A9 33
[T+5347597172us][CH2-Pc    ] E1
[T+5347602175us][CH1-Dispenser] E1 E9
[T+5347675172us][CH2-Pc    ] F0
[T+5347681202us][CH1-Dispenser] F0 F8
[T+5347753306us][CH1-Dispenser] E0
[T+5347753173us][CH2-Pc    ] E0
[T+5347939309us][CH1-Dispenser] E1
[T+5347939173us][CH2-Pc    ] E1
[T+5348103172us][CH2-Pc    ] F0
[T+5348115213us][CH1-Dispenser] F0 E8
[T+5348181196us][CH2-Pc    ] F1
[T+5348187200us][CH1-Dispenser] F1 F5
[T+5348208172us][CH2-Pc    ] F9
[T+5348222172us][CH1-Dispenser] F9 69 77 9F F8
[T+5348286172us][CH2-Pc    ] E1
[T+5348292201us][CH1-Dispenser] E1 E9
[T+5348364197us][CH2-Pc    ] F0
[T+5348371172us][CH1-Dispenser] F0 F8
[T+5348442305us][CH1-Dispenser] E0
[T+5348442173us][CH2-Pc    ] E0
[T+5348617307us][CH1-Dispenser] E1
[T+5348617174us][CH2-Pc    ] E1
[T+5348792172us][CH2-Pc    ] F0
[T+5348796173us][CH1-Dispenser] F0 FE
[T+5348870172us][CH2-Pc    ] F1
[T+5348876200us][CH1-Dispenser] F1 F5
[T+5348898176us][CH2-Pc    ] F9
[T+5348912172us][CH1-Dispenser] F9 69 29 28
[T+5348987172us][CH2-Pc    ] E1
[T+5348991172us][CH1-Dispenser] E1 E9
[T+5349066172us][CH2-Pc    ] F0
[T+5349071172us][CH1-Dispenser] F0 F8
[T+5349144305us][CH1-Dispenser] E0
[T+5349144173us][CH2-Pc    ] E0
[T+5349329307us][CH1-Dispenser] E1
[T+5349329174us][CH2-Pc    ] E1
[T+5349493172us][CH2-Pc    ] F0
[T+5349501814us][CH1-Dispenser] F0 F8
[T+5349571172us][CH2-Pc    ] F1
[T+5349575172us][CH1-Dispenser] F1 F5
[T+5349599197us][CH2-Pc    ] F9
[T+5349612237us][CH1-Dispenser] F9 79 B9 28
[T+5349678172us][CH2-Pc    ] E1
[T+5349682172us][CH1-Dispenser] E1 E9
[T+5349756172us][CH2-Pc    ] F0
[T+5349762200us][CH1-Dispenser] F0 F8
[T+5349834305us][CH1-Dispenser] E0
[T+5349834173us][CH2-Pc    ] E0
[T+5350009311us][CH1-Dispenser] E1
[T+5350009173us][CH2-Pc    ] E1
[T+5350181172us][CH2-Pc    ] F0
[T+5350187200us][CH1-Dispenser] F0 F8
[T+5350259196us][CH2-Pc    ] F1
[T+5350286172us][CH2-Pc    ] F9
[T+5350297179us][CH1-Dispenser] F1 F5 F9 39 AA 28
[T+5350364172us][CH2-Pc    ] E1
[T+5350374172us][CH1-Dispenser] E1 E9
[T+5350442172us][CH2-Pc    ] F0
[T+5350447172us][CH1-Dispenser] F0 F8
[T+5350521307us][CH1-Dispenser] E0
[T+5350521173us][CH2-Pc    ] E0
[T+5350696309us][CH1-Dispenser] E1
[T+5350696174us][CH2-Pc    ] E1
[T+5350870197us][CH2-Pc    ] F0
[T+5350876202us][CH1-Dispenser] F0 F8
[T+5350948196us][CH2-Pc    ] F1
[T+5350976172us][CH2-Pc    ] F9
[T+5350990172us][CH1-Dispenser] F1 F5 F9 69 77 7B F0
[T+5351065172us][CH2-Pc    ] E1
[T+5351074791us][CH1-Dispenser] E1 E9
[T+5351144172us][CH2-Pc    ] F0
[T+5351152179us][CH1-Dispenser] F0 F8
[T+5351222306us][CH1-Dispenser] E0
[T+5351222173us][CH2-Pc    ] E0
[T+5351408173us][CH1-Dispenser] E1
[T+5351407179us][CH2-Pc    ] E1
[T+5351571172us][CH2-Pc    ] F0
[T+5351575173us][CH1-Dispenser] F0 F8
[T+5351649172us][CH2-Pc    ] F1
[T+5351677196us][CH2-Pc    ] F9
[T+5351687179us][CH1-Dispenser] F1 F5 F9 39 70 83 F8
[T+5351755172us][CH2-Pc    ] E1
[T+5351761202us][CH1-Dispenser] E1 E9
[T+5351833172us][CH2-Pc    ] F0
[T+5351836172us][CH1-Dispenser] F0 F8
[T+5351901311us][CH1-Dispenser] E0
[T+5351901175us][CH2-Pc    ] E0
[T+5352075310us][CH1-Dispenser] E1
[T+5352075173us][CH2-Pc    ] E1
[T+5352250172us][CH2-Pc    ] F0
[T+5352259179us][CH1-Dispenser] F0 F8
[T+5352328172us][CH2-Pc    ] F1
[T+5352356172us][CH2-Pc    ] F9
[T+5352367179us][CH1-Dispenser] F1 F5 F9 69 F7 CD
[T+5352435172us][CH2-Pc    ] E1
[T+5352446179us][CH1-Dispenser] E1 E9
[T+5352513197us][CH2-Pc    ] F0
[T+5352518174us][CH1-Dispenser] F0 F8
[T+5352591307us][CH1-Dispenser] E0
[T+5352591173us][CH2-Pc    ] E0
[T+5352766306us][CH1-Dispenser] E1
[T+5352766173us][CH2-Pc    ] E1
[T+5352930172us][CH2-Pc    ] F0
[T+5352937172us][CH1-Dispenser] F0 F8
[T+5353023172us][CH2-Pc    ] F1 F9
[T+5353038176us][CH1-Dispenser] F1 F5 F9 69 83 28
[T+5353103172us][CH2-Pc    ] E1
[T+5353109202us][CH1-Dispenser] E1 E9
[T+5353181172us][CH2-Pc    ] F0
[T+5353186172us][CH1-Dispenser] F0 F8
[T+5353259307us][CH1-Dispenser] E0
[T+5353259173us][CH2-Pc    ] E0
[T+5353440313us][CH1-Dispenser] E1
[T+5353440175us][CH2-Pc    ] E1
[T+5353625172us][CH2-Pc    ] F0
[T+5353631201us][CH1-Dispenser] F0 F8
[T+5353705172us][CH2-Pc    ] F1
[T+5353714174us][CH1-Dispenser] F1 F5
[T+5353738196us][CH2-Pc    ] F9
[T+5353753342us][CH1-Dispenser] F9 39 F7 CF F8
[T+5353817172us][CH2-Pc    ] E1
[T+5353824776us][CH1-Dispenser] E1 E9
[T+5353896172us][CH2-Pc    ] F0
[T+5353901172us][CH1-Dispenser] F0 F8
[T+5353975305us][CH1-Dispenser] E0
[T+5353975173us][CH2-Pc    ] E0
[T+5354150308us][CH1-Dispenser] E1
[T+5354150173us][CH2-Pc    ] E1
[T+5354324197us][CH2-Pc    ] F0
[T+5354331172us][CH1-Dispenser] F0 F8
[T+5354402172us][CH2-Pc    ] F1
[T+5354407172us][CH1-Dispenser] F1 F5
[T+5354430172us][CH2-Pc    ] F9
[T+5354443714us][CH1-Dispenser] F9 39 39 28
[T+5354509196us][CH2-Pc    ] E1
[T+5354518736us][CH1-Dispenser] E1 E9
[T+5354587172us][CH2-Pc    ] F0
[T+5354591172us][CH1-Dispenser] F0 F8
[T+5354665313us][CH1-Dispenser] E0
[T+5354665174us][CH2-Pc    ] E0
[T+5354840308us][CH1-Dispenser] E1
[T+5354840174us][CH2-Pc    ] E1
[T+5355015172us][CH2-Pc    ] F0
[T+5355022768us][CH1-Dispenser] F0 F8
[T+5355097172us][CH1-Dispenser] F1 F5
[T+5355093172us][CH2-Pc    ] F1
[T+5355120172us][CH2-Pc    ] F9
[T+5355132214us][CH1-Dispenser] F9 29 29 28
[T+5355198172us][CH2-Pc    ] E1
[T+5355203172us][CH1-Dispenser] E1 E9
[T+5355276172us][CH2-Pc    ] F0
[T+5355282211us][CH1-Dispenser] F0 F8
[T+5355355308us][CH1-Dispenser] E0
[T+5355355173us][CH2-Pc    ] E0
[T+5355530310us][CH1-Dispenser] E1
[T+5355530174us][CH2-Pc    ] E1
[T+5355694172us][CH2-Pc    ] F0
[T+5355701172us][CH1-Dispenser] F0 F8
[T+5355788172us][CH2-Pc    ] F1 F9
[T+5355803172us][CH1-Dispenser] F1 F5 F9 28 76 CF F8
[T+5355867172us][CH2-Pc    ] E1
[T+5355873202us][CH1-Dispenser] E1 E9
[T+5355945197us][CH2-Pc    ] F0
[T+5355952172us][CH1-Dispenser] F0 F8
[T+5356023307us][CH1-Dispenser] E0
[T+5356023173us][CH2-Pc    ] E0
[T+5356198306us][CH1-Dispenser] E1
[T+5356198173us][CH2-Pc    ] E1
[T+5356373172us][CH2-Pc    ] F0
[T+5356378173us][CH1-Dispenser] F0 F8
[T+5356452172us][CH2-Pc    ] F1
[T+5356457172us][CH1-Dispenser] F1 F5
[T+5356479172us][CH2-Pc    ] F9
[T+5356493172us][CH1-Dispenser] F9 A8 69 28
[T+5356581172us][CH2-Pc    ] E1
[T+5356588731us][CH1-Dispenser] E1 E9
[T+5356659172us][CH2-Pc    ] F0
[T+5356667172us][CH1-Dispenser] F0 F8
[T+5356737306us][CH1-Dispenser] E0
[T+5356737173us][CH2-Pc    ] E0
[T+5356923306us][CH1-Dispenser] E1
[T+5356923173us][CH2-Pc    ] E1
[T+5357087172us][CH2-Pc    ] F0
[T+5357092172us][CH1-Dispenser] F0 F8
[T+5357165172us][CH2-Pc    ] F1
[T+5357171202us][CH1-Dispenser] F1 F5
[T+5357192172us][CH2-Pc    ] F9
[T+5357204213us][CH1-Dispenser] F9 3A 6A 28
[T+5357271172us][CH2-Pc    ] E1
[T+5357276172us][CH1-Dispenser] E1 E9
[T+5357349172us][CH2-Pc    ] F0
[T+5357357172us][CH1-Dispenser] F0 F8
[T+5357428304us][CH1-Dispenser] E0
[T+5357428173us][CH2-Pc    ] E0
[T+5357602307us][CH1-Dispenser] E1
[T+5357602173us][CH2-Pc    ] E1
[T+5357781172us][CH2-Pc    ] F0
[T+5357786173us][CH1-Dispenser] F0 F8
[T+5357859172us][CH2-Pc    ] F1
[T+5357866172us][CH1-Dispenser] F1 F5
[T+5357887172us][CH2-Pc    ] F9
[T+5357898179us][CH1-Dispenser] F9 28 2A 28
[T+5357971172us][CH2-Pc    ] E1
[T+5357977200us][CH1-Dispenser] E1 E9
[T+5358049196us][CH2-Pc    ] F0
[T+5358057179us][CH1-Dispenser] F0 F8
[T+5358127310us][CH1-Dispenser] E0
[T+5358127173us][CH2-Pc    ] E0
[T+5358312303us][CH1-Dispenser] E1
[T+5358312173us][CH2-Pc    ] E1
[T+5358477172us][CH2-Pc    ] F0
[T+5358482172us][CH1-Dispenser] F0 F8
[T+5358555172us][CH2-Pc    ] F1
[T+5358582172us][CH2-Pc    ] F9
[T+5358593179us][CH1-Dispenser] F1 F5 F9 28 70 CF F8
[T+5358660172us][CH2-Pc    ] E1
[T+5358668172us][CH1-Dispenser] E1 E9
[T+5358738172us][CH2-Pc    ] F0
[T+5358741172us][CH1-Dispenser] F0 F8
[T+5358810305us][CH1-Dispenser] E0
[T+5358810173us][CH2-Pc    ] E0
[T+5358985306us][CH1-Dispenser] E1
[T+5358985174us][CH2-Pc    ] E1
[T+5359149172us][CH2-Pc    ] F0
[T+5359159647us][CH1-Dispenser] F0 F8
[T+5359227172us][CH2-Pc    ] F1
[T+5359233201us][CH1-Dispenser] F1 F5
[T+5359255172us][CH2-Pc    ] F9
[T+5359267214us][CH1-Dispenser] F9 79 7A 28
[T+5359333172us][CH2-Pc    ] E1
[T+5359338172us][CH1-Dispenser] E1 E9
[T+5359411172us][CH2-Pc    ] F0
[T+5359417200us][CH1-Dispenser] F0 F8
[T+5359489305us][CH1-Dispenser] E0
[T+5359489173us][CH2-Pc    ] E0
[T+5359664308us][CH1-Dispenser] E1
[T+5359664173us][CH2-Pc    ] E1
[T+5359839172us][CH2-Pc    ] F0
[T+5359846776us][CH1-Dispenser] F0 F8
[T+5359938172us][CH2-Pc    ] F1
[T+5359967172us][CH2-Pc    ] F9
[T+5359978180us][CH1-Dispenser] F1 F5 F9 38 38 29
[T+5360047172us][CH2-Pc    ] E1
[T+5360055172us][CH1-Dispenser] E1 E9
[T+5360125172us][CH2-Pc    ] F0
[T+5360132173us][CH1-Dispenser] F0 F8
[T+5360203306us][CH1-Dispenser] E0
[T+5360203174us][CH2-Pc    ] E0
[T+5360369308us][CH1-Dispenser] E1
[T+5360369173us][CH2-Pc    ] E1
[T+5360544172us][CH2-Pc    ] F0
[T+5360553172us][CH1-Dispenser] F0 FE
[T+5360622172us][CH2-Pc    ] F1
[T+5360627172us][CH1-Dispenser] F1 F5
[T+5360649172us][CH2-Pc    ] F9
[T+5360667196us][CH1-Dispenser] F9 38 38 29
[T+5360739197us][CH2-Pc    ] E1
[T+5360747179us][CH1-Dispenser] E1 E9
[T+5360817172us][CH2-Pc    ] F0
[T+5360822172us][CH1-Dispenser] F0 F8
[T+5360895306us][CH1-Dispenser] E0
[T+5360895173us][CH2-Pc    ] E0
[T+5361070305us][CH1-Dispenser] E1
[T+5361070173us][CH2-Pc    ] E1
[T+5361245172us][CH2-Pc    ] F0
[T+5361252172us][CH1-Dispenser] F0 F8
[T+5361339172us][CH2-Pc    ] F1 F9
[T+5361352172us][CH1-Dispenser] F1 F5 F9 38 38 29
[T+5361422174us][CH1-Dispenser] E1 E9
[T+5361419172us][CH2-Pc    ] E1
[T+5361497172us][CH2-Pc    ] F0
[T+5361502172us][CH1-Dispenser] F0 F8
[T+5361575305us][CH1-Dispenser] E0
[T+5361575173us][CH2-Pc    ] E0
[T+5361750307us][CH1-Dispenser] E1
[T+5361750173us][CH2-Pc    ] E1
[T+5361914172us][CH2-Pc    ] F0
[T+5361924777us][CH1-Dispenser] F0 E8
[T+5361992172us][CH2-Pc    ] F1
[T+5361997172us][CH1-Dispenser] F1 F5
[T+5362020172us][CH2-Pc    ] F9
[T+5362034172us][CH1-Dispenser] F9 38 38 29
[T+5362108172us][CH2-Pc    ] E1
[T+5362113172us][CH1-Dispenser] E1 E9
[T+5362186172us][CH2-Pc    ] F0
[T+5362194172us][CH1-Dispenser] F0 F8
[T+5362264307us][CH1-Dispenser] E0
[T+5362264173us][CH2-Pc    ] E0
[T+5362428304us][CH1-Dispenser] E1
[T+5362428173us][CH2-Pc    ] E1
[T+5362603173us][CH2-Pc    ] F0
[T+5362607172us][CH1-Dispenser] F0 F8
[T+5362681172us][CH2-Pc    ] F1
[T+5362688172us][CH1-Dispenser] F1 F5
[T+5362709172us][CH2-Pc    ] F9
[T+5362722172us][CH1-Dispenser] F9 38 38 29
[T+5362787172us][CH2-Pc    ] E1
[T+5362792172us][CH1-Dispenser] E1 E9
[T+5362865172us][CH2-Pc    ] F0
[T+5362873220us][CH1-Dispenser] F0 F8
[T+5362943307us][CH1-Dispenser] E0
[T+5362943173us][CH2-Pc    ] E0
[T+5363118311us][CH1-Dispenser] E1
[T+5363118174us][CH2-Pc    ] E1
[T+5363293172us][CH2-Pc    ] F0
[T+5363298173us][CH1-Dispenser] F0 F8
[T+5363371173us][CH2-Pc    ] F1
[T+5363377200us][CH1-Dispenser] F1 F5
[T+5363398172us][CH2-Pc    ] F9
[T+5363408172us][CH1-Dispenser] F9 38 38 29
[T+5363477172us][CH2-Pc    ] E1
[T+5363482172us][CH1-Dispenser] E1 E9
[T+5363554196us][CH2-Pc    ] F0
[T+5363563746us][CH1-Dispenser] F0 F8
[T+5363633311us][CH1-Dispenser] E0
[T+5363633174us][CH2-Pc    ] E0
[T+5363808173us][CH1-Dispenser] E1
[T+5363807172us][CH2-Pc    ] E1
[T+5363982173us][CH2-Pc    ] F0
[T+5363986172us][CH1-Dispenser] F0 F8
[T+5364060172us][CH2-Pc    ] F1
[T+5364088202us][CH2-Pc    ] F9
[T+5364100213us][CH1-Dispenser] F1 F5 F9 38 38 29
[T+5364166196us][CH2-Pc    ] E1
[T+5364172202us][CH1-Dispenser] E1 E9
[T+5364244172us][CH2-Pc    ] F0
[T+5364248172us][CH1-Dispenser] F0 F8
[T+5364322306us][CH1-Dispenser] E0
[T+5364322173us][CH2-Pc    ] E0
[T+5364497311us][CH1-Dispenser] E1
[T+5364497173us][CH2-Pc    ] E1
[T+5364672172us][CH2-Pc    ] F0
[T+5364681172us][CH1-Dispenser] F0 F8
[T+5364750172us][CH2-Pc    ] F1
[T+5364777196us][CH2-Pc    ] F9
[T+5364787196us][CH1-Dispenser] F1 F5 F9 38 38 29
[T+5364855172us][CH2-Pc    ] E1
[T+5364864179us][CH1-Dispenser] E1 E9
[T+5364934172us][CH2-Pc    ] F0
[T+5364940200us][CH1-Dispenser] F0 F8
[T+5365012310us][CH1-Dispenser] E0
[T+5365012174us][CH2-Pc    ] E0
[T+5365186308us][CH1-Dispenser] E1
[T+5365186174us][CH2-Pc    ] E1
[T+5365350172us][CH2-Pc    ] F0
[T+5365357172us][CH1-Dispenser] F0 F8
[T+5365429172us][CH2-Pc    ] F1
[T+5365433172us][CH1-Dispenser] F1 F1
[T+5366007172us][CH2-Pc    ] E1
[T+5366014172us][CH1-Dispenser] E1 E9
[T+5366085172us][CH2-Pc    ] F0
[T+5366093179us][CH1-Dispenser] F0 F8
[T+5366163307us][CH1-Dispenser] E0
[T+5366163173us][CH2-Pc    ] E0
[T+5366338309us][CH1-Dispenser] E1
[T+5366338173us][CH2-Pc    ] E1
[T+5366512172us][CH2-Pc    ] F0
[T+5366517173us][CH1-Dispenser] F0 F8
[T+5366591172us][CH2-Pc    ] F1
[T+5366597202us][CH1-Dispenser] F1 F9
[T+5367169172us][CH2-Pc    ] E1
[T+5367172174us][CH1-Dispenser] E1 E9
[T+5367236172us][CH2-Pc    ] F0
[T+5367242202us][CH1-Dispenser] F0 F8
[T+5367314306us][CH1-Dispenser] E0
[T+5367314173us][CH2-Pc    ] E0
[T+5367500308us][CH1-Dispenser] E1
[T+5367500174us][CH2-Pc    ] E1
[T+5367664172us][CH2-Pc    ] F0
[T+5367669172us][CH1-Dispenser] F0 F8
[T+5367742172us][CH2-Pc    ] F1
[T+5367769172us][CH2-Pc    ] E9
[T+5367841172us][CH2-Pc    ] FD
[T+5367971172us][CH1-Dispenser] F1 F9 E9 2F BE 70 38 2D BC B8 68 3B F8 37 71 71 38 29 FF F8 FD AF 71 31 33 97 F8 72 F2 93 A9 F7 83 3C 79 33 8B 78 B8 70 75 B5 39 71 97 EF 68 BA 76 2A 38 68 7C 38 B8 35 73 97 AA 74 EF EF 31 68 28 E1 87 B9 33 8B 38 B8 38 FF
[T+5368041172us][CH2-Pc    ] E1
[T+5368050726us][CH1-Dispenser] E1 E9
[T+5368119172us][CH2-Pc    ] F0
[T+5368123172us][CH1-Dispenser] F0 F8
[T+5368197305us][CH1-Dispenser] E0
[T+5368197173us][CH2-Pc    ] E0
[T+5368367309us][CH1-Dispenser] E1
[T+5368367173us][CH2-Pc    ] E1
[T+5368542172us][CH2-Pc    ] F0
[T+5368549172us][CH1-Dispenser] F0 F8
[T+5368668173us][CH1-Dispenser] F1 F9
[T+5368664172us][CH2-Pc    ] F1
[T+5368691172us][CH2-Pc    ] E9
[T+5368741172us][CH1-Dispenser] E9 7F 7E 33 38 2D FC 78 28 78 B8 76 70 F1 38 29 BF B1
[T+5368765308us][CH1-Dispenser] FD
[T+5368765173us][CH2-Pc    ] FD
[T+5368897197us][CH1-Dispenser] AF 70 74 F0 CF A9 3D 76 37 BB 29 7C 79 F0 70 38 6D 3B CF B9 28 B9 EF A8 BA 37 CF 3C 38 33 83 38 B8 72 74 CF EA 21 87 EF 74 68 28 39 8F 39 70 83 38 B8 38 FF
[T+5368979172us][CH2-Pc    ] E1
[T+5368983172us][CH1-Dispenser] E1 E9
[T+5369057172us][CH2-Pc    ] F0
[T+5369062173us][CH1-Dispenser] F0 F8
[T+5369136306us][CH1-Dispenser] E0
[T+5369136173us][CH2-Pc    ] E0
[T+5369310313us][CH1-Dispenser] E1
[T+5369310175us][CH2-Pc    ] E1
[T+5369485172us][CH2-Pc    ] F0
[T+5369494179us][CH1-Dispenser] F0 F8
[T+5369563172us][CH2-Pc    ] F1
[T+5369567172us][CH1-Dispenser] F1 F9
[T+5369641172us][CH2-Pc    ] E1
[T+5369648172us][CH1-Dispenser] E1 E9
[T+5369719174us][CH2-Pc    ] F0
[T+5369727172us][CH1-Dispenser] F0 F8
[T+5369797308us][CH1-Dispenser] E0
[T+5369797173us][CH2-Pc    ] E0
[T+5369962308us][CH1-Dispenser] E1
[T+5369962173us][CH2-Pc    ] E1
[T+5370136198us][CH2-Pc    ] F0
[T+5370142200us][CH1-Dispenser] F0 F8
[T+5370214196us][CH2-Pc    ] F1
[T+5370222737us][CH1-Dispenser] F1 F9
[T+5370293172us][CH2-Pc    ] E1
[T+5370298172us][CH1-Dispenser] E1 E9
[T+5370371172us][CH2-Pc    ] F0
[T+5370378172us][CH1-Dispenser] F0 F8
[T+5370449306us][CH1-Dispenser] E0
[T+5370449174us][CH2-Pc    ] E0
[T+5370624308us][CH1-Dispenser] E1
[T+5370624174us][CH2-Pc    ] E1
[T+5370804196us][CH2-Pc    ] F0
[T+5370813172us][CH1-Dispenser] F0 F8
[T+5370894172us][CH2-Pc    ] F1
[T+5370897172us][CH1-Dispenser] F1 F9
[T+5370962172us][CH2-Pc    ] E1
[T+5370969172us][CH1-Dispenser] E1 E9
[T+5371040172us][CH2-Pc    ] F0
[T+5371048173us][CH1-Dispenser] F0 F8
[T+5371118304us][CH1-Dispenser] E0
[T+5371118173us][CH2-Pc    ] E0
[T+5371293308us][CH1-Dispenser] E1
[T+5371293175us][CH2-Pc    ] E1
[T+5371468172us][CH2-Pc    ] F0
[T+5371472172us][CH1-Dispenser] F0 F8
[T+5371547172us][CH2-Pc    ] F1
[T+5371553200us][CH1-Dispenser] F1 F9
[T+5371625196us][CH2-Pc    ] E1
[T+5371634172us][CH1-Dispenser] E1 E9
[T+5371698172us][CH2-Pc    ] F0
[T+5371704202us][CH1-Dispenser] F0 F8
[T+5371776306us][CH1-Dispenser] E0
[T+5371776174us][CH2-Pc    ] E0
[T+5371950307us][CH1-Dispenser] E1
[T+5371950173us][CH2-Pc    ] E1
[T+5372137173us][CH1-Dispenser] F0 F8
[T+5372133172us][CH2-Pc    ] F0
[T+5372211172us][CH2-Pc    ] F1
[T+5372218172us][CH1-Dispenser] F1 F9
[T+5372290197us][CH2-Pc    ] E1
[T+5372299179us][CH1-Dispenser] E1 E9
[T+5372368172us][CH2-Pc    ] F0
[T+5372374201us][CH1-Dispenser] F0 F8
[T+5372446305us][CH1-Dispenser] E0
[T+5372446173us][CH2-Pc    ] E0
[T+5372621310us][CH1-Dispenser] E1
[T+5372621174us][CH2-Pc    ] E1
[T+5372795202us][CH2-Pc    ] F0
[T+5372805172us][CH1-Dispenser] F0 F8
[T+5372874172us][CH2-Pc    ] F1
[T+5372879172us][CH1-Dispenser] F1 F9
[T+5372952172us][CH2-Pc    ] E1
[T+5372958202us][CH1-Dispenser] E1 E9
[T+5373030196us][CH2-Pc    ] F0
[T+5373041180us][CH1-Dispenser] F0 F8
[T+5373108308us][CH1-Dispenser] E0
[T+5373108174us][CH2-Pc    ] E0
[T+5373272308us][CH1-Dispenser] E1
[T+5373272173us][CH2-Pc    ] E1
[T+5373452172us][CH1-Dispenser] F0 F8
[T+5373448172us][CH2-Pc    ] F0
[T+5373526172us][CH2-Pc    ] F1
[T+5373531172us][CH1-Dispenser] F1 F9
[T+5373604172us][CH2-Pc    ] E1
[T+5373608175us][CH1-Dispenser] E1 E9
[T+5373682172us][CH2-Pc    ] F0
[T+5373691172us][CH1-Dispenser] F0 F8
[T+5373760309us][CH1-Dispenser] E0
[T+5373760175us][CH2-Pc    ] E0
[T+5373935308us][CH1-Dispenser] E1
[T+5373935173us][CH2-Pc    ] E1
[T+5374110172us][CH2-Pc    ] F0
[T+5374117172us][CH1-Dispenser] F0 F8
[T+5374191172us][CH2-Pc    ] F1
[T+5374198172us][CH1-Dispenser] F1 F9
[T+5374273172us][CH2-Pc    ] E1
[T+5374281172us][CH1-Dispenser] E1 E9
[T+5374351172us][CH2-Pc    ] F0
[T+5374360179us][CH1-Dispenser] F0 E8
[T+5374430314us][CH1-Dispenser] E0
[T+5374430177us][CH2-Pc    ] E0
[T+5374604305us][CH1-Dispenser] E1
[T+5374604173us][CH2-Pc    ] E1
[T+5374782173us][CH1-Dispenser] F0 F8
[T+5374779172us][CH2-Pc    ] F0
[T+5374846172us][CH2-Pc    ] F1
[T+5374852202us][CH1-Dispenser] F1 F9
[T+5374924172us][CH2-Pc    ] E1
[T+5374929172us][CH1-Dispenser] E1 E9
[T+5375002172us][CH2-Pc    ] F0
[T+5375008204us][CH1-Dispenser] F0 F8
[T+5375081305us][CH1-Dispenser] E0
[T+5375081173us][CH2-Pc    ] E0
[T+5375266306us][CH1-Dispenser] E1
[T+5375266173us][CH2-Pc    ] E1
[T+5375430172us][CH2-Pc    ] F0
[T+5375438772us][CH1-Dispenser] F0 F8
[T+5375508172us][CH2-Pc    ] F1
[T+5375512172us][CH1-Dispenser] F1 F9
[T+5375576172us][CH2-Pc    ] E1
[T+5375585172us][CH1-Dispenser] E1 E9
[T+5375654172us][CH2-Pc    ] F0
[T+5375661172us][CH1-Dispenser] F0 F8
[T+5375732304us][CH1-Dispenser] E0
[T+5375732173us][CH2-Pc    ] E0
[T+5375907307us][CH1-Dispenser] E1
[T+5375907173us][CH2-Pc    ] E1
[T+5376071172us][CH2-Pc    ] F0
[T+5376078172us][CH1-Dispenser] F0 F8
[T+5376149172us][CH2-Pc    ] F1
[T+5376153172us][CH1-Dispenser] F1 F9
[T+5376227172us][CH2-Pc    ] E1
[T+5376236179us][CH1-Dispenser] E1 E9
[T+5376305172us][CH2-Pc    ] F0
[T+5376315179us][CH1-Dispenser] F0 F8
[T+5376383308us][CH1-Dispenser] E0
[T+5376383173us][CH2-Pc    ] E0
[T+5376558309us][CH1-Dispenser] E1
[T+5376558174us][CH2-Pc    ] E1
[T+5376737172us][CH1-Dispenser] F0 F8
[T+5376733174us][CH2-Pc    ] F0
[T+5376811172us][CH2-Pc    ] F1
[T+5376818172us][CH1-Dispenser] F1 F9
[T+5376889172us][CH2-Pc    ] E1
[T+5376895202us][CH1-Dispenser] E1 E9
[T+5376967198us][CH2-Pc    ] F0
[T+5376976738us][CH1-Dispenser] F0 F8
[T+5377046306us][CH1-Dispenser] E0
[T+5377046173us][CH2-Pc    ] E0
[T+5377209308us][CH1-Dispenser] E1
[T+5377209174us][CH2-Pc    ] E1
[T+5377384173us][CH2-Pc    ] F0
[T+5377388174us][CH1-Dispenser] F0 F8
[T+5377452172us][CH2-Pc    ] F1
[T+5377458202us][CH1-Dispenser] F1 F9
[T+5377530173us][CH2-Pc    ] E1
[T+5377535173us][CH1-Dispenser] E1 E9
[T+5377608172us][CH2-Pc    ] F0
[T+5377614202us][CH1-Dispenser] F0 F8
[T+5377686307us][CH1-Dispenser] E0
[T+5377686173us][CH2-Pc    ] E0
[T+5377850308us][CH1-Dispenser] E1
[T+5377850173us][CH2-Pc    ] E1
[T+5378023172us][CH2-Pc    ] F0
[T+5378027173us][CH1-Dispenser] F0 F8
[T+5378112172us][CH2-Pc    ] F1
[T+5378117175us][CH1-Dispenser] F1 F9
[T+5378189172us][CH2-Pc    ] E1
[T+5378194172us][CH1-Dispenser] E1 E9
[T+5378269172us][CH2-Pc    ] F0
[T+5378275200us][CH1-Dispenser] F0 F8
[T+5378347306us][CH1-Dispenser] E0
[T+5378347173us][CH2-Pc    ] E0
[T+5378528311us][CH1-Dispenser] E1
[T+5378528174us][CH2-Pc    ] E1
[T+5378703172us][CH2-Pc    ] F0
[T+5378708172us][CH1-Dispenser] F0 F8
[T+5378781172us][CH2-Pc    ] F1
[T+5378788766us][CH1-Dispenser] F1 F9
[T+5378859172us][CH2-Pc    ] E1
[T+5378864172us][CH1-Dispenser] E1 E9
[T+5378937172us][CH2-Pc    ] F0
[T+5378944172us][CH1-Dispenser] F0 F8
[T+5379015305us][CH1-Dispenser] E0
[T+5379015173us][CH2-Pc    ] E0
[T+5379179306us][CH1-Dispenser] E1
[T+5379179173us][CH2-Pc    ] E1