connected
[T+7532133172us][CH2-Pc    ] F0
[T+7532138172us][CH1-Dispenser] F0 F8
[T+7532211306us][CH1-Dispenser] E0
[T+7532211173us][CH2-Pc    ] E0
[T+7532389305us][CH1-Dispenser] E1
[T+7532389173us][CH2-Pc    ] E1
[T+7532564172us][CH2-Pc    ] F0
[T+7532573179us][CH1-Dispenser] F0 F8
[T+7532642172us][CH2-Pc    ] F1
[T+7532647175us][CH1-Dispenser] F1 F9
[T+7532720172us][CH2-Pc    ] E1
[T+7532729172us][CH1-Dispenser] E1 E9
[T+7532798172us][CH2-Pc    ] F0
[T+7532803172us][CH1-Dispenser] F0 F8
[T+7532876305us][CH1-Dispenser] E0
[T+7532876173us][CH2-Pc    ] E0
[T+7533040307us][CH1-Dispenser] E1
[T+7533040173us][CH2-Pc    ] E1
[T+7533215172us][CH2-Pc    ] F0
[T+7533221200us][CH1-Dispenser] F0 F8
[T+7533293196us][CH2-Pc    ] F1
[T+7533301785us][CH1-Dispenser] F1 F9
[T+7533371172us][CH2-Pc    ] E1
[T+7533380853us][CH1-Dispenser] E1 E9
[T+7533449172us][CH2-Pc    ] F0
[T+7533454172us][CH1-Dispenser] F0 E8
[T+7533527304us][CH1-Dispenser] E0
[T+7533527173us][CH2-Pc    ] E0
[T+7533702306us][CH1-Dispenser] E1
[T+7533702174us][CH2-Pc    ] E1
[T+7533877172us][CH2-Pc    ] F0
[T+7533881173us][CH1-Dispenser] F0 E8
[T+7533955172us][CH2-Pc    ] F1
[T+7533960172us][CH1-Dispenser] F1 F9
[T+7534033172us][CH2-Pc    ] E1
[T+7534037172us][CH1-Dispenser] E1 E9
[T+7534111172us][CH2-Pc    ] F0
[T+7534118172us][CH1-Dispenser] F0 F8
[T+7534190304us][CH1-Dispenser] E0
[T+7534190173us][CH2-Pc    ] E0
[T+7534356311us][CH1-Dispenser] E1
[T+7534356174us][CH2-Pc    ] E1
[T+7534531172us][CH2-Pc    ] F0
[T+7534537201us][CH1-Dispenser] F0 F8
[T+7534610172us][CH2-Pc    ] F1
[T+7534616201us][CH1-Dispenser] F1 F9
[T+7534689173us][CH2-Pc    ] E1
[T+7534693172us][CH1-Dispenser] E1 E9
[T+7534772172us][CH1-Dispenser] F0 F8
[T+7534768172us][CH2-Pc    ] F0
[T+7534846304us][CH1-Dispenser] E0
[T+7534846173us][CH2-Pc    ] E0
[T+7535033305us][CH1-Dispenser] E1
[T+7535033173us][CH2-Pc    ] E1
[T+7535197172us][CH2-Pc    ] F0
[T+7535202173us][CH1-Dispenser] F0 E8
[T+7535275172us][CH2-Pc    ] F1
[T+7535281201us][CH1-Dispenser] F1 F9
[T+7535354172us][CH2-Pc    ] E1
[T+7535358172us][CH1-Dispenser] E1 E9
[T+7535432172us][CH2-Pc    ] F0
[T+7535437172us][CH1-Dispenser] F0 F8
[T+7535510304us][CH1-Dispenser] E0
[T+7535510173us][CH2-Pc    ] E0
[T+7535685312us][CH1-Dispenser] E1
[T+7535685173us][CH2-Pc    ] E1
[T+7535859197us][CH2-Pc    ] F0
[T+7535867807us][CH1-Dispenser] F0 F8
[T+7535937172us][CH2-Pc    ] F1
[T+7535940172us][CH1-Dispenser] F1 F9
[T+7536005172us][CH2-Pc    ] E1
[T+7536016179us][CH1-Dispenser] E1 E9
[T+7536083172us][CH2-Pc    ] F0
[T+7536088172us][CH1-Dispenser] F0 F8
[T+7536161303us][CH1-Dispenser] E0
[T+7536161173us][CH2-Pc    ] E0
[T+7536337305us][CH1-Dispenser] E1
[T+7536337173us][CH2-Pc    ] E1
[T+7536512172us][CH2-Pc    ] F0
[T+7536517172us][CH1-Dispenser] F0 E8
[T+7536591172us][CH2-Pc    ] F1
[T+7536596172us][CH1-Dispenser] F1 F9
[T+7536669173us][CH2-Pc    ] E1
[T+7536674172us][CH1-Dispenser] E1 E9
[T+7536747172us][CH2-Pc    ] F0
[T+7536753200us][CH1-Dispenser] F0 F8
[T+7536825304us][CH1-Dispenser] E0
[T+7536825173us][CH2-Pc    ] E0
[T+7537000308us][CH1-Dispenser] E1
[T+7537000174us][CH2-Pc    ] E1
[T+7537164172us][CH2-Pc    ] F0
[T+7537171172us][CH1-Dispenser] F0 F8
[T+7537242172us][CH2-Pc    ] F1
[T+7537247172us][CH1-Dispenser] F1 F9
[T+7537320174us][CH2-Pc    ] E1
[T+7537328822us][CH1-Dispenser] E1 E9
[T+7537398172us][CH2-Pc    ] F0
[T+7537403172us][CH1-Dispenser] F0 F8
[T+7537487304us][CH1-Dispenser] E0
[T+7537487173us][CH2-Pc    ] E0
[T+7537673308us][CH1-Dispenser] E1
[T+7537673173us][CH2-Pc    ] E1
[T+7537837172us][CH2-Pc    ] F0
[T+7537841172us][CH1-Dispenser] F0 F8
[T+7537915173us][CH2-Pc    ] F1
[T+7537921200us][CH1-Dispenser] F1 F9
[T+7537993173us][CH2-Pc    ] E1
[T+7537998172us][CH1-Dispenser] E1 E9
[T+7538071172us][CH2-Pc    ] F0
[T+7538079172us][CH1-Dispenser] F0 F8
[T+7538149307us][CH1-Dispenser] E0
[T+7538149173us][CH2-Pc    ] E0
[T+7538328304us][CH1-Dispenser] E1
[T+7538328173us][CH2-Pc    ] E1
[T+7538492172us][CH2-Pc    ] F0
[T+7538497172us][CH1-Dispenser] F0 F8
[T+7538570172us][CH2-Pc    ] F1
[T+7538577172us][CH1-Dispenser] F1 F9
[T+7538648172us][CH2-Pc    ] E1
[T+7538654211us][CH1-Dispenser] E1 E9
[T+7538726196us][CH2-Pc    ] F0
[T+7538733172us][CH1-Dispenser] F0 F8
[T+7538805305us][CH1-Dispenser] E0
[T+7538805173us][CH2-Pc    ] E0
[T+7538979309us][CH1-Dispenser] E1
[T+7538979174us][CH2-Pc    ] E1
[T+7539154172us][CH2-Pc    ] F0
[T+7539162332us][CH1-Dispenser] F0 F8
[T+7539236172us][CH1-Dispenser] F1 F9
[T+7539232172us][CH2-Pc    ] F1
[T+7539310172us][CH2-Pc    ] E1
[T+7539319172us][CH1-Dispenser] E1 E9
[T+7539389172us][CH2-Pc    ] F0
[T+7539392172us][CH1-Dispenser] F0 F8
[T+7539467309us][CH1-Dispenser] E0
[T+7539467173us][CH2-Pc    ] E0
[T+7539641306us][CH1-Dispenser] E1
[T+7539641174us][CH2-Pc    ] E1
[T+7539806172us][CH2-Pc    ] F0
[T+7539813827us][CH1-Dispenser] F0 F8
[T+7539884174us][CH2-Pc    ] F1
[T+7539892172us][CH1-Dispenser] F1 F9
[T+7539962172us][CH2-Pc    ] E1
[T+7539969172us][CH1-Dispenser] E1 E9
[T+7540040172us][CH2-Pc    ] F0
[T+7540048172us][CH1-Dispenser] F0 F8
[T+7540118307us][CH1-Dispenser] E0
[T+7540118173us][CH2-Pc    ] E0
[T+7540295310us][CH1-Dispenser] E1
[T+7540295174us][CH2-Pc    ] E1
[T+7540470172us][CH2-Pc    ] F0
[T+7540476200us][CH1-Dispenser] F0 F8
[T+7540548172us][CH2-Pc    ] F1
[T+7540551210us][CH1-Dispenser] F1 F9
[T+7540626172us][CH2-Pc    ] E1
[T+7540634813us][CH1-Dispenser] E1 E9
[T+7540704172us][CH2-Pc    ] F0
[T+7540708172us][CH1-Dispenser] F0 F8
[T+7540783304us][CH1-Dispenser] E0
[T+7540783173us][CH2-Pc    ] E0
[T+7540948306us][CH1-Dispenser] E1
[T+7540948173us][CH2-Pc    ] E1
[T+7541125172us][CH2-Pc    ] F0
[T+7541132814us][CH1-Dispenser] F0 F8
[T+7541207172us][CH1-Dispenser] F1 F9
[T+7541203172us][CH2-Pc    ] F1
[T+7541281172us][CH2-Pc    ] E1
[T+7541288172us][CH1-Dispenser] E1 E9
[T+7541359172us][CH2-Pc    ] F0
[T+7541364173us][CH1-Dispenser] F0 F8
[T+7541437304us][CH1-Dispenser] E0
[T+7541437173us][CH2-Pc    ] E0
[T+7541601312us][CH1-Dispenser] E1
[T+7541601175us][CH2-Pc    ] E1
[T+7541776172us][CH2-Pc    ] F0
[T+7541782200us][CH1-Dispenser] F0 F8
[T+7541854198us][CH2-Pc    ] F1
[T+7541861803us][CH1-Dispenser] F1 F9
[T+7541932173us][CH2-Pc    ] E1
[T+7541939172us][CH1-Dispenser] E1 E9
[T+7542011197us][CH2-Pc    ] F0
[T+7542018172us][CH1-Dispenser] F0 F8
[T+7542089305us][CH1-Dispenser] E0
[T+7542089173us][CH2-Pc    ] E0
[T+7542269305us][CH1-Dispenser] E1
[T+7542269173us][CH2-Pc    ] E1
[T+7542454172us][CH2-Pc    ] F0
[T+7542463180us][CH1-Dispenser] F0 F8
[T+7542532172us][CH2-Pc    ] F1
[T+7542537172us][CH1-Dispenser] F1 F9
[T+7542610172us][CH2-Pc    ] E1
[T+7542621187us][CH1-Dispenser] E1 E9
[T+7542688172us][CH2-Pc    ] F0
[T+7542693172us][CH1-Dispenser] F0 F8
[T+7542767304us][CH1-Dispenser] E0
[T+7542767173us][CH2-Pc    ] E0
[T+7542930306us][CH1-Dispenser] E1
[T+7542930173us][CH2-Pc    ] E1
[T+7543105172us][CH2-Pc    ] F0
[T+7543112172us][CH1-Dispenser] F0 F8
[T+7543184197us][CH2-Pc    ] F1
[T+7543195816us][CH1-Dispenser] F1 F9
[T+7543262172us][CH2-Pc    ] E1
[T+7543270172us][CH1-Dispenser] E1 E9
[T+7543340172us][CH2-Pc    ] F0
[T+7543344172us][CH1-Dispenser] F0 F8
[T+7543418305us][CH1-Dispenser] E0
[T+7543418173us][CH2-Pc    ] E0
[T+7543594306us][CH1-Dispenser] E1
[T+7543594173us][CH2-Pc    ] E1
[T+7543758172us][CH2-Pc    ] F0
[T+7543762172us][CH1-Dispenser] F0 F8
[T+7543836172us][CH2-Pc    ] F1
[T+7543842200us][CH1-Dispenser] F1 F9
[T+7543914172us][CH2-Pc    ] E1
[T+7543919172us][CH1-Dispenser] E1 E9
[T+7543992172us][CH2-Pc    ] F0
[T+7543998200us][CH1-Dispenser] F0 F8
[T+7544070305us][CH1-Dispenser] E0
[T+7544070173us][CH2-Pc    ] E0
[T+7544245308us][CH1-Dispenser] E1
[T+7544245173us][CH2-Pc    ] E1
[T+7544420172us][CH2-Pc    ] F0
[T+7544427172us][CH1-Dispenser] F0 F8
[T+7544498172us][CH2-Pc    ] F1
[T+7544503172us][CH1-Dispenser] F1 F9
[T+7544576172us][CH2-Pc    ] E1
[T+7544586172us][CH1-Dispenser] E1 E9
[T+7544654172us][CH2-Pc    ] F0
[T+7544659172us][CH1-Dispenser] F0 F8
[T+7544732304us][CH1-Dispenser] E0
[T+7544732173us][CH2-Pc    ] E0
[T+7544907309us][CH1-Dispenser] E1
[T+7544907173us][CH2-Pc    ] E1
[T+7545071172us][CH2-Pc    ] F0
[T+7545078172us][CH1-Dispenser] F0 F8
[T+7545149172us][CH2-Pc    ] F1
[T+7545159179us][CH1-Dispenser] F1 F9
[T+7545227172us][CH2-Pc    ] E1
[T+7545234811us][CH1-Dispenser] E1 E9
[T+7545305172us][CH2-Pc    ] F0
[T+7545313172us][CH1-Dispenser] F0 F8
[T+7545384309us][CH1-Dispenser] E0
[T+7545384173us][CH2-Pc    ] E0
[T+7545559305us][CH1-Dispenser] E1
[T+7545559173us][CH2-Pc    ] E1
[T+7545733172us][CH2-Pc    ] F0
[T+7545737173us][CH1-Dispenser] F0 F8
[T+7545811172us][CH2-Pc    ] F1
[T+7545816172us][CH1-Dispenser] F1 F9
[T+7545889172us][CH2-Pc    ] E1
[T+7545894172us][CH1-Dispenser] E1 E9
[T+7545970172us][CH2-Pc    ] F0
[T+7545973172us][CH1-Dispenser] F0 F8
[T+7546037304us][CH1-Dispenser] E0
[T+7546037173us][CH2-Pc    ] E0
[T+7546212307us][CH1-Dispenser] E1
[T+7546212173us][CH2-Pc    ] E1
[T+7546387172us][CH2-Pc    ] F0
[T+7546393201us][CH1-Dispenser] F0 F8
[T+7546465197us][CH2-Pc    ] F1
[T+7546472172us][CH1-Dispenser] F1 F9
[T+7546543172us][CH2-Pc    ] E1
[T+7546550172us][CH1-Dispenser] E1 E9
[T+7546621172us][CH2-Pc    ] F0
[T+7546629172us][CH1-Dispenser] F0 F8
[T+7546699306us][CH1-Dispenser] E0
[T+7546699173us][CH2-Pc    ] E0
[T+7546874309us][CH1-Dispenser] E1
[T+7546874173us][CH2-Pc    ] E1
[T+7547049172us][CH2-Pc    ] F0
[T+7547053172us][CH1-Dispenser] F0 F8
[T+7547127172us][CH2-Pc    ] F1
[T+7547132172us][CH1-Dispenser] F1 F9
[T+7547205172us][CH2-Pc    ] E1
[T+7547209172us][CH1-Dispenser] E1 E9
[T+7547283172us][CH2-Pc    ] F0
[T+7547288172us][CH1-Dispenser] F0 F8
[T+7547361308us][CH1-Dispenser] E0
[T+7547361173us][CH2-Pc    ] E0
[T+7547525305us][CH1-Dispenser] E1
[T+7547525173us][CH2-Pc    ] E1
[T+7547700172us][CH2-Pc    ] F0
[T+7547708814us][CH1-Dispenser] F0 F8
[T+7547778172us][CH2-Pc    ] F1
[T+7547782172us][CH1-Dispenser] F1 F9
[T+7547856172us][CH2-Pc    ] E1
[T+7547865172us][CH1-Dispenser] E1 E9
[T+7547934172us][CH2-Pc    ] F0
[T+7547939172us][CH1-Dispenser] F0 F8
[T+7548012305us][CH1-Dispenser] E0
[T+7548012173us][CH2-Pc    ] E0
[T+7548187307us][CH1-Dispenser] E1
[T+7548187173us][CH2-Pc    ] E1
[T+7548356172us][CH2-Pc    ] F0
[T+7548363172us][CH1-Dispenser] F0 F8
[T+7548434172us][CH2-Pc    ] F1
[T+7548442812us][CH1-Dispenser] F1 F9
[T+7548518172us][CH2-Pc    ] E1
[T+7548524200us][CH1-Dispenser] E1 E9
[T+7548596197us][CH2-Pc    ] F0
[T+7548603172us][CH1-Dispenser] F0 F8
[T+7548675305us][CH1-Dispenser] E0
[T+7548675173us][CH2-Pc    ] E0
[T+7548860305us][CH1-Dispenser] E1
[T+7548860173us][CH2-Pc    ] E1
[T+7549024172us][CH2-Pc    ] F0
[T+7549035180us][CH1-Dispenser] F0 F8
[T+7549102172us][CH2-Pc    ] F1
[T+7549107173us][CH1-Dispenser] F1 F9
[T+7549181172us][CH2-Pc    ] E1
[T+7549191781us][CH1-Dispenser] E1 E9
[T+7549259172us][CH2-Pc    ] F0
[T+7549265200us][CH1-Dispenser] F0 E8
[T+7549338307us][CH1-Dispenser] E0
[T+7549338174us][CH2-Pc    ] E0
[T+7549512310us][CH1-Dispenser] E1
[T+7549512174us][CH2-Pc    ] E1
[T+7549689172us][CH2-Pc    ] F0
[T+7549698172us][CH1-Dispenser] F0 F8
[T+7549767172us][CH2-Pc    ] F1
[T+7549772172us][CH1-Dispenser] F1 F9
[T+7549845172us][CH2-Pc    ] E1
[T+7549849172us][CH1-Dispenser] E1 E9
[T+7549913172us][CH2-Pc    ] F0
[T+7549921179us][CH1-Dispenser] F0 F8
[T+7549991307us][CH1-Dispenser] E0
[T+7549991173us][CH2-Pc    ] E0
[T+7550166306us][CH1-Dispenser] E1
[T+7550166173us][CH2-Pc    ] E1
[T+7550343172us][CH2-Pc    ] F0
[T+7550348172us][CH1-Dispenser] F0 F8
[T+7550421172us][CH2-Pc    ] F1
[T+7550429200us][CH1-Dispenser] F1 F9
[T+7550499172us][CH2-Pc    ] E1
[T+7550505202us][CH1-Dispenser] E1 E9
[T+7550577172us][CH2-Pc    ] F0
[T+7550584172us][CH1-Dispenser] F0 F8
[T+7550655304us][CH1-Dispenser] E0
[T+7550655173us][CH2-Pc    ] E0
[T+7550830306us][CH1-Dispenser] E1
[T+7550830173us][CH2-Pc    ] E1
[T+7550994172us][CH2-Pc    ] F0
[T+7550997172us][CH1-Dispenser] F0 F8
[T+7551061172us][CH2-Pc    ] F1
[T+7551069172us][CH1-Dispenser] F1 F9
[T+7551140172us][CH2-Pc    ] E1
[T+7551148179us][CH1-Dispenser] E1 E9
[T+7551217172us][CH2-Pc    ] F0
[T+7551225179us][CH1-Dispenser] F0 F8
[T+7551296306us][CH1-Dispenser] E0
[T+7551296173us][CH2-Pc    ] E0
[T+7551471172us][CH1-Dispenser] E1
[T+7551470172us][CH2-Pc    ] E1
[T+7551634172us][CH2-Pc    ] F0
[T+7551642172us][CH1-Dispenser] F0 F8
[T+7551713172us][CH2-Pc    ] F1
[T+7551718172us][CH1-Dispenser] F1 F9
[T+7551791172us][CH2-Pc    ] E1
[T+7551795172us][CH1-Dispenser] E1 E9
[T+7551869172us][CH2-Pc    ] F0
[T+7551874172us][CH1-Dispenser] F0 F8
[T+7551948305us][CH1-Dispenser] E0
[T+7551948173us][CH2-Pc    ] E0
[T+7552122306us][CH1-Dispenser] E1
[T+7552122173us][CH2-Pc    ] E1
[T+7552297172us][CH2-Pc    ] F0
[T+7552303200us][CH1-Dispenser] F0 F8
[T+7552375207us][CH2-Pc    ] F1
[T+7552384820us][CH1-Dispenser] F1 E9
[T+7552453172us][CH2-Pc    ] E1
[T+7552460172us][CH1-Dispenser] E1 E9
[T+7552535172us][CH2-Pc    ] F0
[T+7552539172us][CH1-Dispenser] F0 F8
[T+7552613307us][CH1-Dispenser] E0
[T+7552613173us][CH2-Pc    ] E0
[T+7552799307us][CH1-Dispenser] E1
[T+7552799174us][CH2-Pc    ] E1
[T+7552963172us][CH2-Pc    ] F0
[T+7552970172us][CH1-Dispenser] F0 E8
[T+7553043172us][CH2-Pc    ] F1
[T+7553049200us][CH1-Dispenser] F1 F9
[T+7553121196us][CH2-Pc    ] E1
[T+7553130216us][CH1-Dispenser] E1 E9
[T+7553201172us][CH2-Pc    ] F0
[T+7553209172us][CH1-Dispenser] F0 F8
[T+7553279304us][CH1-Dispenser] E0
[T+7553279173us][CH2-Pc    ] E0
[T+7553454311us][CH1-Dispenser] E1
[T+7553454174us][CH2-Pc    ] E1
[T+7553618172us][CH2-Pc    ] F0
[T+7553624200us][CH1-Dispenser] F0 F8
[T+7553696197us][CH2-Pc    ] F1
[T+7553703172us][CH1-Dispenser] F1 E9
[T+7553774172us][CH2-Pc    ] E1
[T+7553779172us][CH1-Dispenser] E1 E9
[T+7553852172us][CH2-Pc    ] F0
[T+7553859172us][CH1-Dispenser] F0 F8
[T+7553930305us][CH1-Dispenser] E0
[T+7553930173us][CH2-Pc    ] E0
[T+7554105309us][CH1-Dispenser] E1
[T+7554105175us][CH2-Pc    ] E1
[T+7554281172us][CH2-Pc    ] F0
[T+7554289172us][CH1-Dispenser] F0 E8
[T+7554359172us][CH2-Pc    ] F1
[T+7554363173us][CH1-Dispenser] F1 F9
[T+7554439172us][CH2-Pc    ] E1
[T+7554445200us][CH1-Dispenser] E1 E9
[T+7554517196us][CH2-Pc    ] F0
[T+7554524221us][CH1-Dispenser] F0 F8
[T+7554595305us][CH1-Dispenser] E0
[T+7554595173us][CH2-Pc    ] E0
[T+7554759309us][CH1-Dispenser] E1
[T+7554759174us][CH2-Pc    ] E1
[T+7554934174us][CH2-Pc    ] F0
[T+7554938173us][CH1-Dispenser] F0 F8
[T+7555002172us][CH2-Pc    ] F1
[T+7555008202us][CH1-Dispenser] F1 F9
[T+7555080172us][CH2-Pc    ] E1
[T+7555085172us][CH1-Dispenser] E1 E9
[T+7555158172us][CH2-Pc    ] F0
[T+7555164200us][CH1-Dispenser] F0 F8
[T+7555236304us][CH1-Dispenser] E0
[T+7555236173us][CH2-Pc    ] E0
[T+7555400308us][CH1-Dispenser] E1
[T+7555400173us][CH2-Pc    ] E1
[T+7555577172us][CH2-Pc    ] F0
[T+7555584822us][CH1-Dispenser] F0 F8
[T+7555655174us][CH2-Pc    ] F1
[T+7555664172us][CH1-Dispenser] F1 F9
[T+7555733172us][CH2-Pc    ] E1
[T+7555741172us][CH1-Dispenser] E1 E9
[T+7555811172us][CH2-Pc    ] F0
[T+7555818172us][CH1-Dispenser] F0 F8
[T+7555889304us][CH1-Dispenser] E0
[T+7555889173us][CH2-Pc    ] E0
[T+7556064309us][CH1-Dispenser] E1
[T+7556064173us][CH2-Pc    ] E1
[T+7556228172us][CH2-Pc    ] F0
[T+7556235172us][CH1-Dispenser] F0 F8
[T+7556321172us][CH2-Pc    ] F1
[T+7556327201us][CH1-Dispenser] F1 F9
[T+7556399198us][CH2-Pc    ] E1
[T+7556406172us][CH1-Dispenser] E1 E9
[T+7556477172us][CH2-Pc    ] F0
[T+7556485172us][CH1-Dispenser] F0 F8
[T+7556555304us][CH1-Dispenser] E0
[T+7556555173us][CH2-Pc    ] E0
[T+7556730309us][CH1-Dispenser] E1
[T+7556730173us][CH2-Pc    ] E1
[T+7556905172us][CH2-Pc    ] F0
[T+7556912172us][CH1-Dispenser] F0 F8
[T+7556983173us][CH2-Pc    ] F1
[T+7556988172us][CH1-Dispenser] F1 F9
[T+7557061172us][CH2-Pc    ] E1
[T+7557069172us][CH1-Dispenser] E1 E9
[T+7557139172us][CH2-Pc    ] F0
[T+7557144173us][CH1-Dispenser] F0 F8
[T+7557218304us][CH1-Dispenser] E0
[T+7557218173us][CH2-Pc    ] E0
[T+7557392313us][CH1-Dispenser] E1
[T+7557392174us][CH2-Pc    ] E1
[T+7557556172us][CH2-Pc    ] F0
[T+7557565816us][CH1-Dispenser] F0 F8
[T+7557634172us][CH2-Pc    ] F1
[T+7557639172us][CH1-Dispenser] F1 F9
[T+7557713172us][CH2-Pc    ] E1
[T+7557719200us][CH1-Dispenser] E1 E9
[T+7557790179us][CH2-Pc    ] F0
[T+7557795172us][CH1-Dispenser] F0 E8
[T+7557869304us][CH1-Dispenser] E0
[T+7557869173us][CH2-Pc    ] E0
[T+7558043306us][CH1-Dispenser] E1
[T+7558043173us][CH2-Pc    ] E1
[T+7558218172us][CH2-Pc    ] F0
[T+7558222173us][CH1-Dispenser] F0 E8
[T+7558297172us][CH2-Pc    ] F1
[T+7558303202us][CH1-Dispenser] F1 F9
[T+7558374172us][CH2-Pc    ] E1
[T+7558381775us][CH1-Dispenser] E1 E9
[T+7558453197us][CH2-Pc    ] F0
[T+7558460172us][CH1-Dispenser] F0 F8
[T+7558531305us][CH1-Dispenser] E0
[T+7558531173us][CH2-Pc    ] E0
[T+7558695309us][CH1-Dispenser] E1
[T+7558695173us][CH2-Pc    ] E1
[T+7558870172us][CH2-Pc    ] F0
[T+7558878172us][CH1-Dispenser] F0 F8
[T+7558948172us][CH2-Pc    ] F1
[T+7558952172us][CH1-Dispenser] F1 F9
[T+7559026172us][CH2-Pc    ] E1
[T+7559029174us][CH1-Dispenser] E1 E9
[T+7559093172us][CH2-Pc    ] F0
[T+7559099202us][CH1-Dispenser] F0 F8
[T+7559171306us][CH1-Dispenser] E0
[T+7559171173us][CH2-Pc    ] E0
[T+7559335305us][CH1-Dispenser] E1
[T+7559335173us][CH2-Pc    ] E1
[T+7559510172us][CH2-Pc    ] F0
[T+7559518179us][CH1-Dispenser] F0 F8
[T+7559588172us][CH2-Pc    ] F1
[T+7559594201us][CH1-Dispenser] F1 E9
[T+7559667172us][CH2-Pc    ] E1
[T+7559674172us][CH1-Dispenser] E1 E9
[T+7559745172us][CH2-Pc    ] F0
[T+7559750175us][CH1-Dispenser] F0 F8
[T+7559823304us][CH1-Dispenser] E0
[T+7559823173us][CH2-Pc    ] E0
[T+7559998172us][CH1-Dispenser] E1
[T+7559997172us][CH2-Pc    ] E1
[T+7560172172us][CH2-Pc    ] F0
[T+7560177172us][CH1-Dispenser] F0 F8
[T+7560251172us][CH2-Pc    ] F1
[T+7560258172us][CH1-Dispenser] F1 F9
[T+7560330172us][CH2-Pc    ] E1
[T+7560334172us][CH1-Dispenser] E1 E9
[T+7560408172us][CH2-Pc    ] F0
[T+7560415823us][CH1-Dispenser] F0 F8
[T+7560486307us][CH1-Dispenser] E0
[T+7560486174us][CH2-Pc    ] E0
[T+7560650306us][CH1-Dispenser] E1
[T+7560650173us][CH2-Pc    ] E1
[T+7560828172us][CH1-Dispenser] F0 F8
[T+7560825172us][CH2-Pc    ] F0
[T+7560892172us][CH2-Pc    ] F1
[T+7560898200us][CH1-Dispenser] F1 F9
[T+7560970172us][CH2-Pc    ] E1
[T+7560975174us][CH1-Dispenser] E1 E9
[T+7561048172us][CH2-Pc    ] F0
[T+7561056172us][CH1-Dispenser] F0 E8
[T+7561127303us][CH1-Dispenser] E0
[T+7561127173us][CH2-Pc    ] E0
[T+7561291305us][CH1-Dispenser] E1
[T+7561291173us][CH2-Pc    ] E1
[T+7561478196us][CH2-Pc    ] F0
[T+7561484201us][CH1-Dispenser] F0 F8
[T+7561556196us][CH2-Pc    ] F1
[T+7561565179us][CH1-Dispenser] F1 F9
[T+7561634172us][CH2-Pc    ] E1
[T+7561640201us][CH1-Dispenser] E1 E9
[T+7561712197us][CH2-Pc    ] F0
[T+7561719172us][CH1-Dispenser] F0 F8
[T+7561790306us][CH1-Dispenser] E0
[T+7561790173us][CH2-Pc    ] E0
[T+7561965306us][CH1-Dispenser] E1
[T+7561965173us][CH2-Pc    ] E1
[T+7562140172us][CH2-Pc    ] F0
[T+7562149823us][CH1-Dispenser] F0 F8
[T+7562218172us][CH2-Pc    ] F1
[T+7562222172us][CH1-Dispenser] F1 F9
[T+7562287172us][CH2-Pc    ] E1
[T+7562296172us][CH1-Dispenser] E1 E9
[T+7562366172us][CH2-Pc    ] F0
[T+7562370172us][CH1-Dispenser] F0 F8
[T+7562444304us][CH1-Dispenser] E0
[T+7562444173us][CH2-Pc    ] E0
[T+7562619312us][CH1-Dispenser] E1
[T+7562619174us][CH2-Pc    ] E1
[T+7562793172us][CH2-Pc    ] F0
[T+7562798172us][CH1-Dispenser] F0 F8
[T+7562872172us][CH2-Pc    ] F1
[T+7562878200us][CH1-Dispenser] F1 F9
[T+7562950172us][CH2-Pc    ] E1
[T+7562955172us][CH1-Dispenser] E1 E9
[T+7563028172us][CH2-Pc    ] F0
[T+7563036172us][CH1-Dispenser] F0 F8
[T+7563106305us][CH1-Dispenser] E0
[T+7563106173us][CH2-Pc    ] E0
[T+7563281307us][CH1-Dispenser] E1
[T+7563281174us][CH2-Pc    ] E1
[T+7563445172us][CH2-Pc    ] F0
[T+7563451200us][CH1-Dispenser] F0 F8
[T+7563523196us][CH2-Pc    ] F1
[T+7563529202us][CH1-Dispenser] F1 F9
[T+7563604172us][CH1-Dispenser] E1 E9
[T+7563601172us][CH2-Pc    ] E1
[T+7563668172us][CH2-Pc    ] F0
[T+7563674200us][CH1-Dispenser] F0 F8
[T+7563746307us][CH1-Dispenser] E0
[T+7563746173us][CH2-Pc    ] E0
[T+7563921309us][CH1-Dispenser] E1
[T+7563921173us][CH2-Pc    ] E1
[T+7564085172us][CH2-Pc    ] F0
[T+7564093172us][CH1-Dispenser] F0 F8
[T+7564163172us][CH2-Pc    ] F1
[T+7564169200us][CH1-Dispenser] F1 ED
[T+7564191172us][CH2-Pc    ] E1
[T+7564318172us][CH2-Pc    ] EF FA FF F8 E8 F8 FF EB EC
[T+7564347172us][CH1-Dispenser] E1 ED EF FA FF F8 E8 F8 FF EB EC 37 F5 8D 24 A3 A3 12 68 F0 9C A2
[T+7564421172us][CH2-Pc    ] E1
[T+7564429172us][CH1-Dispenser] E1 E9
[T+7564499172us][CH2-Pc    ] F0
[T+7564505200us][CH1-Dispenser] F0 F8
[T+7564578172us][CH1-Dispenser] E0
[T+7564577172us][CH2-Pc    ] E0
[T+7564742305us][CH1-Dispenser] E1
[T+7564742173us][CH2-Pc    ] E1
[T+7564916196us][CH2-Pc    ] F0
[T+7564923172us][CH1-Dispenser] F0 F8
[T+7564995197us][CH2-Pc    ] F1
[T+7565001201us][CH1-Dispenser] F1 ED
[T+7565022172us][CH2-Pc    ] E1
[T+7565144172us][CH2-Pc    ] EF FA FF F8 E8 F8 FF EB EC
[T+7565170172us][CH1-Dispenser] E1 ED EF FA FF F8 E8 F8 FF EB EC 37 AB 8D 24 E1 F1 22 12 6A 36 E2
[T+7565240172us][CH1-Dispenser] E1 E9
[T+7565236172us][CH2-Pc    ] E1
[T+7565314172us][CH2-Pc    ] F0
[T+7565321172us][CH1-Dispenser] F0 E8
[T+7565393305us][CH1-Dispenser] E0
[T+7565393173us][CH2-Pc    ] E0
[T+7565574305us][CH1-Dispenser] E1
[T+7565574173us][CH2-Pc    ] E1
[T+7565749172us][CH2-Pc    ] F0
[T+7565754172us][CH1-Dispenser] F0 F8
[T+7565827172us][CH2-Pc    ] F1
[T+7565854172us][CH2-Pc    ] E1
[T+7565976197us][CH2-Pc    ] EF FA FF F8 E8 F8 FF EB EC
[T+7566006197us][CH1-Dispenser] F1 ED E1 ED EF FA FF F8 E8 F8 FF EB EC 37 AB 8D 24 F1 F1 A2 93 F0 AC 22
[T+7566078196us][CH2-Pc    ] E1
[T+7566085172us][CH1-Dispenser] E1 E9
[T+7566157197us][CH2-Pc    ] F0
[T+7566166172us][CH1-Dispenser] F0 F8
[T+7566235304us][CH1-Dispenser] E0
[T+7566235173us][CH2-Pc    ] E0
[T+7566399305us][CH1-Dispenser] E1
[T+7566399173us][CH2-Pc    ] E1
[T+7566574172us][CH2-Pc    ] F0
[T+7566578172us][CH1-Dispenser] F0 F8
[T+7566652172us][CH2-Pc    ] F1
[T+7566679172us][CH2-Pc    ] E1
[T+7566801172us][CH2-Pc    ] EF FA FF F8 E8 F8 FF EB EC
[T+7566832172us][CH1-Dispenser] F1 ED E1 ED EF FA FF F8 E8 F8 FF EB EC 37 AB 8D 24 F1 F1 12 68 F0 AC 22
[T+7566904214us][CH2-Pc    ] E1
[T+7566912172us][CH1-Dispenser] E1 E9
[T+7566982172us][CH2-Pc    ] F0
[T+7566990179us][CH1-Dispenser] F0 F8
[T+7567060305us][CH1-Dispenser] E0
[T+7567060173us][CH2-Pc    ] E0
[T+7567235307us][CH1-Dispenser] E1
[T+7567235174us][CH2-Pc    ] E1
[T+7567399172us][CH2-Pc    ] F0
[T+7567405201us][CH1-Dispenser] F0 F8
[T+7567477198us][CH2-Pc    ] F1
[T+7567504172us][CH2-Pc    ] E1
[T+7567604310us][CH1-Dispenser] F1 ED E1 ED EF FA FF F8 E8 F8 FF
[T+7567604173us][CH2-Pc    ] EF FA FF F8 E8 F8 FF
[T+7567627314us][CH1-Dispenser] EB
[T+7567627175us][CH2-Pc    ] EB
[T+7567649172us][CH2-Pc    ] EC
[T+7567677514us][CH1-Dispenser] EC 37 F5 0D 24 A3 A3 12 68 2A 9C A2
[T+7567748172us][CH2-Pc    ] E1
[T+7567756172us][CH1-Dispenser] E1 E9
[T+7567844172us][CH2-Pc    ] F0
[T+7567851172us][CH1-Dispenser] F0 F8
[T+7567922308us][CH1-Dispenser] E0
[T+7567922173us][CH2-Pc    ] E0
[T+7568086305us][CH1-Dispenser] E1
[T+7568086174us][CH2-Pc    ] E1
[T+7568261172us][CH2-Pc    ] F0
[T+7568270172us][CH1-Dispenser] F0 F8
[T+7568339172us][CH2-Pc    ] F1
[T+7568344172us][CH1-Dispenser] F1 ED
[T+7568367172us][CH2-Pc    ] E1
[T+7568489172us][CH2-Pc    ] EF FA FF F8 E8 F8 FF EB EC
[T+7568516172us][CH1-Dispenser] E1 ED EF FA FF F8 E8 F8 FF EB EC 37 AB 1D 24 F1 F1 A2 F5 F0 AC 22
[T+7568581172us][CH2-Pc    ] E1
[T+7568588172us][CH1-Dispenser] E1 E9
[T+7568660174us][CH2-Pc    ] F0
[T+7568665174us][CH1-Dispenser] F0 F8
[T+7568738306us][CH1-Dispenser] E0
[T+7568738173us][CH2-Pc    ] E0
[T+7568923311us][CH1-Dispenser] E1
[T+7568923173us][CH2-Pc    ] E1
[T+7569087172us][CH2-Pc    ] F0
[T+7569097817us][CH1-Dispenser] F0 F8
[T+7569181197us][CH2-Pc    ] F1 E1
[T+7569305172us][CH2-Pc    ] EF FA FF F8 E8 F8 FF EB EC
[T+7569356172us][CH2-Pc    ] E1
[T+7569529304us][CH1-Dispenser] F1 ED E1 ED EF FA FF F8 E8 F8 FF EB EC 37 AB 8D 24 F3 A3 12 68 F0 AC 22 E1 ED EF F8 FC ED E8 FD F8 F8 E8 E8 FF EA EC
[T+7569529173us][CH2-Pc    ] EF F8 FC ED E8 FD F8 F8 E8 E8 FF EA EC
[T+7569618172us][CH2-Pc    ] F1
[T+7569625789us][CH1-Dispenser] F1 ED
[T+7569646172us][CH2-Pc    ] E1
[T+7569806307us][CH1-Dispenser] E1 ED EF F8 FD FE F8 F8 F8 F8 E9 F8 FF F8
[T+7569806173us][CH2-Pc    ] EF F8 FD FE F8 F8 F8 F8 E9 F8 FF F8
[T+7569829304us][CH1-Dispenser] EC
[T+7569829173us][CH2-Pc    ] EC
[T+7569926172us][CH2-Pc    ] F1
[T+7569953173us][CH1-Dispenser] F1 ED E5
[T+7569953307us][CH2-Pc    ] E5
[T+7570041172us][CH2-Pc    ] F1
[T+7570048172us][CH1-Dispenser] F1 F5
[T+7570119172us][CH2-Pc    ] E1
[T+7570125201us][CH1-Dispenser] E1 E9
[T+7570196172us][CH2-Pc    ] F0
[T+7570201172us][CH1-Dispenser] F0 F8
[T+7570276304us][CH1-Dispenser] E0
[T+7570276173us][CH2-Pc    ] E0
[T+7570451305us][CH1-Dispenser] E1
[T+7570451173us][CH2-Pc    ] E1
[T+7570625172us][CH2-Pc    ] F0
[T+7570628174us][CH1-Dispenser] F0 F8
[T+7570693194us][CH2-Pc    ] F1
[T+7570699174us][CH1-Dispenser] F1 F5
[T+7571271172us][CH2-Pc    ] E1
[T+7571278796us][CH1-Dispenser] E1 E9
[T+7571350280us][CH2-Pc    ] F0
[T+7571356174us][CH1-Dispenser] F0 F8
[T+7571428304us][CH1-Dispenser] E0
[T+7571428173us][CH2-Pc    ] E0
[T+7571603310us][CH1-Dispenser] E1
[T+7571603173us][CH2-Pc    ] E1
[T+7571778172us][CH2-Pc    ] F0
[T+7571783172us][CH1-Dispenser] F0 F8
[T+7571856172us][CH2-Pc    ] F1
[T+7571883172us][CH2-Pc    ] F9
[T+7571895213us][CH1-Dispenser] F1 F5 F9 38 38 38
[T+7571962172us][CH2-Pc    ] E1
[T+7571970172us][CH1-Dispenser] E1 E9
[T+7572043172us][CH2-Pc    ] F0
[T+7572051179us][CH1-Dispenser] F0 F8
[T+7572122172us][CH1-Dispenser] E0
[T+7572121174us][CH2-Pc    ] E0
[T+7572296309us][CH1-Dispenser] E1
[T+7572296173us][CH2-Pc    ] E1
[T+7572460172us][CH2-Pc    ] F0
[T+7572465172us][CH1-Dispenser] F0 F8
[T+7572538172us][CH2-Pc    ] F1
[T+7572544200us][CH1-Dispenser] F1 F5
[T+7572566172us][CH2-Pc    ] F9
[T+7572581173us][CH1-Dispenser] F9 38 38 78
[T+7572655172us][CH2-Pc    ] E1
[T+7572660173us][CH1-Dispenser] E1 E9
[T+7572734172us][CH2-Pc    ] F0
[T+7572739172us][CH1-Dispenser] F0 F8
[T+7572812305us][CH1-Dispenser] E0
[T+7572812173us][CH2-Pc    ] E0
[T+7572979308us][CH1-Dispenser] E1
[T+7572979173us][CH2-Pc    ] E1
[T+7573153196us][CH2-Pc    ] F0
[T+7573159200us][CH1-Dispenser] F0 F8
[T+7573232172us][CH2-Pc    ] F1
[T+7573259179us][CH2-Pc    ] F9
[T+7573273176us][CH1-Dispenser] F1 F5 F9 38 38 38
[T+7573338172us][CH2-Pc    ] E1
[T+7573345172us][CH1-Dispenser] E1 E9
[T+7573416172us][CH2-Pc    ] F0
[T+7573420172us][CH1-Dispenser] F0 F8
[T+7573494305us][CH1-Dispenser] E0
[T+7573494173us][CH2-Pc    ] E0
[T+7573669305us][CH1-Dispenser] E1
[T+7573669173us][CH2-Pc    ] E1
[T+7573844172us][CH2-Pc    ] F0
[T+7573850302us][CH1-Dispenser] F0 F8
[T+7573922196us][CH2-Pc    ] F1
[T+7573949172us][CH2-Pc    ] F9
[T+7573960179us][CH1-Dispenser] F1 F5 F9 28 28 38
[T+7574028172us][CH2-Pc    ] E1
[T+7574035172us][CH1-Dispenser] E1 E9
[T+7574107172us][CH2-Pc    ] F0
[T+7574112173us][CH1-Dispenser] F0 F8
[T+7574185312us][CH1-Dispenser] E0
[T+7574185175us][CH2-Pc    ] E0
[T+7574351310us][CH1-Dispenser] E1
[T+7574351173us][CH2-Pc    ] E1
[T+7574525173us][CH2-Pc    ] F0
[T+7574530172us][CH1-Dispenser] F0 F8
[T+7574604172us][CH2-Pc    ] F1
[T+7574609173us][CH1-Dispenser] F1 F5
[T+7574631172us][CH2-Pc    ] F9
[T+7574645172us][CH1-Dispenser] F9 39 35 38
[T+7574719172us][CH2-Pc    ] E1
[T+7574725200us][CH1-Dispenser] E1 E9
[T+7574797172us][CH2-Pc    ] F0
[T+7574801175us][CH1-Dispenser] F0 F8
[T+7574875306us][CH1-Dispenser] E0
[T+7574875173us][CH2-Pc    ] E0
[T+7575039308us][CH1-Dispenser] E1
[T+7575039173us][CH2-Pc    ] E1
[T+7575214172us][CH2-Pc    ] F0
[T+7575219173us][CH1-Dispenser] F0 F8
[T+7575292172us][CH2-Pc    ] F1
[T+7575298202us][CH1-Dispenser] F1 F5
[T+7575320172us][CH2-Pc    ] F9
[T+7575335172us][CH1-Dispenser] F9 79 39 38
[T+7575408172us][CH2-Pc    ] E1
[T+7575415173us][CH1-Dispenser] E1 E9
[T+7575486172us][CH2-Pc    ] F0
[T+7575491172us][CH1-Dispenser] F0 F8
[T+7575565304us][CH1-Dispenser] E0
[T+7575565173us][CH2-Pc    ] E0
[T+7575750307us][CH1-Dispenser] E1
[T+7575750173us][CH2-Pc    ] E1
[T+7575914172us][CH2-Pc    ] F0
[T+7575920203us][CH1-Dispenser] F0 F8
[T+7575993172us][CH2-Pc    ] F1
[T+7576000172us][CH1-Dispenser] F1 F5
[T+7576021172us][CH2-Pc    ] F9
[T+7576031179us][CH1-Dispenser] F9 79 DD 38
[T+7576099172us][CH2-Pc    ] E1
[T+7576105204us][CH1-Dispenser] E1 E9
[T+7576177173us][CH2-Pc    ] F0
[T+7576181172us][CH1-Dispenser] F0 F8
[T+7576255305us][CH1-Dispenser] E0
[T+7576255173us][CH2-Pc    ] E0
[T+7576430307us][CH1-Dispenser] E1
[T+7576430173us][CH2-Pc    ] E1
[T+7576605173us][CH2-Pc    ] F0
[T+7576609174us][CH1-Dispenser] F0 F8
[T+7576683172us][CH2-Pc    ] F1
[T+7576710172us][CH2-Pc    ] F9
[T+7576723172us][CH1-Dispenser] F1 F5 F9 E9 DF 38
[T+7576788172us][CH2-Pc    ] E1
[T+7576796179us][CH1-Dispenser] E1 E9
[T+7576866172us][CH2-Pc    ] F0
[T+7576871174us][CH1-Dispenser] F0 E8
[T+7576944305us][CH1-Dispenser] E0
[T+7576944173us][CH2-Pc    ] E0
[T+7577119307us][CH1-Dispenser] E1
[T+7577119173us][CH2-Pc    ] E1
[T+7577298172us][CH2-Pc    ] F0
[T+7577305172us][CH1-Dispenser] F0 F8
[T+7577376172us][CH2-Pc    ] F1
[T+7577403172us][CH2-Pc    ] F9
[T+7577416172us][CH1-Dispenser] F1 F5 F9 39 38 70
[T+7577483172us][CH2-Pc    ] E1
[T+7577491172us][CH1-Dispenser] E1 E9
[T+7577561172us][CH2-Pc    ] F0
[T+7577565175us][CH1-Dispenser] F0 F8
[T+7577639307us][CH1-Dispenser] E0
[T+7577639173us][CH2-Pc    ] E0
[T+7577814309us][CH1-Dispenser] E1
[T+7577814174us][CH2-Pc    ] E1
[T+7577978172us][CH2-Pc    ] F0
[T+7577987804us][CH1-Dispenser] F0 F8
[T+7578071197us][CH2-Pc    ] F1 F9
[T+7578085172us][CH1-Dispenser] F1 F5 F9 F9 79 71
[T+7578150172us][CH2-Pc    ] E1
[T+7578156200us][CH1-Dispenser] E1 E9
[T+7578229172us][CH2-Pc    ] F0
[T+7578235200us][CH1-Dispenser] F0 F8
[T+7578307307us][CH1-Dispenser] E0
[T+7578307174us][CH2-Pc    ] E0
[T+7578482304us][CH1-Dispenser] E1
[T+7578482173us][CH2-Pc    ] E1
[T+7578656198us][CH2-Pc    ] F0
[T+7578665179us][CH1-Dispenser] F0 F8
[T+7578734172us][CH2-Pc    ] F1
[T+7578739172us][CH1-Dispenser] F1 F5
[T+7578762172us][CH2-Pc    ] F9
[T+7578777446us][CH1-Dispenser] F9 28 39 70
[T+7578851172us][CH2-Pc    ] E1
[T+7578855173us][CH1-Dispenser] E1 E9
[T+7578929172us][CH2-Pc    ] F0
[T+7578938179us][CH1-Dispenser] F0 F8
[T+7579007305us][CH1-Dispenser] E0
[T+7579007173us][CH2-Pc    ] E0
[T+7579182307us][CH1-Dispenser] E1
[T+7579182173us][CH2-Pc    ] E1
[T+7579358172us][CH2-Pc    ] F0
[T+7579365172us][CH1-Dispenser] F0 F8
[T+7579437173us][CH2-Pc    ] F1
[T+7579464172us][CH2-Pc    ] F9
[T+7579477172us][CH1-Dispenser] F1 F5 F9 AA 38 F1
[T+7579543197us][CH2-Pc    ] E1
[T+7579551172us][CH1-Dispenser] E1 E9
[T+7579621172us][CH2-Pc    ] F0
[T+7579626173us][CH1-Dispenser] F0 F8
[T+7579699306us][CH1-Dispenser] E0
[T+7579699173us][CH2-Pc    ] E0
[T+7579874307us][CH1-Dispenser] E1
[T+7579874174us][CH2-Pc    ] E1
[T+7580038172us][CH2-Pc    ] F0
[T+7580045172us][CH1-Dispenser] F0 F8
[T+7580116172us][CH2-Pc    ] F1
[T+7580144172us][CH2-Pc    ] F9
[T+7580157224us][CH1-Dispenser] F1 F5 F9 A8 28 71
[T+7580227173us][CH2-Pc    ] E1
[T+7580232172us][CH1-Dispenser] E1 E9
[T+7580305172us][CH2-Pc    ] F0
[T+7580313774us][CH1-Dispenser] F0 F8
[T+7580383304us][CH1-Dispenser] E0
[T+7580383173us][CH2-Pc    ] E0
[T+7580558306us][CH1-Dispenser] E1
[T+7580558173us][CH2-Pc    ] E1
[T+7580733172us][CH2-Pc    ] F0
[T+7580739209us][CH1-Dispenser] F0 F8
[T+7580811172us][CH2-Pc    ] F1
[T+7580815172us][CH1-Dispenser] F1 F5
[T+7580838172us][CH2-Pc    ] F9
[T+7580855172us][CH1-Dispenser] F9 29 B9 8E F8
[T+7580927172us][CH2-Pc    ] E1
[T+7580931172us][CH1-Dispenser] E1 E9
[T+7581005172us][CH2-Pc    ] F0
[T+7581010172us][CH1-Dispenser] F0 F8
[T+7581083308us][CH1-Dispenser] E0
[T+7581083174us][CH2-Pc    ] E0
[T+7581258305us][CH1-Dispenser] E1
[T+7581258173us][CH2-Pc    ] E1
[T+7581433172us][CH2-Pc    ] F0
[T+7581442172us][CH1-Dispenser] F0 F8
[T+7581512172us][CH2-Pc    ] F1
[T+7581516172us][CH1-Dispenser] F1 F5
[T+7581538545us][CH2-Pc    ] F9
[T+7581552181us][CH1-Dispenser] F9 39 A9 38
[T+7581617567us][CH2-Pc    ] E1
[T+7581621180us][CH1-Dispenser] E1 E9
[T+7581685172us][CH2-Pc    ] F0
[T+7581696180us][CH1-Dispenser] F0 F8
[T+7581763310us][CH1-Dispenser] E0
[T+7581763175us][CH2-Pc    ] E0
[T+7581937306us][CH1-Dispenser] E1
[T+7581937173us][CH2-Pc    ] E1
[T+7582107172us][CH2-Pc    ] F0
[T+7582115179us][CH1-Dispenser] F0 F8
[T+7582185172us][CH2-Pc    ] F1
[T+7582191200us][CH1-Dispenser] F1 F5
[T+7582212172us][CH2-Pc    ] F9
[T+7582227176us][CH1-Dispenser] F9 78 79 38
[T+7582302172us][CH2-Pc    ] E1
[T+7582306172us][CH1-Dispenser] E1 E9
[T+7582380172us][CH2-Pc    ] F0
[T+7582386200us][CH1-Dispenser] F0 F8
[T+7582458305us][CH1-Dispenser] E0
[T+7582458173us][CH2-Pc    ] E0
[T+7582633307us][CH1-Dispenser] E1
[T+7582633173us][CH2-Pc    ] E1
[T+7582808172us][CH2-Pc    ] F0
[T+7582815172us][CH1-Dispenser] F0 F8
[T+7582886172us][CH2-Pc    ] F1
[T+7582890174us][CH1-Dispenser] F1 F5
[T+7582913172us][CH2-Pc    ] F9
[T+7582925782us][CH1-Dispenser] F9 3A 38 71
[T+7582991196us][CH2-Pc    ] E1
[T+7582998172us][CH1-Dispenser] E1 E9
[T+7583069172us][CH2-Pc    ] F0
[T+7583078179us][CH1-Dispenser] F0 F8
[T+7583147303us][CH1-Dispenser] E0
[T+7583147173us][CH2-Pc    ] E0
[T+7583322304us][CH1-Dispenser] E1
[T+7583322173us][CH2-Pc    ] E1
[T+7583497172us][CH2-Pc    ] F0
[T+7583504172us][CH1-Dispenser] F0 F8
[T+7583575172us][CH2-Pc    ] F1
[T+7583579172us][CH1-Dispenser] F1 F5
[T+7583603196us][CH2-Pc    ] F9
[T+7583616172us][CH1-Dispenser] F9 F8 A8 71
[T+7583682198us][CH2-Pc    ] E1
[T+7583688202us][CH1-Dispenser] E1 E9
[T+7583760172us][CH2-Pc    ] F0
[T+7583765172us][CH1-Dispenser] F0 F8
[T+7583838305us][CH1-Dispenser] E0
[T+7583838173us][CH2-Pc    ] E0
[T+7584013304us][CH1-Dispenser] E1
[T+7584013173us][CH2-Pc    ] E1
[T+7584187197us][CH2-Pc    ] F0
[T+7584194172us][CH1-Dispenser] F0 F8
[T+7584266172us][CH2-Pc    ] F1
[T+7584270172us][CH1-Dispenser] F1 F5
[T+7584293172us][CH2-Pc    ] F9
[T+7584307172us][CH1-Dispenser] F9 39 3A 70
[T+7584376173us][CH1-Dispenser] E1 E9
[T+7584372172us][CH2-Pc    ] E1
[T+7584450172us][CH2-Pc    ] F0
[T+7584459172us][CH1-Dispenser] F0 F8
[T+7584528308us][CH1-Dispenser] E0
[T+7584528173us][CH2-Pc    ] E0
[T+7584703305us][CH1-Dispenser] E1
[T+7584703173us][CH2-Pc    ] E1
[T+7584867172us][CH2-Pc    ] F0
[T+7584874172us][CH1-Dispenser] F0 F8
[T+7584945172us][CH2-Pc    ] F1
[T+7584973172us][CH2-Pc    ] F9
[T+7584987172us][CH1-Dispenser] F1 F5 F9 79 77 8F F8
[T+7585052172us][CH2-Pc    ] E1
[T+7585057172us][CH1-Dispenser] E1 E9
[T+7585130172us][CH2-Pc    ] F0
[T+7585136202us][CH1-Dispenser] F0 F8
[T+7585208307us][CH1-Dispenser] E0
[T+7585208173us][CH2-Pc    ] E0
[T+7585397309us][CH1-Dispenser] E1
[T+7585397174us][CH2-Pc    ] E1
[T+7585572172us][CH2-Pc    ] F0
[T+7585579172us][CH1-Dispenser] F0 F8
[T+7585650172us][CH2-Pc    ] F1
[T+7585655172us][CH1-Dispenser] F1 F5
[T+7585678175us][CH2-Pc    ] F9
[T+7585691172us][CH1-Dispenser] F9 29 76 87 F8
[T+7585756272us][CH2-Pc    ] E1
[T+7585762202us][CH1-Dispenser] E1 E9
[T+7585834196us][CH2-Pc    ] F0
[T+7585842172us][CH1-Dispenser] F0 F8
[T+7585912304us][CH1-Dispenser] E0
[T+7585912173us][CH2-Pc    ] E0
[T+7586087305us][CH1-Dispenser] E1
[T+7586087174us][CH2-Pc    ] E1
[T+7586262172us][CH2-Pc    ] F0
[T+7586270807us][CH1-Dispenser] F0 F8
[T+7586340172us][CH2-Pc    ] F1
[T+7586344172us][CH1-Dispenser] F1 F5
[T+7586367172us][CH2-Pc    ] F9
[T+7586380172us][CH1-Dispenser] F9 29 70 8F F8
[T+7586445172us][CH2-Pc    ] E1
[T+7586452172us][CH1-Dispenser] E1 E9
[T+7586523172us][CH2-Pc    ] F0
[T+7586531172us][CH1-Dispenser] F0 F8
[T+7586601308us][CH1-Dispenser] E0
[T+7586601175us][CH2-Pc    ] E0
[T+7586776306us][CH1-Dispenser] E1
[T+7586776173us][CH2-Pc    ] E1
[T+7586951172us][CH2-Pc    ] F0
[T+7586955172us][CH1-Dispenser] F0 F8
[T+7587029172us][CH2-Pc    ] F1
[T+7587035201us][CH1-Dispenser] F1 F5
[T+7587056172us][CH2-Pc    ] F9
[T+7587066179us][CH1-Dispenser] F9 29 75 8F F8
[T+7587135172us][CH2-Pc    ] E1
[T+7587142172us][CH1-Dispenser] E1 E9
[T+7587213172us][CH2-Pc    ] F0
[T+7587221172us][CH1-Dispenser] F0 F8
[T+7587291311us][CH1-Dispenser] E0
[T+7587291176us][CH2-Pc    ] E0
[T+7587466307us][CH1-Dispenser] E1
[T+7587466174us][CH2-Pc    ] E1
[T+7587641172us][CH2-Pc    ] F0
[T+7587646174us][CH1-Dispenser] F0 F8
[T+7587719172us][CH2-Pc    ] F1
[T+7587746172us][CH2-Pc    ] F9
[T+7587758213us][CH1-Dispenser] F1 F5 F9 28 70 8B F8
[T+7587824197us][CH2-Pc    ] E1
[T+7587832172us][CH1-Dispenser] E1 E9
[T+7587902172us][CH2-Pc    ] F0
[T+7587906172us][CH1-Dispenser] F0 F8
[T+7587970304us][CH1-Dispenser] E0
[T+7587970173us][CH2-Pc    ] E0
[T+7588135307us][CH1-Dispenser] E1
[T+7588135173us][CH2-Pc    ] E1
[T+7588309196us][CH2-Pc    ] F0
[T+7588315202us][CH1-Dispenser] F0 F8
[T+7588388172us][CH2-Pc    ] F1
[T+7588415172us][CH2-Pc    ] F9
[T+7588429173us][CH1-Dispenser] F1 F5 F9 B8 F8 71
[T+7588504172us][CH2-Pc    ] E1
[T+7588511773us][CH1-Dispenser] E1 E9
[T+7588582172us][CH2-Pc    ] F0
[T+7588587172us][CH1-Dispenser] F0 F8
[T+7588660304us][CH1-Dispenser] E0
[T+7588660173us][CH2-Pc    ] E0
[T+7588836308us][CH1-Dispenser] E1
[T+7588836174us][CH2-Pc    ] E1
[T+7589011172us][CH2-Pc    ] F0
[T+7589017200us][CH1-Dispenser] F0 F8
[T+7589089173us][CH2-Pc    ] F1
[T+7589094172us][CH1-Dispenser] F1 F5
[T+7589116172us][CH2-Pc    ] F9
[T+7589127179us][CH1-Dispenser] F9 69 FA 70
[T+7589195172us][CH2-Pc    ] E1
[T+7589201200us][CH1-Dispenser] E1 E9
[T+7589273197us][CH2-Pc    ] F0
[T+7589282803us][CH1-Dispenser] F0 F8
[T+7589351308us][CH1-Dispenser] E0
[T+7589351173us][CH2-Pc    ] E0
[T+7589526307us][CH1-Dispenser] E1
[T+7589526173us][CH2-Pc    ] E1
[T+7589701172us][CH2-Pc    ] F0
[T+7589706172us][CH1-Dispenser] F0 F8
[T+7589779172us][CH2-Pc    ] F1
[T+7589785200us][CH1-Dispenser] F1 F5
[T+7589806172us][CH2-Pc    ] F9
[T+7589816172us][CH1-Dispenser] F9 F8 B1 C5 F8
[T+7589885172us][CH2-Pc    ] E1
[T+7589891200us][CH1-Dispenser] E1 E9
[T+7589963173us][CH2-Pc    ] F0
[T+7589967172us][CH1-Dispenser] F0 F8
[T+7590041306us][CH1-Dispenser] E0
[T+7590041173us][CH2-Pc    ] E0
[T+7590216308us][CH1-Dispenser] E1
[T+7590216173us][CH2-Pc    ] E1
[T+7590386172us][CH2-Pc    ] F0
[T+7590391173us][CH1-Dispenser] F0 E8
[T+7590464172us][CH2-Pc    ] F1
[T+7590470209us][CH1-Dispenser] F1 F5
[T+7590491172us][CH2-Pc    ] F9
[T+7590501172us][CH1-Dispenser] F9 B8 3A 71
[T+7590570173us][CH2-Pc    ] E1
[T+7590578172us][CH1-Dispenser] E1 E9
[T+7590648172us][CH2-Pc    ] F0
[T+7590657181us][CH1-Dispenser] F0 F8
[T+7590726305us][CH1-Dispenser] E0
[T+7590726173us][CH2-Pc    ] E0
[T+7590903308us][CH1-Dispenser] E1
[T+7590903173us][CH2-Pc    ] E1
[T+7591078172us][CH2-Pc    ] F0
[T+7591085172us][CH1-Dispenser] F0 FE
[T+7591156172us][CH2-Pc    ] F1
[T+7591161172us][CH1-Dispenser] F1 F5
[T+7591185174us][CH2-Pc    ] F9
[T+7591197754us][CH1-Dispenser] F9 29 F4 87 F8
[T+7591262172us][CH2-Pc    ] E1
[T+7591268202us][CH1-Dispenser] E1 E9
[T+7591342172us][CH2-Pc    ] F0
[T+7591349172us][CH1-Dispenser] F0 F8
[T+7591420305us][CH1-Dispenser] E0
[T+7591420173us][CH2-Pc    ] E0
[T+7591594309us][CH1-Dispenser] E1
[T+7591594173us][CH2-Pc    ] E1
[T+7591760180us][CH2-Pc    ] F0
[T+7591768044us][CH1-Dispenser] F0 F8
[T+7591838172us][CH2-Pc    ] F1
[T+7591866273us][CH2-Pc    ] F9
[T+7591877179us][CH1-Dispenser] F1 F5 F9 3A 70 C7 F8
[T+7591945180us][CH2-Pc    ] E1
[T+7591953172us][CH1-Dispenser] E1 E9
[T+7592022172us][CH2-Pc    ] F0
[T+7592026172us][CH1-Dispenser] F0 F8
[T+7592100538us][CH1-Dispenser] E0
[T+7592100400us][CH2-Pc    ] E0
[T+7592291613us][CH1-Dispenser] E1
[T+7592291431us][CH2-Pc    ] E1
[T+7592466172us][CH2-Pc    ] F0
[T+7592470172us][CH1-Dispenser] F0 F8
[T+7592544172us][CH2-Pc    ] F1
[T+7592571172us][CH2-Pc    ] F9
[T+7592582778us][CH1-Dispenser] F1 F5 F9 28 F7 28
[T+7592650172us][CH2-Pc    ] E1
[T+7592657172us][CH1-Dispenser] E1 E9
[T+7592728172us][CH2-Pc    ] F0
[T+7592736805us][CH1-Dispenser] F0 F8
[T+7592807309us][CH1-Dispenser] E0
[T+7592807175us][CH2-Pc    ] E0
[T+7592981308us][CH1-Dispenser] E1
[T+7592981173us][CH2-Pc    ] E1
[T+7593157172us][CH2-Pc    ] F0
[T+7593164172us][CH1-Dispenser] F0 F8
[T+7593235172us][CH2-Pc    ] F1
[T+7593240172us][CH1-Dispenser] F1 F5
[T+7593262172us][CH2-Pc    ] F9
[T+7593276172us][CH1-Dispenser] F9 AA 2A 28
[T+7593352172us][CH2-Pc    ] E1
[T+7593357173us][CH1-Dispenser] E1 E9
[T+7593430172us][CH2-Pc    ] F0
[T+7593439173us][CH1-Dispenser] F0 F8
[T+7593509308us][CH1-Dispenser] E0
[T+7593509173us][CH2-Pc    ] E0
[T+7593683307us][CH1-Dispenser] E1
[T+7593683173us][CH2-Pc    ] E1
[T+7593858172us][CH2-Pc    ] F0
[T+7593866172us][CH1-Dispenser] F0 F8
[T+7593936172us][CH2-Pc    ] F1
[T+7593942200us][CH1-Dispenser] F1 F5
[T+7593964172us][CH2-Pc    ] F9
[T+7593976213us][CH1-Dispenser] F9 E8 77 33
[T+7594043172us][CH2-Pc    ] E1
[T+7594047172us][CH1-Dispenser] E1 E9
[T+7594121172us][CH2-Pc    ] F0
[T+7594127202us][CH1-Dispenser] F0 F8
[T+7594206304us][CH1-Dispenser] E0
[T+7594206173us][CH2-Pc    ] E0
[T+7594382306us][CH1-Dispenser] E1
[T+7594382173us][CH2-Pc    ] E1
[T+7594558172us][CH2-Pc    ] F0
[T+7594566172us][CH1-Dispenser] F0 F8
[T+7594652172us][CH2-Pc    ] F1 F9
[T+7594667173us][CH1-Dispenser] F1 F5 F9 79 6A 33
[T+7594731172us][CH2-Pc    ] E1
[T+7594737200us][CH1-Dispenser] E1 E9
[T+7594809197us][CH2-Pc    ] F0
[T+7594818802us][CH1-Dispenser] F0 F8
[T+7594887305us][CH1-Dispenser] E0
[T+7594887173us][CH2-Pc    ] E0
[T+7595062307us][CH1-Dispenser] E1
[T+7595062173us][CH2-Pc    ] E1
[T+7595237172us][CH2-Pc    ] F0
[T+7595240173us][CH1-Dispenser] F0 F8
[T+7595304172us][CH2-Pc    ] F1
[T+7595310200us][CH1-Dispenser] F1 F5
[T+7595332172us][CH2-Pc    ] F9
[T+7595341698us][CH1-Dispenser] F9 38 77 33
[T+7595411091us][CH2-Pc    ] E1
[T+7595418608us][CH1-Dispenser] E1 E9
[T+7595488175us][CH2-Pc    ] F0
[T+7595493447us][CH1-Dispenser] F0 F8
[T+7595568307us][CH1-Dispenser] E0
[T+7595568173us][CH2-Pc    ] E0
[T+7595743305us][CH1-Dispenser] E1
[T+7595743173us][CH2-Pc    ] E1
[T+7595918172us][CH2-Pc    ] F0
[T+7595926799us][CH1-Dispenser] F0 F8
[T+7596011172us][CH2-Pc    ] F1 F9
[T+7596027172us][CH1-Dispenser] F1 F5 F9 29 76 A3
[T+7596103172us][CH2-Pc    ] E1
[T+7596108173us][CH1-Dispenser] E1 E9
[T+7596181172us][CH2-Pc    ] F0
[T+7596187200us][CH1-Dispenser] F0 F8
[T+7596259309us][CH1-Dispenser] E0
[T+7596259173us][CH2-Pc    ] E0
[T+7596435307us][CH1-Dispenser] E1
[T+7596435173us][CH2-Pc    ] E1
[T+7596603200us][CH2-Pc    ] F0
[T+7596611175us][CH1-Dispenser] F0 F8
[T+7596697172us][CH2-Pc    ] F1 F9
[T+7596712174us][CH1-Dispenser] F1 F5 F9 A9 72 28
[T+7596782172us][CH2-Pc    ] E1
[T+7596787172us][CH1-Dispenser] E1 E9
[T+7596860172us][CH2-Pc    ] F0
[T+7596868172us][CH1-Dispenser] F0 F8
[T+7596941305us][CH1-Dispenser] E0
[T+7596941173us][CH2-Pc    ] E0
[T+7597116308us][CH1-Dispenser] E1
[T+7597116174us][CH2-Pc    ] E1
[T+7597291172us][CH2-Pc    ] F0
[T+7597298172us][CH1-Dispenser] F0 F8
[T+7597369172us][CH2-Pc    ] F1
[T+7597396172us][CH2-Pc    ] F9
[T+7597406179us][CH1-Dispenser] F1 F5 F9 38 A9 28
[T+7597475172us][CH2-Pc    ] E1
[T+7597483172us][CH1-Dispenser] E1 E9
[T+7597553172us][CH2-Pc    ] F0
[T+7597556172us][CH1-Dispenser] F0 F8
[T+7597621304us][CH1-Dispenser] E0
[T+7597621173us][CH2-Pc    ] E0
[T+7597796304us][CH1-Dispenser] E1
[T+7597796173us][CH2-Pc    ] E1
[T+7597960172us][CH2-Pc    ] F0
[T+7597967172us][CH1-Dispenser] F0 F8
[T+7598038172us][CH2-Pc    ] F1
[T+7598065172us][CH2-Pc    ] F9
[T+7598077213us][CH1-Dispenser] F1 F5 F9 29 E1 83 F8
[T+7598144172us][CH2-Pc    ] E1
[T+7598151172us][CH1-Dispenser] E1 E9
[T+7598222172us][CH2-Pc    ] F0
[T+7598227172us][CH1-Dispenser] F0 F8
[T+7598300322us][CH1-Dispenser] E0
[T+7598300181us][CH2-Pc    ] E0
[T+7598482304us][CH1-Dispenser] E1
[T+7598482173us][CH2-Pc    ] E1
[T+7598661173us][CH1-Dispenser] F0 F8
[T+7598657172us][CH2-Pc    ] F0
[T+7598735172us][CH2-Pc    ] F1
[T+7598741200us][CH1-Dispenser] F1 F5
[T+7598762173us][CH2-Pc    ] F9
[T+7598772802us][CH1-Dispenser] F9 EA 76 70
[T+7598840172us][CH2-Pc    ] E1
[T+7598848172us][CH1-Dispenser] E1 E9
[T+7598914196us][CH2-Pc    ] F0
[T+7598922179us][CH1-Dispenser] F0 F8
[T+7598993180us][CH1-Dispenser] E0
[T+7598993321us][CH2-Pc    ] E0
[T+7599167304us][CH1-Dispenser] E1
[T+7599167173us][CH2-Pc    ] E1
[T+7599341172us][CH2-Pc    ] F0
[T+7599345172us][CH1-Dispenser] F0 F8
[T+7599409172us][CH2-Pc    ] F1
[T+7599436172us][CH2-Pc    ] F9
[T+7599448213us][CH1-Dispenser] F1 F5 F9 BA 28 28
[T+7599517172us][CH2-Pc    ] E1
[T+7599522172us][CH1-Dispenser] E1 E9
[T+7599595172us][CH2-Pc    ] F0
[T+7599603788us][CH1-Dispenser] F0 F8
[T+7599673306us][CH1-Dispenser] E0
[T+7599673173us][CH2-Pc    ] E0
[T+7599859309us][CH1-Dispenser] E1
[T+7599859174us][CH2-Pc    ] E1
[T+7600023172us][CH2-Pc    ] F0
[T+7600030810us][CH1-Dispenser] F0 F8
[T+7600101174us][CH2-Pc    ] F1
[T+7600106174us][CH1-Dispenser] F1 F5
[T+7600129172us][CH2-Pc    ] F9
[T+7600142172us][CH1-Dispenser] F9 39 E9 87 F8
[T+7600207172us][CH2-Pc    ] E1
[T+7600212172us][CH1-Dispenser] E1 E9
[T+7600285172us][CH2-Pc    ] F0
[T+7600292172us][CH1-Dispenser] F0 F8
[T+7600363304us][CH1-Dispenser] E0
[T+7600363173us][CH2-Pc    ] E0
[T+7600538305us][CH1-Dispenser] E1
[T+7600538173us][CH2-Pc    ] E1
[T+7600725172us][CH2-Pc    ] F0
[T+7600732172us][CH1-Dispenser] F0 F8
[T+7600803172us][CH2-Pc    ] F1
[T+7600831172us][CH2-Pc    ] F9
[T+7600844647us][CH1-Dispenser] F1 F5 F9 B8 70 87 F8
[T+7600910378us][CH2-Pc    ] E1
[T+7600917172us][CH1-Dispenser] E1 E9
[T+7600988172us][CH2-Pc    ] F0
[T+7600992172us][CH1-Dispenser] F0 F8
[T+7601066305us][CH1-Dispenser] E0
[T+7601066173us][CH2-Pc    ] E0
[T+7601241307us][CH1-Dispenser] E1
[T+7601241173us][CH2-Pc    ] E1
[T+7601416172us][CH2-Pc    ] F0
[T+7601421172us][CH1-Dispenser] F0 F8
[T+7601494172us][CH2-Pc    ] F1
[T+7601521172us][CH2-Pc    ] F9
[T+7601533213us][CH1-Dispenser] F1 F5 F9 B9 76 87 F8
[T+7601599196us][CH2-Pc    ] E1
[T+7601607782us][CH1-Dispenser] E1 E9
[T+7601677172us][CH2-Pc    ] F0
[T+7601683201us][CH1-Dispenser] F0 F8
[T+7601756304us][CH1-Dispenser] E0
[T+7601756173us][CH2-Pc    ] E0
[T+7601930312us][CH1-Dispenser] E1
[T+7601930173us][CH2-Pc    ] E1
[T+7602105172us][CH2-Pc    ] F0
[T+7602112172us][CH1-Dispenser] F0 F8
[T+7602183172us][CH2-Pc    ] F1
[T+7602211172us][CH2-Pc    ] F9
[T+7602224172us][CH1-Dispenser] F1 F5 F9 BA 33 9B F8
[T+7602290196us][CH2-Pc    ] E1
[T+7602299172us][CH1-Dispenser] E1 E9
[T+7602368172us][CH2-Pc    ] F0
[T+7602373173us][CH1-Dispenser] F0 F8
[T+7602446310us][CH1-Dispenser] E0
[T+7602446175us][CH2-Pc    ] E0
[T+7602621306us][CH1-Dispenser] E1
[T+7602621173us][CH2-Pc    ] E1
[T+7602795172us][CH2-Pc    ] F0
[T+7602800172us][CH1-Dispenser] F0 F8
[T+7602874172us][CH2-Pc    ] F1
[T+7602901172us][CH2-Pc    ] F9
[T+7602912179us][CH1-Dispenser] F1 F5 F9 A8 75 9B F8
[T+7602979172us][CH2-Pc    ] E1
[T+7602989549us][CH1-Dispenser] E1 E9
[T+7603057172us][CH2-Pc    ] F0
[T+7603063209us][CH1-Dispenser] F0 F8
[T+7603135303us][CH1-Dispenser] E0
[T+7603135173us][CH2-Pc    ] E0
[T+7603310306us][CH1-Dispenser] E1
[T+7603310173us][CH2-Pc    ] E1
[T+7603485172us][CH2-Pc    ] F0
[T+7603491202us][CH1-Dispenser] F0 E8
[T+7603566172us][CH2-Pc    ] F1
[T+7603570172us][CH1-Dispenser] F1 F5
[T+7603594173us][CH2-Pc    ] F9
[T+7603607172us][CH1-Dispenser] F9 A8 28 33
[T+7603672172us][CH2-Pc    ] E1
[T+7603677174us][CH1-Dispenser] E1 E9
[T+7603750172us][CH2-Pc    ] F0
[T+7603758172us][CH1-Dispenser] F0 F8
[T+7603834305us][CH1-Dispenser] E0
[T+7603834173us][CH2-Pc    ] E0
[T+7604008305us][CH1-Dispenser] E1
[T+7604008174us][CH2-Pc    ] E1
[T+7604183172us][CH2-Pc    ] F0
[T+7604191822us][CH1-Dispenser] F0 F8
[T+7604267172us][CH2-Pc    ] F1
[T+7604272172us][CH1-Dispenser] F1 F5
[T+7604295172us][CH2-Pc    ] F9
[T+7604308172us][CH1-Dispenser] F9 68 39 33
[T+7604373172us][CH2-Pc    ] E1
[T+7604378172us][CH1-Dispenser] E1 E9
[T+7604451172us][CH2-Pc    ] F0
[T+7604457200us][CH1-Dispenser] F0 F8
[T+7604529307us][CH1-Dispenser] E0
[T+7604529173us][CH2-Pc    ] E0
[T+7604704311us][CH1-Dispenser] E1
[T+7604704173us][CH2-Pc    ] E1
[T+7604868172us][CH2-Pc    ] F0
[T+7604876797us][CH1-Dispenser] F0 F8
[T+7604946172us][CH2-Pc    ] F1
[T+7604973172us][CH2-Pc    ] F9
[T+7604988172us][CH1-Dispenser] F1 F5 F9 38 70 CF F8
[T+7605063172us][CH2-Pc    ] E1
[T+7605067172us][CH1-Dispenser] E1 E9
[T+7605141172us][CH2-Pc    ] F0
[T+7605149179us][CH1-Dispenser] F0 F8
[T+7605219306us][CH1-Dispenser] E0
[T+7605219173us][CH2-Pc    ] E0
[T+7605383307us][CH1-Dispenser] E1
[T+7605383174us][CH2-Pc    ] E1
[T+7605558172us][CH2-Pc    ] F0
[T+7605568172us][CH1-Dispenser] F0 F8
[T+7605636172us][CH2-Pc    ] F1
[T+7605640174us][CH1-Dispenser] F1 F5
[T+7605664173us][CH2-Pc    ] F9
[T+7605677172us][CH1-Dispenser] F9 A8 76 CF F8
[T+7605742172us][CH2-Pc    ] E1
[T+7605748200us][CH1-Dispenser] E1 E9
[T+7605820196us][CH2-Pc    ] F0
[T+7605827913us][CH1-Dispenser] F0 F8
[T+7605898306us][CH1-Dispenser] E0
[T+7605898174us][CH2-Pc    ] E0
[T+7606073308us][CH1-Dispenser] E1
[T+7606073173us][CH2-Pc    ] E1
[T+7606250172us][CH2-Pc    ] F0
[T+7606256202us][CH1-Dispenser] F0 F8
[T+7606321172us][CH2-Pc    ] F1
[T+7606326172us][CH1-Dispenser] F1 F5
[T+7606348172us][CH2-Pc    ] F9
[T+7606366196us][CH1-Dispenser] F9 39 76 CF F8
[T+7606437172us][CH2-Pc    ] E1
[T+7606443206us][CH1-Dispenser] E1 E9
[T+7606515196us][CH2-Pc    ] F0
[T+7606524179us][CH1-Dispenser] F0 E8
[T+7606593305us][CH1-Dispenser] E0
[T+7606593173us][CH2-Pc    ] E0
[T+7606757306us][CH1-Dispenser] E1
[T+7606757173us][CH2-Pc    ] E1
[T+7606932172us][CH2-Pc    ] F0
[T+7606937172us][CH1-Dispenser] F0 F8
[T+7607011172us][CH2-Pc    ] F1
[T+7607038176us][CH2-Pc    ] F9
[T+7607048745us][CH1-Dispenser] F1 F5 F9 68 29 28
[T+7607122172us][CH2-Pc    ] E1
[T+7607128200us][CH1-Dispenser] E1 E9
[T+7607195172us][CH2-Pc    ] F0
[T+7607202172us][CH1-Dispenser] F0 F8
[T+7607273305us][CH1-Dispenser] E0
[T+7607273173us][CH2-Pc    ] E0
[T+7607448307us][CH1-Dispenser] E1
[T+7607448173us][CH2-Pc    ] E1
[T+7607623172us][CH2-Pc    ] F0
[T+7607626172us][CH1-Dispenser] F0 F8
[T+7607701172us][CH2-Pc    ] F1
[T+7607707201us][CH1-Dispenser] F1 F5
[T+7607728172us][CH2-Pc    ] F9
[T+7607742172us][CH1-Dispenser] F9 EA B3 7A F0
[T+7607807172us][CH2-Pc    ] E1
[T+7607813200us][CH1-Dispenser] E1 E9
[T+7607885197us][CH2-Pc    ] F0
[T+7607894807us][CH1-Dispenser] F0 F8
[T+7607963307us][CH1-Dispenser] E0
[T+7607963173us][CH2-Pc    ] E0
[T+7608131306us][CH1-Dispenser] E1
[T+7608131173us][CH2-Pc    ] E1
[T+7608308172us][CH2-Pc    ] F0
[T+7608317879us][CH1-Dispenser] F0 F8
[T+7608386172us][CH2-Pc    ] F1
[T+7608391174us][CH1-Dispenser] F1 F5
[T+7608413172us][CH2-Pc    ] F9
[T+7608427172us][CH1-Dispenser] F9 28 70 CF F8
[T+7608493172us][CH2-Pc    ] E1
[T+7608497172us][CH1-Dispenser] E1 E9
[T+7608571192us][CH2-Pc    ] F0
[T+7608577173us][CH1-Dispenser] F0 F8
[T+7608649306us][CH1-Dispenser] E0
[T+7608649173us][CH2-Pc    ] E0
[T+7608824306us][CH1-Dispenser] E1
[T+7608824173us][CH2-Pc    ] E1
[T+7608998197us][CH2-Pc    ] F0
[T+7609006172us][CH1-Dispenser] F0 F8
[T+7609089172us][CH2-Pc    ] F1
[T+7609117172us][CH2-Pc    ] F9
[T+7609127804us][CH1-Dispenser] F1 F5 F9 B9 2A 28
[T+7609195172us][CH2-Pc    ] E1
[T+7609204914us][CH1-Dispenser] E1 E9
[T+7609273172us][CH2-Pc    ] F0
[T+7609277172us][CH1-Dispenser] F0 F8
[T+7609351307us][CH1-Dispenser] E0
[T+7609351174us][CH2-Pc    ] E0
[T+7609526305us][CH1-Dispenser] E1
[T+7609526173us][CH2-Pc    ] E1
[T+7609701172us][CH2-Pc    ] F0
[T+7609706174us][CH1-Dispenser] F0 F8
[T+7609779172us][CH2-Pc    ] F1
[T+7609806172us][CH2-Pc    ] F9
[T+7609821174us][CH1-Dispenser] F1 F5 F9 39 6A 28
[T+7609895172us][CH2-Pc    ] E1
[T+7609905179us][CH1-Dispenser] E1 E9
[T+7609973172us][CH2-Pc    ] F0
[T+7609978172us][CH1-Dispenser] F0 F8
[T+7610051307us][CH1-Dispenser] E0
[T+7610051173us][CH2-Pc    ] E0
[T+7610226306us][CH1-Dispenser] E1
[T+7610226173us][CH2-Pc    ] E1
[T+7610401172us][CH2-Pc    ] F0
[T+7610407200us][CH1-Dispenser] F0 F8
[T+7610479197us][CH2-Pc    ] F1
[T+7610506172us][CH2-Pc    ] F9
[T+7610517179us][CH1-Dispenser] F1 F5 F9 2A 70 CF F8
[T+7610584172us][CH2-Pc    ] E1
[T+7610593172us][CH1-Dispenser] E1 E9
[T+7610662172us][CH2-Pc    ] F0
[T+7610668200us][CH1-Dispenser] F0 F8
[T+7610741310us][CH1-Dispenser] E0
[T+7610741176us][CH2-Pc    ] E0
[T+7610916174us][CH1-Dispenser] E1
[T+7610915173us][CH2-Pc    ] E1
[T+7611090196us][CH2-Pc    ] F0
[T+7611096201us][CH1-Dispenser] F0 F8
[T+7611168197us][CH2-Pc    ] F1
[T+7611196172us][CH2-Pc    ] F9
[T+7611208213us][CH1-Dispenser] F1 F5 F9 E9 7A 28
[T+7611274172us][CH2-Pc    ] E1
[T+7611278172us][CH1-Dispenser] E1 E9
[T+7611352172us][CH2-Pc    ] F0
[T+7611360810us][CH1-Dispenser] F0 F8
[T+7611430309us][CH1-Dispenser] E0
[T+7611430173us][CH2-Pc    ] E0
[T+7611605309us][CH1-Dispenser] E1
[T+7611605175us][CH2-Pc    ] E1
[T+7611780172us][CH2-Pc    ] F0
[T+7611788172us][CH1-Dispenser] F0 F8
[T+7611858172us][CH2-Pc    ] F1
[T+7611862172us][CH1-Dispenser] F1 F5
[T+7611885172us][CH2-Pc    ] F9
[T+7611897217us][CH1-Dispenser] F9 B8 FA CF
[T+7611964172us][CH2-Pc    ] E1
[T+7611968172us][CH1-Dispenser] E1 E9
[T+7612032172us][CH2-Pc    ] F0
[T+7612038201us][CH1-Dispenser] F0 F8
[T+7612110305us][CH1-Dispenser] E0
[T+7612110173us][CH2-Pc    ] E0
[T+7612274304us][CH1-Dispenser] E1
[T+7612274173us][CH2-Pc    ] E1
[T+7612449172us][CH2-Pc    ] F0
[T+7612457172us][CH1-Dispenser] F0 F8
[T+7612533172us][CH2-Pc    ] F1
[T+7612537172us][CH1-Dispenser] F1 F5
[T+7612560175us][CH2-Pc    ] F9
[T+7612573172us][CH1-Dispenser] F9 38 38 29
[T+7612638172us][CH2-Pc    ] E1
[T+7612643302us][CH1-Dispenser] E1 E9
[T+7612716172us][CH2-Pc    ] F0
[T+7612723803us][CH1-Dispenser] F0 F8
[T+7612794310us][CH1-Dispenser] E0
[T+7612794173us][CH2-Pc    ] E0
[T+7612969307us][CH1-Dispenser] E1
[T+7612969173us][CH2-Pc    ] E1
[T+7613137173us][CH1-Dispenser] F0 F8
[T+7613133172us][CH2-Pc    ] F0
[T+7613211172us][CH2-Pc    ] F1
[T+7613217200us][CH1-Dispenser] F1 F5
[T+7613239172us][CH2-Pc    ] F9
[T+7613253172us][CH1-Dispenser] F9 38 38 29
[T+7613328172us][CH2-Pc    ] E1
[T+7613334201us][CH1-Dispenser] E1 E9
[T+7613407172us][CH2-Pc    ] F0
[T+7613413201us][CH1-Dispenser] F0 F8
[T+7613486307us][CH1-Dispenser] E0
[T+7613486173us][CH2-Pc    ] E0
[T+7613671307us][CH1-Dispenser] E1
[T+7613671173us][CH2-Pc    ] E1
[T+7613835172us][CH2-Pc    ] F0
[T+7613846179us][CH1-Dispenser] F0 F8
[T+7613914172us][CH2-Pc    ] F1
[T+7613941172us][CH2-Pc    ] F9
[T+7613953822us][CH1-Dispenser] F1 F5 F9 38 38 29
[T+7614020172us][CH2-Pc    ] E1
[T+7614029179us][CH1-Dispenser] E1 E9
[T+7614098172us][CH2-Pc    ] F0
[T+7614103173us][CH1-Dispenser] F0 F8
[T+7614176305us][CH1-Dispenser] E0
[T+7614176173us][CH2-Pc    ] E0
[T+7614355309us][CH1-Dispenser] E1
[T+7614355174us][CH2-Pc    ] E1
[T+7614530172us][CH2-Pc    ] F0
[T+7614539172us][CH1-Dispenser] F0 F8
[T+7614608172us][CH2-Pc    ] F1
[T+7614613172us][CH1-Dispenser] F1 F5
[T+7614635173us][CH2-Pc    ] F9
[T+7614649172us][CH1-Dispenser] F9 38 38 29
[T+7614714172us][CH2-Pc    ] E1
[T+7614717172us][CH1-Dispenser] E1 E9
[T+7614782172us][CH2-Pc    ] F0
[T+7614787172us][CH1-Dispenser] F0 F8
[T+7614862307us][CH1-Dispenser] E0
[T+7614862173us][CH2-Pc    ] E0
[T+7615047309us][CH1-Dispenser] E1
[T+7615047173us][CH2-Pc    ] E1
[T+7615211172us][CH2-Pc    ] F0
[T+7615217202us][CH1-Dispenser] F0 F8
[T+7615289197us][CH2-Pc    ] F1
[T+7615317176us][CH2-Pc    ] F9
[T+7615329213us][CH1-Dispenser] F1 F5 F9 38 38 29
[T+7615395197us][CH2-Pc    ] E1
[T+7615404172us][CH1-Dispenser] E1 E9
[T+7615473172us][CH2-Pc    ] F0
[T+7615479200us][CH1-Dispenser] F0 F8
[T+7615551304us][CH1-Dispenser] E0
[T+7615551173us][CH2-Pc    ] E0
[T+7615726308us][CH1-Dispenser] E1
[T+7615726173us][CH2-Pc    ] E1
[T+7615901172us][CH2-Pc    ] F0
[T+7615907200us][CH1-Dispenser] F0 F8
[T+7615979196us][CH2-Pc    ] F1
[T+7616006172us][CH2-Pc    ] F9
[T+7616019172us][CH1-Dispenser] F1 F5 F9 38 38 29
[T+7616084172us][CH2-Pc    ] E1
[T+7616090200us][CH1-Dispenser] E1 E9
[T+7616162197us][CH2-Pc    ] F0
[T+7616168203us][CH1-Dispenser] F0 F8
[T+7616241308us][CH1-Dispenser] E0
[T+7616241173us][CH2-Pc    ] E0
[T+7616415308us][CH1-Dispenser] E1
[T+7616415174us][CH2-Pc    ] E1
[T+7616590172us][CH2-Pc    ] F0
[T+7616596201us][CH1-Dispenser] F0 F8
[T+7616668172us][CH2-Pc    ] F1
[T+7616672172us][CH1-Dispenser] F1 F5
[T+7616695179us][CH2-Pc    ] F9
[T+7616708172us][CH1-Dispenser] F9 38 38 29
[T+7616774172us][CH2-Pc    ] E1
[T+7616779172us][CH1-Dispenser] E1 E9
[T+7616852172us][CH2-Pc    ] F0
[T+7616858202us][CH1-Dispenser] F0 F8
[T+7616930305us][CH1-Dispenser] E0
[T+7616930173us][CH2-Pc    ] E0
[T+7617105311us][CH1-Dispenser] E1
[T+7617105175us][CH2-Pc    ] E1
[T+7617279196us][CH2-Pc    ] F0
[T+7617287816us][CH1-Dispenser] F0 F8
[T+7617358172us][CH2-Pc    ] F1
[T+7617363172us][CH1-Dispenser] F1 F5
[T+7617385172us][CH2-Pc    ] F9
[T+7617401173us][CH1-Dispenser] F9 38 38 29
[T+7617474173us][CH2-Pc    ] E1
[T+7617478172us][CH1-Dispenser] E1 E9
[T+7617552172us][CH2-Pc    ] F0
[T+7617559172us][CH1-Dispenser] F0 F8
[T+7617630303us][CH1-Dispenser] E0
[T+7617630173us][CH2-Pc    ] E0
[T+7617805305us][CH1-Dispenser] E1
[T+7617805173us][CH2-Pc    ] E1
[T+7617980172us][CH2-Pc    ] F0
[T+7617987172us][CH1-Dispenser] F0 F8
[T+7618058172us][CH2-Pc    ] F1
[T+7618062172us][CH1-Dispenser] F1 F5
[T+7618085172us][CH2-Pc    ] F9
[T+7618099176us][CH1-Dispenser] F9 38 38 29
[T+7618165196us][CH2-Pc    ] E1
[T+7618173179us][CH1-Dispenser] E1 E9
[T+7618243172us][CH2-Pc    ] F0
[T+7618249200us][CH1-Dispenser] F0 F8
[T+7618322313us][CH1-Dispenser] E0
[T+7618322177us][CH2-Pc    ] E0
[T+7618496307us][CH1-Dispenser] E1
[T+7618496173us][CH2-Pc    ] E1
[T+7618671172us][CH2-Pc    ] F0
[T+7618678172us][CH1-Dispenser] F0 F8
[T+7618749172us][CH2-Pc    ] F1
[T+7618760179us][CH1-Dispenser] F1 F1
[T+7619327172us][CH2-Pc    ] E1
[T+7619334813us][CH1-Dispenser] E1 E9
[T+7619406197us][CH2-Pc    ] F0
[T+7619413172us][CH1-Dispenser] F0 F8
[T+7619484307us][CH1-Dispenser] E0
[T+7619484174us][CH2-Pc    ] E0
[T+7619659306us][CH1-Dispenser] E1
[T+7619659173us][CH2-Pc    ] E1
[T+7619834172us][CH2-Pc    ] F0
[T+7619841172us][CH1-Dispenser] F0 F8
[T+7619912172us][CH2-Pc    ] F1
[T+7619917172us][CH1-Dispenser] F1 F9
[T+7620490172us][CH2-Pc    ] E1
[T+7620500172us][CH1-Dispenser] E1 E9
[T+7620569172us][CH2-Pc    ] F0
[T+7620573172us][CH1-Dispenser] F0 F8
[T+7620647304us][CH1-Dispenser] E0
[T+7620647173us][CH2-Pc    ] E0
[T+7620822307us][CH1-Dispenser] E1
[T+7620822173us][CH2-Pc    ] E1
[T+7620996198us][CH2-Pc    ] F0
[T+7621002200us][CH1-Dispenser] F0 F8
[T+7621074196us][CH2-Pc    ] F1
[T+7621102172us][CH2-Pc    ] E9
[T+7621150196us][CH1-Dispenser] F1 F9 E9 7F 7E 33 38 6D FC 38 68 F5 2A 70 70 70 38 29 BF EC
[T+7621174196us][CH2-Pc    ] FD
[T+7621305172us][CH1-Dispenser] FD AF 71 73 78 E9 A9 7A BA 74 93 29 F1 39 70 83 38 B8 33 73 B7 68 70 B9 F4 73 8F AA 2A 38 28 33 38 B8 35 73 97 38 31 87 AF 74 A7 79 35 E5 78 68 33 38 78 38 FF
[T+7621373172us][CH2-Pc    ] E1
[T+7621379200us][CH1-Dispenser] E1 E9
[T+7621452172us][CH2-Pc    ] F0
[T+7621458201us][CH1-Dispenser] F0 F8
[T+7621530305us][CH1-Dispenser] E0
[T+7621530173us][CH2-Pc    ] E0
[T+7621706312us][CH1-Dispenser] E1
[T+7621706173us][CH2-Pc    ] E1
[T+7621881172us][CH2-Pc    ] F0
[T+7621887200us][CH1-Dispenser] F0 F8
[T+7621959198us][CH2-Pc    ] F1
[T+7621986172us][CH2-Pc    ] E9
[T+7622038172us][CH1-Dispenser] F1 F9 E9 6F BE 70 38 6D 71 1F 78 33 C7 CD CD 2F 38 38 70 39 FF
[T+7622062196us][CH2-Pc    ] FD
[T+7622191172us][CH1-Dispenser] FD BF 71 73 78 31 29 3D BA 74 93 29 71 79 33 8B 38 B8 33 73 B7 A8 70 97 6F E8 38 AA 2A 38 28 7C 38 B8 72 73 97 38 74 EF EF 31 AF 79 35 E5 B8 28 7C 38 B8 38 FF
[T+7622278172us][CH2-Pc    ] E1
[T+7622285172us][CH1-Dispenser] E1 E9
[T+7622356172us][CH2-Pc    ] F0
[T+7622366179us][CH1-Dispenser] F0 F8
[T+7622434305us][CH1-Dispenser] E0
[T+7622434173us][CH2-Pc    ] E0
[T+7622609308us][CH1-Dispenser] E1
[T+7622609173us][CH2-Pc    ] E1
[T+7622773172us][CH2-Pc    ] F0
[T+7622778172us][CH1-Dispenser] F0 F8
[T+7622851172us][CH2-Pc    ] F1
[T+7622857200us][CH1-Dispenser] F1 F9
[T+7622929173us][CH2-Pc    ] E1
[T+7622934172us][CH1-Dispenser] E1 E9
[T+7623007172us][CH2-Pc    ] F0
[T+7623013200us][CH1-Dispenser] F0 F8
[T+7623085307us][CH1-Dispenser] E0
[T+7623085173us][CH2-Pc    ] E0
[T+7623272305us][CH1-Dispenser] E1
[T+7623272173us][CH2-Pc    ] E1
[T+7623446196us][CH2-Pc    ] F0
[T+7623454172us][CH1-Dispenser] F0 F8
[T+7623525172us][CH2-Pc    ] F1
[T+7623535179us][CH1-Dispenser] F1 F9
[T+7623603172us][CH2-Pc    ] E1
[T+7623611172us][CH1-Dispenser] E1 E9
[T+7623682172us][CH2-Pc    ] F0
[T+7623691813us][CH1-Dispenser] F0 F8
[T+7623760304us][CH1-Dispenser] E0
[T+7623760173us][CH2-Pc    ] E0
[T+7623935307us][CH1-Dispenser] E1
[T+7623935173us][CH2-Pc    ] E1
[T+7624110172us][CH2-Pc    ] F0
[T+7624118179us][CH1-Dispenser] F0 F8
[T+7624192172us][CH1-Dispenser] F1 F9
[T+7624188172us][CH2-Pc    ] F1
[T+7624266172us][CH2-Pc    ] E1
[T+7624274172us][CH1-Dispenser] E1 E9
[T+7624344172us][CH2-Pc    ] F0
[T+7624348172us][CH1-Dispenser] F0 F8
[T+7624422304us][CH1-Dispenser] E0
[T+7624422173us][CH2-Pc    ] E0
[T+7624587172us][CH1-Dispenser] E1
[T+7624586172us][CH2-Pc    ] E1
[T+7624767172us][CH1-Dispenser] F0 F8
[T+7624763172us][CH2-Pc    ] F0
[T+7624841172us][CH2-Pc    ] F1
[T+7624848172us][CH1-Dispenser] F1 F9
[T+7624919172us][CH2-Pc    ] E1
[T+7624923172us][CH1-Dispenser] E1 E9
[T+7624997172us][CH2-Pc    ] F0
[T+7625004172us][CH1-Dispenser] F0 F8
[T+7625076324us][CH1-Dispenser] E0
[T+7625076187us][CH2-Pc    ] E0
[T+7625269306us][CH1-Dispenser] E1
[T+7625269173us][CH2-Pc    ] E1
[T+7625444172us][CH2-Pc    ] F0
[T+7625448172us][CH1-Dispenser] F0 F8
[T+7625522172us][CH2-Pc    ] F1
[T+7625528201us][CH1-Dispenser] F1 F9
[T+7625604173us][CH1-Dispenser] E1 E9
[T+7625600338us][CH2-Pc    ] E1
[T+7625680172us][CH2-Pc    ] F0
[T+7625685172us][CH1-Dispenser] F0 F8
[T+7625757304us][CH1-Dispenser] E0
[T+7625757173us][CH2-Pc    ] E0
[T+7625934306us][CH1-Dispenser] E1
[T+7625934173us][CH2-Pc    ] E1
[T+7626110172us][CH2-Pc    ] F0
[T+7626117172us][CH1-Dispenser] F0 F8
[T+7626189172us][CH2-Pc    ] F1
[T+7626192172us][CH1-Dispenser] F1 F9
[T+7626257172us][CH2-Pc    ] E1
[T+7626264797us][CH1-Dispenser] E1 E9
[T+7626354172us][CH2-Pc    ] F0
[T+7626359173us][CH1-Dispenser] F0 F8
[T+7626432306us][CH1-Dispenser] E0
[T+7626432173us][CH2-Pc    ] E0
[T+7626606306us][CH1-Dispenser] E1
[T+7626606174us][CH2-Pc    ] E1
[T+7626781172us][CH2-Pc    ] F0
[T+7626787200us][CH1-Dispenser] F0 F8
[T+7626859197us][CH2-Pc    ] F1
[T+7626868172us][CH1-Dispenser] F1 F9
[T+7626938172us][CH2-Pc    ] E1
[T+7626945172us][CH1-Dispenser] E1 E9
[T+7627016172us][CH2-Pc    ] F0
[T+7627024181us][CH1-Dispenser] F0 F8
[T+7627094307us][CH1-Dispenser] E0
[T+7627094173us][CH2-Pc    ] E0
[T+7627258305us][CH1-Dispenser] E1
[T+7627258173us][CH2-Pc    ] E1
[T+7627433175us][CH2-Pc    ] F0
[T+7627437173us][CH1-Dispenser] F0 F8
[T+7627511172us][CH2-Pc    ] F1
[T+7627517200us][CH1-Dispenser] F1 F9
[T+7627589172us][CH2-Pc    ] E1
[T+7627593172us][CH1-Dispenser] E1 E9
[T+7627667172us][CH2-Pc    ] F0
[T+7627674172us][CH1-Dispenser] F0 F8
[T+7627745309us][CH1-Dispenser] E0
[T+7627745173us][CH2-Pc    ] E0
[T+7627920309us][CH1-Dispenser] E1
[T+7627920173us][CH2-Pc    ] E1
[T+7628084172us][CH2-Pc    ] F0
[T+7628088172us][CH1-Dispenser] F0 F8
[T+7628162172us][CH2-Pc    ] F1
[T+7628167172us][CH1-Dispenser] F1 F9
[T+7628240172us][CH2-Pc    ] E1
[T+7628244172us][CH1-Dispenser] E1 E9
[T+7628308172us][CH2-Pc    ] F0
[T+7628314202us][CH1-Dispenser] F0 F8
[T+7628386305us][CH1-Dispenser] E0
[T+7628386173us][CH2-Pc    ] E0
[T+7628561172us][CH1-Dispenser] E1
[T+7628560172us][CH2-Pc    ] E1
[T+7628725172us][CH2-Pc    ] F0
[T+7628733179us][CH1-Dispenser] F0 F8
[T+7628807172us][CH1-Dispenser] F1 F9
[T+7628803172us][CH2-Pc    ] F1
[T+7628881172us][CH2-Pc    ] E1
[T+7628891812us][CH1-Dispenser] E1 E9
[T+7628959172us][CH2-Pc    ] F0
[T+7628965200us][CH1-Dispenser] F0 F8
[T+7629037304us][CH1-Dispenser] E0
[T+7629037173us][CH2-Pc    ] E0
[T+7629212307us][CH1-Dispenser] E1
[T+7629212173us][CH2-Pc    ] E1
[T+7629387172us][CH2-Pc    ] F0
[T+7629393201us][CH1-Dispenser] F0 F8
[T+7629465197us][CH2-Pc    ] F1
[T+7629474172us][CH1-Dispenser] F1 F9
[T+7629543172us][CH2-Pc    ] E1
[T+7629552172us][CH1-Dispenser] E1 E9
[T+7629621172us][CH2-Pc    ] F0
[T+7629629172us][CH1-Dispenser] F0 F8
[T+7629699304us][CH1-Dispenser] E0
[T+7629699173us][CH2-Pc    ] E0
[T+7629874318us][CH1-Dispenser] E1
[T+7629874178us][CH2-Pc    ] E1
[T+7630040172us][CH2-Pc    ] F0
[T+7630048172us][CH1-Dispenser] F0 F8
[T+7630117172us][CH2-Pc    ] F1
[T+7630122174us][CH1-Dispenser] F1 F9
[T+7630195172us][CH2-Pc    ] E1
[T+7630201209us][CH1-Dispenser] E1 E9
[T+7630276172us][CH2-Pc    ] F0
[T+7630284172us][CH1-Dispenser] F0 F8
[T+7630355306us][CH1-Dispenser] E0
[T+7630355174us][CH2-Pc    ] E0
[T+7630529305us][CH1-Dispenser] E1
[T+7630529173us][CH2-Pc    ] E1
[T+7630693172us][CH2-Pc    ] F0
[T+7630697174us][CH1-Dispenser] F0 F8
[T+7630772172us][CH2-Pc    ] F1
[T+7630778200us][CH1-Dispenser] F1 F9
[T+7630850262us][CH2-Pc    ] E1
[T+7630855173us][CH1-Dispenser] E1 E9
[T+7630928172us][CH2-Pc    ] F0
[T+7630934200us][CH1-Dispenser] F0 F8
[T+7631006321us][CH1-Dispenser] E0
[T+7631006180us][CH2-Pc    ] E0
[T+7631181306us][CH1-Dispenser] E1
[T+7631181173us][CH2-Pc    ] E1
[T+7631355199us][CH2-Pc    ] F0
[T+7631362172us][CH1-Dispenser] F0 F8
[T+7631433172us][CH2-Pc    ] F1
[T+7631438172us][CH1-Dispenser] F1 F9
[T+7631512172us][CH2-Pc    ] E1
[T+7631520778us][CH1-Dispenser] E1 E9
[T+7631590172us][CH2-Pc    ] F0
[T+7631593172us][CH1-Dispenser] F0 F8
[T+7631668306us][CH1-Dispenser] E0
[T+7631668174us][CH2-Pc    ] E0
[T+7631843305us][CH1-Dispenser] E1
[T+7631843173us][CH2-Pc    ] E1
[T+7632007172us][CH2-Pc    ] F0
[T+7632012172us][CH1-Dispenser] F0 F8
[T+7632085172us][CH2-Pc    ] F1
[T+7632094172us][CH1-Dispenser] F1 F9
[T+7632163172us][CH2-Pc    ] E1
[T+7632168172us][CH1-Dispenser] E1 E9
[T+7632241172us][CH2-Pc    ] F0
[T+7632249822us][CH1-Dispenser] F0 F8
[T+7632319307us][CH1-Dispenser] E0
[T+7632319173us][CH2-Pc    ] E0
[T+7632494304us][CH1-Dispenser] E1
[T+7632494173us][CH2-Pc    ] E1
[T+7632672172us][CH1-Dispenser] F0 F8
[T+7632669172us][CH2-Pc    ] F0
[T+7632736172us][CH2-Pc    ] F1
[T+7632742200us][CH1-Dispenser] F1 F9
[T+7632814172us][CH2-Pc    ] E1
[T+7632819172us][CH1-Dispenser] E1 E9
[T+7632893172us][CH2-Pc    ] F0
[T+7632900172us][CH1-Dispenser] F0 F8