connected
[T+2609899172us][CH2-Pc    ] E1
[T+2609906733us][CH1-Dispenser] E1 E9
[T+2609980172us][CH1-Dispenser] F0 F8
[T+2609977172us][CH2-Pc    ] F0
[T+2610044304us][CH1-Dispenser] E0
[T+2610044173us][CH2-Pc    ] E0
[T+2610209308us][CH1-Dispenser] E1
[T+2610209173us][CH2-Pc    ] E1
[T+2610383192us][CH2-Pc    ] F0
[T+2610389174us][CH1-Dispenser] F0 F8
[T+2610461196us][CH2-Pc    ] F1
[T+2610468764us][CH1-Dispenser] F1 F9
[T+2610539172us][CH2-Pc    ] E1
[T+2610546172us][CH1-Dispenser] E1 E9
[T+2610617172us][CH2-Pc    ] F0
[T+2610625172us][CH1-Dispenser] F0 F8
[T+2610695304us][CH1-Dispenser] E0
[T+2610695173us][CH2-Pc    ] E0
[T+2610870307us][CH1-Dispenser] E1
[T+2610870174us][CH2-Pc    ] E1
[T+2611034172us][CH2-Pc    ] F0
[T+2611039172us][CH1-Dispenser] F0 F8
[T+2611112172us][CH2-Pc    ] F1
[T+2611120751us][CH1-Dispenser] F1 E9
[T+2611191172us][CH2-Pc    ] E1
[T+2611196172us][CH1-Dispenser] E1 E9
[T+2611270172us][CH2-Pc    ] F0
[T+2611275172us][CH1-Dispenser] F0 F8
[T+2611348304us][CH1-Dispenser] E0
[T+2611348173us][CH2-Pc    ] E0
[T+2611523308us][CH1-Dispenser] E1
[T+2611523174us][CH2-Pc    ] E1
[T+2611698172us][CH2-Pc    ] F0
[T+2611704201us][CH1-Dispenser] F0 F8
[T+2611775172us][CH2-Pc    ] F1
[T+2611785475us][CH1-Dispenser] F1 F9
[T+2611854172us][CH2-Pc    ] E1
[T+2611861172us][CH1-Dispenser] E1 E9
[T+2611935172us][CH1-Dispenser] F0 F8
[T+2611932172us][CH2-Pc    ] F0
[T+2611999307us][CH1-Dispenser] E0
[T+2611999173us][CH2-Pc    ] E0
[T+2612185305us][CH1-Dispenser] E1
[T+2612185173us][CH2-Pc    ] E1
[T+2612349172us][CH2-Pc    ] F0
[T+2612354172us][CH1-Dispenser] F0 F8
[T+2612427172us][CH2-Pc    ] F1
[T+2612434172us][CH1-Dispenser] F1 F9
[T+2612505172us][CH2-Pc    ] E1
[T+2612511200us][CH1-Dispenser] E1 E9
[T+2612583200us][CH2-Pc    ] F0
[T+2612590172us][CH1-Dispenser] F0 F8
[T+2612661304us][CH1-Dispenser] E0
[T+2612661173us][CH2-Pc    ] E0
[T+2612836305us][CH1-Dispenser] E1
[T+2612836173us][CH2-Pc    ] E1
[T+2613011172us][CH2-Pc    ] F0
[T+2613019763us][CH1-Dispenser] F0 F8
[T+2613089295us][CH2-Pc    ] F1
[T+2613093172us][CH1-Dispenser] F1 F9
[T+2613171172us][CH1-Dispenser] E1 E9
[T+2613167172us][CH2-Pc    ] E1
[T+2613245172us][CH2-Pc    ] F0
[T+2613250172us][CH1-Dispenser] F0 F8
[T+2613323305us][CH1-Dispenser] E0
[T+2613323173us][CH2-Pc    ] E0
[T+2613487308us][CH1-Dispenser] E1
[T+2613487174us][CH2-Pc    ] E1
[T+2613662172us][CH2-Pc    ] F0
[T+2613668200us][CH1-Dispenser] F0 F8
[T+2613740197us][CH2-Pc    ] F1
[T+2613749172us][CH1-Dispenser] F1 F9
[T+2613819172us][CH2-Pc    ] E1
[T+2613825200us][CH1-Dispenser] E1 E9
[T+2613896172us][CH2-Pc    ] F0
[T+2613900172us][CH1-Dispenser] F0 F8
[T+2613975305us][CH1-Dispenser] E0
[T+2613975173us][CH2-Pc    ] E0
[T+2614149305us][CH1-Dispenser] E1
[T+2614149173us][CH2-Pc    ] E1
[T+2614331172us][CH2-Pc    ] F0
[T+2614338172us][CH1-Dispenser] F0 F8
[T+2614408173us][CH2-Pc    ] F1
[T+2614414202us][CH1-Dispenser] F1 F9
[T+2614486197us][CH2-Pc    ] E1
[T+2614492200us][CH1-Dispenser] E1 E9
[T+2614564197us][CH2-Pc    ] F0
[T+2614571172us][CH1-Dispenser] F0 F8
[T+2614643432us][CH1-Dispenser] E0
[T+2614643302us][CH2-Pc    ] E0
[T+2614817310us][CH1-Dispenser] E1
[T+2614817173us][CH2-Pc    ] E1
[T+2614997196us][CH2-Pc    ] F0
[T+2615005767us][CH1-Dispenser] F0 F8
[T+2615075172us][CH2-Pc    ] F1
[T+2615079172us][CH1-Dispenser] F1 F9
[T+2615143172us][CH2-Pc    ] E1
[T+2615151172us][CH1-Dispenser] E1 E9
[T+2615221172us][CH2-Pc    ] F0
[T+2615227202us][CH1-Dispenser] F0 F8
[T+2615299307us][CH1-Dispenser] E0
[T+2615299173us][CH2-Pc    ] E0
[T+2615474305us][CH1-Dispenser] E1
[T+2615474173us][CH2-Pc    ] E1
[T+2615648204us][CH2-Pc    ] F0
[T+2615654174us][CH1-Dispenser] F0 F8
[T+2615727172us][CH2-Pc    ] F1
[T+2615737179us][CH1-Dispenser] F1 F9
[T+2615805172us][CH2-Pc    ] E1
[T+2615811202us][CH1-Dispenser] E1 E9
[T+2615883196us][CH2-Pc    ] F0
[T+2615892179us][CH1-Dispenser] F0 F8
[T+2615961306us][CH1-Dispenser] E0
[T+2615961173us][CH2-Pc    ] E0
[T+2616136305us][CH1-Dispenser] E1
[T+2616136173us][CH2-Pc    ] E1
[T+2616300172us][CH2-Pc    ] F0
[T+2616304172us][CH1-Dispenser] F0 F8
[T+2616378172us][CH2-Pc    ] F1
[T+2616385927us][CH1-Dispenser] F1 F9
[T+2616456172us][CH2-Pc    ] E1
[T+2616461172us][CH1-Dispenser] E1 E9
[T+2616534172us][CH2-Pc    ] F0
[T+2616540200us][CH1-Dispenser] F0 F8
[T+2616612309us][CH1-Dispenser] E0
[T+2616612173us][CH2-Pc    ] E0
[T+2616787305us][CH1-Dispenser] E1
[T+2616787173us][CH2-Pc    ] E1
[T+2616962172us][CH2-Pc    ] F0
[T+2616971760us][CH1-Dispenser] F0 F8
[T+2617040172us][CH2-Pc    ] F1
[T+2617043172us][CH1-Dispenser] F1 F9
[T+2617107172us][CH2-Pc    ] E1
[T+2617112173us][CH1-Dispenser] E1 E9
[T+2617185172us][CH2-Pc    ] F0
[T+2617191201us][CH1-Dispenser] F0 E8
[T+2617257305us][CH1-Dispenser] E0
[T+2617257173us][CH2-Pc    ] E0
[T+2617432309us][CH1-Dispenser] E1
[T+2617432173us][CH2-Pc    ] E1
[T+2617606197us][CH2-Pc    ] F0
[T+2617616269us][CH1-Dispenser] F0 F8
[T+2617688172us][CH1-Dispenser] F1 F9
[T+2617685172us][CH2-Pc    ] F1
[T+2617752172us][CH2-Pc    ] E1
[T+2617758200us][CH1-Dispenser] E1 E9
[T+2617830196us][CH2-Pc    ] F0
[T+2617838172us][CH1-Dispenser] F0 F8
[T+2617908304us][CH1-Dispenser] E0
[T+2617908173us][CH2-Pc    ] E0
[T+2618083307us][CH1-Dispenser] E1
[T+2618083173us][CH2-Pc    ] E1
[T+2618258197us][CH2-Pc    ] F0
[T+2618264200us][CH1-Dispenser] F0 F8
[T+2618336202us][CH2-Pc    ] F1
[T+2618346180us][CH1-Dispenser] F1 F9
[T+2618414172us][CH2-Pc    ] E1
[T+2618422179us][CH1-Dispenser] E1 E9
[T+2618495172us][CH1-Dispenser] F0 F8
[T+2618492172us][CH2-Pc    ] F0
[T+2618560305us][CH1-Dispenser] E0
[T+2618560173us][CH2-Pc    ] E0
[T+2618724307us][CH1-Dispenser] E1
[T+2618724173us][CH2-Pc    ] E1
[T+2618899172us][CH2-Pc    ] F0
[T+2618904173us][CH1-Dispenser] F0 F8
[T+2618976197us][CH2-Pc    ] F1
[T+2618985172us][CH1-Dispenser] F1 F9
[T+2619055172us][CH2-Pc    ] E1
[T+2619063762us][CH1-Dispenser] E1 E9
[T+2619133172us][CH2-Pc    ] F0
[T+2619142463us][CH1-Dispenser] F0 F8
[T+2619211307us][CH1-Dispenser] E0
[T+2619211173us][CH2-Pc    ] E0
[T+2619386308us][CH1-Dispenser] E1
[T+2619386173us][CH2-Pc    ] E1
[T+2619551172us][CH2-Pc    ] F0
[T+2619560172us][CH1-Dispenser] F0 F8
[T+2619629172us][CH2-Pc    ] F1
[T+2619634172us][CH1-Dispenser] F1 F9
[T+2619708172us][CH2-Pc    ] E1
[T+2619719180us][CH1-Dispenser] E1 E9
[T+2619786172us][CH2-Pc    ] F0
[T+2619791172us][CH1-Dispenser] F0 F8
[T+2619864305us][CH1-Dispenser] E0
[T+2619864174us][CH2-Pc    ] E0
[T+2620039305us][CH1-Dispenser] E1
[T+2620039174us][CH2-Pc    ] E1
[T+2620214173us][CH2-Pc    ] F0
[T+2620220200us][CH1-Dispenser] F0 F8
[T+2620292196us][CH2-Pc    ] F1
[T+2620299172us][CH1-Dispenser] F1 F9
[T+2620370172us][CH2-Pc    ] E1
[T+2620378172us][CH1-Dispenser] E1 E9
[T+2620448172us][CH2-Pc    ] F0
[T+2620457179us][CH1-Dispenser] F0 F8
[T+2620526305us][CH1-Dispenser] E0
[T+2620526173us][CH2-Pc    ] E0
[T+2620690314us][CH1-Dispenser] E1
[T+2620690173us][CH2-Pc    ] E1
[T+2620865173us][CH2-Pc    ] F0
[T+2620868173us][CH1-Dispenser] F0 F8
[T+2620933172us][CH2-Pc    ] F1
[T+2620938172us][CH1-Dispenser] F1 F9
[T+2621011172us][CH2-Pc    ] E1
[T+2621016172us][CH1-Dispenser] E1 E9
[T+2621089297us][CH2-Pc    ] F0
[T+2621099177us][CH1-Dispenser] F0 F8
[T+2621167305us][CH1-Dispenser] E0
[T+2621167173us][CH2-Pc    ] E0
[T+2621331306us][CH1-Dispenser] E1
[T+2621331173us][CH2-Pc    ] E1
[T+2621506172us][CH2-Pc    ] F0
[T+2621513172us][CH1-Dispenser] F0 F8
[T+2621584172us][CH2-Pc    ] F1
[T+2621589303us][CH1-Dispenser] F1 F9
[T+2621662172us][CH2-Pc    ] E1
[T+2621667172us][CH1-Dispenser] E1 E9
[T+2621740172us][CH2-Pc    ] F0
[T+2621748763us][CH1-Dispenser] F0 F8
[T+2621818306us][CH1-Dispenser] E0
[T+2621818174us][CH2-Pc    ] E0
[T+2621993307us][CH1-Dispenser] E1
[T+2621993173us][CH2-Pc    ] E1
[T+2622168172us][CH2-Pc    ] F0
[T+2622174202us][CH1-Dispenser] F0 F8
[T+2622246197us][CH2-Pc    ] F1
[T+2622254172us][CH1-Dispenser] F1 F9
[T+2622324180us][CH2-Pc    ] E1
[T+2622333172us][CH1-Dispenser] E1 E9
[T+2622398172us][CH2-Pc    ] F0
[T+2622402172us][CH1-Dispenser] F0 F8
[T+2622475307us][CH1-Dispenser] E0
[T+2622475173us][CH2-Pc    ] E0
[T+2622650304us][CH1-Dispenser] E1
[T+2622650174us][CH2-Pc    ] E1
[T+2622825172us][CH2-Pc    ] F0
[T+2622829172us][CH1-Dispenser] F0 F8
[T+2622892172us][CH2-Pc    ] F1
[T+2622899734us][CH1-Dispenser] F1 F9
[T+2622971196us][CH2-Pc    ] E1
[T+2622977202us][CH1-Dispenser] E1 E9
[T+2623049197us][CH2-Pc    ] F0
[T+2623056172us][CH1-Dispenser] F0 F8
[T+2623127303us][CH1-Dispenser] E0
[T+2623127173us][CH2-Pc    ] E0
[T+2623302307us][CH1-Dispenser] E1
[T+2623302174us][CH2-Pc    ] E1
[T+2623478172us][CH2-Pc    ] F0
[T+2623484200us][CH1-Dispenser] F0 F8
[T+2623556204us][CH2-Pc    ] F1
[T+2623564172us][CH1-Dispenser] F1 F9
[T+2623635172us][CH2-Pc    ] E1
[T+2623642172us][CH1-Dispenser] E1 E9
[T+2623713172us][CH2-Pc    ] F0
[T+2623715172us][CH1-Dispenser] F0 F8
[T+2623780305us][CH1-Dispenser] E0
[T+2623780173us][CH2-Pc    ] E0
[T+2623959308us][CH1-Dispenser] E1
[T+2623959173us][CH2-Pc    ] E1
[T+2624134172us][CH2-Pc    ] F0
[T+2624140201us][CH1-Dispenser] F0 F8
[T+2624212198us][CH2-Pc    ] F1
[T+2624220172us][CH1-Dispenser] F1 F9
[T+2624290172us][CH2-Pc    ] E1
[T+2624297172us][CH1-Dispenser] E1 E9
[T+2624368172us][CH2-Pc    ] F0
[T+2624376172us][CH1-Dispenser] F0 F8
[T+2624446304us][CH1-Dispenser] E0
[T+2624446173us][CH2-Pc    ] E0
[T+2624621307us][CH1-Dispenser] E1
[T+2624621173us][CH2-Pc    ] E1
[T+2624785172us][CH2-Pc    ] F0
[T+2624789172us][CH1-Dispenser] F0 F8
[T+2624863172us][CH2-Pc    ] F1
[T+2624868172us][CH1-Dispenser] F1 F9
[T+2624941172us][CH2-Pc    ] E1
[T+2624948720us][CH1-Dispenser] E1 E9
[T+2625019179us][CH2-Pc    ] F0
[T+2625025202us][CH1-Dispenser] F0 F8
[T+2625098306us][CH1-Dispenser] E0
[T+2625098173us][CH2-Pc    ] E0
[T+2625272305us][CH1-Dispenser] E1
[T+2625272173us][CH2-Pc    ] E1
[T+2625447172us][CH2-Pc    ] F0
[T+2625454172us][CH1-Dispenser] F0 E8
[T+2625525172us][CH2-Pc    ] F1
[T+2625530172us][CH1-Dispenser] F1 F9
[T+2625603259us][CH2-Pc    ] E1
[T+2625611766us][CH1-Dispenser] E1 E9
[T+2625681172us][CH2-Pc    ] F0
[T+2625686172us][CH1-Dispenser] F0 F8
[T+2625760305us][CH1-Dispenser] E0
[T+2625760173us][CH2-Pc    ] E0
[T+2625934307us][CH1-Dispenser] E1
[T+2625934173us][CH2-Pc    ] E1
[T+2626098172us][CH2-Pc    ] F0
[T+2626104200us][CH1-Dispenser] F0 F8
[T+2626177172us][CH2-Pc    ] F1
[T+2626184172us][CH1-Dispenser] F1 F9
[T+2626255172us][CH2-Pc    ] E1
[T+2626261200us][CH1-Dispenser] E1 E9
[T+2626333197us][CH2-Pc    ] F0
[T+2626340843us][CH1-Dispenser] F0 F8
[T+2626412306us][CH1-Dispenser] E0
[T+2626412173us][CH2-Pc    ] E0
[T+2626587307us][CH1-Dispenser] E1
[T+2626587173us][CH2-Pc    ] E1
[T+2626762172us][CH2-Pc    ] F0
[T+2626771172us][CH1-Dispenser] F0 F8
[T+2626840260us][CH2-Pc    ] F1
[T+2626847172us][CH1-Dispenser] F1 F9
[T+2626918172us][CH2-Pc    ] E1
[T+2626921172us][CH1-Dispenser] E1 E9
[T+2626985172us][CH2-Pc    ] F0
[T+2626991202us][CH1-Dispenser] F0 F8
[T+2627063305us][CH1-Dispenser] E0
[T+2627063173us][CH2-Pc    ] E0
[T+2627238305us][CH1-Dispenser] E1
[T+2627238174us][CH2-Pc    ] E1
[T+2627413172us][CH2-Pc    ] F0
[T+2627422781us][CH1-Dispenser] F0 F8
[T+2627494172us][CH1-Dispenser] F1 F9
[T+2627491172us][CH2-Pc    ] F1
[T+2627559172us][CH2-Pc    ] E1
[T+2627566172us][CH1-Dispenser] E1 E9
[T+2627636172us][CH2-Pc    ] F0
[T+2627641172us][CH1-Dispenser] F0 F8
[T+2627715305us][CH1-Dispenser] E0
[T+2627715173us][CH2-Pc    ] E0
[T+2627879306us][CH1-Dispenser] E1
[T+2627879173us][CH2-Pc    ] E1
[T+2628053197us][CH2-Pc    ] F0
[T+2628059206us][CH1-Dispenser] F0 F8
[T+2628132172us][CH2-Pc    ] F1
[T+2628139172us][CH1-Dispenser] F1 F9
[T+2628210172us][CH2-Pc    ] E1
[T+2628216200us][CH1-Dispenser] E1 E9
[T+2628288172us][CH2-Pc    ] F0
[T+2628292172us][CH1-Dispenser] F0 F8
[T+2628369314us][CH1-Dispenser] E0
[T+2628369175us][CH2-Pc    ] E0
[T+2628544305us][CH1-Dispenser] E1
[T+2628544174us][CH2-Pc    ] E1
[T+2628708172us][CH2-Pc    ] F0
[T+2628715172us][CH1-Dispenser] F0 F8
[T+2628786172us][CH2-Pc    ] F1
[T+2628789172us][CH1-Dispenser] F1 F9
[T+2628853172us][CH2-Pc    ] E1
[T+2628861739us][CH1-Dispenser] E1 E9
[T+2628931172us][CH2-Pc    ] F0
[T+2628937201us][CH1-Dispenser] F0 F8
[T+2629010305us][CH1-Dispenser] E0
[T+2629010173us][CH2-Pc    ] E0
[T+2629184308us][CH1-Dispenser] E1
[T+2629184173us][CH2-Pc    ] E1
[T+2629348172us][CH2-Pc    ] F0
[T+2629357172us][CH1-Dispenser] F0 F8
[T+2629426181us][CH2-Pc    ] F1
[T+2629436172us][CH1-Dispenser] F1 F9
[T+2629505172us][CH2-Pc    ] E1
[T+2629512172us][CH1-Dispenser] E1 E9
[T+2629583172us][CH2-Pc    ] F0
[T+2629586172us][CH1-Dispenser] F0 F8
[T+2629650306us][CH1-Dispenser] E0
[T+2629650173us][CH2-Pc    ] E0
[T+2629825308us][CH1-Dispenser] E1
[T+2629825174us][CH2-Pc    ] E1
[T+2629989172us][CH2-Pc    ] F0
[T+2629995200us][CH1-Dispenser] F0 F8
[T+2630067196us][CH2-Pc    ] F1
[T+2630078179us][CH1-Dispenser] F1 F9
[T+2630145172us][CH2-Pc    ] E1
[T+2630153179us][CH1-Dispenser] E1 E9
[T+2630223172us][CH2-Pc    ] F0
[T+2630232172us][CH1-Dispenser] F0 F8
[T+2630301307us][CH1-Dispenser] E0
[T+2630301173us][CH2-Pc    ] E0
[T+2630477306us][CH1-Dispenser] E1
[T+2630477173us][CH2-Pc    ] E1
[T+2630652172us][CH2-Pc    ] F0
[T+2630661763us][CH1-Dispenser] F0 F8
[T+2630730172us][CH2-Pc    ] F1
[T+2630735172us][CH1-Dispenser] F1 F9
[T+2630808172us][CH2-Pc    ] E1
[T+2630820213us][CH1-Dispenser] E1 E9
[T+2630887172us][CH2-Pc    ] F0
[T+2630892172us][CH1-Dispenser] F0 F8
[T+2630965305us][CH1-Dispenser] E0
[T+2630965173us][CH2-Pc    ] E0
[T+2631129304us][CH1-Dispenser] E1
[T+2631129173us][CH2-Pc    ] E1
[T+2631304172us][CH2-Pc    ] F0
[T+2631312172us][CH1-Dispenser] F0 F8
[T+2631381172us][CH2-Pc    ] F1
[T+2631391172us][CH1-Dispenser] F1 F9
[T+2631460172us][CH2-Pc    ] E1
[T+2631469761us][CH1-Dispenser] E1 E9
[T+2631538172us][CH2-Pc    ] F0
[T+2631542175us][CH1-Dispenser] F0 F8
[T+2631616305us][CH1-Dispenser] E0
[T+2631616173us][CH2-Pc    ] E0
[T+2631791310us][CH1-Dispenser] E1
[T+2631791174us][CH2-Pc    ] E1
[T+2631965172us][CH2-Pc    ] F0
[T+2631969172us][CH1-Dispenser] F0 F8
[T+2632044172us][CH2-Pc    ] F1
[T+2632049172us][CH1-Dispenser] F1 F9
[T+2632126172us][CH1-Dispenser] E1 E9
[T+2632122172us][CH2-Pc    ] E1
[T+2632200172us][CH2-Pc    ] F0
[T+2632207172us][CH1-Dispenser] F0 F8
[T+2632278307us][CH1-Dispenser] E0
[T+2632278173us][CH2-Pc    ] E0
[T+2632442306us][CH1-Dispenser] E1
[T+2632442173us][CH2-Pc    ] E1
[T+2632617172us][CH2-Pc    ] F0
[T+2632627179us][CH1-Dispenser] F0 F8
[T+2632699172us][CH1-Dispenser] F1 F9
[T+2632695172us][CH2-Pc    ] F1
[T+2632773172us][CH2-Pc    ] E1
[T+2632779200us][CH1-Dispenser] E1 E9
[T+2632851197us][CH2-Pc    ] F0
[T+2632860172us][CH1-Dispenser] F0 F8
[T+2632929319us][CH1-Dispenser] E0
[T+2632929178us][CH2-Pc    ] E0
[T+2633107303us][CH1-Dispenser] E1
[T+2633107173us][CH2-Pc    ] E1
[T+2633293197us][CH2-Pc    ] F0
[T+2633299200us][CH1-Dispenser] F0 F8
[T+2633371196us][CH2-Pc    ] F1
[T+2633377200us][CH1-Dispenser] F1 F9
[T+2633449196us][CH2-Pc    ] E1
[T+2633458179us][CH1-Dispenser] E1 E9
[T+2633527172us][CH2-Pc    ] F0
[T+2633532172us][CH1-Dispenser] F0 F8
[T+2633605306us][CH1-Dispenser] E0
[T+2633605174us][CH2-Pc    ] E0
[T+2633769309us][CH1-Dispenser] E1
[T+2633769173us][CH2-Pc    ] E1
[T+2633944172us][CH2-Pc    ] F0
[T+2633950200us][CH1-Dispenser] F0 F8
[T+2634022196us][CH2-Pc    ] F1
[T+2634029172us][CH1-Dispenser] F1 E9
[T+2634100220us][CH2-Pc    ] E1
[T+2634108172us][CH1-Dispenser] E1 E9
[T+2634178172us][CH2-Pc    ] F0
[T+2634188179us][CH1-Dispenser] F0 F8
[T+2634257307us][CH1-Dispenser] E0
[T+2634257173us][CH2-Pc    ] E0
[T+2634425305us][CH1-Dispenser] E1
[T+2634425173us][CH2-Pc    ] E1
[T+2634600172us][CH2-Pc    ] F0
[T+2634606202us][CH1-Dispenser] F0 F8
[T+2634678197us][CH2-Pc    ] F1
[T+2634685172us][CH1-Dispenser] F1 F9
[T+2634757196us][CH2-Pc    ] E1
[T+2634764172us][CH1-Dispenser] E1 E9
[T+2634835172us][CH2-Pc    ] F0
[T+2634843756us][CH1-Dispenser] F0 F8
[T+2634913310us][CH1-Dispenser] E0
[T+2634913174us][CH2-Pc    ] E0
[T+2635088303us][CH1-Dispenser] E1
[T+2635088173us][CH2-Pc    ] E1
[T+2635263172us][CH2-Pc    ] F0
[T+2635270172us][CH1-Dispenser] F0 F8
[T+2635344173us][CH1-Dispenser] F1 F9
[T+2635340259us][CH2-Pc    ] F1
[T+2635419172us][CH2-Pc    ] E1
[T+2635427172us][CH1-Dispenser] E1 E9
[T+2635498172us][CH2-Pc    ] F0
[T+2635501172us][CH1-Dispenser] F0 F8
[T+2635565306us][CH1-Dispenser] E0
[T+2635565173us][CH2-Pc    ] E0
[T+2635740376us][CH1-Dispenser] E1
[T+2635740174us][CH2-Pc    ] E1
[T+2635919172us][CH1-Dispenser] F0 F8
[T+2635917174us][CH2-Pc    ] F0
[T+2635984172us][CH2-Pc    ] F1
[T+2635989172us][CH1-Dispenser] F1 F9
[T+2636062172us][CH2-Pc    ] E1
[T+2636067172us][CH1-Dispenser] E1 E9
[T+2636140172us][CH2-Pc    ] F0
[T+2636146202us][CH1-Dispenser] F0 F8
[T+2636219301us][CH1-Dispenser] E0
[T+2636219173us][CH2-Pc    ] E0
[T+2636393306us][CH1-Dispenser] E1
[T+2636393173us][CH2-Pc    ] E1
[T+2636568172us][CH2-Pc    ] F0
[T+2636575172us][CH1-Dispenser] F0 F8
[T+2636646172us][CH2-Pc    ] F1
[T+2636651172us][CH1-Dispenser] F1 F9
[T+2636724172us][CH2-Pc    ] E1
[T+2636732182us][CH1-Dispenser] E1 E9
[T+2636802172us][CH2-Pc    ] F0
[T+2636807172us][CH1-Dispenser] F0 F8
[T+2636880309us][CH1-Dispenser] E0
[T+2636880173us][CH2-Pc    ] E0
[T+2637055305us][CH1-Dispenser] E1
[T+2637055173us][CH2-Pc    ] E1
[T+2637230173us][CH2-Pc    ] F0
[T+2637234174us][CH1-Dispenser] F0 F8
[T+2637308172us][CH2-Pc    ] F1
[T+2637316172us][CH1-Dispenser] F1 F9
[T+2637386172us][CH2-Pc    ] E1
[T+2637391172us][CH1-Dispenser] E1 E9
[T+2637464172us][CH2-Pc    ] F0
[T+2637472179us][CH1-Dispenser] F0 F8
[T+2637543309us][CH1-Dispenser] E0
[T+2637543173us][CH2-Pc    ] E0
[T+2637707306us][CH1-Dispenser] E1
[T+2637707173us][CH2-Pc    ] E1
[T+2637882172us][CH2-Pc    ] F0
[T+2637890172us][CH1-Dispenser] F0 F8
[T+2637961172us][CH2-Pc    ] F1
[T+2637964172us][CH1-Dispenser] F1 F9
[T+2638043172us][CH2-Pc    ] E1
[T+2638047172us][CH1-Dispenser] E1 E9
[T+2638121172us][CH2-Pc    ] F0
[T+2638126173us][CH1-Dispenser] F0 F8
[T+2638199311us][CH1-Dispenser] E0
[T+2638199175us][CH2-Pc    ] E0
[T+2638363320us][CH1-Dispenser] E1
[T+2638363180us][CH2-Pc    ] E1
[T+2638538172us][CH2-Pc    ] F0
[T+2638545760us][CH1-Dispenser] F0 F8
[T+2638616172us][CH2-Pc    ] F1
[T+2638622200us][CH1-Dispenser] F1 F9
[T+2638694197us][CH2-Pc    ] E1
[T+2638703172us][CH1-Dispenser] E1 E9
[T+2638772172us][CH2-Pc    ] F0
[T+2638779172us][CH1-Dispenser] F0 F8
[T+2638850307us][CH1-Dispenser] E0
[T+2638850173us][CH2-Pc    ] E0
[T+2639025305us][CH1-Dispenser] E1
[T+2639025173us][CH2-Pc    ] E1
[T+2639200172us][CH2-Pc    ] F0
[T+2639206202us][CH1-Dispenser] F0 F8
[T+2639279172us][CH2-Pc    ] F1
[T+2639285202us][CH1-Dispenser] F1 F9
[T+2639357197us][CH2-Pc    ] E1
[T+2639363200us][CH1-Dispenser] E1 E9
[T+2639435196us][CH2-Pc    ] F0
[T+2639444179us][CH1-Dispenser] F0 F8
[T+2639513307us][CH1-Dispenser] E0
[T+2639513173us][CH2-Pc    ] E0
[T+2639699309us][CH1-Dispenser] E1
[T+2639699173us][CH2-Pc    ] E1
[T+2639863172us][CH2-Pc    ] F0
[T+2639871172us][CH1-Dispenser] F0 F8
[T+2639941173us][CH2-Pc    ] F1
[T+2639946172us][CH1-Dispenser] F1 F9
[T+2640019172us][CH2-Pc    ] E1
[T+2640028172us][CH1-Dispenser] E1 E9
[T+2640097172us][CH2-Pc    ] F0
[T+2640103200us][CH1-Dispenser] F0 F8
[T+2640175305us][CH1-Dispenser] E0
[T+2640175173us][CH2-Pc    ] E0
[T+2640351313us][CH1-Dispenser] E1
[T+2640351174us][CH2-Pc    ] E1
[T+2640530172us][CH1-Dispenser] F0 F8
[T+2640526172us][CH2-Pc    ] F0
[T+2640604172us][CH2-Pc    ] F1
[T+2640613172us][CH1-Dispenser] F1 F9
[T+2640682172us][CH2-Pc    ] E1
[T+2640687172us][CH1-Dispenser] E1 E9
[T+2640760172us][CH2-Pc    ] F0
[T+2640770179us][CH1-Dispenser] F0 F8
[T+2640838305us][CH1-Dispenser] E0
[T+2640838173us][CH2-Pc    ] E0
[T+2641002305us][CH1-Dispenser] E1
[T+2641002173us][CH2-Pc    ] E1
[T+2641177172us][CH2-Pc    ] F0
[T+2641186573us][CH1-Dispenser] F0 F8
[T+2641255172us][CH2-Pc    ] F1
[T+2641262172us][CH1-Dispenser] F1 F9
[T+2641333172us][CH2-Pc    ] E1
[T+2641337172us][CH1-Dispenser] E1 E9
[T+2641412172us][CH2-Pc    ] F0
[T+2641420762us][CH1-Dispenser] F0 F8
[T+2641490308us][CH1-Dispenser] E0
[T+2641490173us][CH2-Pc    ] E0
[T+2641665306us][CH1-Dispenser] E1
[T+2641665173us][CH2-Pc    ] E1
[T+2641839197us][CH2-Pc    ] F0
[T+2641847179us][CH1-Dispenser] F0 F8
[T+2641918172us][CH2-Pc    ] F1
[T+2641927172us][CH1-Dispenser] F1 F9
[T+2641996172us][CH2-Pc    ] E1
[T+2642004172us][CH1-Dispenser] E1 E9
[T+2642074172us][CH2-Pc    ] F0
[T+2642078172us][CH1-Dispenser] F0 F8
[T+2642152305us][CH1-Dispenser] E0
[T+2642152173us][CH2-Pc    ] E0
[T+2642316305us][CH1-Dispenser] E1
[T+2642316173us][CH2-Pc    ] E1
[T+2642491172us][CH2-Pc    ] F0
[T+2642498857us][CH1-Dispenser] F0 F8
[T+2642569172us][CH2-Pc    ] F1
[T+2642577172us][CH1-Dispenser] F1 F9
[T+2642647172us][CH2-Pc    ] E1
[T+2642653200us][CH1-Dispenser] E1 E9
[T+2642725196us][CH2-Pc    ] F0
[T+2642734763us][CH1-Dispenser] F0 E8
[T+2642803304us][CH1-Dispenser] E0
[T+2642803173us][CH2-Pc    ] E0
[T+2642978306us][CH1-Dispenser] E1
[T+2642978173us][CH2-Pc    ] E1
[T+2643153172us][CH2-Pc    ] F0
[T+2643161760us][CH1-Dispenser] F0 F8
[T+2643231191us][CH2-Pc    ] F1
[T+2643237173us][CH1-Dispenser] F1 F9
[T+2643309172us][CH2-Pc    ] E1
[T+2643314172us][CH1-Dispenser] E1 E9
[T+2643387172us][CH2-Pc    ] F0
[T+2643393200us][CH1-Dispenser] F0 F8
[T+2643465305us][CH1-Dispenser] E0
[T+2643465173us][CH2-Pc    ] E0
[T+2643629313us][CH1-Dispenser] E1
[T+2643629174us][CH2-Pc    ] E1
[T+2643804172us][CH2-Pc    ] F0
[T+2643813172us][CH1-Dispenser] F0 F8
[T+2643882172us][CH2-Pc    ] F1
[T+2643891754us][CH1-Dispenser] F1 F9
[T+2643960172us][CH2-Pc    ] E1
[T+2643968759us][CH1-Dispenser] E1 E9
[T+2644042172us][CH1-Dispenser] F0 F8
[T+2644039172us][CH2-Pc    ] F0
[T+2644106303us][CH1-Dispenser] E0
[T+2644106173us][CH2-Pc    ] E0
[T+2644270307us][CH1-Dispenser] E1
[T+2644270173us][CH2-Pc    ] E1
[T+2644446172us][CH2-Pc    ] F0
[T+2644451174us][CH1-Dispenser] F0 F8
[T+2644524172us][CH2-Pc    ] F1
[T+2644530200us][CH1-Dispenser] F1 F9
[T+2644602196us][CH2-Pc    ] E1
[T+2644608202us][CH1-Dispenser] E1 E9
[T+2644680196us][CH2-Pc    ] F0
[T+2644687172us][CH1-Dispenser] F0 F8
[T+2644758305us][CH1-Dispenser] E0
[T+2644758173us][CH2-Pc    ] E0
[T+2644933308us][CH1-Dispenser] E1
[T+2644933174us][CH2-Pc    ] E1
[T+2645098172us][CH2-Pc    ] F0
[T+2645105172us][CH1-Dispenser] F0 F8
[T+2645176172us][CH2-Pc    ] F1
[T+2645181172us][CH1-Dispenser] F1 F9
[T+2645254172us][CH2-Pc    ] E1
[T+2645262179us][CH1-Dispenser] E1 E9
[T+2645332173us][CH2-Pc    ] F0
[T+2645337179us][CH1-Dispenser] F0 F8
[T+2645410305us][CH1-Dispenser] E0
[T+2645410173us][CH2-Pc    ] E0
[T+2645586308us][CH1-Dispenser] E1
[T+2645586174us][CH2-Pc    ] E1
[T+2645760196us][CH2-Pc    ] F0
[T+2645766200us][CH1-Dispenser] F0 F8
[T+2645838196us][CH2-Pc    ] F1
[T+2645847179us][CH1-Dispenser] F1 F9
[T+2645916172us][CH2-Pc    ] E1
[T+2645923766us][CH1-Dispenser] E1 E9
[T+2645994172us][CH2-Pc    ] F0
[T+2646004172us][CH1-Dispenser] F0 F8
[T+2646073310us][CH1-Dispenser] E0
[T+2646073173us][CH2-Pc    ] E0
[T+2646237307us][CH1-Dispenser] E1
[T+2646237174us][CH2-Pc    ] E1
[T+2646415173us][CH1-Dispenser] F0 F8
[T+2646411172us][CH2-Pc    ] F0
[T+2646493202us][CH2-Pc    ] F1
[T+2646500172us][CH1-Dispenser] F1 F9
[T+2646571172us][CH2-Pc    ] E1
[T+2646577202us][CH1-Dispenser] E1 E9
[T+2646649172us][CH2-Pc    ] F0
[T+2646653172us][CH1-Dispenser] F0 F8
[T+2646727305us][CH1-Dispenser] E0
[T+2646727173us][CH2-Pc    ] E0
[T+2646902312us][CH1-Dispenser] E1
[T+2646902175us][CH2-Pc    ] E1
[T+2647066172us][CH2-Pc    ] F0
[T+2647071172us][CH1-Dispenser] F0 F8
[T+2647144172us][CH2-Pc    ] F1
[T+2647150202us][CH1-Dispenser] F1 F9
[T+2647222197us][CH2-Pc    ] E1
[T+2647228201us][CH1-Dispenser] E1 E9
[T+2647300197us][CH2-Pc    ] F0
[T+2647307172us][CH1-Dispenser] F0 F8
[T+2647378307us][CH1-Dispenser] E0
[T+2647378173us][CH2-Pc    ] E0
[T+2647554306us][CH1-Dispenser] E1
[T+2647554174us][CH2-Pc    ] E1
[T+2647731172us][CH2-Pc    ] F0
[T+2647736172us][CH1-Dispenser] F0 F8
[T+2647808197us][CH2-Pc    ] F1
[T+2647817172us][CH1-Dispenser] F1 F9
[T+2647886172us][CH2-Pc    ] E1
[T+2647893172us][CH1-Dispenser] E1 E9
[T+2647964172us][CH2-Pc    ] F0
[T+2647974179us][CH1-Dispenser] F0 F8
[T+2648045306us][CH1-Dispenser] E0
[T+2648045173us][CH2-Pc    ] E0
[T+2648222308us][CH1-Dispenser] E1
[T+2648222173us][CH2-Pc    ] E1
[T+2648402172us][CH2-Pc    ] F0
[T+2648406173us][CH1-Dispenser] F0 F8
[T+2648480172us][CH2-Pc    ] F1
[T+2648486200us][CH1-Dispenser] F1 E9
[T+2648558172us][CH2-Pc    ] E1
[T+2648563172us][CH1-Dispenser] E1 E9
[T+2648636172us][CH2-Pc    ] F0
[T+2648644175us][CH1-Dispenser] F0 F8
[T+2648715304us][CH1-Dispenser] E0
[T+2648715173us][CH2-Pc    ] E0
[T+2648881311us][CH1-Dispenser] E1
[T+2648881174us][CH2-Pc    ] E1
[T+2649056172us][CH2-Pc    ] F0
[T+2649060172us][CH1-Dispenser] F0 F8
[T+2649134172us][CH2-Pc    ] F1
[T+2649141172us][CH1-Dispenser] F1 F9
[T+2649212172us][CH2-Pc    ] E1
[T+2649217172us][CH1-Dispenser] E1 E9
[T+2649290172us][CH2-Pc    ] F0
[T+2649298172us][CH1-Dispenser] F0 F8
[T+2649368307us][CH1-Dispenser] E0
[T+2649368173us][CH2-Pc    ] E0
[T+2649543308us][CH1-Dispenser] E1
[T+2649543174us][CH2-Pc    ] E1
[T+2649707172us][CH2-Pc    ] F0
[T+2649711173us][CH1-Dispenser] F0 F8
[T+2649775172us][CH2-Pc    ] F1
[T+2649781202us][CH1-Dispenser] F1 F9
[T+2649853172us][CH2-Pc    ] E1
[T+2649858172us][CH1-Dispenser] E1 E9
[T+2649931172us][CH2-Pc    ] F0
[T+2649938172us][CH1-Dispenser] F0 F8
[T+2650009308us][CH1-Dispenser] E0
[T+2650009173us][CH2-Pc    ] E0
[T+2650184307us][CH1-Dispenser] E1
[T+2650184173us][CH2-Pc    ] E1
[T+2650349172us][CH2-Pc    ] F0
[T+2650358172us][CH1-Dispenser] F0 F8
[T+2650427172us][CH2-Pc    ] F1
[T+2650431172us][CH1-Dispenser] F1 F9
[T+2650505172us][CH2-Pc    ] E1
[T+2650514179us][CH1-Dispenser] E1 E9
[T+2650584235us][CH2-Pc    ] F0
[T+2650589223us][CH1-Dispenser] F0 F8
[T+2650662171us][CH1-Dispenser] E0
[T+2650662054us][CH2-Pc    ] E0
[T+2650836325us][CH1-Dispenser] E1
[T+2650836183us][CH2-Pc    ] E1
[T+2651011181us][CH2-Pc    ] F0
[T+2651017217us][CH1-Dispenser] F0 F8
[T+2651089213us][CH2-Pc    ] F1
[T+2651096172us][CH1-Dispenser] F1 F9
[T+2651167172us][CH2-Pc    ] E1
[T+2651172172us][CH1-Dispenser] E1 FD
[T+2651195172us][CH2-Pc    ] F1
[T+2651216172us][CH1-Dispenser] F1 FD EF
[T+2651217172us][CH2-Pc    ] EF
[T+2651326172us][CH2-Pc    ] FA FF F8 E8 F8 FF EB EC
[T+2651356197us][CH1-Dispenser] FA FF F8 E8 F8 FF EB EC 37 AB 8D 24 F1 F1 A2 13 22 2B A2
[T+2651430172us][CH2-Pc    ] F0
[T+2651439179us][CH1-Dispenser] F0 F8
[T+2651508443us][CH1-Dispenser] E0
[T+2651508305us][CH2-Pc    ] E0
[T+2651683306us][CH1-Dispenser] E1
[T+2651683173us][CH2-Pc    ] E1
[T+2651848172us][CH2-Pc    ] F0
[T+2651857172us][CH1-Dispenser] F0 F8
[T+2651928172us][CH2-Pc    ] F1
[T+2651938179us][CH1-Dispenser] F1 F9
[T+2652006172us][CH2-Pc    ] E1
[T+2652034173us][CH2-Pc    ] F1
[T+2652156172us][CH2-Pc    ] EF FA FF F8 E8 F8 FF EB EC
[T+2652186196us][CH1-Dispenser] E1 FD F1 FD EF FA FF F8 E8 F8 FF EB EC 37 AB 8D 24 F1 F1 22 13 22 2B A2
[T+2652260172us][CH2-Pc    ] F0
[T+2652268179us][CH1-Dispenser] F0 E8
[T+2652338308us][CH1-Dispenser] E0
[T+2652338173us][CH2-Pc    ] E0
[T+2652502306us][CH1-Dispenser] E1
[T+2652502173us][CH2-Pc    ] E1
[T+2652677172us][CH2-Pc    ] F0
[T+2652680173us][CH1-Dispenser] F0 F8
[T+2652744172us][CH2-Pc    ] F1
[T+2652750201us][CH1-Dispenser] F1 F9
[T+2652822198us][CH2-Pc    ] E1
[T+2652828200us][CH1-Dispenser] E1 ED
[T+2652850172us][CH2-Pc    ] F1
[T+2652972196us][CH2-Pc    ] EF FA FF F8 E8 F8 FF EB EC
[T+2653001172us][CH1-Dispenser] F1 FD EF FA FF F8 E8 F8 FF EB EC 37 57 35 F5 F1 F1 A2 68 F4 2B 22
[T+2653075172us][CH2-Pc    ] F0
[T+2653084179us][CH1-Dispenser] F0 F8
[T+2653153309us][CH1-Dispenser] E0
[T+2653153173us][CH2-Pc    ] E0
[T+2653339305us][CH1-Dispenser] E1
[T+2653339173us][CH2-Pc    ] E1
[T+2653503172us][CH2-Pc    ] F0
[T+2653511172us][CH1-Dispenser] F0 F8
[T+2653581172us][CH2-Pc    ] F1
[T+2653586172us][CH1-Dispenser] F1 F9
[T+2653659178us][CH2-Pc    ] E1
[T+2653664172us][CH1-Dispenser] E1 FD
[T+2653687172us][CH2-Pc    ] F1
[T+2653809172us][CH2-Pc    ] EF FA FF F8 E8 F8 FF EB EC
[T+2653840172us][CH1-Dispenser] F1 FD EF FA FF F8 E8 F8 FF EB EC 37 F5 8D 24 F1 A3 72 E4 22 1B A2
[T+2653909172us][CH2-Pc    ] F0
[T+2653913172us][CH1-Dispenser] F0 F8
[T+2653977305us][CH1-Dispenser] E0
[T+2653977173us][CH2-Pc    ] E0
[T+2654152173us][CH1-Dispenser] E1
[T+2654151172us][CH2-Pc    ] E1
[T+2654316172us][CH2-Pc    ] F0
[T+2654322200us][CH1-Dispenser] F0 F8
[T+2654394196us][CH2-Pc    ] F1
[T+2654401802us][CH1-Dispenser] F1 F9
[T+2654472172us][CH2-Pc    ] E1
[T+2654499172us][CH2-Pc    ] F1
[T+2654622172us][CH2-Pc    ] EF FA FF F8 E8 F8 FF EB EC
[T+2654651172us][CH1-Dispenser] E1 FD F1 FD EF FA FF F8 E8 F8 FF EB EC 37 AB 8D 24 A3 A3 12 68 F4 2B 22
[T+2654726172us][CH2-Pc    ] F0
[T+2654732200us][CH1-Dispenser] F0 F8
[T+2654804306us][CH1-Dispenser] E0
[T+2654804173us][CH2-Pc    ] E0
[T+2654979308us][CH1-Dispenser] E1
[T+2654979173us][CH2-Pc    ] E1
[T+2655143172us][CH2-Pc    ] F0
[T+2655149200us][CH1-Dispenser] F0 F8
[T+2655221197us][CH2-Pc    ] F1
[T+2655228172us][CH1-Dispenser] F1 F9
[T+2655299172us][CH2-Pc    ] E1
[T+2655304172us][CH1-Dispenser] E1 FD
[T+2655326172us][CH2-Pc    ] F1
[T+2655448197us][CH2-Pc    ] EF FA FF F8 E8 F8 FF EB EC
[T+2655478196us][CH1-Dispenser] F1 FD EF FA FF F8 E8 F8 FF EB EC 37 F5 8D 24 A3 34 F5 F4 22 68 A2
[T+2655551172us][CH2-Pc    ] F0
[T+2655558172us][CH1-Dispenser] F0 F8
[T+2655629308us][CH1-Dispenser] E0
[T+2655629173us][CH2-Pc    ] E0
[T+2655804305us][CH1-Dispenser] E1
[T+2655804173us][CH2-Pc    ] E1
[T+2655979172us][CH2-Pc    ] F0
[T+2655987172us][CH1-Dispenser] F0 F8
[T+2656057172us][CH2-Pc    ] F1
[T+2656062172us][CH1-Dispenser] F1 F9
[T+2656128172us][CH2-Pc    ] E1
[T+2656132172us][CH1-Dispenser] E1 FD
[T+2656155172us][CH2-Pc    ] F1
[T+2656278172us][CH2-Pc    ] EF FA FF F8 E8 F8 FF EB EC
[T+2656305172us][CH1-Dispenser] F1 FD EF FA FF F8 E8 F8 FF EB EC 37 AB 8D 24 F1 F1 A2 13 22 1B 22
[T+2656370172us][CH2-Pc    ] F0
[T+2656377172us][CH1-Dispenser] F0 F8
[T+2656448305us][CH1-Dispenser] E0
[T+2656448173us][CH2-Pc    ] E0
[T+2656613305us][CH1-Dispenser] E1
[T+2656613173us][CH2-Pc    ] E1
[T+2656787172us][CH2-Pc    ] F0
[T+2656792172us][CH1-Dispenser] F0 F8
[T+2656865172us][CH2-Pc    ] F1
[T+2656871201us][CH1-Dispenser] F1 F9
[T+2656943197us][CH2-Pc    ] E1
[T+2656949200us][CH1-Dispenser] E1 FD
[T+2656971172us][CH2-Pc    ] F1
[T+2657094172us][CH2-Pc    ] EF FA FF F8 E8 F8 FF EB EC
[T+2657122172us][CH1-Dispenser] F1 FD EF FA FF F8 E8 F8 FF EB EC 37 F5 8D 24 A3 A3 12 68 22 1B A2
[T+2657187172us][CH2-Pc    ] F0
[T+2657194802us][CH1-Dispenser] F0 F8
[T+2657265305us][CH1-Dispenser] E0
[T+2657265173us][CH2-Pc    ] E0
[T+2657440308us][CH1-Dispenser] E1
[T+2657440174us][CH2-Pc    ] E1
[T+2657614196us][CH2-Pc    ] F0
[T+2657626213us][CH1-Dispenser] F0 F8
[T+2657697172us][CH1-Dispenser] F1 F9
[T+2657693172us][CH2-Pc    ] F1
[T+2657771172us][CH2-Pc    ] E1
[T+2657798172us][CH2-Pc    ] F1
[T+2657924172us][CH2-Pc    ] EF FA FF F8 E8 F8 FF EB EC
[T+2657952172us][CH1-Dispenser] E1 FD F1 FD EF FA FF F8 E8 F8 FF EB EC 37 F5 8D 24 A3 A3 12 68 F4 2B A2
[T+2658027172us][CH2-Pc    ] F0
[T+2658035172us][CH1-Dispenser] F0 F8
[T+2658106305us][CH1-Dispenser] E0
[T+2658106173us][CH2-Pc    ] E0
[T+2658270309us][CH1-Dispenser] E1
[T+2658270173us][CH2-Pc    ] E1
[T+2658444197us][CH2-Pc    ] F0
[T+2658452802us][CH1-Dispenser] F0 F8
[T+2658552172us][CH1-Dispenser] F1 F9
[T+2658548172us][CH2-Pc    ] F1
[T+2658626172us][CH2-Pc    ] E1
[T+2658653172us][CH2-Pc    ] F1
[T+2658776172us][CH2-Pc    ] EF FA FF F8 E8 F8 FF EB EC
[T+2658806197us][CH1-Dispenser] E1 FD F1 FD EF FA FF F8 E8 F8 FF EB EC 37 AB 8D 24 A3 A3 12 68 F4 2B 22
[T+2658880172us][CH2-Pc    ] F0
[T+2658887172us][CH1-Dispenser] F0 F8
[T+2658958306us][CH1-Dispenser] E0
[T+2658958173us][CH2-Pc    ] E0
[T+2659133307us][CH1-Dispenser] E1
[T+2659133173us][CH2-Pc    ] E1
[T+2659308172us][CH2-Pc    ] F0
[T+2659311172us][CH1-Dispenser] F0 F8
[T+2659375172us][CH2-Pc    ] F1
[T+2659383172us][CH1-Dispenser] F1 F9
[T+2659453172us][CH2-Pc    ] E1
[T+2659459200us][CH1-Dispenser] E1 FD
[T+2659481172us][CH2-Pc    ] F1
[T+2659603204us][CH2-Pc    ] EF FA FF F8 E8 F8 FF EB EC
[T+2659632172us][CH1-Dispenser] F1 FD EF FA FF F8 E8 F8 FF EB EC 37 AB 8D 24 A3 A3 12 68 22 2B A2
[T+2659654172us][CH2-Pc    ] F1
[T+2659816305us][CH1-Dispenser] F1 FD EF F8 FC ED F8 FD F8 F9 E8 E8 FF EB
[T+2659816173us][CH2-Pc    ] EF F8 FC ED F8 FD F8 F9 E8 E8 FF EB
[T+2659838313us][CH1-Dispenser] EC
[T+2659838175us][CH2-Pc    ] EC
[T+2659927172us][CH2-Pc    ] E1
[T+2659933200us][CH1-Dispenser] E1 FD
[T+2659954172us][CH2-Pc    ] F1
[T+2660127308us][CH1-Dispenser] F1 FD EF F8 FD FE F8 F8 F9 E9 E9 F8 FF EA EC
[T+2660127173us][CH2-Pc    ] EF F8 FD FE F8 F8 F9 E9 E9 F8 FF EA EC
[T+2660217204us][CH2-Pc    ] E1
[T+2660243172us][CH1-Dispenser] E1 ED F5
[T+2660244172us][CH2-Pc    ] F5
[T+2660331172us][CH2-Pc    ] E1
[T+2660338172us][CH1-Dispenser] E1 E5
[T+2660409172us][CH2-Pc    ] F0
[T+2660414172us][CH1-Dispenser] F0 F8
[T+2660487304us][CH1-Dispenser] E0
[T+2660487173us][CH2-Pc    ] E0
[T+2660722308us][CH1-Dispenser] E1
[T+2660722173us][CH2-Pc    ] E1
[T+2660896197us][CH2-Pc    ] F0
[T+2660902200us][CH1-Dispenser] F0 F8
[T+2660975172us][CH2-Pc    ] F1
[T+2660981200us][CH1-Dispenser] F1 E9
[T+2661053197us][CH2-Pc    ] E1
[T+2661059201us][CH1-Dispenser] E1 E5
[T+2661631173us][CH2-Pc    ] F0
[T+2661639172us][CH1-Dispenser] F0 F8
[T+2661709307us][CH1-Dispenser] E0
[T+2661709173us][CH2-Pc    ] E0
[T+2661884306us][CH1-Dispenser] E1
[T+2661884173us][CH2-Pc    ] E1
[T+2662059172us][CH2-Pc    ] F0
[T+2662070179us][CH1-Dispenser] F0 F8
[T+2662137172us][CH2-Pc    ] F1
[T+2662142172us][CH1-Dispenser] F1 F9
[T+2662215172us][CH2-Pc    ] E1
[T+2662219172us][CH1-Dispenser] E1 E5
[T+2662242172us][CH2-Pc    ] E9
[T+2662256172us][CH1-Dispenser] E9 38 38 78
[T+2662321172us][CH2-Pc    ] F0
[T+2662330172us][CH1-Dispenser] F0 F8
[T+2662402305us][CH1-Dispenser] E0
[T+2662402173us][CH2-Pc    ] E0
[T+2662566306us][CH1-Dispenser] E1
[T+2662566173us][CH2-Pc    ] E1
[T+2662741196us][CH2-Pc    ] F0
[T+2662747202us][CH1-Dispenser] F0 F8
[T+2662867172us][CH2-Pc    ] F1
[T+2662871174us][CH1-Dispenser] F1 F9
[T+2662960172us][CH2-Pc    ] E1 E9
[T+2662975177us][CH1-Dispenser] E1 E5 E9 38 38 38
[T+2663050172us][CH2-Pc    ] F0
[T+2663057172us][CH1-Dispenser] F0 E8
[T+2663128307us][CH1-Dispenser] E0
[T+2663128173us][CH2-Pc    ] E0
[T+2663303307us][CH1-Dispenser] E1
[T+2663303173us][CH2-Pc    ] E1
[T+2663478173us][CH2-Pc    ] F0
[T+2663482172us][CH1-Dispenser] F0 F8
[T+2663556172us][CH2-Pc    ] F1
[T+2663562200us][CH1-Dispenser] F1 F9
[T+2663634173us][CH2-Pc    ] E1
[T+2663638172us][CH1-Dispenser] E1 E5
[T+2663664172us][CH2-Pc    ] E9
[T+2663675768us][CH1-Dispenser] E9 38 38 38
[T+2663742172us][CH2-Pc    ] F0
[T+2663749172us][CH1-Dispenser] F0 F8
[T+2663820304us][CH1-Dispenser] E0
[T+2663820173us][CH2-Pc    ] E0
[T+2663995307us][CH1-Dispenser] E1
[T+2663995174us][CH2-Pc    ] E1
[T+2664159172us][CH2-Pc    ] F0
[T+2664167172us][CH1-Dispenser] F0 F8
[T+2664237172us][CH2-Pc    ] F1
[T+2664241172us][CH1-Dispenser] F1 F9
[T+2664315172us][CH2-Pc    ] E1
[T+2664343199us][CH2-Pc    ] E9
[T+2664355213us][CH1-Dispenser] E1 E5 E9 69 29 38
[T+2664421197us][CH2-Pc    ] F0
[T+2664432179us][CH1-Dispenser] F0 F8
[T+2664499623us][CH1-Dispenser] E0
[T+2664499173us][CH2-Pc    ] E0
[T+2664674306us][CH1-Dispenser] E1
[T+2664674173us][CH2-Pc    ] E1
[T+2664849172us][CH2-Pc    ] F0
[T+2664852173us][CH1-Dispenser] F0 F8
[T+2664916172us][CH2-Pc    ] F1
[T+2664922202us][CH1-Dispenser] F1 F9
[T+2664994172us][CH2-Pc    ] E1
[T+2664998172us][CH1-Dispenser] E1 E5
[T+2665043172us][CH2-Pc    ] E9
[T+2665054179us][CH1-Dispenser] E9 69 28 38
[T+2665121172us][CH2-Pc    ] F0
[T+2665129172us][CH1-Dispenser] F0 F8
[T+2665199305us][CH1-Dispenser] E0
[T+2665199173us][CH2-Pc    ] E0
[T+2665363306us][CH1-Dispenser] E1
[T+2665363173us][CH2-Pc    ] E1
[T+2665538172us][CH2-Pc    ] F0
[T+2665542172us][CH1-Dispenser] F0 F8
[T+2665616172us][CH2-Pc    ] F1
[T+2665625181us][CH1-Dispenser] F1 F9
[T+2665698172us][CH1-Dispenser] E1 E5
[T+2665694172us][CH2-Pc    ] E1
[T+2665722196us][CH2-Pc    ] E9
[T+2665736172us][CH1-Dispenser] E9 38 39 38
[T+2665810172us][CH2-Pc    ] F0
[T+2665819777us][CH1-Dispenser] F0 F8
[T+2665889307us][CH1-Dispenser] E0
[T+2665889173us][CH2-Pc    ] E0
[T+2666074306us][CH1-Dispenser] E1
[T+2666074174us][CH2-Pc    ] E1
[T+2666242172us][CH2-Pc    ] F0
[T+2666246172us][CH1-Dispenser] F0 F8
[T+2666326172us][CH2-Pc    ] F1
[T+2666333172us][CH1-Dispenser] F1 F9
[T+2666403172us][CH2-Pc    ] E1
[T+2666409200us][CH1-Dispenser] E1 E5
[T+2666431172us][CH2-Pc    ] E9
[T+2666445172us][CH1-Dispenser] E9 7A 33 E1
[T+2666519172us][CH2-Pc    ] F0
[T+2666524172us][CH1-Dispenser] F0 F8
[T+2666598306us][CH1-Dispenser] E0
[T+2666598173us][CH2-Pc    ] E0
[T+2666772313us][CH1-Dispenser] E1
[T+2666772175us][CH2-Pc    ] E1
[T+2666947172us][CH2-Pc    ] F0
[T+2666953201us][CH1-Dispenser] F0 F8
[T+2667025198us][CH2-Pc    ] F1
[T+2667032172us][CH1-Dispenser] F1 F9
[T+2667103172us][CH2-Pc    ] E1
[T+2667131172us][CH2-Pc    ] E9
[T+2667145172us][CH1-Dispenser] E1 E5 E9 69 78 71
[T+2667209172us][CH2-Pc    ] F0
[T+2667213172us][CH1-Dispenser] F0 F8
[T+2667287306us][CH1-Dispenser] E0
[T+2667287174us][CH2-Pc    ] E0
[T+2667462307us][CH1-Dispenser] E1
[T+2667462173us][CH2-Pc    ] E1
[T+2667637172us][CH2-Pc    ] F0
[T+2667643333us][CH1-Dispenser] F0 F8
[T+2667715197us][CH2-Pc    ] F1
[T+2667722172us][CH1-Dispenser] F1 F9
[T+2667793174us][CH2-Pc    ] E1
[T+2667799202us][CH1-Dispenser] E1 E5
[T+2667820172us][CH2-Pc    ] E9
[T+2667832213us][CH1-Dispenser] E9 38 B8 C7
[T+2667899172us][CH2-Pc    ] F0
[T+2667904172us][CH1-Dispenser] F0 F8
[T+2667978305us][CH1-Dispenser] E0
[T+2667978173us][CH2-Pc    ] E0
[T+2668152305us][CH1-Dispenser] E1
[T+2668152173us][CH2-Pc    ] E1
[T+2668322172us][CH2-Pc    ] F0
[T+2668327172us][CH1-Dispenser] F0 F8
[T+2668399196us][CH2-Pc    ] F1
[T+2668407172us][CH1-Dispenser] F1 F9
[T+2668478172us][CH2-Pc    ] E1
[T+2668505172us][CH2-Pc    ] E9
[T+2668515180us][CH1-Dispenser] E1 E5 E9 78 28 71
[T+2668583172us][CH2-Pc    ] F0
[T+2668589202us][CH1-Dispenser] F0 F8
[T+2668661305us][CH1-Dispenser] E0
[T+2668661173us][CH2-Pc    ] E0
[T+2668836304us][CH1-Dispenser] E1
[T+2668836173us][CH2-Pc    ] E1
[T+2669008172us][CH2-Pc    ] F0
[T+2669012172us][CH1-Dispenser] F0 F8
[T+2669086172us][CH2-Pc    ] F1
[T+2669095179us][CH1-Dispenser] F1 F9
[T+2669164172us][CH2-Pc    ] E1
[T+2669170200us][CH1-Dispenser] E1 E5
[T+2669191172us][CH2-Pc    ] E9
[T+2669206178us][CH1-Dispenser] E9 28 BA F1
[T+2669281172us][CH2-Pc    ] F0
[T+2669289760us][CH1-Dispenser] F0 F8
[T+2669359306us][CH1-Dispenser] E0
[T+2669359173us][CH2-Pc    ] E0
[T+2669533309us][CH1-Dispenser] E1
[T+2669533173us][CH2-Pc    ] E1
[T+2669708172us][CH2-Pc    ] F0
[T+2669711173us][CH1-Dispenser] F0 F8
[T+2669786172us][CH2-Pc    ] F1
[T+2669792201us][CH1-Dispenser] F1 F9
[T+2669864198us][CH2-Pc    ] E1
[T+2669892172us][CH2-Pc    ] E9
[T+2669905172us][CH1-Dispenser] E1 E5 E9 A9 79 38
[T+2669980172us][CH2-Pc    ] F0
[T+2669983172us][CH1-Dispenser] F0 F8
[T+2670048309us][CH1-Dispenser] E0
[T+2670048174us][CH2-Pc    ] E0
[T+2670222295us][CH1-Dispenser] E1
[T+2670222178us][CH2-Pc    ] E1
[T+2670402172us][CH1-Dispenser] F0 F8
[T+2670398174us][CH2-Pc    ] F0
[T+2670466172us][CH2-Pc    ] F1
[T+2670472200us][CH1-Dispenser] F1 F9
[T+2670549172us][CH2-Pc    ] E1
[T+2670555203us][CH1-Dispenser] E1 E5
[T+2670576172us][CH2-Pc    ] E9
[T+2670591352us][CH1-Dispenser] E9 3A F0 8E F8
[T+2670665172us][CH2-Pc    ] F0
[T+2670669172us][CH1-Dispenser] F0 F8
[T+2670743305us][CH1-Dispenser] E0
[T+2670743173us][CH2-Pc    ] E0
[T+2670918307us][CH1-Dispenser] E1
[T+2670918174us][CH2-Pc    ] E1
[T+2671082172us][CH2-Pc    ] F0
[T+2671088201us][CH1-Dispenser] F0 F8
[T+2671160197us][CH2-Pc    ] F1
[T+2671167172us][CH1-Dispenser] F1 F9
[T+2671239172us][CH2-Pc    ] E1
[T+2671243172us][CH1-Dispenser] E1 E5
[T+2671266172us][CH2-Pc    ] E9
[T+2671282175us][CH1-Dispenser] E9 28 29 70
[T+2671356172us][CH2-Pc    ] F0
[T+2671365172us][CH1-Dispenser] F0 E8
[T+2671435304us][CH1-Dispenser] E0
[T+2671435173us][CH2-Pc    ] E0
[T+2671620308us][CH1-Dispenser] E1
[T+2671620173us][CH2-Pc    ] E1
[T+2671785174us][CH2-Pc    ] F0
[T+2671793812us][CH1-Dispenser] F0 F8
[T+2671862172us][CH2-Pc    ] F1
[T+2671866172us][CH1-Dispenser] F1 F9
[T+2671940172us][CH2-Pc    ] E1
[T+2671945172us][CH1-Dispenser] E1 E5
[T+2671968172us][CH2-Pc    ] E9
[T+2671981172us][CH1-Dispenser] E9 39 2A 70
[T+2672050172us][CH1-Dispenser] F0 F8
[T+2672046172us][CH2-Pc    ] F0
[T+2672124306us][CH1-Dispenser] E0
[T+2672124173us][CH2-Pc    ] E0
[T+2672299310us][CH1-Dispenser] E1
[T+2672299173us][CH2-Pc    ] E1
[T+2672476172us][CH2-Pc    ] F0
[T+2672483804us][CH1-Dispenser] F0 F8
[T+2672554172us][CH2-Pc    ] F1
[T+2672564172us][CH1-Dispenser] F1 F9
[T+2672633172us][CH2-Pc    ] E1
[T+2672660210us][CH2-Pc    ] E9
[T+2672670207us][CH1-Dispenser] E1 E5 E9 38 29 38
[T+2672739172us][CH2-Pc    ] F0
[T+2672744172us][CH1-Dispenser] F0 F8
[T+2672817306us][CH1-Dispenser] E0
[T+2672817173us][CH2-Pc    ] E0
[T+2672992304us][CH1-Dispenser] E1
[T+2672992173us][CH2-Pc    ] E1
[T+2673167172us][CH2-Pc    ] F0
[T+2673173200us][CH1-Dispenser] F0 F8
[T+2673245197us][CH2-Pc    ] F1
[T+2673254179us][CH1-Dispenser] F1 F9
[T+2673323173us][CH2-Pc    ] E1
[T+2673351172us][CH2-Pc    ] E9
[T+2673361778us][CH1-Dispenser] E1 E5 E9 E8 37 8F F8
[T+2673428172us][CH2-Pc    ] F0
[T+2673435172us][CH1-Dispenser] F0 F8
[T+2673507304us][CH1-Dispenser] E0
[T+2673507173us][CH2-Pc    ] E0
[T+2673682307us][CH1-Dispenser] E1
[T+2673682173us][CH2-Pc    ] E1
[T+2673846172us][CH2-Pc    ] F0
[T+2673852200us][CH1-Dispenser] F0 F8
[T+2673924172us][CH2-Pc    ] F1
[T+2673928172us][CH1-Dispenser] F1 F9
[T+2674002172us][CH2-Pc    ] E1
[T+2674029172us][CH2-Pc    ] E9
[T+2674041933us][CH1-Dispenser] E1 E5 E9 A9 72 87 F8
[T+2674107196us][CH2-Pc    ] F0
[T+2674115172us][CH1-Dispenser] F0 F8
[T+2674185305us][CH1-Dispenser] E0
[T+2674185173us][CH2-Pc    ] E0
[T+2674371306us][CH1-Dispenser] E1
[T+2674371173us][CH2-Pc    ] E1
[T+2674535172us][CH2-Pc    ] F0
[T+2674542172us][CH1-Dispenser] F0 F8
[T+2674613172us][CH2-Pc    ] F1
[T+2674618172us][CH1-Dispenser] F1 F9
[T+2674691172us][CH2-Pc    ] E1
[T+2674718172us][CH2-Pc    ] E9
[T+2674731172us][CH1-Dispenser] E1 E5 E9 68 A9 38
[T+2674798172us][CH2-Pc    ] F0
[T+2674804201us][CH1-Dispenser] F0 F8
[T+2674877307us][CH1-Dispenser] E0
[T+2674877173us][CH2-Pc    ] E0
[T+2675051305us][CH1-Dispenser] E1
[T+2675051173us][CH2-Pc    ] E1
[T+2675227172us][CH2-Pc    ] F0
[T+2675232173us][CH1-Dispenser] F0 F8
[T+2675304197us][CH2-Pc    ] F1
[T+2675313172us][CH1-Dispenser] F1 F9
[T+2675383172us][CH2-Pc    ] E1
[T+2675410172us][CH2-Pc    ] E9
[T+2675420293us][CH1-Dispenser] E1 E5 E9 78 A9 70
[T+2675490172us][CH2-Pc    ] F0
[T+2675496200us][CH1-Dispenser] F0 F8
[T+2675568304us][CH1-Dispenser] E0
[T+2675568173us][CH2-Pc    ] E0
[T+2675743307us][CH1-Dispenser] E1
[T+2675743173us][CH2-Pc    ] E1
[T+2675918173us][CH2-Pc    ] F0
[T+2675922172us][CH1-Dispenser] F0 F8
[T+2675996172us][CH2-Pc    ] F1
[T+2676002201us][CH1-Dispenser] F1 F9
[T+2676074197us][CH2-Pc    ] E1
[T+2676101172us][CH2-Pc    ] E9
[T+2676115172us][CH1-Dispenser] E1 E5 E9 B9 A9 71
[T+2676180172us][CH2-Pc    ] F0
[T+2676183172us][CH1-Dispenser] F0 F8
[T+2676257304us][CH1-Dispenser] E0
[T+2676257173us][CH2-Pc    ] E0
[T+2676432307us][CH1-Dispenser] E1
[T+2676432174us][CH2-Pc    ] E1
[T+2676596190us][CH2-Pc    ] F0
[T+2676604800us][CH1-Dispenser] F0 F8
[T+2676674172us][CH2-Pc    ] F1
[T+2676685179us][CH1-Dispenser] F1 F9
[T+2676753172us][CH2-Pc    ] E1
[T+2676780172us][CH2-Pc    ] E9
[T+2676791184us][CH1-Dispenser] E1 E5 E9 3A 72 C5 F8
[T+2676859172us][CH2-Pc    ] F0
[T+2676867179us][CH1-Dispenser] F0 F8
[T+2676951304us][CH1-Dispenser] E0
[T+2676951173us][CH2-Pc    ] E0
[T+2677128305us][CH1-Dispenser] E1
[T+2677128173us][CH2-Pc    ] E1
[T+2677303172us][CH2-Pc    ] F0
[T+2677308172us][CH1-Dispenser] F0 F8
[T+2677380196us][CH2-Pc    ] F1
[T+2677389172us][CH1-Dispenser] F1 F9
[T+2677459172us][CH2-Pc    ] E1
[T+2677486172us][CH2-Pc    ] E9
[T+2677496179us][CH1-Dispenser] E1 E5 E9 2A 29 F0
[T+2677568172us][CH1-Dispenser] F0 F8
[T+2677565172us][CH2-Pc    ] F0
[T+2677632307us][CH1-Dispenser] E0
[T+2677632173us][CH2-Pc    ] E0
[T+2677807304us][CH1-Dispenser] E1
[T+2677807173us][CH2-Pc    ] E1
[T+2677972172us][CH2-Pc    ] F0
[T+2677978200us][CH1-Dispenser] F0 F8
[T+2678050197us][CH2-Pc    ] F1
[T+2678061288us][CH1-Dispenser] F1 F9
[T+2678128172us][CH2-Pc    ] E1
[T+2678155172us][CH2-Pc    ] E9
[T+2678167214us][CH1-Dispenser] E1 E5 E9 39 72 C7 F8
[T+2678236175us][CH2-Pc    ] F0
[T+2678239172us][CH1-Dispenser] F0 F8
[T+2678303306us][CH1-Dispenser] E0
[T+2678303173us][CH2-Pc    ] E0
[T+2678478306us][CH1-Dispenser] E1
[T+2678478173us][CH2-Pc    ] E1
[T+2678642172us][CH2-Pc    ] F0
[T+2678649172us][CH1-Dispenser] F0 F8
[T+2678720172us][CH2-Pc    ] F1
[T+2678728778us][CH1-Dispenser] F1 F9
[T+2678798172us][CH2-Pc    ] E1
[T+2678826172us][CH2-Pc    ] E9
[T+2678836774us][CH1-Dispenser] E1 E5 E9 E9 69 38
[T+2678905172us][CH2-Pc    ] F0
[T+2678908172us][CH1-Dispenser] F0 F8
[T+2678980304us][CH1-Dispenser] E0
[T+2678980173us][CH2-Pc    ] E0
[T+2679144305us][CH1-Dispenser] E1
[T+2679144173us][CH2-Pc    ] E1
[T+2679319172us][CH2-Pc    ] F0
[T+2679324172us][CH1-Dispenser] F0 F8
[T+2679397172us][CH2-Pc    ] F1
[T+2679404172us][CH1-Dispenser] F1 F9
[T+2679475172us][CH2-Pc    ] E1
[T+2679480172us][CH1-Dispenser] E1 E5
[T+2679503172us][CH2-Pc    ] E9
[T+2679516172us][CH1-Dispenser] E9 38 35 28
[T+2679582196us][CH2-Pc    ] F0
[T+2679592448us][CH1-Dispenser] F0 F8
[T+2679660306us][CH1-Dispenser] E0
[T+2679660173us][CH2-Pc    ] E0
[T+2679835304us][CH1-Dispenser] E1
[T+2679835173us][CH2-Pc    ] E1
[T+2680009172us][CH2-Pc    ] F0
[T+2680013172us][CH1-Dispenser] F0 F8
[T+2680077172us][CH2-Pc    ] F1
[T+2680083203us][CH1-Dispenser] F1 F9
[T+2680155172us][CH2-Pc    ] E1
[T+2680160172us][CH1-Dispenser] E1 E5
[T+2680182281us][CH2-Pc    ] E9
[T+2680196172us][CH1-Dispenser] E9 78 29 28
[T+2680264172us][CH2-Pc    ] F0
[T+2680270202us][CH1-Dispenser] F0 F8
[T+2680341399us][CH1-Dispenser] E0
[T+2680341264us][CH2-Pc    ] E0
[T+2680527305us][CH1-Dispenser] E1
[T+2680527173us][CH2-Pc    ] E1
[T+2680691172us][CH2-Pc    ] F0
[T+2680698830us][CH1-Dispenser] F0 E8
[T+2680773172us][CH1-Dispenser] F1 F9
[T+2680769172us][CH2-Pc    ] F1
[T+2680847172us][CH2-Pc    ] E1
[T+2680875197us][CH2-Pc    ] E9
[T+2680887213us][CH1-Dispenser] E1 E5 E9 2A 28 70
[T+2680953196us][CH2-Pc    ] F0
[T+2680961179us][CH1-Dispenser] F0 F8
[T+2681032304us][CH1-Dispenser] E0
[T+2681032173us][CH2-Pc    ] E0
[T+2681207313us][CH1-Dispenser] E1
[T+2681207173us][CH2-Pc    ] E1
[T+2681382172us][CH2-Pc    ] F0
[T+2681387173us][CH1-Dispenser] F0 F8
[T+2681460172us][CH2-Pc    ] F1
[T+2681469181us][CH1-Dispenser] F1 E9
[T+2681538172us][CH2-Pc    ] E1
[T+2681565197us][CH2-Pc    ] E9
[T+2681575172us][CH1-Dispenser] E1 E5 E9 2A 76 70
[T+2681644172us][CH2-Pc    ] F0
[T+2681651172us][CH1-Dispenser] F0 F8
[T+2681722310us][CH1-Dispenser] E0
[T+2681722173us][CH2-Pc    ] E0
[T+2681897307us][CH1-Dispenser] E1
[T+2681897173us][CH2-Pc    ] E1
[T+2682072172us][CH2-Pc    ] F0
[T+2682078202us][CH1-Dispenser] F0 F8
[T+2682150198us][CH2-Pc    ] F1
[T+2682159172us][CH1-Dispenser] F1 F9
[T+2682228172us][CH2-Pc    ] E1
[T+2682255196us][CH2-Pc    ] E9
[T+2682266727us][CH1-Dispenser] E1 E5 E9 69 72 70
[T+2682334174us][CH2-Pc    ] F0
[T+2682340201us][CH1-Dispenser] F0 F8
[T+2682414305us][CH1-Dispenser] E0
[T+2682414173us][CH2-Pc    ] E0
[T+2682597307us][CH1-Dispenser] E1
[T+2682597173us][CH2-Pc    ] E1
[T+2682772172us][CH2-Pc    ] F0
[T+2682778200us][CH1-Dispenser] F0 F8
[T+2682850200us][CH2-Pc    ] F1
[T+2682858172us][CH1-Dispenser] F1 F9
[T+2682928172us][CH2-Pc    ] E1
[T+2682956172us][CH2-Pc    ] E9
[T+2682966172us][CH1-Dispenser] E1 E5 E9 A8 76 70
[T+2683034172us][CH2-Pc    ] F0
[T+2683040202us][CH1-Dispenser] F0 F8
[T+2683112305us][CH1-Dispenser] E0
[T+2683112173us][CH2-Pc    ] E0
[T+2683287307us][CH1-Dispenser] E1
[T+2683287174us][CH2-Pc    ] E1
[T+2683461201us][CH2-Pc    ] F0
[T+2683469172us][CH1-Dispenser] F0 F8
[T+2683540172us][CH2-Pc    ] F1
[T+2683542172us][CH1-Dispenser] F1 F9
[T+2683608197us][CH2-Pc    ] E1
[T+2683635172us][CH2-Pc    ] E9
[T+2683648176us][CH1-Dispenser] E1 E5 E9 38 72 28
[T+2683713172us][CH2-Pc    ] F0
[T+2683720172us][CH1-Dispenser] F0 F8
[T+2683792305us][CH1-Dispenser] E0
[T+2683792173us][CH2-Pc    ] E0
[T+2683956305us][CH1-Dispenser] E1
[T+2683956173us][CH2-Pc    ] E1
[T+2684131172us][CH2-Pc    ] F0
[T+2684139179us][CH1-Dispenser] F0 F8
[T+2684213172us][CH2-Pc    ] F1
[T+2684218172us][CH1-Dispenser] F1 F9
[T+2684292172us][CH2-Pc    ] E1
[T+2684300172us][CH1-Dispenser] E1 E5
[T+2684323172us][CH2-Pc    ] E9
[T+2684337172us][CH1-Dispenser] E9 39 A9 28
[T+2684405172us][CH2-Pc    ] F0
[T+2684412172us][CH1-Dispenser] F0 F8
[T+2684483413us][CH1-Dispenser] E0
[T+2684483277us][CH2-Pc    ] E0
[T+2684658305us][CH1-Dispenser] E1
[T+2684658173us][CH2-Pc    ] E1
[T+2684838196us][CH2-Pc    ] F0
[T+2684845172us][CH1-Dispenser] F0 F8
[T+2684915172us][CH2-Pc    ] F1
[T+2684925179us][CH1-Dispenser] F1 F9
[T+2684994175us][CH2-Pc    ] E1
[T+2685021205us][CH2-Pc    ] E9
[T+2685033213us][CH1-Dispenser] E1 E5 E9 A9 72 83 F8
[T+2685099204us][CH2-Pc    ] F0
[T+2685105200us][CH1-Dispenser] F0 F8
[T+2685177305us][CH1-Dispenser] E0
[T+2685177173us][CH2-Pc    ] E0
[T+2685352305us][CH1-Dispenser] E1
[T+2685352173us][CH2-Pc    ] E1
[T+2685527172us][CH2-Pc    ] F0
[T+2685534172us][CH1-Dispenser] F0 F8
[T+2685605172us][CH2-Pc    ] F1
[T+2685607172us][CH1-Dispenser] F1 F9
[T+2685672172us][CH2-Pc    ] E1
[T+2685700172us][CH2-Pc    ] E9
[T+2685711179us][CH1-Dispenser] E1 E5 E9 28 70 9B F8
[T+2685778172us][CH2-Pc    ] F0
[T+2685785172us][CH1-Dispenser] F0 F8
[T+2685856306us][CH1-Dispenser] E0
[T+2685856173us][CH2-Pc    ] E0
[T+2686041308us][CH1-Dispenser] E1
[T+2686041174us][CH2-Pc    ] E1
[T+2686208172us][CH2-Pc    ] F0
[T+2686215172us][CH1-Dispenser] F0 F8
[T+2686287196us][CH2-Pc    ] F1
[T+2686294172us][CH1-Dispenser] F1 F9
[T+2686365172us][CH2-Pc    ] E1
[T+2686371201us][CH1-Dispenser] E1 E5
[T+2686394172us][CH2-Pc    ] E9
[T+2686407172us][CH1-Dispenser] E9 69 F7 87 F8
[T+2686472172us][CH2-Pc    ] F0
[T+2686481762us][CH1-Dispenser] F0 F8
[T+2686550308us][CH1-Dispenser] E0
[T+2686550173us][CH2-Pc    ] E0
[T+2686725306us][CH1-Dispenser] E1
[T+2686725173us][CH2-Pc    ] E1
[T+2686900172us][CH2-Pc    ] F0
[T+2686908751us][CH1-Dispenser] F0 FE
[T+2686978172us][CH2-Pc    ] F1
[T+2686984202us][CH1-Dispenser] F1 F9
[T+2687048172us][CH2-Pc    ] E1
[T+2687076172us][CH2-Pc    ] E9
[T+2687087180us][CH1-Dispenser] E1 E5 E9 E8 EA 68
[T+2687154172us][CH2-Pc    ] F0
[T+2687163172us][CH1-Dispenser] F0 F8
[T+2687232303us][CH1-Dispenser] E0
[T+2687232173us][CH2-Pc    ] E0
[T+2687418305us][CH1-Dispenser] E1
[T+2687418173us][CH2-Pc    ] E1
[T+2687581172us][CH2-Pc    ] F0
[T+2687588172us][CH1-Dispenser] F0 E8
[T+2687660173us][CH2-Pc    ] F1
[T+2687663172us][CH1-Dispenser] F1 F9
[T+2687738172us][CH2-Pc    ] E1
[T+2687765196us][CH2-Pc    ] E9
[T+2687776180us][CH1-Dispenser] E1 E5 E9 A8 72 87 F8
[T+2687843172us][CH2-Pc    ] F0
[T+2687850736us][CH1-Dispenser] F0 F8
[T+2687922307us][CH1-Dispenser] E0
[T+2687922173us][CH2-Pc    ] E0
[T+2688097309us][CH1-Dispenser] E1
[T+2688097174us][CH2-Pc    ] E1
[T+2688272172us][CH2-Pc    ] F0
[T+2688278200us][CH1-Dispenser] F0 F8
[T+2688354172us][CH2-Pc    ] F1
[T+2688359172us][CH1-Dispenser] F1 F9
[T+2688425172us][CH2-Pc    ] E1
[T+2688430172us][CH1-Dispenser] E1 E5
[T+2688453172us][CH2-Pc    ] E9
[T+2688468176us][CH1-Dispenser] E9 A9 FB 87 F8
[T+2688541172us][CH2-Pc    ] F0
[T+2688546172us][CH1-Dispenser] F0 F8
[T+2688620306us][CH1-Dispenser] E0
[T+2688620173us][CH2-Pc    ] E0
[T+2688784311us][CH1-Dispenser] E1
[T+2688784173us][CH2-Pc    ] E1
[T+2688959172us][CH2-Pc    ] F0
[T+2688964172us][CH1-Dispenser] F0 F8
[T+2689036196us][CH2-Pc    ] F1
[T+2689044759us][CH1-Dispenser] F1 F9
[T+2689115172us][CH2-Pc    ] E1
[T+2689142172us][CH2-Pc    ] E9
[T+2689157175us][CH1-Dispenser] E1 E5 E9 79 A8 70
[T+2689231172us][CH2-Pc    ] F0
[T+2689235172us][CH1-Dispenser] F0 F8
[T+2689309305us][CH1-Dispenser] E0
[T+2689309173us][CH2-Pc    ] E0
[T+2689495309us][CH1-Dispenser] E1
[T+2689495173us][CH2-Pc    ] E1
[T+2689663173us][CH1-Dispenser] F0 F8
[T+2689659172us][CH2-Pc    ] F0
[T+2689737172us][CH2-Pc    ] F1
[T+2689744172us][CH1-Dispenser] F1 F9
[T+2689815173us][CH2-Pc    ] E1
[T+2689821202us][CH1-Dispenser] E1 E5
[T+2689842242us][CH2-Pc    ] E9
[T+2689857173us][CH1-Dispenser] E9 79 FA 33
[T+2689931172us][CH2-Pc    ] F0
[T+2689934172us][CH1-Dispenser] F0 F8
[T+2689998304us][CH1-Dispenser] E0
[T+2689998173us][CH2-Pc    ] E0
[T+2690173308us][CH1-Dispenser] E1
[T+2690173173us][CH2-Pc    ] E1
[T+2690349172us][CH2-Pc    ] F0
[T+2690353172us][CH1-Dispenser] F0 F8
[T+2690427172us][CH2-Pc    ] F1
[T+2690433200us][CH1-Dispenser] F1 F9
[T+2690505196us][CH2-Pc    ] E1
[T+2690511202us][CH1-Dispenser] E1 E5
[T+2690533172us][CH2-Pc    ] E9
[T+2690546172us][CH1-Dispenser] E9 29 31 85 F8
[T+2690615172us][CH2-Pc    ] F0
[T+2690623172us][CH1-Dispenser] F0 F8
[T+2690693307us][CH1-Dispenser] E0
[T+2690693173us][CH2-Pc    ] E0
[T+2690868305us][CH1-Dispenser] E1
[T+2690868173us][CH2-Pc    ] E1
[T+2691042180us][CH2-Pc    ] F0
[T+2691049172us][CH1-Dispenser] F0 F8
[T+2691120172us][CH2-Pc    ] F1
[T+2691130181us][CH1-Dispenser] F1 F9
[T+2691199172us][CH2-Pc    ] E1
[T+2691226196us][CH2-Pc    ] E9
[T+2691236179us][CH1-Dispenser] E1 E5 E9 B9 70 CD F8
[T+2691304172us][CH2-Pc    ] F0
[T+2691310202us][CH1-Dispenser] F0 F8
[T+2691382308us][CH1-Dispenser] E0
[T+2691382174us][CH2-Pc    ] E0
[T+2691557305us][CH1-Dispenser] E1
[T+2691557173us][CH2-Pc    ] E1
[T+2691721172us][CH2-Pc    ] F0
[T+2691730179us][CH1-Dispenser] F0 F8
[T+2691799172us][CH2-Pc    ] F1
[T+2691804172us][CH1-Dispenser] F1 F9
[T+2691877172us][CH2-Pc    ] E1
[T+2691882172us][CH1-Dispenser] E1 E5
[T+2691905172us][CH2-Pc    ] E9
[T+2691917540us][CH1-Dispenser] E9 F8 31 87 F8
[T+2691984172us][CH2-Pc    ] F0
[T+2691990200us][CH1-Dispenser] F0 F8
[T+2692062310us][CH1-Dispenser] E0
[T+2692062174us][CH2-Pc    ] E0
[T+2692237307us][CH1-Dispenser] E1
[T+2692237173us][CH2-Pc    ] E1
[T+2692413172us][CH2-Pc    ] F0
[T+2692420172us][CH1-Dispenser] F0 F8
[T+2692492173us][CH2-Pc    ] F1
[T+2692501763us][CH1-Dispenser] F1 F9
[T+2692570172us][CH2-Pc    ] E1
[T+2692576204us][CH1-Dispenser] E1 E5
[T+2692597172us][CH2-Pc    ] E9
[T+2692607179us][CH1-Dispenser] E9 B8 E5 CF F8
[T+2692675235us][CH2-Pc    ] F0
[T+2692681202us][CH1-Dispenser] F0 F8
[T+2692753305us][CH1-Dispenser] E0
[T+2692753173us][CH2-Pc    ] E0
[T+2692928306us][CH1-Dispenser] E1
[T+2692928173us][CH2-Pc    ] E1
[T+2693103173us][CH1-Dispenser] F0 F8
[T+2693099172us][CH2-Pc    ] F0
[T+2693177172us][CH2-Pc    ] F1
[T+2693184172us][CH1-Dispenser] F1 F9
[T+2693255172us][CH2-Pc    ] E1
[T+2693261200us][CH1-Dispenser] E1 E5
[T+2693283172us][CH2-Pc    ] E9
[T+2693298177us][CH1-Dispenser] E9 39 28 69
[T+2693372172us][CH2-Pc    ] F0
[T+2693381172us][CH1-Dispenser] F0 F8
[T+2693451308us][CH1-Dispenser] E0
[T+2693451173us][CH2-Pc    ] E0
[T+2693636309us][CH1-Dispenser] E1
[T+2693636173us][CH2-Pc    ] E1
[T+2693800172us][CH2-Pc    ] F0
[T+2693804172us][CH1-Dispenser] F0 F8
[T+2693878172us][CH2-Pc    ] F1
[T+2693883172us][CH1-Dispenser] F1 F9
[T+2693956172us][CH2-Pc    ] E1
[T+2693961172us][CH1-Dispenser] E1 E5
[T+2693984172us][CH2-Pc    ] E9
[T+2693997172us][CH1-Dispenser] E9 B9 70 29
[T+2694063196us][CH2-Pc    ] F0
[T+2694070172us][CH1-Dispenser] F0 F8
[T+2694141305us][CH1-Dispenser] E0
[T+2694141174us][CH2-Pc    ] E0
[T+2694316310us][CH1-Dispenser] E1
[T+2694316173us][CH2-Pc    ] E1
[T+2694490172us][CH2-Pc    ] F0
[T+2694494172us][CH1-Dispenser] F0 F8
[T+2694569172us][CH2-Pc    ] F1
[T+2694575202us][CH1-Dispenser] F1 F9
[T+2694662172us][CH2-Pc    ] E1 E9
[T+2694677176us][CH1-Dispenser] E1 E5 E9 79 68 35
[T+2694741172us][CH2-Pc    ] F0
[T+2694746172us][CH1-Dispenser] F0 F8
[T+2694820304us][CH1-Dispenser] E0
[T+2694820173us][CH2-Pc    ] E0
[T+2694994307us][CH1-Dispenser] E1
[T+2694994173us][CH2-Pc    ] E1
[T+2695158172us][CH2-Pc    ] F0
[T+2695165172us][CH1-Dispenser] F0 F8
[T+2695237201us][CH2-Pc    ] F1
[T+2695244172us][CH1-Dispenser] F1 F9
[T+2695315172us][CH2-Pc    ] E1
[T+2695321202us][CH1-Dispenser] E1 E5
[T+2695342239us][CH2-Pc    ] E9
[T+2695352723us][CH1-Dispenser] E9 B9 7A 72
[T+2695421172us][CH2-Pc    ] F0
[T+2695426172us][CH1-Dispenser] F0 F8
[T+2695499308us][CH1-Dispenser] E0
[T+2695499173us][CH2-Pc    ] E0
[T+2695674308us][CH1-Dispenser] E1
[T+2695674173us][CH2-Pc    ] E1
[T+2695847257us][CH2-Pc    ] F0
[T+2695855755us][CH1-Dispenser] F0 F8
[T+2695925172us][CH2-Pc    ] F1
[T+2695928172us][CH1-Dispenser] F1 F9
[T+2695995172us][CH2-Pc    ] E1
[T+2696001200us][CH1-Dispenser] E1 E5
[T+2696023172us][CH2-Pc    ] E9
[T+2696039172us][CH1-Dispenser] E9 28 35 B5
[T+2696113172us][CH2-Pc    ] F0
[T+2696120172us][CH1-Dispenser] F0 F8
[T+2696191305us][CH1-Dispenser] E0
[T+2696191173us][CH2-Pc    ] E0
[T+2696366308us][CH1-Dispenser] E1
[T+2696366174us][CH2-Pc    ] E1
[T+2696541172us][CH2-Pc    ] F0
[T+2696545172us][CH1-Dispenser] F0 F8
[T+2696618172us][CH2-Pc    ] F1
[T+2696628179us][CH1-Dispenser] F1 F9
[T+2696701172us][CH1-Dispenser] E1 E5
[T+2696697172us][CH2-Pc    ] E1
[T+2696724172us][CH2-Pc    ] E9
[T+2696737172us][CH1-Dispenser] E9 28 72 72
[T+2696805172us][CH1-Dispenser] F0 F8
[T+2696802172us][CH2-Pc    ] F0
[T+2696869305us][CH1-Dispenser] E0
[T+2696869173us][CH2-Pc    ] E0
[T+2697033305us][CH1-Dispenser] E1
[T+2697033174us][CH2-Pc    ] E1
[T+2697208172us][CH2-Pc    ] F0
[T+2697215172us][CH1-Dispenser] F0 F8
[T+2697286173us][CH2-Pc    ] F1
[T+2697294172us][CH1-Dispenser] F1 F9
[T+2697364172us][CH2-Pc    ] E1
[T+2697392172us][CH2-Pc    ] E9
[T+2697402172us][CH1-Dispenser] E1 E5 E9 28 B9 35
[T+2697471172us][CH2-Pc    ] F0
[T+2697476172us][CH1-Dispenser] F0 E8
[T+2697549304us][CH1-Dispenser] E0
[T+2697549173us][CH2-Pc    ] E0
[T+2697724305us][CH1-Dispenser] E1
[T+2697724173us][CH2-Pc    ] E1
[T+2697899172us][CH2-Pc    ] F0
[T+2697905201us][CH1-Dispenser] F0 F8
[T+2697995172us][CH2-Pc    ] F1
[T+2697999172us][CH1-Dispenser] F1 F9
[T+2698063172us][CH2-Pc    ] E1
[T+2698090172us][CH2-Pc    ] E9
[T+2698102213us][CH1-Dispenser] E1 E5 E9 2A A8 72
[T+2698169172us][CH2-Pc    ] F0
[T+2698176172us][CH1-Dispenser] F0 F8
[T+2698247304us][CH1-Dispenser] E0
[T+2698247173us][CH2-Pc    ] E0
[T+2698433307us][CH1-Dispenser] E1
[T+2698433173us][CH2-Pc    ] E1
[T+2698597172us][CH2-Pc    ] F0
[T+2698604800us][CH1-Dispenser] F0 F8
[T+2698678172us][CH1-Dispenser] F1 F9
[T+2698675172us][CH2-Pc    ] F1
[T+2698758172us][CH2-Pc    ] E1 E9
[T+2698773172us][CH1-Dispenser] E1 E5 E9 A8 A8 72
[T+2698837172us][CH2-Pc    ] F0
[T+2698842269us][CH1-Dispenser] F0 E8
[T+2698915305us][CH1-Dispenser] E0
[T+2698915173us][CH2-Pc    ] E0
[T+2699079306us][CH1-Dispenser] E1
[T+2699079173us][CH2-Pc    ] E1
[T+2699254172us][CH2-Pc    ] F0
[T+2699258172us][CH1-Dispenser] F0 F8
[T+2699332174us][CH2-Pc    ] F1
[T+2699339172us][CH1-Dispenser] F1 F9
[T+2699410172us][CH2-Pc    ] E1
[T+2699417172us][CH1-Dispenser] E1 E5
[T+2699438172us][CH2-Pc    ] E9
[T+2699453172us][CH1-Dispenser] E9 28 73 35
[T+2699527172us][CH2-Pc    ] F0
[T+2699530172us][CH1-Dispenser] F0 F8
[T+2699605307us][CH1-Dispenser] E0
[T+2699605173us][CH2-Pc    ] E0
[T+2699769309us][CH1-Dispenser] E1
[T+2699769173us][CH2-Pc    ] E1
[T+2699943197us][CH2-Pc    ] F0
[T+2699950804us][CH1-Dispenser] F0 F8
[T+2700022197us][CH2-Pc    ] F1
[T+2700031172us][CH1-Dispenser] F1 F9
[T+2700100172us][CH2-Pc    ] E1
[T+2700127196us][CH2-Pc    ] E9
[T+2700138180us][CH1-Dispenser] E1 E5 E9 B9 38 72
[T+2700205172us][CH2-Pc    ] F0
[T+2700212772us][CH1-Dispenser] F0 F8
[T+2700283306us][CH1-Dispenser] E0
[T+2700283173us][CH2-Pc    ] E0
[T+2700458312us][CH1-Dispenser] E1
[T+2700458173us][CH2-Pc    ] E1
[T+2700633172us][CH2-Pc    ] F0
[T+2700639201us][CH1-Dispenser] F0 F8
[T+2700711196us][CH2-Pc    ] F1
[T+2700720768us][CH1-Dispenser] F1 F9
[T+2700789172us][CH2-Pc    ] E1
[T+2700817172us][CH2-Pc    ] E9
[T+2700827172us][CH1-Dispenser] E1 E5 E9 78 B9 72
[T+2700896172us][CH2-Pc    ] F0
[T+2700901172us][CH1-Dispenser] F0 F8
[T+2700974305us][CH1-Dispenser] E0
[T+2700974174us][CH2-Pc    ] E0
[T+2701149307us][CH1-Dispenser] E1
[T+2701149173us][CH2-Pc    ] E1
[T+2701317196us][CH2-Pc    ] F0
[T+2701325172us][CH1-Dispenser] F0 E8
[T+2701395172us][CH2-Pc    ] F1
[T+2701399172us][CH1-Dispenser] F1 F9
[T+2701473172us][CH2-Pc    ] E1
[T+2701500172us][CH2-Pc    ] E9
[T+2701512213us][CH1-Dispenser] E1 E5 E9 38 39 35
[T+2701579172us][CH2-Pc    ] F0
[T+2701588811us][CH1-Dispenser] F0 E8
[T+2701657306us][CH1-Dispenser] E0
[T+2701657173us][CH2-Pc    ] E0
[T+2701832305us][CH1-Dispenser] E1
[T+2701832173us][CH2-Pc    ] E1
[T+2702007172us][CH2-Pc    ] F0
[T+2702013202us][CH1-Dispenser] F0 F8
[T+2702089172us][CH1-Dispenser] F1 F9
[T+2702085172us][CH2-Pc    ] F1
[T+2702163172us][CH2-Pc    ] E1
[T+2702191173us][CH2-Pc    ] E9
[T+2702203213us][CH1-Dispenser] E1 E5 E9 38 B9 35
[T+2702269196us][CH2-Pc    ] F0
[T+2702277179us][CH1-Dispenser] F0 F8
[T+2702347307us][CH1-Dispenser] E0
[T+2702347173us][CH2-Pc    ] E0
[T+2702522305us][CH1-Dispenser] E1
[T+2702522173us][CH2-Pc    ] E1
[T+2702696199us][CH2-Pc    ] F0
[T+2702705179us][CH1-Dispenser] F0 F8
[T+2702774172us][CH2-Pc    ] F1
[T+2702779172us][CH1-Dispenser] F1 F9
[T+2702869197us][CH2-Pc    ] E1 E9
[T+2702883173us][CH1-Dispenser] E1 E5 E9 38 B9 F2
[T+2702947172us][CH2-Pc    ] F0
[T+2702951172us][CH1-Dispenser] F0 F8
[T+2703025172us][CH2-Pc    ] E0
[T+2703026172us][CH1-Dispenser] E0
[T+2703190308us][CH1-Dispenser] E1
[T+2703190174us][CH2-Pc    ] E1
[T+2703364196us][CH2-Pc    ] F0
[T+2703372179us][CH1-Dispenser] F0 F8
[T+2703442172us][CH2-Pc    ] F1
[T+2703451172us][CH1-Dispenser] F1 F9
[T+2703521175us][CH2-Pc    ] E1
[T+2703526179us][CH1-Dispenser] E1 E5
[T+2703548172us][CH2-Pc    ] E9
[T+2703563177us][CH1-Dispenser] E9 38 B9 72
[T+2703637174us][CH2-Pc    ] F0
[T+2703640173us][CH1-Dispenser] F0 F8
[T+2703715305us][CH1-Dispenser] E0
[T+2703715173us][CH2-Pc    ] E0
[T+2703900308us][CH1-Dispenser] E1
[T+2703900173us][CH2-Pc    ] E1
[T+2704069172us][CH1-Dispenser] F0 F8
[T+2704065172us][CH2-Pc    ] F0
[T+2704143174us][CH2-Pc    ] F1
[T+2704152172us][CH1-Dispenser] F1 F9
[T+2704221172us][CH2-Pc    ] E1
[T+2704248203us][CH2-Pc    ] E9
[T+2704264172us][CH1-Dispenser] E1 E5 E9 38 39 72
[T+2704337172us][CH2-Pc    ] F0
[T+2704342250us][CH1-Dispenser] F0 F8
[T+2704415306us][CH1-Dispenser] E0
[T+2704415173us][CH2-Pc    ] E0
[T+2704579308us][CH1-Dispenser] E1
[T+2704579173us][CH2-Pc    ] E1
[T+2704754173us][CH2-Pc    ] F0
[T+2704759176us][CH1-Dispenser] F0 F8
[T+2704832172us][CH2-Pc    ] F1
[T+2704839172us][CH1-Dispenser] F1 F9
[T+2704910172us][CH2-Pc    ] E1
[T+2704938176us][CH2-Pc    ] E9
[T+2704948651us][CH1-Dispenser] E1 E5 E9 38 79 72
[T+2705016172us][CH2-Pc    ] F0
[T+2705022201us][CH1-Dispenser] F0 F8
[T+2705094311us][CH1-Dispenser] E0
[T+2705094173us][CH2-Pc    ] E0
[T+2705269309us][CH1-Dispenser] E1
[T+2705269173us][CH2-Pc    ] E1
[T+2705443197us][CH2-Pc    ] F0
[T+2705451172us][CH1-Dispenser] F0 F8
[T+2705522172us][CH2-Pc    ] F1
[T+2705531723us][CH1-Dispenser] F1 F9
[T+2705600172us][CH2-Pc    ] E1
[T+2705608754us][CH1-Dispenser] E1 E1
[T+2706178199us][CH2-Pc    ] F0
[T+2706184201us][CH1-Dispenser] F0 F8
[T+2706256305us][CH1-Dispenser] E0
[T+2706256173us][CH2-Pc    ] E0
[T+2706431311us][CH1-Dispenser] E1
[T+2706431174us][CH2-Pc    ] E1
[T+2706595172us][CH2-Pc    ] F0
[T+2706599173us][CH1-Dispenser] F0 F8
[T+2706673172us][CH2-Pc    ] F1
[T+2706680172us][CH1-Dispenser] F1 F9
[T+2706751172us][CH2-Pc    ] E1
[T+2706757202us][CH1-Dispenser] E1 E9
[T+2707329172us][CH2-Pc    ] F0
[T+2707336172us][CH1-Dispenser] F0 E8
[T+2707407304us][CH1-Dispenser] E0
[T+2707407173us][CH2-Pc    ] E0
[T+2707582307us][CH1-Dispenser] E1
[T+2707582173us][CH2-Pc    ] E1
[T+2707757196us][CH2-Pc    ] F0
[T+2707765761us][CH1-Dispenser] F0 F8
[T+2707835172us][CH2-Pc    ] F1
[T+2707841202us][CH1-Dispenser] F1 F9
[T+2707913197us][CH2-Pc    ] E1
[T+2707940172us][CH2-Pc    ] F9
[T+2707992172us][CH1-Dispenser] E1 E9 F9 2F BE F2 38 2D FC 78 28 78 38 38 71 71 39 35 7F B1
[T+2708030304us][CH1-Dispenser] ED
[T+2708030173us][CH2-Pc    ] ED
[T+2708164172us][CH1-Dispenser] AF 71 F5 C5 68 25 31 71 ED B3 29 AA 78 68 33 38 B8 33 73 A1 83 39 28 E5 70 39 95 A8 38 68 33 38 B8 E1 70 CD 28 71 9F 6F 74 97 A8 29 3C 39 70 83 38 78 2B FF
[T+2708238389us][CH2-Pc    ] F0
[T+2708246781us][CH1-Dispenser] F0 F8
[T+2708317305us][CH1-Dispenser] E0
[T+2708317173us][CH2-Pc    ] E0
[T+2708493305us][CH1-Dispenser] E1
[T+2708493173us][CH2-Pc    ] E1
[T+2708657172us][CH2-Pc    ] F0
[T+2708666172us][CH1-Dispenser] F0 F8
[T+2708735172us][CH2-Pc    ] F1
[T+2708740172us][CH1-Dispenser] F1 F9
[T+2708813172us][CH2-Pc    ] E1
[T+2708841172us][CH2-Pc    ] F9
[T+2708890172us][CH1-Dispenser] E1 E9 F9 2F 7E 25 38 2D BC B8 28 78 38 B8 70 71 39 35 7F B1
[T+2708913305us][CH1-Dispenser] ED
[T+2708913173us][CH2-Pc    ] ED
[T+2709054172us][CH1-Dispenser] 6F F0 76 95 28 72 74 70 74 AB 29 2A B8 28 2C 38 B8 33 73 31 0B 39 A8 72 70 CB AA 68 38 68 7C 38 B8 35 71 95 A8 F0 A7 6F F3 97 A8 29 3C B9 33 8B 38 78 2B FF
[T+2709137172us][CH1-Dispenser] F0 F8
[T+2709133172us][CH2-Pc    ] F0
[T+2709211309us][CH1-Dispenser] E0
[T+2709211174us][CH2-Pc    ] E0
[T+2709400310us][CH1-Dispenser] E1
[T+2709400174us][CH2-Pc    ] E1
[T+2709565172us][CH2-Pc    ] F0
[T+2709570172us][CH1-Dispenser] F0 F8
[T+2709642196us][CH2-Pc    ] F1
[T+2709650179us][CH1-Dispenser] F1 F9
[T+2709721172us][CH2-Pc    ] E1
[T+2709728172us][CH1-Dispenser] E1 E9
[T+2709799172us][CH2-Pc    ] F0
[T+2709807172us][CH1-Dispenser] F0 F8
[T+2709877306us][CH1-Dispenser] E0
[T+2709877173us][CH2-Pc    ] E0
[T+2710052306us][CH1-Dispenser] E1
[T+2710052173us][CH2-Pc    ] E1
[T+2710227172us][CH2-Pc    ] F0
[T+2710235771us][CH1-Dispenser] F0 F8
[T+2710309173us][CH1-Dispenser] F1 F9
[T+2710306172us][CH2-Pc    ] F1
[T+2710391173us][CH2-Pc    ] E1
[T+2710396172us][CH1-Dispenser] E1 E9
[T+2710469172us][CH2-Pc    ] F0
[T+2710477179us][CH1-Dispenser] F0 F8
[T+2710547307us][CH1-Dispenser] E0
[T+2710547173us][CH2-Pc    ] E0
[T+2710722307us][CH1-Dispenser] E1
[T+2710722173us][CH2-Pc    ] E1
[T+2710907172us][CH2-Pc    ] F0
[T+2710915172us][CH1-Dispenser] F0 F8
[T+2711004174us][CH2-Pc    ] F1
[T+2711010203us][CH1-Dispenser] F1 F9
[T+2711082196us][CH2-Pc    ] E1
[T+2711088201us][CH1-Dispenser] E1 E9
[T+2711160196us][CH2-Pc    ] F0
[T+2711169179us][CH1-Dispenser] F0 F8
[T+2711240305us][CH1-Dispenser] E0
[T+2711240173us][CH2-Pc    ] E0
[T+2711416312us][CH1-Dispenser] E1
[T+2711416174us][CH2-Pc    ] E1
[T+2711583172us][CH2-Pc    ] F0
[T+2711590775us][CH1-Dispenser] F0 F8
[T+2711664173us][CH1-Dispenser] F1 F9
[T+2711661172us][CH2-Pc    ] F1
[T+2711730173us][CH2-Pc    ] E1
[T+2711737172us][CH1-Dispenser] E1 E9
[T+2711818172us][CH2-Pc    ] F0
[T+2711823174us][CH1-Dispenser] F0 F8
[T+2711897307us][CH1-Dispenser] E0
[T+2711897173us][CH2-Pc    ] E0
[T+2712070305us][CH1-Dispenser] E1
[T+2712070173us][CH2-Pc    ] E1
[T+2712260172us][CH2-Pc    ] F0
[T+2712264173us][CH1-Dispenser] F0 F8
[T+2712338172us][CH2-Pc    ] F1
[T+2712345172us][CH1-Dispenser] F1 F9
[T+2712416172us][CH2-Pc    ] E1
[T+2712422202us][CH1-Dispenser] E1 E9
[T+2712494197us][CH2-Pc    ] F0
[T+2712503172us][CH1-Dispenser] F0 F8
[T+2712573305us][CH1-Dispenser] E0
[T+2712573173us][CH2-Pc    ] E0
[T+2712737307us][CH1-Dispenser] E1
[T+2712737174us][CH2-Pc    ] E1
[T+2712912172us][CH2-Pc    ] F0
[T+2712920172us][CH1-Dispenser] F0 F8
[T+2712990172us][CH2-Pc    ] F1
[T+2712994172us][CH1-Dispenser] F1 F9
[T+2713068172us][CH2-Pc    ] E1
[T+2713072172us][CH1-Dispenser] E1 E9
[T+2713146172us][CH2-Pc    ] F0
[T+2713151172us][CH1-Dispenser] F0 F8
[T+2713224304us][CH1-Dispenser] E0
[T+2713224173us][CH2-Pc    ] E0
[T+2713399309us][CH1-Dispenser] E1
[T+2713399174us][CH2-Pc    ] E1
[T+2713563173us][CH2-Pc    ] F0
[T+2713571776us][CH1-Dispenser] F0 F8
[T+2713641172us][CH2-Pc    ] F1
[T+2713644172us][CH1-Dispenser] F1 F9
[T+2713709172us][CH2-Pc    ] E1
[T+2713717172us][CH1-Dispenser] E1 E9
[T+2713787172us][CH2-Pc    ] F0
[T+2713793202us][CH1-Dispenser] F0 F8
[T+2713865307us][CH1-Dispenser] E0
[T+2713865173us][CH2-Pc    ] E0
[T+2714040308us][CH1-Dispenser] E1
[T+2714040175us][CH2-Pc    ] E1
[T+2714204172us][CH2-Pc    ] F0
[T+2714210200us][CH1-Dispenser] F0 F8
[T+2714282204us][CH2-Pc    ] F1
[T+2714289172us][CH1-Dispenser] F1 F9
[T+2714361196us][CH2-Pc    ] E1
[T+2714368799us][CH1-Dispenser] E1 E9
[T+2714439172us][CH2-Pc    ] F0
[T+2714449172us][CH1-Dispenser] F0 F8
[T+2714525304us][CH1-Dispenser] E0
[T+2714525173us][CH2-Pc    ] E0
[T+2714689348us][CH1-Dispenser] E1
[T+2714689213us][CH2-Pc    ] E1
[T+2714864172us][CH2-Pc    ] F0
[T+2714872179us][CH1-Dispenser] F0 F8
[T+2714942172us][CH2-Pc    ] F1
[T+2714951172us][CH1-Dispenser] F1 F9
[T+2715020172us][CH2-Pc    ] E1
[T+2715027172us][CH1-Dispenser] E1 E9
[T+2715098172us][CH2-Pc    ] F0
[T+2715101176us][CH1-Dispenser] F0 F8
[T+2715166305us][CH1-Dispenser] E0
[T+2715166173us][CH2-Pc    ] E0
[T+2715330305us][CH1-Dispenser] E1
[T+2715330173us][CH2-Pc    ] E1
[T+2715505172us][CH2-Pc    ] F0
[T+2715511204us][CH1-Dispenser] F0 F8
[T+2715583196us][CH2-Pc    ] F1
[T+2715590172us][CH1-Dispenser] F1 F9
[T+2715661172us][CH2-Pc    ] E1
[T+2715667201us][CH1-Dispenser] E1 E9
[T+2715739197us][CH2-Pc    ] F0
[T+2715748172us][CH1-Dispenser] F0 F8
[T+2715817311us][CH1-Dispenser] E0
[T+2715817174us][CH2-Pc    ] E0
[T+2715992307us][CH1-Dispenser] E1
[T+2715992174us][CH2-Pc    ] E1
[T+2716167172us][CH2-Pc    ] F0
[T+2716171174us][CH1-Dispenser] F0 F8
[T+2716245172us][CH2-Pc    ] F1
[T+2716250172us][CH1-Dispenser] F1 F9
[T+2716323172us][CH2-Pc    ] E1
[T+2716328175us][CH1-Dispenser] E1 E9
[T+2716401172us][CH2-Pc    ] F0
[T+2716407200us][CH1-Dispenser] F0 F8
[T+2716479305us][CH1-Dispenser] E0
[T+2716479173us][CH2-Pc    ] E0
[T+2716643449us][CH1-Dispenser] E1
[T+2716643308us][CH2-Pc    ] E1
[T+2716818172us][CH2-Pc    ] F0
[T+2716827179us][CH1-Dispenser] F0 F8
[T+2716896172us][CH2-Pc    ] F1
[T+2716900173us][CH1-Dispenser] F1 F9
[T+2716975172us][CH2-Pc    ] E1
[T+2716982172us][CH1-Dispenser] E1 E9
[T+2717053172us][CH2-Pc    ] F0
[T+2717058172us][CH1-Dispenser] F0 F8
[T+2717131307us][CH1-Dispenser] E0
[T+2717131175us][CH2-Pc    ] E0
[T+2717305306us][CH1-Dispenser] E1
[T+2717305173us][CH2-Pc    ] E1
[T+2717469172us][CH2-Pc    ] F0
[T+2717475200us][CH1-Dispenser] F0 F8
[T+2717548172us][CH2-Pc    ] F1
[T+2717556179us][CH1-Dispenser] F1 F9
[T+2717626176us][CH2-Pc    ] E1
[T+2717633172us][CH1-Dispenser] E1 E9
[T+2717704177us][CH2-Pc    ] F0
[T+2717712172us][CH1-Dispenser] F0 E8
[T+2717782304us][CH1-Dispenser] E0
[T+2717782173us][CH2-Pc    ] E0
[T+2717957308us][CH1-Dispenser] E1
[T+2717957173us][CH2-Pc    ] E1
[T+2718132172us][CH2-Pc    ] F0
[T+2718137173us][CH1-Dispenser] F0 E8
[T+2718210172us][CH2-Pc    ] F1
[T+2718216201us][CH1-Dispenser] F1 F9
[T+2718292172us][CH1-Dispenser] E1 E9
[T+2718288172us][CH2-Pc    ] E1
[T+2718366172us][CH2-Pc    ] F0
[T+2718373172us][CH1-Dispenser] F0 F8
[T+2718444305us][CH1-Dispenser] E0
[T+2718444173us][CH2-Pc    ] E0
[T+2718619307us][CH1-Dispenser] E1
[T+2718619173us][CH2-Pc    ] E1
[T+2718783172us][CH2-Pc    ] F0
[T+2718791172us][CH1-Dispenser] F0 F8
[T+2718861172us][CH2-Pc    ] F1
[T+2718864172us][CH1-Dispenser] F1 F9
[T+2718928172us][CH2-Pc    ] E1
[T+2718932172us][CH1-Dispenser] E1 E9
[T+2718996172us][CH2-Pc    ] F0
[T+2719002200us][CH1-Dispenser] F0 F8
[T+2719074305us][CH1-Dispenser] E0
[T+2719074173us][CH2-Pc    ] E0
[T+2719260306us][CH1-Dispenser] E1
[T+2719260174us][CH2-Pc    ] E1
[T+2719424172us][CH2-Pc    ] F0
[T+2719434172us][CH1-Dispenser] F0 F8
[T+2719502173us][CH2-Pc    ] F1
[T+2719506173us][CH1-Dispenser] F1 F9
[T+2719580172us][CH2-Pc    ] E1
[T+2719588172us][CH1-Dispenser] E1 E9
[T+2719658172us][CH2-Pc    ] F0
[T+2719661173us][CH1-Dispenser] F0 F8
[T+2719725304us][CH1-Dispenser] E0
[T+2719725173us][CH2-Pc    ] E0
[T+2719900307us][CH1-Dispenser] E1
[T+2719900173us][CH2-Pc    ] E1
[T+2720064172us][CH2-Pc    ] F0
[T+2720070200us][CH1-Dispenser] F0 F8
[T+2720142197us][CH2-Pc    ] F1
[T+2720153179us][CH1-Dispenser] F1 E9
[T+2720220172us][CH2-Pc    ] E1
[T+2720229180us][CH1-Dispenser] E1 E9
[T+2720299172us][CH2-Pc    ] F0
[T+2720303172us][CH1-Dispenser] F0 F8
[T+2720382306us][CH1-Dispenser] E0
[T+2720382173us][CH2-Pc    ] E0
[T+2720556306us][CH1-Dispenser] E1
[T+2720556173us][CH2-Pc    ] E1
[T+2720720172us][CH2-Pc    ] F0
[T+2720726200us][CH1-Dispenser] F0 F8
[T+2720799172us][CH2-Pc    ] F1
[T+2720807786us][CH1-Dispenser] F1 F9
[T+2720877172us][CH2-Pc    ] E1
[T+2720885179us][CH1-Dispenser] E1 E9
[T+2720955172us][CH2-Pc    ] F0
[T+2720962815us][CH1-Dispenser] F0 F8
[T+2721033306us][CH1-Dispenser] E0
[T+2721033173us][CH2-Pc    ] E0
[T+2721210308us][CH1-Dispenser] E1
[T+2721210173us][CH2-Pc    ] E1
[T+2721384197us][CH2-Pc    ] F0
[T+2721392172us][CH1-Dispenser] F0 F8
[T+2721463172us][CH2-Pc    ] F1
[T+2721472291us][CH1-Dispenser] F1 F9
[T+2721541172us][CH2-Pc    ] E1
[T+2721548172us][CH1-Dispenser] E1 E9
[T+2721619172us][CH2-Pc    ] F0
[T+2721627172us][CH1-Dispenser] F0 F8
[T+2721697304us][CH1-Dispenser] E0
[T+2721697173us][CH2-Pc    ] E0
[T+2721861312us][CH1-Dispenser] E1
[T+2721861174us][CH2-Pc    ] E1
[T+2722036172us][CH2-Pc    ] F0
[T+2722043172us][CH1-Dispenser] F0 F8
[T+2722114172us][CH2-Pc    ] F1
[T+2722122797us][CH1-Dispenser] F1 F9
[T+2722192172us][CH2-Pc    ] E1
[T+2722197173us][CH1-Dispenser] E1 E9
[T+2722270173us][CH2-Pc    ] F0
[T+2722278172us][CH1-Dispenser] F0 F8
[T+2722357309us][CH1-Dispenser] E0
[T+2722357174us][CH2-Pc    ] E0
[T+2722532306us][CH1-Dispenser] E1
[T+2722532173us][CH2-Pc    ] E1
[T+2722711173us][CH1-Dispenser] F0 F8
[T+2722707172us][CH2-Pc    ] F0
[T+2722785172us][CH2-Pc    ] F1
[T+2722791200us][CH1-Dispenser] F1 F9
[T+2722863173us][CH2-Pc    ] E1
[T+2722867172us][CH1-Dispenser] E1 E9
[T+2722941172us][CH2-Pc    ] F0
[T+2722948172us][CH1-Dispenser] F0 F8
[T+2723019305us][CH1-Dispenser] E0
[T+2723019173us][CH2-Pc    ] E0
[T+2723194312us][CH1-Dispenser] E1
[T+2723194175us][CH2-Pc    ] E1
[T+2723369172us][CH2-Pc    ] F0
[T+2723376172us][CH1-Dispenser] F0 F8
[T+2723450172us][CH1-Dispenser] F1 F9
[T+2723447172us][CH2-Pc    ] F1
[T+2723514172us][CH2-Pc    ] E1
[T+2723523172us][CH1-Dispenser] E1 E9
[T+2723592172us][CH2-Pc    ] F0
[T+2723597173us][CH1-Dispenser] F0 F8
[T+2723671307us][CH1-Dispenser] E0
[T+2723671173us][CH2-Pc    ] E0
[T+2723845310us][CH1-Dispenser] E1
[T+2723845174us][CH2-Pc    ] E1
[T+2724020172us][CH2-Pc    ] F0
[T+2724027817us][CH1-Dispenser] F0 E8
[T+2724098172us][CH2-Pc    ] F1
[T+2724106172us][CH1-Dispenser] F1 F9
[T+2724176172us][CH2-Pc    ] E1
[T+2724182202us][CH1-Dispenser] E1 E9
[T+2724254196us][CH2-Pc    ] F0
[T+2724263815us][CH1-Dispenser] F0 F8
[T+2724333305us][CH1-Dispenser] E0
[T+2724333173us][CH2-Pc    ] E0
[T+2724508307us][CH1-Dispenser] E1
[T+2724508173us][CH2-Pc    ] E1
[T+2724673172us][CH2-Pc    ] F0
[T+2724681179us][CH1-Dispenser] F0 F8
[T+2724752172us][CH2-Pc    ] F1
[T+2724756172us][CH1-Dispenser] F1 F9
[T+2724830172us][CH2-Pc    ] E1
[T+2724838172us][CH1-Dispenser] E1 E9
[T+2724908172us][CH2-Pc    ] F0
[T+2724912172us][CH1-Dispenser] F0 F8
[T+2724986304us][CH1-Dispenser] E0
[T+2724986173us][CH2-Pc    ] E0
[T+2725161305us][CH1-Dispenser] E1
[T+2725161173us][CH2-Pc    ] E1
[T+2725340172us][CH1-Dispenser] F0 F8
[T+2725336172us][CH2-Pc    ] F0
[T+2725414172us][CH2-Pc    ] F1
[T+2725421172us][CH1-Dispenser] F1 F9
[T+2725492172us][CH2-Pc    ] E1
[T+2725498200us][CH1-Dispenser] E1 E9
[T+2725570196us][CH2-Pc    ] F0
[T+2725577172us][CH1-Dispenser] F0 F8
[T+2725648314us][CH1-Dispenser] E0
[T+2725648176us][CH2-Pc    ] E0
[T+2725823306us][CH1-Dispenser] E1
[T+2725823173us][CH2-Pc    ] E1
[T+2725987172us][CH2-Pc    ] F0
[T+2725991172us][CH1-Dispenser] F0 F8
[T+2726065172us][CH2-Pc    ] F1
[T+2726070172us][CH1-Dispenser] F1 F9
[T+2726143172us][CH2-Pc    ] E1
[T+2726148172us][CH1-Dispenser] E1 E9
[T+2726221172us][CH2-Pc    ] F0
[T+2726227202us][CH1-Dispenser] F0 F8
[T+2726299305us][CH1-Dispenser] E0
[T+2726299173us][CH2-Pc    ] E0
[T+2726474306us][CH1-Dispenser] E1
[T+2726474173us][CH2-Pc    ] E1
[T+2726649172us][CH2-Pc    ] F0
[T+2726656172us][CH1-Dispenser] F0 F8
[T+2726727172us][CH2-Pc    ] F1
[T+2726731172us][CH1-Dispenser] F1 F9
[T+2726805172us][CH2-Pc    ] E1
[T+2726815172us][CH1-Dispenser] E1 E9
[T+2726883172us][CH2-Pc    ] F0
[T+2726889200us][CH1-Dispenser] F0 F8
[T+2726961308us][CH1-Dispenser] E0
[T+2726961173us][CH2-Pc    ] E0
[T+2727135304us][CH1-Dispenser] E1
[T+2727135173us][CH2-Pc    ] E1
[T+2727301172us][CH2-Pc    ] F0
[T+2727306172us][CH1-Dispenser] F0 F8
[T+2727378197us][CH2-Pc    ] F1
[T+2727385172us][CH1-Dispenser] F1 F9
[T+2727457197us][CH2-Pc    ] E1
[T+2727465172us][CH1-Dispenser] E1 E9
[T+2727535172us][CH2-Pc    ] F0
[T+2727543172us][CH1-Dispenser] F0 F8
[T+2727613307us][CH1-Dispenser] E0
[T+2727613173us][CH2-Pc    ] E0
[T+2727788306us][CH1-Dispenser] E1
[T+2727788173us][CH2-Pc    ] E1
[T+2727962173us][CH2-Pc    ] F0
[T+2727966172us][CH1-Dispenser] F0 F8
[T+2728030172us][CH2-Pc    ] F1
[T+2728038809us][CH1-Dispenser] F1 F9
[T+2728108172us][CH2-Pc    ] E1
[T+2728114202us][CH1-Dispenser] E1 E9
[T+2728186197us][CH2-Pc    ] F0
[T+2728193172us][CH1-Dispenser] F0 F8
[T+2728264305us][CH1-Dispenser] E0
[T+2728264173us][CH2-Pc    ] E0
[T+2728439308us][CH1-Dispenser] E1
[T+2728439174us][CH2-Pc    ] E1