[T+2788302172us][CH2-Pc    ] F0
[T+2788312172us][CH1-Dispenser] F0 F8
[T+2788381172us][CH2-Pc    ] F1
[T+2788386172us][CH1-Dispenser] F1 F9
[T+2788458196us][CH2-Pc    ] E1
[T+2788467818us][CH1-Dispenser] E1 E9
[T+2788536172us][CH2-Pc    ] F0
[T+2788541172us][CH1-Dispenser] F0 F8
[T+2788615306us][CH1-Dispenser] E0
[T+2788615173us][CH2-Pc    ] E0
[T+2788789305us][CH1-Dispenser] E1
[T+2788789173us][CH2-Pc    ] E1
[T+2788953172us][CH2-Pc    ] F0
[T+2788961179us][CH1-Dispenser] F0 F8
[T+2789035172us][CH1-Dispenser] F1 E9
[T+2789032172us][CH2-Pc    ] F1
[T+2789099172us][CH2-Pc    ] E1
[T+2789107172us][CH1-Dispenser] E1 E9
[T+2789177172us][CH2-Pc    ] F0
[T+2789182172us][CH1-Dispenser] F0 F8
[T+2789255306us][CH1-Dispenser] E0
[T+2789255173us][CH2-Pc    ] E0
[T+2789430308us][CH1-Dispenser] E1
[T+2789430173us][CH2-Pc    ] E1
[T+2789594172us][CH2-Pc    ] F0
[T+2789600202us][CH1-Dispenser] F0 F8
[T+2789672196us][CH2-Pc    ] F1
[T+2789679172us][CH1-Dispenser] F1 F9
[T+2789750175us][CH2-Pc    ] E1
[T+2789757172us][CH1-Dispenser] E1 E9
[T+2789828172us][CH2-Pc    ] F0
[T+2789838179us][CH1-Dispenser] F0 F8
[T+2789906306us][CH1-Dispenser] E0
[T+2789906174us][CH2-Pc    ] E0
[T+2790081305us][CH1-Dispenser] E1
[T+2790081173us][CH2-Pc    ] E1
[T+2790256172us][CH2-Pc    ] F0
[T+2790261172us][CH1-Dispenser] F0 F8
[T+2790334172us][CH2-Pc    ] F1
[T+2790341172us][CH1-Dispenser] F1 F9
[T+2790413172us][CH2-Pc    ] E1
[T+2790417172us][CH1-Dispenser] E1 E9
[T+2790490172us][CH2-Pc    ] F0
[T+2790498179us][CH1-Dispenser] F0 F8
[T+2790569311us][CH1-Dispenser] E0
[T+2790569175us][CH2-Pc    ] E0
[T+2790735307us][CH1-Dispenser] E1
[T+2790735173us][CH2-Pc    ] E1
[T+2790909196us][CH2-Pc    ] F0
[T+2790916172us][CH1-Dispenser] F0 F8
[T+2790987172us][CH2-Pc    ] F1
[T+2790995810us][CH1-Dispenser] F1 F9
[T+2791066172us][CH2-Pc    ] E1
[T+2791071172us][CH1-Dispenser] E1 E9
[T+2791144172us][CH2-Pc    ] F0
[T+2791152172us][CH1-Dispenser] F0 F8
[T+2791222305us][CH1-Dispenser] E0
[T+2791222173us][CH2-Pc    ] E0
[T+2791397306us][CH1-Dispenser] E1
[T+2791397175us][CH2-Pc    ] E1
[T+2791571172us][CH2-Pc    ] F0
[T+2791575172us][CH1-Dispenser] F0 F8
[T+2791650172us][CH2-Pc    ] F1
[T+2791654173us][CH1-Dispenser] F1 F9
[T+2791732172us][CH1-Dispenser] E1 E9
[T+2791728172us][CH2-Pc    ] E1
[T+2791806172us][CH2-Pc    ] F0
[T+2791811172us][CH1-Dispenser] F0 F8
[T+2791884305us][CH1-Dispenser] E0
[T+2791884173us][CH2-Pc    ] E0
[T+2792048306us][CH1-Dispenser] E1
[T+2792048173us][CH2-Pc    ] E1
[T+2792223172us][CH2-Pc    ] F0
[T+2792231172us][CH1-Dispenser] F0 F8
[T+2792301172us][CH2-Pc    ] F1
[T+2792305172us][CH1-Dispenser] F1 F9
[T+2792379172us][CH2-Pc    ] E1
[T+2792388291us][CH1-Dispenser] E1 E9
[T+2792457172us][CH2-Pc    ] F0
[T+2792462172us][CH1-Dispenser] F0 F8
[T+2792535306us][CH1-Dispenser] E0
[T+2792535174us][CH2-Pc    ] E0
[T+2792710309us][CH1-Dispenser] E1
[T+2792710173us][CH2-Pc    ] E1
[T+2792874172us][CH2-Pc    ] F0
[T+2792881172us][CH1-Dispenser] F0 F8
[T+2792952172us][CH2-Pc    ] F1
[T+2792961815us][CH1-Dispenser] F1 F9
[T+2793031172us][CH2-Pc    ] E1
[T+2793037201us][CH1-Dispenser] E1 E9
[T+2793109173us][CH2-Pc    ] F0
[T+2793118172us][CH1-Dispenser] F0 F8
[T+2793187305us][CH1-Dispenser] E0
[T+2793187173us][CH2-Pc    ] E0
[T+2793361305us][CH1-Dispenser] E1
[T+2793361173us][CH2-Pc    ] E1
[T+2793536172us][CH2-Pc    ] F0
[T+2793541173us][CH1-Dispenser] F0 F8
[T+2793614172us][CH2-Pc    ] F1
[T+2793620202us][CH1-Dispenser] F1 F9
[T+2793692198us][CH2-Pc    ] E1
[T+2793698200us][CH1-Dispenser] E1 E9
[T+2793771173us][CH2-Pc    ] F0
[T+2793777200us][CH1-Dispenser] F0 F8
[T+2793849315us][CH1-Dispenser] E0
[T+2793849175us][CH2-Pc    ] E0
[T+2794024305us][CH1-Dispenser] E1
[T+2794024173us][CH2-Pc    ] E1
[T+2794189172us][CH2-Pc    ] F0
[T+2794197172us][CH1-Dispenser] F0 F8
[T+2794267172us][CH2-Pc    ] F1
[T+2794271172us][CH1-Dispenser] F1 F9
[T+2794346172us][CH2-Pc    ] E1
[T+2794352202us][CH1-Dispenser] E1 E9
[T+2794424197us][CH2-Pc    ] F0
[T+2794433172us][CH1-Dispenser] F0 F8
[T+2794502304us][CH1-Dispenser] E0
[T+2794502173us][CH2-Pc    ] E0
[T+2794677308us][CH1-Dispenser] E1
[T+2794677173us][CH2-Pc    ] E1
[T+2794852172us][CH2-Pc    ] F0
[T+2794856174us][CH1-Dispenser] F0 F8
[T+2794930172us][CH2-Pc    ] F1
[T+2794936200us][CH1-Dispenser] F1 F9
[T+2795008173us][CH2-Pc    ] E1
[T+2795013172us][CH1-Dispenser] E1 E9
[T+2795086172us][CH2-Pc    ] F0
[T+2795094179us][CH1-Dispenser] F0 F8
[T+2795164307us][CH1-Dispenser] E0
[T+2795164173us][CH2-Pc    ] E0
[T+2795328305us][CH1-Dispenser] E1
[T+2795328173us][CH2-Pc    ] E1
[T+2795503172us][CH2-Pc    ] F0
[T+2795512179us][CH1-Dispenser] F0 F8
[T+2795587173us][CH2-Pc    ] F1
[T+2795595172us][CH1-Dispenser] F1 F9
[T+2795665172us][CH2-Pc    ] E1
[T+2795673181us][CH1-Dispenser] E1 E9
[T+2795743172us][CH2-Pc    ] F0
[T+2795747172us][CH1-Dispenser] F0 F8
[T+2795811307us][CH1-Dispenser] E0
[T+2795811173us][CH2-Pc    ] E0
[T+2795985307us][CH1-Dispenser] E1
[T+2795985173us][CH2-Pc    ] E1
[T+2796160172us][CH2-Pc    ] F0
[T+2796166200us][CH1-Dispenser] F0 F8
[T+2796238197us][CH2-Pc    ] F1
[T+2796247223us][CH1-Dispenser] F1 F9
[T+2796317172us][CH2-Pc    ] E1
[T+2796323200us][CH1-Dispenser] E1 E9
[T+2796397172us][CH2-Pc    ] F0
[T+2796402172us][CH1-Dispenser] F0 F8
[T+2796475304us][CH1-Dispenser] E0
[T+2796475173us][CH2-Pc    ] E0
[T+2796650306us][CH1-Dispenser] E1
[T+2796650173us][CH2-Pc    ] E1
[T+2796814172us][CH2-Pc    ] F0
[T+2796820206us][CH1-Dispenser] F0 F8
[T+2796896172us][CH1-Dispenser] F1 F9
[T+2796892172us][CH2-Pc    ] F1
[T+2796970172us][CH2-Pc    ] E1
[T+2796977172us][CH1-Dispenser] E1 E9
[T+2797048172us][CH2-Pc    ] F0
[T+2797051172us][CH1-Dispenser] F0 F8
[T+2797115306us][CH1-Dispenser] E0
[T+2797115174us][CH2-Pc    ] E0
[T+2797290305us][CH1-Dispenser] E1
[T+2797290173us][CH2-Pc    ] E1
[T+2797454172us][CH2-Pc    ] F0
[T+2797462172us][CH1-Dispenser] F0 F8
[T+2797532172us][CH2-Pc    ] F1
[T+2797536172us][CH1-Dispenser] F1 E9
[T+2797600172us][CH2-Pc    ] E1
[T+2797606201us][CH1-Dispenser] E1 E9
[T+2797682172us][CH1-Dispenser] F0 F8
[T+2797678172us][CH2-Pc    ] F0
[T+2797756305us][CH1-Dispenser] E0
[T+2797756174us][CH2-Pc    ] E0
[T+2797931311us][CH1-Dispenser] E1
[T+2797931173us][CH2-Pc    ] E1
[T+2798095172us][CH2-Pc    ] F0
[T+2798103172us][CH1-Dispenser] F0 F8
[T+2798173172us][CH2-Pc    ] F1
[T+2798182815us][CH1-Dispenser] F1 F9
[T+2798251172us][CH2-Pc    ] E1
[T+2798259812us][CH1-Dispenser] E1 E9
[T+2798329172us][CH2-Pc    ] F0
[T+2798336793us][CH1-Dispenser] F0 F8
[T+2798407305us][CH1-Dispenser] E0
[T+2798407173us][CH2-Pc    ] E0
[T+2798582305us][CH1-Dispenser] E1
[T+2798582173us][CH2-Pc    ] E1
[T+2798757172us][CH2-Pc    ] F0
[T+2798763205us][CH1-Dispenser] F0 F8
[T+2798836172us][CH2-Pc    ] F1
[T+2798842200us][CH1-Dispenser] F1 F9
[T+2798914197us][CH2-Pc    ] E1
[T+2798922179us][CH1-Dispenser] E1 E9
[T+2798992172us][CH2-Pc    ] F0
[T+2798999172us][CH1-Dispenser] F0 F8
[T+2799070310us][CH1-Dispenser] E0
[T+2799070175us][CH2-Pc    ] E0
[T+2799235172us][CH1-Dispenser] E1
[T+2799234172us][CH2-Pc    ] E1
[T+2799410172us][CH2-Pc    ] F0
[T+2799415173us][CH1-Dispenser] F0 F8
[T+2799488172us][CH2-Pc    ] F1
[T+2799496172us][CH1-Dispenser] F1 F9
[T+2799566172us][CH2-Pc    ] E1
[T+2799572200us][CH1-Dispenser] E1 E9
[T+2799645172us][CH2-Pc    ] F0
[T+2799651200us][CH1-Dispenser] F0 F8
[T+2799723304us][CH1-Dispenser] E0
[T+2799723173us][CH2-Pc    ] E0
[T+2799891311us][CH1-Dispenser] E1
[T+2799891174us][CH2-Pc    ] E1
[T+2800065196us][CH2-Pc    ] F0
[T+2800071200us][CH1-Dispenser] F0 F8
[T+2800144172us][CH2-Pc    ] F1
[T+2800150200us][CH1-Dispenser] F1 F9
[T+2800222197us][CH2-Pc    ] E1
[T+2800228200us][CH1-Dispenser] E1 E9
[T+2800311172us][CH2-Pc    ] F0
[T+2800320179us][CH1-Dispenser] F0 F8
[T+2800390306us][CH1-Dispenser] E0
[T+2800390173us][CH2-Pc    ] E0
[T+2800564304us][CH1-Dispenser] E1
[T+2800564173us][CH2-Pc    ] E1
[T+2800739172us][CH2-Pc    ] F0
[T+2800747172us][CH1-Dispenser] F0 F8
[T+2800820172us][CH1-Dispenser] F1 F9
[T+2800818172us][CH2-Pc    ] F1
[T+2800885172us][CH2-Pc    ] E1
[T+2800895179us][CH1-Dispenser] E1 E9
[T+2800963172us][CH2-Pc    ] F0
[T+2800967172us][CH1-Dispenser] F0 E8
[T+2801030304us][CH1-Dispenser] E0
[T+2801030173us][CH2-Pc    ] E0
[T+2801205306us][CH1-Dispenser] E1
[T+2801205173us][CH2-Pc    ] E1
[T+2801380172us][CH2-Pc    ] F0
[T+2801386200us][CH1-Dispenser] F0 F8
[T+2801458196us][CH2-Pc    ] F1
[T+2801465815us][CH1-Dispenser] F1 F9
[T+2801536172us][CH2-Pc    ] E1
[T+2801543172us][CH1-Dispenser] E1 E9
[T+2801614172us][CH2-Pc    ] F0
[T+2801624790us][CH1-Dispenser] F0 F8
[T+2801692305us][CH1-Dispenser] E0
[T+2801692173us][CH2-Pc    ] E0
[T+2801867306us][CH1-Dispenser] E1
[T+2801867174us][CH2-Pc    ] E1
[T+2802032172us][CH2-Pc    ] F0
[T+2802037175us][CH1-Dispenser] F0 F8
[T+2802110172us][CH2-Pc    ] F1
[T+2802118179us][CH1-Dispenser] F1 F9
[T+2802189172us][CH2-Pc    ] E1
[T+2802194172us][CH1-Dispenser] E1 E9
[T+2802267172us][CH2-Pc    ] F0
[T+2802275172us][CH1-Dispenser] F0 F8
[T+2802345314us][CH1-Dispenser] E0
[T+2802345176us][CH2-Pc    ] E0
[T+2802517172us][CH1-Dispenser] E1
[T+2802516172us][CH2-Pc    ] E1
[T+2802691172us][CH2-Pc    ] F0
[T+2802696172us][CH1-Dispenser] F0 F8
[T+2802769172us][CH2-Pc    ] F1
[T+2802775200us][CH1-Dispenser] F1 F9
[T+2802848172us][CH2-Pc    ] E1
[T+2802853172us][CH1-Dispenser] E1 E9
[T+2802926172us][CH2-Pc    ] F0
[T+2802934179us][CH1-Dispenser] F0 F8
[T+2803004305us][CH1-Dispenser] E0
[T+2803004173us][CH2-Pc    ] E0
[T+2803179306us][CH1-Dispenser] E1
[T+2803179173us][CH2-Pc    ] E1
[T+2803343172us][CH2-Pc    ] F0
[T+2803350172us][CH1-Dispenser] F0 F8
[T+2803421172us][CH2-Pc    ] F1
[T+2803426172us][CH1-Dispenser] F1 E9
[T+2803499172us][CH2-Pc    ] E1
[T+2803502172us][CH1-Dispenser] E1 E9
[T+2803566172us][CH2-Pc    ] F0
[T+2803572292us][CH1-Dispenser] F0 F8
[T+2803645305us][CH1-Dispenser] E0
[T+2803645173us][CH2-Pc    ] E0
[T+2803831305us][CH1-Dispenser] E1
[T+2803831173us][CH2-Pc    ] E1
[T+2804005198us][CH2-Pc    ] F0
[T+2804012172us][CH1-Dispenser] F0 F8
[T+2804083172us][CH2-Pc    ] F1
[T+2804091172us][CH1-Dispenser] F1 F9
[T+2804161172us][CH2-Pc    ] E1
[T+2804169172us][CH1-Dispenser] E1 E9
[T+2804239172us][CH2-Pc    ] F0
[T+2804250179us][CH1-Dispenser] F0 F8
[T+2804317306us][CH1-Dispenser] E0
[T+2804317174us][CH2-Pc    ] E0
[T+2804492304us][CH1-Dispenser] E1
[T+2804492173us][CH2-Pc    ] E1
[T+2804656172us][CH2-Pc    ] F0
[T+2804662202us][CH1-Dispenser] F0 F8
[T+2804734198us][CH2-Pc    ] F1
[T+2804741172us][CH1-Dispenser] F1 F9
[T+2804812172us][CH2-Pc    ] E1
[T+2804817172us][CH1-Dispenser] E1 E9
[T+2804890172us][CH2-Pc    ] F0
[T+2804898172us][CH1-Dispenser] F0 F8
[T+2804969304us][CH1-Dispenser] E0
[T+2804969173us][CH2-Pc    ] E0
[T+2805143309us][CH1-Dispenser] E1
[T+2805143174us][CH2-Pc    ] E1
[T+2805318172us][CH2-Pc    ] F0
[T+2805327179us][CH1-Dispenser] F0 F8
[T+2805396172us][CH2-Pc    ] F1
[T+2805401172us][CH1-Dispenser] F1 E9
[T+2805475172us][CH2-Pc    ] E1
[T+2805484732us][CH1-Dispenser] E1 E9
[T+2805553172us][CH2-Pc    ] F0
[T+2805558172us][CH1-Dispenser] F0 F8
[T+2805631307us][CH1-Dispenser] E0
[T+2805631174us][CH2-Pc    ] E0
[T+2805799307us][CH1-Dispenser] E1
[T+2805799174us][CH2-Pc    ] E1
[T+2805973197us][CH2-Pc    ] F0
[T+2805981172us][CH1-Dispenser] F0 F8
[T+2806052172us][CH2-Pc    ] F1
[T+2806057172us][CH1-Dispenser] F1 F9
[T+2806130172us][CH2-Pc    ] E1
[T+2806138781us][CH1-Dispenser] E1 E9
[T+2806208172us][CH2-Pc    ] F0
[T+2806212172us][CH1-Dispenser] F0 F8
[T+2806286306us][CH1-Dispenser] E0
[T+2806286173us][CH2-Pc    ] E0
[T+2806462308us][CH1-Dispenser] E1
[T+2806462173us][CH2-Pc    ] E1
[T+2806626172us][CH2-Pc    ] F0
[T+2806633172us][CH1-Dispenser] F0 F8
[T+2806704172us][CH2-Pc    ] F1
[T+2806711172us][CH1-Dispenser] F1 F9
[T+2806780172us][CH2-Pc    ] E1
[T+2806789172us][CH1-Dispenser] E1 E9
[T+2806859172us][CH2-Pc    ] F0
[T+2806864173us][CH1-Dispenser] F0 F8
[T+2806936304us][CH1-Dispenser] E0
[T+2806936173us][CH2-Pc    ] E0
[T+2807111305us][CH1-Dispenser] E1
[T+2807111173us][CH2-Pc    ] E1
[T+2807287172us][CH2-Pc    ] F0
[T+2807291172us][CH1-Dispenser] F0 F8
[T+2807365172us][CH2-Pc    ] F1
[T+2807372172us][CH1-Dispenser] F1 F9
[T+2807454172us][CH2-Pc    ] E1
[T+2807464180us][CH1-Dispenser] E1 E9
[T+2807532172us][CH2-Pc    ] F0
[T+2807538200us][CH1-Dispenser] F0 F8
[T+2807610308us][CH1-Dispenser] E0
[T+2807610174us][CH2-Pc    ] E0
[T+2807785308us][CH1-Dispenser] E1
[T+2807785173us][CH2-Pc    ] E1
[T+2807960196us][CH2-Pc    ] F0
[T+2807967172us][CH1-Dispenser] F0 F8
[T+2808038172us][CH2-Pc    ] F1
[T+2808042172us][CH1-Dispenser] F1 F9
[T+2808116172us][CH2-Pc    ] E1
[T+2808124172us][CH1-Dispenser] E1 E9
[T+2808194172us][CH2-Pc    ] F0
[T+2808199172us][CH1-Dispenser] F0 F8
[T+2808274316us][CH1-Dispenser] E0
[T+2808274178us][CH2-Pc    ] E0
[T+2808437305us][CH1-Dispenser] E1
[T+2808437173us][CH2-Pc    ] E1
[T+2808612172us][CH2-Pc    ] F0
[T+2808617174us][CH1-Dispenser] F0 F8
[T+2808690172us][CH2-Pc    ] F1
[T+2808698172us][CH1-Dispenser] F1 F9
[T+2808768172us][CH2-Pc    ] E1
[T+2808772172us][CH1-Dispenser] E1 E9
[T+2808846172us][CH2-Pc    ] F0
[T+2808855179us][CH1-Dispenser] F0 F8
[T+2808925306us][CH1-Dispenser] E0
[T+2808925173us][CH2-Pc    ] E0
[T+2809100309us][CH1-Dispenser] E1
[T+2809100174us][CH2-Pc    ] E1
[T+2809274197us][CH2-Pc    ] F0
[T+2809284647us][CH1-Dispenser] F0 F8
[T+2809352172us][CH2-Pc    ] F1
[T+2809356173us][CH1-Dispenser] F1 F9
[T+2809430172us][CH2-Pc    ] E1
[T+2809437172us][CH1-Dispenser] E1 E9
[T+2809509172us][CH2-Pc    ] F0
[T+2809513173us][CH1-Dispenser] F0 F8
[T+2809587306us][CH1-Dispenser] E0
[T+2809587173us][CH2-Pc    ] E0
[T+2809751307us][CH1-Dispenser] E1
[T+2809751173us][CH2-Pc    ] E1
[T+2809926172us][CH2-Pc    ] F0
[T+2809932200us][CH1-Dispenser] F0 F8
[T+2810004196us][CH2-Pc    ] F1
[T+2810012172us][CH1-Dispenser] F1 E9
[T+2810082172us][CH2-Pc    ] E1
[T+2810088206us][CH1-Dispenser] E1 E9
[T+2810160197us][CH2-Pc    ] F0
[T+2810167769us][CH1-Dispenser] F0 F8
[T+2810238308us][CH1-Dispenser] E0
[T+2810238173us][CH2-Pc    ] E0
[T+2810405304us][CH1-Dispenser] E1
[T+2810405173us][CH2-Pc    ] E1
[T+2810580172us][CH2-Pc    ] F0
[T+2810587172us][CH1-Dispenser] F0 F8
[T+2810658172us][CH2-Pc    ] F1
[T+2810662173us][CH1-Dispenser] F1 F9
[T+2810736172us][CH2-Pc    ] E1
[T+2810744179us][CH1-Dispenser] E1 E9
[T+2810817172us][CH1-Dispenser] F0 F8
[T+2810814172us][CH2-Pc    ] F0
[T+2810882306us][CH1-Dispenser] E0
[T+2810882173us][CH2-Pc    ] E0
[T+2811046305us][CH1-Dispenser] E1
[T+2811046173us][CH2-Pc    ] E1
[T+2811220199us][CH2-Pc    ] F0
[T+2811226200us][CH1-Dispenser] F0 F8
[T+2811299172us][CH2-Pc    ] F1
[T+2811307172us][CH1-Dispenser] F1 E9
[T+2811377172us][CH2-Pc    ] E1
[T+2811383202us][CH1-Dispenser] E1 E9
[T+2811455196us][CH2-Pc    ] F0
[T+2811462172us][CH1-Dispenser] F0 F8
[T+2811533304us][CH1-Dispenser] E0
[T+2811533173us][CH2-Pc    ] E0
[T+2811708308us][CH1-Dispenser] E1
[T+2811708173us][CH2-Pc    ] E1
[T+2811883172us][CH2-Pc    ] F0
[T+2811887173us][CH1-Dispenser] F0 F8
[T+2811961172us][CH2-Pc    ] F1
[T+2811969419us][CH1-Dispenser] F1 F9
[T+2812039172us][CH2-Pc    ] E1
[T+2812043172us][CH1-Dispenser] E1 E9
[T+2812117172us][CH2-Pc    ] F0
[T+2812124172us][CH1-Dispenser] F0 F8
[T+2812195305us][CH1-Dispenser] E0
[T+2812195173us][CH2-Pc    ] E0
[T+2812359307us][CH1-Dispenser] E1
[T+2812359173us][CH2-Pc    ] E1
[T+2812534172us][CH2-Pc    ] F0
[T+2812543179us][CH1-Dispenser] F0 F8
[T+2812614172us][CH2-Pc    ] F1
[T+2812624769us][CH1-Dispenser] F1 F9
[T+2812692172us][CH2-Pc    ] E1
[T+2812699172us][CH1-Dispenser] E1 E9
[T+2812770172us][CH2-Pc    ] F0
[T+2812778735us][CH1-Dispenser] F0 F8
[T+2812848308us][CH1-Dispenser] E0
[T+2812848173us][CH2-Pc    ] E0
[T+2813023305us][CH1-Dispenser] E1
[T+2813023173us][CH2-Pc    ] E1
[T+2813187172us][CH2-Pc    ] F0
[T+2813192172us][CH1-Dispenser] F0 F8
[T+2813265172us][CH2-Pc    ] F1
[T+2813273179us][CH1-Dispenser] F1 F9
[T+2813343172us][CH2-Pc    ] E1
[T+2813349202us][CH1-Dispenser] E1 E9
[T+2813422172us][CH2-Pc    ] F0
[T+2813428202us][CH1-Dispenser] F0 F8
[T+2813500304us][CH1-Dispenser] E0
[T+2813500173us][CH2-Pc    ] E0
[T+2813674173us][CH1-Dispenser] E1
[T+2813673172us][CH2-Pc    ] E1
[T+2813849172us][CH2-Pc    ] F0
[T+2813857172us][CH1-Dispenser] F0 F8
[T+2813927172us][CH2-Pc    ] F1
[T+2813933202us][CH1-Dispenser] F1 F9
[T+2814006172us][CH2-Pc    ] E1
[T+2814014172us][CH1-Dispenser] E1 E9
[T+2814084244us][CH2-Pc    ] F0
[T+2814088172us][CH1-Dispenser] F0 F8
[T+2814162304us][CH1-Dispenser] E0
[T+2814162173us][CH2-Pc    ] E0
[T+2814337312us][CH1-Dispenser] E1
[T+2814337173us][CH2-Pc    ] E1
[T+2814501172us][CH2-Pc    ] F0
[T+2814509172us][CH1-Dispenser] F0 F8
[T+2814579172us][CH2-Pc    ] F1
[T+2814589179us][CH1-Dispenser] F1 F9
[T+2814657172us][CH2-Pc    ] E1
[T+2814663200us][CH1-Dispenser] E1 E9
[T+2814745172us][CH2-Pc    ] F0
[T+2814753179us][CH1-Dispenser] F0 F8
[T+2814823307us][CH1-Dispenser] E0
[T+2814823173us][CH2-Pc    ] E0
[T+2815008306us][CH1-Dispenser] E1
[T+2815008173us][CH2-Pc    ] E1
[T+2815172172us][CH2-Pc    ] F0
[T+2815176173us][CH1-Dispenser] F0 F8
[T+2815250173us][CH2-Pc    ] F1
[T+2815259172us][CH1-Dispenser] F1 F9
[T+2815328172us][CH2-Pc    ] E1
[T+2815333172us][CH1-Dispenser] E1 E9
[T+2815406172us][CH2-Pc    ] F0
[T+2815412202us][CH1-Dispenser] F0 F8
[T+2815484306us][CH1-Dispenser] E0
[T+2815484174us][CH2-Pc    ] E0
[T+2815659315us][CH1-Dispenser] E1
[T+2815659174us][CH2-Pc    ] E1
[T+2815834334us][CH2-Pc    ] F0
[T+2815841762us][CH1-Dispenser] F0 F8
[T+2815916172us][CH1-Dispenser] F1 F9
[T+2815912172us][CH2-Pc    ] F1
[T+2815990172us][CH2-Pc    ] E1
[T+2816000775us][CH1-Dispenser] E1 E9
[T+2816068172us][CH2-Pc    ] F0
[T+2816073172us][CH1-Dispenser] F0 F8
[T+2816146321us][CH1-Dispenser] E0
[T+2816146181us][CH2-Pc    ] E0
[T+2816323305us][CH1-Dispenser] E1
[T+2816323173us][CH2-Pc    ] E1
[T+2816509196us][CH2-Pc    ] F0
[T+2816516172us][CH1-Dispenser] F0 F8
[T+2816587172us][CH2-Pc    ] F1
[T+2816592173us][CH1-Dispenser] F1 F9
[T+2816665172us][CH2-Pc    ] E1
[T+2816668172us][CH1-Dispenser] E1 E9
[T+2816732172us][CH2-Pc    ] F0
[T+2816740179us][CH1-Dispenser] F0 F8
[T+2816810309us][CH1-Dispenser] E0
[T+2816810173us][CH2-Pc    ] E0
[T+2816985306us][CH1-Dispenser] E1
[T+2816985173us][CH2-Pc    ] E1
[T+2817160172us][CH2-Pc    ] F0
[T+2817167172us][CH1-Dispenser] F0 F8
[T+2817238172us][CH2-Pc    ] F1
[T+2817243172us][CH1-Dispenser] F1 F9
[T+2817316172us][CH2-Pc    ] E1
[T+2817324783us][CH1-Dispenser] E1 E9
[T+2817394172us][CH2-Pc    ] F0
[T+2817398175us][CH1-Dispenser] F0 F8
[T+2817472305us][CH1-Dispenser] E0
[T+2817472173us][CH2-Pc    ] E0
[T+2817647307us][CH1-Dispenser] E1
[T+2817647173us][CH2-Pc    ] E1
[T+2817817172us][CH2-Pc    ] F0
[T+2817823200us][CH1-Dispenser] F0 F8
[T+2817895196us][CH2-Pc    ] F1
[T+2817902172us][CH1-Dispenser] F1 F9
[T+2817973172us][CH2-Pc    ] E1
[T+2817978172us][CH1-Dispenser] E1 E9
[T+2818052172us][CH2-Pc    ] F0
[T+2818059172us][CH1-Dispenser] F0 F8
[T+2818131307us][CH1-Dispenser] E0
[T+2818131174us][CH2-Pc    ] E0
[T+2818305305us][CH1-Dispenser] E1
[T+2818305173us][CH2-Pc    ] E1
[T+2818471172us][CH1-Dispenser] F0 F8
[T+2818468172us][CH2-Pc    ] F0
[T+2818536172us][CH2-Pc    ] F1
[T+2818542200us][CH1-Dispenser] F1 F9
[T+2818615173us][CH2-Pc    ] E1
[T+2818618172us][CH1-Dispenser] E1 E9
[T+2818682172us][CH2-Pc    ] F0
[T+2818688202us][CH1-Dispenser] F0 F8
[T+2818760305us][CH1-Dispenser] E0
[T+2818760173us][CH2-Pc    ] E0
[T+2818946309us][CH1-Dispenser] E1
[T+2818946174us][CH2-Pc    ] E1
[T+2819110172us][CH2-Pc    ] F0
[T+2819117172us][CH1-Dispenser] F0 F8
[T+2819188172us][CH2-Pc    ] F1
[T+2819192172us][CH1-Dispenser] F1 F9
[T+2819266172us][CH2-Pc    ] E1
[T+2819274172us][CH1-Dispenser] E1 E9
[T+2819344174us][CH2-Pc    ] F0
[T+2819349173us][CH1-Dispenser] F0 F8
[T+2819423304us][CH1-Dispenser] E0
[T+2819423173us][CH2-Pc    ] E0
[T+2819597308us][CH1-Dispenser] E1
[T+2819597174us][CH2-Pc    ] E1
[T+2819772196us][CH2-Pc    ] F0
[T+2819778200us][CH1-Dispenser] F0 F8
[T+2819850197us][CH2-Pc    ] F1
[T+2819857172us][CH1-Dispenser] F1 E9
[T+2819928172us][CH2-Pc    ] E1
[T+2819935746us][CH1-Dispenser] E1 E9
[T+2820007196us][CH2-Pc    ] F0
[T+2820016172us][CH1-Dispenser] F0 E8
[T+2820085395us][CH1-Dispenser] E0
[T+2820085260us][CH2-Pc    ] E0
[T+2820249306us][CH1-Dispenser] E1
[T+2820249173us][CH2-Pc    ] E1
[T+2820423196us][CH2-Pc    ] F0
[T+2820430172us][CH1-Dispenser] F0 F8
[T+2820501172us][CH2-Pc    ] F1
[T+2820508172us][CH1-Dispenser] F1 F9
[T+2820580173us][CH2-Pc    ] E1
[T+2820584172us][CH1-Dispenser] E1 E9
[T+2820658172us][CH2-Pc    ] F0
[T+2820663172us][CH1-Dispenser] F0 F8
[T+2820736305us][CH1-Dispenser] E0
[T+2820736173us][CH2-Pc    ] E0
[T+2820915307us][CH1-Dispenser] E1
[T+2820915173us][CH2-Pc    ] E1
[T+2821079172us][CH2-Pc    ] F0
[T+2821082173us][CH1-Dispenser] F0 F8
[T+2821157172us][CH2-Pc    ] F1
[T+2821163202us][CH1-Dispenser] F1 F9
[T+2821235172us][CH2-Pc    ] E1
[T+2821239172us][CH1-Dispenser] E1 E9
[T+2821313172us][CH2-Pc    ] F0
[T+2821319202us][CH1-Dispenser] F0 F8
[T+2821391309us][CH1-Dispenser] E0
[T+2821391175us][CH2-Pc    ] E0
[T+2821566307us][CH1-Dispenser] E1
[T+2821566173us][CH2-Pc    ] E1
[T+2821741172us][CH2-Pc    ] F0
[T+2821751172us][CH1-Dispenser] F0 F8
[T+2821819172us][CH2-Pc    ] F1
[T+2821828172us][CH1-Dispenser] F1 F9
[T+2821897172us][CH2-Pc    ] E1
[T+2821904173us][CH1-Dispenser] E1 E9
[T+2821975172us][CH2-Pc    ] F0
[T+2821987213us][CH1-Dispenser] F0 F8
[T+2822053306us][CH1-Dispenser] E0
[T+2822053174us][CH2-Pc    ] E0
[T+2822217312us][CH1-Dispenser] E1
[T+2822217174us][CH2-Pc    ] E1
[T+2822392172us][CH2-Pc    ] F0
[T+2822400760us][CH1-Dispenser] F0 F8
[T+2822470172us][CH2-Pc    ] F1
[T+2822479179us][CH1-Dispenser] F1 F9
[T+2822549172us][CH2-Pc    ] E1
[T+2822553172us][CH1-Dispenser] E1 E9
[T+2822627172us][CH2-Pc    ] F0
[T+2822636172us][CH1-Dispenser] F0 F8
[T+2822705305us][CH1-Dispenser] E0
[T+2822705173us][CH2-Pc    ] E0
[T+2822879304us][CH1-Dispenser] E1
[T+2822879173us][CH2-Pc    ] E1
[T+2823057172us][CH2-Pc    ] F0
[T+2823063202us][CH1-Dispenser] F0 F8
[T+2823135205us][CH2-Pc    ] F1
[T+2823142172us][CH1-Dispenser] F1 F9
[T+2823213172us][CH2-Pc    ] E1
[T+2823221172us][CH1-Dispenser] E1 E9
[T+2823292172us][CH2-Pc    ] F0
[T+2823299172us][CH1-Dispenser] F0 F8
[T+2823370308us][CH1-Dispenser] E0
[T+2823370173us][CH2-Pc    ] E0
[T+2823555308us][CH1-Dispenser] E1
[T+2823555174us][CH2-Pc    ] E1
[T+2823719172us][CH2-Pc    ] F0
[T+2823728179us][CH1-Dispenser] F0 F8
[T+2823796172us][CH2-Pc    ] F1
[T+2823801172us][CH1-Dispenser] F1 F9
[T+2823873197us][CH2-Pc    ] E1
[T+2823879200us][CH1-Dispenser] E1 E9
[T+2823952173us][CH2-Pc    ] F0
[T+2823958202us][CH1-Dispenser] F0 F8
[T+2824030305us][CH1-Dispenser] E0
[T+2824030173us][CH2-Pc    ] E0
[T+2824207306us][CH1-Dispenser] E1
[T+2824207173us][CH2-Pc    ] E1
[T+2824382172us][CH2-Pc    ] F0
[T+2824387173us][CH1-Dispenser] F0 F8
[T+2824461172us][CH2-Pc    ] F1
[T+2824468778us][CH1-Dispenser] F1 F9
[T+2824539172us][CH2-Pc    ] E1
[T+2824544172us][CH1-Dispenser] E1 E9
[T+2824617172us][CH2-Pc    ] F0
[T+2824623200us][CH1-Dispenser] F0 F8
[T+2824695304us][CH1-Dispenser] E0
[T+2824695173us][CH2-Pc    ] E0
[T+2824859305us][CH1-Dispenser] E1
[T+2824859173us][CH2-Pc    ] E1
[T+2825034172us][CH2-Pc    ] F0
[T+2825038172us][CH1-Dispenser] F0 F8
[T+2825114172us][CH2-Pc    ] F1
[T+2825117173us][CH1-Dispenser] F1 F9
[T+2825181174us][CH2-Pc    ] E1
[T+2825191180us][CH1-Dispenser] E1 E9
[T+2825263172us][CH1-Dispenser] F0 F8
[T+2825259172us][CH2-Pc    ] F0
[T+2825337305us][CH1-Dispenser] E0
[T+2825337174us][CH2-Pc    ] E0
[T+2825523308us][CH1-Dispenser] E1
[T+2825523173us][CH2-Pc    ] E1
[T+2825687172us][CH2-Pc    ] F0
[T+2825695172us][CH1-Dispenser] F0 F8
[T+2825765172us][CH2-Pc    ] F1
[T+2825773172us][CH1-Dispenser] F1 F9
[T+2825843172us][CH2-Pc    ] E1
[T+2825849200us][CH1-Dispenser] E1 E9
[T+2825921198us][CH2-Pc    ] F0
[T+2825930179us][CH1-Dispenser] F0 F8
[T+2826000307us][CH1-Dispenser] E0
[T+2826000175us][CH2-Pc    ] E0
[T+2826174306us][CH1-Dispenser] E1
[T+2826174174us][CH2-Pc    ] E1
[T+2826352172us][CH2-Pc    ] F0
[T+2826358200us][CH1-Dispenser] F0 F8
[T+2826429172us][CH2-Pc    ] F1
[T+2826432172us][CH1-Dispenser] F1 F9
[T+2826496172us][CH2-Pc    ] E1
[T+2826504743us][CH1-Dispenser] E1 E9
[T+2826578172us][CH1-Dispenser] F0 F8
[T+2826575172us][CH2-Pc    ] F0
[T+2826653307us][CH1-Dispenser] E0
[T+2826653173us][CH2-Pc    ] E0
[T+2826828306us][CH1-Dispenser] E1
[T+2826828173us][CH2-Pc    ] E1
[T+2827002172us][CH2-Pc    ] F0
[T+2827007172us][CH1-Dispenser] F0 F8
[T+2827081172us][CH2-Pc    ] F1
[T+2827088172us][CH1-Dispenser] F1 F9
[T+2827159172us][CH2-Pc    ] E1
[T+2827166172us][CH1-Dispenser] E1 E9
[T+2827237172us][CH2-Pc    ] F0
[T+2827243201us][CH1-Dispenser] F0 F8
[T+2827315308us][CH1-Dispenser] E0
[T+2827315173us][CH2-Pc    ] E0
[T+2827490307us][CH1-Dispenser] E1
[T+2827490173us][CH2-Pc    ] E1
[T+2827665172us][CH2-Pc    ] F0
[T+2827674172us][CH1-Dispenser] F0 F8
[T+2827743172us][CH2-Pc    ] F1
[T+2827748172us][CH1-Dispenser] F1 F9
[T+2827821172us][CH2-Pc    ] E1
[T+2827829744us][CH1-Dispenser] E1 E9
[T+2827899172us][CH2-Pc    ] F0
[T+2827904172us][CH1-Dispenser] F0 F8
[T+2827977305us][CH1-Dispenser] E0
[T+2827977173us][CH2-Pc    ] E0
[T+2828141308us][CH1-Dispenser] E1
[T+2828141174us][CH2-Pc    ] E1
[T+2828320172us][CH2-Pc    ] F0
[T+2828328179us][CH1-Dispenser] F0 F8
[T+2828398172us][CH2-Pc    ] F1
[T+2828403172us][CH1-Dispenser] F1 F9
[T+2828476172us][CH2-Pc    ] E1
[T+2828485172us][CH1-Dispenser] E1 E9
[T+2828554172us][CH2-Pc    ] F0
[T+2828560208us][CH1-Dispenser] F0 F8
[T+2828632307us][CH1-Dispenser] E0
[T+2828632173us][CH2-Pc    ] E0
[T+2828796306us][CH1-Dispenser] E1
[T+2828796174us][CH2-Pc    ] E1
[T+2828971172us][CH2-Pc    ] F0
[T+2828978172us][CH1-Dispenser] F0 F8
[T+2829049172us][CH2-Pc    ] F1
[T+2829054172us][CH1-Dispenser] F1 F9
[T+2829127172us][CH2-Pc    ] E1
[T+2829133203us][CH1-Dispenser] E1 E9
[T+2829209172us][CH1-Dispenser] F0 F8
[T+2829205172us][CH2-Pc    ] F0
[T+2829273303us][CH1-Dispenser] E0
[T+2829273173us][CH2-Pc    ] E0
[T+2829437308us][CH1-Dispenser] E1
[T+2829437173us][CH2-Pc    ] E1
[T+2829612172us][CH2-Pc    ] F0
[T+2829618201us][CH1-Dispenser] F0 F8
[T+2829690204us][CH2-Pc    ] F1
[T+2829697172us][CH1-Dispenser] F1 F9
[T+2829768172us][CH2-Pc    ] E1
[T+2829777172us][CH1-Dispenser] E1 E9
[T+2829846172us][CH2-Pc    ] F0
[T+2829856179us][CH1-Dispenser] F0 F8
[T+2829924304us][CH1-Dispenser] E0
[T+2829924173us][CH2-Pc    ] E0
[T+2830099314us][CH1-Dispenser] E1
[T+2830099174us][CH2-Pc    ] E1
[T+2830274172us][CH2-Pc    ] F0
[T+2830279172us][CH1-Dispenser] F0 E8
[T+2830352172us][CH2-Pc    ] F1
[T+2830360766us][CH1-Dispenser] F1 F9
[T+2830430172us][CH2-Pc    ] E1
[T+2830434172us][CH1-Dispenser] E1 E9
[T+2830508172us][CH2-Pc    ] F0
[T+2830513172us][CH1-Dispenser] F0 F8
[T+2830586303us][CH1-Dispenser] E0
[T+2830586173us][CH2-Pc    ] E0
[T+2830750307us][CH1-Dispenser] E1
[T+2830750173us][CH2-Pc    ] E1
[T+2830925197us][CH2-Pc    ] F0
[T+2830935180us][CH1-Dispenser] F0 F8
[T+2831003172us][CH2-Pc    ] F1
[T+2831011172us][CH1-Dispenser] F1 F9
[T+2831081172us][CH2-Pc    ] E1
[T+2831090172us][CH1-Dispenser] E1 E9
[T+2831159172us][CH2-Pc    ] F0
[T+2831164172us][CH1-Dispenser] F0 F8
[T+2831238305us][CH1-Dispenser] E0
[T+2831238173us][CH2-Pc    ] E0
[T+2831413307us][CH1-Dispenser] E1
[T+2831413174us][CH2-Pc    ] E1
[T+2831576172us][CH2-Pc    ] F0
[T+2831584172us][CH1-Dispenser] F0 F8
[T+2831655172us][CH2-Pc    ] F1
[T+2831682172us][CH2-Pc    ] E1
[T+2831804172us][CH2-Pc    ] EF FA FF F8 E8 F8 FF EB EC
[T+2831836249us][CH1-Dispenser] F1 ED E1 ED EF FA FF F8 E8 F8 FF EB EC 37 F5 8D 24 F1 F1 22 F5 F4 2C 22
[T+2831914172us][CH1-Dispenser] E1 E9
[T+2831910175us][CH2-Pc    ] E1
[T+2831978172us][CH2-Pc    ] F0
[T+2831985172us][CH1-Dispenser] F0 F8
[T+2832056304us][CH1-Dispenser] E0
[T+2832056173us][CH2-Pc    ] E0
[T+2832241308us][CH1-Dispenser] E1
[T+2832241173us][CH2-Pc    ] E1
[T+2832406172us][CH2-Pc    ] F0
[T+2832413172us][CH1-Dispenser] F0 F8
[T+2832484172us][CH2-Pc    ] F1
[T+2832488172us][CH1-Dispenser] F1 ED
[T+2832511172us][CH2-Pc    ] E1
[T+2832633172us][CH2-Pc    ] EF FA FF F8 E8 F8 FF EB EC
[T+2832661172us][CH1-Dispenser] E1 ED EF FA FF F8 E8 F8 FF EB EC 77 F5 8D 24 F1 F1 12 E8 22 7C 22
[T+2832730172us][CH1-Dispenser] E1 E9
[T+2832726172us][CH2-Pc    ] E1
[T+2832804172us][CH2-Pc    ] F0
[T+2832809172us][CH1-Dispenser] F0 F8
[T+2832882307us][CH1-Dispenser] E0
[T+2832882174us][CH2-Pc    ] E0
[T+2833046304us][CH1-Dispenser] E1
[T+2833046173us][CH2-Pc    ] E1
[T+2833224172us][CH2-Pc    ] F0
[T+2833229172us][CH1-Dispenser] F0 F8
[T+2833302172us][CH2-Pc    ] F1
[T+2833308200us][CH1-Dispenser] F1 ED
[T+2833329172us][CH2-Pc    ] E1
[T+2833451172us][CH2-Pc    ] EF FA FF F8 E8 F8 FF EB EC
[T+2833481197us][CH1-Dispenser] E1 ED EF FA FF F8 E8 F8 FF EB EC 37 AB 8D 24 F1 34 F5 F4 F4 2C 22
[T+2833551172us][CH2-Pc    ] E1
[T+2833561179us][CH1-Dispenser] E1 E9
[T+2833650178us][CH2-Pc    ] F0
[T+2833656203us][CH1-Dispenser] F0 F8
[T+2833728305us][CH1-Dispenser] E0
[T+2833728174us][CH2-Pc    ] E0
[T+2833913307us][CH1-Dispenser] E1
[T+2833913173us][CH2-Pc    ] E1
[T+2834078172us][CH2-Pc    ] F0
[T+2834083172us][CH1-Dispenser] F0 F8
[T+2834156172us][CH2-Pc    ] F1
[T+2834183172us][CH2-Pc    ] E1
[T+2834305196us][CH2-Pc    ] EF FA FF F8 E8 F8 FF EB EC
[T+2834357172us][CH2-Pc    ] E1
[T+2834402309us][CH1-Dispenser] F1 ED E1 ED EF FA FF F8 E8 F8 FF EB EC 37 AB 8D 24 A3 A3 12 68 F4 2C 22 E1 ED EF F8 FC
[T+2834402173us][CH2-Pc    ] EF F8 FC
[T+2834542306us][CH1-Dispenser] ED F8 FD F8 F9 E8 E8 FF EB EC
[T+2834542173us][CH2-Pc    ] ED F8 FD F8 F9 E8 E8 FF EB EC
[T+2834632196us][CH2-Pc    ] F1
[T+2834638202us][CH1-Dispenser] F1 ED
[T+2834659172us][CH2-Pc    ] E1
[T+2834710305us][CH1-Dispenser] E1 ED EF F8 FD
[T+2834710173us][CH2-Pc    ] EF F8 FD
[T+2834733304us][CH1-Dispenser] FE
[T+2834733173us][CH2-Pc    ] FE
[T+2834857305us][CH1-Dispenser] F8 F8 F8 F8 F8 F8 FF E9 EC
[T+2834857173us][CH2-Pc    ] F8 F8 F8 F8 F8 F8 FF E9 EC
[T+2834946172us][CH2-Pc    ] F1
[T+2834973172us][CH1-Dispenser] F1 ED E5
[T+2834974172us][CH2-Pc    ] E5
[T+2835061172us][CH2-Pc    ] F1
[T+2835069172us][CH1-Dispenser] F1 F5
[T+2835139172us][CH2-Pc    ] E1
[T+2835146172us][CH1-Dispenser] E1 E9
[T+2835217172us][CH2-Pc    ] F0
[T+2835225179us][CH1-Dispenser] F0 F8
[T+2835295305us][CH1-Dispenser] E0
[T+2835295173us][CH2-Pc    ] E0
[T+2835470307us][CH1-Dispenser] E1
[T+2835470173us][CH2-Pc    ] E1
[T+2835645172us][CH2-Pc    ] F0
[T+2835651200us][CH1-Dispenser] F0 F8
[T+2835723196us][CH2-Pc    ] F1
[T+2835730172us][CH1-Dispenser] F1 F5
[T+2836301172us][CH2-Pc    ] E1
[T+2836310179us][CH1-Dispenser] E1 E9
[T+2836381172us][CH2-Pc    ] F0
[T+2836386173us][CH1-Dispenser] F0 F8
[T+2836459305us][CH1-Dispenser] E0
[T+2836459173us][CH2-Pc    ] E0
[T+2836623308us][CH1-Dispenser] E1
[T+2836623173us][CH2-Pc    ] E1
[T+2836798172us][CH2-Pc    ] F0
[T+2836804200us][CH1-Dispenser] F0 E8
[T+2836878172us][CH2-Pc    ] F1
[T+2836904172us][CH2-Pc    ] F9
[T+2836914179us][CH1-Dispenser] F1 F5 F9 38 38 38
[T+2836983172us][CH2-Pc    ] E1
[T+2836989200us][CH1-Dispenser] E1 E9
[T+2837061173us][CH2-Pc    ] F0
[T+2837065172us][CH1-Dispenser] F0 F8
[T+2837139305us][CH1-Dispenser] E0
[T+2837139173us][CH2-Pc    ] E0
[T+2837314306us][CH1-Dispenser] E1
[T+2837314173us][CH2-Pc    ] E1
[T+2837489172us][CH2-Pc    ] F0
[T+2837494172us][CH1-Dispenser] F0 F8
[T+2837568172us][CH2-Pc    ] F1
[T+2837574209us][CH1-Dispenser] F1 F5
[T+2837595176us][CH2-Pc    ] F9
[T+2837605726us][CH1-Dispenser] F9 38 38 38
[T+2837674175us][CH2-Pc    ] E1
[T+2837680202us][CH1-Dispenser] E1 E9
[T+2837752196us][CH2-Pc    ] F0
[T+2837762179us][CH1-Dispenser] F0 F8
[T+2837830306us][CH1-Dispenser] E0
[T+2837830173us][CH2-Pc    ] E0
[T+2838006307us][CH1-Dispenser] E1
[T+2838006174us][CH2-Pc    ] E1
[T+2838170172us][CH2-Pc    ] F0
[T+2838180172us][CH1-Dispenser] F0 F8
[T+2838248172us][CH2-Pc    ] F1
[T+2838254202us][CH1-Dispenser] F1 F5
[T+2838277172us][CH2-Pc    ] F9
[T+2838290172us][CH1-Dispenser] F9 38 38 38
[T+2838355172us][CH2-Pc    ] E1
[T+2838359172us][CH1-Dispenser] E1 E9
[T+2838433172us][CH2-Pc    ] F0
[T+2838440172us][CH1-Dispenser] F0 E8
[T+2838511308us][CH1-Dispenser] E0
[T+2838511173us][CH2-Pc    ] E0
[T+2838687307us][CH1-Dispenser] E1
[T+2838687173us][CH2-Pc    ] E1
[T+2838861196us][CH2-Pc    ] F0
[T+2838869172us][CH1-Dispenser] F0 F8
[T+2838940172us][CH2-Pc    ] F1
[T+2838944172us][CH1-Dispenser] F1 F5
[T+2838967172us][CH2-Pc    ] F9
[T+2838981172us][CH1-Dispenser] F9 6A 87 38 F8
[T+2839045172us][CH2-Pc    ] E1
[T+2839049172us][CH1-Dispenser] E1 E9
[T+2839113172us][CH2-Pc    ] F0
[T+2839121172us][CH1-Dispenser] F0 F8
[T+2839191305us][CH1-Dispenser] E0
[T+2839191173us][CH2-Pc    ] E0
[T+2839366308us][CH1-Dispenser] E1
[T+2839366173us][CH2-Pc    ] E1
[T+2839531172us][CH2-Pc    ] F0
[T+2839541179us][CH1-Dispenser] F0 F8
[T+2839626172us][CH2-Pc    ] F1 F9
[T+2839643313us][CH1-Dispenser] F1 F5 F9 7A 39 38
[T+2839716172us][CH2-Pc    ] E1
[T+2839721172us][CH1-Dispenser] E1 E9
[T+2839794172us][CH2-Pc    ] F0
[T+2839800202us][CH1-Dispenser] F0 F8
[T+2839872307us][CH1-Dispenser] E0
[T+2839872174us][CH2-Pc    ] E0
[T+2840048308us][CH1-Dispenser] E1
[T+2840048173us][CH2-Pc    ] E1
[T+2840223172us][CH2-Pc    ] F0
[T+2840228172us][CH1-Dispenser] F0 F8
[T+2840303172us][CH2-Pc    ] F1
[T+2840308172us][CH1-Dispenser] F1 F5
[T+2840334172us][CH2-Pc    ] F9
[T+2840346213us][CH1-Dispenser] F9 78 74 38
[T+2840414172us][CH2-Pc    ] E1
[T+2840420201us][CH1-Dispenser] E1 E9
[T+2840492198us][CH2-Pc    ] F0
[T+2840499172us][CH1-Dispenser] F0 F8
[T+2840570305us][CH1-Dispenser] E0
[T+2840570173us][CH2-Pc    ] E0
[T+2840734306us][CH1-Dispenser] E1
[T+2840734173us][CH2-Pc    ] E1
[T+2840910172us][CH2-Pc    ] F0
[T+2840919172us][CH1-Dispenser] F0 F8
[T+2840988172us][CH2-Pc    ] F1
[T+2840995172us][CH1-Dispenser] F1 F5
[T+2841021172us][CH2-Pc    ] F9
[T+2841035172us][CH1-Dispenser] F9 28 3A 38
[T+2841109172us][CH2-Pc    ] E1
[T+2841116738us][CH1-Dispenser] E1 E9
[T+2841188196us][CH2-Pc    ] F0
[T+2841195172us][CH1-Dispenser] F0 F8
[T+2841267306us][CH1-Dispenser] E0
[T+2841267174us][CH2-Pc    ] E0
[T+2841443306us][CH1-Dispenser] E1
[T+2841443173us][CH2-Pc    ] E1
[T+2841618172us][CH2-Pc    ] F0
[T+2841624203us][CH1-Dispenser] F0 F8
[T+2841695172us][CH2-Pc    ] F1
[T+2841723172us][CH2-Pc    ] F9
[T+2841735213us][CH1-Dispenser] F1 F5 F9 A9 72 70
[T+2841802172us][CH2-Pc    ] E1
[T+2841809172us][CH1-Dispenser] E1 E9
[T+2841881172us][CH2-Pc    ] F0
[T+2841885172us][CH1-Dispenser] F0 F8
[T+2841959307us][CH1-Dispenser] E0
[T+2841959173us][CH2-Pc    ] E0
[T+2842124307us][CH1-Dispenser] E1
[T+2842124173us][CH2-Pc    ] E1
[T+2842300172us][CH2-Pc    ] F0
[T+2842304172us][CH1-Dispenser] F0 F8
[T+2842390172us][CH2-Pc    ] F1
[T+2842395174us][CH1-Dispenser] F1 F5
[T+2842447172us][CH2-Pc    ] F9
[T+2842460598us][CH1-Dispenser] F9 3A 76 E1
[T+2842526173us][CH2-Pc    ] E1
[T+2842530172us][CH1-Dispenser] E1 E9
[T+2842603172us][CH2-Pc    ] F0
[T+2842609202us][CH1-Dispenser] F0 F8
[T+2842681307us][CH1-Dispenser] E0
[T+2842681173us][CH2-Pc    ] E0
[T+2842867307us][CH1-Dispenser] E1
[T+2842867173us][CH2-Pc    ] E1
[T+2843031172us][CH2-Pc    ] F0
[T+2843038779us][CH1-Dispenser] F0 F8
[T+2843108172us][CH2-Pc    ] F1
[T+2843114202us][CH1-Dispenser] F1 F5
[T+2843136172us][CH2-Pc    ] F9
[T+2843150172us][CH1-Dispenser] F9 EA 28 71
[T+2843225172us][CH2-Pc    ] E1
[T+2843229172us][CH1-Dispenser] E1 E9
[T+2843304175us][CH2-Pc    ] F0
[T+2843312179us][CH1-Dispenser] F0 F8
[T+2843382307us][CH1-Dispenser] E0
[T+2843382173us][CH2-Pc    ] E0
[T+2843546306us][CH1-Dispenser] E1
[T+2843546173us][CH2-Pc    ] E1
[T+2843721172us][CH2-Pc    ] F0
[T+2843731172us][CH1-Dispenser] F0 F8
[T+2843799190us][CH2-Pc    ] F1
[T+2843805173us][CH1-Dispenser] F1 F5
[T+2843826172us][CH2-Pc    ] F9
[T+2843839172us][CH1-Dispenser] F9 7A B8 70
[T+2843906172us][CH2-Pc    ] E1
[T+2843910172us][CH1-Dispenser] E1 E9
[T+2843984173us][CH2-Pc    ] F0
[T+2843990200us][CH1-Dispenser] F0 F8
[T+2844063308us][CH1-Dispenser] E0
[T+2844063173us][CH2-Pc    ] E0
[T+2844237307us][CH1-Dispenser] E1
[T+2844237174us][CH2-Pc    ] E1
[T+2844412172us][CH2-Pc    ] F0
[T+2844420172us][CH1-Dispenser] F0 F8
[T+2844491172us][CH2-Pc    ] F1
[T+2844518172us][CH2-Pc    ] F9
[T+2844532172us][CH1-Dispenser] F1 F5 F9 38 BA 70
[T+2844598196us][CH2-Pc    ] E1
[T+2844606733us][CH1-Dispenser] E1 E9
[T+2844676172us][CH2-Pc    ] F0
[T+2844680173us][CH1-Dispenser] F0 F8
[T+2844754306us][CH1-Dispenser] E0
[T+2844754173us][CH2-Pc    ] E0
[T+2844930309us][CH1-Dispenser] E1
[T+2844930173us][CH2-Pc    ] E1
[T+2845095172us][CH2-Pc    ] F0
[T+2845099172us][CH1-Dispenser] F0 F8
[T+2845173172us][CH2-Pc    ] F1
[T+2845179200us][CH1-Dispenser] F1 F5
[T+2845200172us][CH2-Pc    ] F9
[T+2845210769us][CH1-Dispenser] F9 A9 31 38
[T+2845279172us][CH2-Pc    ] E1
[T+2845285202us][CH1-Dispenser] E1 E9
[T+2845357204us][CH2-Pc    ] F0
[T+2845366179us][CH1-Dispenser] F0 F8
[T+2845436308us][CH1-Dispenser] E0
[T+2845436173us][CH2-Pc    ] E0
[T+2845611312us][CH1-Dispenser] E1
[T+2845611173us][CH2-Pc    ] E1
[T+2845786172us][CH2-Pc    ] F0
[T+2845794172us][CH1-Dispenser] F0 F8
[T+2845866205us][CH2-Pc    ] F1
[T+2845893172us][CH2-Pc    ] F9
[T+2845906172us][CH1-Dispenser] F1 F5 F9 A8 70 38
[T+2845972197us][CH2-Pc    ] E1
[T+2845981179us][CH1-Dispenser] E1 E9
[T+2846050172us][CH2-Pc    ] F0
[T+2846054172us][CH1-Dispenser] F0 F8
[T+2846128308us][CH1-Dispenser] E0
[T+2846128174us][CH2-Pc    ] E0
[T+2846304308us][CH1-Dispenser] E1
[T+2846304174us][CH2-Pc    ] E1
[T+2846468172us][CH2-Pc    ] F0
[T+2846474216us][CH1-Dispenser] F0 F8
[T+2846546196us][CH2-Pc    ] F1
[T+2846573172us][CH2-Pc    ] F9
[T+2846586172us][CH1-Dispenser] F1 F5 F9 BA 39 70
[T+2846654172us][CH2-Pc    ] E1
[T+2846660200us][CH1-Dispenser] E1 E9
[T+2846732196us][CH2-Pc    ] F0
[T+2846739172us][CH1-Dispenser] F0 E8
[T+2846810305us][CH1-Dispenser] E0
[T+2846810173us][CH2-Pc    ] E0
[T+2846998309us][CH1-Dispenser] E1
[T+2846998173us][CH2-Pc    ] E1
[T+2847174172us][CH2-Pc    ] F0
[T+2847179172us][CH1-Dispenser] F0 F8
[T+2847253172us][CH2-Pc    ] F1
[T+2847260172us][CH1-Dispenser] F1 F5
[T+2847281172us][CH2-Pc    ] F9
[T+2847295172us][CH1-Dispenser] F9 28 39 0B F8
[T+2847360172us][CH2-Pc    ] E1
[T+2847365172us][CH1-Dispenser] E1 E9
[T+2847439172us][CH2-Pc    ] F0
[T+2847445202us][CH1-Dispenser] F0 F8
[T+2847517306us][CH1-Dispenser] E0
[T+2847517174us][CH2-Pc    ] E0
[T+2847691307us][CH1-Dispenser] E1
[T+2847691173us][CH2-Pc    ] E1
[T+2847866172us][CH2-Pc    ] F0
[T+2847873763us][CH1-Dispenser] F0 F8
[T+2847969197us][CH2-Pc    ] F1
[T+2847976172us][CH1-Dispenser] F1 F5
[T+2847997172us][CH2-Pc    ] F9
[T+2848010172us][CH1-Dispenser] F9 28 72 87 F8
[T+2848075172us][CH2-Pc    ] E1
[T+2848080172us][CH1-Dispenser] E1 E9
[T+2848153172us][CH2-Pc    ] F0
[T+2848161770us][CH1-Dispenser] F0 F8
[T+2848231305us][CH1-Dispenser] E0
[T+2848231173us][CH2-Pc    ] E0
[T+2848406304us][CH1-Dispenser] E1
[T+2848406173us][CH2-Pc    ] E1
[T+2848583172us][CH2-Pc    ] F0
[T+2848589202us][CH1-Dispenser] F0 F8
[T+2848661196us][CH2-Pc    ] F1
[T+2848683172us][CH2-Pc    ] F9
[T+2848696172us][CH1-Dispenser] F1 F5 F9 2A EA 38
[T+2848762196us][CH2-Pc    ] E1
[T+2848768201us][CH1-Dispenser] E1 E9
[T+2848840175us][CH2-Pc    ] F0
[T+2848845174us][CH1-Dispenser] F0 F8
[T+2848919305us][CH1-Dispenser] E0
[T+2848919173us][CH2-Pc    ] E0
[T+2849098305us][CH1-Dispenser] E1
[T+2849098173us][CH2-Pc    ] E1
[T+2849273172us][CH2-Pc    ] F0
[T+2849280172us][CH1-Dispenser] F0 F8
[T+2849352202us][CH2-Pc    ] F1
[T+2849379172us][CH2-Pc    ] F9
[T+2849390180us][CH1-Dispenser] F1 F5 F9 39 72 87 F8
[T+2849461172us][CH2-Pc    ] E1
[T+2849466172us][CH1-Dispenser] E1 E9
[T+2849539172us][CH2-Pc    ] F0
[T+2849546172us][CH1-Dispenser] F0 F8
[T+2849617309us][CH1-Dispenser] E0
[T+2849617174us][CH2-Pc    ] E0
[T+2849782306us][CH1-Dispenser] E1
[T+2849782173us][CH2-Pc    ] E1
[T+2849958172us][CH2-Pc    ] F0
[T+2849965172us][CH1-Dispenser] F0 F8
[T+2850036172us][CH2-Pc    ] F1
[T+2850063172us][CH2-Pc    ] F9
[T+2850075213us][CH1-Dispenser] F1 F5 F9 68 A9 38
[T+2850150172us][CH1-Dispenser] E1 E9
[T+2850146172us][CH2-Pc    ] E1
[T+2850225172us][CH2-Pc    ] F0
[T+2850229172us][CH1-Dispenser] F0 F8
[T+2850303308us][CH1-Dispenser] E0
[T+2850303173us][CH2-Pc    ] E0
[T+2850467307us][CH1-Dispenser] E1
[T+2850467174us][CH2-Pc    ] E1
[T+2850642172us][CH2-Pc    ] F0
[T+2850650172us][CH1-Dispenser] F0 F8
[T+2850721172us][CH2-Pc    ] F1
[T+2850724172us][CH1-Dispenser] F1 F5
[T+2850748196us][CH2-Pc    ] F9
[T+2850761172us][CH1-Dispenser] F9 38 A9 70
[T+2850827197us][CH2-Pc    ] E1
[T+2850835908us][CH1-Dispenser] E1 E9
[T+2850905172us][CH2-Pc    ] F0
[T+2850910172us][CH1-Dispenser] F0 F8
[T+2850984304us][CH1-Dispenser] E0
[T+2850984173us][CH2-Pc    ] E0
[T+2851160308us][CH1-Dispenser] E1
[T+2851160174us][CH2-Pc    ] E1
[T+2851327172us][CH2-Pc    ] F0
[T+2851334781us][CH1-Dispenser] F0 F8
[T+2851405172us][CH2-Pc    ] F1
[T+2851410172us][CH1-Dispenser] F1 F5
[T+2851432172us][CH2-Pc    ] F9
[T+2851446172us][CH1-Dispenser] F9 B9 A9 38
[T+2851512173us][CH2-Pc    ] E1
[T+2851516172us][CH1-Dispenser] E1 E9
[T+2851590172us][CH2-Pc    ] F0
[T+2851595172us][CH1-Dispenser] F0 F8
[T+2851668307us][CH1-Dispenser] E0
[T+2851668173us][CH2-Pc    ] E0
[T+2851844307us][CH1-Dispenser] E1
[T+2851844173us][CH2-Pc    ] E1
[T+2852019191us][CH2-Pc    ] F0
[T+2852025173us][CH1-Dispenser] F0 F8
[T+2852097196us][CH2-Pc    ] F1
[T+2852124172us][CH2-Pc    ] F9
[T+2852135179us][CH1-Dispenser] F1 F5 F9 6A 29 71
[T+2852206172us][CH1-Dispenser] E1 E9
[T+2852202172us][CH2-Pc    ] E1
[T+2852280172us][CH2-Pc    ] F0
[T+2852285172us][CH1-Dispenser] F0 F8
[T+2852359307us][CH1-Dispenser] E0
[T+2852359173us][CH2-Pc    ] E0
[T+2852534304us][CH1-Dispenser] E1
[T+2852534173us][CH2-Pc    ] E1
[T+2852713172us][CH1-Dispenser] F0 F8
[T+2852711172us][CH2-Pc    ] F0
[T+2852778177us][CH2-Pc    ] F1
[T+2852784202us][CH1-Dispenser] F1 F5
[T+2852807172us][CH2-Pc    ] F9
[T+2852822172us][CH1-Dispenser] F9 BA 29 71
[T+2852900172us][CH1-Dispenser] E1 E9
[T+2852897172us][CH2-Pc    ] E1
[T+2852964172us][CH2-Pc    ] F0
[T+2852970200us][CH1-Dispenser] F0 F8
[T+2853042305us][CH1-Dispenser] E0
[T+2853042173us][CH2-Pc    ] E0
[T+2853217306us][CH1-Dispenser] E1
[T+2853217173us][CH2-Pc    ] E1
[T+2853391197us][CH2-Pc    ] F0
[T+2853399172us][CH1-Dispenser] F0 F8
[T+2853470172us][CH2-Pc    ] F1
[T+2853474172us][CH1-Dispenser] F1 F5
[T+2853497175us][CH2-Pc    ] F9
[T+2853511172us][CH1-Dispenser] F9 79 F2 C7 F8
[T+2853575172us][CH2-Pc    ] E1
[T+2853581201us][CH1-Dispenser] E1 E9
[T+2853653198us][CH2-Pc    ] F0
[T+2853662172us][CH1-Dispenser] F0 F8
[T+2853731304us][CH1-Dispenser] E0
[T+2853731173us][CH2-Pc    ] E0
[T+2853910303us][CH1-Dispenser] E1
[T+2853910173us][CH2-Pc    ] E1
[T+2854086172us][CH2-Pc    ] F0
[T+2854095179us][CH1-Dispenser] F0 FE
[T+2854166172us][CH2-Pc    ] F1
[T+2854171172us][CH1-Dispenser] F1 F5
[T+2854197172us][CH2-Pc    ] F9
[T+2854211172us][CH1-Dispenser] F9 B8 76 C7 F8
[T+2854285172us][CH2-Pc    ] E1
[T+2854291200us][CH1-Dispenser] E1 E9
[T+2854363200us][CH2-Pc    ] F0
[T+2854372819us][CH1-Dispenser] F0 F8
[T+2854441304us][CH1-Dispenser] E0
[T+2854441173us][CH2-Pc    ] E0
[T+2854617305us][CH1-Dispenser] E1
[T+2854617173us][CH2-Pc    ] E1
[T+2854780172us][CH2-Pc    ] F0
[T+2854786200us][CH1-Dispenser] F0 F8
[T+2854859172us][CH2-Pc    ] F1
[T+2854865202us][CH1-Dispenser] F1 F5
[T+2854887172us][CH2-Pc    ] F9
[T+2854901176us][CH1-Dispenser] F9 39 29 28
[T+2854975172us][CH2-Pc    ] E1
[T+2854983172us][CH1-Dispenser] E1 E9
[T+2855055172us][CH2-Pc    ] F0
[T+2855060172us][CH1-Dispenser] F0 F8
[T+2855133309us][CH1-Dispenser] E0
[T+2855133174us][CH2-Pc    ] E0
[T+2855298305us][CH1-Dispenser] E1
[T+2855298173us][CH2-Pc    ] E1
[T+2855472197us][CH2-Pc    ] F0
[T+2855480172us][CH1-Dispenser] F0 F8
[T+2855551172us][CH2-Pc    ] F1
[T+2855556172us][CH1-Dispenser] F1 F5
[T+2855578172us][CH2-Pc    ] F9
[T+2855592173us][CH1-Dispenser] F9 69 29 28
[T+2855668172us][CH2-Pc    ] E1
[T+2855677172us][CH1-Dispenser] E1 E9
[T+2855747172us][CH2-Pc    ] F0
[T+2855752172us][CH1-Dispenser] F0 F8
[T+2855825304us][CH1-Dispenser] E0
[T+2855825173us][CH2-Pc    ] E0
[T+2856000309us][CH1-Dispenser] E1
[T+2856000175us][CH2-Pc    ] E1
[T+2856175172us][CH2-Pc    ] F0
[T+2856180172us][CH1-Dispenser] F0 F8
[T+2856259172us][CH2-Pc    ] F1
[T+2856264172us][CH1-Dispenser] F1 F5
[T+2856286177us][CH2-Pc    ] F9
[T+2856299172us][CH1-Dispenser] F9 B9 F7 70
[T+2856364172us][CH2-Pc    ] E1
[T+2856370202us][CH1-Dispenser] E1 E9
[T+2856442172us][CH2-Pc    ] F0
[T+2856446172us][CH1-Dispenser] F0 F8
[T+2856520307us][CH1-Dispenser] E0
[T+2856520174us][CH2-Pc    ] E0
[T+2856702306us][CH1-Dispenser] E1
[T+2856702173us][CH2-Pc    ] E1
[T+2856879172us][CH1-Dispenser] F0 F8
[T+2856876172us][CH2-Pc    ] F0
[T+2856954172us][CH2-Pc    ] F1
[T+2856959172us][CH1-Dispenser] F1 F5
[T+2856989196us][CH2-Pc    ] F9
[T+2857003172us][CH1-Dispenser] F9 A9 39 F0
[T+2857080173us][CH1-Dispenser] E1 E9
[T+2857077172us][CH2-Pc    ] E1
[T+2857144172us][CH2-Pc    ] F0
[T+2857150202us][CH1-Dispenser] F0 F8
[T+2857222308us][CH1-Dispenser] E0
[T+2857222173us][CH2-Pc    ] E0
[T+2857397308us][CH1-Dispenser] E1
[T+2857397173us][CH2-Pc    ] E1
[T+2857563172us][CH2-Pc    ] F0
[T+2857572825us][CH1-Dispenser] F0 F8
[T+2857641195us][CH2-Pc    ] F1
[T+2857646175us][CH1-Dispenser] F1 F5
[T+2857669172us][CH2-Pc    ] F9
[T+2857680179us][CH1-Dispenser] F9 38 77 33
[T+2857748172us][CH2-Pc    ] E1
[T+2857756172us][CH1-Dispenser] E1 E9
[T+2857826172us][CH2-Pc    ] F0
[T+2857831172us][CH1-Dispenser] F0 F8
[T+2857904304us][CH1-Dispenser] E0
[T+2857904173us][CH2-Pc    ] E0
[T+2858080305us][CH1-Dispenser] E1
[T+2858080173us][CH2-Pc    ] E1
[T+2858255172us][CH2-Pc    ] F0
[T+2858261203us][CH1-Dispenser] F0 F8
[T+2858333196us][CH2-Pc    ] F1
[T+2858360172us][CH2-Pc    ] F9
[T+2858371734us][CH1-Dispenser] F1 F5 F9 69 28 33
[T+2858440172us][CH2-Pc    ] E1
[T+2858446200us][CH1-Dispenser] E1 E9
[T+2858518196us][CH2-Pc    ] F0
[T+2858525172us][CH1-Dispenser] F0 E8
[T+2858597307us][CH1-Dispenser] E0
[T+2858597173us][CH2-Pc    ] E0
[T+2858771311us][CH1-Dispenser] E1
[T+2858771173us][CH2-Pc    ] E1
[T+2858942172us][CH2-Pc    ] F0
[T+2858951269us][CH1-Dispenser] F0 F8
[T+2859021172us][CH2-Pc    ] F1
[T+2859025172us][CH1-Dispenser] F1 F5
[T+2859048172us][CH2-Pc    ] F9
[T+2859060213us][CH1-Dispenser] F9 E9 B9 28
[T+2859127172us][CH2-Pc    ] E1
[T+2859133200us][CH1-Dispenser] E1 E9
[T+2859205197us][CH2-Pc    ] F0
[T+2859213816us][CH1-Dispenser] F0 F8
[T+2859284311us][CH1-Dispenser] E0
[T+2859284175us][CH2-Pc    ] E0
[T+2859459308us][CH1-Dispenser] E1
[T+2859459173us][CH2-Pc    ] E1
[T+2859623172us][CH2-Pc    ] F0
[T+2859630172us][CH1-Dispenser] F0 F8
[T+2859702197us][CH2-Pc    ] F1
[T+2859729172us][CH2-Pc    ] F9
[T+2859743172us][CH1-Dispenser] F1 F5 F9 68 6A 28
[T+2859819172us][CH2-Pc    ] E1
[T+2859826172us][CH1-Dispenser] E1 E9
[T+2859897172us][CH2-Pc    ] F0
[T+2859902172us][CH1-Dispenser] F0 F8
[T+2859975304us][CH1-Dispenser] E0
[T+2859975173us][CH2-Pc    ] E0
[T+2860140306us][CH1-Dispenser] E1
[T+2860140174us][CH2-Pc    ] E1
[T+2860320196us][CH2-Pc    ] F0
[T+2860326200us][CH1-Dispenser] F0 F8
[T+2860398196us][CH2-Pc    ] F1
[T+2860425172us][CH2-Pc    ] F9
[T+2860436779us][CH1-Dispenser] F1 F5 F9 38 77 9B F8
[T+2860505172us][CH2-Pc    ] E1
[T+2860513825us][CH1-Dispenser] E1 E9
[T+2860583172us][CH2-Pc    ] F0
[T+2860588173us][CH1-Dispenser] F0 F8
[T+2860662308us][CH1-Dispenser] E0
[T+2860662173us][CH2-Pc    ] E0
[T+2860827308us][CH1-Dispenser] E1
[T+2860827174us][CH2-Pc    ] E1
[T+2861003172us][CH2-Pc    ] F0
[T+2861011172us][CH1-Dispenser] F0 F8
[T+2861081172us][CH2-Pc    ] F1
[T+2861087202us][CH1-Dispenser] F1 F5
[T+2861108172us][CH2-Pc    ] F9
[T+2861121172us][CH1-Dispenser] F9 AA 39 9B F8
[T+2861188172us][CH2-Pc    ] E1
[T+2861197172us][CH1-Dispenser] E1 E9
[T+2861266172us][CH2-Pc    ] F0
[T+2861271172us][CH1-Dispenser] F0 F8
[T+2861344307us][CH1-Dispenser] E0
[T+2861344173us][CH2-Pc    ] E0
[T+2861520305us][CH1-Dispenser] E1
[T+2861520174us][CH2-Pc    ] E1
[T+2861687172us][CH2-Pc    ] F0
[T+2861696172us][CH1-Dispenser] F0 F8
[T+2861765172us][CH2-Pc    ] F1
[T+2861793172us][CH2-Pc    ] F9
[T+2861808172us][CH1-Dispenser] F1 F5 F9 68 6E 28
[T+2861883172us][CH2-Pc    ] E1
[T+2861893179us][CH1-Dispenser] E1 E9
[T+2861962172us][CH2-Pc    ] F0
[T+2861968201us][CH1-Dispenser] F0 F8
[T+2862041304us][CH1-Dispenser] E0
[T+2862041173us][CH2-Pc    ] E0
[T+2862217305us][CH1-Dispenser] E1
[T+2862217173us][CH2-Pc    ] E1
[T+2862394172us][CH2-Pc    ] F0
[T+2862400200us][CH1-Dispenser] F0 F8
[T+2862472197us][CH2-Pc    ] F1
[T+2862500172us][CH2-Pc    ] F9
[T+2862512213us][CH1-Dispenser] F1 F5 F9 28 2A 28
[T+2862578197us][CH2-Pc    ] E1
[T+2862587179us][CH1-Dispenser] E1 E9
[T+2862660174us][CH1-Dispenser] F0 F8
[T+2862657172us][CH2-Pc    ] F0
[T+2862735305us][CH1-Dispenser] E0
[T+2862735173us][CH2-Pc    ] E0
[T+2862918304us][CH1-Dispenser] E1
[T+2862918173us][CH2-Pc    ] E1
[T+2863093172us][CH2-Pc    ] F0
[T+2863099200us][CH1-Dispenser] F0 F8
[T+2863172172us][CH2-Pc    ] F1
[T+2863175172us][CH1-Dispenser] F1 F5
[T+2863199196us][CH2-Pc    ] F9
[T+2863211213us][CH1-Dispenser] F9 A9 B9 28
[T+2863303172us][CH2-Pc    ] E1
[T+2863311172us][CH1-Dispenser] E1 E9
[T+2863382172us][CH2-Pc    ] F0
[T+2863386173us][CH1-Dispenser] F0 F8
[T+2863460307us][CH1-Dispenser] E0
[T+2863460173us][CH2-Pc    ] E0
[T+2863624309us][CH1-Dispenser] E1
[T+2863624174us][CH2-Pc    ] E1
[T+2863802172us][CH2-Pc    ] F0
[T+2863806172us][CH1-Dispenser] F0 F8
[T+2863880172us][CH2-Pc    ] F1
[T+2863907172us][CH2-Pc    ] F9
[T+2863917179us][CH1-Dispenser] F1 F5 F9 29 39 9F F8
[T+2863987172us][CH2-Pc    ] E1
[T+2863992175us][CH1-Dispenser] E1 E9
[T+2864065172us][CH2-Pc    ] F0
[T+2864071202us][CH1-Dispenser] F0 F8
[T+2864143306us][CH1-Dispenser] E0
[T+2864143173us][CH2-Pc    ] E0
[T+2864318306us][CH1-Dispenser] E1
[T+2864318173us][CH2-Pc    ] E1
[T+2864487172us][CH2-Pc    ] F0
[T+2864495812us][CH1-Dispenser] F0 F8
[T+2864565172us][CH2-Pc    ] F1
[T+2864571201us][CH1-Dispenser] F1 F5
[T+2864593176us][CH2-Pc    ] F9
[T+2864607176us][CH1-Dispenser] F9 B9 F7 83 F8
[T+2864671172us][CH2-Pc    ] E1
[T+2864677200us][CH1-Dispenser] E1 E9
[T+2864750172us][CH2-Pc    ] F0
[T+2864756200us][CH1-Dispenser] F0 F8
[T+2864828305us][CH1-Dispenser] E0
[T+2864828173us][CH2-Pc    ] E0
[T+2865004317us][CH1-Dispenser] E1
[T+2865004178us][CH2-Pc    ] E1
[T+2865179172us][CH2-Pc    ] F0
[T+2865188179us][CH1-Dispenser] F0 F8
[T+2865257172us][CH2-Pc    ] F1
[T+2865285172us][CH2-Pc    ] F9
[T+2865298172us][CH1-Dispenser] F1 F5 F9 2A 70 83 F8
[T+2865364199us][CH2-Pc    ] E1
[T+2865371802us][CH1-Dispenser] E1 E9
[T+2865452172us][CH2-Pc    ] F0
[T+2865457172us][CH1-Dispenser] F0 F8
[T+2865530311us][CH1-Dispenser] E0
[T+2865530174us][CH2-Pc    ] E0
[T+2865706306us][CH1-Dispenser] E1
[T+2865706173us][CH2-Pc    ] E1
[T+2865880194us][CH2-Pc    ] F0
[T+2865886174us][CH1-Dispenser] F0 F8
[T+2865959172us][CH2-Pc    ] F1
[T+2865986172us][CH2-Pc    ] F9
[T+2865998213us][CH1-Dispenser] F1 F5 F9 39 39 70
[T+2866064196us][CH2-Pc    ] E1
[T+2866071172us][CH1-Dispenser] E1 E9
[T+2866142173us][CH2-Pc    ] F0
[T+2866147172us][CH1-Dispenser] F0 E8
[T+2866220305us][CH1-Dispenser] E0
[T+2866220173us][CH2-Pc    ] E0
[T+2866395306us][CH1-Dispenser] E1
[T+2866395173us][CH2-Pc    ] E1
[T+2866567172us][CH2-Pc    ] F0
[T+2866571172us][CH1-Dispenser] F0 F8
[T+2866645172us][CH2-Pc    ] F1
[T+2866650172us][CH1-Dispenser] F1 F5
[T+2866672172us][CH2-Pc    ] F9
[T+2866687172us][CH1-Dispenser] F9 38 3A 70
[T+2866763172us][CH2-Pc    ] E1
[T+2866767172us][CH1-Dispenser] E1 E9
[T+2866840172us][CH2-Pc    ] F0
[T+2866846200us][CH1-Dispenser] F0 F8
[T+2866919304us][CH1-Dispenser] E0
[T+2866919173us][CH2-Pc    ] E0
[T+2867096308us][CH1-Dispenser] E1
[T+2867096173us][CH2-Pc    ] E1
[T+2867272172us][CH2-Pc    ] F0
[T+2867280172us][CH1-Dispenser] F0 F8
[T+2867350172us][CH2-Pc    ] F1
[T+2867355172us][CH1-Dispenser] F1 F5
[T+2867378172us][CH2-Pc    ] F9
[T+2867392172us][CH1-Dispenser] F9 79 31 87 F8
[T+2867466172us][CH2-Pc    ] E1
[T+2867471175us][CH1-Dispenser] E1 E9
[T+2867544172us][CH2-Pc    ] F0
[T+2867551172us][CH1-Dispenser] F0 F8
[T+2867623307us][CH1-Dispenser] E0
[T+2867623173us][CH2-Pc    ] E0
[T+2867799304us][CH1-Dispenser] E1
[T+2867799173us][CH2-Pc    ] E1
[T+2867974172us][CH2-Pc    ] F0
[T+2867979174us][CH1-Dispenser] F0 F8
[T+2868052172us][CH2-Pc    ] F1
[T+2868080172us][CH2-Pc    ] F9
[T+2868092213us][CH1-Dispenser] F1 F5 F9 B8 7B 87 F8
[T+2868159172us][CH2-Pc    ] E1
[T+2868167172us][CH1-Dispenser] E1 E9
[T+2868237172us][CH2-Pc    ] F0
[T+2868241172us][CH1-Dispenser] F0 F8
[T+2868304307us][CH1-Dispenser] E0
[T+2868304173us][CH2-Pc    ] E0
[T+2868471308us][CH1-Dispenser] E1
[T+2868471173us][CH2-Pc    ] E1
[T+2868645197us][CH2-Pc    ] F0
[T+2868652172us][CH1-Dispenser] F0 F8
[T+2868724197us][CH2-Pc    ] F1
[T+2868733181us][CH1-Dispenser] F1 F5
[T+2868758172us][CH2-Pc    ] F9
[T+2868771172us][CH1-Dispenser] F9 29 74 29
[T+2868838172us][CH2-Pc    ] E1
[T+2868848179us][CH1-Dispenser] E1 E9
[T+2868917172us][CH2-Pc    ] F0
[T+2868922172us][CH1-Dispenser] F0 F8
[T+2868995307us][CH1-Dispenser] E0
[T+2868995173us][CH2-Pc    ] E0
[T+2869170308us][CH1-Dispenser] E1
[T+2869170173us][CH2-Pc    ] E1
[T+2869347172us][CH2-Pc    ] F0
[T+2869355172us][CH1-Dispenser] F0 F8
[T+2869425172us][CH2-Pc    ] F1
[T+2869431200us][CH1-Dispenser] F1 F5
[T+2869453175us][CH2-Pc    ] F9
[T+2869468172us][CH1-Dispenser] F9 38 3A 29
[T+2869542172us][CH2-Pc    ] E1
[T+2869547172us][CH1-Dispenser] E1 E9
[T+2869622174us][CH2-Pc    ] F0
[T+2869628202us][CH1-Dispenser] F0 F8
[T+2869700304us][CH1-Dispenser] E0
[T+2869700173us][CH2-Pc    ] E0
[T+2869880308us][CH1-Dispenser] E1
[T+2869880173us][CH2-Pc    ] E1
[T+2870044172us][CH2-Pc    ] F0
[T+2870053179us][CH1-Dispenser] F0 F8
[T+2870123172us][CH2-Pc    ] F1
[T+2870151172us][CH2-Pc    ] F9
[T+2870162179us][CH1-Dispenser] F1 F5 F9 68 D5 06 F1
[T+2870230172us][CH2-Pc    ] E1
[T+2870237861us][CH1-Dispenser] E1 E9
[T+2870307172us][CH2-Pc    ] F0
[T+2870311172us][CH1-Dispenser] F0 F8
[T+2870385305us][CH1-Dispenser] E0
[T+2870385173us][CH2-Pc    ] E0
[T+2870560306us][CH1-Dispenser] E1
[T+2870560173us][CH2-Pc    ] E1
[T+2870743172us][CH2-Pc    ] F0
[T+2870751179us][CH1-Dispenser] F0 F8
[T+2870850173us][CH2-Pc    ] F1
[T+2870877197us][CH2-Pc    ] F9
[T+2870892172us][CH1-Dispenser] F1 F5 F9 29 70 72
[T+2870968172us][CH2-Pc    ] E1
[T+2870973172us][CH1-Dispenser] E1 E9
[T+2871046172us][CH2-Pc    ] F0
[T+2871052202us][CH1-Dispenser] F0 F8
[T+2871124306us][CH1-Dispenser] E0
[T+2871124173us][CH2-Pc    ] E0
[T+2871300306us][CH1-Dispenser] E1
[T+2871300173us][CH2-Pc    ] E1
[T+2871476172us][CH2-Pc    ] F0
[T+2871482200us][CH1-Dispenser] F0 F8
[T+2871556172us][CH2-Pc    ] F1
[T+2871561172us][CH1-Dispenser] F1 F5
[T+2871583172us][CH2-Pc    ] F9
[T+2871597172us][CH1-Dispenser] F9 F8 38 72
[T+2871672173us][CH2-Pc    ] E1
[T+2871677172us][CH1-Dispenser] E1 E9
[T+2871751172us][CH2-Pc    ] F0
[T+2871758172us][CH1-Dispenser] F0 F8
[T+2871829305us][CH1-Dispenser] E0
[T+2871829173us][CH2-Pc    ] E0
[T+2872003305us][CH1-Dispenser] E1
[T+2872003173us][CH2-Pc    ] E1
[T+2872178172us][CH2-Pc    ] F0
[T+2872185172us][CH1-Dispenser] F0 F8
[T+2872256172us][CH2-Pc    ] F1
[T+2872261172us][CH1-Dispenser] F1 F5
[T+2872284172us][CH2-Pc    ] F9
[T+2872301172us][CH1-Dispenser] F9 A8 70 29
[T+2872378172us][CH2-Pc    ] E1
[T+2872389826us][CH1-Dispenser] E1 E9
[T+2872457172us][CH2-Pc    ] F0
[T+2872461172us][CH1-Dispenser] F0 F8
[T+2872535305us][CH1-Dispenser] E0
[T+2872535173us][CH2-Pc    ] E0
[T+2872710306us][CH1-Dispenser] E1
[T+2872710173us][CH2-Pc    ] E1
[T+2872873172us][CH2-Pc    ] F0
[T+2872883179us][CH1-Dispenser] F0 F8
[T+2872952172us][CH2-Pc    ] F1
[T+2872957172us][CH1-Dispenser] F1 F5
[T+2872979172us][CH2-Pc    ] F9
[T+2872991213us][CH1-Dispenser] F9 E9 73 29
[T+2873058172us][CH2-Pc    ] E1
[T+2873063172us][CH1-Dispenser] E1 E9
[T+2873136172us][CH2-Pc    ] F0
[T+2873142200us][CH1-Dispenser] F0 F8
[T+2873214305us][CH1-Dispenser] E0
[T+2873214173us][CH2-Pc    ] E0
[T+2873389308us][CH1-Dispenser] E1
[T+2873389173us][CH2-Pc    ] E1
[T+2873565172us][CH2-Pc    ] F0
[T+2873570172us][CH1-Dispenser] F0 F8
[T+2873643327us][CH2-Pc    ] F1
[T+2873670172us][CH2-Pc    ] F9
[T+2873682728us][CH1-Dispenser] F1 F5 F9 EA B8 35
[T+2873750172us][CH2-Pc    ] E1
[T+2873758181us][CH1-Dispenser] E1 E9
[T+2873829172us][CH2-Pc    ] F0
[T+2873837174us][CH1-Dispenser] F0 F8
[T+2873907308us][CH1-Dispenser] E0
[T+2873907173us][CH2-Pc    ] E0
[T+2874081307us][CH1-Dispenser] E1
[T+2874081173us][CH2-Pc    ] E1
[T+2874254172us][CH2-Pc    ] F0
[T+2874260200us][CH1-Dispenser] F0 F8
[T+2874325172us][CH2-Pc    ] F1
[T+2874331208us][CH1-Dispenser] F1 F5
[T+2874352172us][CH2-Pc    ] F9
[T+2874362180us][CH1-Dispenser] F9 B9 78 72
[T+2874431172us][CH2-Pc    ] E1
[T+2874437205us][CH1-Dispenser] E1 E9
[T+2874509197us][CH2-Pc    ] F0
[T+2874518783us][CH1-Dispenser] F0 F8
[T+2874587308us][CH1-Dispenser] E0
[T+2874587174us][CH2-Pc    ] E0
[T+2874774307us][CH1-Dispenser] E1
[T+2874774173us][CH2-Pc    ] E1
[T+2874951172us][CH2-Pc    ] F0
[T+2874957200us][CH1-Dispenser] F0 F8
[T+2875031172us][CH2-Pc    ] F1
[T+2875058172us][CH2-Pc    ] F9
[T+2875072172us][CH1-Dispenser] F1 F5 F9 B8 70 87 F8
[T+2875137172us][CH2-Pc    ] E1
[T+2875142172us][CH1-Dispenser] E1 E9
[T+2875215172us][CH2-Pc    ] F0
[T+2875221201us][CH1-Dispenser] F0 F8
[T+2875293307us][CH1-Dispenser] E0
[T+2875293174us][CH2-Pc    ] E0
[T+2875468308us][CH1-Dispenser] E1
[T+2875468173us][CH2-Pc    ] E1
[T+2875645172us][CH2-Pc    ] F0
[T+2875651200us][CH1-Dispenser] F0 F8
[T+2875723197us][CH2-Pc    ] F1
[T+2875730773us][CH1-Dispenser] F1 F5
[T+2875751172us][CH2-Pc    ] F9
[T+2875763214us][CH1-Dispenser] F9 A8 F8 29
[T+2875829196us][CH2-Pc    ] E1
[T+2875839789us][CH1-Dispenser] E1 E9
[T+2875909172us][CH2-Pc    ] F0
[T+2875918179us][CH1-Dispenser] F0 F8
[T+2875987305us][CH1-Dispenser] E0
[T+2875987173us][CH2-Pc    ] E0
[T+2876162306us][CH1-Dispenser] E1
[T+2876162174us][CH2-Pc    ] E1
[T+2876327172us][CH2-Pc    ] F0
[T+2876333201us][CH1-Dispenser] F0 F8
[T+2876406172us][CH2-Pc    ] F1
[T+2876433172us][CH2-Pc    ] F9
[T+2876447172us][CH1-Dispenser] F1 F5 F9 BA B8 29
[T+2876511172us][CH2-Pc    ] E1
[T+2876517200us][CH1-Dispenser] E1 E9
[T+2876589204us][CH2-Pc    ] F0
[T+2876596172us][CH1-Dispenser] F0 F8
[T+2876667306us][CH1-Dispenser] E0
[T+2876667173us][CH2-Pc    ] E0
[T+2876843309us][CH1-Dispenser] E1
[T+2876843173us][CH2-Pc    ] E1
[T+2877020172us][CH2-Pc    ] F0
[T+2877025172us][CH1-Dispenser] F0 F8
[T+2877098172us][CH2-Pc    ] F1
[T+2877125172us][CH2-Pc    ] F9
[T+2877137213us][CH1-Dispenser] F1 F5 F9 EA 73 AF F8
[T+2877203200us][CH2-Pc    ] E1
[T+2877211179us][CH1-Dispenser] E1 E9
[T+2877282172us][CH2-Pc    ] F0
[T+2877288200us][CH1-Dispenser] F0 F8
[T+2877360303us][CH1-Dispenser] E0
[T+2877360173us][CH2-Pc    ] E0
[T+2877535305us][CH1-Dispenser] E1
[T+2877535173us][CH2-Pc    ] E1
[T+2877710172us][CH2-Pc    ] F0
[T+2877718824us][CH1-Dispenser] F0 F8
[T+2877788172us][CH2-Pc    ] F1
[T+2877799178us][CH1-Dispenser] F1 F5
[T+2877821172us][CH2-Pc    ] F9
[T+2877832808us][CH1-Dispenser] F9 E9 F8 35
[T+2877900172us][CH2-Pc    ] E1
[T+2877908172us][CH1-Dispenser] E1 E9
[T+2877978172us][CH2-Pc    ] F0
[T+2877982172us][CH1-Dispenser] F0 F8
[T+2878056306us][CH1-Dispenser] E0
[T+2878056173us][CH2-Pc    ] E0
[T+2878242305us][CH1-Dispenser] E1
[T+2878242173us][CH2-Pc    ] E1
[T+2878410173us][CH1-Dispenser] F0 E8
[T+2878406172us][CH2-Pc    ] F0
[T+2878482172us][CH2-Pc    ] F1
[T+2878486172us][CH1-Dispenser] F1 F5
[T+2878513176us][CH2-Pc    ] F9
[T+2878528172us][CH1-Dispenser] F9 A9 74 93 F8
[T+2878593172us][CH2-Pc    ] E1
[T+2878598172us][CH1-Dispenser] E1 E9
[T+2878671172us][CH2-Pc    ] F0
[T+2878677200us][CH1-Dispenser] F0 F8
[T+2878750304us][CH1-Dispenser] E0
[T+2878750173us][CH2-Pc    ] E0
[T+2878924308us][CH1-Dispenser] E1
[T+2878924173us][CH2-Pc    ] E1
[T+2879100172us][CH2-Pc    ] F0
[T+2879106202us][CH1-Dispenser] F0 F8
[T+2879178196us][CH2-Pc    ] F1
[T+2879205172us][CH2-Pc    ] F9
[T+2879217213us][CH1-Dispenser] F1 F5 F9 29 78 C5
[T+2879285172us][CH2-Pc    ] E1
[T+2879292172us][CH1-Dispenser] E1 E9
[T+2879363172us][CH2-Pc    ] F0
[T+2879367174us][CH1-Dispenser] F0 F8
[T+2879441304us][CH1-Dispenser] E0
[T+2879441173us][CH2-Pc    ] E0
[T+2879616306us][CH1-Dispenser] E1
[T+2879616173us][CH2-Pc    ] E1
[T+2879782172us][CH2-Pc    ] F0
[T+2879788201us][CH1-Dispenser] F0 F8
[T+2879861172us][CH2-Pc    ] F1
[T+2879866175us][CH1-Dispenser] F1 F5
[T+2879889172us][CH2-Pc    ] F9
[T+2879902172us][CH1-Dispenser] F9 AA 74 95 F8
[T+2879967172us][CH2-Pc    ] E1
[T+2879973200us][CH1-Dispenser] E1 E9
[T+2880045196us][CH2-Pc    ] F0
[T+2880052782us][CH1-Dispenser] F0 F8
[T+2880123307us][CH1-Dispenser] E0
[T+2880123174us][CH2-Pc    ] E0
[T+2880299305us][CH1-Dispenser] E1
[T+2880299173us][CH2-Pc    ] E1
[T+2880491197us][CH2-Pc    ] F0
[T+2880497201us][CH1-Dispenser] F0 F8
[T+2880571172us][CH2-Pc    ] F1
[T+2880576172us][CH1-Dispenser] F1 F5
[T+2880598172us][CH2-Pc    ] F9
[T+2880607797us][CH1-Dispenser] F9 3A 28 29
[T+2880717172us][CH1-Dispenser] E1 E9
[T+2880713172us][CH2-Pc    ] E1
[T+2880794172us][CH2-Pc    ] F0
[T+2880801172us][CH1-Dispenser] F0 F8
[T+2880871303us][CH1-Dispenser] E0
[T+2880871173us][CH2-Pc    ] E0
[T+2881047305us][CH1-Dispenser] E1
[T+2881047173us][CH2-Pc    ] E1
[T+2881225172us][CH2-Pc    ] F0
[T+2881231202us][CH1-Dispenser] F0 F8
[T+2881319172us][CH2-Pc    ] F1 F9
[T+2881332870us][CH1-Dispenser] F1 F5 F9 B9 39 29
[T+2881399174us][CH2-Pc    ] E1
[T+2881403172us][CH1-Dispenser] E1 E9
[T+2881477172us][CH2-Pc    ] F0
[T+2881484785us][CH1-Dispenser] F0 F8
[T+2881555306us][CH1-Dispenser] E0
[T+2881555173us][CH2-Pc    ] E0
[T+2881741307us][CH1-Dispenser] E1
[T+2881741173us][CH2-Pc    ] E1
[T+2881906172us][CH2-Pc    ] F0
[T+2881914172us][CH1-Dispenser] F0 F8
[T+2881984172us][CH2-Pc    ] F1
[T+2882011172us][CH2-Pc    ] F9
[T+2882023213us][CH1-Dispenser] F1 F5 F9 2A 70 39
[T+2882090172us][CH2-Pc    ] E1
[T+2882099172us][CH1-Dispenser] E1 E9
[T+2882168172us][CH2-Pc    ] F0
[T+2882173172us][CH1-Dispenser] F0 F8
[T+2882248304us][CH1-Dispenser] E0
[T+2882248173us][CH2-Pc    ] E0
[T+2882424313us][CH1-Dispenser] E1
[T+2882424175us][CH2-Pc    ] E1
[T+2882600172us][CH2-Pc    ] F0
[T+2882607172us][CH1-Dispenser] F0 F8
[T+2882678172us][CH2-Pc    ] F1
[T+2882682173us][CH1-Dispenser] F1 F5
[T+2882705172us][CH2-Pc    ] F9
[T+2882717275us][CH1-Dispenser] F9 AA 39 39
[T+2882788172us][CH2-Pc    ] E1
[T+2882794201us][CH1-Dispenser] E1 E9
[T+2882866197us][CH2-Pc    ] F0
[T+2882874172us][CH1-Dispenser] F0 F8
[T+2882945304us][CH1-Dispenser] E0
[T+2882945173us][CH2-Pc    ] E0
[T+2883111306us][CH1-Dispenser] E1
[T+2883111173us][CH2-Pc    ] E1
[T+2883286172us][CH2-Pc    ] F0
[T+2883292201us][CH1-Dispenser] F0 F8
[T+2883364198us][CH2-Pc    ] F1
[T+2883392172us][CH2-Pc    ] F9
[T+2883402179us][CH1-Dispenser] F1 F5 F9 2A B3 26 F8
[T+2883472172us][CH2-Pc    ] E1
[T+2883479172us][CH1-Dispenser] E1 E9
[T+2883550174us][CH2-Pc    ] F0
[T+2883556202us][CH1-Dispenser] F0 F8
[T+2883628306us][CH1-Dispenser] E0
[T+2883628173us][CH2-Pc    ] E0
[T+2883804307us][CH1-Dispenser] E1
[T+2883804173us][CH2-Pc    ] E1
[T+2883968174us][CH2-Pc    ] F0
[T+2883972173us][CH1-Dispenser] F0 F8
[T+2884046172us][CH2-Pc    ] F1
[T+2884051174us][CH1-Dispenser] F1 F5
[T+2884074172us][CH2-Pc    ] F9
[T+2884089172us][CH1-Dispenser] F9 A8 76 77
[T+2884162172us][CH2-Pc    ] E1
[T+2884167172us][CH1-Dispenser] E1 E9
[T+2884241172us][CH2-Pc    ] F0
[T+2884250179us][CH1-Dispenser] F0 F8
[T+2884320306us][CH1-Dispenser] E0
[T+2884320173us][CH2-Pc    ] E0
[T+2884485172us][CH1-Dispenser] E1
[T+2884484172us][CH2-Pc    ] E1
[T+2884660172us][CH2-Pc    ] F0
[T+2884666200us][CH1-Dispenser] F0 F8
[T+2884738196us][CH2-Pc    ] F1
[T+2884766172us][CH2-Pc    ] F9
[T+2884778213us][CH1-Dispenser] F1 F5 F9 A8 33 77
[T+2884844172us][CH2-Pc    ] E1
[T+2884849172us][CH1-Dispenser] E1 E9
[T+2884922172us][CH2-Pc    ] F0
[T+2884928200us][CH1-Dispenser] F0 F8
[T+2885000304us][CH1-Dispenser] E0
[T+2885000173us][CH2-Pc    ] E0
[T+2885175306us][CH1-Dispenser] E1
[T+2885175173us][CH2-Pc    ] E1
[T+2885350172us][CH2-Pc    ] F0
[T+2885357172us][CH1-Dispenser] F0 F8
[T+2885443172us][CH2-Pc    ] F1 F9
[T+2885458172us][CH1-Dispenser] F1 F5 F9 A8 A8 72
[T+2885523172us][CH2-Pc    ] E1
[T+2885528172us][CH1-Dispenser] E1 E9
[T+2885601172us][CH2-Pc    ] F0
[T+2885607200us][CH1-Dispenser] F0 F8
[T+2885679304us][CH1-Dispenser] E0
[T+2885679173us][CH2-Pc    ] E0
[T+2885843308us][CH1-Dispenser] E1
[T+2885843173us][CH2-Pc    ] E1
[T+2886019172us][CH2-Pc    ] F0
[T+2886028179us][CH1-Dispenser] F0 F8
[T+2886097172us][CH2-Pc    ] F1
[T+2886102172us][CH1-Dispenser] F1 F5
[T+2886124172us][CH2-Pc    ] F9
[T+2886138176us][CH1-Dispenser] F9 E8 70 77
[T+2886203172us][CH2-Pc    ] E1
[T+2886209200us][CH1-Dispenser] E1 E9
[T+2886282172us][CH2-Pc    ] F0
[T+2886288201us][CH1-Dispenser] F0 F8
[T+2886359303us][CH1-Dispenser] E0
[T+2886359173us][CH2-Pc    ] E0
[T+2886536305us][CH1-Dispenser] E1
[T+2886536173us][CH2-Pc    ] E1
[T+2886700172us][CH2-Pc    ] F0
[T+2886710808us][CH1-Dispenser] F0 E8
[T+2886779172us][CH2-Pc    ] F1
[T+2886806196us][CH2-Pc    ] F9
[T+2886818213us][CH1-Dispenser] F1 F5 F9 A8 70 F2
[T+2886884197us][CH2-Pc    ] E1
[T+2886890200us][CH1-Dispenser] E1 E9
[T+2886962172us][CH2-Pc    ] F0
[T+2886967172us][CH1-Dispenser] F0 F8
[T+2887041304us][CH1-Dispenser] E0
[T+2887041173us][CH2-Pc    ] E0
[T+2887217308us][CH1-Dispenser] E1
[T+2887217173us][CH2-Pc    ] E1
[T+2887393172us][CH2-Pc    ] F0
[T+2887397172us][CH1-Dispenser] F0 F8
[T+2887472172us][CH2-Pc    ] F1
[T+2887476172us][CH1-Dispenser] F1 F5
[T+2887499172us][CH2-Pc    ] F9
[T+2887514175us][CH1-Dispenser] F9 E8 70 F2
[T+2887589172us][CH2-Pc    ] E1
[T+2887593174us][CH1-Dispenser] E1 E9
[T+2887667172us][CH2-Pc    ] F0
[T+2887672172us][CH1-Dispenser] F0 F8
[T+2887745552us][CH1-Dispenser] E0
[T+2887745173us][CH2-Pc    ] E0
[T+2887921308us][CH1-Dispenser] E1
[T+2887921173us][CH2-Pc    ] E1
[T+2888097172us][CH2-Pc    ] F0
[T+2888102172us][CH1-Dispenser] F0 F8
[T+2888175172us][CH2-Pc    ] F1
[T+2888181200us][CH1-Dispenser] F1 F5
[T+2888202172us][CH2-Pc    ] F9
[T+2888216173us][CH1-Dispenser] F9 A9 29 72
[T+2888281172us][CH2-Pc    ] E1
[T+2888292522us][CH1-Dispenser] E1 E9
[T+2888360172us][CH2-Pc    ] F0
[T+2888369172us][CH1-Dispenser] F0 F8
[T+2888440172us][CH1-Dispenser] E0
[T+2888439172us][CH2-Pc    ] E0
[T+2888615307us][CH1-Dispenser] E1
[T+2888615173us][CH2-Pc    ] E1
[T+2888778172us][CH2-Pc    ] F0
[T+2888783172us][CH1-Dispenser] F0 F8
[T+2888857172us][CH2-Pc    ] F1
[T+2888884172us][CH2-Pc    ] F9
[T+2888898172us][CH1-Dispenser] F1 F5 F9 B8 72 72
[T+2888963172us][CH2-Pc    ] E1
[T+2888968172us][CH1-Dispenser] E1 E9
[T+2889041172us][CH2-Pc    ] F0
[T+2889047201us][CH1-Dispenser] F0 F8
[T+2889120305us][CH1-Dispenser] E0
[T+2889120173us][CH2-Pc    ] E0
[T+2889294305us][CH1-Dispenser] E1
[T+2889294173us][CH2-Pc    ] E1
[T+2889482172us][CH2-Pc    ] F0
[T+2889487176us][CH1-Dispenser] F0 F8
[T+2889560172us][CH2-Pc    ] F1
[T+2889566200us][CH1-Dispenser] F1 F5
[T+2889587172us][CH2-Pc    ] F9
[T+2889599213us][CH1-Dispenser] F9 68 A8 F2
[T+2889665198us][CH2-Pc    ] E1
[T+2889674172us][CH1-Dispenser] E1 E9
[T+2889743172us][CH2-Pc    ] F0
[T+2889748172us][CH1-Dispenser] F0 F8
[T+2889822304us][CH1-Dispenser] E0
[T+2889822173us][CH2-Pc    ] E0
[T+2889998306us][CH1-Dispenser] E1
[T+2889998173us][CH2-Pc    ] E1
[T+2890173172us][CH2-Pc    ] F0
[T+2890178172us][CH1-Dispenser] F0 F8
[T+2890251172us][CH2-Pc    ] F1
[T+2890257202us][CH1-Dispenser] F1 F5
[T+2890278172us][CH2-Pc    ] F9
[T+2890288179us][CH1-Dispenser] F9 28 A8 72
[T+2890357172us][CH2-Pc    ] E1
[T+2890364819us][CH1-Dispenser] E1 E9
[T+2890451172us][CH2-Pc    ] F0
[T+2890459172us][CH1-Dispenser] F0 F8
[T+2890529306us][CH1-Dispenser] E0
[T+2890529173us][CH2-Pc    ] E0
[T+2890704306us][CH1-Dispenser] E1
[T+2890704173us][CH2-Pc    ] E1
[T+2890879172us][CH2-Pc    ] F0
[T+2890890833us][CH1-Dispenser] F0 F8
[T+2890957172us][CH2-Pc    ] F1
[T+2890962172us][CH1-Dispenser] F1 F5
[T+2890984172us][CH2-Pc    ] F9
[T+2890999172us][CH1-Dispenser] F9 A8 74 72
[T+2891062172us][CH2-Pc    ] E1
[T+2891069172us][CH1-Dispenser] E1 E9
[T+2891141197us][CH2-Pc    ] F0
[T+2891149172us][CH1-Dispenser] F0 F8
[T+2891219307us][CH1-Dispenser] E0
[T+2891219173us][CH2-Pc    ] E0
[T+2891394305us][CH1-Dispenser] E1
[T+2891394173us][CH2-Pc    ] E1
[T+2891568172us][CH2-Pc    ] F0
[T+2891572172us][CH1-Dispenser] F0 F8
[T+2891657172us][CH2-Pc    ] F1
[T+2891663200us][CH1-Dispenser] F1 F5
[T+2891685172us][CH2-Pc    ] F9
[T+2891700172us][CH1-Dispenser] F9 AA 74 F2
[T+2891775172us][CH2-Pc    ] E1
[T+2891782172us][CH1-Dispenser] E1 E9
[T+2891854173us][CH2-Pc    ] F0
[T+2891858173us][CH1-Dispenser] F0 F8
[T+2891932306us][CH1-Dispenser] E0
[T+2891932173us][CH2-Pc    ] E0
[T+2892106305us][CH1-Dispenser] E1
[T+2892106173us][CH2-Pc    ] E1
[T+2892281172us][CH2-Pc    ] F0
[T+2892287201us][CH1-Dispenser] F0 F8
[T+2892360172us][CH2-Pc    ] F1
[T+2892387172us][CH2-Pc    ] F9
[T+2892398836us][CH1-Dispenser] F1 F5 F9 B9 75 77
[T+2892466172us][CH2-Pc    ] E1
[T+2892474179us][CH1-Dispenser] E1 E9
[T+2892544172us][CH2-Pc    ] F0
[T+2892550200us][CH1-Dispenser] F0 F8
[T+2892622307us][CH1-Dispenser] E0
[T+2892622174us][CH2-Pc    ] E0
[T+2892802305us][CH1-Dispenser] E1
[T+2892802173us][CH2-Pc    ] E1
[T+2892967172us][CH2-Pc    ] F0
[T+2892973204us][CH1-Dispenser] F0 F8
[T+2893045196us][CH2-Pc    ] F1
[T+2893072175us][CH2-Pc    ] F9
[T+2893085172us][CH1-Dispenser] F1 F5 F9 28 76 77
[T+2893150172us][CH2-Pc    ] E1
[T+2893159796us][CH1-Dispenser] E1 E9
[T+2893228172us][CH2-Pc    ] F0
[T+2893232172us][CH1-Dispenser] F0 F8
[T+2893307305us][CH1-Dispenser] E0
[T+2893307173us][CH2-Pc    ] E0
[T+2893482310us][CH1-Dispenser] E1
[T+2893482173us][CH2-Pc    ] E1
[T+2893657172us][CH2-Pc    ] F0
[T+2893662173us][CH1-Dispenser] F0 F8
[T+2893735172us][CH2-Pc    ] F1
[T+2893743172us][CH1-Dispenser] F1 F5
[T+2893764172us][CH2-Pc    ] F9
[T+2893774181us][CH1-Dispenser] F9 B9 69 72
[T+2893842172us][CH2-Pc    ] E1
[T+2893849172us][CH1-Dispenser] E1 E9
[T+2893920172us][CH2-Pc    ] F0
[T+2893928172us][CH1-Dispenser] F0 F8
[T+2893998309us][CH1-Dispenser] E0
[T+2893998173us][CH2-Pc    ] E0
[T+2894173308us][CH1-Dispenser] E1
[T+2894173173us][CH2-Pc    ] E1
[T+2894348172us][CH2-Pc    ] F0
[T+2894352173us][CH1-Dispenser] F0 F8
[T+2894426172us][CH2-Pc    ] F1
[T+2894432201us][CH1-Dispenser] F1 F5
[T+2894453172us][CH2-Pc    ] F9
[T+2894466172us][CH1-Dispenser] F9 A9 29 F7
[T+2894532172us][CH2-Pc    ] E1
[T+2894537172us][CH1-Dispenser] E1 E9
[T+2894611172us][CH2-Pc    ] F0
[T+2894620179us][CH1-Dispenser] F0 F8
[T+2894689308us][CH1-Dispenser] E0
[T+2894689173us][CH2-Pc    ] E0
[T+2894866307us][CH1-Dispenser] E1
[T+2894866173us][CH2-Pc    ] E1
[T+2895036172us][CH2-Pc    ] F0
[T+2895043172us][CH1-Dispenser] F0 F8
[T+2895115197us][CH2-Pc    ] F1
[T+2895142172us][CH2-Pc    ] F9
[T+2895155714us][CH1-Dispenser] F1 F5 F9 FA 29 F7
[T+2895221202us][CH2-Pc    ] E1
[T+2895227203us][CH1-Dispenser] E1 E9
[T+2895299172us][CH2-Pc    ] F0
[T+2895303172us][CH1-Dispenser] F0 F8
[T+2895377305us][CH1-Dispenser] E0
[T+2895377173us][CH2-Pc    ] E0
[T+2895552306us][CH1-Dispenser] E1
[T+2895552173us][CH2-Pc    ] E1
[T+2895717172us][CH2-Pc    ] F0
[T+2895725172us][CH1-Dispenser] F0 F8
[T+2895805172us][CH2-Pc    ] F1
[T+2895832172us][CH2-Pc    ] F9
[T+2895844213us][CH1-Dispenser] F1 F5 F9 F8 A7 BE F8
[T+2895910172us][CH2-Pc    ] E1
[T+2895914172us][CH1-Dispenser] E1 E9
[T+2895988172us][CH2-Pc    ] F0
[T+2895995172us][CH1-Dispenser] F0 F8
[T+2896066305us][CH1-Dispenser] E0
[T+2896066173us][CH2-Pc    ] E0
[T+2896241304us][CH1-Dispenser] E1
[T+2896241173us][CH2-Pc    ] E1
[T+2896408172us][CH2-Pc    ] F0
[T+2896412173us][CH1-Dispenser] F0 F8
[T+2896494172us][CH2-Pc    ] F1
[T+2896522172us][CH2-Pc    ] F9
[T+2896535172us][CH1-Dispenser] F1 F5 F9 B8 76 72
[T+2896603172us][CH2-Pc    ] E1
[T+2896609202us][CH1-Dispenser] E1 E9
[T+2896681196us][CH2-Pc    ] F0
[T+2896688172us][CH1-Dispenser] F0 F8
[T+2896759310us][CH1-Dispenser] E0
[T+2896759173us][CH2-Pc    ] E0
[T+2896947306us][CH1-Dispenser] E1
[T+2896947173us][CH2-Pc    ] E1
[T+2897132172us][CH2-Pc    ] F0
[T+2897139172us][CH1-Dispenser] F0 F8
[T+2897210172us][CH2-Pc    ] F1
[T+2897238172us][CH2-Pc    ] F9
[T+2897249181us][CH1-Dispenser] F1 F5 F9 B8 6D BE F8
[T+2897315197us][CH2-Pc    ] E1
[T+2897325810us][CH1-Dispenser] E1 E9
[T+2897393172us][CH2-Pc    ] F0
[T+2897400172us][CH1-Dispenser] F0 F8
[T+2897472304us][CH1-Dispenser] E0
[T+2897472173us][CH2-Pc    ] E0
[T+2897646307us][CH1-Dispenser] E1
[T+2897646174us][CH2-Pc    ] E1
[T+2897811172us][CH2-Pc    ] F0
[T+2897820288us][CH1-Dispenser] F0 F8
[T+2897889172us][CH2-Pc    ] F1
[T+2897917172us][CH2-Pc    ] F9
[T+2897929213us][CH1-Dispenser] F1 F5 F9 B8 76 72
[T+2897995173us][CH2-Pc    ] E1
[T+2898000172us][CH1-Dispenser] E1 E9
[T+2898073172us][CH2-Pc    ] F0
[T+2898079201us][CH1-Dispenser] F0 F8
[T+2898151305us][CH1-Dispenser] E0
[T+2898151173us][CH2-Pc    ] E0
[T+2898332306us][CH1-Dispenser] E1
[T+2898332173us][CH2-Pc    ] E1
[T+2898507172us][CH2-Pc    ] F0
[T+2898513200us][CH1-Dispenser] F0 F8
[T+2898585196us][CH2-Pc    ] F1
[T+2898612300us][CH2-Pc    ] F9
[T+2898625172us][CH1-Dispenser] F1 F5 F9 B8 76 72
[T+2898691196us][CH2-Pc    ] E1
[T+2898699172us][CH1-Dispenser] E1 E9
[T+2898769172us][CH2-Pc    ] F0
[T+2898773172us][CH1-Dispenser] F0 F8
[T+2898838311us][CH1-Dispenser] E0
[T+2898838173us][CH2-Pc    ] E0
[T+2899016310us][CH1-Dispenser] E1
[T+2899016173us][CH2-Pc    ] E1
[T+2899192172us][CH2-Pc    ] F0
[T+2899198201us][CH1-Dispenser] F0 F8
[T+2899271172us][CH2-Pc    ] F1
[T+2899298172us][CH2-Pc    ] F9
[T+2899308179us][CH1-Dispenser] F1 F5 F9 F8 76 72
[T+2899377172us][CH2-Pc    ] E1
[T+2899384789us][CH1-Dispenser] E1 E9
[T+2899458172us][CH1-Dispenser] F0 F8
[T+2899455172us][CH2-Pc    ] F0
[T+2899522305us][CH1-Dispenser] E0
[T+2899522174us][CH2-Pc    ] E0
[T+2899690307us][CH1-Dispenser] E1
[T+2899690173us][CH2-Pc    ] E1
[T+2899866172us][CH2-Pc    ] F0
[T+2899874172us][CH1-Dispenser] F0 F8
[T+2899944172us][CH2-Pc    ] F1
[T+2899948172us][CH1-Dispenser] F1 F5
[T+2899973172us][CH2-Pc    ] F9
[T+2899985213us][CH1-Dispenser] F9 F8 76 72
[T+2900051196us][CH2-Pc    ] E1
[T+2900058172us][CH1-Dispenser] E1 E9
[T+2900129172us][CH2-Pc    ] F0
[T+2900134172us][CH1-Dispenser] F0 F8
[T+2900207307us][CH1-Dispenser] E0
[T+2900207173us][CH2-Pc    ] E0
[T+2900376306us][CH1-Dispenser] E1
[T+2900376173us][CH2-Pc    ] E1
[T+2900551172us][CH2-Pc    ] F0
[T+2900558172us][CH1-Dispenser] F0 F8
[T+2900629172us][CH2-Pc    ] F1
[T+2900634172us][CH1-Dispenser] F1 F5
[T+2900656172us][CH2-Pc    ] F9
[T+2900670172us][CH1-Dispenser] F9 B8 76 72
[T+2900734172us][CH2-Pc    ] E1
[T+2900741172us][CH1-Dispenser] E1 E9
[T+2900813173us][CH2-Pc    ] F0
[T+2900820782us][CH1-Dispenser] F0 F8
[T+2900890306us][CH1-Dispenser] E0
[T+2900890173us][CH2-Pc    ] E0
[T+2901068305us][CH1-Dispenser] E1
[T+2901068173us][CH2-Pc    ] E1
[T+2901237172us][CH2-Pc    ] F0
[T+2901243200us][CH1-Dispenser] F0 F8
[T+2901315196us][CH2-Pc    ] F1
[T+2901343172us][CH2-Pc    ] F9
[T+2901353180us][CH1-Dispenser] F1 F5 F9 F8 27 77
[T+2901421172us][CH2-Pc    ] E1
[T+2901429172us][CH1-Dispenser] E1 E9
[T+2901499172us][CH2-Pc    ] F0
[T+2901503172us][CH1-Dispenser] F0 F8
[T+2901577306us][CH1-Dispenser] E0
[T+2901577173us][CH2-Pc    ] E0
[T+2901753305us][CH1-Dispenser] E1
[T+2901753173us][CH2-Pc    ] E1
[T+2901922172us][CH2-Pc    ] F0
[T+2901929172us][CH1-Dispenser] F0 F8
[T+2902000172us][CH2-Pc    ] F1
[T+2902008179us][CH1-Dispenser] F1 E5
[T+2902578197us][CH2-Pc    ] E1
[T+2902584201us][CH1-Dispenser] E1 E9
[T+2902657172us][CH2-Pc    ] F0
[T+2902663202us][CH1-Dispenser] F0 F8
[T+2902735304us][CH1-Dispenser] E0
[T+2902735173us][CH2-Pc    ] E0
[T+2902911307us][CH1-Dispenser] E1
[T+2902911173us][CH2-Pc    ] E1
[T+2903076172us][CH2-Pc    ] F0
[T+2903082201us][CH1-Dispenser] F0 F8
[T+2903154172us][CH2-Pc    ] F1
[T+2903159172us][CH1-Dispenser] F1 E9
[T+2903732172us][CH2-Pc    ] E1
[T+2903741804us][CH1-Dispenser] E1 E9
[T+2903811172us][CH2-Pc    ] F0
[T+2903820179us][CH1-Dispenser] F0 F8
[T+2903889306us][CH1-Dispenser] E0
[T+2903889174us][CH2-Pc    ] E0
[T+2904065307us][CH1-Dispenser] E1
[T+2904065173us][CH2-Pc    ] E1
[T+2904240172us][CH2-Pc    ] F0
[T+2904248172us][CH1-Dispenser] F0 F8
[T+2904321172us][CH2-Pc    ] F1
[T+2904347172us][CH2-Pc    ] E9
[T+2904396172us][CH1-Dispenser] F1 F9 E9 2F BE 70 38 2D FC 78 68 3B 38 BA 70 70 B3 69 78 3B FF
[T+2904420305us][CH1-Dispenser] FD
[T+2904420173us][CH2-Pc    ] FD
[T+2904555172us][CH1-Dispenser] AF 70 70 D5 A8 F8 35 B5 93 69 E9 70 78 68 33 38 B8 70 76 D5 68 71 BF EF 68 29 37 CF 3C 38 70 83 38 B8 72 73 CF EA E9 EF EF 31 6A 28 39 8F 39 70 8B 38 B8 2B FF
[T+2904629172us][CH2-Pc    ] E1
[T+2904633172us][CH1-Dispenser] E1 E9
[T+2904713172us][CH2-Pc    ] F0
[T+2904719202us][CH1-Dispenser] F0 F8
[T+2904803304us][CH1-Dispenser] E0
[T+2904803173us][CH2-Pc    ] E0
[T+2904967309us][CH1-Dispenser] E1
[T+2904967174us][CH2-Pc    ] E1
[T+2905141198us][CH2-Pc    ] F0
[T+2905149172us][CH1-Dispenser] F0 F8
[T+2905219172us][CH2-Pc    ] F1
[T+2905223172us][CH1-Dispenser] F1 F9
[T+2905247196us][CH2-Pc    ] E9
[T+2905296172us][CH1-Dispenser] E9 2F BE 70 38 2D FC 78 68 3B 38 3A 70 70 B3 69 78 3B FF
[T+2905319172us][CH2-Pc    ] FD
[T+2905448172us][CH1-Dispenser] FD AF 70 70 D5 68 F8 B5 AF A9 F6 C7 CB 3C 39 70 8B 38 B8 B3 76 D5 68 71 BF EF 68 29 37 CF 3C 38 70 83 38 B8 E1 74 CF EA 31 87 AF 74 6A 28 39 8F 39 70 83 38 B8 2B FF
[T+2905528172us][CH2-Pc    ] E1
[T+2905534200us][CH1-Dispenser] E1 E9
[T+2905606197us][CH2-Pc    ] F0
[T+2905613778us][CH1-Dispenser] F0 F8
[T+2905684305us][CH1-Dispenser] E0
[T+2905684173us][CH2-Pc    ] E0
[T+2905859304us][CH1-Dispenser] E1
[T+2905859173us][CH2-Pc    ] E1
[T+2906038172us][CH1-Dispenser] F0 F8
[T+2906034172us][CH2-Pc    ] F0
[T+2906112172us][CH2-Pc    ] F1
[T+2906119172us][CH1-Dispenser] F1 F9
[T+2906190172us][CH2-Pc    ] E1
[T+2906193172us][CH1-Dispenser] E1 E9
[T+2906258172us][CH2-Pc    ] F0
[T+2906263172us][CH1-Dispenser] F0 F8
[T+2906336305us][CH1-Dispenser] E0
[T+2906336173us][CH2-Pc    ] E0
[T+2906521304us][CH1-Dispenser] E1
[T+2906521173us][CH2-Pc    ] E1
[T+2906686172us][CH2-Pc    ] F0
[T+2906692212us][CH1-Dispenser] F0 F8
[T+2906768172us][CH1-Dispenser] F1 F9
[T+2906765172us][CH2-Pc    ] F1
[T+2906832172us][CH2-Pc    ] E1
[T+2906838207us][CH1-Dispenser] E1 E9
[T+2906914172us][CH2-Pc    ] F0
[T+2906921813us][CH1-Dispenser] F0 F8
[T+2906993304us][CH1-Dispenser] E0
[T+2906993173us][CH2-Pc    ] E0
[T+2907175308us][CH1-Dispenser] E1
[T+2907175174us][CH2-Pc    ] E1
[T+2907350172us][CH2-Pc    ] F0
[T+2907359179us][CH1-Dispenser] F0 F8
[T+2907428172us][CH2-Pc    ] F1
[T+2907433172us][CH1-Dispenser] F1 F9
[T+2907507172us][CH2-Pc    ] E1
[T+2907514172us][CH1-Dispenser] E1 E9
[T+2907578172us][CH2-Pc    ] F0
[T+2907584202us][CH1-Dispenser] F0 F8
[T+2907657306us][CH1-Dispenser] E0
[T+2907657173us][CH2-Pc    ] E0
[T+2907833304us][CH1-Dispenser] E1
[T+2907833173us][CH2-Pc    ] E1
[T+2908002172us][CH1-Dispenser] F0 F8
[T+2907998172us][CH2-Pc    ] F0
[T+2908076172us][CH2-Pc    ] F1
[T+2908085172us][CH1-Dispenser] F1 F9
[T+2908154172us][CH2-Pc    ] E1
[T+2908159172us][CH1-Dispenser] E1 E9
[T+2908233172us][CH2-Pc    ] F0
[T+2908240815us][CH1-Dispenser] F0 F8
[T+2908311306us][CH1-Dispenser] E0
[T+2908311173us][CH2-Pc    ] E0
[T+2908489305us][CH1-Dispenser] E1
[T+2908489173us][CH2-Pc    ] E1
[T+2908653172us][CH2-Pc    ] F0
[T+2908658173us][CH1-Dispenser] F0 F8
[T+2908731172us][CH2-Pc    ] F1
[T+2908737306us][CH1-Dispenser] F1 F9
[T+2908801172us][CH2-Pc    ] E1
[T+2908810780us][CH1-Dispenser] E1 E9
[T+2908879172us][CH2-Pc    ] F0
[T+2908883173us][CH1-Dispenser] F0 F8
[T+2908958306us][CH1-Dispenser] E0
[T+2908958173us][CH2-Pc    ] E0
[T+2909122306us][CH1-Dispenser] E1
[T+2909122173us][CH2-Pc    ] E1
[T+2909297172us][CH2-Pc    ] F0
[T+2909305185us][CH1-Dispenser] F0 F8
[T+2909384172us][CH2-Pc    ] F1
[T+2909388173us][CH1-Dispenser] F1 F9
[T+2909452172us][CH2-Pc    ] E1
[T+2909460172us][CH1-Dispenser] E1 E9
[T+2909530172us][CH2-Pc    ] F0
[T+2909534172us][CH1-Dispenser] F0 F8
[T+2909608309us][CH1-Dispenser] E0
[T+2909608173us][CH2-Pc    ] E0
[T+2909779304us][CH1-Dispenser] E1
[T+2909779173us][CH2-Pc    ] E1
[T+2909954172us][CH2-Pc    ] F0
[T+2909959173us][CH1-Dispenser] F0 F8
[T+2910024172us][CH2-Pc    ] F1
[T+2910029172us][CH1-Dispenser] F1 F9
[T+2910102172us][CH2-Pc    ] E1
[T+2910109172us][CH1-Dispenser] E1 E9
[T+2910180172us][CH2-Pc    ] F0
[T+2910184172us][CH1-Dispenser] F0 F8
[T+2910259172us][CH1-Dispenser] E0
[T+2910258172us][CH2-Pc    ] E0
[T+2910444306us][CH1-Dispenser] E1
[T+2910444173us][CH2-Pc    ] E1
[T+2910608172us][CH2-Pc    ] F0
[T+2910613172us][CH1-Dispenser] F0 F8
[T+2910686172us][CH2-Pc    ] F1
[T+2910694172us][CH1-Dispenser] F1 F9
[T+2910764172us][CH2-Pc    ] E1
[T+2910768172us][CH1-Dispenser] E1 E9
[T+2910836172us][CH2-Pc    ] F0
[T+2910840172us][CH1-Dispenser] F0 F8
[T+2910904307us][CH1-Dispenser] E0
[T+2910904174us][CH2-Pc    ] E0
[T+2911079305us][CH1-Dispenser] E1
[T+2911079173us][CH2-Pc    ] E1
[T+2911258173us][CH1-Dispenser] F0 F8
[T+2911255172us][CH2-Pc    ] F0
[T+2911323172us][CH2-Pc    ] F1
[T+2911328172us][CH1-Dispenser] F1 F9
[T+2911401172us][CH2-Pc    ] E1
[T+2911410179us][CH1-Dispenser] E1 E9
[T+2911489172us][CH1-Dispenser] F0 F8
[T+2911485172us][CH2-Pc    ] F0
[T+2911563306us][CH1-Dispenser] E0
[T+2911563173us][CH2-Pc    ] E0
[T+2911731307us][CH1-Dispenser] E1
[T+2911731173us][CH2-Pc    ] E1
[T+2911906172us][CH2-Pc    ] F0
[T+2911916173us][CH1-Dispenser] F0 F8
[T+2911984172us][CH2-Pc    ] F1
[T+2911988172us][CH1-Dispenser] F1 F9
[T+2912062172us][CH2-Pc    ] E1
[T+2912069172us][CH1-Dispenser] E1 E9
[T+2912140172us][CH2-Pc    ] F0
[T+2912145172us][CH1-Dispenser] F0 F8
[T+2912218304us][CH1-Dispenser] E0
[T+2912218173us][CH2-Pc    ] E0
[T+2912396305us][CH1-Dispenser] E1
[T+2912396173us][CH2-Pc    ] E1
[T+2912564172us][CH1-Dispenser] F0 F8
[T+2912560172us][CH2-Pc    ] F0
[T+2912638172us][CH2-Pc    ] F1
[T+2912644204us][CH1-Dispenser] F1 F9
[T+2912716196us][CH2-Pc    ] E1
[T+2912723172us][CH1-Dispenser] E1 E9
[T+2912794172us][CH2-Pc    ] F0
[T+2912799172us][CH1-Dispenser] F0 F8
[T+2912883306us][CH1-Dispenser] E0
[T+2912883173us][CH2-Pc    ] E0
[T+2913068306us][CH1-Dispenser] E1
[T+2913068174us][CH2-Pc    ] E1
[T+2913232172us][CH2-Pc    ] F0
[T+2913238200us][CH1-Dispenser] F0 F8
[T+2913310196us][CH2-Pc    ] F1
[T+2913318172us][CH1-Dispenser] F1 F9
[T+2913388172us][CH2-Pc    ] E1
[T+2913394200us][CH1-Dispenser] E1 E9
[T+2913466197us][CH2-Pc    ] F0
[T+2913475179us][CH1-Dispenser] F0 F8
[T+2913544304us][CH1-Dispenser] E0
[T+2913544173us][CH2-Pc    ] E0
[T+2913722306us][CH1-Dispenser] E1
[T+2913722173us][CH2-Pc    ] E1
[T+2913897172us][CH2-Pc    ] F0
[T+2913903200us][CH1-Dispenser] F0 F8
[T+2913975198us][CH2-Pc    ] F1
[T+2913984179us][CH1-Dispenser] F1 F9
[T+2914053172us][CH2-Pc    ] E1
[T+2914060784us][CH1-Dispenser] E1 E9
[T+2914131172us][CH2-Pc    ] F0
[T+2914141172us][CH1-Dispenser] F0 F8
[T+2914209304us][CH1-Dispenser] E0
[T+2914209173us][CH2-Pc    ] E0
[T+2914374312us][CH1-Dispenser] E1
[T+2914374173us][CH2-Pc    ] E1
[T+2914548197us][CH2-Pc    ] F0
[T+2914554200us][CH1-Dispenser] F0 F8
[T+2914627172us][CH2-Pc    ] F1
[T+2914633201us][CH1-Dispenser] F1 F9
[T+2914705172us][CH2-Pc    ] E1
[T+2914709172us][CH1-Dispenser] E1 E9
[T+2914783172us][CH2-Pc    ] F0
[T+2914792172us][CH1-Dispenser] F0 F8
[T+2914861304us][CH1-Dispenser] E0
[T+2914861173us][CH2-Pc    ] E0
[T+2915036307us][CH1-Dispenser] E1
[T+2915036173us][CH2-Pc    ] E1
[T+2915200172us][CH2-Pc    ] F0
[T+2915204174us][CH1-Dispenser] F0 F8
[T+2915278172us][CH2-Pc    ] F1
[T+2915283172us][CH1-Dispenser] F1 F9
[T+2915356172us][CH2-Pc    ] E1
[T+2915365179us][CH1-Dispenser] E1 E9
[T+2915434172us][CH2-Pc    ] F0
[T+2915440201us][CH1-Dispenser] F0 F8
[T+2915512308us][CH1-Dispenser] E0
[T+2915512173us][CH2-Pc    ] E0
[T+2915687309us][CH1-Dispenser] E1
[T+2915687174us][CH2-Pc    ] E1
[T+2915862172us][CH2-Pc    ] F0
[T+2915869810us][CH1-Dispenser] F0 F8
[T+2915943172us][CH1-Dispenser] F1 F9
[T+2915940172us][CH2-Pc    ] F1
[T+2916007172us][CH2-Pc    ] E1
[T+2916015179us][CH1-Dispenser] E1 E9
[T+2916089172us][CH1-Dispenser] F0 F8
[T+2916085172us][CH2-Pc    ] F0
[T+2916153307us][CH1-Dispenser] E0
[T+2916153173us][CH2-Pc    ] E0
[T+2916328308us][CH1-Dispenser] E1
[T+2916328173us][CH2-Pc    ] E1
[T+2916503172us][CH2-Pc    ] F0
[T+2916509200us][CH1-Dispenser] F0 F8
[T+2916581196us][CH2-Pc    ] F1
[T+2916588172us][CH1-Dispenser] F1 E9
[T+2916659172us][CH2-Pc    ] E1
[T+2916664173us][CH1-Dispenser] E1 E9
[T+2916737172us][CH2-Pc    ] F0
[T+2916745179us][CH1-Dispenser] F0 F8
[T+2916821306us][CH1-Dispenser] E0
[T+2916821173us][CH2-Pc    ] E0
[T+2917019309us][CH1-Dispenser] E1
[T+2917019174us][CH2-Pc    ] E1
[T+2917194172us][CH2-Pc    ] F0
[T+2917199172us][CH1-Dispenser] F0 F8
[T+2917272172us][CH2-Pc    ] F1
[T+2917278200us][CH1-Dispenser] F1 F9
[T+2917350173us][CH2-Pc    ] E1
[T+2917354173us][CH1-Dispenser] E1 E9
[T+2917428172us][CH2-Pc    ] F0
[T+2917435172us][CH1-Dispenser] F0 F8
[T+2917506304us][CH1-Dispenser] E0
[T+2917506173us][CH2-Pc    ] E0
[T+2917670307us][CH1-Dispenser] E1
[T+2917670173us][CH2-Pc    ] E1
[T+2917845172us][CH2-Pc    ] F0
[T+2917849173us][CH1-Dispenser] F0 F8
[T+2917923173us][CH2-Pc    ] F1
[T+2917928172us][CH1-Dispenser] F1 F9
[T+2918001172us][CH2-Pc    ] E1
[T+2918010172us][CH1-Dispenser] E1 E9
[T+2918079172us][CH2-Pc    ] F0
[T+2918086172us][CH1-Dispenser] F0 F8
[T+2918158313us][CH1-Dispenser] E0
[T+2918158175us][CH2-Pc    ] E0
[T+2918332306us][CH1-Dispenser] E1
[T+2918332173us][CH2-Pc    ] E1
[T+2918496172us][CH2-Pc    ] F0
[T+2918505813us][CH1-Dispenser] F0 F8
[T+2918575172us][CH2-Pc    ] F1
[T+2918579172us][CH1-Dispenser] F1 F9
[T+2918653172us][CH2-Pc    ] E1
[T+2918660172us][CH1-Dispenser] E1 E9
[T+2918734172us][CH1-Dispenser] F0 F8
[T+2918731172us][CH2-Pc    ] F0
[T+2918798305us][CH1-Dispenser] E0
[T+2918798173us][CH2-Pc    ] E0
[T+2918973309us][CH1-Dispenser] E1
[T+2918973174us][CH2-Pc    ] E1
[T+2919137172us][CH2-Pc    ] F0
[T+2919143200us][CH1-Dispenser] F0 F8
[T+2919215172us][CH2-Pc    ] F1
[T+2919219172us][CH1-Dispenser] F1 F9
[T+2919294172us][CH2-Pc    ] E1
[T+2919300201us][CH1-Dispenser] E1 E9
[T+2919372197us][CH2-Pc    ] F0
[T+2919379172us][CH1-Dispenser] F0 F8
[T+2919450307us][CH1-Dispenser] E0
[T+2919450173us][CH2-Pc    ] E0
[T+2919624310us][CH1-Dispenser] E1
[T+2919624174us][CH2-Pc    ] E1
[T+2919799172us][CH2-Pc    ] F0
[T+2919804172us][CH1-Dispenser] F0 F8
[T+2919877172us][CH2-Pc    ] F1
[T+2919885172us][CH1-Dispenser] F1 F9
[T+2919955172us][CH2-Pc    ] E1
[T+2919960172us][CH1-Dispenser] E1 E9
[T+2920034172us][CH2-Pc    ] F0
[T+2920041172us][CH1-Dispenser] F0 E8
[T+2920112306us][CH1-Dispenser] E0
[T+2920112173us][CH2-Pc    ] E0
[T+2920286306us][CH1-Dispenser] E1
[T+2920286174us][CH2-Pc    ] E1
[T+2920451172us][CH2-Pc    ] F0
[T+2920458172us][CH1-Dispenser] F0 F8
[T+2920529172us][CH2-Pc    ] F1
[T+2920534172us][CH1-Dispenser] F1 F9
[T+2920607172us][CH2-Pc    ] E1
[T+2920616012us][CH1-Dispenser] E1 E9
[T+2920685172us][CH2-Pc    ] F0
[T+2920689172us][CH1-Dispenser] F0 F8
[T+2920757305us][CH1-Dispenser] E0
[T+2920757173us][CH2-Pc    ] E0
[T+2920944305us][CH1-Dispenser] E1
[T+2920944173us][CH2-Pc    ] E1
[T+2921108172us][CH2-Pc    ] F0
[T+2921114200us][CH1-Dispenser] F0 F8
[T+2921186197us][CH2-Pc    ] F1
[T+2921194172us][CH1-Dispenser] F1 F9
[T+2921264172us][CH2-Pc    ] E1
[T+2921269172us][CH1-Dispenser] E1 E9
[T+2921342172us][CH2-Pc    ] F0
[T+2921351837us][CH1-Dispenser] F0 E8
[T+2921420308us][CH1-Dispenser] E0
[T+2921420173us][CH2-Pc    ] E0
[T+2921595306us][CH1-Dispenser] E1
[T+2921595173us][CH2-Pc    ] E1
[T+2921770172us][CH2-Pc    ] F0
[T+2921775172us][CH1-Dispenser] F0 F8
[T+2921848172us][CH2-Pc    ] F1
[T+2921857172us][CH1-Dispenser] F1 F9
[T+2921926172us][CH2-Pc    ] E1
[T+2921929172us][CH1-Dispenser] E1 E9
[T+2921999172us][CH1-Dispenser] F0 F8
[T+2921996174us][CH2-Pc    ] F0
[T+2922074307us][CH1-Dispenser] E0
[T+2922074173us][CH2-Pc    ] E0
[T+2922248305us][CH1-Dispenser] E1
[T+2922248173us][CH2-Pc    ] E1
[T+2922427172us][CH2-Pc    ] F0
[T+2922435172us][CH1-Dispenser] F0 F8
[T+2922505174us][CH2-Pc    ] F1
[T+2922510844us][CH1-Dispenser] F1 F9
[T+2922584172us][CH2-Pc    ] E1
[T+2922590203us][CH1-Dispenser] E1 E9
[T+2922664174us][CH1-Dispenser] F0 F8
[T+2922661172us][CH2-Pc    ] F0
[T+2922729304us][CH1-Dispenser] E0
[T+2922729173us][CH2-Pc    ] E0
[T+2922904308us][CH1-Dispenser] E1
[T+2922904174us][CH2-Pc    ] E1
[T+2923078200us][CH2-Pc    ] F0
[T+2923084201us][CH1-Dispenser] F0 F8
[T+2923157172us][CH2-Pc    ] F1
[T+2923167421us][CH1-Dispenser] F1 F9
[T+2923235172us][CH2-Pc    ] E1
[T+2923243179us][CH1-Dispenser] E1 E9
[T+2923313172us][CH2-Pc    ] F0
[T+2923320172us][CH1-Dispenser] F0 F8
[T+2923391307us][CH1-Dispenser] E0
[T+2923391173us][CH2-Pc    ] E0
[T+2923567308us][CH1-Dispenser] E1
[T+2923567174us][CH2-Pc    ] E1
[T+2923731173us][CH2-Pc    ] F0
[T+2923734172us][CH1-Dispenser] F0 F8
[T+2923798172us][CH2-Pc    ] F1
[T+2923804200us][CH1-Dispenser] F1 F9
[T+2923876172us][CH2-Pc    ] E1
[T+2923880172us][CH1-Dispenser] E1 FA
[T+2923954187us][CH2-Pc    ] F0
[T+2923960173us][CH1-Dispenser] F0 F8
[T+2924043304us][CH1-Dispenser] E0
[T+2924043173us][CH2-Pc    ] E0
[T+2924218308us][CH1-Dispenser] E1
[T+2924218174us][CH2-Pc    ] E1
[T+2924393172us][CH2-Pc    ] F0
[T+2924399200us][CH1-Dispenser] F0 F8
[T+2924471196us][CH2-Pc    ] F1
[T+2924480179us][CH1-Dispenser] F1 F9
[T+2924549172us][CH2-Pc    ] E1
[T+2924554172us][CH1-Dispenser] E1 E9
[T+2924627172us][CH2-Pc    ] F0
[T+2924637172us][CH1-Dispenser] F0 F8
[T+2924705306us][CH1-Dispenser] E0
[T+2924705173us][CH2-Pc    ] E0
[T+2924886306us][CH1-Dispenser] E1
[T+2924886174us][CH2-Pc    ] E1
[T+2925061172us][CH2-Pc    ] F0
[T+2925069812us][CH1-Dispenser] F0 F8
[T+2925137172us][CH2-Pc    ] F1
[T+2925143200us][CH1-Dispenser] F1 F9
[T+2925215196us][CH2-Pc    ] E1
[T+2925221200us][CH1-Dispenser] E1 E9
[T+2925293196us][CH2-Pc    ] F0
[T+2925300172us][CH1-Dispenser] F0 F8
[T+2925371306us][CH1-Dispenser] E0
[T+2925371173us][CH2-Pc    ] E0
[T+2925546305us][CH1-Dispenser] E1
[T+2925546173us][CH2-Pc    ] E1
[T+2925721172us][CH2-Pc    ] F0
[T+2925729179us][CH1-Dispenser] F0 F8
[T+2925799172us][CH2-Pc    ] F1
[T+2925804172us][CH1-Dispenser] F1 F9
[T+2925877172us][CH2-Pc    ] E1
[T+2925886172us][CH1-Dispenser] E1 E9
[T+2925955172us][CH2-Pc    ] F0
[T+2925960172us][CH1-Dispenser] F0 F8
[T+2926033307us][CH1-Dispenser] E0
[T+2926033173us][CH2-Pc    ] E0
[T+2926203172us][CH1-Dispenser] E1
[T+2926202173us][CH2-Pc    ] E1
[T+2926377197us][CH2-Pc    ] F0
[T+2926385172us][CH1-Dispenser] F0 F8
[T+2926455174us][CH2-Pc    ] F1
[T+2926459172us][CH1-Dispenser] F1 F9
[T+2926523172us][CH2-Pc    ] E1
[T+2926533779us][CH1-Dispenser] E1 E9
[T+2926601172us][CH2-Pc    ] F0
[T+2926605172us][CH1-Dispenser] F0 F8
[T+2926679305us][CH1-Dispenser] E0
[T+2926679173us][CH2-Pc    ] E0
[T+2926865310us][CH1-Dispenser] E1
[T+2926865173us][CH2-Pc    ] E1
[T+2927037172us][CH2-Pc    ] F0
[T+2927044172us][CH1-Dispenser] F0 F8
[T+2927115172us][CH2-Pc    ] F1
[T+2927120173us][CH1-Dispenser] F1 F9
[T+2927194172us][CH2-Pc    ] E1
[T+2927199172us][CH1-Dispenser] E1 E9
[T+2927272174us][CH2-Pc    ] F0
[T+2927280172us][CH1-Dispenser] F0 F8
[T+2927350303us][CH1-Dispenser] E0
[T+2927350173us][CH2-Pc    ] E0
[T+2927514305us][CH1-Dispenser] E1
[T+2927514173us][CH2-Pc    ] E1
[T+2927689172us][CH2-Pc    ] F0
[T+2927695201us][CH1-Dispenser] F0 F8
[T+2927767197us][CH2-Pc    ] F1
[T+2927774172us][CH1-Dispenser] F1 F9
[T+2927845172us][CH2-Pc    ] E1
[T+2927850172us][CH1-Dispenser] E1 E9
[T+2927923172us][CH2-Pc    ] F0
[T+2927931770us][CH1-Dispenser] F0 F8
[T+2928001304us][CH1-Dispenser] E0
[T+2928001173us][CH2-Pc    ] E0
[T+2928176306us][CH1-Dispenser] E1
[T+2928176173us][CH2-Pc    ] E1
[T+2928340172us][CH2-Pc    ] F0
[T+2928345172us][CH1-Dispenser] F0 F8
[T+2928418172us][CH2-Pc    ] F1
[T+2928424201us][CH1-Dispenser] F1 F9
[T+2928496172us][CH2-Pc    ] E1
[T+2928500417us][CH1-Dispenser] E1 E9
[T+2928574172us][CH2-Pc    ] F0
[T+2928579172us][CH1-Dispenser] F0 F8
[T+2928653306us][CH1-Dispenser] E0
[T+2928653174us][CH2-Pc    ] E0
[T+2928827304us][CH1-Dispenser] E1
[T+2928827173us][CH2-Pc    ] E1
[T+2929002172us][CH2-Pc    ] F0
[T+2929010172us][CH1-Dispenser] F0 F8
[T+2929080172us][CH2-Pc    ] F1
[T+2929084172us][CH1-Dispenser] F1 F9
[T+2929158172us][CH2-Pc    ] E1
[T+2929165817us][CH1-Dispenser] E1 E9
[T+2929236172us][CH2-Pc    ] F0
[T+2929241172us][CH1-Dispenser] F0 F8
[T+2929315303us][CH1-Dispenser] E0
[T+2929315173us][CH2-Pc    ] E0
[T+2929490305us][CH1-Dispenser] E1
[T+2929490173us][CH2-Pc    ] E1
[T+2929654196us][CH2-Pc    ] F0
[T+2929661172us][CH1-Dispenser] F0 F8
[T+2929732175us][CH2-Pc    ] F1
[T+2929740813us][CH1-Dispenser] F1 F9
[T+2929810172us][CH2-Pc    ] E1
[T+2929816202us][CH1-Dispenser] E1 E9
[T+2929888197us][CH2-Pc    ] F0
[T+2929897172us][CH1-Dispenser] F0 F8
[T+2929966305us][CH1-Dispenser] E0
[T+2929966173us][CH2-Pc    ] E0
[T+2930139311us][CH1-Dispenser] E1
[T+2930139173us][CH2-Pc    ] E1
[T+2930318172us][CH2-Pc    ] F0
[T+2930325813us][CH1-Dispenser] F0 F8
[T+2930397198us][CH2-Pc    ] F1
[T+2930405172us][CH1-Dispenser] F1 F9
[T+2930475172us][CH2-Pc    ] E1
[T+2930481200us][CH1-Dispenser] E1 E9
[T+2930553200us][CH2-Pc    ] F0
[T+2930560172us][CH1-Dispenser] F0 F8
[T+2930631305us][CH1-Dispenser] E0
[T+2930631173us][CH2-Pc    ] E0
[T+2930795305us][CH1-Dispenser] E1
[T+2930795173us][CH2-Pc    ] E1
[T+2930970174us][CH2-Pc    ] F0
[T+2930974173us][CH1-Dispenser] F0 F8
[T+2931048172us][CH2-Pc    ] F1
[T+2931055172us][CH1-Dispenser] F1 F9
[T+2931126172us][CH2-Pc    ] E1
[T+2931131173us][CH1-Dispenser] E1 E9
[T+2931204172us][CH2-Pc    ] F0
[T+2931210200us][CH1-Dispenser] F0 F8
[T+2931282305us][CH1-Dispenser] E0
[T+2931282173us][CH2-Pc    ] E0
[T+2931457310us][CH1-Dispenser] E1
[T+2931457174us][CH2-Pc    ] E1
[T+2931622172us][CH2-Pc    ] F0
[T+2931630172us][CH1-Dispenser] F0 F8
[T+2931700172us][CH2-Pc    ] F1
[T+2931704172us][CH1-Dispenser] F1 F9
[T+2931768172us][CH2-Pc    ] E1
[T+2931776179us][CH1-Dispenser] E1 E9
[T+2931850172us][CH1-Dispenser] F0 F8
[T+2931846172us][CH2-Pc    ] F0
[T+2931924308us][CH1-Dispenser] E0
[T+2931924173us][CH2-Pc    ] E0
[T+2932099308us][CH1-Dispenser] E1
[T+2932099173us][CH2-Pc    ] E1
[T+2932263172us][CH2-Pc    ] F0
[T+2932270172us][CH1-Dispenser] F0 F8
[T+2932341172us][CH2-Pc    ] F1
[T+2932345173us][CH1-Dispenser] F1 F9
[T+2932419172us][CH2-Pc    ] E1
[T+2932427792us][CH1-Dispenser] E1 E9
[T+2932497173us][CH2-Pc    ] F0
[T+2932506340us][CH1-Dispenser] F0 F8
[T+2932575308us][CH1-Dispenser] E0
[T+2932575173us][CH2-Pc    ] E0
[T+2932750309us][CH1-Dispenser] E1
[T+2932750173us][CH2-Pc    ] E1
[T+2932925172us][CH2-Pc    ] F0
[T+2932929174us][CH1-Dispenser] F0 F8
[T+2933003172us][CH2-Pc    ] F1
[T+2933010172us][CH1-Dispenser] F1 F9
[T+2933081172us][CH2-Pc    ] E1
[T+2933086172us][CH1-Dispenser] E1 E9
[T+2933159172us][CH2-Pc    ] F0
[T+2933165201us][CH1-Dispenser] F0 F8
[T+2933238304us][CH1-Dispenser] E0
[T+2933238173us][CH2-Pc    ] E0
[T+2933413308us][CH1-Dispenser] E1
[T+2933413174us][CH2-Pc    ] E1
[T+2933599196us][CH2-Pc    ] F0
[T+2933605200us][CH1-Dispenser] F0 F8
[T+2933677196us][CH2-Pc    ] F1
[T+2933684814us][CH1-Dispenser] F1 E9
[T+2933755172us][CH2-Pc    ] E1
[T+2933760172us][CH1-Dispenser] E1 E9
[T+2933833172us][CH2-Pc    ] F0
[T+2933841172us][CH1-Dispenser] F0 F8
[T+2933911311us][CH1-Dispenser] E0
[T+2933911173us][CH2-Pc    ] E0
[T+2934075305us][CH1-Dispenser] E1
[T+2934075173us][CH2-Pc    ] E1
[T+2934250172us][CH2-Pc    ] F0
[T+2934255172us][CH1-Dispenser] F0 F8
[T+2934328172us][CH2-Pc    ] F1
[T+2934335172us][CH1-Dispenser] F1 F9
[T+2934401208us][CH2-Pc    ] E1
[T+2934407203us][CH1-Dispenser] E1 E9
[T+2934479197us][CH2-Pc    ] F0
[T+2934486172us][CH1-Dispenser] F0 F8
[T+2934557306us][CH1-Dispenser] E0
[T+2934557173us][CH2-Pc    ] E0
[T+2934732306us][CH1-Dispenser] E1
[T+2934732173us][CH2-Pc    ] E1
[T+2934907172us][CH2-Pc    ] F0
[T+2934915172us][CH1-Dispenser] F0 F8
[T+2934984172us][CH2-Pc    ] F1
[T+2934990200us][CH1-Dispenser] F1 F9
[T+2935063172us][CH2-Pc    ] E1
[T+2935070812us][CH1-Dispenser] E1 E9
[T+2935145172us][CH1-Dispenser] F0 F8
[T+2935141172us][CH2-Pc    ] F0
[T+2935219304us][CH1-Dispenser] E0
[T+2935219173us][CH2-Pc    ] E0
[T+2935394305us][CH1-Dispenser] E1
[T+2935394173us][CH2-Pc    ] E1