connected
[T+224371172us][CH2-Pc    ] F0
[T+224378802us][CH1-Dispenser] F0 F8
[T+224449172us][CH2-Pc    ] F1
[T+224454172us][CH1-Dispenser] F1 F9
[T+224527173us][CH2-Pc    ] E1
[T+224531173us][CH1-Dispenser] E1 E9
[T+224605172us][CH2-Pc    ] F0
[T+224610173us][CH1-Dispenser] F0 F8
[T+224683306us][CH1-Dispenser] E0
[T+224683173us][CH2-Pc    ] E0
[T+224858322us][CH1-Dispenser] E1
[T+224858181us][CH2-Pc    ] E1
[T+225022172us][CH2-Pc    ] F0
[T+225031172us][CH1-Dispenser] F0 F8
[T+225100172us][CH2-Pc    ] F1
[T+225105172us][CH1-Dispenser] F1 F9
[T+225178172us][CH2-Pc    ] E1
[T+225185172us][CH1-Dispenser] E1 E9
[T+225256172us][CH2-Pc    ] F0
[T+225261172us][CH1-Dispenser] F0 F8
[T+225334303us][CH1-Dispenser] E0
[T+225334173us][CH2-Pc    ] E0
[T+225509305us][CH1-Dispenser] E1
[T+225509174us][CH2-Pc    ] E1
[T+225684173us][CH2-Pc    ] F0
[T+225688172us][CH1-Dispenser] F0 F8
[T+225762172us][CH2-Pc    ] F1
[T+225768200us][CH1-Dispenser] F1 F9
[T+225840196us][CH2-Pc    ] E1
[T+225847172us][CH1-Dispenser] E1 E9
[T+225919197us][CH2-Pc    ] F0
[T+225926172us][CH1-Dispenser] F0 F8
[T+225996303us][CH1-Dispenser] E0
[T+225996173us][CH2-Pc    ] E0
[T+226171307us][CH1-Dispenser] E1
[T+226171173us][CH2-Pc    ] E1
[T+226335172us][CH2-Pc    ] F0
[T+226344815us][CH1-Dispenser] F0 F8
[T+226418172us][CH1-Dispenser] F1 F9
[T+226415172us][CH2-Pc    ] F1
[T+226493172us][CH2-Pc    ] E1
[T+226497172us][CH1-Dispenser] E1 E9
[T+226571172us][CH2-Pc    ] F0
[T+226576173us][CH1-Dispenser] F0 F8
[T+226649314us][CH1-Dispenser] E0
[T+226649175us][CH2-Pc    ] E0
[T+226824305us][CH1-Dispenser] E1
[T+226824173us][CH2-Pc    ] E1
[T+226991172us][CH2-Pc    ] F0
[T+227002251us][CH1-Dispenser] F0 F8
[T+227069172us][CH2-Pc    ] F1
[T+227074172us][CH1-Dispenser] F1 E9
[T+227147172us][CH2-Pc    ] E1
[T+227151172us][CH1-Dispenser] E1 E9
[T+227228172us][CH2-Pc    ] F0
[T+227236172us][CH1-Dispenser] F0 F8
[T+227306304us][CH1-Dispenser] E0
[T+227306173us][CH2-Pc    ] E0
[T+227481305us][CH1-Dispenser] E1
[T+227481173us][CH2-Pc    ] E1
[T+227656172us][CH2-Pc    ] F0
[T+227663172us][CH1-Dispenser] F0 F8
[T+227734172us][CH2-Pc    ] F1
[T+227739172us][CH1-Dispenser] F1 F9
[T+227812172us][CH2-Pc    ] E1
[T+227816172us][CH1-Dispenser] E1 E9
[T+227890172us][CH2-Pc    ] F0
[T+227897172us][CH1-Dispenser] F0 F8
[T+227968303us][CH1-Dispenser] E0
[T+227968173us][CH2-Pc    ] E0
[T+228132308us][CH1-Dispenser] E1
[T+228132174us][CH2-Pc    ] E1
[T+228307172us][CH2-Pc    ] F0
[T+228314172us][CH1-Dispenser] F0 F8
[T+228386198us][CH2-Pc    ] F1
[T+228393172us][CH1-Dispenser] F1 F9
[T+228464172us][CH2-Pc    ] E1
[T+228472179us][CH1-Dispenser] E1 E9
[T+228545172us][CH1-Dispenser] F0 F8
[T+228542172us][CH2-Pc    ] F0
[T+228610302us][CH1-Dispenser] E0
[T+228610173us][CH2-Pc    ] E0
[T+228774308us][CH1-Dispenser] E1
[T+228774173us][CH2-Pc    ] E1
[T+228948196us][CH2-Pc    ] F0
[T+228955813us][CH1-Dispenser] F0 F8
[T+229027196us][CH2-Pc    ] F1
[T+229035172us][CH1-Dispenser] F1 F9
[T+229105172us][CH2-Pc    ] E1
[T+229111200us][CH1-Dispenser] E1 E9
[T+229183172us][CH2-Pc    ] F0
[T+229187172us][CH1-Dispenser] F0 E8
[T+229261303us][CH1-Dispenser] E0
[T+229261173us][CH2-Pc    ] E0
[T+229436304us][CH1-Dispenser] E1
[T+229436173us][CH2-Pc    ] E1
[T+229600172us][CH2-Pc    ] F0
[T+229604172us][CH1-Dispenser] F0 F8
[T+229678172us][CH2-Pc    ] F1
[T+229683172us][CH1-Dispenser] F1 F9
[T+229756172us][CH2-Pc    ] E1
[T+229762200us][CH1-Dispenser] E1 E9
[T+229834196us][CH2-Pc    ] F0
[T+229841172us][CH1-Dispenser] F0 F8
[T+229912305us][CH1-Dispenser] E0
[T+229912173us][CH2-Pc    ] E0
[T+230087304us][CH1-Dispenser] E1
[T+230087173us][CH2-Pc    ] E1
[T+230262173us][CH2-Pc    ] F0
[T+230269816us][CH1-Dispenser] F0 F8
[T+230340172us][CH2-Pc    ] F1
[T+230346200us][CH1-Dispenser] F1 F9
[T+230418197us][CH2-Pc    ] E1
[T+230427172us][CH1-Dispenser] E1 E9
[T+230496172us][CH2-Pc    ] F0
[T+230501172us][CH1-Dispenser] F0 E8
[T+230574304us][CH1-Dispenser] E0
[T+230574174us][CH2-Pc    ] E0
[T+230749304us][CH1-Dispenser] E1
[T+230749173us][CH2-Pc    ] E1
[T+230914172us][CH2-Pc    ] F0
[T+230919173us][CH1-Dispenser] F0 F8
[T+230991197us][CH2-Pc    ] F1
[T+230999179us][CH1-Dispenser] F1 F9
[T+231070172us][CH2-Pc    ] E1
[T+231077172us][CH1-Dispenser] E1 E9
[T+231148172us][CH2-Pc    ] F0
[T+231153172us][CH1-Dispenser] F0 F8
[T+231226304us][CH1-Dispenser] E0
[T+231226173us][CH2-Pc    ] E0
[T+231401305us][CH1-Dispenser] E1
[T+231401173us][CH2-Pc    ] E1
[T+231575172us][CH2-Pc    ] F0
[T+231579172us][CH1-Dispenser] F0 F8
[T+231643310us][CH2-Pc    ] F1
[T+231649201us][CH1-Dispenser] F1 F9
[T+231721197us][CH2-Pc    ] E1
[T+231728172us][CH1-Dispenser] E1 E9
[T+231799175us][CH2-Pc    ] F0
[T+231809811us][CH1-Dispenser] F0 F8
[T+231877305us][CH1-Dispenser] E0
[T+231877173us][CH2-Pc    ] E0
[T+232063304us][CH1-Dispenser] E1
[T+232063173us][CH2-Pc    ] E1
[T+232227172us][CH2-Pc    ] F0
[T+232235808us][CH1-Dispenser] F0 F8
[T+232305172us][CH2-Pc    ] F1
[T+232308172us][CH1-Dispenser] F1 F9
[T+232387172us][CH1-Dispenser] E1 E9
[T+232383172us][CH2-Pc    ] E1
[T+232461172us][CH2-Pc    ] F0
[T+232468172us][CH1-Dispenser] F0 F8
[T+232539304us][CH1-Dispenser] E0
[T+232539173us][CH2-Pc    ] E0
[T+232714307us][CH1-Dispenser] E1
[T+232714174us][CH2-Pc    ] E1
[T+232890172us][CH2-Pc    ] F0
[T+232894173us][CH1-Dispenser] F0 F8
[T+232968172us][CH2-Pc    ] F1
[T+232973172us][CH1-Dispenser] F1 F9
[T+233046172us][CH2-Pc    ] E1
[T+233052200us][CH1-Dispenser] E1 E9
[T+233124196us][CH2-Pc    ] F0
[T+233131172us][CH1-Dispenser] F0 F8
[T+233202304us][CH1-Dispenser] E0
[T+233202173us][CH2-Pc    ] E0
[T+233366307us][CH1-Dispenser] E1
[T+233366173us][CH2-Pc    ] E1
[T+233541172us][CH2-Pc    ] F0
[T+233550776us][CH1-Dispenser] F0 E8
[T+233619172us][CH2-Pc    ] F1
[T+233624172us][CH1-Dispenser] F1 F9
[T+233698172us][CH2-Pc    ] E1
[T+233703172us][CH1-Dispenser] E1 E9
[T+233776172us][CH2-Pc    ] F0
[T+233782200us][CH1-Dispenser] F0 F8
[T+233854305us][CH1-Dispenser] E0
[T+233854174us][CH2-Pc    ] E0
[T+234028172us][CH2-Pc    ] E1
[T+234029172us][CH1-Dispenser] E1
[T+234203196us][CH2-Pc    ] F0
[T+234209200us][CH1-Dispenser] F0 F8
[T+234282172us][CH2-Pc    ] F1
[T+234289172us][CH1-Dispenser] F1 F9
[T+234360174us][CH2-Pc    ] E1
[T+234369179us][CH1-Dispenser] E1 E9
[T+234441172us][CH1-Dispenser] F0 F8
[T+234438172us][CH2-Pc    ] F0
[T+234516304us][CH1-Dispenser] E0
[T+234516173us][CH2-Pc    ] E0
[T+234680305us][CH1-Dispenser] E1
[T+234680173us][CH2-Pc    ] E1
[T+234855172us][CH2-Pc    ] F0
[T+234860174us][CH1-Dispenser] F0 F8
[T+234934172us][CH2-Pc    ] F1
[T+234939172us][CH1-Dispenser] F1 F9
[T+235012172us][CH2-Pc    ] E1
[T+235018200us][CH1-Dispenser] E1 E9
[T+235090196us][CH2-Pc    ] F0
[T+235097172us][CH1-Dispenser] F0 F8
[T+235168304us][CH1-Dispenser] E0
[T+235168173us][CH2-Pc    ] E0
[T+235343307us][CH1-Dispenser] E1
[T+235343174us][CH2-Pc    ] E1
[T+235507172us][CH2-Pc    ] F0
[T+235514772us][CH1-Dispenser] F0 F8
[T+235585172us][CH2-Pc    ] F1
[T+235590174us][CH1-Dispenser] F1 F9
[T+235663172us][CH2-Pc    ] E1
[T+235674746us][CH1-Dispenser] E1 E9
[T+235741172us][CH2-Pc    ] F0
[T+235748172us][CH1-Dispenser] F0 E8
[T+235819304us][CH1-Dispenser] E0
[T+235819173us][CH2-Pc    ] E0
[T+235994307us][CH1-Dispenser] E1
[T+235994173us][CH2-Pc    ] E1
[T+236169172us][CH2-Pc    ] F0
[T+236173172us][CH1-Dispenser] F0 F8
[T+236247172us][CH2-Pc    ] F1
[T+236255172us][CH1-Dispenser] F1 E9
[T+236325172us][CH2-Pc    ] E1
[T+236332172us][CH1-Dispenser] E1 E9
[T+236404196us][CH2-Pc    ] F0
[T+236412179us][CH1-Dispenser] F0 F8
[T+236482307us][CH1-Dispenser] E0
[T+236482173us][CH2-Pc    ] E0
[T+236656308us][CH1-Dispenser] E1
[T+236656174us][CH2-Pc    ] E1
[T+236821172us][CH2-Pc    ] F0
[T+236824172us][CH1-Dispenser] F0 F8
[T+236899172us][CH2-Pc    ] F1
[T+236905202us][CH1-Dispenser] F1 F9
[T+236977172us][CH2-Pc    ] E1
[T+236982172us][CH1-Dispenser] E1 E9
[T+237055172us][CH2-Pc    ] F0
[T+237061202us][CH1-Dispenser] F0 F8
[T+237133308us][CH1-Dispenser] E0
[T+237133174us][CH2-Pc    ] E0
[T+237311305us][CH1-Dispenser] E1
[T+237311173us][CH2-Pc    ] E1
[T+237477172us][CH2-Pc    ] F0
[T+237485179us][CH1-Dispenser] F0 F8
[T+237559172us][CH1-Dispenser] F1 F9
[T+237555172us][CH2-Pc    ] F1
[T+237633172us][CH2-Pc    ] E1
[T+237638175us][CH1-Dispenser] E1 E9
[T+237711172us][CH2-Pc    ] F0
[T+237717202us][CH1-Dispenser] F0 F8
[T+237789304us][CH1-Dispenser] E0
[T+237789173us][CH2-Pc    ] E0
[T+237964303us][CH1-Dispenser] E1
[T+237964173us][CH2-Pc    ] E1
[T+238139172us][CH2-Pc    ] F0
[T+238145276us][CH1-Dispenser] F0 E8
[T+238217196us][CH2-Pc    ] F1
[T+238224172us][CH1-Dispenser] F1 F9
[T+238295172us][CH2-Pc    ] E1
[T+238303774us][CH1-Dispenser] E1 E9
[T+238373172us][CH2-Pc    ] F0
[T+238376173us][CH1-Dispenser] F0 F8
[T+238440172us][CH2-Pc    ] E0
[T+238441172us][CH1-Dispenser] E0
[T+238615304us][CH1-Dispenser] E1
[T+238615174us][CH2-Pc    ] E1
[T+238791172us][CH2-Pc    ] F0
[T+238795172us][CH1-Dispenser] F0 F8
[T+238869173us][CH2-Pc    ] F1
[T+238874173us][CH1-Dispenser] F1 F9
[T+238947172us][CH2-Pc    ] E1
[T+238951172us][CH1-Dispenser] E1 E9
[T+239025172us][CH2-Pc    ] F0
[T+239032726us][CH1-Dispenser] F0 F8
[T+239104305us][CH1-Dispenser] E0
[T+239104173us][CH2-Pc    ] E0
[T+239279172us][CH1-Dispenser] E1
[T+239278172us][CH2-Pc    ] E1
[T+239453196us][CH2-Pc    ] F0
[T+239462179us][CH1-Dispenser] F0 F8
[T+239531172us][CH2-Pc    ] F1
[T+239539179us][CH1-Dispenser] F1 F9
[T+239609174us][CH2-Pc    ] E1
[T+239616172us][CH1-Dispenser] E1 E9
[T+239688172us][CH2-Pc    ] F0
[T+239692172us][CH1-Dispenser] F0 F8
[T+239766309us][CH1-Dispenser] E0
[T+239766174us][CH2-Pc    ] E0
[T+239930305us][CH1-Dispenser] E1
[T+239930173us][CH2-Pc    ] E1
[T+240105172us][CH2-Pc    ] F0
[T+240111205us][CH1-Dispenser] F0 F8
[T+240183196us][CH2-Pc    ] F1
[T+240190172us][CH1-Dispenser] F1 F9
[T+240261172us][CH2-Pc    ] E1
[T+240267201us][CH1-Dispenser] E1 E9
[T+240342172us][CH2-Pc    ] F0
[T+240348200us][CH1-Dispenser] F0 F8
[T+240420304us][CH1-Dispenser] E0
[T+240420173us][CH2-Pc    ] E0
[T+240584304us][CH1-Dispenser] E1
[T+240584173us][CH2-Pc    ] E1
[T+240759037us][CH2-Pc    ] F0
[T+240765219us][CH1-Dispenser] F0 F8
[T+240836172us][CH2-Pc    ] F1
[T+240840172us][CH1-Dispenser] F1 F9
[T+240916172us][CH2-Pc    ] E1
[T+240923172us][CH1-Dispenser] E1 E9
[T+240994172us][CH2-Pc    ] F0
[T+241002781us][CH1-Dispenser] F0 F8
[T+241072303us][CH1-Dispenser] E0
[T+241072173us][CH2-Pc    ] E0
[T+241247305us][CH1-Dispenser] E1
[T+241247173us][CH2-Pc    ] E1
[T+241422172us][CH2-Pc    ] F0
[T+241430172us][CH1-Dispenser] F0 F8
[T+241500172us][CH2-Pc    ] F1
[T+241505172us][CH1-Dispenser] F1 F9
[T+241578172us][CH2-Pc    ] E1
[T+241582172us][CH1-Dispenser] E1 E9
[T+241656172us][CH2-Pc    ] F0
[T+241663172us][CH1-Dispenser] F0 F8
[T+241735305us][CH1-Dispenser] E0
[T+241735175us][CH2-Pc    ] E0
[T+241898305us][CH1-Dispenser] E1
[T+241898173us][CH2-Pc    ] E1
[T+242073172us][CH2-Pc    ] F0
[T+242080813us][CH1-Dispenser] F0 F8
[T+242153172us][CH2-Pc    ] F1
[T+242159200us][CH1-Dispenser] F1 F9
[T+242230172us][CH2-Pc    ] E1
[T+242238172us][CH1-Dispenser] E1 E9
[T+242309172us][CH2-Pc    ] F0
[T+242314172us][CH1-Dispenser] F0 F8
[T+242387304us][CH1-Dispenser] E0
[T+242387173us][CH2-Pc    ] E0
[T+242562304us][CH1-Dispenser] E1
[T+242562173us][CH2-Pc    ] E1
[T+242726172us][CH2-Pc    ] F0
[T+242731172us][CH1-Dispenser] F0 E8
[T+242804172us][CH2-Pc    ] F1
[T+242810200us][CH1-Dispenser] F1 F9
[T+242882172us][CH2-Pc    ] E1
[T+242887173us][CH1-Dispenser] E1 E9
[T+242960172us][CH2-Pc    ] F0
[T+242968811us][CH1-Dispenser] F0 F8
[T+243038304us][CH1-Dispenser] E0
[T+243038173us][CH2-Pc    ] E0
[T+243215304us][CH1-Dispenser] E1
[T+243215173us][CH2-Pc    ] E1
[T+243390172us][CH2-Pc    ] F0
[T+243395173us][CH1-Dispenser] F0 F8
[T+243470175us][CH2-Pc    ] F1
[T+243475172us][CH1-Dispenser] F1 F9
[T+243548172us][CH2-Pc    ] E1
[T+243552172us][CH1-Dispenser] E1 E9
[T+243626172us][CH2-Pc    ] F0
[T+243633172us][CH1-Dispenser] F0 F8
[T+243704304us][CH1-Dispenser] E0
[T+243704173us][CH2-Pc    ] E0
[T+243889310us][CH1-Dispenser] E1
[T+243889174us][CH2-Pc    ] E1
[T+244053172us][CH2-Pc    ] F0
[T+244060172us][CH1-Dispenser] F0 F8
[T+244131172us][CH2-Pc    ] F1
[T+244134172us][CH1-Dispenser] F1 F9
[T+244198172us][CH2-Pc    ] E1
[T+244202172us][CH1-Dispenser] E1 E9
[T+244276172us][CH2-Pc    ] F0
[T+244285717us][CH1-Dispenser] F0 F8
[T+244355303us][CH1-Dispenser] E0
[T+244355173us][CH2-Pc    ] E0
[T+244529304us][CH1-Dispenser] E1
[T+244529173us][CH2-Pc    ] E1
[T+244693172us][CH2-Pc    ] F0
[T+244700911us][CH1-Dispenser] F0 F8
[T+244771172us][CH2-Pc    ] F1
[T+244776172us][CH1-Dispenser] F1 F9
[T+244850172us][CH2-Pc    ] E1
[T+244858172us][CH1-Dispenser] E1 E9
[T+244928172us][CH2-Pc    ] F0
[T+244932172us][CH1-Dispenser] F0 F8
[T+245006303us][CH1-Dispenser] E0
[T+245006173us][CH2-Pc    ] E0
[T+245181307us][CH1-Dispenser] E1
[T+245181174us][CH2-Pc    ] E1
[T+245356172us][CH2-Pc    ] F0
[T+245359175us][CH1-Dispenser] F0 F8
[T+245434172us][CH2-Pc    ] F1
[T+245440200us][CH1-Dispenser] F1 F9
[T+245512196us][CH2-Pc    ] E1
[T+245519172us][CH1-Dispenser] E1 E9
[T+245590172us][CH2-Pc    ] F0
[T+245600179us][CH1-Dispenser] F0 E8
[T+245676306us][CH1-Dispenser] E0
[T+245676174us][CH2-Pc    ] E0
[T+245850173us][CH2-Pc    ] E1
[T+245851172us][CH1-Dispenser] E1
[T+246025172us][CH2-Pc    ] F0
[T+246030172us][CH1-Dispenser] F0 F8
[T+246104172us][CH2-Pc    ] F1
[T+246111172us][CH1-Dispenser] F1 F9
[T+246182172us][CH2-Pc    ] E1
[T+246189775us][CH1-Dispenser] E1 E9
[T+246260172us][CH2-Pc    ] F0
[T+246269172us][CH1-Dispenser] F0 F8
[T+246342310us][CH1-Dispenser] E0
[T+246342175us][CH2-Pc    ] E0
[T+246506303us][CH1-Dispenser] E1
[T+246506173us][CH2-Pc    ] E1
[T+246681172us][CH2-Pc    ] F0
[T+246686174us][CH1-Dispenser] F0 F8
[T+246759172us][CH2-Pc    ] F1
[T+246765200us][CH1-Dispenser] F1 F9
[T+246837196us][CH2-Pc    ] E1
[T+246844172us][CH1-Dispenser] E1 E9
[T+246915172us][CH2-Pc    ] F0
[T+246923794us][CH1-Dispenser] F0 F8
[T+246993304us][CH1-Dispenser] E0
[T+246993173us][CH2-Pc    ] E0
[T+247168306us][CH1-Dispenser] E1
[T+247168173us][CH2-Pc    ] E1
[T+247343172us][CH2-Pc    ] F0
[T+247350816us][CH1-Dispenser] F0 F8
[T+247424172us][CH1-Dispenser] F1 F9
[T+247421172us][CH2-Pc    ] F1
[T+247488172us][CH2-Pc    ] E1
[T+247494200us][CH1-Dispenser] E1 E9
[T+247566450us][CH2-Pc    ] F0
[T+247573172us][CH1-Dispenser] F0 F8
[T+247644304us][CH1-Dispenser] E0
[T+247644173us][CH2-Pc    ] E0
[T+247819305us][CH1-Dispenser] E1
[T+247819174us][CH2-Pc    ] E1
[T+247994172us][CH2-Pc    ] F0
[T+248001172us][CH1-Dispenser] F0 F8
[T+248072172us][CH2-Pc    ] F1
[T+248082180us][CH1-Dispenser] F1 F9
[T+248150172us][CH2-Pc    ] E1
[T+248159172us][CH1-Dispenser] E1 E9
[T+248228172us][CH2-Pc    ] F0
[T+248234200us][CH1-Dispenser] F0 F8
[T+248307304us][CH1-Dispenser] E0
[T+248307173us][CH2-Pc    ] E0
[T+248481307us][CH1-Dispenser] E1
[T+248481174us][CH2-Pc    ] E1
[T+248656173us][CH2-Pc    ] F0
[T+248660174us][CH1-Dispenser] F0 F8
[T+248734172us][CH2-Pc    ] F1
[T+248740200us][CH1-Dispenser] F1 F9
[T+248813172us][CH2-Pc    ] E1
[T+248818172us][CH1-Dispenser] E1 E9
[T+248890197us][CH2-Pc    ] F0
[T+248899230us][CH1-Dispenser] F0 F8
[T+248969307us][CH1-Dispenser] E0
[T+248969173us][CH2-Pc    ] E0
[T+249133306us][CH1-Dispenser] E1
[T+249133173us][CH2-Pc    ] E1
[T+249308172us][CH2-Pc    ] F0
[T+249315811us][CH1-Dispenser] F0 F8
[T+249390172us][CH1-Dispenser] F1 F9
[T+249386172us][CH2-Pc    ] F1
[T+249464172us][CH2-Pc    ] E1
[T+249469172us][CH1-Dispenser] E1 E9
[T+249542172us][CH2-Pc    ] F0
[T+249548200us][CH1-Dispenser] F0 F8
[T+249620309us][CH1-Dispenser] E0
[T+249620173us][CH2-Pc    ] E0
[T+249796305us][CH1-Dispenser] E1
[T+249796173us][CH2-Pc    ] E1
[T+249960172us][CH2-Pc    ] F0
[T+249965173us][CH1-Dispenser] F0 F8
[T+250038518us][CH2-Pc    ] F1
[T+250049243us][CH1-Dispenser] F1 F9
[T+250116172us][CH2-Pc    ] E1
[T+250126132us][CH1-Dispenser] E1 E9
[T+250194172us][CH2-Pc    ] F0
[T+250202778us][CH1-Dispenser] F0 F8
[T+250272303us][CH1-Dispenser] E0
[T+250272173us][CH2-Pc    ] E0
[T+250447306us][CH1-Dispenser] E1
[T+250447173us][CH2-Pc    ] E1
[T+250626173us][CH1-Dispenser] F0 F8
[T+250622174us][CH2-Pc    ] F0
[T+250700172us][CH2-Pc    ] F1
[T+250707172us][CH1-Dispenser] F1 F9
[T+250778172us][CH2-Pc    ] E1
[T+250782172us][CH1-Dispenser] E1 E9
[T+250856172us][CH2-Pc    ] F0
[T+250863172us][CH1-Dispenser] F0 E8
[T+250934303us][CH1-Dispenser] E0
[T+250934173us][CH2-Pc    ] E0
[T+251109305us][CH1-Dispenser] E1
[T+251109173us][CH2-Pc    ] E1
[T+251273172us][CH2-Pc    ] F0
[T+251282811us][CH1-Dispenser] F0 F8
[T+251351172us][CH2-Pc    ] F1
[T+251356172us][CH1-Dispenser] F1 F9
[T+251429172us][CH2-Pc    ] E1
[T+251438250us][CH1-Dispenser] E1 E9
[T+251508172us][CH2-Pc    ] F0
[T+251512172us][CH1-Dispenser] F0 F8
[T+251586304us][CH1-Dispenser] E0
[T+251586173us][CH2-Pc    ] E0
[T+251761305us][CH1-Dispenser] E1
[T+251761173us][CH2-Pc    ] E1
[T+251935173us][CH2-Pc    ] F0
[T+251940173us][CH1-Dispenser] F0 F8
[T+252013172us][CH2-Pc    ] F1
[T+252021172us][CH1-Dispenser] F1 F9
[T+252092172us][CH2-Pc    ] E1
[T+252098200us][CH1-Dispenser] E1 E9
[T+252170196us][CH2-Pc    ] F0
[T+252177818us][CH1-Dispenser] F0 E8
[T+252248307us][CH1-Dispenser] E0
[T+252248173us][CH2-Pc    ] E0
[T+252412303us][CH1-Dispenser] E1
[T+252412173us][CH2-Pc    ] E1
[T+252587172us][CH2-Pc    ] F0
[T+252590172us][CH1-Dispenser] F0 F8
[T+252665172us][CH2-Pc    ] F1
[T+252671200us][CH1-Dispenser] F1 F9
[T+252748172us][CH2-Pc    ] E1
[T+252754200us][CH1-Dispenser] E1 E9
[T+252826197us][CH2-Pc    ] F0
[T+252833172us][CH1-Dispenser] F0 F8
[T+252904306us][CH1-Dispenser] E0
[T+252904173us][CH2-Pc    ] E0
[T+253068305us][CH1-Dispenser] E1
[T+253068173us][CH2-Pc    ] E1
[T+253243172us][CH2-Pc    ] F0
[T+253253179us][CH1-Dispenser] F0 F8
[T+253321172us][CH2-Pc    ] F1
[T+253325172us][CH1-Dispenser] F1 F9
[T+253399172us][CH2-Pc    ] E1
[T+253402447us][CH1-Dispenser] E1 E9
[T+253467172us][CH2-Pc    ] F0
[T+253472172us][CH1-Dispenser] F0 F8
[T+253545307us][CH1-Dispenser] E0
[T+253545173us][CH2-Pc    ] E0
[T+253709356us][CH1-Dispenser] E1
[T+253709173us][CH2-Pc    ] E1
[T+253884172us][CH2-Pc    ] F0
[T+253891172us][CH1-Dispenser] F0 F8
[T+253965172us][CH1-Dispenser] F1 F9
[T+253962172us][CH2-Pc    ] F1
[T+254029172us][CH2-Pc    ] E1
[T+254035202us][CH1-Dispenser] E1 E9
[T+254108172us][CH2-Pc    ] F0
[T+254114200us][CH1-Dispenser] F0 F8
[T+254180172us][CH1-Dispenser] E0
[T+254179172us][CH2-Pc    ] E0
[T+254354307us][CH1-Dispenser] E1
[T+254354174us][CH2-Pc    ] E1
[T+254529172us][CH2-Pc    ] F0
[T+254536172us][CH1-Dispenser] F0 F8
[T+254607242us][CH2-Pc    ] F1
[T+254610172us][CH1-Dispenser] F1 F9
[T+254675172us][CH2-Pc    ] E1
[T+254685179us][CH1-Dispenser] E1 E9
[T+254753172us][CH2-Pc    ] F0
[T+254757172us][CH1-Dispenser] F0 F8
[T+254831305us][CH1-Dispenser] E0
[T+254831173us][CH2-Pc    ] E0
[T+255006306us][CH1-Dispenser] E1
[T+255006174us][CH2-Pc    ] E1
[T+255185172us][CH2-Pc    ] F0
[T+255190172us][CH1-Dispenser] F0 F8
[T+255263172us][CH2-Pc    ] F1
[T+255271795us][CH1-Dispenser] F1 F9