connected
[T+7804152172us][CH2-Pc    ] F0
[T+7804159172us][CH1-Dispenser] F0 F8
[T+7804230172us][CH2-Pc    ] F1
[T+7804235172us][CH1-Dispenser] F1 F9
[T+7804309172us][CH2-Pc    ] E1
[T+7804314172us][CH1-Dispenser] E1 E9
[T+7804387172us][CH2-Pc    ] F0
[T+7804397180us][CH1-Dispenser] F0 F8
[T+7804465308us][CH1-Dispenser] E0
[T+7804465173us][CH2-Pc    ] E0
[T+7804629307us][CH1-Dispenser] E1
[T+7804629173us][CH2-Pc    ] E1
[T+7804804174us][CH2-Pc    ] F0
[T+7804811809us][CH1-Dispenser] F0 F8
[T+7804882172us][CH2-Pc    ] F1
[T+7804892174us][CH1-Dispenser] F1 F9
[T+7804960172us][CH2-Pc    ] E1
[T+7804965172us][CH1-Dispenser] E1 E9
[T+7805039172us][CH2-Pc    ] F0
[T+7805044173us][CH1-Dispenser] F0 F8
[T+7805117305us][CH1-Dispenser] E0
[T+7805117173us][CH2-Pc    ] E0
[T+7805291307us][CH1-Dispenser] E1
[T+7805291173us][CH2-Pc    ] E1
[T+7805455172us][CH2-Pc    ] F0
[T+7805460172us][CH1-Dispenser] F0 F8
[T+7805533172us][CH2-Pc    ] F1
[T+7805541179us][CH1-Dispenser] F1 F9
[T+7805612172us][CH2-Pc    ] E1
[T+7805621172us][CH1-Dispenser] E1 E9
[T+7805690172us][CH2-Pc    ] F0
[T+7805694172us][CH1-Dispenser] F0 F8
[T+7805768308us][CH1-Dispenser] E0
[T+7805768173us][CH2-Pc    ] E0
[T+7805943306us][CH1-Dispenser] E1
[T+7805943173us][CH2-Pc    ] E1
[T+7806117196us][CH2-Pc    ] F0
[T+7806125172us][CH1-Dispenser] F0 F8
[T+7806195172us][CH2-Pc    ] F1
[T+7806199172us][CH1-Dispenser] F1 F9
[T+7806263172us][CH2-Pc    ] E1
[T+7806271179us][CH1-Dispenser] E1 E9
[T+7806345172us][CH1-Dispenser] F0 F8
[T+7806341172us][CH2-Pc    ] F0
[T+7806419303us][CH1-Dispenser] E0
[T+7806419173us][CH2-Pc    ] E0
[T+7806596306us][CH1-Dispenser] E1
[T+7806596173us][CH2-Pc    ] E1
[T+7806778172us][CH2-Pc    ] F0
[T+7806784201us][CH1-Dispenser] F0 F8
[T+7806860191us][CH2-Pc    ] F1
[T+7806866173us][CH1-Dispenser] F1 F9
[T+7806938197us][CH2-Pc    ] E1
[T+7806945172us][CH1-Dispenser] E1 FA
[T+7807018172us][CH2-Pc    ] F0
[T+7807026796us][CH1-Dispenser] F0 F8
[T+7807096305us][CH1-Dispenser] E0
[T+7807096173us][CH2-Pc    ] E0
[T+7807271310us][CH1-Dispenser] E1
[T+7807271173us][CH2-Pc    ] E1
[T+7807440172us][CH2-Pc    ] F0
[T+7807444172us][CH1-Dispenser] F0 F8
[T+7807518172us][CH2-Pc    ] F1
[T+7807525172us][CH1-Dispenser] F1 F9
[T+7807596172us][CH2-Pc    ] E1
[T+7807601172us][CH1-Dispenser] E1 E9
[T+7807674172us][CH2-Pc    ] F0
[T+7807680200us][CH1-Dispenser] F0 F8
[T+7807752304us][CH1-Dispenser] E0
[T+7807752173us][CH2-Pc    ] E0
[T+7807927306us][CH1-Dispenser] E1
[T+7807927173us][CH2-Pc    ] E1
[T+7808102172us][CH2-Pc    ] F0
[T+7808109172us][CH1-Dispenser] F0 F8
[T+7808180172us][CH2-Pc    ] F1
[T+7808184172us][CH1-Dispenser] F1 F9
[T+7808258172us][CH2-Pc    ] E1
[T+7808266172us][CH1-Dispenser] E1 E9
[T+7808339172us][CH1-Dispenser] F0 F8
[T+7808336172us][CH2-Pc    ] F0
[T+7808403306us][CH1-Dispenser] E0
[T+7808403173us][CH2-Pc    ] E0
[T+7808589307us][CH1-Dispenser] E1
[T+7808589173us][CH2-Pc    ] E1
[T+7808753172us][CH2-Pc    ] F0
[T+7808759201us][CH1-Dispenser] F0 F8
[T+7808831198us][CH2-Pc    ] F1
[T+7808838172us][CH1-Dispenser] F1 F9
[T+7808909172us][CH2-Pc    ] E1
[T+7808916172us][CH1-Dispenser] E1 E9
[T+7808988176us][CH2-Pc    ] F0
[T+7808995172us][CH1-Dispenser] F0 F8
[T+7809066304us][CH1-Dispenser] E0
[T+7809066173us][CH2-Pc    ] E0
[T+7809240307us][CH1-Dispenser] E1
[T+7809240173us][CH2-Pc    ] E1
[T+7809415172us][CH2-Pc    ] F0
[T+7809419172us][CH1-Dispenser] F0 F8
[T+7809493172us][CH2-Pc    ] F1
[T+7809500938us][CH1-Dispenser] F1 F9
[T+7809571172us][CH2-Pc    ] E1
[T+7809576172us][CH1-Dispenser] E1 E9
[T+7809649172us][CH2-Pc    ] F0
[T+7809658172us][CH1-Dispenser] F0 F8
[T+7809728305us][CH1-Dispenser] E0
[T+7809728173us][CH2-Pc    ] E0
[T+7809903307us][CH1-Dispenser] E1
[T+7809903174us][CH2-Pc    ] E1
[T+7810066197us][CH2-Pc    ] F0
[T+7810075172us][CH1-Dispenser] F0 F8
[T+7810145172us][CH2-Pc    ] F1
[T+7810150172us][CH1-Dispenser] F1 F9
[T+7810226172us][CH2-Pc    ] E1
[T+7810232200us][CH1-Dispenser] E1 E9
[T+7810309172us][CH2-Pc    ] F0
[T+7810316172us][CH1-Dispenser] F0 F8
[T+7810387304us][CH1-Dispenser] E0
[T+7810387173us][CH2-Pc    ] E0
[T+7810551305us][CH1-Dispenser] E1
[T+7810551173us][CH2-Pc    ] E1
[T+7810726173us][CH2-Pc    ] F0
[T+7810730173us][CH1-Dispenser] F0 F8
[T+7810804174us][CH2-Pc    ] F1
[T+7810812179us][CH1-Dispenser] F1 F9
[T+7810882172us][CH2-Pc    ] E1
[T+7810891172us][CH1-Dispenser] E1 E9
[T+7810960172us][CH2-Pc    ] F0
[T+7810965172us][CH1-Dispenser] F0 F8
[T+7811038316us][CH1-Dispenser] E0
[T+7811038176us][CH2-Pc    ] E0
[T+7811205307us][CH1-Dispenser] E1
[T+7811205173us][CH2-Pc    ] E1
[T+7811380173us][CH2-Pc    ] F0
[T+7811385173us][CH1-Dispenser] F0 F8
[T+7811458172us][CH2-Pc    ] F1
[T+7811467172us][CH1-Dispenser] F1 F9
[T+7811536191us][CH2-Pc    ] E1
[T+7811542173us][CH1-Dispenser] E1 FA
[T+7811614196us][CH2-Pc    ] F0
[T+7811622172us][CH1-Dispenser] F0 F8
[T+7811692307us][CH1-Dispenser] E0
[T+7811692173us][CH2-Pc    ] E0
[T+7811867310us][CH1-Dispenser] E1
[T+7811867174us][CH2-Pc    ] E1
[T+7812042196us][CH2-Pc    ] F0
[T+7812051801us][CH1-Dispenser] F0 F8
[T+7812138172us][CH2-Pc    ] F1
[T+7812145172us][CH1-Dispenser] F1 F9
[T+7812218172us][CH2-Pc    ] E1
[T+7812224201us][CH1-Dispenser] E1 E9
[T+7812296172us][CH2-Pc    ] F0
[T+7812300173us][CH1-Dispenser] F0 F8
[T+7812365304us][CH1-Dispenser] E0
[T+7812365173us][CH2-Pc    ] E0
[T+7812539304us][CH1-Dispenser] E1
[T+7812539173us][CH2-Pc    ] E1
[T+7812714172us][CH2-Pc    ] F0
[T+7812720201us][CH1-Dispenser] F0 F8
[T+7812792197us][CH2-Pc    ] F1
[T+7812801172us][CH1-Dispenser] F1 F9
[T+7812872172us][CH2-Pc    ] E1
[T+7812882179us][CH1-Dispenser] E1 E9
[T+7812950172us][CH2-Pc    ] F0
[T+7812956201us][CH1-Dispenser] F0 F8
[T+7813028305us][CH1-Dispenser] E0
[T+7813028173us][CH2-Pc    ] E0
[T+7813214307us][CH1-Dispenser] E1
[T+7813214173us][CH2-Pc    ] E1
[T+7813381172us][CH2-Pc    ] F0
[T+7813386172us][CH1-Dispenser] F0 F8
[T+7813459172us][CH2-Pc    ] F1
[T+7813468181us][CH1-Dispenser] F1 F9
[T+7813537172us][CH2-Pc    ] E1
[T+7813545172us][CH1-Dispenser] E1 E9
[T+7813612172us][CH2-Pc    ] F0
[T+7813621179us][CH1-Dispenser] F0 F8
[T+7813690304us][CH1-Dispenser] E0
[T+7813690173us][CH2-Pc    ] E0
[T+7813865307us][CH1-Dispenser] E1
[T+7813865174us][CH2-Pc    ] E1
[T+7814040172us][CH2-Pc    ] F0
[T+7814048800us][CH1-Dispenser] F0 F8
[T+7814118172us][CH2-Pc    ] F1
[T+7814127179us][CH1-Dispenser] F1 F9
[T+7814196172us][CH2-Pc    ] E1
[T+7814201172us][CH1-Dispenser] E1 E9
[T+7814274172us][CH2-Pc    ] F0
[T+7814280200us][CH1-Dispenser] F0 F8
[T+7814353304us][CH1-Dispenser] E0
[T+7814353173us][CH2-Pc    ] E0
[T+7814527308us][CH1-Dispenser] E1
[T+7814527173us][CH2-Pc    ] E1
[T+7814691172us][CH2-Pc    ] F0
[T+7814695172us][CH1-Dispenser] F0 F8
[T+7814759172us][CH2-Pc    ] F1
[T+7814767907us][CH1-Dispenser] F1 F9
[T+7814837172us][CH2-Pc    ] E1
[T+7814841172us][CH1-Dispenser] E1 E9
[T+7814915173us][CH2-Pc    ] F0
[T+7814920173us][CH1-Dispenser] F0 F8
[T+7814993305us][CH1-Dispenser] E0
[T+7814993173us][CH2-Pc    ] E0
[T+7815168307us][CH1-Dispenser] E1
[T+7815168173us][CH2-Pc    ] E1
[T+7815332172us][CH2-Pc    ] F0
[T+7815341179us][CH1-Dispenser] F0 F8
[T+7815410172us][CH2-Pc    ] F1
[T+7815415174us][CH1-Dispenser] F1 F9
[T+7815488172us][CH2-Pc    ] E1
[T+7815500213us][CH1-Dispenser] E1 E9
[T+7815566172us][CH2-Pc    ] F0
[T+7815570172us][CH1-Dispenser] F0 F8
[T+7815644314us][CH1-Dispenser] E0
[T+7815644173us][CH2-Pc    ] E0
[T+7815819308us][CH1-Dispenser] E1
[T+7815819173us][CH2-Pc    ] E1
[T+7815994172us][CH2-Pc    ] F0
[T+7816001172us][CH1-Dispenser] F0 F8
[T+7816072172us][CH2-Pc    ] F1
[T+7816082180us][CH1-Dispenser] F1 F9
[T+7816150172us][CH2-Pc    ] E1
[T+7816156203us][CH1-Dispenser] E1 E9
[T+7816229172us][CH2-Pc    ] F0
[T+7816237172us][CH1-Dispenser] F0 F8
[T+7816307307us][CH1-Dispenser] E0
[T+7816307173us][CH2-Pc    ] E0
[T+7816471311us][CH1-Dispenser] E1
[T+7816471173us][CH2-Pc    ] E1
[T+7816645172us][CH2-Pc    ] F0
[T+7816650173us][CH1-Dispenser] F0 F8
[T+7816724172us][CH2-Pc    ] F1
[T+7816731172us][CH1-Dispenser] F1 F9
[T+7816802172us][CH2-Pc    ] E1
[T+7816808201us][CH1-Dispenser] E1 E9
[T+7816889172us][CH2-Pc    ] F0
[T+7816896807us][CH1-Dispenser] F0 F8
[T+7816967305us][CH1-Dispenser] E0
[T+7816967173us][CH2-Pc    ] E0
[T+7817144307us][CH1-Dispenser] E1
[T+7817144174us][CH2-Pc    ] E1
[T+7817319172us][CH2-Pc    ] F0
[T+7817325200us][CH1-Dispenser] F0 F8
[T+7817397196us][CH2-Pc    ] F1
[T+7817405814us][CH1-Dispenser] F1 F9
[T+7817475172us][CH2-Pc    ] E1
[T+7817480172us][CH1-Dispenser] E1 E9
[T+7817554172us][CH2-Pc    ] F0
[T+7817561172us][CH1-Dispenser] F0 F8
[T+7817632305us][CH1-Dispenser] E0
[T+7817632173us][CH2-Pc    ] E0
[T+7817807309us][CH1-Dispenser] E1
[T+7817807174us][CH2-Pc    ] E1
[T+7817971172us][CH2-Pc    ] F0
[T+7817976172us][CH1-Dispenser] F0 F8
[T+7818049172us][CH2-Pc    ] F1
[T+7818057172us][CH1-Dispenser] F1 F9
[T+7818127172us][CH2-Pc    ] E1
[T+7818131172us][CH1-Dispenser] E1 E9
[T+7818205172us][CH2-Pc    ] F0
[T+7818210172us][CH1-Dispenser] F0 F8
[T+7818283304us][CH1-Dispenser] E0
[T+7818283173us][CH2-Pc    ] E0
[T+7818458308us][CH1-Dispenser] E1
[T+7818458173us][CH2-Pc    ] E1
[T+7818633172us][CH2-Pc    ] F0
[T+7818641179us][CH1-Dispenser] F0 F8
[T+7818714358us][CH1-Dispenser] F1 F9
[T+7818711172us][CH2-Pc    ] F1
[T+7818789172us][CH2-Pc    ] E1
[T+7818796172us][CH1-Dispenser] E1 E9
[T+7818867172us][CH2-Pc    ] F0
[T+7818871172us][CH1-Dispenser] F0 F8
[T+7818945304us][CH1-Dispenser] E0
[T+7818945173us][CH2-Pc    ] E0
[T+7819120308us][CH1-Dispenser] E1
[T+7819120173us][CH2-Pc    ] E1
[T+7819284172us][CH2-Pc    ] F0
[T+7819293172us][CH1-Dispenser] F0 F8
[T+7819362172us][CH2-Pc    ] F1
[T+7819372179us][CH1-Dispenser] F1 F9
[T+7819440172us][CH2-Pc    ] E1
[T+7819446200us][CH1-Dispenser] E1 E9
[T+7819518196us][CH2-Pc    ] F0
[T+7819525797us][CH1-Dispenser] F0 F8
[T+7819597304us][CH1-Dispenser] E0
[T+7819597173us][CH2-Pc    ] E0
[T+7819771309us][CH1-Dispenser] E1
[T+7819771173us][CH2-Pc    ] E1
[T+7819946173us][CH2-Pc    ] F0
[T+7819951172us][CH1-Dispenser] F0 E8
[T+7820024172us][CH2-Pc    ] F1
[T+7820030202us][CH1-Dispenser] F1 F9
[T+7820103172us][CH2-Pc    ] E1
[T+7820111179us][CH1-Dispenser] E1 E9
[T+7820180172us][CH2-Pc    ] F0
[T+7820187768us][CH1-Dispenser] F0 F8
[T+7820259305us][CH1-Dispenser] E0
[T+7820259173us][CH2-Pc    ] E0
[T+7820434305us][CH1-Dispenser] E1
[T+7820434174us][CH2-Pc    ] E1
[T+7820597172us][CH2-Pc    ] F0
[T+7820605172us][CH1-Dispenser] F0 F8
[T+7820676172us][CH2-Pc    ] F1
[T+7820680172us][CH1-Dispenser] F1 F9
[T+7820754172us][CH2-Pc    ] E1
[T+7820762172us][CH1-Dispenser] E1 E9
[T+7820832172us][CH2-Pc    ] F0
[T+7820835172us][CH1-Dispenser] F0 F8
[T+7820899305us][CH1-Dispenser] E0
[T+7820899173us][CH2-Pc    ] E0
[T+7821127307us][CH1-Dispenser] E1
[T+7821127173us][CH2-Pc    ] E1
[T+7821302173us][CH2-Pc    ] F0
[T+7821306172us][CH1-Dispenser] F0 F8
[T+7821380173us][CH2-Pc    ] F1
[T+7821385172us][CH1-Dispenser] F1 F9
[T+7821458172us][CH2-Pc    ] E1
[T+7821466172us][CH1-Dispenser] E1 E9
[T+7821536172us][CH2-Pc    ] F0
[T+7821542200us][CH1-Dispenser] F0 F8
[T+7821614305us][CH1-Dispenser] E0
[T+7821614173us][CH2-Pc    ] E0
[T+7821789313us][CH1-Dispenser] E1
[T+7821789174us][CH2-Pc    ] E1
[T+7821964172us][CH2-Pc    ] F0
[T+7821971827us][CH1-Dispenser] F0 F8
[T+7822046172us][CH1-Dispenser] F1 F9
[T+7822042172us][CH2-Pc    ] F1
[T+7822120172us][CH2-Pc    ] E1
[T+7822126200us][CH1-Dispenser] E1 E9
[T+7822200172us][CH2-Pc    ] F0
[T+7822208179us][CH1-Dispenser] F0 F8
[T+7822278310us][CH1-Dispenser] E0
[T+7822278174us][CH2-Pc    ] E0
[T+7822464305us][CH1-Dispenser] E1
[T+7822464173us][CH2-Pc    ] E1
[T+7822628172us][CH2-Pc    ] F0
[T+7822635172us][CH1-Dispenser] F0 F8
[T+7822706172us][CH2-Pc    ] F1
[T+7822711173us][CH1-Dispenser] F1 F9
[T+7822784172us][CH2-Pc    ] E1
[T+7822791172us][CH1-Dispenser] E1 E9
[T+7822862172us][CH2-Pc    ] F0
[T+7822866172us][CH1-Dispenser] F0 F8
[T+7822940307us][CH1-Dispenser] E0
[T+7822940174us][CH2-Pc    ] E0
[T+7823116306us][CH1-Dispenser] E1
[T+7823116173us][CH2-Pc    ] E1
[T+7823292172us][CH2-Pc    ] F0
[T+7823295173us][CH1-Dispenser] F0 F8
[T+7823359172us][CH2-Pc    ] F1
[T+7823365200us][CH1-Dispenser] F1 F9
[T+7823437172us][CH2-Pc    ] E1
[T+7823441172us][CH1-Dispenser] E1 E9
[T+7823505172us][CH2-Pc    ] F0
[T+7823511202us][CH1-Dispenser] F0 F8
[T+7823583305us][CH1-Dispenser] E0
[T+7823583173us][CH2-Pc    ] E0
[T+7823770312us][CH1-Dispenser] E1
[T+7823770174us][CH2-Pc    ] E1
[T+7823944196us][CH2-Pc    ] F0
[T+7823951172us][CH1-Dispenser] F0 F8
[T+7824022172us][CH2-Pc    ] F1
[T+7824030179us][CH1-Dispenser] F1 E9
[T+7824100172us][CH2-Pc    ] E1
[T+7824108172us][CH1-Dispenser] E1 E9
[T+7824179172us][CH2-Pc    ] F0
[T+7824189179us][CH1-Dispenser] F0 F8
[T+7824257307us][CH1-Dispenser] E0
[T+7824257174us][CH2-Pc    ] E0
[T+7824431305us][CH1-Dispenser] E1
[T+7824431173us][CH2-Pc    ] E1
[T+7824595172us][CH2-Pc    ] F0
[T+7824601200us][CH1-Dispenser] F0 F8
[T+7824674172us][CH2-Pc    ] F1
[T+7824680201us][CH1-Dispenser] F1 F9
[T+7824756423us][CH1-Dispenser] E1 E9
[T+7824752172us][CH2-Pc    ] E1
[T+7824830172us][CH2-Pc    ] F0
[T+7824835172us][CH1-Dispenser] F0 F8
[T+7824908305us][CH1-Dispenser] E0
[T+7824908173us][CH2-Pc    ] E0
[T+7825083306us][CH1-Dispenser] E1
[T+7825083173us][CH2-Pc    ] E1
[T+7825258172us][CH2-Pc    ] F0
[T+7825266172us][CH1-Dispenser] F0 F8
[T+7825336172us][CH2-Pc    ] F1
[T+7825342200us][CH1-Dispenser] F1 F9
[T+7825414197us][CH2-Pc    ] E1
[T+7825423179us][CH1-Dispenser] E1 E9
[T+7825494172us][CH2-Pc    ] F0
[T+7825504179us][CH1-Dispenser] F0 F8
[T+7825572303us][CH1-Dispenser] E0
[T+7825572173us][CH2-Pc    ] E0
[T+7825736305us][CH1-Dispenser] E1
[T+7825736173us][CH2-Pc    ] E1
[T+7825911172us][CH2-Pc    ] F0
[T+7825917200us][CH1-Dispenser] F0 F8
[T+7825989200us][CH2-Pc    ] F1
[T+7825996172us][CH1-Dispenser] F1 F9
[T+7826067172us][CH2-Pc    ] E1
[T+7826072172us][CH1-Dispenser] E1 E9
[T+7826145172us][CH2-Pc    ] F0
[T+7826153172us][CH1-Dispenser] F0 F8
[T+7826223305us][CH1-Dispenser] E0
[T+7826223173us][CH2-Pc    ] E0
[T+7826398312us][CH1-Dispenser] E1
[T+7826398174us][CH2-Pc    ] E1
[T+7826573172us][CH2-Pc    ] F0
[T+7826582797us][CH1-Dispenser] F0 F8
[T+7826651172us][CH2-Pc    ] F1
[T+7826655173us][CH1-Dispenser] F1 F9
[T+7826729172us][CH2-Pc    ] E1
[T+7826737179us][CH1-Dispenser] E1 E9
[T+7826807175us][CH2-Pc    ] F0
[T+7826814172us][CH1-Dispenser] F0 F8
[T+7826886305us][CH1-Dispenser] E0
[T+7826886173us][CH2-Pc    ] E0
[T+7827050306us][CH1-Dispenser] E1
[T+7827050173us][CH2-Pc    ] E1
[T+7827224197us][CH2-Pc    ] F0
[T+7827230202us][CH1-Dispenser] F0 F8
[T+7827303172us][CH2-Pc    ] F1
[T+7827311172us][CH1-Dispenser] F1 F9
[T+7827381172us][CH2-Pc    ] E1
[T+7827387202us][CH1-Dispenser] E1 E9
[T+7827459197us][CH2-Pc    ] F0
[T+7827468179us][CH1-Dispenser] F0 F8
[T+7827537306us][CH1-Dispenser] E0
[T+7827537174us][CH2-Pc    ] E0
[T+7827712311us][CH1-Dispenser] E1
[T+7827712173us][CH2-Pc    ] E1
[T+7827887174us][CH2-Pc    ] F0
[T+7827891172us][CH1-Dispenser] F0 F8
[T+7827965172us][CH2-Pc    ] F1
[T+7827971200us][CH1-Dispenser] F1 F9
[T+7828043172us][CH2-Pc    ] E1
[T+7828047174us][CH1-Dispenser] E1 E9
[T+7828111172us][CH2-Pc    ] F0
[T+7828117200us][CH1-Dispenser] F0 F8
[T+7828189304us][CH1-Dispenser] E0
[T+7828189173us][CH2-Pc    ] E0
[T+7828364311us][CH1-Dispenser] E1
[T+7828364174us][CH2-Pc    ] E1
[T+7828539172us][CH2-Pc    ] F0
[T+7828546172us][CH1-Dispenser] F0 F8
[T+7828617172us][CH2-Pc    ] F1
[T+7828621172us][CH1-Dispenser] F1 F9
[T+7828695172us][CH2-Pc    ] E1
[T+7828701201us][CH1-Dispenser] E1 E9
[T+7828773200us][CH2-Pc    ] F0
[T+7828782172us][CH1-Dispenser] F0 F8
[T+7828851304us][CH1-Dispenser] E0
[T+7828851173us][CH2-Pc    ] E0
[T+7829026302us][CH1-Dispenser] E1
[T+7829026173us][CH2-Pc    ] E1
[T+7829191172us][CH2-Pc    ] F0
[T+7829196172us][CH1-Dispenser] F0 F8
[T+7829268288us][CH2-Pc    ] F1
[T+7829279179us][CH1-Dispenser] F1 F9
[T+7829346172us][CH2-Pc    ] E1
[T+7829351172us][CH1-Dispenser] E1 E9
[T+7829425172us][CH2-Pc    ] F0
[T+7829432777us][CH1-Dispenser] F0 F8
[T+7829503306us][CH1-Dispenser] E0
[T+7829503173us][CH2-Pc    ] E0
[T+7829677311us][CH1-Dispenser] E1
[T+7829677174us][CH2-Pc    ] E1
[T+7829855172us][CH2-Pc    ] F0
[T+7829861200us][CH1-Dispenser] F0 F8
[T+7829933196us][CH2-Pc    ] F1
[T+7829940812us][CH1-Dispenser] F1 F9
[T+7830011172us][CH2-Pc    ] E1
[T+7830018344us][CH1-Dispenser] E1 E9
[T+7830089172us][CH2-Pc    ] F0
[T+7830099813us][CH1-Dispenser] F0 F8
[T+7830168304us][CH1-Dispenser] E0
[T+7830168173us][CH2-Pc    ] E0
[T+7830332310us][CH1-Dispenser] E1
[T+7830332173us][CH2-Pc    ] E1
[T+7830507173us][CH2-Pc    ] F0
[T+7830511172us][CH1-Dispenser] F0 F8
[T+7830585172us][CH2-Pc    ] F1
[T+7830591200us][CH1-Dispenser] F1 F9
[T+7830663172us][CH2-Pc    ] E1
[T+7830666172us][CH1-Dispenser] E1 E9
[T+7830730172us][CH2-Pc    ] F0
[T+7830736201us][CH1-Dispenser] F0 F8
[T+7830809305us][CH1-Dispenser] E0
[T+7830809173us][CH2-Pc    ] E0
[T+7830972304us][CH1-Dispenser] E1
[T+7830972173us][CH2-Pc    ] E1
[T+7831151173us][CH1-Dispenser] F0 F8
[T+7831147172us][CH2-Pc    ] F0
[T+7831225172us][CH2-Pc    ] F1
[T+7831230172us][CH1-Dispenser] F1 ED
[T+7831364172us][CH2-Pc    ] E1 EF FA FF F8 E8 F8 FF EB EC
[T+7831394197us][CH1-Dispenser] E1 ED EF FA FF F8 E8 F8 FF EB EC F7 F5 8D 24 F1 F1 22 13 2A 9C A2
[T+7831417172us][CH2-Pc    ] E1
[T+7831590306us][CH1-Dispenser] E1 ED EF F8 FC ED E8 FD F8 F8 E8 E8 FF EA EC
[T+7831590173us][CH2-Pc    ] EF F8 FC ED E8 FD F8 F8 E8 E8 FF EA EC
[T+7831679172us][CH2-Pc    ] F1
[T+7831686172us][CH1-Dispenser] F1 ED
[T+7831710197us][CH2-Pc    ] E1
[T+7831883172us][CH1-Dispenser] E1 ED EF F8 FD FE F8 F8 F8 E9 F8 F8 FF F8 EC
[T+7831882172us][CH2-Pc    ] EF F8 FD FE F8 F8 F8 E9 F8 F8 FF F8 EC
[T+7831972172us][CH2-Pc    ] F1
[T+7831976172us][CH1-Dispenser] F1 ED
[T+7832001305us][CH1-Dispenser] E5
[T+7832001173us][CH2-Pc    ] E5
[T+7832087172us][CH2-Pc    ] F1
[T+7832092172us][CH1-Dispenser] F1 F5
[T+7832166172us][CH2-Pc    ] E1
[T+7832171172us][CH1-Dispenser] E1 E9
[T+7832246172us][CH2-Pc    ] F0
[T+7832252201us][CH1-Dispenser] F0 F8
[T+7832324304us][CH1-Dispenser] E0
[T+7832324173us][CH2-Pc    ] E0
[T+7832488307us][CH1-Dispenser] E1
[T+7832488173us][CH2-Pc    ] E1
[T+7832663174us][CH2-Pc    ] F0
[T+7832666173us][CH1-Dispenser] F0 F8
[T+7832730172us][CH2-Pc    ] F1
[T+7832737779us][CH1-Dispenser] F1 F5
[T+7833309172us][CH2-Pc    ] E1
[T+7833317172us][CH1-Dispenser] E1 E9
[T+7833386172us][CH2-Pc    ] F0
[T+7833392200us][CH1-Dispenser] F0 F8
[T+7833475304us][CH1-Dispenser] E0
[T+7833475173us][CH2-Pc    ] E0
[T+7833650308us][CH1-Dispenser] E1
[T+7833650174us][CH2-Pc    ] E1
[T+7833814172us][CH2-Pc    ] F0
[T+7833821172us][CH1-Dispenser] F0 F8
[T+7833892172us][CH2-Pc    ] F1
[T+7833897172us][CH1-Dispenser] F1 F5
[T+7833919172us][CH2-Pc    ] F9
[T+7833934172us][CH1-Dispenser] F9 38 38 38
[T+7834009172us][CH2-Pc    ] E1
[T+7834016815us][CH1-Dispenser] E1 E9
[T+7834089172us][CH2-Pc    ] F0
[T+7834097172us][CH1-Dispenser] F0 F8
[T+7834167306us][CH1-Dispenser] E0
[T+7834167173us][CH2-Pc    ] E0
[T+7834331305us][CH1-Dispenser] E1
[T+7834331173us][CH2-Pc    ] E1
[T+7834505196us][CH2-Pc    ] F0
[T+7834512172us][CH1-Dispenser] F0 E8
[T+7834584173us][CH2-Pc    ] F1
[T+7834611378us][CH2-Pc    ] F9
[T+7834622179us][CH1-Dispenser] F1 F5 F9 38 38 38
[T+7834689340us][CH2-Pc    ] E1
[T+7834697172us][CH1-Dispenser] E1 E9
[T+7834767172us][CH2-Pc    ] F0
[T+7834773203us][CH1-Dispenser] F0 F8
[T+7834845304us][CH1-Dispenser] E0
[T+7834845173us][CH2-Pc    ] E0
[T+7835021308us][CH1-Dispenser] E1
[T+7835021174us][CH2-Pc    ] E1
[T+7835196172us][CH2-Pc    ] F0
[T+7835203842us][CH1-Dispenser] F0 F8
[T+7835274172us][CH2-Pc    ] F1
[T+7835301172us][CH2-Pc    ] F9
[T+7835313213us][CH1-Dispenser] F1 F5 F9 38 38 38
[T+7835379196us][CH2-Pc    ] E1
[T+7835387172us][CH1-Dispenser] E1 E9
[T+7835458172us][CH2-Pc    ] F0
[T+7835461172us][CH1-Dispenser] F0 F8
[T+7835525305us][CH1-Dispenser] E0
[T+7835525173us][CH2-Pc    ] E0
[T+7835689306us][CH1-Dispenser] E1
[T+7835689173us][CH2-Pc    ] E1
[T+7835864197us][CH2-Pc    ] F0
[T+7835872181us][CH1-Dispenser] F0 F8
[T+7835944197us][CH2-Pc    ] F1
[T+7835971172us][CH2-Pc    ] F9
[T+7835982179us][CH1-Dispenser] F1 F5 F9 7A 38 38
[T+7836049172us][CH2-Pc    ] E1
[T+7836058769us][CH1-Dispenser] E1 E9
[T+7836131172us][CH1-Dispenser] F0 F8
[T+7836128172us][CH2-Pc    ] F0
[T+7836207304us][CH1-Dispenser] E0
[T+7836207173us][CH2-Pc    ] E0
[T+7836381305us][CH1-Dispenser] E1
[T+7836381173us][CH2-Pc    ] E1
[T+7836556172us][CH2-Pc    ] F0
[T+7836563172us][CH1-Dispenser] F0 F8
[T+7836635203us][CH2-Pc    ] F1
[T+7836663172us][CH2-Pc    ] F9
[T+7836673782us][CH1-Dispenser] F1 F5 F9 69 29 38
[T+7836741172us][CH2-Pc    ] E1
[T+7836748172us][CH1-Dispenser] E1 E9
[T+7836819172us][CH2-Pc    ] F0
[T+7836829179us][CH1-Dispenser] F0 F8
[T+7836897304us][CH1-Dispenser] E0
[T+7836897173us][CH2-Pc    ] E0
[T+7837072322us][CH1-Dispenser] E1
[T+7837072181us][CH2-Pc    ] E1
[T+7837237172us][CH2-Pc    ] F0
[T+7837242172us][CH1-Dispenser] F0 F8
[T+7837315181us][CH2-Pc    ] F1
[T+7837322172us][CH1-Dispenser] F1 F5
[T+7837345172us][CH2-Pc    ] F9
[T+7837358172us][CH1-Dispenser] F9 29 79 38
[T+7837432186us][CH2-Pc    ] E1
[T+7837438468us][CH1-Dispenser] E1 E9
[T+7837511180us][CH2-Pc    ] F0
[T+7837517217us][CH1-Dispenser] F0 F8
[T+7837588315us][CH1-Dispenser] E0
[T+7837588175us][CH2-Pc    ] E0
[T+7837752306us][CH1-Dispenser] E1
[T+7837752173us][CH2-Pc    ] E1
[T+7837927172us][CH2-Pc    ] F0
[T+7837931172us][CH1-Dispenser] F0 F8
[T+7838005172us][CH2-Pc    ] F1
[T+7838011200us][CH1-Dispenser] F1 F5
[T+7838033176us][CH2-Pc    ] F9
[T+7838042172us][CH1-Dispenser] F9 F9 31 38
[T+7838114197us][CH2-Pc    ] E1
[T+7838123172us][CH1-Dispenser] E1 E9
[T+7838191172us][CH2-Pc    ] F0
[T+7838196172us][CH1-Dispenser] F0 F8
[T+7838269374us][CH1-Dispenser] E0
[T+7838269242us][CH2-Pc    ] E0
[T+7838449309us][CH1-Dispenser] E1
[T+7838449173us][CH2-Pc    ] E1
[T+7838613172us][CH2-Pc    ] F0
[T+7838618174us][CH1-Dispenser] F0 F8
[T+7838691172us][CH2-Pc    ] F1
[T+7838696172us][CH1-Dispenser] F1 F5
[T+7838718172us][CH2-Pc    ] F9
[T+7838734172us][CH1-Dispenser] F9 68 38 78
[T+7838807172us][CH2-Pc    ] E1
[T+7838813200us][CH1-Dispenser] E1 E9
[T+7838885196us][CH2-Pc    ] F0
[T+7838892172us][CH1-Dispenser] F0 F8
[T+7838963304us][CH1-Dispenser] E0
[T+7838963173us][CH2-Pc    ] E0
[T+7839127308us][CH1-Dispenser] E1
[T+7839127174us][CH2-Pc    ] E1
[T+7839302172us][CH2-Pc    ] F0
[T+7839307173us][CH1-Dispenser] F0 F8
[T+7839380172us][CH2-Pc    ] F1
[T+7839408172us][CH2-Pc    ] F9
[T+7839418811us][CH1-Dispenser] F1 F5 F9 38 76 38
[T+7839486172us][CH2-Pc    ] E1
[T+7839492202us][CH1-Dispenser] E1 E9
[T+7839564196us][CH2-Pc    ] F0
[T+7839573807us][CH1-Dispenser] F0 F8
[T+7839642304us][CH1-Dispenser] E0
[T+7839642173us][CH2-Pc    ] E0
[T+7839817312us][CH1-Dispenser] E1
[T+7839817174us][CH2-Pc    ] E1
[T+7839990172us][CH2-Pc    ] F0
[T+7839998172us][CH1-Dispenser] F0 F8
[T+7840068172us][CH2-Pc    ] F1
[T+7840072172us][CH1-Dispenser] F1 F5
[T+7840095172us][CH2-Pc    ] F9
[T+7840110172us][CH1-Dispenser] F9 79 2A 38
[T+7840184172us][CH2-Pc    ] E1
[T+7840193773us][CH1-Dispenser] E1 E9
[T+7840262172us][CH2-Pc    ] F0
[T+7840268201us][CH1-Dispenser] F0 F8
[T+7840340305us][CH1-Dispenser] E0
[T+7840340173us][CH2-Pc    ] E0
[T+7840526310us][CH1-Dispenser] E1
[T+7840526175us][CH2-Pc    ] E1
[T+7840829172us][CH2-Pc    ] F0
[T+7840837809us][CH1-Dispenser] F0 F8
[T+7840912172us][CH1-Dispenser] F1 F5
[T+7840908172us][CH2-Pc    ] F1
[T+7840941172us][CH2-Pc    ] F9
[T+7840952823us][CH1-Dispenser] F9 38 3A 38
[T+7841020172us][CH2-Pc    ] E1
[T+7841027172us][CH1-Dispenser] E1 E9
[T+7841098172us][CH2-Pc    ] F0
[T+7841103172us][CH1-Dispenser] F0 F8
[T+7841181305us][CH1-Dispenser] E0
[T+7841181173us][CH2-Pc    ] E0
[T+7841345332us][CH1-Dispenser] E1
[T+7841345174us][CH2-Pc    ] E1
[T+7841520172us][CH2-Pc    ] F0
[T+7841527172us][CH1-Dispenser] F0 F8
[T+7841599197us][CH2-Pc    ] F1
[T+7841626172us][CH2-Pc    ] F9
[T+7841653172us][CH1-Dispenser] F1 F5 F9 68 33 71 F5
[T+7841654174us][CH2-Pc    ] F5
[T+7841741172us][CH2-Pc    ] F1
[T+7841748172us][CH1-Dispenser] F1 F9
[T+7841820196us][CH2-Pc    ] E1
[T+7841827791us][CH1-Dispenser] E1 E9
[T+7841898172us][CH2-Pc    ] F0
[T+7841903172us][CH1-Dispenser] F0 F8
[T+7841976310us][CH1-Dispenser] E0
[T+7841976173us][CH2-Pc    ] E0
[T+7842151305us][CH1-Dispenser] E1
[T+7842151174us][CH2-Pc    ] E1
[T+7842319196us][CH2-Pc    ] F0
[T+7842328179us][CH1-Dispenser] F0 F8
[T+7842397172us][CH2-Pc    ] F1
[T+7842402172us][CH1-Dispenser] F1 F9
[T+7842475172us][CH2-Pc    ] E1
[T+7842483172us][CH1-Dispenser] E1 E9
[T+7842553172us][CH2-Pc    ] F0
[T+7842557172us][CH1-Dispenser] F0 F8
[T+7842631305us][CH1-Dispenser] E0
[T+7842631173us][CH2-Pc    ] E0
[T+7842806306us][CH1-Dispenser] E1
[T+7842806173us][CH2-Pc    ] E1
[T+7842977172us][CH2-Pc    ] F0
[T+7842984869us][CH1-Dispenser] F0 F8
[T+7843055172us][CH2-Pc    ] F1
[T+7843065172us][CH1-Dispenser] F1 F9
[T+7843133172us][CH2-Pc    ] E1
[T+7843137172us][CH1-Dispenser] E1 E9
[T+7843211172us][CH2-Pc    ] F0
[T+7843216173us][CH1-Dispenser] F0 F8
[T+7843289308us][CH1-Dispenser] E0
[T+7843289173us][CH2-Pc    ] E0
[T+7843464308us][CH1-Dispenser] E1
[T+7843464173us][CH2-Pc    ] E1
[T+7843628172us][CH2-Pc    ] F0
[T+7843632174us][CH1-Dispenser] F0 F8
[T+7843707172us][CH2-Pc    ] F1
[T+7843713202us][CH1-Dispenser] F1 F9
[T+7843785196us][CH2-Pc    ] E1
[T+7843793796us][CH1-Dispenser] E1 E9
[T+7843863172us][CH2-Pc    ] F0
[T+7843869202us][CH1-Dispenser] F0 E8
[T+7843941306us][CH1-Dispenser] E0
[T+7843941173us][CH2-Pc    ] E0
[T+7844116310us][CH1-Dispenser] E1
[T+7844116175us][CH2-Pc    ] E1
[T+7844292172us][CH2-Pc    ] F0
[T+7844299172us][CH1-Dispenser] F0 F8
[T+7844370172us][CH2-Pc    ] F1
[T+7844378172us][CH1-Dispenser] F1 F9
[T+7844449172us][CH2-Pc    ] E1
[T+7844452172us][CH1-Dispenser] E1 E9
[T+7844527172us][CH2-Pc    ] F0
[T+7844532174us][CH1-Dispenser] F0 F8
[T+7844605304us][CH1-Dispenser] E0
[T+7844605173us][CH2-Pc    ] E0
[T+7844769379us][CH1-Dispenser] E1
[T+7844769245us][CH2-Pc    ] E1
[T+7844944172us][CH2-Pc    ] F0
[T+7844951172us][CH1-Dispenser] F0 F8
[T+7845023174us][CH2-Pc    ] F1
[T+7845029202us][CH1-Dispenser] F1 F9
[T+7845101196us][CH2-Pc    ] E1
[T+7845108777us][CH1-Dispenser] E1 E9
[T+7845179172us][CH2-Pc    ] F0
[T+7845187172us][CH1-Dispenser] F0 F8
[T+7845257305us][CH1-Dispenser] E0
[T+7845257173us][CH2-Pc    ] E0
[T+7845432172us][CH2-Pc    ] E1
[T+7845433172us][CH1-Dispenser] E1
[T+7845596172us][CH2-Pc    ] F0
[T+7845605172us][CH1-Dispenser] F0 F8
[T+7845674172us][CH2-Pc    ] F1
[T+7845683822us][CH1-Dispenser] F1 F9
[T+7845752172us][CH2-Pc    ] E1
[T+7845759172us][CH1-Dispenser] E1 E9
[T+7845830172us][CH2-Pc    ] F0
[T+7845838179us][CH1-Dispenser] F0 F8
[T+7845909305us][CH1-Dispenser] E0
[T+7845909173us][CH2-Pc    ] E0
[T+7846083308us][CH1-Dispenser] E1
[T+7846083173us][CH2-Pc    ] E1
[T+7846258172us][CH2-Pc    ] F0
[T+7846263174us][CH1-Dispenser] F0 F8
[T+7846336172us][CH2-Pc    ] F1
[T+7846342202us][CH1-Dispenser] F1 F9
[T+7846414196us][CH2-Pc    ] E1
[T+7846422813us][CH1-Dispenser] E1 E9
[T+7846497172us][CH1-Dispenser] F0 F8
[T+7846493172us][CH2-Pc    ] F0
[T+7846571312us][CH1-Dispenser] E0
[T+7846571174us][CH2-Pc    ] E0
[T+7846745308us][CH1-Dispenser] E1
[T+7846745174us][CH2-Pc    ] E1
[T+7846909172us][CH2-Pc    ] F0
[T+7846917172us][CH1-Dispenser] F0 F8
[T+7846988172us][CH2-Pc    ] F1
[T+7846991172us][CH1-Dispenser] F1 F9
[T+7847066172us][CH2-Pc    ] E1
[T+7847074796us][CH1-Dispenser] E1 E9
[T+7847144172us][CH2-Pc    ] F0
[T+7847150201us][CH1-Dispenser] F0 F8
[T+7847222308us][CH1-Dispenser] E0
[T+7847222174us][CH2-Pc    ] E0
[T+7847398307us][CH1-Dispenser] E1
[T+7847398174us][CH2-Pc    ] E1
[T+7847573172us][CH2-Pc    ] F0
[T+7847577173us][CH1-Dispenser] F0 F8
[T+7847651172us][CH2-Pc    ] F1
[T+7847658172us][CH1-Dispenser] F1 F9
[T+7847729172us][CH2-Pc    ] E1
[T+7847734172us][CH1-Dispenser] E1 E9
[T+7847807172us][CH2-Pc    ] F0
[T+7847813200us][CH1-Dispenser] F0 F8
[T+7847885307us][CH1-Dispenser] E0
[T+7847885173us][CH2-Pc    ] E0
[T+7848049304us][CH1-Dispenser] E1
[T+7848049173us][CH2-Pc    ] E1
[T+7848242172us][CH1-Dispenser] F0 F8
[T+7848239172us][CH2-Pc    ] F0
[T+7848306172us][CH2-Pc    ] F1
[T+7848313172us][CH1-Dispenser] F1 F9
[T+7848384172us][CH2-Pc    ] E1
[T+7848388172us][CH1-Dispenser] E1 E9
[T+7848451172us][CH2-Pc    ] F0
[T+7848458172us][CH1-Dispenser] F0 F8
[T+7848530305us][CH1-Dispenser] E0
[T+7848530173us][CH2-Pc    ] E0
[T+7848704304us][CH1-Dispenser] E1
[T+7848704173us][CH2-Pc    ] E1
[T+7848885172us][CH2-Pc    ] F0
[T+7848892172us][CH1-Dispenser] F0 F8
[T+7848963172us][CH2-Pc    ] F1
[T+7848971172us][CH1-Dispenser] F1 E5
[T+7849541204us][CH2-Pc    ] E1
[T+7849550811us][CH1-Dispenser] E1 E9
[T+7849619172us][CH2-Pc    ] F0
[T+7849631213us][CH1-Dispenser] F0 F8
[T+7849698305us][CH1-Dispenser] E0
[T+7849698173us][CH2-Pc    ] E0
[T+7849862306us][CH1-Dispenser] E1
[T+7849862173us][CH2-Pc    ] E1
[T+7850036197us][CH2-Pc    ] F0
[T+7850043172us][CH1-Dispenser] F0 F8
[T+7850115197us][CH2-Pc    ] F1
[T+7850123172us][CH1-Dispenser] F1 F9
[T+7850693172us][CH2-Pc    ] E1
[T+7850698173us][CH1-Dispenser] E1 E9
[T+7850771172us][CH2-Pc    ] F0
[T+7850777200us][CH1-Dispenser] F0 F8
[T+7850849311us][CH1-Dispenser] E0
[T+7850849173us][CH2-Pc    ] E0
[T+7851024308us][CH1-Dispenser] E1
[T+7851024173us][CH2-Pc    ] E1
[T+7851199172us][CH2-Pc    ] F0
[T+7851202172us][CH1-Dispenser] F0 F8
[T+7851277172us][CH2-Pc    ] F1
[T+7851283208us][CH1-Dispenser] F1 F9
[T+7851304172us][CH2-Pc    ] E9
[T+7851365172us][CH2-Pc    ] FD
[T+7851495172us][CH1-Dispenser] E9 6F 7E 33 38 6D 71 8F 38 70 71 71 71 2F 35 B3 B8 28 FF FD AF 70 74 38 74 A9 7A BA 31 AB 29 7C 39 70 83 38 B8 B3 76 E7 28 71 BF AF 72 B7 38 76 D5 38 68 33 38 B8 72 74 CF 38 31 87 AF 74 A7 39 72 D5 78 68 33 38 78 29 FF
[T+7851566172us][CH2-Pc    ] E1
[T+7851573172us][CH1-Dispenser] E1 E9
[T+7851644172us][CH2-Pc    ] F0
[T+7851649173us][CH1-Dispenser] F0 F8
[T+7851722305us][CH1-Dispenser] E0
[T+7851722173us][CH2-Pc    ] E0
[T+7851897314us][CH1-Dispenser] E1
[T+7851897174us][CH2-Pc    ] E1
[T+7852072172us][CH2-Pc    ] F0
[T+7852079172us][CH1-Dispenser] F0 E8
[T+7852150172us][CH2-Pc    ] F1
[T+7852177172us][CH2-Pc    ] E9
[T+7852227172us][CH1-Dispenser] F1 F9 E9 6F 7E B3 38 6D F1 87 78 33 71 71 71 AF 72 70 B8 28 FF
[T+7852251305us][CH1-Dispenser] FD
[T+7852251173us][CH2-Pc    ] FD
[T+7852386172us][CH1-Dispenser] AF 71 73 78 31 29 3D BA 74 93 29 71 79 33 8B 38 B8 33 27 87 A8 70 BF AF 72 B7 38 75 E5 38 28 33 38 B8 72 73 97 38 74 EF EF B1 B7 79 35 E5 F8 68 7C 38 78 29 FF
[T+7852463172us][CH2-Pc    ] E1
[T+7852467172us][CH1-Dispenser] E1 E9
[T+7852541172us][CH2-Pc    ] F0
[T+7852548172us][CH1-Dispenser] F0 F8
[T+7852619307us][CH1-Dispenser] E0
[T+7852619174us][CH2-Pc    ] E0
[T+7852783308us][CH1-Dispenser] E1
[T+7852783173us][CH2-Pc    ] E1
[T+7852958173us][CH2-Pc    ] F0
[T+7852962172us][CH1-Dispenser] F0 E8
[T+7853037172us][CH2-Pc    ] F1
[T+7853043201us][CH1-Dispenser] F1 F9
[T+7853114172us][CH2-Pc    ] E1
[T+7853118172us][CH1-Dispenser] E1 E9
[T+7853182172us][CH2-Pc    ] F0
[T+7853188202us][CH1-Dispenser] F0 F8
[T+7853260304us][CH1-Dispenser] E0
[T+7853260173us][CH2-Pc    ] E0
[T+7853424308us][CH1-Dispenser] E1
[T+7853424173us][CH2-Pc    ] E1
[T+7853603173us][CH1-Dispenser] F0 F8
[T+7853599172us][CH2-Pc    ] F0
[T+7853695172us][CH2-Pc    ] F1
[T+7853702798us][CH1-Dispenser] F1 F9
[T+7853777173us][CH1-Dispenser] E1 E9
[T+7853773172us][CH2-Pc    ] E1
[T+7853851172us][CH2-Pc    ] F0
[T+7853858172us][CH1-Dispenser] F0 F8
[T+7853929305us][CH1-Dispenser] E0
[T+7853929173us][CH2-Pc    ] E0
[T+7854104310us][CH1-Dispenser] E1
[T+7854104173us][CH2-Pc    ] E1
[T+7854272175us][CH1-Dispenser] F0 F8
[T+7854268172us][CH2-Pc    ] F0
[T+7854347172us][CH2-Pc    ] F1
[T+7854353208us][CH1-Dispenser] F1 F9
[T+7854425196us][CH2-Pc    ] E1
[T+7854433764us][CH1-Dispenser] E1 E9
[T+7854503172us][CH2-Pc    ] F0
[T+7854508172us][CH1-Dispenser] F0 F8
[T+7854581305us][CH1-Dispenser] E0
[T+7854581173us][CH2-Pc    ] E0
[T+7854756309us][CH1-Dispenser] E1
[T+7854756174us][CH2-Pc    ] E1
[T+7854933172us][CH2-Pc    ] F0
[T+7854938172us][CH1-Dispenser] F0 F8
[T+7855012172us][CH2-Pc    ] F1
[T+7855020202us][CH1-Dispenser] F1 F9
[T+7855104172us][CH2-Pc    ] E1
[T+7855109172us][CH1-Dispenser] E1 E9
[T+7855183172us][CH2-Pc    ] F0
[T+7855190172us][CH1-Dispenser] F0 F8
[T+7855261304us][CH1-Dispenser] E0
[T+7855261173us][CH2-Pc    ] E0
[T+7855449307us][CH1-Dispenser] E1
[T+7855449173us][CH2-Pc    ] E1
[T+7855613172us][CH2-Pc    ] F0
[T+7855618173us][CH1-Dispenser] F0 F8
[T+7855691172us][CH2-Pc    ] F1
[T+7855697201us][CH1-Dispenser] F1 F9
[T+7855769264us][CH2-Pc    ] E1
[T+7855775202us][CH1-Dispenser] E1 E9
[T+7855847197us][CH2-Pc    ] F0
[T+7855854172us][CH1-Dispenser] F0 F8
[T+7855935305us][CH1-Dispenser] E0
[T+7855935173us][CH2-Pc    ] E0
[T+7856111307us][CH1-Dispenser] E1
[T+7856111173us][CH2-Pc    ] E1
[T+7856285196us][CH2-Pc    ] F0
[T+7856292172us][CH1-Dispenser] F0 F8
[T+7856363172us][CH2-Pc    ] F1
[T+7856369202us][CH1-Dispenser] F1 F9
[T+7856441197us][CH2-Pc    ] E1
[T+7856449172us][CH1-Dispenser] E1 E9
[T+7856520172us][CH2-Pc    ] F0
[T+7856523174us][CH1-Dispenser] F0 F8
[T+7856597303us][CH1-Dispenser] E0
[T+7856597173us][CH2-Pc    ] E0
[T+7856772309us][CH1-Dispenser] E1
[T+7856772174us][CH2-Pc    ] E1
[T+7856946197us][CH2-Pc    ] F0
[T+7856953172us][CH1-Dispenser] F0 F8
[T+7857024172us][CH2-Pc    ] F1
[T+7857032172us][CH1-Dispenser] F1 F9
[T+7857103172us][CH2-Pc    ] E1
[T+7857109202us][CH1-Dispenser] E1 E9
[T+7857181197us][CH2-Pc    ] F0
[T+7857188172us][CH1-Dispenser] F0 F8
[T+7857259305us][CH1-Dispenser] E0
[T+7857259173us][CH2-Pc    ] E0
[T+7857423234us][CH1-Dispenser] E1
[T+7857423369us][CH2-Pc    ] E1
[T+7857598172us][CH2-Pc    ] F0
[T+7857603173us][CH1-Dispenser] F0 F8
[T+7857676172us][CH2-Pc    ] F1
[T+7857683172us][CH1-Dispenser] F1 F9
[T+7857754172us][CH2-Pc    ] E1
[T+7857757172us][CH1-Dispenser] E1 E9
[T+7857821172us][CH2-Pc    ] F0
[T+7857829774us][CH1-Dispenser] F0 F8
[T+7857900305us][CH1-Dispenser] E0
[T+7857900173us][CH2-Pc    ] E0
[T+7858064308us][CH1-Dispenser] E1
[T+7858064173us][CH2-Pc    ] E1
[T+7858238172us][CH2-Pc    ] F0
[T+7858243172us][CH1-Dispenser] F0 F8
[T+7858318172us][CH2-Pc    ] F1
[T+7858322172us][CH1-Dispenser] F1 F9
[T+7858396172us][CH2-Pc    ] E1
[T+7858402202us][CH1-Dispenser] E1 E9
[T+7858474172us][CH2-Pc    ] F0
[T+7858478172us][CH1-Dispenser] F0 F8
[T+7858553312us][CH1-Dispenser] E0
[T+7858553175us][CH2-Pc    ] E0
[T+7858728305us][CH1-Dispenser] E1
[T+7858728173us][CH2-Pc    ] E1
[T+7858892172us][CH2-Pc    ] F0
[T+7858897173us][CH1-Dispenser] F0 F8
[T+7858970172us][CH2-Pc    ] F1
[T+7858978275us][CH1-Dispenser] F1 F9
[T+7859048172us][CH2-Pc    ] E1
[T+7859053172us][CH1-Dispenser] E1 E9
[T+7859127172us][CH2-Pc    ] F0
[T+7859134172us][CH1-Dispenser] F0 F8
[T+7859206306us][CH1-Dispenser] E0
[T+7859206173us][CH2-Pc    ] E0
[T+7859381307us][CH1-Dispenser] E1
[T+7859381173us][CH2-Pc    ] E1
[T+7859562186us][CH2-Pc    ] F0
[T+7859568174us][CH1-Dispenser] F0 F8
[T+7859641172us][CH2-Pc    ] F1
[T+7859649172us][CH1-Dispenser] F1 F9
[T+7859719172us][CH2-Pc    ] E1
[T+7859723172us][CH1-Dispenser] E1 E9
[T+7859797172us][CH2-Pc    ] F0
[T+7859804172us][CH1-Dispenser] F0 F8
[T+7859875305us][CH1-Dispenser] E0
[T+7859875173us][CH2-Pc    ] E0
[T+7860050304us][CH1-Dispenser] E1
[T+7860050173us][CH2-Pc    ] E1
[T+7860225172us][CH2-Pc    ] F0
[T+7860233180us][CH1-Dispenser] F0 E8
[T+7860303172us][CH2-Pc    ] F1
[T+7860308172us][CH1-Dispenser] F1 F9
[T+7860381172us][CH2-Pc    ] E1
[T+7860388172us][CH1-Dispenser] E1 E9
[T+7860459172us][CH2-Pc    ] F0
[T+7860464172us][CH1-Dispenser] F0 F8
[T+7860537306us][CH1-Dispenser] E0
[T+7860537173us][CH2-Pc    ] E0
[T+7860712309us][CH1-Dispenser] E1
[T+7860712173us][CH2-Pc    ] E1
[T+7860876172us][CH2-Pc    ] F0
[T+7860883172us][CH1-Dispenser] F0 F8
[T+7860954172us][CH2-Pc    ] F1
[T+7860959172us][CH1-Dispenser] F1 F9
[T+7861032172us][CH2-Pc    ] E1
[T+7861039172us][CH1-Dispenser] E1 E9
[T+7861110175us][CH2-Pc    ] F0
[T+7861118801us][CH1-Dispenser] F0 F8
[T+7861189305us][CH1-Dispenser] E0
[T+7861189173us][CH2-Pc    ] E0
[T+7861363306us][CH1-Dispenser] E1
[T+7861363173us][CH2-Pc    ] E1
[T+7861542173us][CH1-Dispenser] F0 F8
[T+7861538172us][CH2-Pc    ] F0
[T+7861618059us][CH2-Pc    ] F1
[T+7861629221us][CH1-Dispenser] F1 F9
[T+7861694172us][CH2-Pc    ] E1
[T+7861700200us][CH1-Dispenser] E1 E9
[T+7861773172us][CH2-Pc    ] F0
[T+7861779200us][CH1-Dispenser] F0 F8
[T+7861851305us][CH1-Dispenser] E0
[T+7861851173us][CH2-Pc    ] E0
[T+7862026306us][CH1-Dispenser] E1
[T+7862026173us][CH2-Pc    ] E1
[T+7862190172us][CH2-Pc    ] F0
[T+7862198172us][CH1-Dispenser] F0 F8
[T+7862269258us][CH2-Pc    ] F1
[T+7862274173us][CH1-Dispenser] F1 F9
[T+7862347172us][CH2-Pc    ] E1
[T+7862354172us][CH1-Dispenser] E1 E9
[T+7862425172us][CH2-Pc    ] F0
[T+7862431202us][CH1-Dispenser] F0 F8
[T+7862503305us][CH1-Dispenser] E0
[T+7862503173us][CH2-Pc    ] E0
[T+7862677308us][CH1-Dispenser] E1
[T+7862677173us][CH2-Pc    ] E1
[T+7862852172us][CH2-Pc    ] F0
[T+7862860172us][CH1-Dispenser] F0 E8
[T+7862930172us][CH2-Pc    ] F1
[T+7862935172us][CH1-Dispenser] F1 F9
[T+7863008172us][CH2-Pc    ] E1
[T+7863017179us][CH1-Dispenser] E1 E9
[T+7863086172us][CH2-Pc    ] F0
[T+7863094179us][CH1-Dispenser] F0 F8
[T+7863164306us][CH1-Dispenser] E0
[T+7863164173us][CH2-Pc    ] E0
[T+7863339308us][CH1-Dispenser] E1
[T+7863339173us][CH2-Pc    ] E1
[T+7863503172us][CH2-Pc    ] F0
[T+7863508172us][CH1-Dispenser] F0 F8
[T+7863581172us][CH2-Pc    ] F1
[T+7863589172us][CH1-Dispenser] F1 F9
[T+7863659172us][CH2-Pc    ] E1
[T+7863664172us][CH1-Dispenser] E1 E9
[T+7863737172us][CH2-Pc    ] F0
[T+7863745172us][CH1-Dispenser] F0 F8
[T+7863815304us][CH1-Dispenser] E0
[T+7863815173us][CH2-Pc    ] E0
[T+7863990305us][CH1-Dispenser] E1
[T+7863990173us][CH2-Pc    ] E1
[T+7864165172us][CH2-Pc    ] F0
[T+7864173179us][CH1-Dispenser] F0 F8
[T+7864245196us][CH2-Pc    ] F1
[T+7864254783us][CH1-Dispenser] F1 F9
[T+7864323172us][CH2-Pc    ] E1
[T+7864329200us][CH1-Dispenser] E1 E9
[T+7864401196us][CH2-Pc    ] F0
[T+7864408808us][CH1-Dispenser] F0 F8
[T+7864480304us][CH1-Dispenser] E0
[T+7864480173us][CH2-Pc    ] E0
[T+7864646308us][CH1-Dispenser] E1
[T+7864646173us][CH2-Pc    ] E1
[T+7864821172us][CH2-Pc    ] F0
[T+7864831341us][CH1-Dispenser] F0 F8
[T+7864899172us][CH2-Pc    ] F1
[T+7864903172us][CH1-Dispenser] F1 F9
[T+7864967172us][CH2-Pc    ] E1
[T+7864974172us][CH1-Dispenser] E1 E9
[T+7865045172us][CH2-Pc    ] F0
[T+7865049174us][CH1-Dispenser] F0 F8
[T+7865123308us][CH1-Dispenser] E0
[T+7865123173us][CH2-Pc    ] E0
[T+7865298306us][CH1-Dispenser] E1
[T+7865298173us][CH2-Pc    ] E1
[T+7865473172us][CH2-Pc    ] F0
[T+7865478172us][CH1-Dispenser] F0 F8
[T+7865551172us][CH2-Pc    ] F1
[T+7865559179us][CH1-Dispenser] F1 F9
[T+7865633172us][CH1-Dispenser] E1 E9
[T+7865629172us][CH2-Pc    ] E1
[T+7865708172us][CH2-Pc    ] F0
[T+7865714200us][CH1-Dispenser] F0 F8
[T+7865786306us][CH1-Dispenser] E0
[T+7865786173us][CH2-Pc    ] E0
[T+7865961305us][CH1-Dispenser] E1
[T+7865961173us][CH2-Pc    ] E1
[T+7866136172us][CH2-Pc    ] F0
[T+7866143812us][CH1-Dispenser] F0 F8
[T+7866218172us][CH1-Dispenser] F1 F9
[T+7866215172us][CH2-Pc    ] F1
[T+7866282172us][CH2-Pc    ] E1
[T+7866289172us][CH1-Dispenser] E1 E9
[T+7866360172us][CH2-Pc    ] F0
[T+7866370179us][CH1-Dispenser] F0 F8
[T+7866438311us][CH1-Dispenser] E0
[T+7866438175us][CH2-Pc    ] E0
[T+7866613308us][CH1-Dispenser] E1
[T+7866613173us][CH2-Pc    ] E1
[T+7866788172us][CH2-Pc    ] F0
[T+7866793172us][CH1-Dispenser] F0 F8
[T+7866866172us][CH2-Pc    ] F1
[T+7866874179us][CH1-Dispenser] F1 F9
[T+7866950172us][CH2-Pc    ] E1
[T+7866954172us][CH1-Dispenser] E1 E9
[T+7867028172us][CH2-Pc    ] F0
[T+7867037787us][CH1-Dispenser] F0 F8
[T+7867106304us][CH1-Dispenser] E0
[T+7867106173us][CH2-Pc    ] E0
[T+7867292305us][CH1-Dispenser] E1
[T+7867292173us][CH2-Pc    ] E1
[T+7867456172us][CH2-Pc    ] F0
[T+7867463172us][CH1-Dispenser] F0 F8
[T+7867534172us][CH2-Pc    ] F1
[T+7867539172us][CH1-Dispenser] F1 F9
[T+7867612172us][CH2-Pc    ] E1
[T+7867621172us][CH1-Dispenser] E1 E9
[T+7867690172us][CH2-Pc    ] F0
[T+7867694172us][CH1-Dispenser] F0 F8
[T+7867768312us][CH1-Dispenser] E0
[T+7867768175us][CH2-Pc    ] E0
[T+7867944305us][CH1-Dispenser] E1
[T+7867944173us][CH2-Pc    ] E1
[T+7868118173us][CH2-Pc    ] F0
[T+7868123173us][CH1-Dispenser] F0 E8
[T+7868196172us][CH2-Pc    ] F1
[T+7868204179us][CH1-Dispenser] F1 F9
[T+7868278174us][CH1-Dispenser] E1 E9
[T+7868274172us][CH2-Pc    ] E1
[T+7868365172us][CH2-Pc    ] F0
[T+7868368172us][CH1-Dispenser] F0 F8
[T+7868432304us][CH1-Dispenser] E0
[T+7868432173us][CH2-Pc    ] E0
[T+7868601306us][CH1-Dispenser] E1
[T+7868601173us][CH2-Pc    ] E1
[T+7868776172us][CH2-Pc    ] F0
[T+7868784799us][CH1-Dispenser] F0 F8
[T+7868858172us][CH1-Dispenser] F1 F9
[T+7868855172us][CH2-Pc    ] F1
[T+7868933172us][CH2-Pc    ] E1
[T+7868940172us][CH1-Dispenser] E1 E9
[T+7869011172us][CH2-Pc    ] F0
[T+7869019352us][CH1-Dispenser] F0 F8
[T+7869089304us][CH1-Dispenser] E0
[T+7869089173us][CH2-Pc    ] E0
[T+7869253304us][CH1-Dispenser] E1
[T+7869253173us][CH2-Pc    ] E1
[T+7869428172us][CH2-Pc    ] F0
[T+7869435172us][CH1-Dispenser] F0 F8
[T+7869506175us][CH2-Pc    ] F1
[T+7869514800us][CH1-Dispenser] F1 F9
[T+7869584172us][CH2-Pc    ] E1
[T+7869588172us][CH1-Dispenser] E1 E9
[T+7869662172us][CH2-Pc    ] F0
[T+7869669172us][CH1-Dispenser] F0 F8
[T+7869741322us][CH1-Dispenser] E0
[T+7869741181us][CH2-Pc    ] E0
[T+7869915309us][CH1-Dispenser] E1
[T+7869915174us][CH2-Pc    ] E1
[T+7870079172us][CH2-Pc    ] F0
[T+7870083174us][CH1-Dispenser] F0 F8
[T+7870204172us][CH1-Dispenser] F1 F9
[T+7870200172us][CH2-Pc    ] F1
[T+7870294196us][CH2-Pc    ] E1
[T+7870300200us][CH1-Dispenser] E1 E9
[T+7870372197us][CH2-Pc    ] F0
[T+7870379172us][CH1-Dispenser] F0 F8
