connected
[T+7998159197us][CH2-Pc    ] E1
[T+7998167172us][CH1-Dispenser] E1 E9
[T+7998237172us][CH2-Pc    ] F0
[T+7998243200us][CH1-Dispenser] F0 F8
[T+7998316304us][CH1-Dispenser] E0
[T+7998316173us][CH2-Pc    ] E0
[T+7998490306us][CH1-Dispenser] E1
[T+7998490173us][CH2-Pc    ] E1
[T+7998654172us][CH2-Pc    ] F0
[T+7998662172us][CH1-Dispenser] F0 F8
[T+7998732172us][CH2-Pc    ] F1
[T+7998740172us][CH1-Dispenser] F1 F9
[T+7998811172us][CH2-Pc    ] E1
[T+7998817202us][CH1-Dispenser] E1 E9
[T+7998889197us][CH2-Pc    ] F0
[T+7998898172us][CH1-Dispenser] F0 F8
[T+7998967305us][CH1-Dispenser] E0
[T+7998967173us][CH2-Pc    ] E0
[T+7999142308us][CH1-Dispenser] E1
[T+7999142173us][CH2-Pc    ] E1
[T+7999318172us][CH2-Pc    ] F0
[T+7999324200us][CH1-Dispenser] F0 F8
[T+7999396196us][CH2-Pc    ] F1
[T+7999403794us][CH1-Dispenser] F1 F9
[T+7999474172us][CH2-Pc    ] E1
[T+7999484172us][CH1-Dispenser] E1 E9
[T+7999552172us][CH2-Pc    ] F0
[T+7999558209us][CH1-Dispenser] F0 F8
[T+7999630305us][CH1-Dispenser] E0
[T+7999630173us][CH2-Pc    ] E0
[T+7999805305us][CH1-Dispenser] E1
[T+7999805173us][CH2-Pc    ] E1
[T+7999969172us][CH2-Pc    ] F0
[T+7999974173us][CH1-Dispenser] F0 F8
[T+8000047172us][CH2-Pc    ] F1
[T+8000055767us][CH1-Dispenser] F1 F9
[T+8000125172us][CH2-Pc    ] E1
[T+8000133179us][CH1-Dispenser] E1 E9
[T+8000203172us][CH2-Pc    ] F0
[T+8000208172us][CH1-Dispenser] F0 F8
[T+8000281305us][CH1-Dispenser] E0
[T+8000281173us][CH2-Pc    ] E0
[T+8000456304us][CH1-Dispenser] E1
[T+8000456173us][CH2-Pc    ] E1
[T+8000632172us][CH2-Pc    ] F0
[T+8000637174us][CH1-Dispenser] F0 F8
[T+8000710172us][CH2-Pc    ] F1
[T+8000718172us][CH1-Dispenser] F1 F9
[T+8000788172us][CH2-Pc    ] E1
[T+8000792172us][CH1-Dispenser] E1 E9
[T+8000866172us][CH2-Pc    ] F0
[T+8000873172us][CH1-Dispenser] F0 F8
[T+8000945305us][CH1-Dispenser] E0
[T+8000945174us][CH2-Pc    ] E0
[T+8001108305us][CH1-Dispenser] E1
[T+8001108173us][CH2-Pc    ] E1
[T+8001283172us][CH2-Pc    ] F0
[T+8001289201us][CH1-Dispenser] F0 F8
[T+8001361197us][CH2-Pc    ] F1
[T+8001369172us][CH1-Dispenser] F1 F9
[T+8001439172us][CH2-Pc    ] E1
[T+8001446172us][CH1-Dispenser] E1 E9
[T+8001518172us][CH2-Pc    ] F0
[T+8001522172us][CH1-Dispenser] F0 F8
[T+8001596308us][CH1-Dispenser] E0
[T+8001596173us][CH2-Pc    ] E0
[T+8001772172us][CH1-Dispenser] E1
[T+8001771172us][CH2-Pc    ] E1
[T+8001936172us][CH2-Pc    ] F0
[T+8001945172us][CH1-Dispenser] F0 F8
[T+8002017172us][CH1-Dispenser] F1 F9
[T+8002014173us][CH2-Pc    ] F1
[T+8002092172us][CH2-Pc    ] E1
[T+8002097172us][CH1-Dispenser] E1 E9
[T+8002180172us][CH2-Pc    ] F0
[T+8002189179us][CH1-Dispenser] F0 F8
[T+8002258305us][CH1-Dispenser] E0
[T+8002258173us][CH2-Pc    ] E0
[T+8002422424us][CH1-Dispenser] E1
[T+8002422286us][CH2-Pc    ] E1
[T+8002598172us][CH2-Pc    ] F0
[T+8002603172us][CH1-Dispenser] F0 F8
[T+8002676172us][CH2-Pc    ] F1
[T+8002682200us][CH1-Dispenser] F1 F9
[T+8002754197us][CH2-Pc    ] E1
[T+8002764179us][CH1-Dispenser] E1 E9
[T+8002832172us][CH2-Pc    ] F0
[T+8002837172us][CH1-Dispenser] F0 F8
[T+8002911304us][CH1-Dispenser] E0
[T+8002911173us][CH2-Pc    ] E0
[T+8003085306us][CH1-Dispenser] E1
[T+8003085173us][CH2-Pc    ] E1
[T+8003249172us][CH2-Pc    ] F0
[T+8003253172us][CH1-Dispenser] F0 F8
[T+8003327172us][CH2-Pc    ] F1
[T+8003333202us][CH1-Dispenser] F1 F9
[T+8003405196us][CH2-Pc    ] E1
[T+8003412172us][CH1-Dispenser] E1 E9
[T+8003483172us][CH2-Pc    ] F0
[T+8003488172us][CH1-Dispenser] F0 F8
[T+8003561304us][CH1-Dispenser] E0
[T+8003561173us][CH2-Pc    ] E0
[T+8003736306us][CH1-Dispenser] E1
[T+8003736173us][CH2-Pc    ] E1
[T+8003911172us][CH2-Pc    ] F0
[T+8003918803us][CH1-Dispenser] F0 F8
[T+8003989172us][CH2-Pc    ] F1
[T+8003994172us][CH1-Dispenser] F1 F9
[T+8004067172us][CH2-Pc    ] E1
[T+8004073200us][CH1-Dispenser] E1 E9
[T+8004162174us][CH1-Dispenser] F0 F8
[T+8004158172us][CH2-Pc    ] F0
[T+8004236304us][CH1-Dispenser] E0
[T+8004236173us][CH2-Pc    ] E0
[T+8004411304us][CH1-Dispenser] E1
[T+8004411173us][CH2-Pc    ] E1
[T+8004586172us][CH2-Pc    ] F0
[T+8004592200us][CH1-Dispenser] F0 E8
[T+8004664172us][CH2-Pc    ] F1
[T+8004668172us][CH1-Dispenser] F1 F9
[T+8004742172us][CH2-Pc    ] E1
[T+8004747172us][CH1-Dispenser] E1 E9
[T+8004820172us][CH2-Pc    ] F0
[T+8004826200us][CH1-Dispenser] F0 F8
[T+8004899306us][CH1-Dispenser] E0
[T+8004899173us][CH2-Pc    ] E0
[T+8005063305us][CH1-Dispenser] E1
[T+8005063173us][CH2-Pc    ] E1
[T+8005237198us][CH2-Pc    ] F0
[T+8005243200us][CH1-Dispenser] F0 F8
[T+8005315197us][CH2-Pc    ] F1
[T+8005322172us][CH1-Dispenser] F1 F9
[T+8005393173us][CH2-Pc    ] E1
[T+8005398173us][CH1-Dispenser] E1 E9
[T+8005472172us][CH2-Pc    ] F0
[T+8005477172us][CH1-Dispenser] F0 F8
[T+8005550305us][CH1-Dispenser] E0
[T+8005550173us][CH2-Pc    ] E0
[T+8005717307us][CH1-Dispenser] E1
[T+8005717173us][CH2-Pc    ] E1
[T+8005892172us][CH2-Pc    ] F0
[T+8005897173us][CH1-Dispenser] F0 F8
[T+8005970172us][CH2-Pc    ] F1
[T+8005980172us][CH1-Dispenser] F1 F9
[T+8006048172us][CH2-Pc    ] E1
[T+8006052172us][CH1-Dispenser] E1 E9
[T+8006126172us][CH2-Pc    ] F0
[T+8006133172us][CH1-Dispenser] F0 F8
[T+8006209311us][CH1-Dispenser] E0
[T+8006209174us][CH2-Pc    ] E0
[T+8006377307us][CH1-Dispenser] E1
[T+8006377173us][CH2-Pc    ] E1
[T+8006552172us][CH2-Pc    ] F0
[T+8006558200us][CH1-Dispenser] F0 F8
[T+8006630199us][CH2-Pc    ] F1
[T+8006637172us][CH1-Dispenser] F1 F9
[T+8006708172us][CH2-Pc    ] E1
[T+8006713172us][CH1-Dispenser] E1 E9
[T+8006786172us][CH2-Pc    ] F0
[T+8006792201us][CH1-Dispenser] F0 F8
[T+8006864305us][CH1-Dispenser] E0
[T+8006864173us][CH2-Pc    ] E0
[T+8007039308us][CH1-Dispenser] E1
[T+8007039174us][CH2-Pc    ] E1
[T+8007203172us][CH2-Pc    ] F0
[T+8007207172us][CH1-Dispenser] F0 F8
[T+8007281172us][CH2-Pc    ] F1
[T+8007288172us][CH1-Dispenser] F1 F9
[T+8007359172us][CH2-Pc    ] E1
[T+8007367172us][CH1-Dispenser] E1 E9
[T+8007447172us][CH2-Pc    ] F0
[T+8007452173us][CH1-Dispenser] F0 F8
[T+8007524304us][CH1-Dispenser] E0
[T+8007524173us][CH2-Pc    ] E0
[T+8007710308us][CH1-Dispenser] E1
[T+8007710173us][CH2-Pc    ] E1
[T+8007874172us][CH2-Pc    ] F0
[T+8007879174us][CH1-Dispenser] F0 F8
[T+8007953173us][CH2-Pc    ] F1
[T+8007958172us][CH1-Dispenser] F1 F9
[T+8008031172us][CH2-Pc    ] E1
[T+8008038778us][CH1-Dispenser] E1 E9
[T+8008109172us][CH2-Pc    ] F0
[T+8008117172us][CH1-Dispenser] F0 F8
[T+8008187308us][CH1-Dispenser] E0
[T+8008187174us][CH2-Pc    ] E0
[T+8008362309us][CH1-Dispenser] E1
[T+8008362173us][CH2-Pc    ] E1
[T+8008538172us][CH2-Pc    ] F0
[T+8008544200us][CH1-Dispenser] F0 F8
[T+8008616196us][CH2-Pc    ] F1
[T+8008625806us][CH1-Dispenser] F1 F9
[T+8008694172us][CH2-Pc    ] E1
[T+8008702766us][CH1-Dispenser] E1 E9
[T+8008772175us][CH2-Pc    ] F0
[T+8008778201us][CH1-Dispenser] F0 F8
[T+8008850305us][CH1-Dispenser] E0
[T+8008850174us][CH2-Pc    ] E0
[T+8009015173us][CH1-Dispenser] E1
[T+8009014172us][CH2-Pc    ] E1
[T+8009189172us][CH2-Pc    ] F0
[T+8009192173us][CH1-Dispenser] F0 F8
[T+8009257172us][CH2-Pc    ] F1
[T+8009265172us][CH1-Dispenser] F1 F9
[T+8009335172us][CH2-Pc    ] E1
[T+8009342172us][CH1-Dispenser] E1 E9
[T+8009413172us][CH2-Pc    ] F0
[T+8009418173us][CH1-Dispenser] F0 F8
[T+8009491309us][CH1-Dispenser] E0
[T+8009491174us][CH2-Pc    ] E0
[T+8009655307us][CH1-Dispenser] E1
[T+8009655173us][CH2-Pc    ] E1
[T+8009830172us][CH2-Pc    ] F0
[T+8009837172us][CH1-Dispenser] F0 F8
[T+8009913173us][CH1-Dispenser] F1 F9
[T+8009909172us][CH2-Pc    ] F1
[T+8009986172us][CH2-Pc    ] E1
[T+8009993172us][CH1-Dispenser] E1 E9
[T+8010064172us][CH2-Pc    ] F0
[T+8010074775us][CH1-Dispenser] F0 F8
[T+8010143306us][CH1-Dispenser] E0
[T+8010143173us][CH2-Pc    ] E0
[T+8010312305us][CH1-Dispenser] E1
[T+8010312173us][CH2-Pc    ] E1
[T+8010486197us][CH2-Pc    ] F0
[T+8010493172us][CH1-Dispenser] F0 F8
[T+8010564172us][CH2-Pc    ] F1
[T+8010569172us][CH1-Dispenser] F1 F9
[T+8010642172us][CH2-Pc    ] E1
[T+8010649787us][CH1-Dispenser] E1 E9
[T+8010720173us][CH2-Pc    ] F0
[T+8010728172us][CH1-Dispenser] F0 F8
[T+8010799305us][CH1-Dispenser] E0
[T+8010799173us][CH2-Pc    ] E0
[T+8010973307us][CH1-Dispenser] E1
[T+8010973173us][CH2-Pc    ] E1
[T+8011148172us][CH2-Pc    ] F0
[T+8011153173us][CH1-Dispenser] F0 F8
[T+8011226172us][CH2-Pc    ] F1
[T+8011236179us][CH1-Dispenser] F1 F9
[T+8011305172us][CH2-Pc    ] E1
[T+8011313172us][CH1-Dispenser] E1 E9
[T+8011384172us][CH2-Pc    ] F0
[T+8011387174us][CH1-Dispenser] F0 F8
[T+8011462305us][CH1-Dispenser] E0
[T+8011462174us][CH2-Pc    ] E0
[T+8011647312us][CH1-Dispenser] E1
[T+8011647173us][CH2-Pc    ] E1
[T+8011811172us][CH2-Pc    ] F0
[T+8011821179us][CH1-Dispenser] F0 F8
[T+8011890172us][CH2-Pc    ] F1
[T+8011899172us][CH1-Dispenser] F1 F9
[T+8011968172us][CH2-Pc    ] E1
[T+8011973172us][CH1-Dispenser] E1 E9
[T+8012046172us][CH2-Pc    ] F0
[T+8012052206us][CH1-Dispenser] F0 F8
[T+8012124305us][CH1-Dispenser] E0
[T+8012124173us][CH2-Pc    ] E0
[T+8012299305us][CH1-Dispenser] E1
[T+8012299173us][CH2-Pc    ] E1
[T+8012473197us][CH2-Pc    ] F0
[T+8012483179us][CH1-Dispenser] F0 F8
[T+8012551172us][CH2-Pc    ] F1
[T+8012558205us][CH1-Dispenser] F1 F9
[T+8012631172us][CH2-Pc    ] E1
[T+8012638172us][CH1-Dispenser] E1 E9
[T+8012709172us][CH2-Pc    ] F0
[T+8012713172us][CH1-Dispenser] F0 F8
[T+8012787304us][CH1-Dispenser] E0
[T+8012787173us][CH2-Pc    ] E0
[T+8012951310us][CH1-Dispenser] E1
[T+8012951173us][CH2-Pc    ] E1
[T+8013126172us][CH2-Pc    ] F0
[T+8013133172us][CH1-Dispenser] F0 F8
[T+8013204172us][CH2-Pc    ] F1
[T+8013209172us][CH1-Dispenser] F1 F9
[T+8013282172us][CH2-Pc    ] E1
[T+8013288200us][CH1-Dispenser] E1 E9
[T+8013360196us][CH2-Pc    ] F0
[T+8013367172us][CH1-Dispenser] F0 F8
[T+8013438305us][CH1-Dispenser] E0
[T+8013438173us][CH2-Pc    ] E0
[T+8013613305us][CH1-Dispenser] E1
[T+8013613173us][CH2-Pc    ] E1
[T+8013788172us][CH2-Pc    ] F0
[T+8013793172us][CH1-Dispenser] F0 F8
[T+8013866172us][CH2-Pc    ] F1
[T+8013874179us][CH1-Dispenser] F1 F9
[T+8013948172us][CH1-Dispenser] E1 E9
[T+8013944172us][CH2-Pc    ] E1
[T+8014013172us][CH2-Pc    ] F0
[T+8014020172us][CH1-Dispenser] F0 F8
[T+8014091304us][CH1-Dispenser] E0
[T+8014091173us][CH2-Pc    ] E0
[T+8014268306us][CH1-Dispenser] E1
[T+8014268173us][CH2-Pc    ] E1
[T+8014442197us][CH2-Pc    ] F0
[T+8014448201us][CH1-Dispenser] F0 F8
[T+8014520197us][CH2-Pc    ] F1
[T+8014528172us][CH1-Dispenser] F1 F9
[T+8014598172us][CH2-Pc    ] E1
[T+8014604200us][CH1-Dispenser] E1 E9
[T+8014677172us][CH2-Pc    ] F0
[T+8014683200us][CH1-Dispenser] F0 F8
[T+8014755305us][CH1-Dispenser] E0
[T+8014755173us][CH2-Pc    ] E0
[T+8014929307us][CH1-Dispenser] E1
[T+8014929173us][CH2-Pc    ] E1
[T+8015094172us][CH2-Pc    ] F0
[T+8015099172us][CH1-Dispenser] F0 F8
[T+8015172172us][CH2-Pc    ] F1
[T+8015180172us][CH1-Dispenser] F1 E9
[T+8015250172us][CH2-Pc    ] E1
[T+8015259172us][CH1-Dispenser] E1 E9
[T+8015328172us][CH2-Pc    ] F0
[T+8015333172us][CH1-Dispenser] F0 F8
[T+8015406304us][CH1-Dispenser] E0
[T+8015406173us][CH2-Pc    ] E0
[T+8015581308us][CH1-Dispenser] E1
[T+8015581173us][CH2-Pc    ] E1
[T+8015757172us][CH2-Pc    ] F0
[T+8015766555us][CH1-Dispenser] F0 F8
[T+8015838174us][CH1-Dispenser] F1 F9
[T+8015835175us][CH2-Pc    ] F1
[T+8015904196us][CH2-Pc    ] E1
[T+8015910202us][CH1-Dispenser] E1 E9
[T+8015982173us][CH2-Pc    ] F0
[T+8015987172us][CH1-Dispenser] F0 F8
[T+8016060305us][CH1-Dispenser] E0
[T+8016060173us][CH2-Pc    ] E0
[T+8016235307us][CH1-Dispenser] E1
[T+8016235173us][CH2-Pc    ] E1
[T+8016412172us][CH2-Pc    ] F0
[T+8016418200us][CH1-Dispenser] F0 F8
[T+8016490172us][CH2-Pc    ] F1
[T+8016494172us][CH1-Dispenser] F1 F9
[T+8016568172us][CH2-Pc    ] E1
[T+8016573172us][CH1-Dispenser] E1 E9
[T+8016646172us][CH2-Pc    ] F0
[T+8016652203us][CH1-Dispenser] F0 F8
[T+8016723304us][CH1-Dispenser] E0
[T+8016723173us][CH2-Pc    ] E0
[T+8016898309us][CH1-Dispenser] E1
[T+8016898174us][CH2-Pc    ] E1
[T+8017062172us][CH2-Pc    ] F0
[T+8017068205us][CH1-Dispenser] F0 F8
[T+8017140197us][CH2-Pc    ] F1
[T+8017148179us][CH1-Dispenser] F1 F9
[T+8017218172us][CH2-Pc    ] E1
[T+8017223172us][CH1-Dispenser] E1 E9
[T+8017297172us][CH2-Pc    ] F0
[T+8017303200us][CH1-Dispenser] F0 F8
[T+8017375309us][CH1-Dispenser] E0
[T+8017375173us][CH2-Pc    ] E0
[T+8017549306us][CH1-Dispenser] E1
[T+8017549173us][CH2-Pc    ] E1
[T+8017720172us][CH2-Pc    ] F0
[T+8017728172us][CH1-Dispenser] F0 F8
[T+8017799172us][CH2-Pc    ] F1
[T+8017804172us][CH1-Dispenser] F1 F9
[T+8017877172us][CH2-Pc    ] E1
[T+8017883205us][CH1-Dispenser] E1 E9
[T+8017955197us][CH2-Pc    ] F0
[T+8017962172us][CH1-Dispenser] F0 F8
[T+8018033307us][CH1-Dispenser] E0
[T+8018033174us][CH2-Pc    ] E0
[T+8018208308us][CH1-Dispenser] E1
[T+8018208173us][CH2-Pc    ] E1
[T+8018376197us][CH2-Pc    ] F0
[T+8018384172us][CH1-Dispenser] F0 F8
[T+8018454172us][CH2-Pc    ] F1
[T+8018458172us][CH1-Dispenser] F1 F9
[T+8018532172us][CH2-Pc    ] E1
[T+8018539172us][CH1-Dispenser] E1 E9
[T+8018610172us][CH2-Pc    ] F0
[T+8018618802us][CH1-Dispenser] F0 F8
[T+8018688306us][CH1-Dispenser] E0
[T+8018688173us][CH2-Pc    ] E0
[T+8018863309us][CH1-Dispenser] E1
[T+8018863174us][CH2-Pc    ] E1
[T+8019038172us][CH2-Pc    ] F0
[T+8019043172us][CH1-Dispenser] F0 F8
[T+8019116172us][CH2-Pc    ] F1
[T+8019126180us][CH1-Dispenser] F1 F9
[T+8019198172us][CH1-Dispenser] E1 E9
[T+8019194172us][CH2-Pc    ] E1
[T+8019275172us][CH2-Pc    ] F0
[T+8019277172us][CH1-Dispenser] F0 F8
[T+8019341305us][CH1-Dispenser] E0
[T+8019341173us][CH2-Pc    ] E0
[T+8019516308us][CH1-Dispenser] E1
[T+8019516174us][CH2-Pc    ] E1
[T+8019692172us][CH2-Pc    ] F0
[T+8019699799us][CH1-Dispenser] F0 F8
[T+8019773172us][CH1-Dispenser] F1 F9
[T+8019770172us][CH2-Pc    ] F1
[T+8019837172us][CH2-Pc    ] E1
[T+8019845179us][CH1-Dispenser] E1 E9
[T+8019916173us][CH2-Pc    ] F0
[T+8019922202us][CH1-Dispenser] F0 F8
[T+8019994304us][CH1-Dispenser] E0
[T+8019994173us][CH2-Pc    ] E0
[T+8020179307us][CH1-Dispenser] E1
[T+8020179173us][CH2-Pc    ] E1
[T+8020343172us][CH2-Pc    ] F0
[T+8020349202us][CH1-Dispenser] F0 F8
[T+8020421196us][CH2-Pc    ] F1
[T+8020429172us][CH1-Dispenser] F1 F9
[T+8020500172us][CH2-Pc    ] E1
[T+8020503172us][CH1-Dispenser] E1 E9
[T+8020567172us][CH2-Pc    ] F0
[T+8020573201us][CH1-Dispenser] F0 F8
[T+8020645309us][CH1-Dispenser] E0
[T+8020645173us][CH2-Pc    ] E0
[T+8020820306us][CH1-Dispenser] E1
[T+8020820173us][CH2-Pc    ] E1
[T+8020984172us][CH2-Pc    ] F0
[T+8020989174us][CH1-Dispenser] F0 F8
[T+8021062172us][CH2-Pc    ] F1
[T+8021068200us][CH1-Dispenser] F1 F9
[T+8021140197us][CH2-Pc    ] E1
[T+8021150179us][CH1-Dispenser] E1 E9
[T+8021218172us][CH2-Pc    ] F0
[T+8021224202us][CH1-Dispenser] F0 E8
[T+8021297306us][CH1-Dispenser] E0
[T+8021297173us][CH2-Pc    ] E0
[T+8021473312us][CH1-Dispenser] E1
[T+8021473175us][CH2-Pc    ] E1
[T+8021648172us][CH2-Pc    ] F0
[T+8021654200us][CH1-Dispenser] F0 F8
[T+8021726197us][CH2-Pc    ] F1
[T+8021733172us][CH1-Dispenser] F1 F9
[T+8021804172us][CH2-Pc    ] E1
[T+8021809172us][CH1-Dispenser] E1 E9
[T+8021882172us][CH2-Pc    ] F0
[T+8021888200us][CH1-Dispenser] F0 F8
[T+8021961172us][CH1-Dispenser] E0
[T+8021960172us][CH2-Pc    ] E0
[T+8022125304us][CH1-Dispenser] E1
[T+8022125173us][CH2-Pc    ] E1
[T+8022303172us][CH1-Dispenser] F0 F8
[T+8022299172us][CH2-Pc    ] F0
[T+8022367172us][CH2-Pc    ] F1
[T+8022373201us][CH1-Dispenser] F1 F9
[T+8022445172us][CH2-Pc    ] E1
[T+8022449172us][CH1-Dispenser] E1 E9
[T+8022523172us][CH2-Pc    ] F0
[T+8022528180us][CH1-Dispenser] F0 F8
[T+8022601305us][CH1-Dispenser] E0
[T+8022601173us][CH2-Pc    ] E0
[T+8022765306us][CH1-Dispenser] E1
[T+8022765173us][CH2-Pc    ] E1
[T+8022940172us][CH2-Pc    ] F0
[T+8022944174us][CH1-Dispenser] F0 F8
[T+8023018172us][CH2-Pc    ] F1
[T+8023023172us][CH1-Dispenser] F1 F9
[T+8023096172us][CH2-Pc    ] E1
[T+8023103172us][CH1-Dispenser] E1 E9
[T+8023174172us][CH2-Pc    ] F0
[T+8023178172us][CH1-Dispenser] F0 F8
[T+8023253306us][CH1-Dispenser] E0
[T+8023253173us][CH2-Pc    ] E0
[T+8023429307us][CH1-Dispenser] E1
[T+8023429173us][CH2-Pc    ] E1
[T+8023593172us][CH2-Pc    ] F0
[T+8023598172us][CH1-Dispenser] F0 F8
[T+8023671172us][CH2-Pc    ] F1
[T+8023679172us][CH1-Dispenser] F1 F9
[T+8023750172us][CH2-Pc    ] E1
[T+8023753172us][CH1-Dispenser] E1 E9
[T+8023828172us][CH2-Pc    ] F0
[T+8023834201us][CH1-Dispenser] F0 F8
[T+8023906305us][CH1-Dispenser] E0
[T+8023906174us][CH2-Pc    ] E0
[T+8024079307us][CH1-Dispenser] E1
[T+8024079174us][CH2-Pc    ] E1
[T+8024255172us][CH2-Pc    ] F0
[T+8024260172us][CH1-Dispenser] F0 F8
[T+8024333172us][CH2-Pc    ] F1
[T+8024339205us][CH1-Dispenser] F1 F9
[T+8024412172us][CH2-Pc    ] E1
[T+8024418202us][CH1-Dispenser] E1 E9
[T+8024490172us][CH2-Pc    ] F0
[T+8024494172us][CH1-Dispenser] F0 F8
[T+8024568304us][CH1-Dispenser] E0
[T+8024568173us][CH2-Pc    ] E0
[T+8024732312us][CH1-Dispenser] E1
[T+8024732175us][CH2-Pc    ] E1
[T+8024907172us][CH2-Pc    ] F0
[T+8024914172us][CH1-Dispenser] F0 F8
[T+8024985172us][CH2-Pc    ] F1
[T+8024989172us][CH1-Dispenser] F1 F9
[T+8025063172us][CH2-Pc    ] E1
[T+8025069201us][CH1-Dispenser] E1 E9
[T+8025141197us][CH2-Pc    ] F0
[T+8025152774us][CH1-Dispenser] F0 E8
[T+8025219305us][CH1-Dispenser] E0
[T+8025219173us][CH2-Pc    ] E0
[T+8025397305us][CH1-Dispenser] E1
[T+8025397173us][CH2-Pc    ] E1
[T+8025561172us][CH2-Pc    ] F0
[T+8025569181us][CH1-Dispenser] F0 F8
[T+8025643313us][CH1-Dispenser] F1 F9
[T+8025639172us][CH2-Pc    ] F1
[T+8025717172us][CH2-Pc    ] E1
[T+8025723200us][CH1-Dispenser] E1 E9
[T+8025796172us][CH2-Pc    ] F0
[T+8025806179us][CH1-Dispenser] F0 F8
[T+8025874311us][CH1-Dispenser] E0
[T+8025874175us][CH2-Pc    ] E0
[T+8026049305us][CH1-Dispenser] E1
[T+8026049173us][CH2-Pc    ] E1
[T+8026216172us][CH2-Pc    ] F0
[T+8026224172us][CH1-Dispenser] F0 F8
[T+8026295172us][CH2-Pc    ] F1
[T+8026299172us][CH1-Dispenser] F1 F9
[T+8026378295us][CH2-Pc    ] E1
[T+8026384268us][CH1-Dispenser] E1 E9
[T+8026456197us][CH2-Pc    ] F0
[T+8026465172us][CH1-Dispenser] F0 F8
[T+8026534307us][CH1-Dispenser] E0
[T+8026534174us][CH2-Pc    ] E0
[T+8026708306us][CH1-Dispenser] E1
[T+8026708173us][CH2-Pc    ] E1
[T+8026872172us][CH2-Pc    ] F0
[T+8026881172us][CH1-Dispenser] F0 F8
[T+8026951172us][CH2-Pc    ] F1
[T+8026953172us][CH1-Dispenser] F1 F9
[T+8027018172us][CH2-Pc    ] E1
[T+8027024200us][CH1-Dispenser] E1 E9
[T+8027096196us][CH2-Pc    ] F0
[T+8027103810us][CH1-Dispenser] F0 F8
[T+8027174305us][CH1-Dispenser] E0
[T+8027174173us][CH2-Pc    ] E0
[T+8027349305us][CH1-Dispenser] E1
[T+8027349173us][CH2-Pc    ] E1
[T+8027513172us][CH2-Pc    ] F0
[T+8027519200us][CH1-Dispenser] F0 F8
[T+8027591197us][CH2-Pc    ] F1
[T+8027598172us][CH1-Dispenser] F1 F9
[T+8027670172us][CH2-Pc    ] E1
[T+8027674172us][CH1-Dispenser] E1 E9
[T+8027747172us][CH2-Pc    ] F0
[T+8027755807us][CH1-Dispenser] F0 F8
[T+8027826305us][CH1-Dispenser] E0
[T+8027826174us][CH2-Pc    ] E0
[T+8028000307us][CH1-Dispenser] E1
[T+8028000173us][CH2-Pc    ] E1
[T+8028179173us][CH1-Dispenser] F0 F8
[T+8028175173us][CH2-Pc    ] F0
[T+8028243172us][CH2-Pc    ] F1
[T+8028249200us][CH1-Dispenser] F1 F9
[T+8028321198us][CH2-Pc    ] E1
[T+8028329243us][CH1-Dispenser] E1 E9
[T+8028399172us][CH2-Pc    ] F0
[T+8028404172us][CH1-Dispenser] F0 F8
[T+8028477305us][CH1-Dispenser] E0
[T+8028477173us][CH2-Pc    ] E0
[T+8028663305us][CH1-Dispenser] E1
[T+8028663173us][CH2-Pc    ] E1
[T+8028827172us][CH2-Pc    ] F0
[T+8028835172us][CH1-Dispenser] F0 E8
[T+8028899172us][CH2-Pc    ] F1
[T+8028905200us][CH1-Dispenser] F1 F9
[T+8028977197us][CH2-Pc    ] E1
[T+8028984172us][CH1-Dispenser] E1 E9
[T+8029055172us][CH2-Pc    ] F0
[T+8029058172us][CH1-Dispenser] F0 F8
[T+8029122304us][CH1-Dispenser] E0
[T+8029122173us][CH2-Pc    ] E0
[T+8029297308us][CH1-Dispenser] E1
[T+8029297174us][CH2-Pc    ] E1
[T+8029472172us][CH2-Pc    ] F0
[T+8029483180us][CH1-Dispenser] F0 F8
[T+8029553172us][CH1-Dispenser] F1 F9
[T+8029551172us][CH2-Pc    ] F1
[T+8029620172us][CH2-Pc    ] E1
[T+8029626201us][CH1-Dispenser] E1 E9
[T+8029698173us][CH2-Pc    ] F0
[T+8029703172us][CH1-Dispenser] F0 F8
[T+8029776304us][CH1-Dispenser] E0
[T+8029776173us][CH2-Pc    ] E0
[T+8029959305us][CH1-Dispenser] E1
[T+8029959173us][CH2-Pc    ] E1
[T+8030124172us][CH2-Pc    ] F0
[T+8030130205us][CH1-Dispenser] F0 E8
[T+8030202197us][CH2-Pc    ] F1
[T+8030209805us][CH1-Dispenser] F1 F9
[T+8030284172us][CH2-Pc    ] E1
[T+8030289172us][CH1-Dispenser] E1 E9
[T+8030362172us][CH2-Pc    ] F0
[T+8030368202us][CH1-Dispenser] F0 F8
[T+8030440305us][CH1-Dispenser] E0
[T+8030440173us][CH2-Pc    ] E0
[T+8030615305us][CH1-Dispenser] E1
[T+8030615173us][CH2-Pc    ] E1
[T+8030779172us][CH2-Pc    ] F0
[T+8030786172us][CH1-Dispenser] F0 F8
[T+8030857172us][CH2-Pc    ] F1
[T+8030865172us][CH1-Dispenser] F1 F9
[T+8030935172us][CH2-Pc    ] E1
[T+8030939173us][CH1-Dispenser] E1 E9
[T+8031013172us][CH2-Pc    ] F0
[T+8031018172us][CH1-Dispenser] F0 F8
[T+8031091305us][CH1-Dispenser] E0
[T+8031091173us][CH2-Pc    ] E0
[T+8031266308us][CH1-Dispenser] E1
[T+8031266174us][CH2-Pc    ] E1
[T+8031443172us][CH2-Pc    ] F0
[T+8031451798us][CH1-Dispenser] F0 F8
[T+8031521172us][CH2-Pc    ] F1
[T+8031525172us][CH1-Dispenser] F1 E9
[T+8031599172us][CH2-Pc    ] E1
[T+8031604172us][CH1-Dispenser] E1 E9
[T+8031677172us][CH2-Pc    ] F0
[T+8031683200us][CH1-Dispenser] F0 F8
[T+8031755304us][CH1-Dispenser] E0
[T+8031755173us][CH2-Pc    ] E0
[T+8031919310us][CH1-Dispenser] E1
[T+8031919174us][CH2-Pc    ] E1
[T+8032094198us][CH2-Pc    ] F0
[T+8032100173us][CH1-Dispenser] F0 F8
[T+8032172197us][CH2-Pc    ] F1
[T+8032179172us][CH1-Dispenser] F1 F9
[T+8032253172us][CH2-Pc    ] E1
[T+8032260172us][CH1-Dispenser] E1 E9
[T+8032331172us][CH2-Pc    ] F0
[T+8032339172us][CH1-Dispenser] F0 F8
[T+8032410172us][CH1-Dispenser] E0
[T+8032409172us][CH2-Pc    ] E0
[T+8032584304us][CH1-Dispenser] E1
[T+8032584173us][CH2-Pc    ] E1
[T+8032749172us][CH2-Pc    ] F0
[T+8032755201us][CH1-Dispenser] F0 F8
[T+8032827197us][CH2-Pc    ] F1
[T+8032835173us][CH1-Dispenser] F1 F9
[T+8032906172us][CH2-Pc    ] E1
[T+8032909172us][CH1-Dispenser] E1 E9
[T+8032973172us][CH2-Pc    ] F0
[T+8032979200us][CH1-Dispenser] F0 F8
[T+8033051305us][CH1-Dispenser] E0
[T+8033051173us][CH2-Pc    ] E0
[T+8033226308us][CH1-Dispenser] E1
[T+8033226173us][CH2-Pc    ] E1
[T+8033390172us][CH2-Pc    ] F0
[T+8033395173us][CH1-Dispenser] F0 F8
[T+8033468172us][CH2-Pc    ] F1
[T+8033474200us][CH1-Dispenser] F1 F9
[T+8033546196us][CH2-Pc    ] E1
[T+8033554179us][CH1-Dispenser] E1 E9
[T+8033624172us][CH2-Pc    ] F0
[T+8033631172us][CH1-Dispenser] F0 F8
[T+8033703304us][CH1-Dispenser] E0
[T+8033703173us][CH2-Pc    ] E0
[T+8033878473us][CH1-Dispenser] E1
[T+8033878339us][CH2-Pc    ] E1
[T+8034053172us][CH2-Pc    ] F0
[T+8034062179us][CH1-Dispenser] F0 F8
[T+8034131172us][CH2-Pc    ] F1
[T+8034134172us][CH1-Dispenser] F1 F9
[T+8034199172us][CH2-Pc    ] E1
[T+8034206172us][CH1-Dispenser] E1 E9
[T+8034279172us][CH2-Pc    ] F0
[T+8034283172us][CH1-Dispenser] F0 F8
[T+8034357304us][CH1-Dispenser] E0
[T+8034357173us][CH2-Pc    ] E0
[T+8034532305us][CH1-Dispenser] E1
[T+8034532173us][CH2-Pc    ] E1
[T+8034706197us][CH2-Pc    ] F0
[T+8034714179us][CH1-Dispenser] F0 F8
[T+8034785172us][CH2-Pc    ] F1
[T+8034793172us][CH1-Dispenser] F1 F9
[T+8034863172us][CH2-Pc    ] E1
[T+8034869202us][CH1-Dispenser] E1 E9
[T+8034941198us][CH2-Pc    ] F0
[T+8034948172us][CH1-Dispenser] F0 F8
[T+8035021628us][CH1-Dispenser] E0
[T+8035021486us][CH2-Pc    ] E0
[T+8035194311us][CH1-Dispenser] E1
[T+8035194173us][CH2-Pc    ] E1
[T+8035358172us][CH2-Pc    ] F0
[T+8035364200us][CH1-Dispenser] F0 F8
[T+8035436172us][CH2-Pc    ] F1
[T+8035440173us][CH1-Dispenser] F1 F9
[T+8035514172us][CH2-Pc    ] E1
[T+8035519172us][CH1-Dispenser] E1 E9
[T+8035593172us][CH2-Pc    ] F0
[T+8035599208us][CH1-Dispenser] F0 F8
[T+8035670309us][CH1-Dispenser] E0
[T+8035670173us][CH2-Pc    ] E0
[T+8035845307us][CH1-Dispenser] E1
[T+8035845173us][CH2-Pc    ] E1
[T+8036024173us][CH1-Dispenser] F0 F8
[T+8036020172us][CH2-Pc    ] F0
[T+8036098172us][CH2-Pc    ] F1
[T+8036107172us][CH1-Dispenser] F1 F9
[T+8036176172us][CH2-Pc    ] E1
[T+8036184172us][CH1-Dispenser] E1 E9
[T+8036254172us][CH2-Pc    ] F0
[T+8036260200us][CH1-Dispenser] F0 F8
[T+8036332305us][CH1-Dispenser] E0
[T+8036332173us][CH2-Pc    ] E0
[T+8036504308us][CH1-Dispenser] E1
[T+8036504174us][CH2-Pc    ] E1
[T+8036678197us][CH2-Pc    ] F0
[T+8036685172us][CH1-Dispenser] F0 F8
[T+8036756172us][CH2-Pc    ] F1
[T+8036761172us][CH1-Dispenser] F1 F9
[T+8036834173us][CH2-Pc    ] E1
[T+8036838172us][CH1-Dispenser] E1 E9
[T+8036913172us][CH2-Pc    ] F0
[T+8036920783us][CH1-Dispenser] F0 E8
[T+8036990308us][CH1-Dispenser] E0
[T+8036990173us][CH2-Pc    ] E0
[T+8037155307us][CH1-Dispenser] E1
[T+8037155173us][CH2-Pc    ] E1
[T+8037329197us][CH2-Pc    ] F0
[T+8037336172us][CH1-Dispenser] F0 FE
[T+8037407172us][CH2-Pc    ] F1
[T+8037435172us][CH2-Pc    ] E1
[T+8037557172us][CH2-Pc    ] EF FA FF F8 E8 F8 FF EB EC
[T+8037588172us][CH1-Dispenser] F1 ED E1 ED EF FA FF F8 E8 F8 FF EB EC 37 AB 1D 24 F1 F1 A2 13 2A 9C A2
[T+8037610172us][CH2-Pc    ] E1
[T+8037783304us][CH1-Dispenser] E1 ED EF F8 FC ED E8 FD F8 F8 E8 E8 FF EA EC
[T+8037783173us][CH2-Pc    ] EF F8 FC ED E8 FD F8 F8 E8 E8 FF EA EC
[T+8037872172us][CH2-Pc    ] F1
[T+8037900172us][CH2-Pc    ] E1
[T+8038034305us][CH1-Dispenser] F1 ED E1 ED EF F8 FD FE F8 F8 F8 E9 F8 F8
[T+8038034173us][CH2-Pc    ] EF F8 FD FE F8 F8 F8 E9 F8 F8
[T+8038086306us][CH1-Dispenser] FF F8 EC
[T+8038086173us][CH2-Pc    ] FF F8 EC
[T+8038192307us][CH1-Dispenser] F1 ED E5
[T+8038192174us][CH2-Pc    ] F1 E5
[T+8038284172us][CH2-Pc    ] F1
[T+8038291172us][CH1-Dispenser] F1 F5
[T+8038362172us][CH2-Pc    ] E1
[T+8038372179us][CH1-Dispenser] E1 E9
[T+8038444172us][CH1-Dispenser] F0 F8
[T+8038440172us][CH2-Pc    ] F0
[T+8038518305us][CH1-Dispenser] E0
[T+8038518173us][CH2-Pc    ] E0
[T+8038693306us][CH1-Dispenser] E1
[T+8038693173us][CH2-Pc    ] E1
[T+8038857172us][CH2-Pc    ] F0
[T+8038865172us][CH1-Dispenser] F0 F8
[T+8038939172us][CH1-Dispenser] F1 F5
[T+8038935172us][CH2-Pc    ] F1
[T+8039514172us][CH2-Pc    ] E1
[T+8039520200us][CH1-Dispenser] E1 E9
[T+8039592196us][CH2-Pc    ] F0
[T+8039601814us][CH1-Dispenser] F0 F8
[T+8039670307us][CH1-Dispenser] E0
[T+8039670173us][CH2-Pc    ] E0
[T+8039845305us][CH1-Dispenser] E1
[T+8039845173us][CH2-Pc    ] E1
[T+8040020172us][CH2-Pc    ] F0
[T+8040026201us][CH1-Dispenser] F0 F8
[T+8040098197us][CH2-Pc    ] F1
[T+8040125172us][CH2-Pc    ] F9
[T+8040138172us][CH1-Dispenser] F1 F5 F9 38 38 38
[T+8040203172us][CH2-Pc    ] E1
[T+8040211172us][CH1-Dispenser] E1 E9
[T+8040282172us][CH2-Pc    ] F0
[T+8040289778us][CH1-Dispenser] F0 F8
[T+8040360307us][CH1-Dispenser] E0
[T+8040360174us][CH2-Pc    ] E0
[T+8040537309us][CH1-Dispenser] E1
[T+8040537174us][CH2-Pc    ] E1
[T+8040701172us][CH2-Pc    ] F0
[T+8040706173us][CH1-Dispenser] F0 F8
[T+8040779172us][CH2-Pc    ] F1
[T+8040785200us][CH1-Dispenser] F1 F5
[T+8040807172us][CH2-Pc    ] F9
[T+8040822172us][CH1-Dispenser] F9 38 38 38
[T+8040896172us][CH2-Pc    ] E1
[T+8040900172us][CH1-Dispenser] E1 E9
[T+8040982172us][CH2-Pc    ] F0
[T+8040990172us][CH1-Dispenser] F0 F8
[T+8041060304us][CH1-Dispenser] E0
[T+8041060173us][CH2-Pc    ] E0
[T+8041235312us][CH1-Dispenser] E1
[T+8041235174us][CH2-Pc    ] E1
[T+8041409197us][CH2-Pc    ] F0
[T+8041416172us][CH1-Dispenser] F0 F8
[T+8041487172us][CH2-Pc    ] F1
[T+8041516172us][CH2-Pc    ] F9
[T+8041527179us][CH1-Dispenser] F1 F5 F9 78 38 38
[T+8041596172us][CH2-Pc    ] E1
[T+8041601172us][CH1-Dispenser] E1 E9
[T+8041664172us][CH2-Pc    ] F0
[T+8041669173us][CH1-Dispenser] F0 F8
[T+8041742305us][CH1-Dispenser] E0
[T+8041742173us][CH2-Pc    ] E0
[T+8041930307us][CH1-Dispenser] E1
[T+8041930174us][CH2-Pc    ] E1
[T+8042115172us][CH2-Pc    ] F0
[T+8042120172us][CH1-Dispenser] F0 F8
[T+8042194172us][CH2-Pc    ] F1
[T+8042201813us][CH1-Dispenser] F1 F5
[T+8042223172us][CH2-Pc    ] F9
[T+8042235786us][CH1-Dispenser] F9 38 38 38
[T+8042302172us][CH2-Pc    ] E1
[T+8042311179us][CH1-Dispenser] E1 E9
[T+8042380172us][CH2-Pc    ] F0
[T+8042384173us][CH1-Dispenser] F0 F8
[T+8042458305us][CH1-Dispenser] E0
[T+8042458173us][CH2-Pc    ] E0
[T+8042622304us][CH1-Dispenser] E1
[T+8042622173us][CH2-Pc    ] E1
[T+8042798172us][CH2-Pc    ] F0
[T+8042805172us][CH1-Dispenser] F0 F8
[T+8042876172us][CH2-Pc    ] F1
[T+8042881175us][CH1-Dispenser] F1 F5
[T+8042904172us][CH2-Pc    ] F9
[T+8042917172us][CH1-Dispenser] F9 38 38 38
[T+8042982172us][CH2-Pc    ] E1
[T+8042990179us][CH1-Dispenser] E1 E9
[T+8043064172us][CH1-Dispenser] F0 F8
[T+8043060172us][CH2-Pc    ] F0
[T+8043138304us][CH1-Dispenser] E0
[T+8043138173us][CH2-Pc    ] E0
[T+8043317305us][CH1-Dispenser] E1
[T+8043317173us][CH2-Pc    ] E1
[T+8043482172us][CH2-Pc    ] F0
[T+8043487175us][CH1-Dispenser] F0 F8
[T+8043560172us][CH2-Pc    ] F1
[T+8043566200us][CH1-Dispenser] F1 F5
[T+8043587822us][CH2-Pc    ] F9
[T+8043603172us][CH1-Dispenser] F9 38 38 38
[T+8043677172us][CH2-Pc    ] E1
[T+8043685179us][CH1-Dispenser] E1 E9
[T+8043759172us][CH1-Dispenser] F0 F8
[T+8043755172us][CH2-Pc    ] F0
[T+8043833307us][CH1-Dispenser] E0
[T+8043833173us][CH2-Pc    ] E0
[T+8043997311us][CH1-Dispenser] E1
[T+8043997174us][CH2-Pc    ] E1
[T+8044172172us][CH2-Pc    ] F0
[T+8044181172us][CH1-Dispenser] F0 F8
[T+8044250172us][CH2-Pc    ] F1
[T+8044277196us][CH2-Pc    ] F9
[T+8044293172us][CH1-Dispenser] F1 F5 F9 38 38 38
[T+8044366172us][CH2-Pc    ] E1
[T+8044370172us][CH1-Dispenser] E1 E9
[T+8044444172us][CH2-Pc    ] F0
[T+8044449172us][CH1-Dispenser] F0 F8
[T+8044523305us][CH1-Dispenser] E0
[T+8044523173us][CH2-Pc    ] E0
[T+8044687308us][CH1-Dispenser] E1
[T+8044687173us][CH2-Pc    ] E1
[T+8044862172us][CH2-Pc    ] F0
[T+8044866172us][CH1-Dispenser] F0 F8
[T+8044939172us][CH2-Pc    ] F1
[T+8044946172us][CH1-Dispenser] F1 F5
[T+8044967176us][CH2-Pc    ] F9
[T+8044976179us][CH1-Dispenser] F9 38 38 38
[T+8045045172us][CH2-Pc    ] E1
[T+8045050172us][CH1-Dispenser] E1 E9
[T+8045123173us][CH2-Pc    ] F0
[T+8045130172us][CH1-Dispenser] F0 F8
[T+8045201304us][CH1-Dispenser] E0
[T+8045201173us][CH2-Pc    ] E0
[T+8045376305us][CH1-Dispenser] E1
[T+8045376173us][CH2-Pc    ] E1
[T+8045551173us][CH2-Pc    ] F0
[T+8045555172us][CH1-Dispenser] F0 F8
[T+8045640172us][CH1-Dispenser] F1 F5
[T+8045637174us][CH2-Pc    ] F1
[T+8045663172us][CH2-Pc    ] F9
[T+8045677172us][CH1-Dispenser] F9 38 38 38
[T+8045741172us][CH2-Pc    ] E1
[T+8045745172us][CH1-Dispenser] E1 E9
[T+8045809172us][CH2-Pc    ] F0
[T+8045815200us][CH1-Dispenser] F0 F8
[T+8045887305us][CH1-Dispenser] E0
[T+8045887173us][CH2-Pc    ] E0
[T+8046062304us][CH1-Dispenser] E1
[T+8046062173us][CH2-Pc    ] E1
[T+8046236197us][CH2-Pc    ] F0
[T+8046242200us][CH1-Dispenser] F0 F8
[T+8046314196us][CH2-Pc    ] F1
[T+8046320202us][CH1-Dispenser] F1 F5
[T+8046342172us][CH2-Pc    ] F9
[T+8046353329us][CH1-Dispenser] F9 38 38 78
[T+8046420172us][CH2-Pc    ] E1
[T+8046424172us][CH1-Dispenser] E1 E9
[T+8046498172us][CH2-Pc    ] F0
[T+8046505814us][CH1-Dispenser] F0 F8
[T+8046577304us][CH1-Dispenser] E0
[T+8046577173us][CH2-Pc    ] E0
[T+8046751305us][CH1-Dispenser] E1
[T+8046751173us][CH2-Pc    ] E1
[T+8046929173us][CH1-Dispenser] F0 F8
[T+8046926172us][CH2-Pc    ] F0
[T+8047004172us][CH2-Pc    ] F1
[T+8047010200us][CH1-Dispenser] F1 F5
[T+8047031172us][CH2-Pc    ] F9
[T+8047041779us][CH1-Dispenser] F9 28 70 38
[T+8047112172us][CH2-Pc    ] E1
[T+8047122172us][CH1-Dispenser] E1 E9
[T+8047190172us][CH2-Pc    ] F0
[T+8047195172us][CH1-Dispenser] F0 F8
[T+8047269308us][CH1-Dispenser] E0
[T+8047269173us][CH2-Pc    ] E0
[T+8047443307us][CH1-Dispenser] E1
[T+8047443174us][CH2-Pc    ] E1
[T+8047608172us][CH2-Pc    ] F0
[T+8047618882us][CH1-Dispenser] F0 F8
[T+8047686172us][CH2-Pc    ] F1
[T+8047690173us][CH1-Dispenser] F1 F5
[T+8047713172us][CH2-Pc    ] F9
[T+8047727179us][CH1-Dispenser] F9 B9 38 38
[T+8047791172us][CH2-Pc    ] E1
[T+8047796172us][CH1-Dispenser] E1 E9
[T+8047869172us][CH2-Pc    ] F0
[T+8047875201us][CH1-Dispenser] F0 F8
[T+8047947304us][CH1-Dispenser] E0
[T+8047947173us][CH2-Pc    ] E0
[T+8048122305us][CH1-Dispenser] E1
[T+8048122173us][CH2-Pc    ] E1
[T+8048297172us][CH2-Pc    ] F0
[T+8048300172us][CH1-Dispenser] F0 F8
[T+8048364172us][CH2-Pc    ] F1
[T+8048370202us][CH1-Dispenser] F1 F5
[T+8048392172us][CH2-Pc    ] F9
[T+8048401179us][CH1-Dispenser] F9 3A 38 38
[T+8048471172us][CH2-Pc    ] E1
[T+8048475172us][CH1-Dispenser] E1 E9
[T+8048549172us][CH2-Pc    ] F0
[T+8048554172us][CH1-Dispenser] F0 F8
[T+8048627305us][CH1-Dispenser] E0
[T+8048627173us][CH2-Pc    ] E0
[T+8048806311us][CH1-Dispenser] E1
[T+8048806174us][CH2-Pc    ] E1
[T+8048991172us][CH2-Pc    ] F0
[T+8048996173us][CH1-Dispenser] F0 F8
[T+8049069172us][CH2-Pc    ] F1
[T+8049097172us][CH2-Pc    ] F9
[T+8049108179us][CH1-Dispenser] F1 F5 F9 28 70 38
[T+8049175173us][CH2-Pc    ] E1
[T+8049179172us][CH1-Dispenser] E1 E9
[T+8049253172us][CH2-Pc    ] F0
[T+8049260172us][CH1-Dispenser] F0 F8
[T+8049331304us][CH1-Dispenser] E0
[T+8049331173us][CH2-Pc    ] E0
[T+8049506305us][CH1-Dispenser] E1
[T+8049506173us][CH2-Pc    ] E1
[T+8049670172us][CH2-Pc    ] F0
[T+8049678172us][CH1-Dispenser] F0 F8
[T+8049748172us][CH2-Pc    ] F1
[T+8049775172us][CH2-Pc    ] F9
[T+8049788172us][CH1-Dispenser] F1 F5 F9 28 33 38
[T+8049854197us][CH2-Pc    ] E1
[T+8049861172us][CH1-Dispenser] E1 E9
[T+8049933196us][CH2-Pc    ] F0
[T+8049943179us][CH1-Dispenser] F0 F8
[T+8050011304us][CH1-Dispenser] E0
[T+8050011173us][CH2-Pc    ] E0
[T+8050186308us][CH1-Dispenser] E1
[T+8050186174us][CH2-Pc    ] E1
[T+8050360172us][CH2-Pc    ] F0
[T+8050365172us][CH1-Dispenser] F0 F8
[T+8050438172us][CH2-Pc    ] F1
[T+8050466172us][CH2-Pc    ] F9
[T+8050479172us][CH1-Dispenser] F1 F5 F9 A8 70 78
[T+8050544172us][CH2-Pc    ] E1
[T+8050551172us][CH1-Dispenser] E1 E9
[T+8050622172us][CH2-Pc    ] F0
[T+8050630783us][CH1-Dispenser] F0 F8
[T+8050700305us][CH1-Dispenser] E0
[T+8050700173us][CH2-Pc    ] E0
[T+8050875306us][CH1-Dispenser] E1
[T+8050875173us][CH2-Pc    ] E1
[T+8051050172us][CH2-Pc    ] F0
[T+8051056202us][CH1-Dispenser] F0 F8
[T+8051128266us][CH2-Pc    ] F1
[T+8051155172us][CH2-Pc    ] F9
[T+8051170172us][CH1-Dispenser] F1 F5 F9 28 28 38
[T+8051244172us][CH2-Pc    ] E1
[T+8051252181us][CH1-Dispenser] E1 E9
[T+8051322172us][CH2-Pc    ] F0
[T+8051331172us][CH1-Dispenser] F0 F8
[T+8051400307us][CH1-Dispenser] E0
[T+8051400173us][CH2-Pc    ] E0
[T+8051575310us][CH1-Dispenser] E1
[T+8051575173us][CH2-Pc    ] E1
[T+8051750172us][CH2-Pc    ] F0
[T+8051756200us][CH1-Dispenser] F0 F8
[T+8051828196us][CH2-Pc    ] F1
[T+8051855172us][CH2-Pc    ] F9
[T+8051867213us][CH1-Dispenser] F1 F5 F9 3A 29 38
[T+8051934172us][CH2-Pc    ] E1
[T+8051942172us][CH1-Dispenser] E1 E9
[T+8052012935us][CH2-Pc    ] F0
[T+8052016179us][CH1-Dispenser] F0 F8
[T+8052090307us][CH1-Dispenser] E0
[T+8052090173us][CH2-Pc    ] E0
[T+8052265306us][CH1-Dispenser] E1
[T+8052265173us][CH2-Pc    ] E1
[T+8052439197us][CH2-Pc    ] F0
[T+8052446172us][CH1-Dispenser] F0 F8
[T+8052517172us][CH2-Pc    ] F1
[T+8052522172us][CH1-Dispenser] F1 F5
[T+8052545172us][CH2-Pc    ] F9
[T+8052556785us][CH1-Dispenser] F9 38 25 38
[T+8052622197us][CH2-Pc    ] E1
[T+8052630172us][CH1-Dispenser] E1 E9
[T+8052700173us][CH2-Pc    ] F0
[T+8052705172us][CH1-Dispenser] F0 F8
[T+8052778307us][CH1-Dispenser] E0
[T+8052778173us][CH2-Pc    ] E0
[T+8052953308us][CH1-Dispenser] E1
[T+8052953174us][CH2-Pc    ] E1
[T+8053128265us][CH2-Pc    ] F0
[T+8053137179us][CH1-Dispenser] F0 F8
[T+8053203196us][CH2-Pc    ] F1
[T+8053230172us][CH2-Pc    ] F9
[T+8053242213us][CH1-Dispenser] F1 F5 F9 39 72 38
[T+8053309172us][CH2-Pc    ] E1
[T+8053315292us][CH1-Dispenser] E1 E9
[T+8053388172us][CH2-Pc    ] F0
[T+8053396172us][CH1-Dispenser] F0 F8
[T+8053466305us][CH1-Dispenser] E0
[T+8053466173us][CH2-Pc    ] E0
[T+8053640172us][CH2-Pc    ] E1
[T+8053641172us][CH1-Dispenser] E1
[T+8053815197us][CH2-Pc    ] F0
[T+8053822172us][CH1-Dispenser] F0 F8
[T+8053905172us][CH2-Pc    ] F1
[T+8053910172us][CH1-Dispenser] F1 F5
[T+8053932174us][CH2-Pc    ] F9
[T+8053943812us][CH1-Dispenser] F9 E9 39 78
[T+8054012172us][CH2-Pc    ] E1
[T+8054016172us][CH1-Dispenser] E1 E9
[T+8054090172us][CH2-Pc    ] F0
[T+8054095172us][CH1-Dispenser] F0 F8
[T+8054168305us][CH1-Dispenser] E0
[T+8054168173us][CH2-Pc    ] E0
[T+8054343309us][CH1-Dispenser] E1
[T+8054343173us][CH2-Pc    ] E1
[T+8054517172us][CH2-Pc    ] F0
[T+8054522173us][CH1-Dispenser] F0 F8
[T+8054596172us][CH2-Pc    ] F1
[T+8054623172us][CH2-Pc    ] F9
[T+8054638172us][CH1-Dispenser] F1 F5 F9 28 28 38
[T+8054713172us][CH2-Pc    ] E1
[T+8054724788us][CH1-Dispenser] E1 E9
[T+8054791172us][CH2-Pc    ] F0
[T+8054796173us][CH1-Dispenser] F0 F8
[T+8054869304us][CH1-Dispenser] E0
[T+8054869173us][CH2-Pc    ] E0
[T+8055044306us][CH1-Dispenser] E1
[T+8055044173us][CH2-Pc    ] E1
[T+8055219172us][CH2-Pc    ] F0
[T+8055227172us][CH1-Dispenser] F0 F8
[T+8055297172us][CH2-Pc    ] F1
[T+8055301172us][CH1-Dispenser] F1 F5
[T+8055324172us][CH2-Pc    ] F9
[T+8055337173us][CH1-Dispenser] F9 A8 38 38
[T+8055404172us][CH2-Pc    ] E1
[T+8055410201us][CH1-Dispenser] E1 E9
[T+8055481172us][CH2-Pc    ] F0
[T+8055486173us][CH1-Dispenser] F0 F8
[T+8055560308us][CH1-Dispenser] E0
[T+8055560173us][CH2-Pc    ] E0
[T+8055734304us][CH1-Dispenser] E1
[T+8055734173us][CH2-Pc    ] E1
[T+8055912172us][CH2-Pc    ] F0
[T+8055918204us][CH1-Dispenser] F0 F8
[T+8055990196us][CH2-Pc    ] F1
[T+8056018172us][CH2-Pc    ] F9
[T+8056028179us][CH1-Dispenser] F1 F5 F9 39 74 38
[T+8056096172us][CH2-Pc    ] E1
[T+8056100172us][CH1-Dispenser] E1 E9
[T+8056174172us][CH2-Pc    ] F0
[T+8056181172us][CH1-Dispenser] F0 F8
[T+8056252308us][CH1-Dispenser] E0
[T+8056252173us][CH2-Pc    ] E0
[T+8056419307us][CH1-Dispenser] E1
[T+8056419173us][CH2-Pc    ] E1
[T+8056594201us][CH2-Pc    ] F0
[T+8056601823us][CH1-Dispenser] F0 F8
[T+8056672172us][CH2-Pc    ] F1
[T+8056677172us][CH1-Dispenser] F1 F5
[T+8056699172us][CH2-Pc    ] F9
[T+8056715172us][CH1-Dispenser] F9 29 F6 38
[T+8056789172us][CH2-Pc    ] E1
[T+8056796172us][CH1-Dispenser] E1 E9
[T+8056867172us][CH2-Pc    ] F0
[T+8056870172us][CH1-Dispenser] F0 F8
[T+8056934306us][CH1-Dispenser] E0
[T+8056934173us][CH2-Pc    ] E0
[T+8057109305us][CH1-Dispenser] E1
[T+8057109173us][CH2-Pc    ] E1
[T+8057284172us][CH2-Pc    ] F0
[T+8057294740us][CH1-Dispenser] F0 F8
[T+8057362172us][CH2-Pc    ] F1
[T+8057366172us][CH1-Dispenser] F1 F5
[T+8057390205us][CH2-Pc    ] F9
[T+8057402213us][CH1-Dispenser] F9 78 A7 38
[T+8057488172us][CH2-Pc    ] E1
[T+8057495172us][CH1-Dispenser] E1 E9
[T+8057566172us][CH2-Pc    ] F0
[T+8057570172us][CH1-Dispenser] F0 F8
[T+8057644307us][CH1-Dispenser] E0
[T+8057644173us][CH2-Pc    ] E0
[T+8057819305us][CH1-Dispenser] E1
[T+8057819173us][CH2-Pc    ] E1
[T+8057990172us][CH2-Pc    ] F0
[T+8057997172us][CH1-Dispenser] F0 F8
[T+8058068172us][CH2-Pc    ] F1
[T+8058076172us][CH1-Dispenser] F1 F5
[T+8058097172us][CH2-Pc    ] F9
[T+8058107834us][CH1-Dispenser] F9 FA 29 38
[T+8058176176us][CH2-Pc    ] E1
[T+8058181180us][CH1-Dispenser] E1 E9
[T+8058254172us][CH2-Pc    ] F0
[T+8058261172us][CH1-Dispenser] F0 F8
[T+8058332310us][CH1-Dispenser] E0
[T+8058332175us][CH2-Pc    ] E0
[T+8058498307us][CH1-Dispenser] E1
[T+8058498174us][CH2-Pc    ] E1
[T+8058692172us][CH2-Pc    ] F0
[T+8058697173us][CH1-Dispenser] F0 F8
[T+8058770172us][CH2-Pc    ] F1
[T+8058798172us][CH2-Pc    ] F9
[T+8058807172us][CH1-Dispenser] F1 F5 F9 38 E1 38
[T+8058877172us][CH2-Pc    ] E1
[T+8058882173us][CH1-Dispenser] E1 E9
[T+8058955172us][CH2-Pc    ] F0
[T+8058963811us][CH1-Dispenser] F0 F8
[T+8059033308us][CH1-Dispenser] E0
[T+8059033173us][CH2-Pc    ] E0
[T+8059208306us][CH1-Dispenser] E1
[T+8059208173us][CH2-Pc    ] E1
[T+8059372172us][CH2-Pc    ] F0
[T+8059377172us][CH1-Dispenser] F0 F8
[T+8059450172us][CH2-Pc    ] F1
[T+8059456202us][CH1-Dispenser] F1 F5
[T+8059477172us][CH2-Pc    ] F9
[T+8059492176us][CH1-Dispenser] F9 EA 2A 38
[T+8059569172us][CH2-Pc    ] E1
[T+8059576172us][CH1-Dispenser] E1 E9
[T+8059650172us][CH1-Dispenser] F0 F8
[T+8059646172us][CH2-Pc    ] F0
[T+8059724307us][CH1-Dispenser] E0
[T+8059724173us][CH2-Pc    ] E0
[T+8059888306us][CH1-Dispenser] E1
[T+8059888173us][CH2-Pc    ] E1
[T+8060064172us][CH2-Pc    ] F0
[T+8060071172us][CH1-Dispenser] F0 FE
[T+8060141172us][CH2-Pc    ] F1
[T+8060169172us][CH2-Pc    ] F9
[T+8060183172us][CH1-Dispenser] F1 F5 F9 A8 70 38
[T+8060259172us][CH2-Pc    ] E1
[T+8060268780us][CH1-Dispenser] E1 E9
[T+8060337172us][CH2-Pc    ] F0
[T+8060340172us][CH1-Dispenser] F0 F8
[T+8060404307us][CH1-Dispenser] E0
[T+8060404173us][CH2-Pc    ] E0
[T+8060579307us][CH1-Dispenser] E1
[T+8060579173us][CH2-Pc    ] E1
[T+8060754172us][CH2-Pc    ] F0
[T+8060762179us][CH1-Dispenser] F0 F8
[T+8060832172us][CH2-Pc    ] F1
[T+8060837172us][CH1-Dispenser] F1 F5
[T+8060872172us][CH2-Pc    ] F9
[T+8060885172us][CH1-Dispenser] F9 39 70 78
[T+8060949172us][CH2-Pc    ] E1
[T+8060956172us][CH1-Dispenser] E1 E9
[T+8061027172us][CH2-Pc    ] F0
[T+8061030172us][CH1-Dispenser] F0 F8
[T+8061094304us][CH1-Dispenser] E0
[T+8061094173us][CH2-Pc    ] E0
[T+8061269306us][CH1-Dispenser] E1
[T+8061269174us][CH2-Pc    ] E1
[T+8061444172us][CH2-Pc    ] F0
[T+8061452172us][CH1-Dispenser] F0 F8
[T+8061522172us][CH2-Pc    ] F1
[T+8061526172us][CH1-Dispenser] F1 F5
[T+8061550173us][CH2-Pc    ] F9
[T+8061562213us][CH1-Dispenser] F9 FA 7B 38
[T+8061629261us][CH2-Pc    ] E1
[T+8061637179us][CH1-Dispenser] E1 E9
[T+8061711172us][CH1-Dispenser] F0 F8
[T+8061707172us][CH2-Pc    ] F0
[T+8061785304us][CH1-Dispenser] E0
[T+8061785173us][CH2-Pc    ] E0
[T+8061960307us][CH1-Dispenser] E1
[T+8061960173us][CH2-Pc    ] E1
[T+8062124172us][CH2-Pc    ] F0
[T+8062132172us][CH1-Dispenser] F0 F8
[T+8062202172us][CH2-Pc    ] F1
[T+8062208200us][CH1-Dispenser] F1 F5
[T+8062229172us][CH2-Pc    ] F9
[T+8062244172us][CH1-Dispenser] F9 38 3A 38
[T+8062319172us][CH2-Pc    ] E1
[T+8062326173us][CH1-Dispenser] E1 E9
[T+8062397172us][CH2-Pc    ] F0
[T+8062401172us][CH1-Dispenser] F0 F8
[T+8062475305us][CH1-Dispenser] E0
[T+8062475173us][CH2-Pc    ] E0
[T+8062639308us][CH1-Dispenser] E1
[T+8062639173us][CH2-Pc    ] E1
[T+8062814172us][CH2-Pc    ] F0
[T+8062821172us][CH1-Dispenser] F0 E8
[T+8062892172us][CH2-Pc    ] F1
[T+8062897172us][CH1-Dispenser] F1 F5
[T+8062920172us][CH2-Pc    ] F9
[T+8062933173us][CH1-Dispenser] F9 28 38 70
[T+8062998172us][CH2-Pc    ] E1
[T+8063009179us][CH1-Dispenser] E1 E9
[T+8063076173us][CH2-Pc    ] F0
[T+8063081172us][CH1-Dispenser] F0 F8
[T+8063154308us][CH1-Dispenser] E0
[T+8063154174us][CH2-Pc    ] E0
[T+8063329304us][CH1-Dispenser] E1
[T+8063329173us][CH2-Pc    ] E1
[T+8063504172us][CH2-Pc    ] F0
[T+8063512172us][CH1-Dispenser] F0 F8
[T+8063582187us][CH2-Pc    ] F1
[T+8063588173us][CH1-Dispenser] F1 F5
[T+8063609172us][CH2-Pc    ] F9
[T+8063622172us][CH1-Dispenser] F9 28 38 70
[T+8063688196us][CH2-Pc    ] E1
[T+8063697179us][CH1-Dispenser] E1 E9
[T+8063767172us][CH2-Pc    ] F0
[T+8063771172us][CH1-Dispenser] F0 F8
[T+8063844306us][CH1-Dispenser] E0
[T+8063844173us][CH2-Pc    ] E0
[T+8064019307us][CH1-Dispenser] E1
[T+8064019173us][CH2-Pc    ] E1
[T+8064194172us][CH2-Pc    ] F0
[T+8064201172us][CH1-Dispenser] F0 F8
[T+8064274172us][CH2-Pc    ] F1
[T+8064301172us][CH2-Pc    ] F9
[T+8064313213us][CH1-Dispenser] F1 F5 F9 28 78 E1
[T+8064379198us][CH2-Pc    ] E1
[T+8064387172us][CH1-Dispenser] E1 E9
[T+8064457172us][CH2-Pc    ] F0
[T+8064461172us][CH1-Dispenser] F0 F8
[T+8064535305us][CH1-Dispenser] E0
[T+8064535173us][CH2-Pc    ] E0
[T+8064710308us][CH1-Dispenser] E1
[T+8064710173us][CH2-Pc    ] E1
[T+8064874172us][CH2-Pc    ] F0
[T+8064884179us][CH1-Dispenser] F0 F8
[T+8064952172us][CH2-Pc    ] F1
[T+8064956172us][CH1-Dispenser] F1 F5
[T+8064979172us][CH2-Pc    ] F9
[T+8064993172us][CH1-Dispenser] F9 28 38 70
[T+8065059196us][CH2-Pc    ] E1
[T+8065066172us][CH1-Dispenser] E1 E9
[T+8065137172us][CH2-Pc    ] F0
[T+8065140174us][CH1-Dispenser] F0 F8
[T+8065205307us][CH1-Dispenser] E0
[T+8065205174us][CH2-Pc    ] E0
[T+8065380343us][CH1-Dispenser] E1
[T+8065379174us][CH2-Pc    ] E1
[T+8065544172us][CH2-Pc    ] F0
[T+8065552820us][CH1-Dispenser] F0 F8
[T+8065622172us][CH2-Pc    ] F1
[T+8065627172us][CH1-Dispenser] F1 F5
[T+8065649172us][CH2-Pc    ] F9
[T+8065664172us][CH1-Dispenser] F9 28 38 70
[T+8065738172us][CH2-Pc    ] E1
[T+8065746172us][CH1-Dispenser] E1 E9
[T+8065816172us][CH2-Pc    ] F0
[T+8065821172us][CH1-Dispenser] F0 F8
[T+8065894305us][CH1-Dispenser] E0
[T+8065894173us][CH2-Pc    ] E0
[T+8066069307us][CH1-Dispenser] E1
[T+8066069173us][CH2-Pc    ] E1
[T+8066233172us][CH2-Pc    ] F0
[T+8066237173us][CH1-Dispenser] F0 F8
[T+8066311172us][CH2-Pc    ] F1
[T+8066338172us][CH2-Pc    ] F9
[T+8066352176us][CH1-Dispenser] F1 F5 F9 28 38 70
[T+8066427172us][CH2-Pc    ] E1
[T+8066432172us][CH1-Dispenser] E1 E9
[T+8066508172us][CH2-Pc    ] F0
[T+8066512172us][CH1-Dispenser] F0 E8
[T+8066586305us][CH1-Dispenser] E0
[T+8066586173us][CH2-Pc    ] E0
[T+8066771306us][CH1-Dispenser] E1
[T+8066771174us][CH2-Pc    ] E1
[T+8066942172us][CH2-Pc    ] F0
[T+8066947173us][CH1-Dispenser] F0 F8
[T+8067020172us][CH2-Pc    ] F1
[T+8067027172us][CH1-Dispenser] F1 F5
[T+8067047179us][CH2-Pc    ] F9
[T+8067058782us][CH1-Dispenser] F9 28 38 70
[T+8067126172us][CH2-Pc    ] E1
[T+8067131173us][CH1-Dispenser] E1 E9
[T+8067204172us][CH2-Pc    ] F0
[T+8067210202us][CH1-Dispenser] F0 F8
[T+8067274304us][CH1-Dispenser] E0
[T+8067274173us][CH2-Pc    ] E0
[T+8067460307us][CH1-Dispenser] E1
[T+8067460173us][CH2-Pc    ] E1
[T+8067624172us][CH2-Pc    ] F0
[T+8067633816us][CH1-Dispenser] F0 E8
[T+8067702172us][CH2-Pc    ] F1
[T+8067729197us][CH2-Pc    ] F9
[T+8067743172us][CH1-Dispenser] F1 F5 F9 28 78 71
[T+8067808172us][CH2-Pc    ] E1
[T+8067816172us][CH1-Dispenser] E1 E9
[T+8067886172us][CH2-Pc    ] F0
[T+8067891180us][CH1-Dispenser] F0 F8
[T+8067964305us][CH1-Dispenser] E0
[T+8067964173us][CH2-Pc    ] E0
[T+8068139308us][CH1-Dispenser] E1
[T+8068139174us][CH2-Pc    ] E1
[T+8068314172us][CH2-Pc    ] F0
[T+8068322179us][CH1-Dispenser] F0 F8
[T+8068392172us][CH2-Pc    ] F1
[T+8068397174us][CH1-Dispenser] F1 F5
[T+8068419172us][CH2-Pc    ] F9
[T+8068434176us][CH1-Dispenser] F9 28 78 71
[T+8068508172us][CH2-Pc    ] E1
[T+8068517812us][CH1-Dispenser] E1 E9
[T+8068586172us][CH2-Pc    ] F0
[T+8068591172us][CH1-Dispenser] F0 F8
[T+8068665308us][CH1-Dispenser] E0
[T+8068665174us][CH2-Pc    ] E0
[T+8068850308us][CH1-Dispenser] E1
[T+8068850173us][CH2-Pc    ] E1
[T+8069014172us][CH2-Pc    ] F0
[T+8069021172us][CH1-Dispenser] F0 F8
[T+8069092172us][CH2-Pc    ] F1
[T+8069097172us][CH1-Dispenser] F1 F5
[T+8069120172us][CH2-Pc    ] F9
[T+8069133172us][CH1-Dispenser] F9 28 78 E1
[T+8069198172us][CH2-Pc    ] E1
[T+8069207179us][CH1-Dispenser] E1 E9
[T+8069276172us][CH2-Pc    ] F0
[T+8069281172us][CH1-Dispenser] F0 F8
[T+8069354305us][CH1-Dispenser] E0
[T+8069354173us][CH2-Pc    ] E0
[T+8069530304us][CH1-Dispenser] E1
[T+8069530173us][CH2-Pc    ] E1
[T+8069705172us][CH2-Pc    ] F0
[T+8069712172us][CH1-Dispenser] F0 F8
[T+8069783172us][CH2-Pc    ] F1
[T+8069788172us][CH1-Dispenser] F1 F5
[T+8069810172us][CH2-Pc    ] F9
[T+8069824172us][CH1-Dispenser] F9 28 38 70
[T+8069889172us][CH2-Pc    ] E1
[T+8069897172us][CH1-Dispenser] E1 E9
[T+8069967172us][CH2-Pc    ] F0
[T+8069971172us][CH1-Dispenser] F0 F8
[T+8070035304us][CH1-Dispenser] E0
[T+8070035173us][CH2-Pc    ] E0
[T+8070213312us][CH1-Dispenser] E1
[T+8070213174us][CH2-Pc    ] E1
[T+8070387197us][CH2-Pc    ] F0
[T+8070396172us][CH1-Dispenser] F0 E8
[T+8070465172us][CH2-Pc    ] F1
[T+8070493172us][CH2-Pc    ] F9
[T+8070504181us][CH1-Dispenser] F1 F5 F9 28 78 71
[T+8070571172us][CH2-Pc    ] E1
[T+8070576172us][CH1-Dispenser] E1 E9
[T+8070649172us][CH2-Pc    ] F0
[T+8070657172us][CH1-Dispenser] F0 F8
[T+8070727822us][CH1-Dispenser] E0
[T+8070727529us][CH2-Pc    ] E0
[T+8070915310us][CH1-Dispenser] E1
[T+8070915174us][CH2-Pc    ] E1
[T+8071100172us][CH2-Pc    ] F0
[T+8071108817us][CH1-Dispenser] F0 F8
[T+8071178172us][CH2-Pc    ] F1
[T+8071182172us][CH1-Dispenser] F1 E5
[T+8071746172us][CH2-Pc    ] E1
[T+8071751175us][CH1-Dispenser] E1 E9
[T+8071824172us][CH2-Pc    ] F0
[T+8071832172us][CH1-Dispenser] F0 F8
[T+8071902306us][CH1-Dispenser] E0
[T+8071902173us][CH2-Pc    ] E0
[T+8072077307us][CH1-Dispenser] E1
[T+8072077173us][CH2-Pc    ] E1
[T+8072251197us][CH2-Pc    ] F0
[T+8072257200us][CH1-Dispenser] F0 F8
[T+8072330172us][CH2-Pc    ] F1
[T+8072337773us][CH1-Dispenser] F1 E9
[T+8072912173us][CH1-Dispenser] E1 E9
[T+8072908172us][CH2-Pc    ] E1
[T+8072986172us][CH2-Pc    ] F0
[T+8072991172us][CH1-Dispenser] F0 F8
[T+8073064307us][CH1-Dispenser] E0
[T+8073064173us][CH2-Pc    ] E0
[T+8073245305us][CH1-Dispenser] E1
[T+8073245173us][CH2-Pc    ] E1
[T+8073419197us][CH2-Pc    ] F0
[T+8073427172us][CH1-Dispenser] F0 F8
[T+8073497172us][CH2-Pc    ] F1
[T+8073502172us][CH1-Dispenser] F1 F9
[T+8073525172us][CH2-Pc    ] E9
[T+8073596172us][CH1-Dispenser] E9 2F BE 33 38 ED FC 38 68 3B 28 38 38 B3 38 70 BF F8 FD
[T+8073597172us][CH2-Pc    ] FD
[T+8073729196us][CH1-Dispenser] AF 71 73 78 B1 29 3D 3A 74 93 29 71 79 33 8B 38 B8 33 39 85 A8 70 97 2F 72 B7 38 75 E5 38 28 7C 38 B8 35 73 97 38 74 EF EF B1 B7 79 35 E5 B8 28 33 38 78 28 FF
[T+8073848172us][CH2-Pc    ] E1
[T+8073852172us][CH1-Dispenser] E1 E9
[T+8073926172us][CH2-Pc    ] F0
[T+8073931172us][CH1-Dispenser] F0 F8
[T+8074004308us][CH1-Dispenser] E0
[T+8074004173us][CH2-Pc    ] E0
[T+8074168308us][CH1-Dispenser] E1
[T+8074168174us][CH2-Pc    ] E1
[T+8074343172us][CH2-Pc    ] F0
[T+8074346172us][CH1-Dispenser] F0 F8
[T+8074411173us][CH2-Pc    ] F1
[T+8074417201us][CH1-Dispenser] F1 F9
[T+8074489197us][CH2-Pc    ] E1
[T+8074497172us][CH1-Dispenser] E1 E9
[T+8074567172us][CH2-Pc    ] F0
[T+8074571172us][CH1-Dispenser] F0 F8
[T+8074645307us][CH1-Dispenser] E0
[T+8074645173us][CH2-Pc    ] E0
[T+8074809307us][CH1-Dispenser] E1
[T+8074809173us][CH2-Pc    ] E1
[T+8074984173us][CH2-Pc    ] F0
[T+8074988174us][CH1-Dispenser] F0 F8
[T+8075080172us][CH2-Pc    ] F1
[T+8075087776us][CH1-Dispenser] F1 F9
[T+8075162173us][CH1-Dispenser] E1 E9
[T+8075158172us][CH2-Pc    ] E1
[T+8075236172us][CH2-Pc    ] F0
[T+8075241172us][CH1-Dispenser] F0 F8
[T+8075314304us][CH1-Dispenser] E0
[T+8075314173us][CH2-Pc    ] E0
[T+8075484308us][CH1-Dispenser] E1
[T+8075484173us][CH2-Pc    ] E1
[T+8075659173us][CH2-Pc    ] F0
[T+8075662173us][CH1-Dispenser] F0 F8
[T+8075727172us][CH2-Pc    ] F1
[T+8075732172us][CH1-Dispenser] F1 F9
[T+8075806172us][CH2-Pc    ] E1
[T+8075813172us][CH1-Dispenser] E1 E9
[T+8075885200us][CH2-Pc    ] F0
[T+8075894187us][CH1-Dispenser] F0 F8
[T+8075964305us][CH1-Dispenser] E0
[T+8075964173us][CH2-Pc    ] E0
[T+8076139307us][CH1-Dispenser] E1
[T+8076139173us][CH2-Pc    ] E1
[T+8076314172us][CH2-Pc    ] F0
[T+8076323172us][CH1-Dispenser] F0 F8
[T+8076393172us][CH2-Pc    ] F1
[T+8076397173us][CH1-Dispenser] F1 F9
[T+8076471172us][CH2-Pc    ] E1
[T+8076478172us][CH1-Dispenser] E1 E9
[T+8076549172us][CH2-Pc    ] F0
[T+8076557179us][CH1-Dispenser] F0 F8
[T+8076628308us][CH1-Dispenser] E0
[T+8076628173us][CH2-Pc    ] E0
[T+8076803305us][CH1-Dispenser] E1
[T+8076803173us][CH2-Pc    ] E1
[T+8076967282us][CH2-Pc    ] F0
[T+8076973204us][CH1-Dispenser] F0 F8
[T+8077046172us][CH2-Pc    ] F1
[T+8077053172us][CH1-Dispenser] F1 F9
[T+8077127172us][CH2-Pc    ] E1
[T+8077132172us][CH1-Dispenser] E1 E9
[T+8077197172us][CH2-Pc    ] F0
[T+8077202172us][CH1-Dispenser] F0 F8
[T+8077275302us][CH1-Dispenser] E0
[T+8077275173us][CH2-Pc    ] E0
[T+8077452308us][CH1-Dispenser] E1
[T+8077452174us][CH2-Pc    ] E1
[T+8077626197us][CH2-Pc    ] F0
[T+8077633172us][CH1-Dispenser] F0 F8
[T+8077704172us][CH2-Pc    ] F1
[T+8077712812us][CH1-Dispenser] F1 F9
[T+8077783172us][CH2-Pc    ] E1
[T+8077788175us][CH1-Dispenser] E1 E9
[T+8077861172us][CH2-Pc    ] F0
[T+8077867200us][CH1-Dispenser] F0 F8
[T+8077939305us][CH1-Dispenser] E0
[T+8077939173us][CH2-Pc    ] E0
[T+8078114304us][CH1-Dispenser] E1
[T+8078114173us][CH2-Pc    ] E1
[T+8078278172us][CH2-Pc    ] F0
[T+8078282172us][CH1-Dispenser] F0 F8
[T+8078356172us][CH2-Pc    ] F1
[T+8078363172us][CH1-Dispenser] F1 F9
[T+8078434172us][CH2-Pc    ] E1
[T+8078442172us][CH1-Dispenser] E1 E9
[T+8078512172us][CH2-Pc    ] F0
[T+8078517172us][CH1-Dispenser] F0 F8
[T+8078590305us][CH1-Dispenser] E0
[T+8078590173us][CH2-Pc    ] E0
[T+8078765306us][CH1-Dispenser] E1
[T+8078765173us][CH2-Pc    ] E1
[T+8078940172us][CH2-Pc    ] F0
[T+8078947172us][CH1-Dispenser] F0 F8
[T+8079018173us][CH2-Pc    ] F1
[T+8079022172us][CH1-Dispenser] F1 F9
[T+8079096172us][CH2-Pc    ] E1
[T+8079103172us][CH1-Dispenser] E1 E9
[T+8079174172us][CH2-Pc    ] F0
[T+8079182805us][CH1-Dispenser] F0 F8
[T+8079253305us][CH1-Dispenser] E0
[T+8079253173us][CH2-Pc    ] E0
[T+8079427312us][CH1-Dispenser] E1
[T+8079427175us][CH2-Pc    ] E1
[T+8079591172us][CH2-Pc    ] F0
[T+8079597201us][CH1-Dispenser] F0 F8
[T+8079669193us][CH2-Pc    ] F1
[T+8079675174us][CH1-Dispenser] F1 F9
[T+8079748172us][CH2-Pc    ] E1
[T+8079752172us][CH1-Dispenser] E1 E9
[T+8079825172us][CH2-Pc    ] F0
[T+8079832172us][CH1-Dispenser] F0 F8
[T+8079904303us][CH1-Dispenser] E0
[T+8079904173us][CH2-Pc    ] E0
[T+8080078306us][CH1-Dispenser] E1
[T+8080078173us][CH2-Pc    ] E1
[T+8080253173us][CH2-Pc    ] F0
[T+8080258172us][CH1-Dispenser] F0 F8
[T+8080331172us][CH2-Pc    ] F1
[T+8080338775us][CH1-Dispenser] F1 F9
[T+8080418172us][CH2-Pc    ] E1
[T+8080422172us][CH1-Dispenser] E1 E9
[T+8080486172us][CH2-Pc    ] F0
[T+8080494172us][CH1-Dispenser] F0 F8
[T+8080566305us][CH1-Dispenser] E0
[T+8080566173us][CH2-Pc    ] E0
[T+8080741305us][CH1-Dispenser] E1
[T+8080741173us][CH2-Pc    ] E1
[T+8080905172us][CH2-Pc    ] F0
[T+8080912172us][CH1-Dispenser] F0 F8
[T+8080983172us][CH2-Pc    ] F1
[T+8080988172us][CH1-Dispenser] F1 F9
[T+8081061172us][CH2-Pc    ] E1
[T+8081067210us][CH1-Dispenser] E1 E9
[T+8081139197us][CH2-Pc    ] F0
[T+8081148172us][CH1-Dispenser] F0 F8
[T+8081217305us][CH1-Dispenser] E0
[T+8081217173us][CH2-Pc    ] E0
[T+8081392307us][CH1-Dispenser] E1
[T+8081392173us][CH2-Pc    ] E1
[T+8081567172us][CH2-Pc    ] F0
[T+8081574172us][CH1-Dispenser] F0 F8
[T+8081656172us][CH2-Pc    ] F1
[T+8081665180us][CH1-Dispenser] F1 F9
[T+8081734172us][CH2-Pc    ] E1
[T+8081739172us][CH1-Dispenser] E1 E9
[T+8081812172us][CH2-Pc    ] F0
[T+8081820172us][CH1-Dispenser] F0 E8
[T+8081890306us][CH1-Dispenser] E0
[T+8081890173us][CH2-Pc    ] E0
[T+8082065304us][CH1-Dispenser] E1
[T+8082065173us][CH2-Pc    ] E1
[T+8082240172us][CH2-Pc    ] F0
[T+8082249172us][CH1-Dispenser] F0 F8
[T+8082318172us][CH2-Pc    ] F1
[T+8082323172us][CH1-Dispenser] F1 F9
[T+8082396272us][CH2-Pc    ] E1
[T+8082404822us][CH1-Dispenser] E1 E9
[T+8082474172us][CH2-Pc    ] F0
[T+8082483751us][CH1-Dispenser] F0 F8
[T+8082552305us][CH1-Dispenser] E0
[T+8082552173us][CH2-Pc    ] E0
[T+8082716306us][CH1-Dispenser] E1
[T+8082716173us][CH2-Pc    ] E1
[T+8082891172us][CH2-Pc    ] F0
[T+8082898172us][CH1-Dispenser] F0 F8
[T+8082969172us][CH2-Pc    ] F1
[T+8082974172us][CH1-Dispenser] F1 F9
[T+8083047194us][CH2-Pc    ] E1
[T+8083053173us][CH1-Dispenser] E1 E9
[T+8083125196us][CH2-Pc    ] F0
[T+8083132172us][CH1-Dispenser] F0 F8
[T+8083203172us][CH2-Pc    ] E0
[T+8083204172us][CH1-Dispenser] E0
[T+8083378307us][CH1-Dispenser] E1
[T+8083378173us][CH2-Pc    ] E1
[T+8083544172us][CH2-Pc    ] F0
[T+8083548172us][CH1-Dispenser] F0 F8
[T+8083624174us][CH2-Pc    ] F1
[T+8083628173us][CH1-Dispenser] F1 F9
[T+8083693172us][CH2-Pc    ] E1
[T+8083698172us][CH1-Dispenser] E1 E9
[T+8083771172us][CH2-Pc    ] F0
[T+8083777200us][CH1-Dispenser] F0 F8
[T+8083849305us][CH1-Dispenser] E0
[T+8083849173us][CH2-Pc    ] E0
[T+8084013308us][CH1-Dispenser] E1
[T+8084013174us][CH2-Pc    ] E1
[T+8084188194us][CH2-Pc    ] F0
[T+8084194174us][CH1-Dispenser] F0 F8
[T+8084266197us][CH2-Pc    ] F1
[T+8084273172us][CH1-Dispenser] F1 F9
[T+8084344172us][CH2-Pc    ] E1
[T+8084353329us][CH1-Dispenser] E1 E9
[T+8084422172us][CH2-Pc    ] F0
[T+8084427172us][CH1-Dispenser] F0 F8
[T+8084500306us][CH1-Dispenser] E0
[T+8084500173us][CH2-Pc    ] E0
[T+8084675307us][CH1-Dispenser] E1
[T+8084675173us][CH2-Pc    ] E1
[T+8084850172us][CH2-Pc    ] F0
[T+8084858172us][CH1-Dispenser] F0 F8
[T+8084928172us][CH2-Pc    ] F1
[T+8084932172us][CH1-Dispenser] F1 F9
[T+8085006172us][CH2-Pc    ] E1
[T+8085015179us][CH1-Dispenser] E1 E9
[T+8085084172us][CH2-Pc    ] F0
[T+8085094179us][CH1-Dispenser] F0 F8
[T+8085162314us][CH1-Dispenser] E0
[T+8085162177us][CH2-Pc    ] E0
[T+8085326306us][CH1-Dispenser] E1
[T+8085326173us][CH2-Pc    ] E1
[T+8085501172us][CH2-Pc    ] F0
[T+8085507201us][CH1-Dispenser] F0 F8
[T+8085583172us][CH1-Dispenser] F1 F9
[T+8085580172us][CH2-Pc    ] F1
[T+8085647172us][CH2-Pc    ] E1
[T+8085653202us][CH1-Dispenser] E1 E9
[T+8085725196us][CH2-Pc    ] F0
[T+8085733172us][CH1-Dispenser] F0 F8
[T+8085803304us][CH1-Dispenser] E0
[T+8085803173us][CH2-Pc    ] E0
[T+8085967307us][CH1-Dispenser] E1
[T+8085967173us][CH2-Pc    ] E1
[T+8086142172us][CH2-Pc    ] F0
[T+8086149172us][CH1-Dispenser] F0 F8
[T+8086220172us][CH2-Pc    ] F1
[T+8086228779us][CH1-Dispenser] F1 F9
[T+8086303172us][CH1-Dispenser] E1 E9
[T+8086299172us][CH2-Pc    ] E1
[T+8086376172us][CH2-Pc    ] F0
[T+8086382200us][CH1-Dispenser] F0 F8
[T+8086454305us][CH1-Dispenser] E0
[T+8086454173us][CH2-Pc    ] E0
[T+8086629306us][CH1-Dispenser] E1
[T+8086629174us][CH2-Pc    ] E1
[T+8086794172us][CH2-Pc    ] F0
[T+8086799174us][CH1-Dispenser] F0 F8