connected
[T+882337611us][CH1-Dispenser] FB
[T+882337363us][CH2-Pc    ] FB
[T+882350180us][CH1-Dispenser] EE
[T+882350310us][CH2-Pc    ] EE
[T+882362204us][CH2-Pc    ] F0
[T+882391180us][CH1-Dispenser] F0 BA B0 B3 B3 B0 B1 B0 B0 B0 B0 B1 B1 B1 B1 B1 B9 C1 8D 8A
[T+882464180us][CH2-Pc    ] 04
[T+882472188us][CH1-Dispenser] 04 64
[T+882542181us][CH1-Dispenser] 05
[T+882542315us][CH2-Pc    ] 05
[T+882717316us][CH1-Dispenser] 06
[T+882717180us][CH2-Pc    ] 06
[T+882892180us][CH2-Pc    ] 01
[T+882897179us][CH1-Dispenser] 01 61
[T+882970180us][CH2-Pc    ] 02
[T+882978185us][CH1-Dispenser] 02 62
[T+883048180us][CH2-Pc    ] 03
[T+883052783us][CH1-Dispenser] 03 73
[T+883065180us][CH2-Pc    ] 23
[T+883072180us][CH1-Dispenser] 23 D3
[T+883086479us][CH1-Dispenser] FF
[T+883086344us][CH2-Pc    ] FF
[T+883099314us][CH1-Dispenser] E9
[T+883099180us][CH2-Pc    ] E9
[T+883111313us][CH1-Dispenser] FE
[T+883111180us][CH2-Pc    ] FE
[T+883124325us][CH1-Dispenser] E0
[T+883124187us][CH2-Pc    ] E0
[T+883137180us][CH1-Dispenser] E1
[T+883137311us][CH2-Pc    ] E1
[T+883150310us][CH1-Dispenser] E0
[T+883150180us][CH2-Pc    ] E0
[T+883162318us][CH1-Dispenser] FB
[T+883162181us][CH2-Pc    ] FB
[T+883179312us][CH1-Dispenser] EE
[T+883179180us][CH2-Pc    ] EE
[T+883192180us][CH2-Pc    ] F0
[T+883220180us][CH1-Dispenser] F0 BA B0 B3 B3 B0 B1 B0 B0 B0 B0 B1 B1 B1 B1 B1 B9 C1 8D 8A
[T+883297179us][CH1-Dispenser] 04 64
[T+883293180us][CH2-Pc    ] 04
[T+883360314us][CH1-Dispenser] 05
[T+883360180us][CH2-Pc    ] 05
[T+883535181us][CH1-Dispenser] 06
[T+883535315us][CH2-Pc    ] 06
[T+883699180us][CH2-Pc    ] 01
[T+883706181us][CH1-Dispenser] 01 61
[T+883778204us][CH2-Pc    ] 02
[T+883787291us][CH1-Dispenser] 02 62
[T+883856204us][CH2-Pc    ] 03
[T+883863180us][CH1-Dispenser] 03 73
[T+883894180us][CH1-Dispenser] 23 D3 FF
[T+883894315us][CH2-Pc    ] 23 FF
[T+883906320us][CH1-Dispenser] E9
[T+883906182us][CH2-Pc    ] E9
[T+883919307us][CH1-Dispenser] FE
[T+883919180us][CH2-Pc    ] FE
[T+883932311us][CH1-Dispenser] E0
[T+883932180us][CH2-Pc    ] E0
[T+883944180us][CH1-Dispenser] E1
[T+883944313us][CH2-Pc    ] E1
[T+883958318us][CH1-Dispenser] E0
[T+883958183us][CH2-Pc    ] E0
[T+883970316us][CH1-Dispenser] FB
[T+883970184us][CH2-Pc    ] FB
[T+883983183us][CH1-Dispenser] EE
[T+883983320us][CH2-Pc    ] EE
[T+883999180us][CH2-Pc    ] F0
[T+884031180us][CH1-Dispenser] F0 BA B0 B3 B3 B0 B1 B0 B0 B0 B0 B1 B1 B1 B1 B1 B9 C1 8D 8A
[T+884101180us][CH2-Pc    ] 04
[T+884108180us][CH1-Dispenser] 04 64
[T+884179180us][CH1-Dispenser] 05
[T+884179317us][CH2-Pc    ] 05
[T+884359181us][CH1-Dispenser] 06
[T+884359316us][CH2-Pc    ] 06
[T+884533204us][CH2-Pc    ] 01
[T+884542204us][CH1-Dispenser] 01 61
[T+884611204us][CH2-Pc    ] 02
[T+884616179us][CH1-Dispenser] 02 62
[T+884679204us][CH2-Pc    ] 03
[T+884688219us][CH1-Dispenser] 03 73
[T+884706204us][CH2-Pc    ] 23
[T+884713179us][CH1-Dispenser] 23 D3
[T+884728312us][CH1-Dispenser] FF
[T+884728180us][CH2-Pc    ] FF
[T+884740314us][CH1-Dispenser] E9
[T+884740180us][CH2-Pc    ] E9
[T+884753310us][CH1-Dispenser] FE
[T+884753180us][CH2-Pc    ] FE
[T+884766317us][CH1-Dispenser] E0
[T+884766183us][CH2-Pc    ] E0
[T+884778769us][CH1-Dispenser] E1
[T+884778910us][CH2-Pc    ] E1
[T+884791325us][CH1-Dispenser] E0
[T+884791185us][CH2-Pc    ] E0
[T+884804315us][CH1-Dispenser] FB
[T+884804181us][CH2-Pc    ] FB
[T+884817181us][CH1-Dispenser] EE
[T+884817311us][CH2-Pc    ] EE
[T+884829204us][CH2-Pc    ] F0
[T+884859187us][CH1-Dispenser] F0 BA B0 B3 B3 B0 B1 B0 B0 B0 B0 B1 B1 B1 B1 B1 B9 C1 8D 8A
[T+884931205us][CH2-Pc    ] 04
[T+884939187us][CH1-Dispenser] 04 64
[T+885009181us][CH1-Dispenser] 05
[T+885009315us][CH2-Pc    ] 05
[T+885184313us][CH1-Dispenser] 06
[T+885184181us][CH2-Pc    ] 06
[T+885358206us][CH2-Pc    ] 01
[T+885367218us][CH1-Dispenser] 01 61
[T+885437180us][CH2-Pc    ] 02
[T+885441179us][CH1-Dispenser] 02 62
[T+885515180us][CH2-Pc    ] 03
[T+885523182us][CH1-Dispenser] 03 73
[T+885542180us][CH2-Pc    ] 23
[T+885549180us][CH1-Dispenser] 23 D3
[T+885564318us][CH1-Dispenser] FF
[T+885564180us][CH2-Pc    ] FF
[T+885576313us][CH1-Dispenser] E9
[T+885576181us][CH2-Pc    ] E9
[T+885589312us][CH1-Dispenser] FE
[T+885589180us][CH2-Pc    ] FE
[T+885602310us][CH1-Dispenser] E0
[T+885602180us][CH2-Pc    ] E0
[T+885615339us][CH1-Dispenser] E1
[T+885615200us][CH2-Pc    ] E1
[T+885628311us][CH1-Dispenser] E0
[T+885628180us][CH2-Pc    ] E0
[T+885641320us][CH1-Dispenser] FB
[T+885641184us][CH2-Pc    ] FB
[T+885653312us][CH1-Dispenser] EE
[T+885653180us][CH2-Pc    ] EE
[T+885666180us][CH2-Pc    ] F0
[T+885695187us][CH1-Dispenser] F0 BA B0 B3 B3 B0 B1 B0 B0 B0 B0 B1 B1 B1 B1 B1 B9 C1 8D 8A
[T+885768180us][CH2-Pc    ] 04
[T+885775180us][CH1-Dispenser] 04 64
[T+885846183us][CH1-Dispenser] 05
[T+885846320us][CH2-Pc    ] 05
[T+886010180us][CH1-Dispenser] 06
[T+886010317us][CH2-Pc    ] 06
[T+886188180us][CH2-Pc    ] 01
[T+886196180us][CH1-Dispenser] 01 61
[T+886266180us][CH2-Pc    ] 02
[T+886272218us][CH1-Dispenser] 02 62
[T+886344204us][CH2-Pc    ] 03
[T+886353205us][CH1-Dispenser] 03 73
[T+886371204us][CH2-Pc    ] 23
[T+886378180us][CH1-Dispenser] 23 D3
[T+886393180us][CH1-Dispenser] FF
[T+886393311us][CH2-Pc    ] FF
[T+886406312us][CH1-Dispenser] E9
[T+886406180us][CH2-Pc    ] E9
[T+886419318us][CH1-Dispenser] FE
[T+886419181us][CH2-Pc    ] FE
[T+886432318us][CH1-Dispenser] E0
[T+886432183us][CH2-Pc    ] E0
[T+886444311us][CH1-Dispenser] E1
[T+886444181us][CH2-Pc    ] E1
[T+886457326us][CH1-Dispenser] E0
[T+886457188us][CH2-Pc    ] E0
[T+886470310us][CH1-Dispenser] FB
[T+886470181us][CH2-Pc    ] FB
[T+886482185us][CH1-Dispenser] EE
[T+886483179us][CH2-Pc    ] EE
[T+886495180us][CH2-Pc    ] F0
[T+886526180us][CH1-Dispenser] F0 BA B0 B3 B3 B0 B1 B0 B0 B0 B0 B1 B1 B1 B1 B1 B9 C1 8D 8A
[T+886597180us][CH2-Pc    ] 04
[T+886604496us][CH1-Dispenser] 04 64
[T+886675180us][CH1-Dispenser] 05
[T+886675315us][CH2-Pc    ] 05
[T+886839181us][CH1-Dispenser] 06
[T+886839318us][CH2-Pc    ] 06
[T+887014204us][CH2-Pc    ] 01
[T+887023204us][CH1-Dispenser] 01 61
[T+887092314us][CH1-Dispenser] 02
[T+887092180us][CH2-Pc    ] 02
[T+887105180us][CH1-Dispenser] 62
[T+887177205us][CH2-Pc    ] 03
[T+887184818us][CH1-Dispenser] 03 73
[T+887204180us][CH2-Pc    ] 23
[T+887212188us][CH1-Dispenser] 23 D3
[T+887226311us][CH1-Dispenser] FF
[T+887226180us][CH2-Pc    ] FF
[T+887239327us][CH1-Dispenser] E9
[T+887239187us][CH2-Pc    ] E9
[T+887252322us][CH1-Dispenser] FE
[T+887252183us][CH2-Pc    ] FE
[T+887265324us][CH1-Dispenser] E0
[T+887265185us][CH2-Pc    ] E0
[T+887276188us][CH2-Pc    ] E1
[T+887277179us][CH1-Dispenser] E1
[T+887289310us][CH1-Dispenser] E0
[T+887289180us][CH2-Pc    ] E0
[T+887302312us][CH1-Dispenser] FB
[T+887302180us][CH2-Pc    ] FB
[T+887315180us][CH1-Dispenser] EE
[T+887315312us][CH2-Pc    ] EE
[T+887327204us][CH2-Pc    ] F0
[T+887355180us][CH1-Dispenser] F0 BA B0 B3 B3 B0 B1 B0 B0 B0 B0 B1 B1 B1 B1 B1 B9 C1 8D 8A
[T+887420180us][CH2-Pc    ] 04
[T+887427180us][CH1-Dispenser] 04 64
[T+887500314us][CH1-Dispenser] 05
[T+887500180us][CH2-Pc    ] 05
[T+887675180us][CH1-Dispenser] 06
[T+887675315us][CH2-Pc    ] 06
[T+887839180us][CH2-Pc    ] 01
[T+887847814us][CH1-Dispenser] 01 61
[T+887917180us][CH2-Pc    ] 02
[T+887922179us][CH1-Dispenser] 02 62
[T+887995180us][CH2-Pc    ] 03
[T+888005180us][CH1-Dispenser] 03 73
[T+888022185us][CH2-Pc    ] 23
[T+888027179us][CH1-Dispenser] 23 D3
[T+888044180us][CH1-Dispenser] FF
[T+888044314us][CH2-Pc    ] FF
[T+888057314us][CH1-Dispenser] E9
[T+888057181us][CH2-Pc    ] E9
[T+888069310us][CH1-Dispenser] FE
[T+888069181us][CH2-Pc    ] FE
[T+888082315us][CH1-Dispenser] E0
[T+888082182us][CH2-Pc    ] E0
[T+888095314us][CH1-Dispenser] E1
[T+888095181us][CH2-Pc    ] E1
[T+888107311us][CH1-Dispenser] E0
[T+888107181us][CH2-Pc    ] E0
[T+888120310us][CH1-Dispenser] FB
[T+888120180us][CH2-Pc    ] FB
[T+888133180us][CH1-Dispenser] EE
[T+888133311us][CH2-Pc    ] EE
[T+888146180us][CH2-Pc    ] F0
[T+888175180us][CH1-Dispenser] F0 BA B0 B3 B3 B0 B1 B0 B0 B0 B0 B1 B1 B1 B1 B1 B9 C1 8D 8A
[T+888247204us][CH2-Pc    ] 04
[T+888256185us][CH1-Dispenser] 04 64
[T+888325313us][CH1-Dispenser] 05
[T+888325180us][CH2-Pc    ] 05
[T+888501321us][CH1-Dispenser] 06
[T+888501182us][CH2-Pc    ] 06
[T+888675180us][CH2-Pc    ] 01
[T+888683186us][CH1-Dispenser] 01 61
[T+888753180us][CH2-Pc    ] 02
[T+888762205us][CH1-Dispenser] 02 62
[T+888831205us][CH2-Pc    ] 03
[T+888838179us][CH1-Dispenser] 03 73
[T+888858180us][CH2-Pc    ] 23
[T+888863179us][CH1-Dispenser] 23 D3
[T+888880180us][CH1-Dispenser] FF
[T+888880314us][CH2-Pc    ] FF
[T+888893313us][CH1-Dispenser] E9
[T+888893182us][CH2-Pc    ] E9
[T+888905311us][CH1-Dispenser] FE
[T+888905180us][CH2-Pc    ] FE
[T+888918315us][CH1-Dispenser] E0
[T+888918181us][CH2-Pc    ] E0
[T+888931315us][CH1-Dispenser] E1
[T+888931181us][CH2-Pc    ] E1
[T+888943180us][CH1-Dispenser] E0
[T+888944180us][CH2-Pc    ] E0
[T+888956313us][CH1-Dispenser] FB
[T+888956180us][CH2-Pc    ] FB
[T+888969182us][CH1-Dispenser] EE
[T+888969316us][CH2-Pc    ] EE
[T+888982180us][CH2-Pc    ] F0
[T+889013180us][CH1-Dispenser] F0 BA B0 B3 B3 B0 B1 B0 B0 B0 B0 B1 B1 B1 B1 B1 B9 C1 8D 8A
[T+889083180us][CH2-Pc    ] 04
[T+889088179us][CH1-Dispenser] 04 64
[T+889163313us][CH1-Dispenser] 05
[T+889163180us][CH2-Pc    ] 05
[T+889338318us][CH1-Dispenser] 06
[T+889338180us][CH2-Pc    ] 06
[T+889513180us][CH2-Pc    ] 01
[T+889522218us][CH1-Dispenser] 01 61
[T+889591204us][CH2-Pc    ] 02
[T+889596179us][CH1-Dispenser] 02 62
[T+889669180us][CH2-Pc    ] 03
[T+889678204us][CH1-Dispenser] 03 73
[T+889697180us][CH2-Pc    ] 23
[T+889705186us][CH1-Dispenser] 23 D3
[T+889718181us][CH1-Dispenser] FF
[T+889718316us][CH2-Pc    ] FF
[T+889732311us][CH1-Dispenser] E9
[T+889732180us][CH2-Pc    ] E9
[T+889746311us][CH1-Dispenser] FE
[T+889746180us][CH2-Pc    ] FE
[T+889758328us][CH1-Dispenser] E0
[T+889758189us][CH2-Pc    ] E0
[T+889771180us][CH1-Dispenser] E1
[T+889771311us][CH2-Pc    ] E1
[T+889783314us][CH1-Dispenser] E0
[T+889783180us][CH2-Pc    ] E0
[T+889796313us][CH1-Dispenser] FB
[T+889796180us][CH2-Pc    ] FB
[T+889809180us][CH1-Dispenser] EE
[T+889809310us][CH2-Pc    ] EE
[T+889821180us][CH2-Pc    ] F0
[T+889850180us][CH1-Dispenser] F0 BA B0 B3 B3 B0 B1 B0 B0 B0 B0 B1 B1 B1 B1 B1 B9 C1 8D 8A
[T+889923180us][CH2-Pc    ] 04
[T+889928179us][CH1-Dispenser] 04 64
[T+890001313us][CH1-Dispenser] 05
[T+890001180us][CH2-Pc    ] 05
[T+890177181us][CH1-Dispenser] 06
[T+890177316us][CH2-Pc    ] 06
[T+890340180us][CH2-Pc    ] 01
[T+890348187us][CH1-Dispenser] 01 61
[T+890419180us][CH2-Pc    ] 02
[T+890429180us][CH1-Dispenser] 02 62
[T+890497180us][CH2-Pc    ] 03
[T+890503218us][CH1-Dispenser] 03 73
[T+890524204us][CH2-Pc    ] 23
[T+890533204us][CH1-Dispenser] 23 D3
[T+890546180us][CH1-Dispenser] FF
[T+890546318us][CH2-Pc    ] FF
[T+890559322us][CH1-Dispenser] E9
[T+890559181us][CH2-Pc    ] E9
[T+890571310us][CH1-Dispenser] FE
[T+890571180us][CH2-Pc    ] FE
[T+890584311us][CH1-Dispenser] E0
[T+890584181us][CH2-Pc    ] E0
[T+890598318us][CH1-Dispenser] E1
[T+890598183us][CH2-Pc    ] E1
[T+890609781us][CH1-Dispenser] E0
[T+890609937us][CH2-Pc    ] E0
[T+890622322us][CH1-Dispenser] FB
[T+890622184us][CH2-Pc    ] FB
[T+890635184us][CH1-Dispenser] EE
[T+890635319us][CH2-Pc    ] EE
[T+890647204us][CH2-Pc    ] F0
[T+890676180us][CH1-Dispenser] F0 BA B0 B3 B3 B0 B1 B0 B0 B0 B0 B1 B1 B1 B1 B1 B9 C1 8D 8A
[T+890742204us][CH2-Pc    ] 04
[T+890748218us][CH1-Dispenser] 04 64
[T+890820180us][CH1-Dispenser] 05
[T+890820316us][CH2-Pc    ] 05
[T+890995181us][CH1-Dispenser] 06
[T+890995316us][CH2-Pc    ] 06
[T+891170180us][CH2-Pc    ] 01
[T+891176203us][CH1-Dispenser] 01 61
[T+891240180us][CH2-Pc    ] 02
[T+891247180us][CH1-Dispenser] 02 62
[T+891323179us][CH1-Dispenser] 03 73
[T+891319204us][CH2-Pc    ] 03
[T+891335204us][CH2-Pc    ] 23
[T+891344212us][CH1-Dispenser] 23 D3
[T+891356180us][CH1-Dispenser] FF
[T+891357179us][CH2-Pc    ] FF
[T+891369310us][CH1-Dispenser] E9
[T+891369180us][CH2-Pc    ] E9
[T+891382314us][CH1-Dispenser] FE
[T+891382181us][CH2-Pc    ] FE
[T+891402311us][CH1-Dispenser] E0
[T+891402180us][CH2-Pc    ] E0
[T+891415181us][CH1-Dispenser] E1
[T+891415308us][CH2-Pc    ] E1
[T+891428318us][CH1-Dispenser] E0
[T+891428183us][CH2-Pc    ] E0
[T+891440317us][CH1-Dispenser] FB
[T+891440183us][CH2-Pc    ] FB
[T+891453324us][CH1-Dispenser] EE
[T+891453185us][CH2-Pc    ] EE
[T+891466180us][CH2-Pc    ] F0
[T+891496210us][CH1-Dispenser] F0 BA B0 B3 B3 B0 B1 B0 B0 B0 B0 B1 B1 B1 B1 B1 B9 C1 8D 8A
[T+891568204us][CH2-Pc    ] 04
[T+891573179us][CH1-Dispenser] 04 64
[T+891646180us][CH1-Dispenser] 05
[T+891647180us][CH2-Pc    ] 05
[T+891832181us][CH1-Dispenser] 06
[T+891832314us][CH2-Pc    ] 06
[T+892002180us][CH2-Pc    ] 01
[T+892009788us][CH1-Dispenser] 01 61
[T+892080180us][CH2-Pc    ] 02
[T+892087112us][CH1-Dispenser] 02 62
[T+892158180us][CH2-Pc    ] 03
[T+892164218us][CH1-Dispenser] 03 73
[T+892186180us][CH2-Pc    ] 23
[T+892193180us][CH1-Dispenser] 23 D3
[T+892207312us][CH1-Dispenser] FF
[T+892207181us][CH2-Pc    ] FF
[T+892220311us][CH1-Dispenser] E9
[T+892220180us][CH2-Pc    ] E9
[T+892232315us][CH1-Dispenser] FE
[T+892232181us][CH2-Pc    ] FE
[T+892245315us][CH1-Dispenser] E0
[T+892245181us][CH2-Pc    ] E0
[T+892258180us][CH1-Dispenser] E1
[T+892258308us][CH2-Pc    ] E1
[T+892270311us][CH1-Dispenser] E0
[T+892270180us][CH2-Pc    ] E0
[T+892283312us][CH1-Dispenser] FB
[T+892283180us][CH2-Pc    ] FB
[T+892296180us][CH1-Dispenser] EE
[T+892296312us][CH2-Pc    ] EE
[T+892309180us][CH2-Pc    ] F0
[T+892335183us][CH1-Dispenser] F0 BA B0 B3 B3 B0 B1 B0 B0 B0 B0 B1 B1 B1 B1 B1 B9 C1 8D 8A
[T+892402180us][CH2-Pc    ] 04
[T+892411208us][CH1-Dispenser] 04 64
[T+892479180us][CH1-Dispenser] 05
[T+892480180us][CH2-Pc    ] 05
[T+892654318us][CH1-Dispenser] 06
[T+892654182us][CH2-Pc    ] 06
[T+892829180us][CH2-Pc    ] 01
[T+892840180us][CH1-Dispenser] 01 61
[T+892907180us][CH2-Pc    ] 02
[T+892912179us][CH1-Dispenser] 02 62
[T+892975204us][CH2-Pc    ] 03
[T+892984219us][CH1-Dispenser] 03 73
[T+893002204us][CH2-Pc    ] 23
[T+893009751us][CH1-Dispenser] 23 D3
[T+893024180us][CH1-Dispenser] FF
[T+893024315us][CH2-Pc    ] FF
[T+893036311us][CH1-Dispenser] E9
[T+893036180us][CH2-Pc    ] E9
[T+893049404us][CH1-Dispenser] FE
[T+893049269us][CH2-Pc    ] FE
[T+893062321us][CH1-Dispenser] E0
[T+893062183us][CH2-Pc    ] E0
[T+893074184us][CH1-Dispenser] E1
[T+893074320us][CH2-Pc    ] E1
[T+893087314us][CH1-Dispenser] E0
[T+893087182us][CH2-Pc    ] E0
[T+893104311us][CH1-Dispenser] FB
[T+893104181us][CH2-Pc    ] FB
[T+893118184us][CH1-Dispenser] EE
[T+893118320us][CH2-Pc    ] EE
[T+893130204us][CH2-Pc    ] F0
[T+893162180us][CH1-Dispenser] F0 BA B0 B3 B3 B0 B1 B0 B0 B0 B0 B1 B1 B1 B1 B1 B9 C1 8D 8A
[T+893242180us][CH2-Pc    ] 04
[T+893249180us][CH1-Dispenser] 04 64
[T+893320314us][CH1-Dispenser] 05
[T+893320180us][CH2-Pc    ] 05
[T+893495181us][CH1-Dispenser] 06
[T+893495315us][CH2-Pc    ] 06
[T+893670180us][CH2-Pc    ] 01
[T+893678821us][CH1-Dispenser] 01 61
[T+893748180us][CH2-Pc    ] 02
[T+893759181us][CH1-Dispenser] 02 62
[T+893826180us][CH2-Pc    ] 03
[T+893835207us][CH1-Dispenser] 03 73
[T+893854180us][CH2-Pc    ] 23
[T+893858179us][CH1-Dispenser] 23 D3
[T+893875181us][CH1-Dispenser] FF
[T+893875312us][CH2-Pc    ] FF
[T+893888315us][CH1-Dispenser] E9
[T+893888181us][CH2-Pc    ] E9
[T+893901324us][CH1-Dispenser] FE
[T+893901184us][CH2-Pc    ] FE
[T+893913322us][CH1-Dispenser] E0
[T+893913184us][CH2-Pc    ] E0
[T+893926183us][CH1-Dispenser] E1
[T+893926321us][CH2-Pc    ] E1
[T+893938314us][CH1-Dispenser] E0
[T+893938181us][CH2-Pc    ] E0
[T+893951310us][CH1-Dispenser] FB
[T+893951180us][CH2-Pc    ] FB
[T+893964180us][CH1-Dispenser] EE
[T+893964313us][CH2-Pc    ] EE
[T+893976204us][CH2-Pc    ] F0
[T+894006204us][CH1-Dispenser] F0 BA B0 B3 B3 B0 B1 B0 B0 B0 B0 B1 B1 B1 B1 B1 B9 C1 8D 8A
[T+894079180us][CH2-Pc    ] 04
[T+894083179us][CH1-Dispenser] 04 64
[T+894147180us][CH1-Dispenser] 05
[T+894147315us][CH2-Pc    ] 05
[T+894332180us][CH1-Dispenser] 06
[T+894332317us][CH2-Pc    ] 06
[T+894496180us][CH2-Pc    ] 01
[T+894503830us][CH1-Dispenser] 01 61
[T+894565180us][CH2-Pc    ] 02
[T+894573185us][CH1-Dispenser] 02 62
[T+894643180us][CH2-Pc    ] 03
[T+894649370us][CH1-Dispenser] 03 73
[T+894667204us][CH2-Pc    ] 23
[T+894672179us][CH1-Dispenser] 23 D3
[T+894693180us][CH1-Dispenser] FF
[T+894693314us][CH2-Pc    ] FF
[T+894710311us][CH1-Dispenser] E9
[T+894710180us][CH2-Pc    ] E9
[T+894723312us][CH1-Dispenser] FE
[T+894723180us][CH2-Pc    ] FE
[T+894739315us][CH1-Dispenser] E0
[T+894739180us][CH2-Pc    ] E0
[T+894752180us][CH1-Dispenser] E1
[T+894752311us][CH2-Pc    ] E1
[T+894765179us][CH1-Dispenser] E0
[T+894764180us][CH2-Pc    ] E0
[T+894777310us][CH1-Dispenser] FB
[T+894777180us][CH2-Pc    ] FB
[T+894790312us][CH1-Dispenser] EE
[T+894790180us][CH2-Pc    ] EE
[T+894803180us][CH2-Pc    ] F0
[T+894831180us][CH1-Dispenser] F0 BA B0 B3 B3 B0 B1 B0 B0 B0 B0 B1 B1 B1 B1 B1 B9 C1 8D 8A
[T+894904180us][CH2-Pc    ] 04
[T+894914574us][CH1-Dispenser] 04 64
[T+894982314us][CH1-Dispenser] 05
[T+894982181us][CH2-Pc    ] 05
[T+895153180us][CH1-Dispenser] 06
[T+895153315us][CH2-Pc    ] 06
[T+895348204us][CH2-Pc    ] 01
[T+895351207us][CH1-Dispenser] 01 61
[T+895415180us][CH2-Pc    ] 02
[T+895422180us][CH1-Dispenser] 02 62
[T+895493180us][CH2-Pc    ] 03
[T+895499411us][CH1-Dispenser] 03 73
[T+895520205us][CH2-Pc    ] 23
[T+895528181us][CH1-Dispenser] 23 D3
[T+895542183us][CH1-Dispenser] FF
[T+895542316us][CH2-Pc    ] FF
[T+895555311us][CH1-Dispenser] E9
[T+895555180us][CH2-Pc    ] E9
[T+895567310us][CH1-Dispenser] FE
[T+895567180us][CH2-Pc    ] FE
[T+895580314us][CH1-Dispenser] E0
[T+895580180us][CH2-Pc    ] E0
[T+895593180us][CH1-Dispenser] E1
[T+895593312us][CH2-Pc    ] E1
[T+895605315us][CH1-Dispenser] E0
[T+895605181us][CH2-Pc    ] E0
[T+895623311us][CH1-Dispenser] FB
[T+895623180us][CH2-Pc    ] FB
[T+895636188us][CH1-Dispenser] EE
[T+895636326us][CH2-Pc    ] EE
[T+895649379us][CH2-Pc    ] F0
[T+895676209us][CH1-Dispenser] F0 BA B0 B3 B3 B0 B1 B0 B0 B0 B0 B1 B1 B1 B1 B1 B9 C1 8D 8A
[T+895740180us][CH2-Pc    ] 04
[T+895748180us][CH1-Dispenser] 04 64
[T+895818180us][CH1-Dispenser] 05
[T+895818314us][CH2-Pc    ] 05
[T+895998313us][CH1-Dispenser] 06
[T+895998180us][CH2-Pc    ] 06
[T+896177179us][CH1-Dispenser] 01 61
[T+896173180us][CH2-Pc    ] 01
[T+896240204us][CH2-Pc    ] 02
[T+896249181us][CH1-Dispenser] 02 62
[T+896318205us][CH2-Pc    ] 03
[T+896325179us][CH1-Dispenser] 03 73
[T+896346204us][CH2-Pc    ] 23
[T+896354656us][CH1-Dispenser] 23 D3
[T+896367180us][CH1-Dispenser] FF
[T+896367313us][CH2-Pc    ] FF
[T+896380325us][CH1-Dispenser] E9
[T+896380185us][CH2-Pc    ] E9
[T+896392316us][CH1-Dispenser] FE
[T+896392181us][CH2-Pc    ] FE
[T+896405311us][CH1-Dispenser] E0
[T+896405181us][CH2-Pc    ] E0
[T+896419320us][CH1-Dispenser] E1
[T+896419183us][CH2-Pc    ] E1
[T+896431179us][CH1-Dispenser] E0
[T+896430182us][CH2-Pc    ] E0
[T+896443314us][CH1-Dispenser] FB
[T+896443181us][CH2-Pc    ] FB
[T+896456312us][CH1-Dispenser] EE
[T+896456181us][CH2-Pc    ] EE
[T+896469180us][CH2-Pc    ] F0
[T+896496206us][CH1-Dispenser] F0 BA B0 B3 B3 B0 B1 B0 B0 B0 B0 B1 B1 B1 B1 B1 B9 C1 8D 8A
[T+896561180us][CH2-Pc    ] 04
[T+896570204us][CH1-Dispenser] 04 64
[T+896642316us][CH1-Dispenser] 05
[T+896642180us][CH2-Pc    ] 05
[T+896816314us][CH1-Dispenser] 06
[T+896816180us][CH2-Pc    ] 06
[T+896980180us][CH2-Pc    ] 01
[T+896988816us][CH1-Dispenser] 01 61
[T+897058180us][CH2-Pc    ] 02
[T+897067218us][CH1-Dispenser] 02 62
[T+897137180us][CH2-Pc    ] 03
[T+897143244us][CH1-Dispenser] 03 73
[T+897164204us][CH2-Pc    ] 23
[T+897176309us][CH1-Dispenser] 23 D3 FF
[T+897176180us][CH2-Pc    ] FF
[T+897188310us][CH1-Dispenser] E9
[T+897188180us][CH2-Pc    ] E9
[T+897201311us][CH1-Dispenser] FE
[T+897201180us][CH2-Pc    ] FE
[T+897214319us][CH1-Dispenser] E0
[T+897214182us][CH2-Pc    ] E0
[T+897226323us][CH1-Dispenser] E1
[T+897226184us][CH2-Pc    ] E1
[T+897239317us][CH1-Dispenser] E0
[T+897239183us][CH2-Pc    ] E0
[T+897252312us][CH1-Dispenser] FB
[T+897252181us][CH2-Pc    ] FB
[T+897264312us][CH1-Dispenser] EE
[T+897264181us][CH2-Pc    ] EE
[T+897277180us][CH2-Pc    ] F0
[T+897307204us][CH1-Dispenser] F0 BA B0 B3 B3 B0 B1 B0 B0 B0 B0 B1 B1 B1 B1 B1 B9 C1 8D 8A
[T+897328204us][CH2-Pc    ] 23
[T+897333186us][CH1-Dispenser] 23 D3
[T+897350180us][CH1-Dispenser] FF
[T+897350313us][CH2-Pc    ] FF
[T+897362323us][CH1-Dispenser] E5
[T+897362186us][CH2-Pc    ] E5
[T+897375324us][CH1-Dispenser] F4
[T+897375184us][CH2-Pc    ] F4
[T+897388182us][CH1-Dispenser] F6
[T+897388315us][CH2-Pc    ] F6
[T+897409310us][CH1-Dispenser] E0
[T+897409180us][CH2-Pc    ] E0
[T+897431311us][CH1-Dispenser] F7
[T+897431180us][CH2-Pc    ] F7
[T+897443187us][CH2-Pc    ] E0
[T+897444184us][CH1-Dispenser] E0
[T+897456311us][CH1-Dispenser] E3
[T+897456180us][CH2-Pc    ] E3
[T+897469180us][CH1-Dispenser] E1
[T+897469311us][CH2-Pc    ] E1
[T+897481184us][CH1-Dispenser] E1
[T+897481319us][CH2-Pc    ] E1
[T+897495675us][CH1-Dispenser] FB
[T+897495536us][CH2-Pc    ] FB
[T+897507186us][CH1-Dispenser] EB
[T+897507323us][CH2-Pc    ] EB
[T+897519315us][CH1-Dispenser] F0
[T+897519180us][CH2-Pc    ] F0
[T+897608180us][CH2-Pc    ] 03
[T+897613810us][CH1-Dispenser] 03 73
[T+897636180us][CH2-Pc    ] 23
[T+897645205us][CH1-Dispenser] 23 D3
[T+897657181us][CH1-Dispenser] FF
[T+897657312us][CH2-Pc    ] FF
[T+897670311us][CH1-Dispenser] E5
[T+897670180us][CH2-Pc    ] E5
[T+897683315us][CH1-Dispenser] F2
[T+897683181us][CH2-Pc    ] F2
[T+897695314us][CH1-Dispenser] F8
[T+897695180us][CH2-Pc    ] F8
[T+897708313us][CH1-Dispenser] E0
[T+897708180us][CH2-Pc    ] E0
[T+897721310us][CH1-Dispenser] E0
[T+897721180us][CH2-Pc    ] E0
[T+897734785us][CH1-Dispenser] E0
[T+897733184us][CH2-Pc    ] E0
[T+897746321us][CH1-Dispenser] E0
[T+897746184us][CH2-Pc    ] E0
[T+897759324us][CH1-Dispenser] E3
[T+897759184us][CH2-Pc    ] E3
[T+897773320us][CH1-Dispenser] E0
[T+897773184us][CH2-Pc    ] E0
[T+897786311us][CH1-Dispenser] FB
[T+897786180us][CH2-Pc    ] FB
[T+897807181us][CH1-Dispenser] E4
[T+897807313us][CH2-Pc    ] E4
[T+897820313us][CH1-Dispenser] F0
[T+897820181us][CH2-Pc    ] F0
[T+897909180us][CH2-Pc    ] 03
[T+897914797us][CH1-Dispenser] 03 73
[T+897936314us][CH1-Dispenser] 13
[T+897936180us][CH2-Pc    ] 13
[T+898024180us][CH2-Pc    ] 03
[T+898029187us][CH1-Dispenser] 03 93
[T+898101204us][CH2-Pc    ] 04
[T+898109672us][CH1-Dispenser] 04 64
[T+898180314us][CH1-Dispenser] 05
[T+898180180us][CH2-Pc    ] 05
[T+898362180us][CH1-Dispenser] 06
[T+898362314us][CH2-Pc    ] 06
[T+898526180us][CH2-Pc    ] 01
[T+898534183us][CH1-Dispenser] 01 61
[T+898604180us][CH2-Pc    ] 02
[T+898613205us][CH1-Dispenser] 02 62
[T+898682204us][CH2-Pc    ] 03
[T+898691219us][CH1-Dispenser] 03 93
[T+899266180us][CH2-Pc    ] 04
[T+899274180us][CH1-Dispenser] 04 64
[T+899344180us][CH1-Dispenser] 05
[T+899344315us][CH2-Pc    ] 05
[T+899518314us][CH1-Dispenser] 06
[T+899518180us][CH2-Pc    ] 06
[T+899683204us][CH2-Pc    ] 01
[T+899687179us][CH1-Dispenser] 01 61
[T+899750204us][CH2-Pc    ] 02
[T+899757180us][CH1-Dispenser] 02 62
[T+899828180us][CH2-Pc    ] 03
[T+899835180us][CH1-Dispenser] 03 93
[T+899855180us][CH2-Pc    ] 63
[T+899869180us][CH1-Dispenser] 63 E0 E0 E0 E0 E0 E0
[T+899934180us][CH2-Pc    ] 04
[T+899940204us][CH1-Dispenser] 04 64
[T+900013180us][CH1-Dispenser] 05
[T+900013313us][CH2-Pc    ] 05
[T+900188180us][CH1-Dispenser] 06
[T+900188315us][CH2-Pc    ] 06
[T+900362206us][CH2-Pc    ] 01
[T+900368851us][CH1-Dispenser] 01 61
[T+900440180us][CH2-Pc    ] 02
[T+900447180us][CH1-Dispenser] 02 62
[T+900518180us][CH2-Pc    ] 03
[T+900524218us][CH1-Dispenser] 03 93
[T+900546180us][CH2-Pc    ] 63
[T+900560180us][CH1-Dispenser] 63 E0 E0 E0 E0 E0 E0
[T+900625180us][CH2-Pc    ] 04
[T+900634801us][CH1-Dispenser] 04 64
[T+900703181us][CH1-Dispenser] 05
[T+900703315us][CH2-Pc    ] 05
[T+900878318us][CH1-Dispenser] 06
[T+900878182us][CH2-Pc    ] 06
[T+901042180us][CH2-Pc    ] 01
[T+901049829us][CH1-Dispenser] 01 61
[T+901120180us][CH2-Pc    ] 02
[T+901126872us][CH1-Dispenser] 02 62
[T+901198205us][CH2-Pc    ] 03
[T+901204218us][CH1-Dispenser] 03 93
[T+901225204us][CH2-Pc    ] 63
[T+901240205us][CH1-Dispenser] 63 E0 E0 E0 E0 E0 E0
[T+901309209us][CH2-Pc    ] 04
[T+901314179us][CH1-Dispenser] 04 64
[T+901388311us][CH1-Dispenser] 05
[T+901388180us][CH2-Pc    ] 05
[T+901563315us][CH1-Dispenser] 06
[T+901563180us][CH2-Pc    ] 06
[T+901738180us][CH2-Pc    ] 01
[T+901743179us][CH1-Dispenser] 01 61
[T+901816180us][CH2-Pc    ] 02
[T+901826180us][CH1-Dispenser] 02 62
[T+901895206us][CH2-Pc    ] 03
[T+901903786us][CH1-Dispenser] 03 93
[T+901922180us][CH2-Pc    ] 63
[T+901938180us][CH1-Dispenser] 63 E7 E4 E1 E0 E0 E0
[T+902012180us][CH2-Pc    ] 04
[T+902019470us][CH1-Dispenser] 04 64
[T+902090180us][CH1-Dispenser] 05
[T+902090311us][CH2-Pc    ] 05
[T+902264313us][CH1-Dispenser] 06
[T+902264180us][CH2-Pc    ] 06
[T+902440180us][CH2-Pc    ] 01
[T+902447181us][CH1-Dispenser] 01 61
[T+902518180us][CH2-Pc    ] 02
[T+902523179us][CH1-Dispenser] 02 62
[T+902597180us][CH2-Pc    ] 03
[T+902603848us][CH1-Dispenser] 03 93
[T+902624204us][CH2-Pc    ] 63
[T+902636308us][CH1-Dispenser] 63 E3 E7 E3 E0 E0 E0
[T+902702206us][CH2-Pc    ] 04
[T+902712180us][CH1-Dispenser] 04 64
[T+902780180us][CH1-Dispenser] 05
[T+902780314us][CH2-Pc    ] 05
[T+902955318us][CH1-Dispenser] 06
[T+902955181us][CH2-Pc    ] 06
[T+903122180us][CH2-Pc    ] 01
[T+903128847us][CH1-Dispenser] 01 61
[T+903200180us][CH2-Pc    ] 02
[T+903210180us][CH1-Dispenser] 02 62
[T+903278180us][CH2-Pc    ] 03
[T+903285434us][CH1-Dispenser] 03 93
[T+903305180us][CH2-Pc    ] 63
[T+903321180us][CH1-Dispenser] 63 E5 E6 E5 E0 E0 E0
[T+903395180us][CH2-Pc    ] 04
[T+903404218us][CH1-Dispenser] 04 64
[T+903473181us][CH1-Dispenser] 05
[T+903473314us][CH2-Pc    ] 05
[T+903659181us][CH1-Dispenser] 06
[T+903659314us][CH2-Pc    ] 06
[T+903842205us][CH2-Pc    ] 01
[T+903849180us][CH1-Dispenser] 01 61
[T+903940180us][CH2-Pc    ] 02
[T+903948180us][CH1-Dispenser] 02 62
[T+904019180us][CH2-Pc    ] 03
[T+904026180us][CH1-Dispenser] 03 93
[T+904047204us][CH2-Pc    ] 63
[T+904060180us][CH1-Dispenser] 63 E6 E0 E0 E1 E0 E0
[T+904126204us][CH2-Pc    ] 04
[T+904135188us][CH1-Dispenser] 04 64
[T+904204181us][CH1-Dispenser] 05
[T+904204313us][CH2-Pc    ] 05
[T+904379318us][CH1-Dispenser] 06
[T+904379181us][CH2-Pc    ] 06
[T+904543180us][CH2-Pc    ] 01
[T+904548179us][CH1-Dispenser] 01 61
[T+904621180us][CH2-Pc    ] 02
[T+904627850us][CH1-Dispenser] 02 62
[T+904699204us][CH2-Pc    ] 03
[T+904704831us][CH1-Dispenser] 03 93
[T+904726180us][CH2-Pc    ] 63
[T+904740180us][CH1-Dispenser] 63 E5 E3 E4 E1 E0 E0
[T+904804180us][CH2-Pc    ] 04
[T+904809187us][CH1-Dispenser] 04 64
[T+904883314us][CH1-Dispenser] 05
[T+904883180us][CH2-Pc    ] 05
[T+905057182us][CH1-Dispenser] 06
[T+905057315us][CH2-Pc    ] 06
[T+905232180us][CH2-Pc    ] 01
[T+905238203us][CH1-Dispenser] 01 61
[T+905310204us][CH2-Pc    ] 02
[T+905318187us][CH1-Dispenser] 02 62
[T+905388180us][CH2-Pc    ] 03
[T+905395180us][CH1-Dispenser] 03 93
[T+905416204us][CH2-Pc    ] 63
[T+905431204us][CH1-Dispenser] 63 E3 E5 E8 E1 E0 E0
[T+905505180us][CH2-Pc    ] 04
[T+905509842us][CH1-Dispenser] 04 64
[T+905572180us][CH1-Dispenser] 05
[T+905572317us][CH2-Pc    ] 05
[T+905747181us][CH1-Dispenser] 06
[T+905747315us][CH2-Pc    ] 06
[T+905922180us][CH2-Pc    ] 01
[T+905928411us][CH1-Dispenser] 01 61
[T+906000204us][CH2-Pc    ] 02
[T+906008793us][CH1-Dispenser] 02 62
[T+906078180us][CH2-Pc    ] 03
[T+906085179us][CH1-Dispenser] 03 93
[T+906105180us][CH2-Pc    ] 63
[T+906120208us][CH1-Dispenser] 63 E4 E9 E2 E2 E0 E0
[T+906183204us][CH2-Pc    ] 04
[T+906190780us][CH1-Dispenser] 04 64
[T+906253315us][CH1-Dispenser] 05
[T+906253181us][CH2-Pc    ] 05
[T+906418316us][CH1-Dispenser] 06
[T+906418181us][CH2-Pc    ] 06
[T+906592204us][CH2-Pc    ] 01
[T+906601204us][CH1-Dispenser] 01 61
[T+906671180us][CH2-Pc    ] 02
[T+906680204us][CH1-Dispenser] 02 62
[T+906749204us][CH2-Pc    ] 03
[T+906756179us][CH1-Dispenser] 03 93
[T+906776183us][CH2-Pc    ] 63
[T+906791204us][CH1-Dispenser] 63 E1 E0 E7 E2 E0 E0
[T+906854206us][CH2-Pc    ] 04
[T+906861179us][CH1-Dispenser] 04 64
[T+906932180us][CH1-Dispenser] 05
[T+906932314us][CH2-Pc    ] 05
[T+907107314us][CH1-Dispenser] 06
[T+907107180us][CH2-Pc    ] 06
[T+907276180us][CH2-Pc    ] 01
[T+907283179us][CH1-Dispenser] 01 61
[T+907354180us][CH2-Pc    ] 02
[T+907363218us][CH1-Dispenser] 02 62
[T+907432204us][CH2-Pc    ] 03
[T+907440218us][CH1-Dispenser] 03 93
[T+907460187us][CH2-Pc    ] 63
[T+907471184us][CH1-Dispenser] 63 E0 E3 E1 E3 E0 E0
[T+907539180us][CH2-Pc    ] 04
[T+907545203us][CH1-Dispenser] 04 64
[T+907617312us][CH1-Dispenser] 05
[T+907617180us][CH2-Pc    ] 05
[T+907794181us][CH1-Dispenser] 06
[T+907794317us][CH2-Pc    ] 06
[T+907969180us][CH2-Pc    ] 01
[T+907973179us][CH1-Dispenser] 01 61
[T+908047180us][CH2-Pc    ] 02
[T+908055306us][CH1-Dispenser] 02 62
[T+908125180us][CH2-Pc    ] 03
[T+908129179us][CH1-Dispenser] 03 93
[T+908141204us][CH2-Pc    ] 63
[T+908156204us][CH1-Dispenser] 63 E3 E9 E5 E3 E0 E0
[T+908220180us][CH2-Pc    ] 04
[T+908230180us][CH1-Dispenser] 04 64
[T+908298180us][CH1-Dispenser] 05
[T+908299179us][CH2-Pc    ] 05
[T+908463316us][CH1-Dispenser] 06
[T+908463182us][CH2-Pc    ] 06
[T+908637204us][CH2-Pc    ] 01
[T+908646204us][CH1-Dispenser] 01 61
[T+908716180us][CH2-Pc    ] 02
[T+908723786us][CH1-Dispenser] 02 62
[T+908794180us][CH2-Pc    ] 03
[T+908800823us][CH1-Dispenser] 03 93
[T+908821205us][CH2-Pc    ] 63
[T+908836381us][CH1-Dispenser] 63 E3 E2 E0 E4 E0 E0
[T+908911205us][CH2-Pc    ] 04
[T+908919793us][CH1-Dispenser] 04 64
[T+908989184us][CH1-Dispenser] 05
[T+908989318us][CH2-Pc    ] 05
[T+909174314us][CH1-Dispenser] 06
[T+909174180us][CH2-Pc    ] 06
[T+909339180us][CH2-Pc    ] 01
[T+909343179us][CH1-Dispenser] 01 61
[T+909406204us][CH2-Pc    ] 02
[T+909415218us][CH1-Dispenser] 02 62
[T+909484204us][CH2-Pc    ] 03
[T+909490204us][CH1-Dispenser] 03 93
[T+909511205us][CH2-Pc    ] 63
[T+909525180us][CH1-Dispenser] 63 E5 E7 E4 E4 E0 E0
[T+909593180us][CH2-Pc    ] 04
[T+909599205us][CH1-Dispenser] 04 64
[T+909673180us][CH1-Dispenser] 05
[T+909674179us][CH2-Pc    ] 05
[T+909842181us][CH1-Dispenser] 06
[T+909842315us][CH2-Pc    ] 06
[T+910018180us][CH2-Pc    ] 01
[T+910026181us][CH1-Dispenser] 01 61
[T+910096180us][CH2-Pc    ] 02
[T+910103179us][CH1-Dispenser] 02 62
[T+910175204us][CH2-Pc    ] 03
[T+910179179us][CH1-Dispenser] 03 93
[T+910202180us][CH2-Pc    ] 63
[T+910217205us][CH1-Dispenser] 63 E8 E3 E9 E4 E0 E0
[T+910292204us][CH2-Pc    ] 04
[T+910300753us][CH1-Dispenser] 04 64
[T+910370180us][CH1-Dispenser] 05
[T+910370318us][CH2-Pc    ] 05
[T+910545180us][CH1-Dispenser] 06
[T+910545313us][CH2-Pc    ] 06
[T+910720180us][CH2-Pc    ] 01
[T+910729218us][CH1-Dispenser] 01 61
[T+910798205us][CH2-Pc    ] 02
[T+910802179us][CH1-Dispenser] 02 62
[T+910866180us][CH2-Pc    ] 03
[T+910876180us][CH1-Dispenser] 03 93
[T+910896180us][CH2-Pc    ] 63
[T+910910180us][CH1-Dispenser] 63 E4 E2 E4 E5 E0 E0
[T+910974180us][CH2-Pc    ] 04
[T+910980822us][CH1-Dispenser] 04 64
[T+911052181us][CH1-Dispenser] 05
[T+911052316us][CH2-Pc    ] 05
[T+911230181us][CH1-Dispenser] 06
[T+911230316us][CH2-Pc    ] 06
[T+911405206us][CH2-Pc    ] 01
[T+911415181us][CH1-Dispenser] 01 61
[T+911483180us][CH2-Pc    ] 02
[T+911489218us][CH1-Dispenser] 02 62
[T+911561204us][CH2-Pc    ] 03
[T+911570204us][CH1-Dispenser] 03 93
[T+911589180us][CH2-Pc    ] 63
[T+911604204us][CH1-Dispenser] 63 E0 E1 E9 E5 E0 E0
[T+911678180us][CH2-Pc    ] 04
[T+911684820us][CH1-Dispenser] 04 64
[T+911756180us][CH1-Dispenser] 05
[T+911756316us][CH2-Pc    ] 05
[T+911931317us][CH1-Dispenser] 06
[T+911931180us][CH2-Pc    ] 06
[T+912106180us][CH2-Pc    ] 01
[T+912114180us][CH1-Dispenser] 01 61
[T+912184180us][CH2-Pc    ] 02
[T+912193205us][CH1-Dispenser] 02 62
[T+912262205us][CH2-Pc    ] 03
[T+912269179us][CH1-Dispenser] 03 93
[T+912290204us][CH2-Pc    ] 63
[T+912302204us][CH1-Dispenser] 63 E6 E9 E3 E6 E0 E0
[T+912368208us][CH2-Pc    ] 04
[T+912378180us][CH1-Dispenser] 04 64
[T+912446314us][CH1-Dispenser] 05
[T+912446180us][CH2-Pc    ] 05
[T+912621314us][CH1-Dispenser] 06
[T+912621180us][CH2-Pc    ] 06
[T+912796180us][CH2-Pc    ] 01
[T+912802218us][CH1-Dispenser] 01 61
[T+912874204us][CH2-Pc    ] 02
[T+912880218us][CH1-Dispenser] 02 62
[T+912972180us][CH2-Pc    ] 03
[T+912980737us][CH1-Dispenser] 03 93
[T+913000180us][CH2-Pc    ] 63
[T+913011181us][CH1-Dispenser] 63 E0 E7 E8 E6 E0 E0
[T+913079180us][CH2-Pc    ] 04
[T+913085218us][CH1-Dispenser] 04 64
[T+913158311us][CH1-Dispenser] 05
[T+913158180us][CH2-Pc    ] 05
[T+913322315us][CH1-Dispenser] 06
[T+913322180us][CH2-Pc    ] 06
[T+913497180us][CH2-Pc    ] 01
[T+913503218us][CH1-Dispenser] 01 61
[T+913575204us][CH2-Pc    ] 02
[T+913583180us][CH1-Dispenser] 02 62
[T+913653180us][CH2-Pc    ] 03
[T+913660179us][CH1-Dispenser] 03 93
[T+913680180us][CH2-Pc    ] 63
[T+913691180us][CH1-Dispenser] 63 E6 E5 E3 E7 E0 E0
[T+913758180us][CH2-Pc    ] 04
[T+913765745us][CH1-Dispenser] 04 64
[T+913837180us][CH1-Dispenser] 05
[T+913837316us][CH2-Pc    ] 05
[T+914011313us][CH1-Dispenser] 06
[T+914011180us][CH2-Pc    ] 06
[T+914186180us][CH2-Pc    ] 01
[T+914194180us][CH1-Dispenser] 01 61
[T+914264180us][CH2-Pc    ] 02
[T+914269749us][CH1-Dispenser] 02 62
[T+914342180us][CH2-Pc    ] 03
[T+914350187us][CH1-Dispenser] 03 93
[T+914370180us][CH2-Pc    ] 63
[T+914381183us][CH1-Dispenser] 63 E8 E0 E8 E7 E0 E0
[T+914448180us][CH2-Pc    ] 04
[T+914454204us][CH1-Dispenser] 04 64
[T+914526315us][CH1-Dispenser] 05
[T+914526181us][CH2-Pc    ] 05
[T+914701180us][CH1-Dispenser] 06
[T+914701314us][CH2-Pc    ] 06
[T+914876180us][CH2-Pc    ] 01
[T+914884187us][CH1-Dispenser] 01 61
[T+914954988us][CH2-Pc    ] 02
[T+914958208us][CH1-Dispenser] 02 62
[T+915021187us][CH2-Pc    ] 03
[T+915030336us][CH1-Dispenser] 03 93
[T+915048180us][CH2-Pc    ] 63
[T+915065180us][CH1-Dispenser] 63 E4 E9 E2 E8 E0 E0
[T+915129204us][CH2-Pc    ] 04
[T+915135992us][CH1-Dispenser] 04 64
[T+915208322us][CH1-Dispenser] 05
[T+915208183us][CH2-Pc    ] 05
[T+915393180us][CH1-Dispenser] 06
[T+915393314us][CH2-Pc    ] 06
[T+915558204us][CH2-Pc    ] 01
[T+915563179us][CH1-Dispenser] 01 61
[T+915635204us][CH2-Pc    ] 02
[T+915646278us][CH1-Dispenser] 02 62
[T+915713180us][CH2-Pc    ] 03
[T+915721181us][CH1-Dispenser] 03 93
[T+915741180us][CH2-Pc    ] 63
[T+915755180us][CH1-Dispenser] 63 E3 E0 E8 E8 E0 E0
[T+915820180us][CH2-Pc    ] 04
[T+915824179us][CH1-Dispenser] 04 64
[T+915898314us][CH1-Dispenser] 05
[T+915898181us][CH2-Pc    ] 05
[T+916073181us][CH1-Dispenser] 06
[T+916073315us][CH2-Pc    ] 06
[T+916248180us][CH2-Pc    ] 01
[T+916253842us][CH1-Dispenser] 01 61
[T+916326180us][CH2-Pc    ] 02
[T+916334182us][CH1-Dispenser] 02 62
[T+916404180us][CH2-Pc    ] 03
[T+916410203us][CH1-Dispenser] 03 93
[T+916431206us][CH2-Pc    ] 63
[T+916448180us][CH1-Dispenser] 63 E9 E8 E2 E9 E0 E0
[T+916520204us][CH2-Pc    ] 04
[T+916524179us][CH1-Dispenser] 04 64
[T+916587319us][CH1-Dispenser] 05
[T+916587185us][CH2-Pc    ] 05
[T+916762181us][CH1-Dispenser] 06
[T+916762320us][CH2-Pc    ] 06
[T+916937180us][CH2-Pc    ] 01
[T+916943854us][CH1-Dispenser] 01 61
[T+917015205us][CH2-Pc    ] 02
[T+917026180us][CH1-Dispenser] 02 62
[T+917093180us][CH2-Pc    ] 03
[T+917101180us][CH1-Dispenser] 03 93
[T+917121180us][CH2-Pc    ] 63
[T+917135182us][CH1-Dispenser] 63 E6 E8 E7 E9 E0 E0
[T+917212180us][CH2-Pc    ] 04
[T+917220180us][CH1-Dispenser] 04 64
[T+917291180us][CH1-Dispenser] 05
[T+917291314us][CH2-Pc    ] 05
[T+917465181us][CH1-Dispenser] 06
[T+917465320us][CH2-Pc    ] 06
[T+917640180us][CH2-Pc    ] 01
[T+917649372us][CH1-Dispenser] 01 61
[T+917718204us][CH2-Pc    ] 02
[T+917723179us][CH1-Dispenser] 02 62
[T+917796181us][CH2-Pc    ] 03
[T+917806179us][CH1-Dispenser] 03 93
[T+917825179us][CH2-Pc    ] 63
[T+917837204us][CH1-Dispenser] 63 E6 E0 E3 E0 E1 E0
[T+917905060us][CH2-Pc    ] 04
[T+917909179us][CH1-Dispenser] 04 64
[T+917982181us][CH1-Dispenser] 05
[T+917982314us][CH2-Pc    ] 05
[T+918157314us][CH1-Dispenser] 06
[T+918157180us][CH2-Pc    ] 06
[T+918331205us][CH2-Pc    ] 01
[T+918340187us][CH1-Dispenser] 01 61
[T+918410180us][CH2-Pc    ] 02
[T+918419804us][CH1-Dispenser] 02 62
[T+918488204us][CH2-Pc    ] 03
[T+918497188us][CH1-Dispenser] 03 93
[T+918515207us][CH2-Pc    ] 63
[T+918527209us][CH1-Dispenser] 63 E2 E9 E7 E0 E1 E0
[T+918602204us][CH2-Pc    ] 04
[T+918610806us][CH1-Dispenser] 04 64
[T+918680180us][CH1-Dispenser] 05
[T+918680312us][CH2-Pc    ] 05
[T+918855318us][CH1-Dispenser] 06
[T+918855180us][CH2-Pc    ] 06
[T+919030180us][CH2-Pc    ] 01
[T+919041181us][CH1-Dispenser] 01 61
[T+919108180us][CH2-Pc    ] 02
[T+919114218us][CH1-Dispenser] 02 62
[T+919186204us][CH2-Pc    ] 03
[T+919194180us][CH1-Dispenser] 03 93
[T+919213180us][CH2-Pc    ] 63
[T+919227180us][CH1-Dispenser] 63 E1 E1 E3 E1 E1 E0
[T+919301180us][CH2-Pc    ] 04
[T+919310219us][CH1-Dispenser] 04 64
[T+919379180us][CH1-Dispenser] 05
[T+919379315us][CH2-Pc    ] 05
[T+919558180us][CH1-Dispenser] 06
[T+919558317us][CH2-Pc    ] 06
[T+919733180us][CH2-Pc    ] 01
[T+919740976us][CH1-Dispenser] 01 61
[T+919811180us][CH2-Pc    ] 02
[T+919819187us][CH1-Dispenser] 02 62
[T+919889180us][CH2-Pc    ] 03
[T+919896180us][CH1-Dispenser] 03 93
[T+919916180us][CH2-Pc    ] 63
[T+919930180us][CH1-Dispenser] 63 E7 E9 E7 E1 E1 E0
[T+919995187us][CH2-Pc    ] 04
[T+919999785us][CH1-Dispenser] 04 64
[T+920063180us][CH1-Dispenser] 05
[T+920063313us][CH2-Pc    ] 05
[T+920238316us][CH1-Dispenser] 06
[T+920238182us][CH2-Pc    ] 06
[T+920402180us][CH2-Pc    ] 01
[T+920410180us][CH1-Dispenser] 01 61
[T+920480180us][CH2-Pc    ] 02
[T+920489252us][CH1-Dispenser] 02 62
[T+920558204us][CH2-Pc    ] 03
[T+920565799us][CH1-Dispenser] 03 93
[T+920585180us][CH2-Pc    ] 63
[T+920598180us][CH1-Dispenser] 63 E8 E2 E3 E2 E1 E0
[T+920663182us][CH2-Pc    ] 04
[T+920670180us][CH1-Dispenser] 04 64
[T+920742314us][CH1-Dispenser] 05
[T+920742180us][CH2-Pc    ] 05
[T+920916180us][CH1-Dispenser] 06
[T+920916316us][CH2-Pc    ] 06
[T+921091180us][CH2-Pc    ] 01
[T+921100204us][CH1-Dispenser] 01 61
[T+921169204us][CH2-Pc    ] 02
[T+921174179us][CH1-Dispenser] 02 62
[T+921248180us][CH2-Pc    ] 03
[T+921258181us][CH1-Dispenser] 03 93
[T+921275180us][CH2-Pc    ] 63
[T+921287205us][CH1-Dispenser] 63 E4 E1 E8 E2 E1 E0
[T+921354180us][CH2-Pc    ] 04
[T+921361180us][CH1-Dispenser] 04 64
[T+921432313us][CH1-Dispenser] 05
[T+921432180us][CH2-Pc    ] 05
[T+921615316us][CH1-Dispenser] 06
[T+921615181us][CH2-Pc    ] 06
[T+921800180us][CH2-Pc    ] 01
[T+921808180us][CH1-Dispenser] 01 61
[T+921878180us][CH2-Pc    ] 02
[T+921886180us][CH1-Dispenser] 02 62
[T+921956180us][CH2-Pc    ] 03
[T+921964180us][CH1-Dispenser] 03 93
[T+921984180us][CH2-Pc    ] 63
[T+921998180us][CH1-Dispenser] 63 E3 E2 E3 E3 E1 E0
[T+922069180us][CH2-Pc    ] 04
[T+922075218us][CH1-Dispenser] 04 64
[T+922147180us][CH1-Dispenser] 05
[T+922147312us][CH2-Pc    ] 05
[T+922323180us][CH1-Dispenser] 06
[T+922323316us][CH2-Pc    ] 06
[T+922497207us][CH2-Pc    ] 01
[T+922504179us][CH1-Dispenser] 01 61
[T+922575180us][CH2-Pc    ] 02
[T+922585181us][CH1-Dispenser] 02 62
[T+922654204us][CH2-Pc    ] 03
[T+922661180us][CH1-Dispenser] 03 93
[T+922681180us][CH2-Pc    ] 63
[T+922697180us][CH1-Dispenser] 63 E4 E5 E8 E3 E1 E0
[T+922783180us][CH2-Pc    ] 04
[T+922791181us][CH1-Dispenser] 04 64
[T+922861181us][CH1-Dispenser] 05
[T+922861316us][CH2-Pc    ] 05
[T+923025180us][CH1-Dispenser] 06
[T+923025317us][CH2-Pc    ] 06
[T+923200180us][CH2-Pc    ] 01
[T+923206218us][CH1-Dispenser] 01 61
[T+923278204us][CH2-Pc    ] 02
[T+923286180us][CH1-Dispenser] 02 62
[T+923360179us][CH1-Dispenser] 03 93
[T+923356180us][CH2-Pc    ] 03
[T+923372204us][CH2-Pc    ] 63
[T+923387204us][CH1-Dispenser] 63 E2 E6 E3 E4 E1 E0
[T+923462204us][CH2-Pc    ] 04
[T+923471218us][CH1-Dispenser] 04 64
[T+923542314us][CH1-Dispenser] 05
[T+923542180us][CH2-Pc    ] 05
[T+923717181us][CH1-Dispenser] 06
[T+923717315us][CH2-Pc    ] 06
[T+923890180us][CH2-Pc    ] 01
[T+923898183us][CH1-Dispenser] 01 61
[T+923968180us][CH2-Pc    ] 02
[T+923974507us][CH1-Dispenser] 02 62
[T+924046205us][CH2-Pc    ] 03
[T+924057180us][CH1-Dispenser] 03 93
[T+924074180us][CH2-Pc    ] 63
[T+924089204us][CH1-Dispenser] 63 E2 E8 E8 E4 E1 E0
[T+924162180us][CH2-Pc    ] 04
[T+924172180us][CH1-Dispenser] 04 64
[T+924241314us][CH1-Dispenser] 05
[T+924241180us][CH2-Pc    ] 05
[T+924415180us][CH1-Dispenser] 06
[T+924415313us][CH2-Pc    ] 06
[T+924591180us][CH2-Pc    ] 01
[T+924599476us][CH1-Dispenser] 01 61
[T+924681180us][CH2-Pc    ] 02
[T+924690210us][CH1-Dispenser] 02 62
[T+924759208us][CH2-Pc    ] 03
[T+924765218us][CH1-Dispenser] 03 93
[T+924787180us][CH2-Pc    ] 63
[T+924803180us][CH1-Dispenser] 63 E1 E9 E3 E5 E1 E0
[T+924876180us][CH2-Pc    ] 04
[T+924885822us][CH1-Dispenser] 04 64
[T+924954315us][CH1-Dispenser] 05
[T+924954181us][CH2-Pc    ] 05
[T+925118181us][CH1-Dispenser] 06
[T+925118316us][CH2-Pc    ] 06
[T+925295204us][CH2-Pc    ] 01
[T+925304181us][CH1-Dispenser] 01 61
[T+925373208us][CH2-Pc    ] 02
[T+925381796us][CH1-Dispenser] 02 62
[T+925453180us][CH2-Pc    ] 03
[T+925461183us][CH1-Dispenser] 03 93
[T+925480180us][CH2-Pc    ] 63
[T+925492206us][CH1-Dispenser] 63 E0 E1 E9 E5 E1 E0
[T+925559180us][CH2-Pc    ] 04
[T+925564179us][CH1-Dispenser] 04 64
[T+925637181us][CH1-Dispenser] 05
[T+925637316us][CH2-Pc    ] 05
[T+925812180us][CH1-Dispenser] 06
[T+925812315us][CH2-Pc    ] 06
[T+925988180us][CH2-Pc    ] 01
[T+925994829us][CH1-Dispenser] 01 61
[T+926067180us][CH2-Pc    ] 02
[T+926077180us][CH1-Dispenser] 02 62
[T+926146205us][CH2-Pc    ] 03
[T+926152204us][CH1-Dispenser] 03 93
[T+926173887us][CH2-Pc    ] 63
[T+926186180us][CH1-Dispenser] 63 E9 E1 E4 E6 E1 E0
[T+926252204us][CH2-Pc    ] 04
[T+926261213us][CH1-Dispenser] 04 64
[T+926330180us][CH1-Dispenser] 05
[T+926330313us][CH2-Pc    ] 05
[T+926494181us][CH1-Dispenser] 06
[T+926494319us][CH2-Pc    ] 06
[T+926669180us][CH2-Pc    ] 01
[T+926675218us][CH1-Dispenser] 01 61
[T+926747204us][CH2-Pc    ] 02
[T+926754180us][CH1-Dispenser] 02 62
[T+926826204us][CH2-Pc    ] 03
[T+926830179us][CH1-Dispenser] 03 93
[T+926853180us][CH2-Pc    ] 63
[T+926868180us][CH1-Dispenser] 63 E5 E0 E9 E6 E1 E0
[T+926943180us][CH2-Pc    ] 04
[T+926949830us][CH1-Dispenser] 04 64
[T+927021180us][CH1-Dispenser] 05
[T+927021313us][CH2-Pc    ] 05
[T+927206180us][CH1-Dispenser] 06
[T+927207181us][CH2-Pc    ] 06
[T+927370317us][CH1-Dispenser] 01
[T+927370181us][CH2-Pc    ] 01
[T+927385204us][CH1-Dispenser] 61
[T+927448205us][CH2-Pc    ] 02
[T+927455180us][CH1-Dispenser] 02 62
[T+927527206us][CH2-Pc    ] 03
[T+927537180us][CH1-Dispenser] 03 93
[T+927554180us][CH2-Pc    ] 63
[T+927568180us][CH1-Dispenser] 63 E6 E3 E4 E7 E1 E0
[T+927635180us][CH2-Pc    ] 04
[T+927642359us][CH1-Dispenser] 04 64
[T+927713314us][CH1-Dispenser] 05
[T+927713181us][CH2-Pc    ] 05
[T+927888181us][CH1-Dispenser] 06
[T+927888316us][CH2-Pc    ] 06
[T+928063180us][CH2-Pc    ] 01
[T+928070181us][CH1-Dispenser] 01 61
[T+928141180us][CH2-Pc    ] 02
[T+928149791us][CH1-Dispenser] 02 62
[T+928219180us][CH2-Pc    ] 03
[T+928228218us][CH1-Dispenser] 03 93
[T+928246205us][CH2-Pc    ] 63
[T+928257181us][CH1-Dispenser] 63 E9 E9 E8 E7 E1 E0
[T+928325180us][CH2-Pc    ] 04
[T+928331218us][CH1-Dispenser] 04 64
[T+928404180us][CH1-Dispenser] 05
[T+928404315us][CH2-Pc    ] 05
[T+928578182us][CH1-Dispenser] 06
[T+928578316us][CH2-Pc    ] 06
[T+928753180us][CH2-Pc    ] 01
[T+928760185us][CH1-Dispenser] 01 61
[T+928831180us][CH2-Pc    ] 02
[T+928839758us][CH1-Dispenser] 02 62
[T+928910180us][CH2-Pc    ] 03
[T+928915179us][CH1-Dispenser] 03 93
[T+928937180us][CH2-Pc    ] 63
[T+928953180us][CH1-Dispenser] 63 E3 E5 E4 E8 E1 E0
[T+929027180us][CH2-Pc    ] 04
[T+929036218us][CH1-Dispenser] 04 64
[T+929105181us][CH1-Dispenser] 05
[T+929105314us][CH2-Pc    ] 05
[T+929280181us][CH1-Dispenser] 06
[T+929280315us][CH2-Pc    ] 06
[T+929481207us][CH2-Pc    ] 01
[T+929490189us][CH1-Dispenser] 01 61
[T+929559204us][CH2-Pc    ] 02
[T+929565827us][CH1-Dispenser] 02 62
[T+929637204us][CH2-Pc    ] 03
[T+929645180us][CH1-Dispenser] 03 93
[T+929664180us][CH2-Pc    ] 63
[T+929678180us][CH1-Dispenser] 63 E1 E6 E9 E8 E1 E0
[T+929743180us][CH2-Pc    ] 04
[T+929750181us][CH1-Dispenser] 04 64
[T+929821180us][CH1-Dispenser] 05
[T+929822179us][CH2-Pc    ] 05
[T+929996181us][CH1-Dispenser] 06
[T+929996315us][CH2-Pc    ] 06
[T+930171180us][CH2-Pc    ] 01
[T+930180297us][CH1-Dispenser] 01 61
[T+930249205us][CH2-Pc    ] 02
[T+930255824us][CH1-Dispenser] 02 62
[T+930327206us][CH2-Pc    ] 03
[T+930338180us][CH1-Dispenser] 03 93
[T+930355180us][CH2-Pc    ] 63
[T+930367204us][CH1-Dispenser] 63 E1 E8 E4 E9 E1 E0
[T+930433204us][CH2-Pc    ] 04
[T+930441819us][CH1-Dispenser] 04 64
[T+930511314us][CH1-Dispenser] 05
[T+930511181us][CH2-Pc    ] 05
[T+930686180us][CH1-Dispenser] 06
[T+930686317us][CH2-Pc    ] 06
[T+930860206us][CH2-Pc    ] 01
[T+930870180us][CH1-Dispenser] 01 61
[T+930939205us][CH2-Pc    ] 02
[T+930944821us][CH1-Dispenser] 02 62
[T+931017180us][CH2-Pc    ] 03
[T+931027180us][CH1-Dispenser] 03 93
[T+931044180us][CH2-Pc    ] 63
[T+931059204us][CH1-Dispenser] 63 E8 E7 E9 E9 E1 E0
[T+931133180us][CH2-Pc    ] 04
[T+931141187us][CH1-Dispenser] 04 64
[T+931211182us][CH1-Dispenser] 05
[T+931211319us][CH2-Pc    ] 05
[T+931386180us][CH1-Dispenser] 06
[T+931386315us][CH2-Pc    ] 06
[T+931561180us][CH2-Pc    ] 01
[T+931569180us][CH1-Dispenser] 01 61
[T+931639180us][CH2-Pc    ] 02
[T+931645884us][CH1-Dispenser] 02 62
[T+931717204us][CH2-Pc    ] 03
[T+931726218us][CH1-Dispenser] 03 93
[T+931744204us][CH2-Pc    ] 63
[T+931757180us][CH1-Dispenser] 63 E8 E9 E4 E0 E2 E0
[T+931823204us][CH2-Pc    ] 04
[T+931831728us][CH1-Dispenser] 04 64
[T+931902180us][CH1-Dispenser] 05
[T+931902314us][CH2-Pc    ] 05
[T+932076181us][CH1-Dispenser] 06
[T+932076315us][CH2-Pc    ] 06
[T+932251180us][CH2-Pc    ] 01
[T+932259180us][CH1-Dispenser] 01 61
[T+932329180us][CH2-Pc    ] 02
[T+932335500us][CH1-Dispenser] 02 62
[T+932408180us][CH2-Pc    ] 03
[T+932415180us][CH1-Dispenser] 03 93
[T+932435180us][CH2-Pc    ] 63
[T+932448180us][CH1-Dispenser] 63 E8 E1 E0 E1 E2 E0
[T+932514204us][CH2-Pc    ] 04
[T+932520218us][CH1-Dispenser] 04 64
[T+932592317us][CH1-Dispenser] 05
[T+932592180us][CH2-Pc    ] 05
[T+932767181us][CH1-Dispenser] 06
[T+932767318us][CH2-Pc    ] 06
[T+932931180us][CH2-Pc    ] 01
[T+932940204us][CH1-Dispenser] 01 61
[T+933009204us][CH2-Pc    ] 02
[T+933014179us][CH1-Dispenser] 02 62
[T+933087180us][CH2-Pc    ] 03
[T+933095825us][CH1-Dispenser] 03 93
[T+933114180us][CH2-Pc    ] 63
[T+933129204us][CH1-Dispenser] 63 E7 E2 E5 E1 E2 E0
[T+933204205us][CH2-Pc    ] 04
[T+933211180us][CH1-Dispenser] 04 64
[T+933282181us][CH1-Dispenser] 05
[T+933282315us][CH2-Pc    ] 05
[T+933446180us][CH1-Dispenser] 06
[T+933446317us][CH2-Pc    ] 06
[T+933621180us][CH2-Pc    ] 01
[T+933630212us][CH1-Dispenser] 01 61
[T+933699205us][CH2-Pc    ] 02
[T+933706180us][CH1-Dispenser] 02 62
[T+933777180us][CH2-Pc    ] 03
[T+933787180us][CH1-Dispenser] 03 93
[T+933805204us][CH2-Pc    ] 63
[T+933818181us][CH1-Dispenser] 63 E0 E9 E9 E1 E2 E0
[T+933883180us][CH2-Pc    ] 04
[T+933891187us][CH1-Dispenser] 04 64
[T+933961181us][CH1-Dispenser] 05
[T+933961314us][CH2-Pc    ] 05
[T+934136180us][CH1-Dispenser] 06
[T+934136315us][CH2-Pc    ] 06
[T+934325205us][CH2-Pc    ] 01
[T+934329179us][CH1-Dispenser] 01 61
[T+934393180us][CH2-Pc    ] 02
[T+934400180us][CH1-Dispenser] 02 62
[T+934472205us][CH2-Pc    ] 03
[T+934482180us][CH1-Dispenser] 03 93
[T+934500204us][CH2-Pc    ] 63
[T+934513641us][CH1-Dispenser] 63 E1 E2 E5 E2 E2 E0
[T+934581180us][CH2-Pc    ] 04
[T+934587446us][CH1-Dispenser] 04 64
[T+934659312us][CH1-Dispenser] 05
[T+934659180us][CH2-Pc    ] 05
[T+934823315us][CH1-Dispenser] 06
[T+934823181us][CH2-Pc    ] 06
[T+935000300us][CH2-Pc    ] 01
[T+935005179us][CH1-Dispenser] 01 61
[T+935076180us][CH2-Pc    ] 02
[T+935086373us][CH1-Dispenser] 02 62
[T+935154180us][CH2-Pc    ] 03
[T+935162187us][CH1-Dispenser] 03 93
[T+935182180us][CH2-Pc    ] 63
[T+935194205us][CH1-Dispenser] 63 E9 E2 E0 E3 E2 E0
[T+935260204us][CH2-Pc    ] 04
[T+935267180us][CH1-Dispenser] 04 64
[T+935338317us][CH1-Dispenser] 05
[T+935338180us][CH2-Pc    ] 05
[T+935513182us][CH1-Dispenser] 06
[T+935513317us][CH2-Pc    ] 06
[T+935688180us][CH2-Pc    ] 01
[T+935697205us][CH1-Dispenser] 01 61
[T+935766204us][CH2-Pc    ] 02
[T+935776859us][CH1-Dispenser] 02 62
[T+935844180us][CH2-Pc    ] 03
[T+935851821us][CH1-Dispenser] 03 93
[T+935871180us][CH2-Pc    ] 63
[T+935881180us][CH1-Dispenser] 63 E5 E1 E5 E3 E2 E0
[T+935949180us][CH2-Pc    ] 04
[T+935956180us][CH1-Dispenser] 04 64
[T+936028180us][CH1-Dispenser] 05
[T+936028316us][CH2-Pc    ] 05
[T+936203318us][CH1-Dispenser] 06
[T+936203181us][CH2-Pc    ] 06
[T+936378180us][CH2-Pc    ] 01
[T+936385179us][CH1-Dispenser] 01 61
[T+936456180us][CH2-Pc    ] 02
[T+936464194us][CH1-Dispenser] 02 62
[T+936534184us][CH2-Pc    ] 03
[T+936541180us][CH1-Dispenser] 03 93
[T+936562204us][CH2-Pc    ] 63
[T+936572180us][CH1-Dispenser] 63 E6 E4 E0 E4 E2 E0
[T+936640180us][CH2-Pc    ] 04
[T+936646320us][CH1-Dispenser] 04 64
[T+936720181us][CH1-Dispenser] 05
[T+936720314us][CH2-Pc    ] 05
[T+936884314us][CH1-Dispenser] 06
[T+936884180us][CH2-Pc    ] 06
[T+937059180us][CH2-Pc    ] 01
[T+937065867us][CH1-Dispenser] 01 61
[T+937137204us][CH2-Pc    ] 02
[T+937146204us][CH1-Dispenser] 02 62
[T+937215204us][CH2-Pc    ] 03
[T+937223186us][CH1-Dispenser] 03 93
[T+937242180us][CH2-Pc    ] 63
[T+937257207us][CH1-Dispenser] 63 E2 E3 E5 E4 E2 E0
[T+937335179us][CH1-Dispenser] 04 64
[T+937331180us][CH2-Pc    ] 04
[T+937399316us][CH1-Dispenser] 05
[T+937399180us][CH2-Pc    ] 05
[T+937575180us][CH1-Dispenser] 06
[T+937575316us][CH2-Pc    ] 06
[T+937750180us][CH2-Pc    ] 01
[T+937756219us][CH1-Dispenser] 01 61
[T+937828205us][CH2-Pc    ] 02
[T+937836246us][CH1-Dispenser] 02 62
[T+937906180us][CH2-Pc    ] 03
[T+937912203us][CH1-Dispenser] 03 93
[T+937934180us][CH2-Pc    ] 63
[T+937948180us][CH1-Dispenser] 63 E1 E4 E0 E5 E2 E0
[T+938013314us][CH1-Dispenser] 04
[T+938013180us][CH2-Pc    ] 04
[T+938024180us][CH1-Dispenser] 64
[T+938093180us][CH1-Dispenser] 05
[T+938093315us][CH2-Pc    ] 05
[T+938268180us][CH1-Dispenser] 06
[T+938268314us][CH2-Pc    ] 06
[T+938432180us][CH2-Pc    ] 01
[T+938439181us][CH1-Dispenser] 01 61
[T+938510180us][CH2-Pc    ] 02
[T+938515179us][CH1-Dispenser] 02 62
[T+938588180us][CH2-Pc    ] 03
[T+938597813us][CH1-Dispenser] 03 93
[T+938615204us][CH2-Pc    ] 63
[T+938628180us][CH1-Dispenser] 63 E1 E6 E5 E5 E2 E0
[T+938693180us][CH2-Pc    ] 04
[T+938702204us][CH1-Dispenser] 04 64
[T+938772315us][CH1-Dispenser] 05
[T+938772180us][CH2-Pc    ] 05
[T+938946181us][CH1-Dispenser] 06
[T+938946316us][CH2-Pc    ] 06
[T+939121180us][CH2-Pc    ] 01
[T+939131180us][CH1-Dispenser] 01 61
[T+939199180us][CH2-Pc    ] 02
[T+939207181us][CH1-Dispenser] 02 62
[T+939277180us][CH1-Dispenser] 03
[T+939278180us][CH2-Pc    ] 03
[T+939290205us][CH1-Dispenser] 93
[T+939305204us][CH2-Pc    ] 63
[T+939317186us][CH1-Dispenser] 63 E5 E3 E0 E6 E2 E0
[T+939384180us][CH2-Pc    ] 04
[T+939391791us][CH1-Dispenser] 04 64
[T+939463314us][CH1-Dispenser] 05
[T+939463180us][CH2-Pc    ] 05
[T+939638180us][CH1-Dispenser] 06
[T+939638314us][CH2-Pc    ] 06
[T+939813180us][CH2-Pc    ] 01
[T+939820183us][CH1-Dispenser] 01 61
[T+939891180us][CH2-Pc    ] 02
[T+939897203us][CH1-Dispenser] 02 62
[T+939969204us][CH2-Pc    ] 03
[T+939977187us][CH1-Dispenser] 03 93
[T+939996180us][CH2-Pc    ] 63
[T+940008205us][CH1-Dispenser] 63 E5 E5 E5 E6 E2 E0
[T+940075180us][CH2-Pc    ] 04
[T+940082180us][CH1-Dispenser] 04 64
[T+940153180us][CH1-Dispenser] 05
[T+940153313us][CH2-Pc    ] 05
[T+940327180us][CH1-Dispenser] 06
[T+940328179us][CH2-Pc    ] 06
[T+940502180us][CH2-Pc    ] 01
[T+940511205us][CH1-Dispenser] 01 61
[T+940580204us][CH2-Pc    ] 02
[T+940585833us][CH1-Dispenser] 02 62
[T+940658180us][CH2-Pc    ] 03
[T+940668180us][CH1-Dispenser] 03 93
[T+940686204us][CH2-Pc    ] 63
[T+940698435us][CH1-Dispenser] 63 E1 E4 E0 E7 E2 E0
[T+940764205us][CH2-Pc    ] 04
[T+940771820us][CH1-Dispenser] 04 64
[T+940842181us][CH1-Dispenser] 05
[T+940842315us][CH2-Pc    ] 05
[T+941017315us][CH1-Dispenser] 06
[T+941017181us][CH2-Pc    ] 06
[T+941181180us][CH2-Pc    ] 01
[T+941185179us][CH1-Dispenser] 01 61
[T+941259180us][CH2-Pc    ] 02
[T+941267180us][CH1-Dispenser] 02 62
[T+941337180us][CH2-Pc    ] 03
[T+941342780us][CH1-Dispenser] 03 93
[T+941364180us][CH2-Pc    ] 63
[T+941378180us][CH1-Dispenser] 63 E2 E7 E5 E7 E2 E0
[T+941442180us][CH2-Pc    ] 04
[T+941451208us][CH1-Dispenser] 04 64
[T+941521317us][CH1-Dispenser] 05
[T+941521180us][CH2-Pc    ] 05
[T+941706314us][CH1-Dispenser] 06
[T+941706180us][CH2-Pc    ] 06
[T+941870180us][CH2-Pc    ] 01
[T+941876204us][CH1-Dispenser] 01 61
[T+941948204us][CH2-Pc    ] 02
[T+941955180us][CH1-Dispenser] 02 62
[T+942027204us][CH2-Pc    ] 03
[T+942031785us][CH1-Dispenser] 03 93
[T+942054180us][CH2-Pc    ] 63
[T+942067180us][CH1-Dispenser] 63 E7 E4 E0 E8 E2 E0
[T+942133205us][CH2-Pc    ] 04
[T+942141187us][CH1-Dispenser] 04 64
[T+942211181us][CH1-Dispenser] 05
[T+942211315us][CH2-Pc    ] 05
[T+942386180us][CH1-Dispenser] 06
[T+942386315us][CH2-Pc    ] 06
[T+942580180us][CH2-Pc    ] 01
[T+942585179us][CH1-Dispenser] 01 61
[T+942658180us][CH2-Pc    ] 02
[T+942665180us][CH1-Dispenser] 02 62
[T+942736180us][CH2-Pc    ] 03
[T+942741187us][CH1-Dispenser] 03 93
[T+942764180us][CH2-Pc    ] 63
[T+942778180us][CH1-Dispenser] 63 E8 E7 E5 E8 E2 E0
[T+942842180us][CH2-Pc    ] 04
[T+942847179us][CH1-Dispenser] 04 64
[T+942920181us][CH1-Dispenser] 05
[T+942920314us][CH2-Pc    ] 05
[T+943095182us][CH1-Dispenser] 06
[T+943095317us][CH2-Pc    ] 06
[T+943268180us][CH2-Pc    ] 01
[T+943276187us][CH1-Dispenser] 01 61
[T+943347180us][CH2-Pc    ] 02
[T+943357180us][CH1-Dispenser] 02 62
[T+943425180us][CH2-Pc    ] 03
[T+943432180us][CH1-Dispenser] 03 93
[T+943452180us][CH2-Pc    ] 63
[T+943463180us][CH1-Dispenser] 63 E6 E8 E0 E9 E2 E0
[T+943544205us][CH2-Pc    ] 04
[T+943553238us][CH1-Dispenser] 04 64
[T+943622180us][CH1-Dispenser] 05
[T+943622315us][CH2-Pc    ] 05
[T+943791181us][CH1-Dispenser] 06
[T+943791316us][CH2-Pc    ] 06
[T+943966180us][CH2-Pc    ] 01
[T+943971179us][CH1-Dispenser] 01 61
[T+944044180us][CH2-Pc    ] 02
[T+944050204us][CH1-Dispenser] 02 62
[T+944122205us][CH2-Pc    ] 03
[T+944127179us][CH1-Dispenser] 03 93
[T+944139217us][CH2-Pc    ] 63
[T+944154204us][CH1-Dispenser] 63 E2 E7 E5 E9 E2 E0
[T+944227180us][CH2-Pc    ] 04
[T+944237180us][CH1-Dispenser] 04 64
[T+944306180us][CH1-Dispenser] 05
[T+944306314us][CH2-Pc    ] 05
[T+944481182us][CH1-Dispenser] 06
[T+944481317us][CH2-Pc    ] 06
[T+944656180us][CH2-Pc    ] 01
[T+944661187us][CH1-Dispenser] 01 61
[T+944734180us][CH2-Pc    ] 02
[T+944742827us][CH1-Dispenser] 02 62
[T+944813180us][CH2-Pc    ] 03
[T+944821217us][CH1-Dispenser] 03 93
[T+944840180us][CH2-Pc    ] 63
[T+944855204us][CH1-Dispenser] 63 E8 E0 E7 E9 E2 E0
[T+944929180us][CH2-Pc    ] 04
[T+944937180us][CH1-Dispenser] 04 64
[T+945022180us][CH1-Dispenser] 05
[T+945022314us][CH2-Pc    ] 05
[T+945197316us][CH1-Dispenser] 06
[T+945197181us][CH2-Pc    ] 06
[T+945393180us][CH2-Pc    ] 01
[T+945402218us][CH1-Dispenser] 01 61
[T+945471180us][CH2-Pc    ] 02
[T+945476179us][CH1-Dispenser] 02 62
[T+945549180us][CH2-Pc    ] 03
[T+945557180us][CH1-Dispenser] 03 93
[T+945576180us][CH2-Pc    ] 63
[T+945591204us][CH1-Dispenser] 63 E3 E5 E7 E9 E2 E0
[T+945656180us][CH2-Pc    ] 04
[T+945663179us][CH1-Dispenser] 04 64
[T+945735313us][CH1-Dispenser] 05
[T+945735181us][CH2-Pc    ] 05
[T+945899180us][CH1-Dispenser] 06
[T+945899318us][CH2-Pc    ] 06
[T+946074180us][CH2-Pc    ] 01
[T+946081180us][CH1-Dispenser] 01 61
[T+946152180us][CH2-Pc    ] 02
[T+946160180us][CH1-Dispenser] 02 62
[T+946231180us][CH2-Pc    ] 03
[T+946238179us][CH1-Dispenser] 03 93
[T+946259204us][CH2-Pc    ] 63
[T+946273380us][CH1-Dispenser] 63 E1 E2 E8 E9 E2 E0
[T+946338180us][CH2-Pc    ] 04
[T+946347205us][CH1-Dispenser] 04 64
[T+946416180us][CH1-Dispenser] 05
[T+946416314us][CH2-Pc    ] 05
[T+946591180us][CH1-Dispenser] 06
[T+946591311us][CH2-Pc    ] 06
[T+946766180us][CH2-Pc    ] 01
[T+946771834us][CH1-Dispenser] 01 61
[T+946844180us][CH2-Pc    ] 02
[T+946850336us][CH1-Dispenser] 02 62
[T+946922204us][CH2-Pc    ] 03
[T+946927179us][CH1-Dispenser] 03 93
[T+946949180us][CH2-Pc    ] 63
[T+946965180us][CH1-Dispenser] 63 E6 E6 E8 E9 E2 E0
[T+947038180us][CH2-Pc    ] 04
[T+947047205us][CH1-Dispenser] 04 64
[T+947116181us][CH1-Dispenser] 05
[T+947116315us][CH2-Pc    ] 05
[T+947291181us][CH1-Dispenser] 06
[T+947291317us][CH2-Pc    ] 06
[T+947466204us][CH2-Pc    ] 01
[T+947470828us][CH1-Dispenser] 01 61
[T+947544180us][CH2-Pc    ] 02
[T+947550203us][CH1-Dispenser] 02 62
[T+947622204us][CH2-Pc    ] 03
[T+947629831us][CH1-Dispenser] 03 93
[T+947649340us][CH2-Pc    ] 63
[T+947663180us][CH1-Dispenser] 63 E2 E2 E9 E9 E2 E0
[T+947728180us][CH2-Pc    ] 04
[T+947737209us][CH1-Dispenser] 04 64
[T+947807181us][CH1-Dispenser] 05
[T+947807314us][CH2-Pc    ] 05
[T+947981181us][CH1-Dispenser] 06
[T+947981317us][CH2-Pc    ] 06
[T+948160179us][CH1-Dispenser] 01 61
[T+948156180us][CH2-Pc    ] 01
[T+948234180us][CH2-Pc    ] 02
[T+948241179us][CH1-Dispenser] 02 62
[T+948312181us][CH2-Pc    ] 03
[T+948318204us][CH1-Dispenser] 03 93
[T+948359180us][CH2-Pc    ] 63
[T+948374215us][CH1-Dispenser] 63 E8 E6 E9 E9 E2 E0
[T+948447180us][CH2-Pc    ] 04
[T+948451179us][CH1-Dispenser] 04 64
[T+948515314us][CH1-Dispenser] 05
[T+948515181us][CH2-Pc    ] 05
[T+948689314us][CH1-Dispenser] 06
[T+948689181us][CH2-Pc    ] 06
[T+948853180us][CH2-Pc    ] 01
[T+948862214us][CH1-Dispenser] 01 61
[T+948932180us][CH2-Pc    ] 02
[T+948941189us][CH1-Dispenser] 02 62
[T+949010205us][CH2-Pc    ] 03
[T+949017179us][CH1-Dispenser] 03 93
[T+949037180us][CH2-Pc    ] 63
[T+949048182us][CH1-Dispenser] 63 E0 E0 E0 E0 E3 E0
[T+949115180us][CH2-Pc    ] 04
[T+949122807us][CH1-Dispenser] 04 64
[T+949193313us][CH1-Dispenser] 05
[T+949193181us][CH2-Pc    ] 05
[T+949368180us][CH1-Dispenser] 06
[T+949368318us][CH2-Pc    ] 06
[T+949543180us][CH2-Pc    ] 01
[T+949552180us][CH1-Dispenser] 01 61
[T+949621204us][CH2-Pc    ] 02
[T+949625812us][CH1-Dispenser] 02 62
[T+949699180us][CH2-Pc    ] 03
[T+949708218us][CH1-Dispenser] 03 93
[T+949727180us][CH2-Pc    ] 63
[T+949741180us][CH1-Dispenser] 63 E0 E0 E0 E0 E3 E0
[T+949805180us][CH2-Pc    ] 04
[T+949813180us][CH1-Dispenser] 04 64
[T+949890315us][CH1-Dispenser] 05
[T+949890180us][CH2-Pc    ] 05
[T+950064181us][CH1-Dispenser] 06
[T+950064316us][CH2-Pc    ] 06
[T+950228180us][CH2-Pc    ] 01
[T+950236187us][CH1-Dispenser] 01 61
[T+950310179us][CH1-Dispenser] 02 62
[T+950306180us][CH2-Pc    ] 02
[T+950374180us][CH2-Pc    ] 03
[T+950382195us][CH1-Dispenser] 03 93
[T+950401180us][CH2-Pc    ] 63
[T+950414046us][CH1-Dispenser] 63 E0 E0 E0 E0 E3 E0
[T+950479180us][CH2-Pc    ] 04
[T+950488184us][CH1-Dispenser] 04 64
[T+950557314us][CH1-Dispenser] 05
[T+950557180us][CH2-Pc    ] 05
[T+950732180us][CH1-Dispenser] 06
[T+950732313us][CH2-Pc    ] 06
[T+950907180us][CH2-Pc    ] 01
[T+950916180us][CH1-Dispenser] 01 61
[T+950985204us][CH2-Pc    ] 02
[T+950991218us][CH1-Dispenser] 02 62
[T+951063204us][CH2-Pc    ] 03
[T+951073183us][CH1-Dispenser] 03 93
[T+951091204us][CH2-Pc    ] 63
[T+951102183us][CH1-Dispenser] 63 E0 E0 E0 E0 E3 E0
[T+951169180us][CH2-Pc    ] 04
[T+951178218us][CH1-Dispenser] 04 64
[T+951247181us][CH1-Dispenser] 05
[T+951247314us][CH2-Pc    ] 05
[T+951422181us][CH1-Dispenser] 06
[T+951422318us][CH2-Pc    ] 06
[T+951596204us][CH2-Pc    ] 01
[T+951600179us][CH1-Dispenser] 01 61
[T+951664180us][CH2-Pc    ] 02
[T+951670204us][CH1-Dispenser] 02 62
[T+951743180us][CH2-Pc    ] 03
[T+951748823us][CH1-Dispenser] 03 93
[T+951770180us][CH2-Pc    ] 63
[T+951784180us][CH1-Dispenser] 63 E0 E0 E0 E0 E3 E0
[T+951847204us][CH2-Pc    ] 04
[T+951853218us][CH1-Dispenser] 04 64
[T+951926180us][CH1-Dispenser] 05
[T+951926313us][CH2-Pc    ] 05
[T+952111181us][CH1-Dispenser] 06
[T+952111316us][CH2-Pc    ] 06
[T+952276205us][CH2-Pc    ] 01
[T+952281187us][CH1-Dispenser] 01 61
[T+952354180us][CH2-Pc    ] 02
[T+952361179us][CH1-Dispenser] 02 62
[T+952432180us][CH2-Pc    ] 03
[T+952437179us][CH1-Dispenser] 03 93
[T+952449204us][CH2-Pc    ] 63
[T+952464208us][CH1-Dispenser] 63 E0 E0 E0 E0 E3 E0
[T+952539205us][CH2-Pc    ] 04
[T+952547180us][CH1-Dispenser] 04 64
[T+952617316us][CH1-Dispenser] 05
[T+952617180us][CH2-Pc    ] 05
[T+952792181us][CH1-Dispenser] 06
[T+952792315us][CH2-Pc    ] 06
[T+952967180us][CH2-Pc    ] 01
[T+952971179us][CH1-Dispenser] 01 61
[T+953045180us][CH2-Pc    ] 02
[T+953052180us][CH1-Dispenser] 02 62
[T+953123185us][CH2-Pc    ] 03
[T+953129218us][CH1-Dispenser] 03 93
[T+953155180us][CH2-Pc    ] 63
[T+953169180us][CH1-Dispenser] 63 E0 E0 E0 E0 E3 E0
[T+953233314us][CH1-Dispenser] 04
[T+953233180us][CH2-Pc    ] 04
[T+953245205us][CH1-Dispenser] 64
[T+953311180us][CH1-Dispenser] 05
[T+953311312us][CH2-Pc    ] 05
[T+953487450us][CH1-Dispenser] 06
[T+953487737us][CH2-Pc    ] 06
[T+953650181us][CH2-Pc    ] 01
[T+953658765us][CH1-Dispenser] 01 61
[T+953728180us][CH2-Pc    ] 02
[T+953736186us][CH1-Dispenser] 02 62
[T+953807180us][CH2-Pc    ] 03
[T+953814179us][CH1-Dispenser] 03 93
[T+953834184us][CH2-Pc    ] 63
[T+953851180us][CH1-Dispenser] 63 E0 E0 E0 E0 E3 E0
[T+953923204us][CH2-Pc    ] 04
[T+953928179us][CH1-Dispenser] 04 64
[T+954001312us][CH1-Dispenser] 05
[T+954001180us][CH2-Pc    ] 05
[T+954165180us][CH1-Dispenser] 06
[T+954165314us][CH2-Pc    ] 06
[T+954340180us][CH2-Pc    ] 01
[T+954346858us][CH1-Dispenser] 01 61
[T+954418204us][CH2-Pc    ] 02
[T+954426180us][CH1-Dispenser] 02 62
[T+954496180us][CH2-Pc    ] 03
[T+954503179us][CH1-Dispenser] 03 A3
[T+955074180us][CH2-Pc    ] 04
[T+955082819us][CH1-Dispenser] 04 64
[T+955152180us][CH1-Dispenser] 05
[T+955152313us][CH2-Pc    ] 05
[T+955321180us][CH1-Dispenser] 06
[T+955321317us][CH2-Pc    ] 06
[T+955496180us][CH2-Pc    ] 01
[T+955501179us][CH1-Dispenser] 01 61
[T+955574180us][CH2-Pc    ] 02
[T+955581180us][CH1-Dispenser] 02 62
[T+955652180us][CH2-Pc    ] 03
[T+955657810us][CH1-Dispenser] 03 63
[T+956230205us][CH2-Pc    ] 04
[T+956237180us][CH1-Dispenser] 04 64
[T+956309314us][CH1-Dispenser] 05
[T+956309181us][CH2-Pc    ] 05
[T+956483181us][CH1-Dispenser] 06
[T+956483316us][CH2-Pc    ] 06
[T+956658180us][CH2-Pc    ] 01
[T+956667957us][CH1-Dispenser] 01 61
[T+956736205us][CH2-Pc    ] 02
[T+956741179us][CH1-Dispenser] 02 62
[T+956814180us][CH2-Pc    ] 03
[T+956822181us][CH1-Dispenser] 03 63
[T+956841315us][CH1-Dispenser] 43
[T+956841180us][CH2-Pc    ] 43
[T+956891180us][CH1-Dispenser] FF F1 F8 EB E2 E0 E0 E0 F6 E0 F4 F7 E0 E3 E1 E1 F9 E0 E5 E5 E6 E2 E0 FA E0 E0 E0 E0 E3 E0 FB E2 F0
[T+956914181us][CH1-Dispenser] 53
[T+956914317us][CH2-Pc    ] 53
[T+957054180us][CH1-Dispenser] FF F6 E0 F9 E3 E3 E5 E2 E0 E1 E1 E4 FA E1 E6 E5 E8 E3 E0 E9 E7 F4 E0 E3 E1 E1 F5 E0 E0 E0 E0 F6 E1 F9 E2 E8 E8 E0 E3 E5 E0 E4 FA E9 E5 E8 E5 E7 E0 E3 E4 F4 E0 E0 E1 E1 F5 E0 E0 E0 E0 F6 E2 F9 E7 E0 E8 E0 E8 E9 E5 E5 FA E6 E5 E5 E0 E2 E0 E7 E0 F4 E0 E3 E4 E1 F5 E0 E0 E0 E0 FB EA F0
[T+957124180us][CH2-Pc    ] 04
[T+957133212us][CH1-Dispenser] 04 64
[T+957202180us][CH1-Dispenser] 05
[T+957202312us][CH2-Pc    ] 05
[T+957377320us][CH1-Dispenser] 06
[T+957377181us][CH2-Pc    ] 06
[T+957541180us][CH2-Pc    ] 01
[T+957546829us][CH1-Dispenser] 01 61
[T+957619204us][CH2-Pc    ] 02
[T+957626629us][CH1-Dispenser] 02 62
[T+957742180us][CH2-Pc    ] 03
[T+957749181us][CH1-Dispenser] 03 63
[T+957769314us][CH1-Dispenser] 43
[T+957769180us][CH2-Pc    ] 43
[T+957824180us][CH1-Dispenser] FF F1 F8 EB E2 E0 E0 E0 F6 E0 F4 F7 E0 E3 E1 E1 F9 E0 E5 E5 E6 E2 E0 FA E0 E0 E0 E0 E3 E0 FB E2 F0
[T+957841180us][CH1-Dispenser] 53
[T+957841311us][CH2-Pc    ] 53
[T+957977180us][CH1-Dispenser] FF F6 E0 F9 E3 E3 E5 E2 E0 E1 E1 E4 FA E1 E6 E5 E8 E3 E0 E9 E7 F4 E0 E3 E1 E1 F5 E0 E0 E0 E0 F6 E1 F9 E2 E8 E8 E0 E3 E5 E0 E4 FA E9 E5 E8 E5 E7 E0 E3 E4 F4 E0 E0 E1 E1 F5 E0 E0 E0 E0 F6 E2 F9 E7 E0 E8 E0 E8 E9 E5 E5 FA E6 E5 E5 E0 E2 E0 E7 E0 F4 E0 E3 E4 E1 F5 E0 E0 E0 E0 FB EA F0
[T+958067204us][CH2-Pc    ] 04
[T+958072179us][CH1-Dispenser] 04 64
[T+958145181us][CH1-Dispenser] 05
[T+958145314us][CH2-Pc    ] 05
[T+958331181us][CH1-Dispenser] 06
[T+958331315us][CH2-Pc    ] 06
[T+958495180us][CH2-Pc    ] 01
[T+958501203us][CH1-Dispenser] 01 61
[T+958573204us][CH2-Pc    ] 02
[T+958581187us][CH1-Dispenser] 02 62
[T+958651180us][CH2-Pc    ] 03
[T+958658180us][CH1-Dispenser] 03 63
[T+958729180us][CH2-Pc    ] 04
[T+958737180us][CH1-Dispenser] 04 64
[T+958807180us][CH1-Dispenser] 05
[T+958807313us][CH2-Pc    ] 05
[T+958982320us][CH1-Dispenser] 06
[T+958982181us][CH2-Pc    ] 06
[T+959159204us][CH2-Pc    ] 01
[T+959166179us][CH1-Dispenser] 01 61
[T+959244204us][CH2-Pc    ] 02
[T+959251179us][CH1-Dispenser] 02 62
[T+959322180us][CH2-Pc    ] 03
[T+959328204us][CH1-Dispenser] 03 63
[T+959401180us][CH2-Pc    ] 04
[T+959407218us][CH1-Dispenser] 04 64
[T+959472185us][CH1-Dispenser] 05
[T+959472319us][CH2-Pc    ] 05
[T+959658314us][CH1-Dispenser] 06
[T+959658180us][CH2-Pc    ] 06
[T+959822180us][CH2-Pc    ] 01
[T+959826179us][CH1-Dispenser] 01 61
[T+959889204us][CH2-Pc    ] 02
[T+959896180us][CH1-Dispenser] 02 62
[T+959967180us][CH2-Pc    ] 03
[T+959973218us][CH1-Dispenser] 03 63
[T+960067180us][CH2-Pc    ] 04
[T+960072179us][CH1-Dispenser] 04 64
[T+960145313us][CH1-Dispenser] 05
[T+960145181us][CH2-Pc    ] 05
[T+960325180us][CH1-Dispenser] 06
[T+960325316us][CH2-Pc    ] 06
[T+960512180us][CH2-Pc    ] 01
[T+960519179us][CH1-Dispenser] 01 61
[T+960591205us][CH2-Pc    ] 02
[T+960599283us][CH1-Dispenser] 02 62
[T+960676180us][CH2-Pc    ] 03
[T+960683179us][CH1-Dispenser] 03 63
[T+960754180us][CH2-Pc    ] 04
[T+960762191us][CH1-Dispenser] 04 64
[T+960833180us][CH1-Dispenser] 05
[T+960833313us][CH2-Pc    ] 05
[T+961008180us][CH1-Dispenser] 06
[T+961008318us][CH2-Pc    ] 06
[T+961190180us][CH2-Pc    ] 01
[T+961197796us][CH1-Dispenser] 01 61
[T+961269204us][CH2-Pc    ] 02
[T+961276752us][CH1-Dispenser] 02 62
[T+961347180us][CH2-Pc    ] 03
[T+961354181us][CH1-Dispenser] 03 63
[T+961425180us][CH2-Pc    ] 04
[T+961433785us][CH1-Dispenser] 04 64
[T+961525180us][CH1-Dispenser] 05
[T+961525313us][CH2-Pc    ] 05
[T+961697181us][CH1-Dispenser] 06
[T+961697315us][CH2-Pc    ] 06
[T+961872180us][CH2-Pc    ] 01
[T+961878203us][CH1-Dispenser] 01 61
[T+961950204us][CH2-Pc    ] 02
[T+961959460us][CH1-Dispenser] 02 62
[T+962028205us][CH2-Pc    ] 03
[T+962033182us][CH1-Dispenser] 03 63
[T+962106180us][CH2-Pc    ] 04
[T+962114185us][CH1-Dispenser] 04 64
[T+962195181us][CH1-Dispenser] 05
[T+962195315us][CH2-Pc    ] 05
[T+962370316us][CH1-Dispenser] 06
[T+962370181us][CH2-Pc    ] 06
[T+962544205us][CH2-Pc    ] 01
[T+962552793us][CH1-Dispenser] 01 61
[T+962623180us][CH2-Pc    ] 02
[T+962631180us][CH1-Dispenser] 02 62
[T+962701180us][CH2-Pc    ] 03
[T+962709180us][CH1-Dispenser] 03 63
[T+962779180us][CH2-Pc    ] 04
[T+962788205us][CH1-Dispenser] 04 64
[T+962857316us][CH1-Dispenser] 05
[T+962857181us][CH2-Pc    ] 05
[T+963032313us][CH1-Dispenser] 06
[T+963032181us][CH2-Pc    ] 06
[T+963196180us][CH2-Pc    ] 01
[T+963202219us][CH1-Dispenser] 01 61
[T+963274204us][CH2-Pc    ] 02
[T+963282181us][CH1-Dispenser] 02 62
[T+963352180us][CH2-Pc    ] 03
[T+963359179us][CH1-Dispenser] 03 63
[T+963430180us][CH2-Pc    ] 04
[T+963438187us][CH1-Dispenser] 04 64
[T+963508315us][CH1-Dispenser] 05
[T+963508181us][CH2-Pc    ] 05
[T+963683317us][CH1-Dispenser] 06
[T+963683180us][CH2-Pc    ] 06
[T+963858180us][CH2-Pc    ] 01
[T+963867205us][CH1-Dispenser] 01 61
[T+963936204us][CH2-Pc    ] 02
[T+963941746us][CH1-Dispenser] 02 62
[T+964014180us][CH2-Pc    ] 03
[T+964022180us][CH1-Dispenser] 03 63
[T+964092180us][CH2-Pc    ] 04
[T+964097179us][CH1-Dispenser] 04 64
[T+964170311us][CH1-Dispenser] 05
[T+964170180us][CH2-Pc    ] 05
[T+964345181us][CH1-Dispenser] 06
[T+964345315us][CH2-Pc    ] 06
[T+964509180us][CH2-Pc    ] 01
[T+964516181us][CH1-Dispenser] 01 61
[T+964588205us][CH2-Pc    ] 02
[T+964599181us][CH1-Dispenser] 02 62
[T+964666180us][CH2-Pc    ] 03
[T+964672799us][CH1-Dispenser] 03 63
[T+964744205us][CH2-Pc    ] 04
[T+964753208us][CH1-Dispenser] 04 64
[T+964822180us][CH1-Dispenser] 05
[T+964822314us][CH2-Pc    ] 05
[T+964993182us][CH1-Dispenser] 06
[T+964993317us][CH2-Pc    ] 06
[T+965177180us][CH2-Pc    ] 01
[T+965183219us][CH1-Dispenser] 01 61
[T+965255204us][CH2-Pc    ] 02
[T+965262180us][CH1-Dispenser] 02 62
[T+965337307us][CH1-Dispenser] 03 63
[T+965334180us][CH2-Pc    ] 03
[T+965401180us][CH2-Pc    ] 04
[T+965407204us][CH1-Dispenser] 04 64
[T+965479181us][CH1-Dispenser] 05
[T+965479313us][CH2-Pc    ] 05
[T+965654180us][CH1-Dispenser] 06
[T+965654315us][CH2-Pc    ] 06
[T+965829180us][CH2-Pc    ] 01
[T+965837287us][CH1-Dispenser] 01 61
[T+965907180us][CH2-Pc    ] 02
[T+965912760us][CH1-Dispenser] 02 62
[T+965985180us][CH2-Pc    ] 03
[T+965995180us][CH1-Dispenser] 03 63
[T+966063180us][CH2-Pc    ] 04
[T+966069203us][CH1-Dispenser] 04 64
[T+966141180us][CH1-Dispenser] 05
[T+966141318us][CH2-Pc    ] 05
[T+966305314us][CH1-Dispenser] 06
[T+966305180us][CH2-Pc    ] 06
[T+966480180us][CH2-Pc    ] 01
[T+966487790us][CH1-Dispenser] 01 61
[T+966558180us][CH2-Pc    ] 02
[T+966569180us][CH1-Dispenser] 02 62
[T+966646180us][CH2-Pc    ] 03
[T+966653180us][CH1-Dispenser] 03 63
[T+966724180us][CH2-Pc    ] 04
[T+966734180us][CH1-Dispenser] 04 64
[T+966804181us][CH1-Dispenser] 05
[T+966804313us][CH2-Pc    ] 05
[T+966978315us][CH1-Dispenser] 06
[T+966978180us][CH2-Pc    ] 06
[T+967153181us][CH2-Pc    ] 01
[T+967163180us][CH1-Dispenser] 01 61
[T+967231180us][CH2-Pc    ] 02
[T+967237785us][CH1-Dispenser] 02 62
[T+967309204us][CH2-Pc    ] 03
[T+967318205us][CH1-Dispenser] 03 63
[T+967387204us][CH2-Pc    ] 04
[T+967393218us][CH1-Dispenser] 04 64
[T+967465182us][CH1-Dispenser] 05
[T+967465317us][CH2-Pc    ] 05
[T+967640181us][CH1-Dispenser] 06
[T+967640315us][CH2-Pc    ] 06
[T+967815180us][CH2-Pc    ] 01
[T+967824218us][CH1-Dispenser] 01 61
[T+967893204us][CH2-Pc    ] 02
[T+967903181us][CH1-Dispenser] 02 62
[T+967971181us][CH2-Pc    ] 03
[T+967979180us][CH1-Dispenser] 03 63
[T+968049180us][CH2-Pc    ] 04
[T+968060180us][CH1-Dispenser] 04 64
[T+968127180us][CH1-Dispenser] 05
[T+968127312us][CH2-Pc    ] 05