[T+3781210180us][CH2-Pc    ] 01
[T+3781219208us][CH1-Dispenser] 01 61
[T+3781289180us][CH2-Pc    ] 02
[T+3781298218us][CH1-Dispenser] 02 62
[T+3781367206us][CH2-Pc    ] 03
[T+3781373204us][CH1-Dispenser] 03 63
[T+3781445204us][CH2-Pc    ] 04
[T+3781453269us][CH1-Dispenser] 04 64
[T+3781523180us][CH1-Dispenser] 05
[T+3781523314us][CH2-Pc    ] 05
[T+3781708180us][CH1-Dispenser] 06
[T+3781709180us][CH2-Pc    ] 06
[T+3781872187us][CH2-Pc    ] 01
[T+3781876179us][CH1-Dispenser] 01 61
[T+3781940180us][CH2-Pc    ] 02
[T+3781947797us][CH1-Dispenser] 02 62
[T+3782018180us][CH2-Pc    ] 03
[T+3782022179us][CH1-Dispenser] 03 63
[T+3782085204us][CH2-Pc    ] 04
[T+3782092180us][CH1-Dispenser] 04 64
[T+3782164180us][CH1-Dispenser] 05
[T+3782164314us][CH2-Pc    ] 05
[T+3782349316us][CH1-Dispenser] 06
[T+3782349181us][CH2-Pc    ] 06
[T+3782513314us][CH1-Dispenser] 01
[T+3782513181us][CH2-Pc    ] 01
[T+3782525205us][CH1-Dispenser] 61
[T+3782592180us][CH2-Pc    ] 02
[T+3782597187us][CH1-Dispenser] 02 62
[T+3782677180us][CH2-Pc    ] 03
[T+3782683851us][CH1-Dispenser] 03 63
[T+3782755205us][CH2-Pc    ] 04
[T+3782763180us][CH1-Dispenser] 04 64
[T+3782834181us][CH1-Dispenser] 05
[T+3782834315us][CH2-Pc    ] 05
[T+3782997314us][CH1-Dispenser] 06
[T+3782997180us][CH2-Pc    ] 06
[T+3783172180us][CH2-Pc    ] 01
[T+3783179180us][CH1-Dispenser] 01 61
[T+3783250180us][CH2-Pc    ] 02
[T+3783259216us][CH1-Dispenser] 02 62
[T+3783329180us][CH2-Pc    ] 03
[T+3783337188us][CH1-Dispenser] 03 63
[T+3783407180us][CH2-Pc    ] 04
[T+3783413826us][CH1-Dispenser] 04 64
[T+3783485180us][CH1-Dispenser] 05
[T+3783485314us][CH2-Pc    ] 05
[T+3783660317us][CH1-Dispenser] 06
[T+3783660181us][CH2-Pc    ] 06
[T+3783834205us][CH2-Pc    ] 01
[T+3783842180us][CH1-Dispenser] 01 61
[T+3783912180us][CH2-Pc    ] 02
[T+3783918218us][CH1-Dispenser] 02 62
[T+3783991180us][CH2-Pc    ] 03
[T+3783997204us][CH1-Dispenser] 03 63
[T+3784069204us][CH2-Pc    ] 04
[T+3784078181us][CH1-Dispenser] 04 64
[T+3784147314us][CH1-Dispenser] 05
[T+3784147180us][CH2-Pc    ] 05
[T+3784316315us][CH1-Dispenser] 06
[T+3784316180us][CH2-Pc    ] 06
[T+3784491180us][CH2-Pc    ] 01
[T+3784500204us][CH1-Dispenser] 01 61
[T+3784570180us][CH2-Pc    ] 02
[T+3784577179us][CH1-Dispenser] 02 62
[T+3784648180us][CH2-Pc    ] 03
[T+3784653179us][CH1-Dispenser] 03 63
[T+3784726180us][CH2-Pc    ] 04
[T+3784732824us][CH1-Dispenser] 04 64
[T+3784804317us][CH1-Dispenser] 05
[T+3784804180us][CH2-Pc    ] 05
[T+3784990181us][CH1-Dispenser] 06
[T+3784990317us][CH2-Pc    ] 06
[T+3785154180us][CH2-Pc    ] 01
[T+3785163204us][CH1-Dispenser] 01 61
[T+3785232205us][CH2-Pc    ] 02
[T+3785237188us][CH1-Dispenser] 02 62
[T+3785310180us][CH2-Pc    ] 03
[T+3785318826us][CH1-Dispenser] 03 63
[T+3785388180us][CH2-Pc    ] 04
[T+3785393179us][CH1-Dispenser] 04 64
[T+3785466181us][CH1-Dispenser] 05
[T+3785466317us][CH2-Pc    ] 05
[T+3785641180us][CH1-Dispenser] 06
[T+3785641316us][CH2-Pc    ] 06
[T+3785816180us][CH2-Pc    ] 01
[T+3785823180us][CH1-Dispenser] 01 61
[T+3785894180us][CH2-Pc    ] 02
[T+3785904180us][CH1-Dispenser] 02 62
[T+3785972180us][CH2-Pc    ] 03
[T+3785977837us][CH1-Dispenser] 03 63
[T+3786050180us][CH2-Pc    ] 04
[T+3786058180us][CH1-Dispenser] 04 64
[T+3786128180us][CH1-Dispenser] 05
[T+3786128316us][CH2-Pc    ] 05
[T+3786361320us][CH1-Dispenser] 06
[T+3786361182us][CH2-Pc    ] 06
[T+3786537180us][CH2-Pc    ] 01
[T+3786543203us][CH1-Dispenser] 01 61
[T+3786615205us][CH2-Pc    ] 02
[T+3786623188us][CH1-Dispenser] 02 62
[T+3786693180us][CH2-Pc    ] 03
[T+3786698179us][CH1-Dispenser] 03 63
[T+3786771180us][CH2-Pc    ] 04
[T+3786777219us][CH1-Dispenser] 04 64
[T+3786849314us][CH1-Dispenser] 05
[T+3786849180us][CH2-Pc    ] 05
[T+3787013180us][CH1-Dispenser] 06
[T+3787013316us][CH2-Pc    ] 06
[T+3787188180us][CH2-Pc    ] 01
[T+3787194218us][CH1-Dispenser] 01 61
[T+3787266204us][CH2-Pc    ] 02
[T+3787273180us][CH1-Dispenser] 02 62
[T+3787345205us][CH2-Pc    ] 03
[T+3787352179us][CH1-Dispenser] 03 63
[T+3787423180us][CH2-Pc    ] 04
[T+3787428795us][CH1-Dispenser] 04 64
[T+3787501180us][CH1-Dispenser] 05
[T+3787501316us][CH2-Pc    ] 05
[T+3787680180us][CH1-Dispenser] 06
[T+3787680316us][CH2-Pc    ] 06
[T+3787866180us][CH2-Pc    ] 01
[T+3787873179us][CH1-Dispenser] 01 61
[T+3787944180us][CH2-Pc    ] 02
[T+3787952188us][CH1-Dispenser] 02 62
[T+3788022180us][CH2-Pc    ] 03
[T+3788028816us][CH1-Dispenser] 03 63
[T+3788100205us][CH2-Pc    ] 04
[T+3788107342us][CH1-Dispenser] 04 64
[T+3788178180us][CH1-Dispenser] 05
[T+3788178314us][CH2-Pc    ] 05
[T+3788342318us][CH1-Dispenser] 06
[T+3788342181us][CH2-Pc    ] 06
[T+3788517180us][CH2-Pc    ] 01
[T+3788522188us][CH1-Dispenser] 01 61
[T+3788595180us][CH2-Pc    ] 02
[T+3788605180us][CH1-Dispenser] 02 62
[T+3788674204us][CH2-Pc    ] 03
[T+3788684180us][CH1-Dispenser] 03 63
[T+3788752180us][CH2-Pc    ] 04
[T+3788757794us][CH1-Dispenser] 04 64
[T+3788831181us][CH1-Dispenser] 05
[T+3788831319us][CH2-Pc    ] 05
[T+3789005318us][CH1-Dispenser] 06
[T+3789005182us][CH2-Pc    ] 06
[T+3789169180us][CH2-Pc    ] 01
[T+3789178206us][CH1-Dispenser] 01 61
[T+3789247205us][CH2-Pc    ] 02
[T+3789253203us][CH1-Dispenser] 02 62
[T+3789326180us][CH2-Pc    ] 03
[T+3789332868us][CH1-Dispenser] 03 63
[T+3789404205us][CH2-Pc    ] 04
[T+3789413205us][CH1-Dispenser] 04 64
[T+3789482180us][CH1-Dispenser] 05
[T+3789482314us][CH2-Pc    ] 05
[T+3789657181us][CH1-Dispenser] 06
[T+3789657316us][CH2-Pc    ] 06
[T+3789840204us][CH2-Pc    ] 01
[T+3789848181us][CH1-Dispenser] 01 61
[T+3789918180us][CH2-Pc    ] 02
[T+3789922179us][CH1-Dispenser] 02 62
[T+3789986180us][CH2-Pc    ] 03
[T+3789994180us][CH1-Dispenser] 03 63
[T+3790064180us][CH2-Pc    ] 04
[T+3790073219us][CH1-Dispenser] 04 64
[T+3790142180us][CH1-Dispenser] 05
[T+3790142314us][CH2-Pc    ] 05
[T+3790317316us][CH1-Dispenser] 06
[T+3790317180us][CH2-Pc    ] 06
[T+3790481180us][CH2-Pc    ] 01
[T+3790488832us][CH1-Dispenser] 01 61
[T+3790559319us][CH1-Dispenser] 02
[T+3790559181us][CH2-Pc    ] 02
[T+3790572180us][CH1-Dispenser] 62
[T+3790637180us][CH2-Pc    ] 03
[T+3790644180us][CH1-Dispenser] 03 63
[T+3790715180us][CH2-Pc    ] 04
[T+3790723180us][CH1-Dispenser] 04 64
[T+3790794180us][CH1-Dispenser] 05
[T+3790794316us][CH2-Pc    ] 05
[T+3790968181us][CH1-Dispenser] 06
[T+3790968314us][CH2-Pc    ] 06
[T+3791143180us][CH2-Pc    ] 01
[T+3791149203us][CH1-Dispenser] 01 61
[T+3791221205us][CH2-Pc    ] 02
[T+3791228786us][CH1-Dispenser] 02 62
[T+3791299180us][CH2-Pc    ] 03
[T+3791307181us][CH1-Dispenser] 03 63
[T+3791377180us][CH2-Pc    ] 04
[T+3791383218us][CH1-Dispenser] 04 64
[T+3791455180us][CH1-Dispenser] 05
[T+3791455316us][CH2-Pc    ] 05
[T+3791630181us][CH1-Dispenser] 06
[T+3791630315us][CH2-Pc    ] 06
[T+3791794180us][CH2-Pc    ] 01
[T+3791803205us][CH1-Dispenser] 01 61
[T+3791872204us][CH2-Pc    ] 02
[T+3791879179us][CH1-Dispenser] 02 62
[T+3791950180us][CH2-Pc    ] 03
[T+3791958187us][CH1-Dispenser] 03 63
[T+3792029304us][CH2-Pc    ] 04
[T+3792033179us][CH1-Dispenser] 04 64
[T+3792107181us][CH1-Dispenser] 05
[T+3792107314us][CH2-Pc    ] 05
[T+3792281180us][CH1-Dispenser] 06
[T+3792282179us][CH2-Pc    ] 06
[T+3792457180us][CH2-Pc    ] 01
[T+3792462188us][CH1-Dispenser] 01 61
[T+3792534205us][CH2-Pc    ] 02
[T+3792544180us][CH1-Dispenser] 02 62
[T+3792612187us][CH2-Pc    ] 03
[T+3792619179us][CH1-Dispenser] 03 63
[T+3792691205us][CH2-Pc    ] 04
[T+3792698180us][CH1-Dispenser] 04 64
[T+3792770313us][CH1-Dispenser] 05
[T+3792770180us][CH2-Pc    ] 05
[T+3792937189us][CH1-Dispenser] 06
[T+3792937330us][CH2-Pc    ] 06
[T+3793111204us][CH2-Pc    ] 01
[T+3793118824us][CH1-Dispenser] 01 61
[T+3793189181us][CH2-Pc    ] 02
[T+3793198204us][CH1-Dispenser] 02 62
[T+3793271180us][CH2-Pc    ] 03
[T+3793278181us][CH1-Dispenser] 03 63
[T+3793341204us][CH2-Pc    ] 04
[T+3793348180us][CH1-Dispenser] 04 64
[T+3793419316us][CH1-Dispenser] 05
[T+3793419180us][CH2-Pc    ] 05
[T+3793594180us][CH1-Dispenser] 06
[T+3793594316us][CH2-Pc    ] 06
[T+3793769180us][CH2-Pc    ] 01
[T+3793772207us][CH1-Dispenser] 01 61
[T+3793836180us][CH2-Pc    ] 02
[T+3793843180us][CH1-Dispenser] 02 62
[T+3793914180us][CH2-Pc    ] 03
[T+3793925180us][CH1-Dispenser] 03 63
[T+3793992180us][CH2-Pc    ] 04
[T+3793999180us][CH1-Dispenser] 04 64
[T+3794071180us][CH1-Dispenser] 05
[T+3794071313us][CH2-Pc    ] 05
[T+3794256180us][CH1-Dispenser] 06
[T+3794256315us][CH2-Pc    ] 06
[T+3794420180us][CH2-Pc    ] 01
[T+3794428825us][CH1-Dispenser] 01 61
[T+3794498180us][CH2-Pc    ] 02
[T+3794502179us][CH1-Dispenser] 02 72
[T+3794515180us][CH2-Pc    ] 22
[T+3794524218us][CH1-Dispenser] 22 D2
[T+3794536314us][CH1-Dispenser] FF
[T+3794536180us][CH2-Pc    ] FF
[T+3794549312us][CH1-Dispenser] E9
[T+3794549180us][CH2-Pc    ] E9
[T+3794562313us][CH1-Dispenser] FE
[T+3794562180us][CH2-Pc    ] FE
[T+3794575313us][CH1-Dispenser] E0
[T+3794575180us][CH2-Pc    ] E0
[T+3794591326us][CH1-Dispenser] E1
[T+3794591185us][CH2-Pc    ] E1
[T+3794604320us][CH1-Dispenser] E0
[T+3794604184us][CH2-Pc    ] E0
[T+3794617323us][CH1-Dispenser] FB
[T+3794617185us][CH2-Pc    ] FB
[T+3794629183us][CH1-Dispenser] EE
[T+3794630179us][CH2-Pc    ] EE
[T+3794642180us][CH2-Pc    ] F0
[T+3794670180us][CH1-Dispenser] F0 BA B0 B3 B2 B0 B1 B0 B0 B0 B0 B1 B1 B1 B1 B2 C1 B9 8D 8A
[T+3794683180us][CH2-Pc    ] 22
[T+3794690181us][CH1-Dispenser] 22 D2
[T+3794704205us][CH1-Dispenser] FF
[T+3794704338us][CH2-Pc    ] FF
[T+3794717320us][CH1-Dispenser] E5
[T+3794717182us][CH2-Pc    ] E5
[T+3794730324us][CH1-Dispenser] F4
[T+3794730185us][CH2-Pc    ] F4
[T+3794742181us][CH1-Dispenser] F6
[T+3794742319us][CH2-Pc    ] F6
[T+3794755180us][CH1-Dispenser] E1
[T+3794755313us][CH2-Pc    ] E1
[T+3794769038us][CH2-Pc    ] F7
[T+3794769177us][CH1-Dispenser] F7
[T+3794780314us][CH1-Dispenser] E0
[T+3794780180us][CH2-Pc    ] E0
[T+3794793313us][CH1-Dispenser] E0
[T+3794793180us][CH2-Pc    ] E0
[T+3794806267us][CH1-Dispenser] E1
[T+3794806404us][CH2-Pc    ] E1
[T+3794819181us][CH1-Dispenser] E1
[T+3794819314us][CH2-Pc    ] E1
[T+3794842314us][CH1-Dispenser] FB
[T+3794842181us][CH2-Pc    ] FB
[T+3794860181us][CH1-Dispenser] ED
[T+3794860314us][CH2-Pc    ] ED
[T+3794872181us][CH1-Dispenser] F0
[T+3794872309us][CH2-Pc    ] F0
[T+3794961180us][CH2-Pc    ] 02
[T+3794969183us][CH1-Dispenser] 02 72
[T+3794989180us][CH2-Pc    ] 22
[T+3794996179us][CH1-Dispenser] 22 D2
[T+3795010317us][CH1-Dispenser] FF
[T+3795010183us][CH2-Pc    ] FF
[T+3795032324us][CH1-Dispenser] E5
[T+3795032182us][CH2-Pc    ] E5
[T+3795045308us][CH1-Dispenser] F2
[T+3795045180us][CH2-Pc    ] F2
[T+3795058319us][CH1-Dispenser] F8
[T+3795058183us][CH2-Pc    ] F8
[T+3795071317us][CH1-Dispenser] E0
[T+3795071182us][CH2-Pc    ] E0
[T+3795083315us][CH1-Dispenser] E0
[T+3795083181us][CH2-Pc    ] E0
[T+3795096314us][CH1-Dispenser] E0
[T+3795096181us][CH2-Pc    ] E0
[T+3795109309us][CH1-Dispenser] E0
[T+3795109181us][CH2-Pc    ] E0
[T+3795121180us][CH1-Dispenser] E1
[T+3795121315us][CH2-Pc    ] E1
[T+3795134317us][CH1-Dispenser] E0
[T+3795134180us][CH2-Pc    ] E0
[T+3795147312us][CH1-Dispenser] FB
[T+3795147180us][CH2-Pc    ] FB
[T+3795160314us][CH1-Dispenser] E6
[T+3795160180us][CH2-Pc    ] E6
[T+3795172308us][CH1-Dispenser] F0
[T+3795172180us][CH2-Pc    ] F0
[T+3795261180us][CH2-Pc    ] 02
[T+3795268831us][CH1-Dispenser] 02 72
[T+3795288316us][CH1-Dispenser] 12
[T+3795288180us][CH2-Pc    ] 12
[T+3795377180us][CH2-Pc    ] 02
[T+3795383218us][CH1-Dispenser] 02 92
[T+3795455204us][CH2-Pc    ] 03
[T+3795464205us][CH1-Dispenser] 03 63
[T+3795533204us][CH2-Pc    ] 04
[T+3795538179us][CH1-Dispenser] 04 64
[T+3795612180us][CH1-Dispenser] 05
[T+3795612313us][CH2-Pc    ] 05
[T+3795786315us][CH1-Dispenser] 06
[T+3795786180us][CH2-Pc    ] 06
[T+3795952180us][CH2-Pc    ] 01
[T+3795958204us][CH1-Dispenser] 01 61
[T+3796022180us][CH2-Pc    ] 02
[T+3796028291us][CH1-Dispenser] 02 92
[T+3796600180us][CH2-Pc    ] 03
[T+3796608831us][CH1-Dispenser] 03 63
[T+3796682180us][CH2-Pc    ] 04
[T+3796687179us][CH1-Dispenser] 04 64
[T+3796763313us][CH1-Dispenser] 05
[T+3796763180us][CH2-Pc    ] 05
[T+3796938320us][CH1-Dispenser] 06
[T+3796938181us][CH2-Pc    ] 06
[T+3797112204us][CH2-Pc    ] 01
[T+3797118792us][CH1-Dispenser] 01 61
[T+3797191180us][CH2-Pc    ] 02
[T+3797198835us][CH1-Dispenser] 02 92
[T+3797218180us][CH2-Pc    ] 62
[T+3797232180us][CH1-Dispenser] 62 E0 E0 E0 E0 E0 E0
[T+3797297180us][CH2-Pc    ] 03
[T+3797305183us][CH1-Dispenser] 03 63
[T+3797375180us][CH2-Pc    ] 04
[T+3797385180us][CH1-Dispenser] 04 64
[T+3797453180us][CH1-Dispenser] 05
[T+3797453313us][CH2-Pc    ] 05
[T+3797628180us][CH1-Dispenser] 06
[T+3797628314us][CH2-Pc    ] 06
[T+3797802204us][CH2-Pc    ] 01
[T+3797809179us][CH1-Dispenser] 01 61
[T+3797880180us][CH2-Pc    ] 02
[T+3797888187us][CH1-Dispenser] 02 92
[T+3797907180us][CH2-Pc    ] 62
[T+3797919204us][CH1-Dispenser] 62 E0 E0 E0 E0 E0 E0
[T+3797987180us][CH2-Pc    ] 03
[T+3797994180us][CH1-Dispenser] 03 63
[T+3798065180us][CH2-Pc    ] 04
[T+3798073798us][CH1-Dispenser] 04 64
[T+3798143180us][CH1-Dispenser] 05
[T+3798143315us][CH2-Pc    ] 05
[T+3798319181us][CH1-Dispenser] 06
[T+3798319317us][CH2-Pc    ] 06
[T+3798490204us][CH2-Pc    ] 01
[T+3798498180us][CH1-Dispenser] 01 61
[T+3798568180us][CH2-Pc    ] 02
[T+3798574551us][CH1-Dispenser] 02 92
[T+3798596180us][CH2-Pc    ] 62
[T+3798610186us][CH1-Dispenser] 62 E0 E0 E0 E0 E0 E0
[T+3798677180us][CH2-Pc    ] 03
[T+3798686204us][CH1-Dispenser] 03 63
[T+3798755204us][CH2-Pc    ] 04
[T+3798765180us][CH1-Dispenser] 04 64
[T+3798833314us][CH1-Dispenser] 05
[T+3798833180us][CH2-Pc    ] 05
[T+3798997180us][CH1-Dispenser] 06
[T+3798997314us][CH2-Pc    ] 06
[T+3799172180us][CH2-Pc    ] 01
[T+3799182180us][CH1-Dispenser] 01 61
[T+3799250180us][CH2-Pc    ] 02
[T+3799259204us][CH1-Dispenser] 02 92
[T+3799277204us][CH2-Pc    ] 62
[T+3799290180us][CH1-Dispenser] 62 E4 E5 E1 E0 E0 E0
[T+3799357180us][CH2-Pc    ] 03
[T+3799363218us][CH1-Dispenser] 03 63
[T+3799455180us][CH2-Pc    ] 04
[T+3799464218us][CH1-Dispenser] 04 64
[T+3799533315us][CH1-Dispenser] 05
[T+3799533180us][CH2-Pc    ] 05
[T+3799708181us][CH1-Dispenser] 06
[T+3799708317us][CH2-Pc    ] 06
[T+3799872180us][CH2-Pc    ] 01
[T+3799880814us][CH1-Dispenser] 01 61
[T+3799950180us][CH2-Pc    ] 02
[T+3799959269us][CH1-Dispenser] 02 92
[T+3799978180us][CH2-Pc    ] 62
[T+3799990217us][CH1-Dispenser] 62 E5 E7 E2 E0 E0 E0
[T+3800056204us][CH2-Pc    ] 03
[T+3800064183us][CH1-Dispenser] 03 63
[T+3800134180us][CH2-Pc    ] 04
[T+3800140218us][CH1-Dispenser] 04 64
[T+3800212315us][CH1-Dispenser] 05
[T+3800212180us][CH2-Pc    ] 05
[T+3800387180us][CH1-Dispenser] 06
[T+3800387315us][CH2-Pc    ] 06
[T+3800562180us][CH2-Pc    ] 01
[T+3800572303us][CH1-Dispenser] 01 61
[T+3800640180us][CH2-Pc    ] 02
[T+3800648181us][CH1-Dispenser] 02 92
[T+3800667180us][CH2-Pc    ] 62
[T+3800680180us][CH1-Dispenser] 62 E4 E7 E3 E0 E0 E0
[T+3800746204us][CH2-Pc    ] 03
[T+3800754180us][CH1-Dispenser] 03 63
[T+3800828179us][CH1-Dispenser] 04 64
[T+3800824180us][CH2-Pc    ] 04
[T+3800892180us][CH1-Dispenser] 05
[T+3800892317us][CH2-Pc    ] 05
[T+3801066180us][CH1-Dispenser] 06
[T+3801067179us][CH2-Pc    ] 06
[T+3801235180us][CH2-Pc    ] 01
[T+3801243180us][CH1-Dispenser] 01 61
[T+3801313179us][CH2-Pc    ] 02
[T+3801318179us][CH1-Dispenser] 02 92
[T+3801357204us][CH2-Pc    ] 62
[T+3801372180us][CH1-Dispenser] 62 E1 E6 E5 E0 E0 E0
[T+3801435204us][CH2-Pc    ] 03
[T+3801444210us][CH1-Dispenser] 03 63
[T+3801513204us][CH2-Pc    ] 04
[T+3801520179us][CH1-Dispenser] 04 64
[T+3801591314us][CH1-Dispenser] 05
[T+3801591180us][CH2-Pc    ] 05
[T+3801768180us][CH1-Dispenser] 06
[T+3801768317us][CH2-Pc    ] 06
[T+3801942204us][CH2-Pc    ] 01
[T+3801950187us][CH1-Dispenser] 01 61
[T+3802022204us][CH2-Pc    ] 02
[T+3802029181us][CH1-Dispenser] 02 92
[T+3802049180us][CH2-Pc    ] 62
[T+3802060180us][CH1-Dispenser] 62 E9 E5 E7 E0 E0 E0
[T+3802128180us][CH2-Pc    ] 03
[T+3802134204us][CH1-Dispenser] 03 63
[T+3802206204us][CH2-Pc    ] 04
[T+3802214492us][CH1-Dispenser] 04 64
[T+3802284180us][CH1-Dispenser] 05
[T+3802284314us][CH2-Pc    ] 05
[T+3802459181us][CH1-Dispenser] 06
[T+3802459316us][CH2-Pc    ] 06
[T+3802623180us][CH2-Pc    ] 01
[T+3802628179us][CH1-Dispenser] 01 61
[T+3802701180us][CH2-Pc    ] 02
[T+3802709185us][CH1-Dispenser] 02 92
[T+3802728180us][CH2-Pc    ] 62
[T+3802740204us][CH1-Dispenser] 62 E4 E3 E0 E1 E0 E0
[T+3802807180us][CH2-Pc    ] 03
[T+3802816219us][CH1-Dispenser] 03 63
[T+3802885205us][CH2-Pc    ] 04
[T+3802895180us][CH1-Dispenser] 04 64
[T+3802963181us][CH1-Dispenser] 05
[T+3802963314us][CH2-Pc    ] 05
[T+3803138180us][CH1-Dispenser] 06
[T+3803138316us][CH2-Pc    ] 06
[T+3803312206us][CH2-Pc    ] 01
[T+3803319180us][CH1-Dispenser] 01 61
[T+3803391204us][CH2-Pc    ] 02
[T+3803401180us][CH1-Dispenser] 02 92
[T+3803442180us][CH2-Pc    ] 62
[T+3803454204us][CH1-Dispenser] 62 E2 E4 E3 E1 E0 E0
[T+3803522180us][CH2-Pc    ] 03
[T+3803531219us][CH1-Dispenser] 03 63
[T+3803600204us][CH2-Pc    ] 04
[T+3803610186us][CH1-Dispenser] 04 64
[T+3803678181us][CH1-Dispenser] 05
[T+3803678315us][CH2-Pc    ] 05
[T+3803846180us][CH1-Dispenser] 06
[T+3803846318us][CH2-Pc    ] 06
[T+3804026204us][CH2-Pc    ] 01
[T+3804035215us][CH1-Dispenser] 01 61
[T+3804104205us][CH2-Pc    ] 02
[T+3804110218us][CH1-Dispenser] 02 92
[T+3804132182us][CH2-Pc    ] 62
[T+3804147207us][CH1-Dispenser] 62 E2 E7 E6 E1 E0 E0
[T+3804210205us][CH2-Pc    ] 03
[T+3804219220us][CH1-Dispenser] 03 63
[T+3804289180us][CH2-Pc    ] 04
[T+3804293179us][CH1-Dispenser] 04 64
[T+3804356315us][CH1-Dispenser] 05
[T+3804356181us][CH2-Pc    ] 05
[T+3804536180us][CH1-Dispenser] 06
[T+3804536315us][CH2-Pc    ] 06
[T+3804703180us][CH2-Pc    ] 01
[T+3804709203us][CH1-Dispenser] 01 61
[T+3804781204us][CH2-Pc    ] 02
[T+3804790218us][CH1-Dispenser] 02 92
[T+3804809247us][CH2-Pc    ] 62
[T+3804819180us][CH1-Dispenser] 62 E5 E3 E0 E2 E0 E0
[T+3804916180us][CH2-Pc    ] 03
[T+3804926180us][CH1-Dispenser] 03 63
[T+3804994180us][CH2-Pc    ] 04
[T+3804999830us][CH1-Dispenser] 04 64
[T+3805072180us][CH1-Dispenser] 05
[T+3805072316us][CH2-Pc    ] 05
[T+3805247181us][CH1-Dispenser] 06
[T+3805247316us][CH2-Pc    ] 06
[T+3805419180us][CH2-Pc    ] 01
[T+3805425204us][CH1-Dispenser] 01 61
[T+3805499180us][CH2-Pc    ] 02
[T+3805504188us][CH1-Dispenser] 02 92
[T+3805526180us][CH2-Pc    ] 62
[T+3805541204us][CH1-Dispenser] 62 E1 E3 E4 E2 E0 E0
[T+3805604204us][CH2-Pc    ] 03
[T+3805610203us][CH1-Dispenser] 03 63
[T+3805683180us][CH2-Pc    ] 04
[T+3805691180us][CH1-Dispenser] 04 64
[T+3805761313us][CH1-Dispenser] 05
[T+3805761180us][CH2-Pc    ] 05
[T+3805955180us][CH1-Dispenser] 06
[T+3805955315us][CH2-Pc    ] 06
[T+3806130180us][CH2-Pc    ] 01
[T+3806139215us][CH1-Dispenser] 01 61
[T+3806208204us][CH2-Pc    ] 02
[T+3806215180us][CH1-Dispenser] 02 92
[T+3806235180us][CH2-Pc    ] 62
[T+3806251180us][CH1-Dispenser] 62 E8 E3 E8 E2 E0 E0
[T+3806326204us][CH2-Pc    ] 03
[T+3806335205us][CH1-Dispenser] 03 63
[T+3806406180us][CH2-Pc    ] 04
[T+3806417465us][CH1-Dispenser] 04 64
[T+3806484314us][CH1-Dispenser] 05
[T+3806484180us][CH2-Pc    ] 05
[T+3806653313us][CH1-Dispenser] 06
[T+3806653181us][CH2-Pc    ] 06
[T+3806829180us][CH2-Pc    ] 01
[T+3806833179us][CH1-Dispenser] 01 61
[T+3806896204us][CH2-Pc    ] 02
[T+3806905219us][CH1-Dispenser] 02 92
[T+3806924180us][CH2-Pc    ] 62
[T+3806935180us][CH1-Dispenser] 62 E2 E1 E2 E3 E0 E0
[T+3807003180us][CH2-Pc    ] 03
[T+3807009219us][CH1-Dispenser] 03 63
[T+3807081205us][CH2-Pc    ] 04
[T+3807090181us][CH1-Dispenser] 04 64
[T+3807159180us][CH1-Dispenser] 05
[T+3807159313us][CH2-Pc    ] 05
[T+3807334316us][CH1-Dispenser] 06
[T+3807334180us][CH2-Pc    ] 06
[T+3807498180us][CH2-Pc    ] 01
[T+3807504219us][CH1-Dispenser] 01 61
[T+3807576206us][CH2-Pc    ] 02
[T+3807585218us][CH1-Dispenser] 02 92
[T+3807603204us][CH2-Pc    ] 62
[T+3807615180us][CH1-Dispenser] 62 E1 E4 E6 E3 E0 E0
[T+3807682180us][CH2-Pc    ] 03
[T+3807690731us][CH1-Dispenser] 03 63
[T+3807760180us][CH2-Pc    ] 04
[T+3807769205us][CH1-Dispenser] 04 64
[T+3807838180us][CH1-Dispenser] 05
[T+3807838314us][CH2-Pc    ] 05
[T+3808013180us][CH1-Dispenser] 06
[T+3808013316us][CH2-Pc    ] 06
[T+3808217204us][CH2-Pc    ] 01
[T+3808224182us][CH1-Dispenser] 01 61
[T+3808295180us][CH2-Pc    ] 02
[T+3808305180us][CH1-Dispenser] 02 92
[T+3808322180us][CH2-Pc    ] 62
[T+3808336180us][CH1-Dispenser] 62 E2 E9 E0 E4 E0 E0
[T+3808400180us][CH2-Pc    ] 03
[T+3808409204us][CH1-Dispenser] 03 63
[T+3808483180us][CH2-Pc    ] 04
[T+3808490179us][CH1-Dispenser] 04 64
[T+3808561180us][CH1-Dispenser] 05
[T+3808562179us][CH2-Pc    ] 05
[T+3808736318us][CH1-Dispenser] 06
[T+3808736180us][CH2-Pc    ] 06
[T+3808911180us][CH2-Pc    ] 01
[T+3808922180us][CH1-Dispenser] 01 61
[T+3808989180us][CH2-Pc    ] 02
[T+3808994790us][CH1-Dispenser] 02 92
[T+3809017180us][CH2-Pc    ] 62
[T+3809030347us][CH1-Dispenser] 62 E0 E1 E5 E4 E0 E0
[T+3809095180us][CH2-Pc    ] 03
[T+3809100179us][CH1-Dispenser] 03 63
[T+3809173180us][CH2-Pc    ] 04
[T+3809180783us][CH1-Dispenser] 04 64
[T+3809265180us][CH1-Dispenser] 05
[T+3809265319us][CH2-Pc    ] 05
[T+3809446180us][CH1-Dispenser] 06
[T+3809446314us][CH2-Pc    ] 06
[T+3809631180us][CH2-Pc    ] 01
[T+3809639188us][CH1-Dispenser] 01 61
[T+3809709180us][CH2-Pc    ] 02
[T+3809715218us][CH1-Dispenser] 02 92
[T+3809736204us][CH2-Pc    ] 62
[T+3809750180us][CH1-Dispenser] 62 E9 E3 E9 E4 E0 E0
[T+3809815180us][CH2-Pc    ] 03
[T+3809825180us][CH1-Dispenser] 03 63
[T+3809893180us][CH2-Pc    ] 04
[T+3809899204us][CH1-Dispenser] 04 64
[T+3809972180us][CH1-Dispenser] 05
[T+3809972314us][CH2-Pc    ] 05
[T+3810146180us][CH1-Dispenser] 06
[T+3810146317us][CH2-Pc    ] 06
[T+3810310180us][CH2-Pc    ] 01
[T+3810319218us][CH1-Dispenser] 01 61
[T+3810399180us][CH2-Pc    ] 02
[T+3810404179us][CH1-Dispenser] 02 92
[T+3810426180us][CH2-Pc    ] 62
[T+3810440180us][CH1-Dispenser] 62 E8 E6 E3 E5 E0 E0
[T+3810504180us][CH2-Pc    ] 03
[T+3810510188us][CH1-Dispenser] 03 63
[T+3810582205us][CH2-Pc    ] 04
[T+3810589180us][CH1-Dispenser] 04 64
[T+3810660314us][CH1-Dispenser] 05
[T+3810660180us][CH2-Pc    ] 05
[T+3810824316us][CH1-Dispenser] 06
[T+3810824180us][CH2-Pc    ] 06
[T+3810999180us][CH2-Pc    ] 01
[T+3811005219us][CH1-Dispenser] 01 61
[T+3811077205us][CH2-Pc    ] 02
[T+3811086218us][CH1-Dispenser] 02 92
[T+3811111180us][CH2-Pc    ] 62
[T+3811126204us][CH1-Dispenser] 62 E5 E7 E7 E5 E0 E0
[T+3811190180us][CH2-Pc    ] 03
[T+3811200180us][CH1-Dispenser] 03 63
[T+3811268180us][CH2-Pc    ] 04
[T+3811273179us][CH1-Dispenser] 04 64
[T+3811347181us][CH1-Dispenser] 05
[T+3811347319us][CH2-Pc    ] 05
[T+3811521321us][CH1-Dispenser] 06
[T+3811521181us][CH2-Pc    ] 06
[T+3811685180us][CH2-Pc    ] 01
[T+3811695180us][CH1-Dispenser] 01 61
[T+3811768180us][CH2-Pc    ] 02
[T+3811775179us][CH1-Dispenser] 02 92
[T+3811795180us][CH2-Pc    ] 62
[T+3811806180us][CH1-Dispenser] 62 E7 E3 E2 E6 E0 E0
[T+3811823372us][CH1-Dispenser] 32
[T+3811823236us][CH2-Pc    ] 32
[T+3811910204us][CH2-Pc    ] 02
[T+3811919222us][CH1-Dispenser] 02 C2
[T+3811994206us][CH2-Pc    ] 03
[T+3812000777us][CH1-Dispenser] 03 63
[T+3812072204us][CH2-Pc    ] 04
[T+3812079180us][CH1-Dispenser] 04 64
[T+3812150180us][CH1-Dispenser] 05
[T+3812150315us][CH2-Pc    ] 05
[T+3812330181us][CH1-Dispenser] 06
[T+3812330315us][CH2-Pc    ] 06
[T+3812505180us][CH2-Pc    ] 01
[T+3812509772us][CH1-Dispenser] 01 61
[T+3812572206us][CH2-Pc    ] 02
[T+3812579180us][CH1-Dispenser] 02 C2
[T+3812650181us][CH2-Pc    ] 03
[T+3812659205us][CH1-Dispenser] 03 63
[T+3812728204us][CH2-Pc    ] 04
[T+3812735179us][CH1-Dispenser] 04 64
[T+3812806180us][CH1-Dispenser] 05
[T+3812807179us][CH2-Pc    ] 05
[T+3812985315us][CH1-Dispenser] 06
[T+3812985181us][CH2-Pc    ] 06
[T+3813159204us][CH2-Pc    ] 01
[T+3813165188us][CH1-Dispenser] 01 61
[T+3813238180us][CH2-Pc    ] 02
[T+3813244204us][CH1-Dispenser] 02 C2
[T+3813316206us][CH2-Pc    ] 03
[T+3813324754us][CH1-Dispenser] 03 63
[T+3813394180us][CH2-Pc    ] 04
[T+3813402180us][CH1-Dispenser] 04 64
[T+3813472314us][CH1-Dispenser] 05
[T+3813472180us][CH2-Pc    ] 05
[T+3813637180us][CH1-Dispenser] 06
[T+3813637316us][CH2-Pc    ] 06
[T+3813811205us][CH2-Pc    ] 01
[T+3813819181us][CH1-Dispenser] 01 61
[T+3813889180us][CH2-Pc    ] 02
[T+3813894789us][CH1-Dispenser] 02 C2
[T+3813968180us][CH2-Pc    ] 03
[T+3813975255us][CH1-Dispenser] 03 63
[T+3814046180us][CH2-Pc    ] 04
[T+3814056181us][CH1-Dispenser] 04 64
[T+3814124181us][CH1-Dispenser] 05
[T+3814124314us][CH2-Pc    ] 05
[T+3814299181us][CH1-Dispenser] 06
[T+3814299318us][CH2-Pc    ] 06
[T+3814473204us][CH2-Pc    ] 01
[T+3814480791us][CH1-Dispenser] 01 61
[T+3814551187us][CH2-Pc    ] 02
[T+3814559180us][CH1-Dispenser] 02 C2
[T+3814630180us][CH2-Pc    ] 03
[T+3814634790us][CH1-Dispenser] 03 63
[T+3814697205us][CH2-Pc    ] 04
[T+3814704183us][CH1-Dispenser] 04 64
[T+3814775180us][CH1-Dispenser] 05
[T+3814775317us][CH2-Pc    ] 05
[T+3814950181us][CH1-Dispenser] 06
[T+3814950314us][CH2-Pc    ] 06
[T+3815125180us][CH2-Pc    ] 01
[T+3815130179us][CH1-Dispenser] 01 61
[T+3815203180us][CH2-Pc    ] 02
[T+3815209204us][CH1-Dispenser] 02 C2
[T+3815281205us][CH2-Pc    ] 03
[T+3815290180us][CH1-Dispenser] 03 63
[T+3815359204us][CH2-Pc    ] 04
[T+3815365219us][CH1-Dispenser] 04 64
[T+3815437180us][CH1-Dispenser] 05
[T+3815437314us][CH2-Pc    ] 05
[T+3815612451us][CH1-Dispenser] 06
[T+3815612316us][CH2-Pc    ] 06
[T+3815787180us][CH2-Pc    ] 01
[T+3815795395us][CH1-Dispenser] 01 61
[T+3815869179us][CH1-Dispenser] 02 C2
[T+3815865180us][CH2-Pc    ] 02
[T+3815932204us][CH2-Pc    ] 03
[T+3815942180us][CH1-Dispenser] 03 63
[T+3816010180us][CH2-Pc    ] 04
[T+3816020180us][CH1-Dispenser] 04 64
[T+3816089180us][CH1-Dispenser] 05
[T+3816089316us][CH2-Pc    ] 05
[T+3816264182us][CH1-Dispenser] 06
[T+3816264319us][CH2-Pc    ] 06
[T+3816438204us][CH2-Pc    ] 01
[T+3816446187us][CH1-Dispenser] 01 61
[T+3816516180us][CH2-Pc    ] 02
[T+3816525204us][CH1-Dispenser] 02 C2
[T+3816595180us][CH2-Pc    ] 03
[T+3816600187us][CH1-Dispenser] 03 63
[T+3816673180us][CH2-Pc    ] 04
[T+3816681776us][CH1-Dispenser] 04 64
[T+3816751314us][CH1-Dispenser] 05
[T+3816751180us][CH2-Pc    ] 05
[T+3816926181us][CH1-Dispenser] 06
[T+3816926316us][CH2-Pc    ] 06
[T+3817091180us][CH2-Pc    ] 01
[T+3817100466us][CH1-Dispenser] 01 61
[T+3817169205us][CH2-Pc    ] 02
[T+3817175833us][CH1-Dispenser] 02 C2
[T+3817247204us][CH2-Pc    ] 03
[T+3817254180us][CH1-Dispenser] 03 63
[T+3817331180us][CH2-Pc    ] 04
[T+3817340221us][CH1-Dispenser] 04 64
[T+3817409315us][CH1-Dispenser] 05
[T+3817409180us][CH2-Pc    ] 05
[T+3817584317us][CH1-Dispenser] 06
[T+3817584180us][CH2-Pc    ] 06
[T+3817748180us][CH2-Pc    ] 01
[T+3817754204us][CH1-Dispenser] 01 61
[T+3817826204us][CH2-Pc    ] 02
[T+3817835185us][CH1-Dispenser] 02 C2
[T+3817904205us][CH2-Pc    ] 03
[T+3817910219us][CH1-Dispenser] 03 63
[T+3817982204us][CH2-Pc    ] 04
[T+3817989180us][CH1-Dispenser] 04 64
[T+3818060189us][CH1-Dispenser] 05
[T+3818060330us][CH2-Pc    ] 05
[T+3818233180us][CH1-Dispenser] 06
[T+3818233316us][CH2-Pc    ] 06
[T+3818408180us][CH2-Pc    ] 01
[T+3818415846us][CH1-Dispenser] 01 61
[T+3818486180us][CH2-Pc    ] 02
[T+3818494186us][CH1-Dispenser] 02 C2
[T+3818565180us][CH2-Pc    ] 03
[T+3818569179us][CH1-Dispenser] 03 63
[T+3818632204us][CH2-Pc    ] 04
[T+3818640800us][CH1-Dispenser] 04 64
[T+3818711318us][CH1-Dispenser] 05
[T+3818711182us][CH2-Pc    ] 05
[T+3818896182us][CH1-Dispenser] 06
[T+3818896320us][CH2-Pc    ] 06
[T+3819060180us][CH2-Pc    ] 01
[T+3819066859us][CH1-Dispenser] 01 61
[T+3819138205us][CH2-Pc    ] 02
[T+3819145205us][CH1-Dispenser] 02 C2
[T+3819217204us][CH2-Pc    ] 03
[T+3819225834us][CH1-Dispenser] 03 63
[T+3819295180us][CH2-Pc    ] 04
[T+3819301207us][CH1-Dispenser] 04 64
[T+3819373181us][CH1-Dispenser] 05
[T+3819373316us][CH2-Pc    ] 05
[T+3819548180us][CH1-Dispenser] 06
[T+3819548315us][CH2-Pc    ] 06
[T+3819722205us][CH2-Pc    ] 01
[T+3819731213us][CH1-Dispenser] 01 61
[T+3819801180us][CH2-Pc    ] 02
[T+3819810205us][CH1-Dispenser] 02 C2
[T+3819879204us][CH2-Pc    ] 03
[T+3819885203us][CH1-Dispenser] 03 63
[T+3819957204us][CH2-Pc    ] 04
[T+3819967180us][CH1-Dispenser] 04 64
[T+3820035318us][CH1-Dispenser] 05
[T+3820035181us][CH2-Pc    ] 05
[T+3820199180us][CH1-Dispenser] 06
[T+3820199317us][CH2-Pc    ] 06
[T+3820374180us][CH2-Pc    ] 01
[T+3820379179us][CH1-Dispenser] 01 61
[T+3820452180us][CH2-Pc    ] 02
[T+3820460186us][CH1-Dispenser] 02 C2
[T+3820530181us][CH2-Pc    ] 03
[T+3820535188us][CH1-Dispenser] 03 63
[T+3820608180us][CH2-Pc    ] 04
[T+3820614203us][CH1-Dispenser] 04 64
[T+3820686180us][CH1-Dispenser] 05
[T+3820686316us][CH2-Pc    ] 05
[T+3820861317us][CH1-Dispenser] 06
[T+3820861181us][CH2-Pc    ] 06
[T+3821038205us][CH2-Pc    ] 01
[T+3821044218us][CH1-Dispenser] 01 61
[T+3821116206us][CH2-Pc    ] 02
[T+3821125219us][CH1-Dispenser] 02 C2
[T+3821194204us][CH2-Pc    ] 03
[T+3821200203us][CH1-Dispenser] 03 63
[T+3821272204us][CH2-Pc    ] 04
[T+3821283180us][CH1-Dispenser] 04 64
[T+3821350181us][CH1-Dispenser] 05
[T+3821350319us][CH2-Pc    ] 05
[T+3821529181us][CH1-Dispenser] 06
[T+3821529318us][CH2-Pc    ] 06
[T+3821703205us][CH2-Pc    ] 01
[T+3821711219us][CH1-Dispenser] 01 61
[T+3821781406us][CH1-Dispenser] 02
[T+3821781269us][CH2-Pc    ] 02
[T+3821794180us][CH1-Dispenser] C2
[T+3821870180us][CH2-Pc    ] 03
[T+3821876218us][CH1-Dispenser] 03 63
[T+3821948205us][CH2-Pc    ] 04
[T+3821955180us][CH1-Dispenser] 04 64
[T+3822026180us][CH1-Dispenser] 05
[T+3822026313us][CH2-Pc    ] 05
[T+3822201182us][CH1-Dispenser] 06
[T+3822201318us][CH2-Pc    ] 06
[T+3822376180us][CH2-Pc    ] 01
[T+3822381179us][CH1-Dispenser] 01 61
[T+3822454182us][CH2-Pc    ] 02
[T+3822460841us][CH1-Dispenser] 02 C2
[T+3822532206us][CH2-Pc    ] 03
[T+3822541204us][CH1-Dispenser] 03 63
[T+3822610204us][CH2-Pc    ] 04
[T+3822614836us][CH1-Dispenser] 04 64
[T+3822677314us][CH1-Dispenser] 05
[T+3822677180us][CH2-Pc    ] 05
[T+3822841180us][CH1-Dispenser] 06
[T+3822841315us][CH2-Pc    ] 06
[T+3823016317us][CH1-Dispenser] 01
[T+3823016180us][CH2-Pc    ] 01
[T+3823028207us][CH1-Dispenser] 61
[T+3823105180us][CH2-Pc    ] 02
[T+3823111669us][CH1-Dispenser] 02 C2
[T+3823185180us][CH2-Pc    ] 03
[T+3823191864us][CH1-Dispenser] 03 63
[T+3823263205us][CH2-Pc    ] 04
[T+3823270180us][CH1-Dispenser] 04 64
[T+3823341180us][CH1-Dispenser] 05
[T+3823341319us][CH2-Pc    ] 05
[T+3823516181us][CH1-Dispenser] 06
[T+3823516319us][CH2-Pc    ] 06
[T+3823691180us][CH2-Pc    ] 01
[T+3823700231us][CH1-Dispenser] 01 61
[T+3823769205us][CH2-Pc    ] 02
[T+3823776789us][CH1-Dispenser] 02 B2
[T+3824347180us][CH2-Pc    ] 03
[T+3824355733us][CH1-Dispenser] 03 63
[T+3824425180us][CH2-Pc    ] 04
[T+3824431219us][CH1-Dispenser] 04 64
[T+3824539316us][CH1-Dispenser] 05
[T+3824539180us][CH2-Pc    ] 05
[T+3824715318us][CH1-Dispenser] 06
[T+3824715181us][CH2-Pc    ] 06
[T+3824890205us][CH2-Pc    ] 01
[T+3824895179us][CH1-Dispenser] 01 61
[T+3824958205us][CH2-Pc    ] 02
[T+3824965864us][CH1-Dispenser] 02 62
[T+3825536180us][CH2-Pc    ] 03
[T+3825541187us][CH1-Dispenser] 03 63
[T+3825614219us][CH2-Pc    ] 04
[T+3825620205us][CH1-Dispenser] 04 64
[T+3825692240us][CH1-Dispenser] 05
[T+3825692448us][CH2-Pc    ] 05
[T+3825857317us][CH1-Dispenser] 06
[T+3825857181us][CH2-Pc    ] 06
[T+3826034181us][CH2-Pc    ] 01
[T+3826041202us][CH1-Dispenser] 01 61
[T+3826112180us][CH2-Pc    ] 02
[T+3826120180us][CH1-Dispenser] 02 62
[T+3826139315us][CH1-Dispenser] 42
[T+3826139181us][CH2-Pc    ] 42
[T+3826191180us][CH1-Dispenser] FF F1 F8 EB E1 E0 E0 E0 F6 E1 F4 F7 E0 E0 E1 E1 F9 E0 E6 E7 E5 E0 E0 FA E6 E3 E3 E6 E0 E0 FB E6 F0
[T+3826237313us][CH1-Dispenser] 52
[T+3826237180us][CH2-Pc    ] 52
[T+3826367180us][CH1-Dispenser] FF F6 E0 F9 E5 E9 E4 E9 E3 E8 E6 E2 FA E8 E0 E5 E1 E9 E0 E5 E8 F4 E0 E3 E1 E1 F5 E0 E0 E0 E0 F6 E1 F9 E4 E9 E6 E4 E2 E8 E5 E3 FA E2 E0 E4 E7 E3 E6 E4 E8 F4 E0 E0 E1 E1 F5 E0 E0 E0 E0 F6 E2 F9 E6 E7 E8 E9 E5 E4 E9 E9 FA E8 E2 E2 E3 E7 E8 E1 E8 F4 E0 E3 E4 E1 F5 E0 E0 E0 E0 FB E1 F0
[T+3826437180us][CH2-Pc    ] 03
[T+3826445181us][CH1-Dispenser] 03 63
[T+3826515180us][CH2-Pc    ] 04
[T+3826521851us][CH1-Dispenser] 04 64
[T+3826593316us][CH1-Dispenser] 05
[T+3826593180us][CH2-Pc    ] 05
[T+3826768180us][CH1-Dispenser] 06
[T+3826768315us][CH2-Pc    ] 06
[T+3826943180us][CH2-Pc    ] 01
[T+3826951180us][CH1-Dispenser] 01 61
[T+3827025179us][CH1-Dispenser] 02 62
[T+3827021180us][CH2-Pc    ] 02
[T+3827038181us][CH1-Dispenser] 42
[T+3827038314us][CH2-Pc    ] 42
[T+3827089180us][CH1-Dispenser] FF F1 F8 EB E1 E0 E0 E0 F6 E1 F4 F7 E0 E0 E1 E1 F9 E0 E6 E7 E5 E0 E0 FA E6 E3 E3 E6 E0 E0 FB E6 F0
[T+3827111189us][CH1-Dispenser] 52
[T+3827111330us][CH2-Pc    ] 52
[T+3827238180us][CH1-Dispenser] FF F6 E0 F9 E5 E9 E4 E9 E3 E8 E6 E2 FA E8 E0 E5 E1 E9 E0 E5 E8 F4 E0 E3 E1 E1 F5 E0 E0 E0 E0 F6 E1 F9 E4 E9 E6 E4 E2 E8 E5 E3 FA E2 E0 E4 E7 E3 E6 E4 E8 F4 E0 E0 E1 E1 F5 E0 E0 E0 E0 F6 E2 F9 E6 E7 E8 E9 E5 E4 E9 E9 FA E8 E2 E2 E3 E7 E8 E1 E8 F4 E0 E3 E4 E1 F5 E0 E0 E0 E0 FB E1 F0
[T+3827324180us][CH2-Pc    ] 03
[T+3827330871us][CH1-Dispenser] 03 63
[T+3827403180us][CH2-Pc    ] 04
[T+3827411180us][CH1-Dispenser] 04 64
[T+3827481180us][CH1-Dispenser] 05
[T+3827481313us][CH2-Pc    ] 05
[T+3827656181us][CH1-Dispenser] 06
[T+3827656317us][CH2-Pc    ] 06
[T+3827835179us][CH1-Dispenser] 01 61
[T+3827831181us][CH2-Pc    ] 01
[T+3827898204us][CH2-Pc    ] 02
[T+3827905179us][CH1-Dispenser] 02 62
[T+3827976180us][CH2-Pc    ] 03
[T+3827982204us][CH1-Dispenser] 03 63
[T+3828054205us][CH2-Pc    ] 04
[T+3828060843us][CH1-Dispenser] 04 64
[T+3828132181us][CH1-Dispenser] 05
[T+3828132317us][CH2-Pc    ] 05
[T+3828317319us][CH1-Dispenser] 06
[T+3828317181us][CH2-Pc    ] 06
[T+3828487180us][CH2-Pc    ] 01
[T+3828496216us][CH1-Dispenser] 01 61
[T+3828565315us][CH1-Dispenser] 02
[T+3828565181us][CH2-Pc    ] 02
[T+3828577218us][CH1-Dispenser] 62
[T+3828668180us][CH2-Pc    ] 03
[T+3828676813us][CH1-Dispenser] 03 63
[T+3828746180us][CH2-Pc    ] 04
[T+3828751186us][CH1-Dispenser] 04 64
[T+3828824320us][CH1-Dispenser] 05
[T+3828824181us][CH2-Pc    ] 05
[T+3828999180us][CH1-Dispenser] 06
[T+3828999318us][CH2-Pc    ] 06
[T+3829179206us][CH2-Pc    ] 01
[T+3829186180us][CH1-Dispenser] 01 61
[T+3829257180us][CH2-Pc    ] 02
[T+3829265181us][CH1-Dispenser] 02 62
[T+3829345180us][CH2-Pc    ] 03
[T+3829352186us][CH1-Dispenser] 03 63
[T+3829423180us][CH2-Pc    ] 04
[T+3829433261us][CH1-Dispenser] 04 64
[T+3829502181us][CH1-Dispenser] 05
[T+3829502316us][CH2-Pc    ] 05
[T+3829678316us][CH1-Dispenser] 06
[T+3829678180us][CH2-Pc    ] 06
[T+3829862180us][CH2-Pc    ] 01
[T+3829873950us][CH1-Dispenser] 01 61
[T+3829940204us][CH2-Pc    ] 02
[T+3829945179us][CH1-Dispenser] 02 62
[T+3830008204us][CH2-Pc    ] 03
[T+3830017183us][CH1-Dispenser] 03 63
[T+3830086204us][CH2-Pc    ] 04
[T+3830097180us][CH1-Dispenser] 04 64
[T+3830173315us][CH1-Dispenser] 05
[T+3830173181us][CH2-Pc    ] 05
[T+3830367180us][CH1-Dispenser] 06
[T+3830367317us][CH2-Pc    ] 06
[T+3830552180us][CH2-Pc    ] 01
[T+3830561204us][CH1-Dispenser] 01 61
[T+3830630204us][CH2-Pc    ] 02
[T+3830635179us][CH1-Dispenser] 02 62
[T+3830698204us][CH2-Pc    ] 03
[T+3830707218us][CH1-Dispenser] 03 63
[T+3830777180us][CH2-Pc    ] 04
[T+3830786212us][CH1-Dispenser] 04 64
[T+3830855315us][CH1-Dispenser] 05
[T+3830855180us][CH2-Pc    ] 05
[T+3831033181us][CH1-Dispenser] 06
[T+3831033315us][CH2-Pc    ] 06
[T+3831213205us][CH2-Pc    ] 01
[T+3831220180us][CH1-Dispenser] 01 61
[T+3831292204us][CH2-Pc    ] 02
[T+3831300181us][CH1-Dispenser] 02 62
[T+3831375179us][CH1-Dispenser] 03 63
[T+3831371180us][CH2-Pc    ] 03
[T+3831452180us][CH2-Pc    ] 04
[T+3831463180us][CH1-Dispenser] 04 64
[T+3831531302us][CH1-Dispenser] 05
[T+3831531435us][CH2-Pc    ] 05
[T+3831705180us][CH1-Dispenser] 06
[T+3831706179us][CH2-Pc    ] 06
[T+3831880180us][CH2-Pc    ] 01
[T+3831885179us][CH1-Dispenser] 01 61
[T+3831958180us][CH2-Pc    ] 02
[T+3831968187us][CH1-Dispenser] 02 62
[T+3832037205us][CH2-Pc    ] 03
[T+3832045181us][CH1-Dispenser] 03 63
[T+3832115180us][CH2-Pc    ] 04
[T+3832121203us][CH1-Dispenser] 04 64
[T+3832194316us][CH1-Dispenser] 05
[T+3832194181us][CH2-Pc    ] 05
[T+3832379315us][CH1-Dispenser] 06
[T+3832379180us][CH2-Pc    ] 06
[T+3832543180us][CH2-Pc    ] 01
[T+3832550823us][CH1-Dispenser] 01 61
[T+3832621180us][CH2-Pc    ] 02
[T+3832631180us][CH1-Dispenser] 02 62
[T+3832700204us][CH2-Pc    ] 03
[T+3832708622us][CH1-Dispenser] 03 63
[T+3832778204us][CH2-Pc    ] 04
[T+3832786180us][CH1-Dispenser] 04 64
[T+3832856180us][CH1-Dispenser] 05
[T+3832856317us][CH2-Pc    ] 05
[T+3833031348us][CH1-Dispenser] 06
[T+3833031483us][CH2-Pc    ] 06
[T+3833205204us][CH2-Pc    ] 01
[T+3833211234us][CH1-Dispenser] 01 61
[T+3833304204us][CH2-Pc    ] 02
[T+3833310203us][CH1-Dispenser] 02 62
[T+3833382204us][CH2-Pc    ] 03
[T+3833392180us][CH1-Dispenser] 03 63
[T+3833460180us][CH2-Pc    ] 04
[T+3833465179us][CH1-Dispenser] 04 64
[T+3833552315us][CH1-Dispenser] 05
[T+3833552181us][CH2-Pc    ] 05
[T+3833716315us][CH1-Dispenser] 06
[T+3833716180us][CH2-Pc    ] 06
[T+3833890204us][CH2-Pc    ] 01
[T+3833896204us][CH1-Dispenser] 01 61
[T+3833968205us][CH2-Pc    ] 02
[T+3833975180us][CH1-Dispenser] 02 62
[T+3834047181us][CH2-Pc    ] 03
[T+3834051841us][CH1-Dispenser] 03 63
[T+3834124180us][CH2-Pc    ] 04
[T+3834132180us][CH1-Dispenser] 04 64
[T+3834203180us][CH1-Dispenser] 05
[T+3834203315us][CH2-Pc    ] 05
[T+3834377317us][CH1-Dispenser] 06
[T+3834377180us][CH2-Pc    ] 06
[T+3834552180us][CH2-Pc    ] 01
[T+3834561727us][CH1-Dispenser] 01 61
[T+3834631180us][CH2-Pc    ] 02
[T+3834637218us][CH1-Dispenser] 02 62
[T+3834709180us][CH2-Pc    ] 03
[T+3834718204us][CH1-Dispenser] 03 63
[T+3834791180us][CH1-Dispenser] 04 64
[T+3834786180us][CH2-Pc    ] 04
[T+3834865183us][CH1-Dispenser] 05
[T+3834865324us][CH2-Pc    ] 05
[T+3835035182us][CH1-Dispenser] 06
[T+3835035320us][CH2-Pc    ] 06
[T+3835204180us][CH2-Pc    ] 01
[T+3835212180us][CH1-Dispenser] 01 61
[T+3835282180us][CH2-Pc    ] 02
[T+3835287179us][CH1-Dispenser] 02 62
[T+3835360180us][CH2-Pc    ] 03
[T+3835366204us][CH1-Dispenser] 03 63
[T+3835438205us][CH2-Pc    ] 04
[T+3835446180us][CH1-Dispenser] 04 64
[T+3835516180us][CH1-Dispenser] 05
[T+3835516315us][CH2-Pc    ] 05
[T+3835690181us][CH1-Dispenser] 06
[T+3835690316us][CH2-Pc    ] 06
[T+3835855205us][CH2-Pc    ] 01
[T+3835860837us][CH1-Dispenser] 01 61
[T+3835933180us][CH2-Pc    ] 02
[T+3835941180us][CH1-Dispenser] 02 62
[T+3836011180us][CH2-Pc    ] 03
[T+3836017203us][CH1-Dispenser] 03 63
[T+3836089206us][CH2-Pc    ] 04
[T+3836096838us][CH1-Dispenser] 04 64
[T+3836167181us][CH1-Dispenser] 05
[T+3836167314us][CH2-Pc    ] 05
[T+3836343180us][CH1-Dispenser] 06
[T+3836343315us][CH2-Pc    ] 06
[T+3836521180us][CH2-Pc    ] 01
[T+3836525179us][CH1-Dispenser] 01 61
[T+3836588204us][CH2-Pc    ] 02
[T+3836595180us][CH1-Dispenser] 02 62
[T+3836666180us][CH2-Pc    ] 03
[T+3836671815us][CH1-Dispenser] 03 63
[T+3836734205us][CH2-Pc    ] 04
[T+3836741181us][CH1-Dispenser] 04 64
[T+3836812181us][CH1-Dispenser] 05
[T+3836812321us][CH2-Pc    ] 05
[T+3836988182us][CH1-Dispenser] 06
[T+3836988317us][CH2-Pc    ] 06
[T+3837153207us][CH2-Pc    ] 01
[T+3837161279us][CH1-Dispenser] 01 61
[T+3837231180us][CH2-Pc    ] 02
[T+3837235179us][CH1-Dispenser] 02 62
[T+3837302180us][CH2-Pc    ] 03
[T+3837312218us][CH1-Dispenser] 03 63
[T+3837385180us][CH2-Pc    ] 04
[T+3837391816us][CH1-Dispenser] 04 64
[T+3837463180us][CH1-Dispenser] 05
[T+3837463313us][CH2-Pc    ] 05
[T+3837638314us][CH1-Dispenser] 06
[T+3837638180us][CH2-Pc    ] 06
[T+3837813180us][CH2-Pc    ] 01
[T+3837821267us][CH1-Dispenser] 01 61
[T+3837892180us][CH2-Pc    ] 02
[T+3837902181us][CH1-Dispenser] 02 62
[T+3837970180us][CH2-Pc    ] 03
[T+3837975179us][CH1-Dispenser] 03 63
[T+3838048180us][CH2-Pc    ] 04
[T+3838056186us][CH1-Dispenser] 04 64
[T+3838126180us][CH1-Dispenser] 05
[T+3838126317us][CH2-Pc    ] 05
[T+3838302180us][CH1-Dispenser] 06
[T+3838302317us][CH2-Pc    ] 06
[T+3838474180us][CH2-Pc    ] 01
[T+3838482180us][CH1-Dispenser] 01 61
[T+3838552180us][CH2-Pc    ] 02
[T+3838556841us][CH1-Dispenser] 02 62
[T+3838620180us][CH2-Pc    ] 03
[T+3838626203us][CH1-Dispenser] 03 63
[T+3838697180us][CH2-Pc    ] 04
[T+3838707180us][CH1-Dispenser] 04 64
[T+3838776180us][CH1-Dispenser] 05
[T+3838776315us][CH2-Pc    ] 05
[T+3838951316us][CH1-Dispenser] 06
[T+3838951181us][CH2-Pc    ] 06
[T+3839127180us][CH2-Pc    ] 01
[T+3839138180us][CH1-Dispenser] 01 61
[T+3839298180us][CH2-Pc    ] 02
[T+3839305811us][CH1-Dispenser] 02 62
[T+3839378180us][CH2-Pc    ] 03
[T+3839388180us][CH1-Dispenser] 03 63
[T+3839465179us][CH1-Dispenser] 04 64
[T+3839461180us][CH2-Pc    ] 04
[T+3839529316us][CH1-Dispenser] 05
[T+3839529180us][CH2-Pc    ] 05
[T+3839709314us][CH1-Dispenser] 06
[T+3839709180us][CH2-Pc    ] 06
[T+3839896180us][CH2-Pc    ] 01
[T+3839902916us][CH1-Dispenser] 01 61
[T+3839978180us][CH2-Pc    ] 02
[T+3839988180us][CH1-Dispenser] 02 62
[T+3840063204us][CH2-Pc    ] 03
[T+3840071181us][CH1-Dispenser] 03 63
[T+3840147180us][CH2-Pc    ] 04
[T+3840152226us][CH1-Dispenser] 04 64
[T+3840229314us][CH1-Dispenser] 05
[T+3840229180us][CH2-Pc    ] 05
[T+3840404317us][CH1-Dispenser] 06
[T+3840404181us][CH2-Pc    ] 06
[T+3840587204us][CH2-Pc    ] 01
[T+3840597181us][CH1-Dispenser] 01 61
[T+3840673180us][CH2-Pc    ] 02
[T+3840680798us][CH1-Dispenser] 02 62
[T+3840762180us][CH2-Pc    ] 03
[T+3840772181us][CH1-Dispenser] 03 63
[T+3840840180us][CH2-Pc    ] 04
[T+3840848446us][CH1-Dispenser] 04 64
[T+3840924316us][CH1-Dispenser] 05
[T+3840924181us][CH2-Pc    ] 05
[T+3841114180us][CH1-Dispenser] 06
[T+3841115179us][CH2-Pc    ] 06