[T+2770584180us][CH2-Pc    ] 04
[T+2770593218us][CH1-Dispenser] 04 64
[T+2770662180us][CH1-Dispenser] 05
[T+2770662316us][CH2-Pc    ] 05
[T+2770837180us][CH1-Dispenser] 06
[T+2770837316us][CH2-Pc    ] 06
[T+2771012205us][CH2-Pc    ] 01
[T+2771020706us][CH1-Dispenser] 01 61
[T+2771090180us][CH2-Pc    ] 02
[T+2771096218us][CH1-Dispenser] 02 62
[T+2771168204us][CH2-Pc    ] 03
[T+2771173188us][CH1-Dispenser] 03 63
[T+2771246180us][CH2-Pc    ] 04
[T+2771254834us][CH1-Dispenser] 04 64
[T+2771325181us][CH1-Dispenser] 05
[T+2771325314us][CH2-Pc    ] 05
[T+2771495314us][CH1-Dispenser] 06
[T+2771495180us][CH2-Pc    ] 06
[T+2771684204us][CH2-Pc    ] 01
[T+2771691824us][CH1-Dispenser] 01 61
[T+2771762180us][CH2-Pc    ] 02
[T+2771770874us][CH1-Dispenser] 02 62
[T+2771840180us][CH2-Pc    ] 03
[T+2771849329us][CH1-Dispenser] 03 63
[T+2771918204us][CH2-Pc    ] 04
[T+2771925180us][CH1-Dispenser] 04 64
[T+2771996180us][CH1-Dispenser] 05
[T+2771996315us][CH2-Pc    ] 05
[T+2772160181us][CH1-Dispenser] 06
[T+2772160318us][CH2-Pc    ] 06
[T+2772335180us][CH2-Pc    ] 01
[T+2772341203us][CH1-Dispenser] 01 61
[T+2772413204us][CH2-Pc    ] 02
[T+2772420831us][CH1-Dispenser] 02 62
[T+2772491180us][CH2-Pc    ] 03
[T+2772497871us][CH1-Dispenser] 03 63
[T+2772569207us][CH2-Pc    ] 04
[T+2772578204us][CH1-Dispenser] 04 64
[T+2772648313us][CH1-Dispenser] 05
[T+2772648180us][CH2-Pc    ] 05
[T+2772822317us][CH1-Dispenser] 06
[T+2772822181us][CH2-Pc    ] 06
[T+2772986180us][CH2-Pc    ] 01
[T+2772992218us][CH1-Dispenser] 01 61
[T+2773065180us][CH2-Pc    ] 02
[T+2773071204us][CH1-Dispenser] 02 62
[T+2773143204us][CH2-Pc    ] 03
[T+2773148179us][CH1-Dispenser] 03 63
[T+2773221180us][CH2-Pc    ] 04
[T+2773227219us][CH1-Dispenser] 04 64
[T+2773304180us][CH1-Dispenser] 05
[T+2773304317us][CH2-Pc    ] 05
[T+2773479317us][CH1-Dispenser] 06
[T+2773479181us][CH2-Pc    ] 06
[T+2773643180us][CH2-Pc    ] 01
[T+2773653180us][CH1-Dispenser] 01 61
[T+2773721180us][CH2-Pc    ] 02
[T+2773725815us][CH1-Dispenser] 02 62
[T+2773788204us][CH2-Pc    ] 03
[T+2773793187us][CH1-Dispenser] 03 63
[T+2773866180us][CH2-Pc    ] 04
[T+2773878204us][CH1-Dispenser] 04 64
[T+2773945316us][CH1-Dispenser] 05
[T+2773945181us][CH2-Pc    ] 05
[T+2774119180us][CH1-Dispenser] 06
[T+2774119316us][CH2-Pc    ] 06
[T+2774283180us][CH2-Pc    ] 01
[T+2774291188us][CH1-Dispenser] 01 61
[T+2774361180us][CH2-Pc    ] 02
[T+2774366179us][CH1-Dispenser] 02 62
[T+2774451180us][CH2-Pc    ] 03
[T+2774458179us][CH1-Dispenser] 03 63
[T+2774528180us][CH2-Pc    ] 04
[T+2774533179us][CH1-Dispenser] 04 64
[T+2774606180us][CH1-Dispenser] 05
[T+2774607179us][CH2-Pc    ] 05
[T+2774792181us][CH1-Dispenser] 06
[T+2774792316us][CH2-Pc    ] 06
[T+2774956180us][CH2-Pc    ] 01
[T+2774961179us][CH1-Dispenser] 01 61
[T+2775034180us][CH2-Pc    ] 02
[T+2775040867us][CH1-Dispenser] 02 62
[T+2775113180us][CH2-Pc    ] 03
[T+2775119228us][CH1-Dispenser] 03 63
[T+2775191205us][CH2-Pc    ] 04
[T+2775198179us][CH1-Dispenser] 04 64
[T+2775269180us][CH1-Dispenser] 05
[T+2775269315us][CH2-Pc    ] 05
[T+2775443181us][CH1-Dispenser] 06
[T+2775443316us][CH2-Pc    ] 06
[T+2775618180us][CH2-Pc    ] 01
[T+2775626188us][CH1-Dispenser] 01 61
[T+2775696180us][CH2-Pc    ] 02
[T+2775702204us][CH1-Dispenser] 02 62
[T+2775775180us][CH2-Pc    ] 03
[T+2775786180us][CH1-Dispenser] 03 63
[T+2775853180us][CH2-Pc    ] 04
[T+2775858187us][CH1-Dispenser] 04 64
[T+2775931180us][CH1-Dispenser] 05
[T+2775931315us][CH2-Pc    ] 05
[T+2776105181us][CH1-Dispenser] 06
[T+2776106180us][CH2-Pc    ] 06
[T+2776269187us][CH2-Pc    ] 01
[T+2776276181us][CH1-Dispenser] 01 61
[T+2776348205us][CH2-Pc    ] 02
[T+2776356204us][CH1-Dispenser] 02 62
[T+2776426180us][CH2-Pc    ] 03
[T+2776436180us][CH1-Dispenser] 03 63
[T+2776504314us][CH1-Dispenser] 04
[T+2776504180us][CH2-Pc    ] 04
[T+2776516204us][CH1-Dispenser] 64
[T+2776582314us][CH1-Dispenser] 05
[T+2776582180us][CH2-Pc    ] 05
[T+2776757181us][CH1-Dispenser] 06
[T+2776757319us][CH2-Pc    ] 06
[T+2776932180us][CH2-Pc    ] 01
[T+2776936179us][CH1-Dispenser] 01 61
[T+2776999206us][CH2-Pc    ] 02
[T+2777006180us][CH1-Dispenser] 02 62
[T+2777077180us][CH2-Pc    ] 03
[T+2777083219us][CH1-Dispenser] 03 63
[T+2777162180us][CH2-Pc    ] 04
[T+2777170273us][CH1-Dispenser] 04 64
[T+2777240180us][CH1-Dispenser] 05
[T+2777240316us][CH2-Pc    ] 05
[T+2777415180us][CH1-Dispenser] 06
[T+2777415314us][CH2-Pc    ] 06
[T+2777590180us][CH2-Pc    ] 01
[T+2777595846us][CH1-Dispenser] 01 61
[T+2777668180us][CH2-Pc    ] 02
[T+2777676180us][CH1-Dispenser] 02 62
[T+2777746204us][CH2-Pc    ] 03
[T+2777753179us][CH1-Dispenser] 03 63
[T+2777824180us][CH2-Pc    ] 04
[T+2777833301us][CH1-Dispenser] 04 64
[T+2777902181us][CH1-Dispenser] 05
[T+2777902315us][CH2-Pc    ] 05
[T+2778067180us][CH1-Dispenser] 06
[T+2778067316us][CH2-Pc    ] 06
[T+2778241206us][CH2-Pc    ] 01
[T+2778246179us][CH1-Dispenser] 01 61
[T+2778309181us][CH2-Pc    ] 02
[T+2778316180us][CH1-Dispenser] 02 72
[T+2778336180us][CH2-Pc    ] 22
[T+2778341179us][CH1-Dispenser] 22 D2
[T+2778357313us][CH1-Dispenser] FF
[T+2778357180us][CH2-Pc    ] FF
[T+2778370309us][CH1-Dispenser] E9
[T+2778370181us][CH2-Pc    ] E9
[T+2778383311us][CH1-Dispenser] FE
[T+2778383180us][CH2-Pc    ] FE
[T+2778395312us][CH1-Dispenser] E0
[T+2778395180us][CH2-Pc    ] E0
[T+2778408315us][CH1-Dispenser] E1
[T+2778408180us][CH2-Pc    ] E1
[T+2778421313us][CH1-Dispenser] E0
[T+2778421180us][CH2-Pc    ] E0
[T+2778434179us][CH1-Dispenser] FB
[T+2778433180us][CH2-Pc    ] FB
[T+2778446180us][CH1-Dispenser] EE
[T+2778446311us][CH2-Pc    ] EE
[T+2778459204us][CH2-Pc    ] F0
[T+2778489204us][CH1-Dispenser] F0 BA B0 B3 B2 B0 B1 B0 B0 B0 B0 B1 B1 B1 B1 B2 C1 B9 8D 8A
[T+2778562180us][CH2-Pc    ] 03
[T+2778568218us][CH1-Dispenser] 03 63
[T+2778640204us][CH2-Pc    ] 04
[T+2778649335us][CH1-Dispenser] 04 64
[T+2778718180us][CH1-Dispenser] 05
[T+2778718316us][CH2-Pc    ] 05
[T+2778893180us][CH1-Dispenser] 06
[T+2778893315us][CH2-Pc    ] 06
[T+2779067204us][CH2-Pc    ] 01
[T+2779076204us][CH1-Dispenser] 01 61
[T+2779145204us][CH2-Pc    ] 02
[T+2779154218us][CH1-Dispenser] 02 72
[T+2779173180us][CH2-Pc    ] 22
[T+2779181187us][CH1-Dispenser] 22 D2
[T+2779194180us][CH1-Dispenser] FF
[T+2779194315us][CH2-Pc    ] FF
[T+2779207412us][CH1-Dispenser] E9
[T+2779207276us][CH2-Pc    ] E9
[T+2779220318us][CH1-Dispenser] FE
[T+2779220183us][CH2-Pc    ] FE
[T+2779233179us][CH1-Dispenser] E0
[T+2779232185us][CH2-Pc    ] E0
[T+2779245185us][CH1-Dispenser] E1
[T+2779245325us][CH2-Pc    ] E1
[T+2779258182us][CH1-Dispenser] E0
[T+2779258317us][CH2-Pc    ] E0
[T+2779270312us][CH1-Dispenser] FB
[T+2779270182us][CH2-Pc    ] FB
[T+2779283183us][CH1-Dispenser] EE
[T+2779283319us][CH2-Pc    ] EE
[T+2779297180us][CH2-Pc    ] F0
[T+2779323180us][CH1-Dispenser] F0 BA B0 B3 B2 B0 B1 B0 B0 B0 B0 B1 B1 B1 B1 B2 C1 B9 8D 8A
[T+2779388180us][CH2-Pc    ] 03
[T+2779393179us][CH1-Dispenser] 03 63
[T+2779466180us][CH2-Pc    ] 04
[T+2779472204us][CH1-Dispenser] 04 64
[T+2779544181us][CH1-Dispenser] 05
[T+2779544316us][CH2-Pc    ] 05
[T+2779730181us][CH1-Dispenser] 06
[T+2779730318us][CH2-Pc    ] 06
[T+2779894180us][CH2-Pc    ] 01
[T+2779902180us][CH1-Dispenser] 01 61
[T+2779972180us][CH2-Pc    ] 02
[T+2779976179us][CH1-Dispenser] 02 72
[T+2779990180us][CH2-Pc    ] 22
[T+2779999204us][CH1-Dispenser] 22 D2
[T+2780012187us][CH1-Dispenser] FF
[T+2780012326us][CH2-Pc    ] FF
[T+2780024314us][CH1-Dispenser] E9
[T+2780024180us][CH2-Pc    ] E9
[T+2780037313us][CH1-Dispenser] FE
[T+2780037180us][CH2-Pc    ] FE
[T+2780050310us][CH1-Dispenser] E0
[T+2780050180us][CH2-Pc    ] E0
[T+2780062180us][CH1-Dispenser] E1
[T+2780062312us][CH2-Pc    ] E1
[T+2780075313us][CH1-Dispenser] E0
[T+2780075180us][CH2-Pc    ] E0
[T+2780088313us][CH1-Dispenser] FB
[T+2780088180us][CH2-Pc    ] FB
[T+2780100313us][CH1-Dispenser] EE
[T+2780100180us][CH2-Pc    ] EE
[T+2780113180us][CH2-Pc    ] F0
[T+2780143204us][CH1-Dispenser] F0 BA B0 B3 B2 B0 B1 B0 B0 B0 B0 B1 B1 B1 B1 B2 C1 B9 8D 8A
[T+2780215206us][CH2-Pc    ] 03
[T+2780224204us][CH1-Dispenser] 03 63
[T+2780293204us][CH2-Pc    ] 04
[T+2780299203us][CH1-Dispenser] 04 64
[T+2780371180us][CH1-Dispenser] 05
[T+2780371314us][CH2-Pc    ] 05
[T+2780535314us][CH1-Dispenser] 06
[T+2780535181us][CH2-Pc    ] 06
[T+2780710180us][CH2-Pc    ] 01
[T+2780716203us][CH1-Dispenser] 01 61
[T+2780788204us][CH2-Pc    ] 02
[T+2780796188us][CH1-Dispenser] 02 72
[T+2780815180us][CH2-Pc    ] 22
[T+2780821204us][CH1-Dispenser] 22 D2
[T+2780837180us][CH1-Dispenser] FF
[T+2780837308us][CH2-Pc    ] FF
[T+2780849311us][CH1-Dispenser] E9
[T+2780849180us][CH2-Pc    ] E9
[T+2780862325us][CH1-Dispenser] FE
[T+2780862185us][CH2-Pc    ] FE
[T+2780875323us][CH1-Dispenser] E0
[T+2780875183us][CH2-Pc    ] E0
[T+2780888181us][CH1-Dispenser] E1
[T+2780888309us][CH2-Pc    ] E1
[T+2780900313us][CH1-Dispenser] E0
[T+2780900181us][CH2-Pc    ] E0
[T+2780913317us][CH1-Dispenser] FB
[T+2780913183us][CH2-Pc    ] FB
[T+2780928180us][CH1-Dispenser] EE
[T+2780928314us][CH2-Pc    ] EE
[T+2780941181us][CH2-Pc    ] F0
[T+2780968204us][CH1-Dispenser] F0 BA B0 B3 B2 B0 B1 B0 B0 B0 B0 B1 B1 B1 B1 B2 C1 B9 8D 8A
[T+2781038179us][CH1-Dispenser] 03 63
[T+2781034204us][CH2-Pc    ] 03
[T+2781101204us][CH2-Pc    ] 04
[T+2781108183us][CH1-Dispenser] 04 64
[T+2781180180us][CH1-Dispenser] 05
[T+2781180315us][CH2-Pc    ] 05
[T+2781355318us][CH1-Dispenser] 06
[T+2781355182us][CH2-Pc    ] 06
[T+2781521180us][CH2-Pc    ] 01
[T+2781527218us][CH1-Dispenser] 01 61
[T+2781599204us][CH2-Pc    ] 02
[T+2781606180us][CH1-Dispenser] 02 72
[T+2781627204us][CH2-Pc    ] 22
[T+2781634180us][CH1-Dispenser] 22 D2
[T+2781649317us][CH1-Dispenser] FF
[T+2781649453us][CH2-Pc    ] FF
[T+2781670312us][CH1-Dispenser] E9
[T+2781670180us][CH2-Pc    ] E9
[T+2781682312us][CH1-Dispenser] FE
[T+2781682180us][CH2-Pc    ] FE
[T+2781695313us][CH1-Dispenser] E0
[T+2781695180us][CH2-Pc    ] E0
[T+2781708312us][CH1-Dispenser] E1
[T+2781708180us][CH2-Pc    ] E1
[T+2781721315us][CH1-Dispenser] E0
[T+2781721180us][CH2-Pc    ] E0
[T+2781733313us][CH1-Dispenser] FB
[T+2781733180us][CH2-Pc    ] FB
[T+2781746180us][CH1-Dispenser] EE
[T+2781746311us][CH2-Pc    ] EE
[T+2781760180us][CH2-Pc    ] F0
[T+2781788180us][CH1-Dispenser] F0 BA B0 B3 B2 B0 B1 B0 B0 B0 B0 B1 B1 B1 B1 B2 C1 B9 8D 8A
[T+2781860204us][CH2-Pc    ] 03
[T+2781869205us][CH1-Dispenser] 03 63
[T+2781938204us][CH2-Pc    ] 04
[T+2781943179us][CH1-Dispenser] 04 64
[T+2782006317us][CH1-Dispenser] 05
[T+2782006182us][CH2-Pc    ] 05
[T+2782181317us][CH1-Dispenser] 06
[T+2782181181us][CH2-Pc    ] 06
[T+2782355204us][CH2-Pc    ] 01
[T+2782361218us][CH1-Dispenser] 01 61
[T+2782433204us][CH2-Pc    ] 02
[T+2782441183us][CH1-Dispenser] 02 72
[T+2782461180us][CH2-Pc    ] 22
[T+2782468179us][CH1-Dispenser] 22 D2
[T+2782482180us][CH1-Dispenser] FF
[T+2782482314us][CH2-Pc    ] FF
[T+2782495313us][CH1-Dispenser] E9
[T+2782495180us][CH2-Pc    ] E9
[T+2782508313us][CH1-Dispenser] FE
[T+2782508180us][CH2-Pc    ] FE
[T+2782520311us][CH1-Dispenser] E0
[T+2782520180us][CH2-Pc    ] E0
[T+2782533318us][CH1-Dispenser] E1
[T+2782533184us][CH2-Pc    ] E1
[T+2782546323us][CH1-Dispenser] E0
[T+2782546183us][CH2-Pc    ] E0
[T+2782559322us][CH1-Dispenser] FB
[T+2782559184us][CH2-Pc    ] FB
[T+2782571317us][CH1-Dispenser] EE
[T+2782571184us][CH2-Pc    ] EE
[T+2782584316us][CH1-Dispenser] F0
[T+2782584181us][CH2-Pc    ] F0
[T+2782617205us][CH1-Dispenser] BA B0 B3 B2 B0 B1 B0 B0 B0 B0 B1 B1 B1 B1 B2 C1 B9 8D 8A
[T+2782686204us][CH2-Pc    ] 03
[T+2782694180us][CH1-Dispenser] 03 63
[T+2782764180us][CH2-Pc    ] 04
[T+2782773218us][CH1-Dispenser] 04 64
[T+2782843181us][CH1-Dispenser] 05
[T+2782843316us][CH2-Pc    ] 05
[T+2783017180us][CH1-Dispenser] 06
[T+2783017316us][CH2-Pc    ] 06
[T+2783192180us][CH2-Pc    ] 01
[T+2783201218us][CH1-Dispenser] 01 61
[T+2783270204us][CH2-Pc    ] 02
[T+2783277826us][CH1-Dispenser] 02 72
[T+2783298204us][CH2-Pc    ] 22
[T+2783307204us][CH1-Dispenser] 22 D2
[T+2783319183us][CH1-Dispenser] FF
[T+2783320181us][CH2-Pc    ] FF
[T+2783332322us][CH1-Dispenser] E9
[T+2783332185us][CH2-Pc    ] E9
[T+2783345316us][CH1-Dispenser] FE
[T+2783345181us][CH2-Pc    ] FE
[T+2783377317us][CH1-Dispenser] E0
[T+2783377181us][CH2-Pc    ] E0
[T+2783389179us][CH1-Dispenser] E1
[T+2783388182us][CH2-Pc    ] E1
[T+2783401318us][CH1-Dispenser] E0
[T+2783401183us][CH2-Pc    ] E0
[T+2783414318us][CH1-Dispenser] FB
[T+2783414183us][CH2-Pc    ] FB
[T+2783427181us][CH1-Dispenser] EE
[T+2783427314us][CH2-Pc    ] EE
[T+2783441546us][CH2-Pc    ] F0
[T+2783469204us][CH1-Dispenser] F0 BA B0 B3 B2 B0 B1 B0 B0 B0 B0 B1 B1 B1 B1 B2 C1 B9 8D 8A
[T+2783542180us][CH2-Pc    ] 03
[T+2783548300us][CH1-Dispenser] 03 63
[T+2783620204us][CH2-Pc    ] 04
[T+2783627182us][CH1-Dispenser] 04 64
[T+2783698180us][CH1-Dispenser] 05
[T+2783698313us][CH2-Pc    ] 05
[T+2783862180us][CH1-Dispenser] 06
[T+2783862315us][CH2-Pc    ] 06
[T+2784037181us][CH2-Pc    ] 01
[T+2784041179us][CH1-Dispenser] 01 61
[T+2784104205us][CH2-Pc    ] 02
[T+2784111797us][CH1-Dispenser] 02 72
[T+2784132204us][CH2-Pc    ] 22
[T+2784138983us][CH1-Dispenser] 22 D2
[T+2784153184us][CH1-Dispenser] FF
[T+2784153324us][CH2-Pc    ] FF
[T+2784166324us][CH1-Dispenser] E9
[T+2784166186us][CH2-Pc    ] E9
[T+2784179320us][CH1-Dispenser] FE
[T+2784179182us][CH2-Pc    ] FE
[T+2784191317us][CH1-Dispenser] E0
[T+2784191181us][CH2-Pc    ] E0
[T+2784204180us][CH1-Dispenser] E1
[T+2784204311us][CH2-Pc    ] E1
[T+2784217316us][CH1-Dispenser] E0
[T+2784217181us][CH2-Pc    ] E0
[T+2784229314us][CH1-Dispenser] FB
[T+2784229181us][CH2-Pc    ] FB
[T+2784242321us][CH1-Dispenser] EE
[T+2784242181us][CH2-Pc    ] EE
[T+2784255180us][CH2-Pc    ] F0
[T+2784284180us][CH1-Dispenser] F0 BA B0 B3 B2 B0 B1 B0 B0 B0 B0 B1 B1 B1 B1 B2 C1 B9 8D 8A
[T+2784357180us][CH2-Pc    ] 03
[T+2784365180us][CH1-Dispenser] 03 63
[T+2784434204us][CH2-Pc    ] 04
[T+2784438179us][CH1-Dispenser] 04 64
[T+2784502180us][CH1-Dispenser] 05
[T+2784502313us][CH2-Pc    ] 05
[T+2784677181us][CH1-Dispenser] 06
[T+2784677315us][CH2-Pc    ] 06
[T+2784852204us][CH2-Pc    ] 01
[T+2784857187us][CH1-Dispenser] 01 61
[T+2784930180us][CH2-Pc    ] 02
[T+2784936203us][CH1-Dispenser] 02 72
[T+2784957364us][CH2-Pc    ] 22
[T+2784962179us][CH1-Dispenser] 22 D2
[T+2784979180us][CH1-Dispenser] FF
[T+2784979313us][CH2-Pc    ] FF
[T+2784992324us][CH1-Dispenser] E9
[T+2784992184us][CH2-Pc    ] E9
[T+2785004327us][CH1-Dispenser] FE
[T+2785004188us][CH2-Pc    ] FE
[T+2785018183us][CH1-Dispenser] E0
[T+2785018322us][CH2-Pc    ] E0
[T+2785029183us][CH1-Dispenser] E1
[T+2785029319us][CH2-Pc    ] E1
[T+2785042313us][CH1-Dispenser] E0
[T+2785042180us][CH2-Pc    ] E0
[T+2785063318us][CH1-Dispenser] FB
[T+2785063180us][CH2-Pc    ] FB
[T+2785076180us][CH1-Dispenser] EE
[T+2785076315us][CH2-Pc    ] EE
[T+2785089180us][CH2-Pc    ] F0
[T+2785120180us][CH1-Dispenser] F0 BA B0 B3 B2 B0 B1 B0 B0 B0 B0 B1 B1 B1 B1 B2 C1 B9 8D 8A
[T+2785190180us][CH2-Pc    ] 03
[T+2785199219us][CH1-Dispenser] 03 63
[T+2785268205us][CH2-Pc    ] 04
[T+2785273179us][CH1-Dispenser] 04 64
[T+2785336181us][CH1-Dispenser] 05
[T+2785336317us][CH2-Pc    ] 05
[T+2785511180us][CH1-Dispenser] 06
[T+2785511314us][CH2-Pc    ] 06
[T+2785675181us][CH2-Pc    ] 01
[T+2785682180us][CH1-Dispenser] 01 61
[T+2785753180us][CH2-Pc    ] 02
[T+2785763180us][CH1-Dispenser] 02 72
[T+2785780180us][CH2-Pc    ] 22
[T+2785787180us][CH1-Dispenser] 22 D2
[T+2785802315us][CH1-Dispenser] FF
[T+2785802180us][CH2-Pc    ] FF
[T+2785814316us][CH1-Dispenser] E9
[T+2785814181us][CH2-Pc    ] E9
[T+2785827312us][CH1-Dispenser] FE
[T+2785827180us][CH2-Pc    ] FE
[T+2785840313us][CH1-Dispenser] E0
[T+2785840180us][CH2-Pc    ] E0
[T+2785852181us][CH1-Dispenser] E1
[T+2785852319us][CH2-Pc    ] E1
[T+2785865314us][CH1-Dispenser] E0
[T+2785865180us][CH2-Pc    ] E0
[T+2785878190us][CH1-Dispenser] FB
[T+2785878324us][CH2-Pc    ] FB
[T+2785890313us][CH1-Dispenser] EE
[T+2785890181us][CH2-Pc    ] EE
[T+2785903180us][CH2-Pc    ] F0
[T+2785934180us][CH1-Dispenser] F0 BA B0 B3 B2 B0 B1 B0 B0 B0 B0 B1 B1 B1 B1 B2 C1 B9 8D 8A
[T+2786006204us][CH2-Pc    ] 03
[T+2786013764us][CH1-Dispenser] 03 63
[T+2786084181us][CH2-Pc    ] 04
[T+2786089187us][CH1-Dispenser] 04 64
[T+2786162180us][CH1-Dispenser] 05
[T+2786162313us][CH2-Pc    ] 05
[T+2786337180us][CH1-Dispenser] 06
[T+2786337315us][CH2-Pc    ] 06
[T+2786511204us][CH2-Pc    ] 01
[T+2786516179us][CH1-Dispenser] 01 61
[T+2786590180us][CH2-Pc    ] 02
[T+2786598181us][CH1-Dispenser] 02 72
[T+2786617180us][CH2-Pc    ] 22
[T+2786623829us][CH1-Dispenser] 22 D2
[T+2786639181us][CH1-Dispenser] FF
[T+2786639314us][CH2-Pc    ] FF
[T+2786651315us][CH1-Dispenser] E9
[T+2786651181us][CH2-Pc    ] E9
[T+2786664312us][CH1-Dispenser] FE
[T+2786664180us][CH2-Pc    ] FE
[T+2786676314us][CH1-Dispenser] E0
[T+2786676181us][CH2-Pc    ] E0
[T+2786689315us][CH1-Dispenser] E1
[T+2786689181us][CH2-Pc    ] E1
[T+2786702375us][CH1-Dispenser] E0
[T+2786702181us][CH2-Pc    ] E0
[T+2786715311us][CH1-Dispenser] FB
[T+2786715181us][CH2-Pc    ] FB
[T+2786727313us][CH1-Dispenser] EE
[T+2786727181us][CH2-Pc    ] EE
[T+2786740207us][CH2-Pc    ] F0
[T+2786769180us][CH1-Dispenser] F0 BA B0 B3 B2 B0 B1 B0 B0 B0 B0 B1 B1 B1 B1 B2 C1 B9 8D 8A
[T+2786842180us][CH2-Pc    ] 03
[T+2786849833us][CH1-Dispenser] 03 63
[T+2786920180us][CH2-Pc    ] 04
[T+2786929210us][CH1-Dispenser] 04 64
[T+2786998181us][CH1-Dispenser] 05
[T+2786998315us][CH2-Pc    ] 05
[T+2787184180us][CH1-Dispenser] 06
[T+2787184316us][CH2-Pc    ] 06
[T+2787347180us][CH2-Pc    ] 01
[T+2787351179us][CH1-Dispenser] 01 61
[T+2787415185us][CH2-Pc    ] 02
[T+2787423180us][CH1-Dispenser] 02 72
[T+2787454181us][CH1-Dispenser] 22 D2 FF
[T+2787454316us][CH2-Pc    ] 22 FF
[T+2787469320us][CH1-Dispenser] E9
[T+2787469183us][CH2-Pc    ] E9
[T+2787480320us][CH1-Dispenser] FE
[T+2787480183us][CH2-Pc    ] FE
[T+2787493309us][CH1-Dispenser] E0
[T+2787493181us][CH2-Pc    ] E0
[T+2787506311us][CH1-Dispenser] E1
[T+2787506180us][CH2-Pc    ] E1
[T+2787518321us][CH1-Dispenser] E0
[T+2787518181us][CH2-Pc    ] E0
[T+2787531325us][CH1-Dispenser] FB
[T+2787531186us][CH2-Pc    ] FB
[T+2787544321us][CH1-Dispenser] EE
[T+2787544183us][CH2-Pc    ] EE
[T+2787557180us][CH2-Pc    ] F0
[T+2787585180us][CH1-Dispenser] F0 BA B0 B3 B2 B0 B1 B0 B0 B0 B0 B1 B1 B1 B1 B2 C1 B9 8D 8A
[T+2787658180us][CH2-Pc    ] 03
[T+2787664218us][CH1-Dispenser] 03 63
[T+2787736205us][CH2-Pc    ] 04
[T+2787743179us][CH1-Dispenser] 04 64
[T+2787814314us][CH1-Dispenser] 05
[T+2787814180us][CH2-Pc    ] 05
[T+2787989181us][CH1-Dispenser] 06
[T+2787989317us][CH2-Pc    ] 06
[T+2788164180us][CH2-Pc    ] 01
[T+2788172771us][CH1-Dispenser] 01 61
[T+2788247204us][CH2-Pc    ] 02
[T+2788252179us][CH1-Dispenser] 02 72
[T+2788274180us][CH2-Pc    ] 22
[T+2788282187us][CH1-Dispenser] 22 D2
[T+2788296180us][CH1-Dispenser] FF
[T+2788296314us][CH2-Pc    ] FF
[T+2788309183us][CH1-Dispenser] E9
[T+2788309321us][CH2-Pc    ] E9
[T+2788321314us][CH1-Dispenser] FE
[T+2788321180us][CH2-Pc    ] FE
[T+2788334309us][CH1-Dispenser] E0
[T+2788334181us][CH2-Pc    ] E0
[T+2788346313us][CH1-Dispenser] E1
[T+2788346181us][CH2-Pc    ] E1
[T+2788359316us][CH1-Dispenser] E0
[T+2788359182us][CH2-Pc    ] E0
[T+2788372314us][CH1-Dispenser] FB
[T+2788372181us][CH2-Pc    ] FB
[T+2788384180us][CH1-Dispenser] EE
[T+2788385179us][CH2-Pc    ] EE
[T+2788397180us][CH2-Pc    ] F0
[T+2788425180us][CH1-Dispenser] F0 BA B0 B3 B2 B0 B1 B0 B0 B0 B0 B1 B1 B1 B1 B2 C1 B9 8D 8A
[T+2788489180us][CH2-Pc    ] 03
[T+2788494179us][CH1-Dispenser] 03 63
[T+2788567180us][CH2-Pc    ] 04
[T+2788574180us][CH1-Dispenser] 04 64
[T+2788645181us][CH1-Dispenser] 05
[T+2788645318us][CH2-Pc    ] 05
[T+2788820182us][CH1-Dispenser] 06
[T+2788820320us][CH2-Pc    ] 06
[T+2788995315us][CH1-Dispenser] 01
[T+2788995180us][CH2-Pc    ] 01
[T+2789007226us][CH1-Dispenser] 61
[T+2789073204us][CH2-Pc    ] 02
[T+2789082218us][CH1-Dispenser] 02 72
[T+2789101180us][CH2-Pc    ] 22
[T+2789108752us][CH1-Dispenser] 22 D2
[T+2789122180us][CH1-Dispenser] FF
[T+2789122310us][CH2-Pc    ] FF
[T+2789136184us][CH1-Dispenser] E9
[T+2789136325us][CH2-Pc    ] E9
[T+2789147678us][CH1-Dispenser] FE
[T+2789147537us][CH2-Pc    ] FE
[T+2789160313us][CH1-Dispenser] E0
[T+2789160180us][CH2-Pc    ] E0
[T+2789173180us][CH1-Dispenser] E1
[T+2789173308us][CH2-Pc    ] E1
[T+2789185311us][CH1-Dispenser] E0
[T+2789185180us][CH2-Pc    ] E0
[T+2789198316us][CH1-Dispenser] FB
[T+2789198180us][CH2-Pc    ] FB
[T+2789211184us][CH1-Dispenser] EE
[T+2789211324us][CH2-Pc    ] EE
[T+2789223213us][CH2-Pc    ] F0
[T+2789255180us][CH1-Dispenser] F0 BA B0 B3 B2 B0 B1 B0 B0 B0 B0 B1 B1 B1 B1 B2 C1 B9 8D 8A
[T+2789325180us][CH2-Pc    ] 03
[T+2789334218us][CH1-Dispenser] 03 63
[T+2789404180us][CH2-Pc    ] 04
[T+2789410820us][CH1-Dispenser] 04 64
[T+2789482318us][CH1-Dispenser] 05
[T+2789482181us][CH2-Pc    ] 05
[T+2789664314us][CH1-Dispenser] 06
[T+2789664180us][CH2-Pc    ] 06
[T+2789839180us][CH2-Pc    ] 01
[T+2789846179us][CH1-Dispenser] 01 61
[T+2789917180us][CH2-Pc    ] 02
[T+2789922179us][CH1-Dispenser] 02 72
[T+2789944180us][CH2-Pc    ] 22
[T+2789951744us][CH1-Dispenser] 22 D2
[T+2789966180us][CH1-Dispenser] FF
[T+2789966314us][CH2-Pc    ] FF
[T+2789978318us][CH1-Dispenser] E9
[T+2789978182us][CH2-Pc    ] E9
[T+2789991323us][CH1-Dispenser] FE
[T+2789991184us][CH2-Pc    ] FE
[T+2790004317us][CH1-Dispenser] E0
[T+2790004182us][CH2-Pc    ] E0
[T+2790016181us][CH1-Dispenser] E1
[T+2790016311us][CH2-Pc    ] E1
[T+2790029312us][CH1-Dispenser] E0
[T+2790029181us][CH2-Pc    ] E0
[T+2790043313us][CH1-Dispenser] FB
[T+2790043180us][CH2-Pc    ] FB
[T+2790064313us][CH1-Dispenser] EE
[T+2790064180us][CH2-Pc    ] EE
[T+2790088205us][CH2-Pc    ] F0
[T+2790115204us][CH1-Dispenser] F0 BA B0 B3 B2 B0 B1 B0 B0 B0 B0 B1 B1 B1 B1 B2 C1 B9 8D 8A
[T+2790179182us][CH2-Pc    ] 03
[T+2790186180us][CH1-Dispenser] 03 63
[T+2790257180us][CH2-Pc    ] 04
[T+2790264180us][CH1-Dispenser] 04 64
[T+2790336317us][CH1-Dispenser] 05
[T+2790336180us][CH2-Pc    ] 05
[T+2790511315us][CH1-Dispenser] 06
[T+2790511181us][CH2-Pc    ] 06
[T+2790675180us][CH2-Pc    ] 01
[T+2790684204us][CH1-Dispenser] 01 61
[T+2790753204us][CH2-Pc    ] 02
[T+2790758179us][CH1-Dispenser] 02 72
[T+2790780180us][CH2-Pc    ] 22
[T+2790787180us][CH1-Dispenser] 22 D2
[T+2790801312us][CH1-Dispenser] FF
[T+2790801180us][CH2-Pc    ] FF
[T+2790814313us][CH1-Dispenser] E9
[T+2790814181us][CH2-Pc    ] E9
[T+2790827314us][CH1-Dispenser] FE
[T+2790827180us][CH2-Pc    ] FE
[T+2790839313us][CH1-Dispenser] E0
[T+2790839180us][CH2-Pc    ] E0
[T+2790852313us][CH1-Dispenser] E1
[T+2790852181us][CH2-Pc    ] E1
[T+2790865311us][CH1-Dispenser] E0
[T+2790865180us][CH2-Pc    ] E0
[T+2790878313us][CH1-Dispenser] FB
[T+2790878180us][CH2-Pc    ] FB
[T+2790890180us][CH1-Dispenser] EE
[T+2790890316us][CH2-Pc    ] EE
[T+2790903180us][CH2-Pc    ] F0
[T+2790935180us][CH1-Dispenser] F0 BA B0 B3 B2 B0 B1 B0 B0 B0 B0 B1 B1 B1 B1 B2 C1 B9 8D 8A
[T+2791005180us][CH2-Pc    ] 03
[T+2791010187us][CH1-Dispenser] 03 63
[T+2791087180us][CH2-Pc    ] 04
[T+2791094180us][CH1-Dispenser] 04 64
[T+2791165180us][CH1-Dispenser] 05
[T+2791165316us][CH2-Pc    ] 05
[T+2791345319us][CH1-Dispenser] 06
[T+2791345181us][CH2-Pc    ] 06
[T+2791521180us][CH2-Pc    ] 01
[T+2791527203us][CH1-Dispenser] 01 61
[T+2791603180us][CH2-Pc    ] 02
[T+2791612218us][CH1-Dispenser] 02 72
[T+2791630205us][CH2-Pc    ] 22
[T+2791637180us][CH1-Dispenser] 22 D2
[T+2791653189us][CH1-Dispenser] FF
[T+2791653330us][CH2-Pc    ] FF
[T+2791665321us][CH1-Dispenser] E9
[T+2791665183us][CH2-Pc    ] E9
[T+2791678317us][CH1-Dispenser] FE
[T+2791678181us][CH2-Pc    ] FE
[T+2791690311us][CH1-Dispenser] E0
[T+2791690180us][CH2-Pc    ] E0
[T+2791703311us][CH1-Dispenser] E1
[T+2791703181us][CH2-Pc    ] E1
[T+2791715324us][CH1-Dispenser] E0
[T+2791715185us][CH2-Pc    ] E0
[T+2791728318us][CH1-Dispenser] FB
[T+2791728183us][CH2-Pc    ] FB
[T+2791741314us][CH1-Dispenser] EE
[T+2791741180us][CH2-Pc    ] EE
[T+2791754180us][CH2-Pc    ] F0
[T+2791785180us][CH1-Dispenser] F0 BA B0 B3 B2 B0 B1 B0 B0 B0 B0 B1 B1 B1 B1 B2 C1 B9 8D 8A
[T+2791856180us][CH2-Pc    ] 03
[T+2791864194us][CH1-Dispenser] 03 63
[T+2791934180us][CH2-Pc    ] 04
[T+2791939834us][CH1-Dispenser] 04 64
[T+2792012181us][CH1-Dispenser] 05
[T+2792012315us][CH2-Pc    ] 05
[T+2792189181us][CH1-Dispenser] 06
[T+2792189316us][CH2-Pc    ] 06
[T+2792364207us][CH2-Pc    ] 01
[T+2792373668us][CH1-Dispenser] 01 61
[T+2792442205us][CH2-Pc    ] 02
[T+2792448869us][CH1-Dispenser] 02 72
[T+2792469204us][CH2-Pc    ] 22
[T+2792477181us][CH1-Dispenser] 22 D2
[T+2792491181us][CH1-Dispenser] FF
[T+2792491315us][CH2-Pc    ] FF
[T+2792504326us][CH1-Dispenser] E9
[T+2792504186us][CH2-Pc    ] E9
[T+2792516313us][CH1-Dispenser] FE
[T+2792516180us][CH2-Pc    ] FE
[T+2792529315us][CH1-Dispenser] E0
[T+2792529181us][CH2-Pc    ] E0
[T+2792542181us][CH1-Dispenser] E1
[T+2792542314us][CH2-Pc    ] E1
[T+2792554315us][CH1-Dispenser] E0
[T+2792554181us][CH2-Pc    ] E0
[T+2792567315us][CH1-Dispenser] FB
[T+2792567181us][CH2-Pc    ] FB
[T+2792596312us][CH1-Dispenser] EE
[T+2792596180us][CH2-Pc    ] EE
[T+2792609180us][CH2-Pc    ] F0
[T+2792641180us][CH1-Dispenser] F0 BA B0 B3 B2 B0 B1 B0 B0 B0 B0 B1 B1 B1 B1 B2 C1 B9 8D 8A
[T+2792737206us][CH2-Pc    ] 03
[T+2792745833us][CH1-Dispenser] 03 63
[T+2792815204us][CH2-Pc    ] 04
[T+2792824218us][CH1-Dispenser] 04 64
[T+2792893314us][CH1-Dispenser] 05
[T+2792893180us][CH2-Pc    ] 05
[T+2793071318us][CH1-Dispenser] 06
[T+2793071181us][CH2-Pc    ] 06
[T+2793246180us][CH2-Pc    ] 01
[T+2793252218us][CH1-Dispenser] 01 61
[T+2793324204us][CH2-Pc    ] 02
[T+2793333218us][CH1-Dispenser] 02 72
[T+2793351204us][CH2-Pc    ] 22
[T+2793356182us][CH1-Dispenser] 22 D2
[T+2793373316us][CH1-Dispenser] FF
[T+2793373180us][CH2-Pc    ] FF
[T+2793385326us][CH1-Dispenser] E9
[T+2793385187us][CH2-Pc    ] E9
[T+2793398325us][CH1-Dispenser] FE
[T+2793398184us][CH2-Pc    ] FE
[T+2793411321us][CH1-Dispenser] E0
[T+2793411183us][CH2-Pc    ] E0
[T+2793424319us][CH1-Dispenser] E1
[T+2793424183us][CH2-Pc    ] E1
[T+2793436313us][CH1-Dispenser] E0
[T+2793436181us][CH2-Pc    ] E0
[T+2793449317us][CH1-Dispenser] FB
[T+2793449182us][CH2-Pc    ] FB
[T+2793462312us][CH1-Dispenser] EE
[T+2793462181us][CH2-Pc    ] EE
[T+2793474204us][CH2-Pc    ] F0
[T+2793506180us][CH1-Dispenser] F0 BA B0 B3 B2 B0 B1 B0 B0 B0 B0 B1 B1 B1 B1 B2 C1 B9 8D 8A
[T+2793576180us][CH2-Pc    ] 03
[T+2793585787us][CH1-Dispenser] 03 63
[T+2793654204us][CH2-Pc    ] 04
[T+2793659179us][CH1-Dispenser] 04 64
[T+2793732181us][CH1-Dispenser] 05
[T+2793732315us][CH2-Pc    ] 05
[T+2793910315us][CH1-Dispenser] 06
[T+2793910180us][CH2-Pc    ] 06
[T+2794085205us][CH2-Pc    ] 01
[T+2794091875us][CH1-Dispenser] 01 61
[T+2794163205us][CH2-Pc    ] 02
[T+2794167179us][CH1-Dispenser] 02 72
[T+2794179205us][CH2-Pc    ] 22
[T+2794187208us][CH1-Dispenser] 22 D2
[T+2794201181us][CH1-Dispenser] FF
[T+2794201317us][CH2-Pc    ] FF
[T+2794213313us][CH1-Dispenser] E9
[T+2794213180us][CH2-Pc    ] E9
[T+2794226317us][CH1-Dispenser] FE
[T+2794226181us][CH2-Pc    ] FE
[T+2794239316us][CH1-Dispenser] E0
[T+2794239181us][CH2-Pc    ] E0
[T+2794252181us][CH1-Dispenser] E1
[T+2794252317us][CH2-Pc    ] E1
[T+2794274517us][CH1-Dispenser] E0
[T+2794274379us][CH2-Pc    ] E0
[T+2794287581us][CH1-Dispenser] FB
[T+2794287443us][CH2-Pc    ] FB
[T+2794299180us][CH1-Dispenser] EE
[T+2794299314us][CH2-Pc    ] EE
[T+2794312180us][CH2-Pc    ] F0
[T+2794342204us][CH1-Dispenser] F0 BA B0 B3 B2 B0 B1 B0 B0 B0 B0 B1 B1 B1 B1 B2 C1 B9 8D 8A
[T+2794414204us][CH2-Pc    ] 03
[T+2794419179us][CH1-Dispenser] 03 63
[T+2794492180us][CH2-Pc    ] 04
[T+2794502181us][CH1-Dispenser] 04 64
[T+2794570180us][CH1-Dispenser] 05
[T+2794570314us][CH2-Pc    ] 05
[T+2794745322us][CH1-Dispenser] 06
[T+2794745181us][CH2-Pc    ] 06
[T+2794909180us][CH2-Pc    ] 01
[T+2794918209us][CH1-Dispenser] 01 61
[T+2794987206us][CH2-Pc    ] 02
[T+2794994180us][CH1-Dispenser] 02 72
[T+2795014180us][CH2-Pc    ] 22
[T+2795036180us][CH1-Dispenser] 22 D2 FF
[T+2795036313us][CH2-Pc    ] FF
[T+2795049179us][CH1-Dispenser] E9
[T+2795048183us][CH2-Pc    ] E9
[T+2795061318us][CH1-Dispenser] FE
[T+2795061181us][CH2-Pc    ] FE
[T+2795075317us][CH1-Dispenser] E0
[T+2795075181us][CH2-Pc    ] E0
[T+2795086182us][CH1-Dispenser] E1
[T+2795087179us][CH2-Pc    ] E1
[T+2795099317us][CH1-Dispenser] E0
[T+2795099182us][CH2-Pc    ] E0
[T+2795112319us][CH1-Dispenser] FB
[T+2795112181us][CH2-Pc    ] FB
[T+2795125324us][CH1-Dispenser] EE
[T+2795125186us][CH2-Pc    ] EE
[T+2795138180us][CH2-Pc    ] F0
[T+2795165205us][CH1-Dispenser] F0 BA B0 B3 B2 B0 B1 B0 B0 B0 B0 B1 B1 B1 B1 B2 C1 B9 8D 8A
[T+2795235180us][CH2-Pc    ] 03
[T+2795241204us][CH1-Dispenser] 03 63
[T+2795313204us][CH2-Pc    ] 04
[T+2795320180us][CH1-Dispenser] 04 64
[T+2795391317us][CH1-Dispenser] 05
[T+2795391180us][CH2-Pc    ] 05
[T+2795566316us][CH1-Dispenser] 06
[T+2795566180us][CH2-Pc    ] 06
[T+2795741180us][CH2-Pc    ] 01
[T+2795749197us][CH1-Dispenser] 01 61
[T+2795819180us][CH2-Pc    ] 02
[T+2795829180us][CH1-Dispenser] 02 72
[T+2795846180us][CH2-Pc    ] 22
[T+2795852218us][CH1-Dispenser] 22 D2
[T+2795868315us][CH1-Dispenser] FF
[T+2795868180us][CH2-Pc    ] FF
[T+2795880314us][CH1-Dispenser] E9
[T+2795880181us][CH2-Pc    ] E9
[T+2795893312us][CH1-Dispenser] FE
[T+2795893180us][CH2-Pc    ] FE
[T+2795906313us][CH1-Dispenser] E0
[T+2795906180us][CH2-Pc    ] E0
[T+2795918319us][CH1-Dispenser] E1
[T+2795918180us][CH2-Pc    ] E1
[T+2795931312us][CH1-Dispenser] E0
[T+2795931180us][CH2-Pc    ] E0
[T+2795944313us][CH1-Dispenser] FB
[T+2795944180us][CH2-Pc    ] FB
[T+2795965180us][CH1-Dispenser] EE
[T+2795965312us][CH2-Pc    ] EE
[T+2795978180us][CH2-Pc    ] F0
[T+2796010180us][CH1-Dispenser] F0 BA B0 B3 B2 B0 B1 B0 B0 B0 B0 B1 B1 B1 B1 B2 C1 B9 8D 8A
[T+2796080180us][CH2-Pc    ] 03
[T+2796084179us][CH1-Dispenser] 03 63
[T+2796147204us][CH2-Pc    ] 04
[T+2796154834us][CH1-Dispenser] 04 64
[T+2796225181us][CH1-Dispenser] 05
[T+2796225314us][CH2-Pc    ] 05
[T+2796400180us][CH1-Dispenser] 06
[T+2796400316us][CH2-Pc    ] 06
[T+2796564180us][CH2-Pc    ] 01
[T+2796574180us][CH1-Dispenser] 01 61
[T+2796642180us][CH2-Pc    ] 02
[T+2796647179us][CH1-Dispenser] 02 72
[T+2796659204us][CH2-Pc    ] 22
[T+2796680316us][CH1-Dispenser] 22 D2 FF
[T+2796680181us][CH2-Pc    ] FF
[T+2796694320us][CH1-Dispenser] E9
[T+2796694181us][CH2-Pc    ] E9
[T+2796707384us][CH1-Dispenser] FE
[T+2796707253us][CH2-Pc    ] FE
[T+2796721321us][CH1-Dispenser] E0
[T+2796721183us][CH2-Pc    ] E0
[T+2796733186us][CH1-Dispenser] E1
[T+2796733326us][CH2-Pc    ] E1
[T+2796745328us][CH1-Dispenser] E0
[T+2796745189us][CH2-Pc    ] E0
[T+2796757312us][CH1-Dispenser] FB
[T+2796757180us][CH2-Pc    ] FB
[T+2796770180us][CH1-Dispenser] EE
[T+2796770313us][CH2-Pc    ] EE
[T+2796783180us][CH2-Pc    ] F0
[T+2796810204us][CH1-Dispenser] F0 BA B0 B3 B2 B0 B1 B0 B0 B0 B0 B1 B1 B1 B1 B2 C1 B9 8D 8A
[T+2796875180us][CH2-Pc    ] 03
[T+2796878207us][CH1-Dispenser] 03 63
[T+2796944204us][CH2-Pc    ] 04
[T+2796949179us][CH1-Dispenser] 04 64
[T+2797022314us][CH1-Dispenser] 05
[T+2797022180us][CH2-Pc    ] 05
[T+2797197180us][CH1-Dispenser] 06
[T+2797197315us][CH2-Pc    ] 06
[T+2797361180us][CH2-Pc    ] 01
[T+2797367203us][CH1-Dispenser] 01 61
[T+2797439204us][CH2-Pc    ] 02
[T+2797449181us][CH1-Dispenser] 02 72
[T+2797466181us][CH2-Pc    ] 22
[T+2797474187us][CH1-Dispenser] 22 D2
[T+2797488314us][CH1-Dispenser] FF
[T+2797488180us][CH2-Pc    ] FF
[T+2797500321us][CH1-Dispenser] E9
[T+2797500184us][CH2-Pc    ] E9
[T+2797513310us][CH1-Dispenser] FE
[T+2797513181us][CH2-Pc    ] FE
[T+2797526312us][CH1-Dispenser] E0
[T+2797526180us][CH2-Pc    ] E0
[T+2797539313us][CH1-Dispenser] E1
[T+2797539180us][CH2-Pc    ] E1
[T+2797555325us][CH1-Dispenser] E0
[T+2797555181us][CH2-Pc    ] E0
[T+2797567323us][CH1-Dispenser] FB
[T+2797567185us][CH2-Pc    ] FB
[T+2797580180us][CH1-Dispenser] EE
[T+2797580313us][CH2-Pc    ] EE
[T+2797592204us][CH2-Pc    ] F0
[T+2797621180us][CH1-Dispenser] F0 BA B0 B3 B2 B0 B1 B0 B0 B0 B0 B1 B1 B1 B1 B2 C1 B9 8D 8A
[T+2797694180us][CH2-Pc    ] 03
[T+2797700219us][CH1-Dispenser] 03 63
[T+2797772204us][CH2-Pc    ] 04
[T+2797779183us][CH1-Dispenser] 04 64
[T+2797850313us][CH1-Dispenser] 05
[T+2797850180us][CH2-Pc    ] 05
[T+2798025181us][CH1-Dispenser] 06
[T+2798025315us][CH2-Pc    ] 06
[T+2798189180us][CH2-Pc    ] 01
[T+2798198204us][CH1-Dispenser] 01 61
[T+2798267204us][CH2-Pc    ] 02
[T+2798272179us][CH1-Dispenser] 02 72
[T+2798295180us][CH2-Pc    ] 22
[T+2798304219us][CH1-Dispenser] 22 D2
[T+2798316180us][CH1-Dispenser] FF
[T+2798316315us][CH2-Pc    ] FF
[T+2798329314us][CH1-Dispenser] E9
[T+2798329180us][CH2-Pc    ] E9
[T+2798341327us][CH1-Dispenser] FE
[T+2798341188us][CH2-Pc    ] FE
[T+2798354320us][CH1-Dispenser] E0
[T+2798354183us][CH2-Pc    ] E0
[T+2798367952us][CH1-Dispenser] E1
[T+2798368087us][CH2-Pc    ] E1
[T+2798379313us][CH1-Dispenser] E0
[T+2798379181us][CH2-Pc    ] E0
[T+2798392315us][CH1-Dispenser] FB
[T+2798392181us][CH2-Pc    ] FB
[T+2798405180us][CH1-Dispenser] EE
[T+2798405313us][CH2-Pc    ] EE
[T+2798418180us][CH2-Pc    ] F0
[T+2798446180us][CH1-Dispenser] F0 BA B0 B3 B2 B0 B1 B0 B0 B0 B0 B1 B1 B1 B1 B2 C1 B9 8D 8A
[T+2798534179us][CH1-Dispenser] 03 63
[T+2798530204us][CH2-Pc    ] 03
[T+2798597204us][CH2-Pc    ] 04
[T+2798606222us][CH1-Dispenser] 04 64
[T+2798675316us][CH1-Dispenser] 05
[T+2798675180us][CH2-Pc    ] 05
[T+2798850180us][CH1-Dispenser] 06
[T+2798850314us][CH2-Pc    ] 06
[T+2799025180us][CH2-Pc    ] 01
[T+2799032180us][CH1-Dispenser] 01 61
[T+2799103180us][CH2-Pc    ] 02
[T+2799108836us][CH1-Dispenser] 02 72
[T+2799130180us][CH2-Pc    ] 22
[T+2799137180us][CH1-Dispenser] 22 D2
[T+2799152324us][CH1-Dispenser] FF
[T+2799152183us][CH2-Pc    ] FF
[T+2799165179us][CH1-Dispenser] E9
[T+2799164180us][CH2-Pc    ] E9
[T+2799177313us][CH1-Dispenser] FE
[T+2799177180us][CH2-Pc    ] FE
[T+2799190318us][CH1-Dispenser] E0
[T+2799190182us][CH2-Pc    ] E0
[T+2799203682us][CH1-Dispenser] E1
[T+2799203846us][CH2-Pc    ] E1
[T+2799216183us][CH1-Dispenser] E0
[T+2799216322us][CH2-Pc    ] E0
[T+2799228324us][CH1-Dispenser] FB
[T+2799228186us][CH2-Pc    ] FB
[T+2799241181us][CH1-Dispenser] EE
[T+2799241314us][CH2-Pc    ] EE
[T+2799254180us][CH2-Pc    ] F0
[T+2799284204us][CH1-Dispenser] F0 BA B0 B3 B2 B0 B1 B0 B0 B0 B0 B1 B1 B1 B1 B2 C1 B9 8D 8A
[T+2799351180us][CH2-Pc    ] 03
[T+2799361180us][CH1-Dispenser] 03 63
[T+2799429180us][CH2-Pc    ] 04
[T+2799435203us][CH1-Dispenser] 04 64
[T+2799507180us][CH1-Dispenser] 05
[T+2799507315us][CH2-Pc    ] 05
[T+2799682180us][CH1-Dispenser] 06
[T+2799682317us][CH2-Pc    ] 06
[T+2799846180us][CH2-Pc    ] 01
[T+2799852204us][CH1-Dispenser] 01 61
[T+2799924205us][CH2-Pc    ] 02
[T+2799935180us][CH1-Dispenser] 02 72
[T+2799952180us][CH2-Pc    ] 22
[T+2799958218us][CH1-Dispenser] 22 D2
[T+2799973311us][CH1-Dispenser] FF
[T+2799973181us][CH2-Pc    ] FF
[T+2799986313us][CH1-Dispenser] E9
[T+2799986181us][CH2-Pc    ] E9
[T+2799998315us][CH1-Dispenser] FE
[T+2799998181us][CH2-Pc    ] FE
[T+2800011319us][CH1-Dispenser] E0
[T+2800011180us][CH2-Pc    ] E0
[T+2800024181us][CH1-Dispenser] E1
[T+2800024317us][CH2-Pc    ] E1
[T+2800037314us][CH1-Dispenser] E0
[T+2800037180us][CH2-Pc    ] E0
[T+2800049695us][CH1-Dispenser] FB
[T+2800049540us][CH2-Pc    ] FB
[T+2800063322us][CH1-Dispenser] EE
[T+2800063183us][CH2-Pc    ] EE
[T+2800075181us][CH2-Pc    ] F0
[T+2800104180us][CH1-Dispenser] F0 BA B0 B3 B2 B0 B1 B0 B0 B0 B0 B1 B1 B1 B1 B2 C1 B9 8D 8A
[T+2800176204us][CH2-Pc    ] 03
[T+2800187182us][CH1-Dispenser] 03 63
[T+2800254180us][CH2-Pc    ] 04
[T+2800260865us][CH1-Dispenser] 04 64
[T+2800332315us][CH1-Dispenser] 05
[T+2800332180us][CH2-Pc    ] 05
[T+2800507315us][CH1-Dispenser] 06
[T+2800507180us][CH2-Pc    ] 06
[T+2800682180us][CH2-Pc    ] 01
[T+2800688218us][CH1-Dispenser] 01 61
[T+2800760204us][CH2-Pc    ] 02
[T+2800767179us][CH1-Dispenser] 02 72
[T+2800788205us][CH2-Pc    ] 22
[T+2800793179us][CH1-Dispenser] 22 D2
[T+2800809312us][CH1-Dispenser] FF
[T+2800809180us][CH2-Pc    ] FF
[T+2800822319us][CH1-Dispenser] E9
[T+2800822183us][CH2-Pc    ] E9
[T+2800834321us][CH1-Dispenser] FE
[T+2800834184us][CH2-Pc    ] FE
[T+2800847324us][CH1-Dispenser] E0
[T+2800847184us][CH2-Pc    ] E0
[T+2800860182us][CH1-Dispenser] E1
[T+2800860319us][CH2-Pc    ] E1
[T+2800872315us][CH1-Dispenser] E0
[T+2800872181us][CH2-Pc    ] E0
[T+2800885315us][CH1-Dispenser] FB
[T+2800885181us][CH2-Pc    ] FB
[T+2800898180us][CH1-Dispenser] EE
[T+2800898313us][CH2-Pc    ] EE
[T+2800911180us][CH2-Pc    ] F0
[T+2800942180us][CH1-Dispenser] F0 BA B0 B3 B2 B0 B1 B0 B0 B0 B0 B1 B1 B1 B1 B2 C1 B9 8D 8A
[T+2801014204us][CH2-Pc    ] 03
[T+2801019179us][CH1-Dispenser] 03 63
[T+2801092180us][CH2-Pc    ] 04
[T+2801100878us][CH1-Dispenser] 04 64
[T+2801170315us][CH1-Dispenser] 05
[T+2801170180us][CH2-Pc    ] 05
[T+2801345180us][CH1-Dispenser] 06
[T+2801345318us][CH2-Pc    ] 06
[T+2801532180us][CH2-Pc    ] 01
[T+2801537179us][CH1-Dispenser] 01 61
[T+2801610180us][CH2-Pc    ] 02
[T+2801620180us][CH1-Dispenser] 02 72
[T+2801637180us][CH2-Pc    ] 22
[T+2801645626us][CH1-Dispenser] 22 D2
[T+2801659325us][CH1-Dispenser] FF
[T+2801659186us][CH2-Pc    ] FF
[T+2801680313us][CH1-Dispenser] E9
[T+2801680180us][CH2-Pc    ] E9
[T+2801697314us][CH1-Dispenser] FE
[T+2801697180us][CH2-Pc    ] FE
[T+2801709312us][CH1-Dispenser] E0
[T+2801709180us][CH2-Pc    ] E0
[T+2801722313us][CH1-Dispenser] E1
[T+2801722181us][CH2-Pc    ] E1
[T+2801735315us][CH1-Dispenser] E0
[T+2801735181us][CH2-Pc    ] E0
[T+2801747314us][CH1-Dispenser] FB
[T+2801747181us][CH2-Pc    ] FB
[T+2801760318us][CH1-Dispenser] EE
[T+2801760181us][CH2-Pc    ] EE
[T+2801773180us][CH2-Pc    ] F0
[T+2801800204us][CH1-Dispenser] F0 BA B0 B3 B2 B0 B1 B0 B0 B0 B0 B1 B1 B1 B1 B2 C1 B9 8D 8A
[T+2801865180us][CH2-Pc    ] 03
[T+2801870187us][CH1-Dispenser] 03 63
[T+2801943180us][CH2-Pc    ] 04
[T+2801951796us][CH1-Dispenser] 04 64
[T+2802021180us][CH1-Dispenser] 05
[T+2802021317us][CH2-Pc    ] 05
[T+2802196316us][CH1-Dispenser] 06
[T+2802196181us][CH2-Pc    ] 06
[T+2802371180us][CH2-Pc    ] 01
[T+2802378833us][CH1-Dispenser] 01 61
[T+2802449180us][CH2-Pc    ] 02
[T+2802458213us][CH1-Dispenser] 02 72
[T+2802476205us][CH2-Pc    ] 22
[T+2802485185us][CH1-Dispenser] 22 D2
[T+2802498318us][CH1-Dispenser] FF
[T+2802498182us][CH2-Pc    ] FF
[T+2802510314us][CH1-Dispenser] E9
[T+2802510181us][CH2-Pc    ] E9
[T+2802523314us][CH1-Dispenser] FE
[T+2802523181us][CH2-Pc    ] FE
[T+2802536313us][CH1-Dispenser] E0
[T+2802536180us][CH2-Pc    ] E0
[T+2802548180us][CH1-Dispenser] E1
[T+2802548311us][CH2-Pc    ] E1
[T+2802561311us][CH1-Dispenser] E0
[T+2802561180us][CH2-Pc    ] E0
[T+2802574313us][CH1-Dispenser] FB
[T+2802574180us][CH2-Pc    ] FB
[T+2802586181us][CH1-Dispenser] EE
[T+2802586314us][CH2-Pc    ] EE
[T+2802599180us][CH2-Pc    ] F0
[T+2802630180us][CH1-Dispenser] F0 BA B0 B3 B2 B0 B1 B0 B0 B0 B0 B1 B1 B1 B1 B2 C1 B9 8D 8A
[T+2802702206us][CH2-Pc    ] 03
[T+2802709180us][CH1-Dispenser] 03 63
[T+2802780180us][CH2-Pc    ] 04
[T+2802785179us][CH1-Dispenser] 04 64
[T+2802858312us][CH1-Dispenser] 05
[T+2802858180us][CH2-Pc    ] 05
[T+2803033180us][CH1-Dispenser] 06
[T+2803033315us][CH2-Pc    ] 06
[T+2803207290us][CH2-Pc    ] 01
[T+2803214810us][CH1-Dispenser] 01 61
[T+2803289208us][CH2-Pc    ] 02
[T+2803297187us][CH1-Dispenser] 02 72
[T+2803316180us][CH2-Pc    ] 22
[T+2803331314us][CH1-Dispenser] 22 D2 FF
[T+2803331180us][CH2-Pc    ] FF
[T+2803343394us][CH1-Dispenser] E9
[T+2803343184us][CH2-Pc    ] E9
[T+2803357325us][CH1-Dispenser] FE
[T+2803357185us][CH2-Pc    ] FE
[T+2803370321us][CH1-Dispenser] E0
[T+2803370182us][CH2-Pc    ] E0
[T+2803382313us][CH1-Dispenser] E1
[T+2803382180us][CH2-Pc    ] E1
[T+2803395347us][CH1-Dispenser] E0
[T+2803395181us][CH2-Pc    ] E0
[T+2803408315us][CH1-Dispenser] FB
[T+2803408181us][CH2-Pc    ] FB
[T+2803420180us][CH1-Dispenser] EE
[T+2803420314us][CH2-Pc    ] EE
[T+2803433180us][CH2-Pc    ] F0
[T+2803461180us][CH1-Dispenser] F0 BA B0 B3 B2 B0 B1 B0 B0 B0 B0 B1 B1 B1 B1 B2 C1 B9 8D 8A
[T+2803525180us][CH2-Pc    ] 03
[T+2803531204us][CH1-Dispenser] 03 63
[T+2803603205us][CH2-Pc    ] 04
[T+2803610180us][CH1-Dispenser] 04 64
[T+2803681315us][CH1-Dispenser] 05
[T+2803681181us][CH2-Pc    ] 05
[T+2803845181us][CH1-Dispenser] 06
[T+2803845316us][CH2-Pc    ] 06
[T+2804020180us][CH2-Pc    ] 01
[T+2804027180us][CH1-Dispenser] 01 61
[T+2804098180us][CH2-Pc    ] 02
[T+2804105180us][CH1-Dispenser] 02 72
[T+2804125180us][CH2-Pc    ] 22
[T+2804133183us][CH1-Dispenser] 22 D2
[T+2804147180us][CH1-Dispenser] FF
[T+2804147314us][CH2-Pc    ] FF
[T+2804160179us][CH1-Dispenser] E9
[T+2804159180us][CH2-Pc    ] E9
[T+2804172311us][CH1-Dispenser] FE
[T+2804172180us][CH2-Pc    ] FE
[T+2804185312us][CH1-Dispenser] E0
[T+2804185180us][CH2-Pc    ] E0
[T+2804198180us][CH1-Dispenser] E1
[T+2804198314us][CH2-Pc    ] E1
[T+2804210320us][CH1-Dispenser] E0
[T+2804210182us][CH2-Pc    ] E0
[T+2804223314us][CH1-Dispenser] FB
[T+2804223181us][CH2-Pc    ] FB
[T+2804236180us][CH1-Dispenser] EE
[T+2804236313us][CH2-Pc    ] EE
[T+2804248204us][CH2-Pc    ] F0
[T+2804275204us][CH1-Dispenser] F0 BA B0 B3 B2 B0 B1 B0 B0 B0 B0 B1 B1 B1 B1 B2 C1 B9 8D 8A
[T+2804340180us][CH2-Pc    ] 03
[T+2804345187us][CH1-Dispenser] 03 63
[T+2804418180us][CH2-Pc    ] 04
[T+2804426822us][CH1-Dispenser] 04 64
[T+2804496180us][CH1-Dispenser] 05
[T+2804497179us][CH2-Pc    ] 05
[T+2804682316us][CH1-Dispenser] 06
[T+2804682181us][CH2-Pc    ] 06
[T+2804846180us][CH2-Pc    ] 01
[T+2804852204us][CH1-Dispenser] 01 61
[T+2804924339us][CH2-Pc    ] 02
[T+2804933204us][CH1-Dispenser] 02 72
[T+2804952180us][CH2-Pc    ] 22
[T+2804960588us][CH1-Dispenser] 22 D2
[T+2804973317us][CH1-Dispenser] FF
[T+2804973181us][CH2-Pc    ] FF
[T+2804986313us][CH1-Dispenser] E9
[T+2804986181us][CH2-Pc    ] E9
[T+2804998314us][CH1-Dispenser] FE
[T+2804998180us][CH2-Pc    ] FE
[T+2805011309us][CH1-Dispenser] E0
[T+2805011181us][CH2-Pc    ] E0
[T+2805024320us][CH1-Dispenser] E1
[T+2805024184us][CH2-Pc    ] E1
[T+2805037314us][CH1-Dispenser] E0
[T+2805037180us][CH2-Pc    ] E0
[T+2805049314us][CH1-Dispenser] FB
[T+2805049180us][CH2-Pc    ] FB
[T+2805062315us][CH1-Dispenser] EE
[T+2805062180us][CH2-Pc    ] EE
[T+2805075180us][CH2-Pc    ] F0
[T+2805106180us][CH1-Dispenser] F0 BA B0 B3 B2 B0 B1 B0 B0 B0 B0 B1 B1 B1 B1 B2 C1 B9 8D 8A
[T+2805177180us][CH2-Pc    ] 03
[T+2805187180us][CH1-Dispenser] 03 63
[T+2805256204us][CH2-Pc    ] 04
[T+2805266180us][CH1-Dispenser] 04 64
[T+2805333440us][CH1-Dispenser] 05
[T+2805333574us][CH2-Pc    ] 05
[T+2805508317us][CH1-Dispenser] 06
[T+2805508180us][CH2-Pc    ] 06
[T+2805683180us][CH2-Pc    ] 01
[T+2805688179us][CH1-Dispenser] 01 61
[T+2805763204us][CH2-Pc    ] 02
[T+2805768187us][CH1-Dispenser] 02 72
[T+2805790180us][CH2-Pc    ] 22
[T+2805799204us][CH1-Dispenser] 22 D2
[T+2805812326us][CH1-Dispenser] FF
[T+2805812184us][CH2-Pc    ] FF
[T+2805825313us][CH1-Dispenser] E9
[T+2805825180us][CH2-Pc    ] E9
[T+2805837314us][CH1-Dispenser] FE
[T+2805837180us][CH2-Pc    ] FE
[T+2805850314us][CH1-Dispenser] E0
[T+2805850180us][CH2-Pc    ] E0
[T+2805863180us][CH1-Dispenser] E1
[T+2805863313us][CH2-Pc    ] E1
[T+2805875324us][CH1-Dispenser] E0
[T+2805875184us][CH2-Pc    ] E0
[T+2805888314us][CH1-Dispenser] FB
[T+2805888180us][CH2-Pc    ] FB
[T+2805901183us][CH1-Dispenser] EE
[T+2805901324us][CH2-Pc    ] EE
[T+2805913213us][CH2-Pc    ] F0
[T+2805940204us][CH1-Dispenser] F0 BA B0 B3 B2 B0 B1 B0 B0 B0 B0 B1 B1 B1 B1 B2 C1 B9 8D 8A
[T+2806007180us][CH2-Pc    ] 03
[T+2806016215us][CH1-Dispenser] 03 63
[T+2806085204us][CH2-Pc    ] 04
[T+2806089179us][CH1-Dispenser] 04 64
[T+2806153228us][CH1-Dispenser] 05
[T+2806153363us][CH2-Pc    ] 05
[T+2806338181us][CH1-Dispenser] 06
[T+2806338316us][CH2-Pc    ] 06
[T+2806503204us][CH2-Pc    ] 01
[T+2806508179us][CH1-Dispenser] 01 61
[T+2806581180us][CH2-Pc    ] 02
[T+2806589838us][CH1-Dispenser] 02 72
[T+2806609180us][CH2-Pc    ] 22
[T+2806618704us][CH1-Dispenser] 22 D2
[T+2806630312us][CH1-Dispenser] FF
[T+2806630180us][CH2-Pc    ] FF
[T+2806643321us][CH1-Dispenser] E9
[T+2806643184us][CH2-Pc    ] E9
[T+2806664315us][CH1-Dispenser] FE
[T+2806664180us][CH2-Pc    ] FE
[T+2806686313us][CH1-Dispenser] E0
[T+2806686180us][CH2-Pc    ] E0
[T+2806699180us][CH1-Dispenser] E1
[T+2806699312us][CH2-Pc    ] E1
[T+2806711315us][CH1-Dispenser] E0
[T+2806711181us][CH2-Pc    ] E0
[T+2806724315us][CH1-Dispenser] FB
[T+2806724181us][CH2-Pc    ] FB
[T+2806737181us][CH1-Dispenser] EE
[T+2806737314us][CH2-Pc    ] EE
[T+2806749204us][CH2-Pc    ] F0
[T+2806780180us][CH1-Dispenser] F0 BA B0 B3 B2 B0 B1 B0 B0 B0 B0 B1 B1 B1 B1 B2 C1 B9 8D 8A
[T+2806852204us][CH2-Pc    ] 03
[T+2806861211us][CH1-Dispenser] 03 63
[T+2806930205us][CH2-Pc    ] 04
[T+2806936237us][CH1-Dispenser] 04 64
[T+2807008180us][CH1-Dispenser] 05
[T+2807008314us][CH2-Pc    ] 05
[T+2807183317us][CH1-Dispenser] 06
[T+2807183181us][CH2-Pc    ] 06
[T+2807348205us][CH2-Pc    ] 01
[T+2807353179us][CH1-Dispenser] 01 61
[T+2807426180us][CH2-Pc    ] 02
[T+2807432868us][CH1-Dispenser] 02 72
[T+2807464180us][CH1-Dispenser] 22 D2 FF
[T+2807464314us][CH2-Pc    ] 22 FF
[T+2807477312us][CH1-Dispenser] E9
[T+2807477180us][CH2-Pc    ] E9
[T+2807490313us][CH1-Dispenser] FE
[T+2807490180us][CH2-Pc    ] FE
[T+2807502327us][CH1-Dispenser] E0
[T+2807502188us][CH2-Pc    ] E0
[T+2807515184us][CH1-Dispenser] E1
[T+2807515323us][CH2-Pc    ] E1
[T+2807528313us][CH1-Dispenser] E0
[T+2807528181us][CH2-Pc    ] E0
[T+2807540313us][CH1-Dispenser] FB
[T+2807540181us][CH2-Pc    ] FB
[T+2807554317us][CH1-Dispenser] EE
[T+2807554181us][CH2-Pc    ] EE
[T+2807566204us][CH2-Pc    ] F0
[T+2807596204us][CH1-Dispenser] F0 BA B0 B3 B2 B0 B1 B0 B0 B0 B0 B1 B1 B1 B1 B2 C1 B9 8D 8A
[T+2807672180us][CH2-Pc    ] 03
[T+2807681213us][CH1-Dispenser] 03 63
[T+2807750204us][CH2-Pc    ] 04
[T+2807754179us][CH1-Dispenser] 04 64
[T+2807818180us][CH1-Dispenser] 05
[T+2807818313us][CH2-Pc    ] 05
[T+2807993180us][CH1-Dispenser] 06
[T+2807994179us][CH2-Pc    ] 06
[T+2808168180us][CH2-Pc    ] 01
[T+2808173179us][CH1-Dispenser] 01 61
[T+2808248204us][CH2-Pc    ] 02
[T+2808252179us][CH1-Dispenser] 02 72
[T+2808265180us][CH2-Pc    ] 22
[T+2808275180us][CH1-Dispenser] 22 D2
[T+2808287184us][CH1-Dispenser] FF
[T+2808287325us][CH2-Pc    ] FF
[T+2808299183us][CH1-Dispenser] E9
[T+2808299317us][CH2-Pc    ] E9
[T+2808312350us][CH1-Dispenser] FE
[T+2808312213us][CH2-Pc    ] FE
[T+2808324312us][CH1-Dispenser] E0
[T+2808324180us][CH2-Pc    ] E0
[T+2808337184us][CH1-Dispenser] E1
[T+2808337323us][CH2-Pc    ] E1
[T+2808350316us][CH1-Dispenser] E0
[T+2808350182us][CH2-Pc    ] E0
[T+2808370313us][CH1-Dispenser] FB
[T+2808370180us][CH2-Pc    ] FB
[T+2808382185us][CH1-Dispenser] EE
[T+2808382322us][CH2-Pc    ] EE
[T+2808396180us][CH2-Pc    ] F0
[T+2808425180us][CH1-Dispenser] F0 BA B0 B3 B2 B0 B1 B0 B0 B0 B0 B1 B1 B1 B1 B2 C1 B9 8D 8A
[T+2808496180us][CH2-Pc    ] 03
[T+2808506181us][CH1-Dispenser] 03 63
[T+2808574180us][CH2-Pc    ] 04
[T+2808580894us][CH1-Dispenser] 04 64
[T+2808656180us][CH1-Dispenser] 05
[T+2808656317us][CH2-Pc    ] 05
[T+2808831180us][CH1-Dispenser] 06
[T+2808831316us][CH2-Pc    ] 06
[T+2809005204us][CH2-Pc    ] 01
[T+2809014209us][CH1-Dispenser] 01 61
[T+2809083204us][CH2-Pc    ] 02
[T+2809089188us][CH1-Dispenser] 02 72
[T+2809111182us][CH2-Pc    ] 22
[T+2809119785us][CH1-Dispenser] 22 D2
[T+2809132312us][CH1-Dispenser] FF
[T+2809132180us][CH2-Pc    ] FF
[T+2809145315us][CH1-Dispenser] E9
[T+2809145180us][CH2-Pc    ] E9
[T+2809212314us][CH1-Dispenser] FE
[T+2809212180us][CH2-Pc    ] FE
[T+2809225312us][CH1-Dispenser] E0
[T+2809225180us][CH2-Pc    ] E0
[T+2809238313us][CH1-Dispenser] E1
[T+2809238180us][CH2-Pc    ] E1
[T+2809250327us][CH1-Dispenser] E0
[T+2809250188us][CH2-Pc    ] E0
[T+2809263315us][CH1-Dispenser] FB
[T+2809263181us][CH2-Pc    ] FB
[T+2809276180us][CH1-Dispenser] EE
[T+2809276312us][CH2-Pc    ] EE
[T+2809292180us][CH2-Pc    ] F0
[T+2809322204us][CH1-Dispenser] F0 BA B0 B3 B2 B0 B1 B0 B0 B0 B0 B1 B1 B1 B1 B2 C1 B9 8D 8A
[T+2809399207us][CH1-Dispenser] 03 63
[T+2809396180us][CH2-Pc    ] 03
[T+2809463180us][CH2-Pc    ] 04
[T+2809470817us][CH1-Dispenser] 04 64
[T+2809541181us][CH1-Dispenser] 05
[T+2809541315us][CH2-Pc    ] 05
[T+2809743181us][CH1-Dispenser] 06
[T+2809743318us][CH2-Pc    ] 06
[T+2809917204us][CH2-Pc    ] 01
[T+2809923218us][CH1-Dispenser] 01 61
[T+2809995204us][CH2-Pc    ] 02
[T+2810006180us][CH1-Dispenser] 02 72
[T+2810034181us][CH1-Dispenser] 22 D2 FF
[T+2810034315us][CH2-Pc    ] 22 FF
[T+2810046315us][CH1-Dispenser] E9
[T+2810046181us][CH2-Pc    ] E9
[T+2810059313us][CH1-Dispenser] FE
[T+2810059180us][CH2-Pc    ] FE
[T+2810071629us][CH1-Dispenser] E0
[T+2810071491us][CH2-Pc    ] E0
[T+2810084312us][CH1-Dispenser] E1
[T+2810084180us][CH2-Pc    ] E1
[T+2810097313us][CH1-Dispenser] E0
[T+2810097180us][CH2-Pc    ] E0
[T+2810109308us][CH1-Dispenser] FB
[T+2810109180us][CH2-Pc    ] FB
[T+2810121180us][CH2-Pc    ] EE
[T+2810122179us][CH1-Dispenser] EE
[T+2810134205us][CH2-Pc    ] F0
[T+2810166180us][CH1-Dispenser] F0 BA B0 B3 B2 B0 B1 B0 B0 B0 B0 B1 B1 B1 B1 B2 C1 B9 8D 8A
[T+2810237180us][CH2-Pc    ] 03
[T+2810247180us][CH1-Dispenser] 03 63
[T+2810315180us][CH2-Pc    ] 04
[T+2810320179us][CH1-Dispenser] 04 64
[T+2810383181us][CH1-Dispenser] 05
[T+2810383315us][CH2-Pc    ] 05
[T+2810558180us][CH1-Dispenser] 06
[T+2810558321us][CH2-Pc    ] 06
[T+2810722180us][CH2-Pc    ] 01
[T+2810728852us][CH1-Dispenser] 01 61
[T+2810800204us][CH2-Pc    ] 02
[T+2810810180us][CH1-Dispenser] 02 72
[T+2810828204us][CH2-Pc    ] 22
[T+2810835180us][CH1-Dispenser] 22 D2
[T+2810849310us][CH1-Dispenser] FF
[T+2810849180us][CH2-Pc    ] FF
[T+2810862313us][CH1-Dispenser] E9
[T+2810862180us][CH2-Pc    ] E9
[T+2810874315us][CH1-Dispenser] FE
[T+2810874181us][CH2-Pc    ] FE
[T+2810887311us][CH1-Dispenser] E0
[T+2810887180us][CH2-Pc    ] E0
[T+2810900180us][CH1-Dispenser] E1
[T+2810900312us][CH2-Pc    ] E1
[T+2810912322us][CH1-Dispenser] E0
[T+2810912185us][CH2-Pc    ] E0
[T+2810925312us][CH1-Dispenser] FB
[T+2810925180us][CH2-Pc    ] FB
[T+2810938314us][CH1-Dispenser] EE
[T+2810938180us][CH2-Pc    ] EE
[T+2810951180us][CH2-Pc    ] F0
[T+2810982180us][CH1-Dispenser] F0 BA B0 B3 B2 B0 B1 B0 B0 B0 B0 B1 B1 B1 B1 B2 C1 B9 8D 8A
[T+2811001180us][CH2-Pc    ] 22
[T+2811011180us][CH1-Dispenser] 22 D2
[T+2811023180us][CH1-Dispenser] FF
[T+2811023312us][CH2-Pc    ] FF
[T+2811035316us][CH1-Dispenser] E5
[T+2811035180us][CH2-Pc    ] E5
[T+2811048313us][CH1-Dispenser] F4
[T+2811048180us][CH2-Pc    ] F4
[T+2811061180us][CH1-Dispenser] F6
[T+2811061312us][CH2-Pc    ] F6
[T+2811073185us][CH1-Dispenser] E1
[T+2811074179us][CH2-Pc    ] E1
[T+2811086316us][CH1-Dispenser] F7
[T+2811086180us][CH2-Pc    ] F7
[T+2811099316us][CH1-Dispenser] E0
[T+2811099180us][CH2-Pc    ] E0
[T+2811112312us][CH1-Dispenser] E0
[T+2811112180us][CH2-Pc    ] E0
[T+2811124181us][CH1-Dispenser] E1
[T+2811124315us][CH2-Pc    ] E1
[T+2811137180us][CH1-Dispenser] E1
[T+2811137308us][CH2-Pc    ] E1
[T+2811151326us][CH1-Dispenser] FB
[T+2811150180us][CH2-Pc    ] FB
[T+2811162657us][CH1-Dispenser] ED
[T+2811162188us][CH2-Pc    ] ED
[T+2811175314us][CH1-Dispenser] F0
[T+2811175180us][CH2-Pc    ] F0
[T+2811264180us][CH2-Pc    ] 02
[T+2811271179us][CH1-Dispenser] 02 72
[T+2811305180us][CH2-Pc    ] 22
[T+2811314204us][CH1-Dispenser] 22 D2
[T+2811325317us][CH1-Dispenser] FF
[T+2811325183us][CH2-Pc    ] FF
[T+2811338317us][CH1-Dispenser] E5
[T+2811338181us][CH2-Pc    ] E5
[T+2811351316us][CH1-Dispenser] F2
[T+2811351181us][CH2-Pc    ] F2
[T+2811372313us][CH1-Dispenser] F8
[T+2811372180us][CH2-Pc    ] F8
[T+2811385314us][CH1-Dispenser] E0
[T+2811385180us][CH2-Pc    ] E0
[T+2811398326us][CH1-Dispenser] E0
[T+2811398184us][CH2-Pc    ] E0
[T+2811411323us][CH1-Dispenser] E0
[T+2811411184us][CH2-Pc    ] E0
[T+2811423184us][CH1-Dispenser] E1
[T+2811423317us][CH2-Pc    ] E1
[T+2811436315us][CH1-Dispenser] E1
[T+2811436183us][CH2-Pc    ] E1
[T+2811448311us][CH1-Dispenser] E0
[T+2811448180us][CH2-Pc    ] E0
[T+2811462187us][CH1-Dispenser] FB
[T+2811462325us][CH2-Pc    ] FB
[T+2811474313us][CH1-Dispenser] E5
[T+2811474180us][CH2-Pc    ] E5
[T+2811487182us][CH1-Dispenser] F0
[T+2811487318us][CH2-Pc    ] F0
[T+2811575180us][CH2-Pc    ] 02
[T+2811584207us][CH1-Dispenser] 02 72
[T+2811603313us][CH1-Dispenser] 12
[T+2811603180us][CH2-Pc    ] 12
[T+2811690206us][CH2-Pc    ] 02
[T+2811698181us][CH1-Dispenser] 02 92
[T+2811779204us][CH2-Pc    ] 03
[T+2811785279us][CH1-Dispenser] 03 63
[T+2811877180us][CH2-Pc    ] 04
[T+2811886435us][CH1-Dispenser] 04 64
[T+2811955181us][CH1-Dispenser] 05
[T+2811955317us][CH2-Pc    ] 05
[T+2812130180us][CH1-Dispenser] 06
[T+2812130315us][CH2-Pc    ] 06
[T+2812305180us][CH2-Pc    ] 01
[T+2812316180us][CH1-Dispenser] 01 61
[T+2812383180us][CH2-Pc    ] 02
[T+2812387179us][CH1-Dispenser] 02 92
[T+2812961180us][CH2-Pc    ] 03
[T+2812967724us][CH1-Dispenser] 03 63
[T+2813039204us][CH2-Pc    ] 04
[T+2813045203us][CH1-Dispenser] 04 64
[T+2813117182us][CH1-Dispenser] 05
[T+2813117320us][CH2-Pc    ] 05
[T+2813283181us][CH1-Dispenser] 06
[T+2813283319us][CH2-Pc    ] 06
[T+2813462180us][CH2-Pc    ] 01
[T+2813469180us][CH1-Dispenser] 01 61
[T+2813539180us][CH2-Pc    ] 02
[T+2813548181us][CH1-Dispenser] 02 92
[T+2813567180us][CH2-Pc    ] 62
[T+2813579205us][CH1-Dispenser] 62 E0 E0 E0 E0 E0 E0
[T+2813650180us][CH1-Dispenser] 03 63
[T+2813646180us][CH2-Pc    ] 03
[T+2813713204us][CH2-Pc    ] 04
[T+2813720179us][CH1-Dispenser] 04 64
[T+2813791180us][CH1-Dispenser] 05
[T+2813791316us][CH2-Pc    ] 05
[T+2813992180us][CH1-Dispenser] 06
[T+2813992312us][CH2-Pc    ] 06
[T+2814166204us][CH2-Pc    ] 01
[T+2814174187us][CH1-Dispenser] 01 61
[T+2814244180us][CH2-Pc    ] 02
[T+2814253206us][CH1-Dispenser] 02 92
[T+2814272180us][CH2-Pc    ] 62
[T+2814286180us][CH1-Dispenser] 62 E0 E0 E0 E0 E0 E0
[T+2814354180us][CH2-Pc    ] 03
[T+2814360219us][CH1-Dispenser] 03 63
[T+2814432204us][CH2-Pc    ] 04
[T+2814441204us][CH1-Dispenser] 04 64
[T+2814510181us][CH1-Dispenser] 05
[T+2814510317us][CH2-Pc    ] 05
[T+2814674316us][CH1-Dispenser] 06
[T+2814674181us][CH2-Pc    ] 06
[T+2814849180us][CH2-Pc    ] 01
[T+2814854187us][CH1-Dispenser] 01 61
[T+2814927180us][CH2-Pc    ] 02
[T+2814933203us][CH1-Dispenser] 02 92
[T+2814954205us][CH2-Pc    ] 62
[T+2814971180us][CH1-Dispenser] 62 E0 E0 E0 E0 E0 E0
[T+2815044180us][CH2-Pc    ] 03
[T+2815052186us][CH1-Dispenser] 03 63
[T+2815122180us][CH2-Pc    ] 04
[T+2815133180us][CH1-Dispenser] 04 64
[T+2815201315us][CH1-Dispenser] 05
[T+2815201180us][CH2-Pc    ] 05
[T+2815386180us][CH1-Dispenser] 06
[T+2815386316us][CH2-Pc    ] 06
[T+2815550180us][CH2-Pc    ] 01
[T+2815559260us][CH1-Dispenser] 01 61
[T+2815628205us][CH2-Pc    ] 02
[T+2815633179us][CH1-Dispenser] 02 92
[T+2815656180us][CH2-Pc    ] 62
[T+2815669180us][CH1-Dispenser] 62 E8 E9 E1 E0 E0 E0
[T+2815734180us][CH2-Pc    ] 03
[T+2815740219us][CH1-Dispenser] 03 63
[T+2815812204us][CH2-Pc    ] 04
[T+2815821204us][CH1-Dispenser] 04 64
[T+2815890181us][CH1-Dispenser] 05
[T+2815890315us][CH2-Pc    ] 05
[T+2816083180us][CH1-Dispenser] 06
[T+2816083315us][CH2-Pc    ] 06
[T+2816258180us][CH2-Pc    ] 01
[T+2816264218us][CH1-Dispenser] 01 61
[T+2816336205us][CH2-Pc    ] 02
[T+2816343179us][CH1-Dispenser] 02 92
[T+2816363180us][CH2-Pc    ] 62
[T+2816376180us][CH1-Dispenser] 62 E7 E9 E2 E0 E0 E0
[T+2816442205us][CH2-Pc    ] 03
[T+2816452181us][CH1-Dispenser] 03 63
[T+2816520180us][CH2-Pc    ] 04
[T+2816526219us][CH1-Dispenser] 04 64
[T+2816604180us][CH1-Dispenser] 05
[T+2816604315us][CH2-Pc    ] 05
[T+2816769315us][CH1-Dispenser] 06
[T+2816769180us][CH2-Pc    ] 06
[T+2816948180us][CH2-Pc    ] 01
[T+2816953179us][CH1-Dispenser] 01 61
[T+2817026180us][CH2-Pc    ] 02
[T+2817034188us][CH1-Dispenser] 02 92
[T+2817053180us][CH2-Pc    ] 62
[T+2817065204us][CH1-Dispenser] 62 E6 E9 E3 E0 E0 E0
[T+2817131205us][CH2-Pc    ] 03
[T+2817135179us][CH1-Dispenser] 03 63
[T+2817198204us][CH2-Pc    ] 04
[T+2817207180us][CH1-Dispenser] 04 64
[T+2817276317us][CH1-Dispenser] 05
[T+2817276180us][CH2-Pc    ] 05
[T+2817454318us][CH1-Dispenser] 06
[T+2817454181us][CH2-Pc    ] 06
[T+2817629180us][CH2-Pc    ] 01
[T+2817633815us][CH1-Dispenser] 01 61
[T+2817698104us][CH2-Pc    ] 02
[T+2817704217us][CH1-Dispenser] 02 92
[T+2817724271us][CH2-Pc    ] 62
[T+2817736206us][CH1-Dispenser] 62 E3 E8 E5 E0 E0 E0
[T+2817802180us][CH2-Pc    ] 03
[T+2817811786us][CH1-Dispenser] 03 63
[T+2817882308us][CH2-Pc    ] 04
[T+2817886250us][CH1-Dispenser] 04 64
[T+2817958345us][CH1-Dispenser] 05
[T+2817959639us][CH2-Pc    ] 05
[T+2818133325us][CH1-Dispenser] 06
[T+2818133183us][CH2-Pc    ] 06
[T+2818334204us][CH2-Pc    ] 01
[T+2818340268us][CH1-Dispenser] 01 61
[T+2818412204us][CH2-Pc    ] 02
[T+2818421181us][CH1-Dispenser] 02 92
[T+2818440179us][CH2-Pc    ] 62
[T+2818455205us][CH1-Dispenser] 62 E2 E9 E7 E0 E0 E0
[T+2818529180us][CH2-Pc    ] 03
[T+2818537660us][CH1-Dispenser] 03 63
[T+2818607180us][CH2-Pc    ] 04
[T+2818616217us][CH1-Dispenser] 04 64
[T+2818686180us][CH1-Dispenser] 05
[T+2818686313us][CH2-Pc    ] 05
[T+2818861316us][CH1-Dispenser] 06
[T+2818861181us][CH2-Pc    ] 06
[T+2819035204us][CH2-Pc    ] 01
[T+2819043180us][CH1-Dispenser] 01 61
[T+2819113180us][CH2-Pc    ] 02
[T+2819119203us][CH1-Dispenser] 02 92
[T+2819141316us][CH1-Dispenser] 62
[T+2819141180us][CH2-Pc    ] 62
[T+2819159205us][CH1-Dispenser] E8 E7 E0 E1 E0 E0
[T+2819230180us][CH2-Pc    ] 03
[T+2819236832us][CH1-Dispenser] 03 63
[T+2819308204us][CH2-Pc    ] 04
[T+2819315180us][CH1-Dispenser] 04 64
[T+2819386180us][CH1-Dispenser] 05
[T+2819386315us][CH2-Pc    ] 05
[T+2819560319us][CH1-Dispenser] 06
[T+2819560180us][CH2-Pc    ] 06
[T+2819745180us][CH2-Pc    ] 01
[T+2819755180us][CH1-Dispenser] 01 61
[T+2819823180us][CH2-Pc    ] 02
[T+2819829296us][CH1-Dispenser] 02 92
[T+2819851180us][CH2-Pc    ] 62
[T+2819866180us][CH1-Dispenser] 62 E7 E9 E3 E1 E0 E0
[T+2819940180us][CH2-Pc    ] 03
[T+2819946869us][CH1-Dispenser] 03 63
[T+2820019180us][CH2-Pc    ] 04
[T+2820029180us][CH1-Dispenser] 04 64
[T+2820097180us][CH1-Dispenser] 05
[T+2820097316us][CH2-Pc    ] 05
[T+2820272181us][CH1-Dispenser] 06
[T+2820272321us][CH2-Pc    ] 06
[T+2820446205us][CH2-Pc    ] 01
[T+2820453179us][CH1-Dispenser] 01 61
[T+2820524180us][CH2-Pc    ] 02
[T+2820529179us][CH1-Dispenser] 02 92
[T+2820552180us][CH2-Pc    ] 62
[T+2820565180us][CH1-Dispenser] 62 E9 E4 E7 E1 E0 E0
[T+2820635180us][CH2-Pc    ] 03
[T+2820641219us][CH1-Dispenser] 03 63
[T+2820713205us][CH2-Pc    ] 04
[T+2820721180us][CH1-Dispenser] 04 64
[T+2820791180us][CH1-Dispenser] 05
[T+2820791313us][CH2-Pc    ] 05
[T+2820955182us][CH1-Dispenser] 06
[T+2820955315us][CH2-Pc    ] 06
[T+2821130180us][CH2-Pc    ] 01
[T+2821141186us][CH1-Dispenser] 01 61
[T+2821208270us][CH2-Pc    ] 02
[T+2821214204us][CH1-Dispenser] 02 92
[T+2821235204us][CH2-Pc    ] 62
[T+2821251180us][CH1-Dispenser] 62 E0 E9 E0 E2 E0 E0
[T+2821325180us][CH2-Pc    ] 03
[T+2821333180us][CH1-Dispenser] 03 63
[T+2821403180us][CH2-Pc    ] 04
[T+2821412306us][CH1-Dispenser] 04 64
[T+2821481314us][CH1-Dispenser] 05
[T+2821481180us][CH2-Pc    ] 05
[T+2821664181us][CH1-Dispenser] 06
[T+2821664318us][CH2-Pc    ] 06
[T+2821839180us][CH2-Pc    ] 01
[T+2821844236us][CH1-Dispenser] 01 61
[T+2821917180us][CH2-Pc    ] 02
[T+2821925849us][CH1-Dispenser] 02 92
[T+2821944204us][CH2-Pc    ] 62
[T+2821956209us][CH1-Dispenser] 62 E5 E7 E4 E2 E0 E0
[T+2822023180us][CH2-Pc    ] 03
[T+2822031181us][CH1-Dispenser] 03 63
[T+2822101180us][CH2-Pc    ] 04
[T+2822106789us][CH1-Dispenser] 04 64
[T+2822179181us][CH1-Dispenser] 05
[T+2822179315us][CH2-Pc    ] 05
[T+2822354180us][CH1-Dispenser] 06
[T+2822354317us][CH2-Pc    ] 06
[T+2822518180us][CH2-Pc    ] 01
[T+2822524239us][CH1-Dispenser] 01 61
[T+2822596204us][CH2-Pc    ] 02
[T+2822605205us][CH1-Dispenser] 02 92
[T+2822634180us][CH2-Pc    ] 62
[T+2822645180us][CH1-Dispenser] 62 E3 E9 E8 E2 E0 E0
[T+2822712180us][CH2-Pc    ] 03
[T+2822723181us][CH1-Dispenser] 03 63
[T+2822790180us][CH2-Pc    ] 04
[T+2822796204us][CH1-Dispenser] 04 64
[T+2822868181us][CH1-Dispenser] 05
[T+2822868317us][CH2-Pc    ] 05
[T+2823051321us][CH1-Dispenser] 06
[T+2823051181us][CH2-Pc    ] 06
[T+2823265180us][CH2-Pc    ] 01
[T+2823274219us][CH1-Dispenser] 01 61
[T+2823343204us][CH2-Pc    ] 02
[T+2823351188us][CH1-Dispenser] 02 92
[T+2823371321us][CH1-Dispenser] 62
[T+2823371183us][CH2-Pc    ] 62
[T+2823388180us][CH1-Dispenser] E2 E2 E3 E3 E0 E0
[T+2823460208us][CH2-Pc    ] 03
[T+2823467180us][CH1-Dispenser] 03 63
[T+2823538180us][CH2-Pc    ] 04
[T+2823548180us][CH1-Dispenser] 04 64
[T+2823616317us][CH1-Dispenser] 05
[T+2823616181us][CH2-Pc    ] 05
[T+2823796317us][CH1-Dispenser] 06
[T+2823796181us][CH2-Pc    ] 06
[T+2823970204us][CH2-Pc    ] 01
[T+2823975187us][CH1-Dispenser] 01 61
[T+2824048180us][CH2-Pc    ] 02
[T+2824054203us][CH1-Dispenser] 02 92
[T+2824075209us][CH2-Pc    ] 62
[T+2824091180us][CH1-Dispenser] 62 E0 E4 E7 E3 E0 E0
[T+2824164180us][CH2-Pc    ] 03
[T+2824171180us][CH1-Dispenser] 03 63
[T+2824242180us][CH2-Pc    ] 04
[T+2824251183us][CH1-Dispenser] 04 64
[T+2824320180us][CH1-Dispenser] 05
[T+2824320314us][CH2-Pc    ] 05
[T+2824495314us][CH1-Dispenser] 06
[T+2824495181us][CH2-Pc    ] 06
[T+2824659180us][CH2-Pc    ] 01
[T+2824664188us][CH1-Dispenser] 01 61
[T+2824737180us][CH2-Pc    ] 02
[T+2824743203us][CH1-Dispenser] 02 92
[T+2824765180us][CH2-Pc    ] 62
[T+2824776180us][CH1-Dispenser] 62 E1 E9 E1 E4 E0 E0
[T+2824843180us][CH2-Pc    ] 03
[T+2824853180us][CH1-Dispenser] 03 63
[T+2824921180us][CH2-Pc    ] 04
[T+2824928180us][CH1-Dispenser] 04 64
[T+2824999181us][CH1-Dispenser] 05
[T+2824999317us][CH2-Pc    ] 05
[T+2825174182us][CH1-Dispenser] 06
[T+2825174317us][CH2-Pc    ] 06
[T+2825350180us][CH2-Pc    ] 01
[T+2825355179us][CH1-Dispenser] 01 61
[T+2825428180us][CH2-Pc    ] 02
[T+2825434868us][CH1-Dispenser] 02 92
[T+2825457313us][CH1-Dispenser] 62
[T+2825457180us][CH2-Pc    ] 62
[T+2825474180us][CH1-Dispenser] E7 E8 E5 E4 E0 E0
[T+2825550180us][CH2-Pc    ] 03
[T+2825557228us][CH1-Dispenser] 03 63
[T+2825628180us][CH2-Pc    ] 04
[T+2825636187us][CH1-Dispenser] 04 64
[T+2825706314us][CH1-Dispenser] 05
[T+2825706180us][CH2-Pc    ] 05
[T+2825881181us][CH1-Dispenser] 06
[T+2825881314us][CH2-Pc    ] 06
[T+2826054180us][CH2-Pc    ] 01
[T+2826060218us][CH1-Dispenser] 01 61
[T+2826132204us][CH2-Pc    ] 02
[T+2826139180us][CH1-Dispenser] 02 92
[T+2826159180us][CH2-Pc    ] 62
[T+2826170180us][CH1-Dispenser] 62 E6 E1 E0 E5 E0 E0
[T+2826238180us][CH2-Pc    ] 03
[T+2826247219us][CH1-Dispenser] 03 63
[T+2826316204us][CH2-Pc    ] 04
[T+2826323180us][CH1-Dispenser] 04 64
[T+2826395180us][CH1-Dispenser] 05
[T+2826395314us][CH2-Pc    ] 05
[T+2826569180us][CH1-Dispenser] 06
[T+2826569312us][CH2-Pc    ] 06
[T+2826744180us][CH2-Pc    ] 01
[T+2826749188us][CH1-Dispenser] 01 61
[T+2826822180us][CH2-Pc    ] 02
[T+2826830791us][CH1-Dispenser] 02 92
[T+2826850180us][CH2-Pc    ] 62
[T+2826861186us][CH1-Dispenser] 62 E8 E7 E4 E5 E0 E0
[T+2826929180us][CH2-Pc    ] 03
[T+2826937768us][CH1-Dispenser] 03 63
[T+2827007180us][CH2-Pc    ] 04
[T+2827011179us][CH1-Dispenser] 04 64
[T+2827074315us][CH1-Dispenser] 05
[T+2827074180us][CH2-Pc    ] 05
[T+2827260182us][CH1-Dispenser] 06
[T+2827260321us][CH2-Pc    ] 06
[T+2827429179us][CH1-Dispenser] 01 61
[T+2827425204us][CH2-Pc    ] 01
[T+2827492204us][CH2-Pc    ] 02
[T+2827499179us][CH1-Dispenser] 02 92
[T+2827519180us][CH2-Pc    ] 62
[T+2827530180us][CH1-Dispenser] 62 E6 E9 E8 E5 E0 E0
[T+2827599204us][CH2-Pc    ] 03
[T+2827606180us][CH1-Dispenser] 03 63
[T+2827677180us][CH2-Pc    ] 04
[T+2827681836us][CH1-Dispenser] 04 64
[T+2827744180us][CH1-Dispenser] 05
[T+2827744316us][CH2-Pc    ] 05
[T+2827908180us][CH1-Dispenser] 06
[T+2827908314us][CH2-Pc    ] 06
[T+2828083180us][CH2-Pc    ] 01
[T+2828091182us][CH1-Dispenser] 01 61
[T+2828182180us][CH2-Pc    ] 02
[T+2828190187us][CH1-Dispenser] 02 92
[T+2828209180us][CH2-Pc    ] 62
[T+2828221205us][CH1-Dispenser] 62 E7 E4 E3 E6 E0 E0
[T+2828287204us][CH2-Pc    ] 03
[T+2828292179us][CH1-Dispenser] 03 63
[T+2828372180us][CH2-Pc    ] 04
[T+2828378207us][CH1-Dispenser] 04 64
[T+2828450313us][CH1-Dispenser] 05
[T+2828450180us][CH2-Pc    ] 05
[T+2828636314us][CH1-Dispenser] 06
[T+2828636180us][CH2-Pc    ] 06
[T+2828800180us][CH2-Pc    ] 01
[T+2828805179us][CH1-Dispenser] 01 61
[T+2828878180us][CH2-Pc    ] 02
[T+2828884204us][CH1-Dispenser] 02 92
[T+2828905204us][CH2-Pc    ] 62
[T+2828920204us][CH1-Dispenser] 62 E8 E9 E7 E6 E0 E0
[T+2828994180us][CH2-Pc    ] 03
[T+2829004180us][CH1-Dispenser] 03 63
[T+2829072180us][CH2-Pc    ] 04
[T+2829077187us][CH1-Dispenser] 04 64
[T+2829150180us][CH1-Dispenser] 05
[T+2829150316us][CH2-Pc    ] 05
[T+2829329181us][CH1-Dispenser] 06
[T+2829329321us][CH2-Pc    ] 06
[T+2829505180us][CH2-Pc    ] 01
[T+2829510179us][CH1-Dispenser] 01 61
[T+2829584180us][CH2-Pc    ] 02
[T+2829591806us][CH1-Dispenser] 02 92
[T+2829611180us][CH2-Pc    ] 62
[T+2829626205us][CH1-Dispenser] 62 E2 E8 E2 E7 E0 E0
[T+2829689204us][CH2-Pc    ] 03
[T+2829698181us][CH1-Dispenser] 03 63
[T+2829767206us][CH2-Pc    ] 04
[T+2829779183us][CH1-Dispenser] 04 64
[T+2829846314us][CH1-Dispenser] 05
[T+2829846181us][CH2-Pc    ] 05
[T+2830020180us][CH1-Dispenser] 06
[T+2830021180us][CH2-Pc    ] 06
[T+2830196180us][CH2-Pc    ] 01
[T+2830206181us][CH1-Dispenser] 01 61
[T+2830274180us][CH2-Pc    ] 02
[T+2830280219us][CH1-Dispenser] 02 92
[T+2830302180us][CH2-Pc    ] 62
[T+2830316180us][CH1-Dispenser] 62 E1 E1 E7 E7 E0 E0
[T+2830381180us][CH2-Pc    ] 03
[T+2830388795us][CH1-Dispenser] 03 63
[T+2830459181us][CH2-Pc    ] 04
[T+2830467762us][CH1-Dispenser] 04 64
[T+2830537316us][CH1-Dispenser] 05
[T+2830537180us][CH2-Pc    ] 05
[T+2830712318us][CH1-Dispenser] 06
[T+2830712181us][CH2-Pc    ] 06
[T+2830876180us][CH2-Pc    ] 01
[T+2830884186us][CH1-Dispenser] 01 61
[T+2830954180us][CH2-Pc    ] 02
[T+2830960816us][CH1-Dispenser] 02 92
[T+2830981315us][CH1-Dispenser] 62
[T+2830981180us][CH2-Pc    ] 62
[T+2831000180us][CH1-Dispenser] E5 E9 E1 E8 E0 E0
[T+2831071180us][CH2-Pc    ] 03
[T+2831078830us][CH1-Dispenser] 03 63
[T+2831149180us][CH2-Pc    ] 04
[T+2831160039us][CH1-Dispenser] 04 64
[T+2831227180us][CH1-Dispenser] 05
[T+2831228179us][CH2-Pc    ] 05
[T+2831392317us][CH1-Dispenser] 06
[T+2831392181us][CH2-Pc    ] 06
[T+2831567180us][CH2-Pc    ] 01
[T+2831577180us][CH1-Dispenser] 01 61
[T+2831645317us][CH1-Dispenser] 02
[T+2831645180us][CH2-Pc    ] 02
[T+2831658180us][CH1-Dispenser] 92
[T+2831673204us][CH2-Pc    ] 62
[T+2831685205us][CH1-Dispenser] 62 E8 E6 E6 E8 E0 E0
[T+2831752180us][CH2-Pc    ] 03
[T+2831759180us][CH1-Dispenser] 03 63
[T+2831830180us][CH2-Pc    ] 04
[T+2831836203us][CH1-Dispenser] 04 64
[T+2831908315us][CH1-Dispenser] 05
[T+2831908180us][CH2-Pc    ] 05
[T+2832083181us][CH1-Dispenser] 06
[T+2832083316us][CH2-Pc    ] 06
[T+2832258180us][CH2-Pc    ] 01
[T+2832266180us][CH1-Dispenser] 01 61
[T+2832336180us][CH2-Pc    ] 02
[T+2832345214us][CH1-Dispenser] 02 92
[T+2832363204us][CH2-Pc    ] 62
[T+2832376180us][CH1-Dispenser] 62 E9 E1 E1 E9 E0 E0
[T+2832441180us][CH2-Pc    ] 03
[T+2832447218us][CH1-Dispenser] 03 63
[T+2832519205us][CH2-Pc    ] 04
[T+2832528218us][CH1-Dispenser] 04 64
[T+2832598314us][CH1-Dispenser] 05
[T+2832598181us][CH2-Pc    ] 05
[T+2832772180us][CH1-Dispenser] 06
[T+2832772316us][CH2-Pc    ] 06
[T+2832947180us][CH2-Pc    ] 01
[T+2832954180us][CH1-Dispenser] 01 61
[T+2833025180us][CH2-Pc    ] 02
[T+2833030776us][CH1-Dispenser] 02 92
[T+2833053180us][CH2-Pc    ] 62
[T+2833066180us][CH1-Dispenser] 62 E3 E0 E6 E9 E0 E0
[T+2833131180us][CH2-Pc    ] 03
[T+2833137203us][CH1-Dispenser] 03 63
[T+2833212204us][CH2-Pc    ] 04
[T+2833218218us][CH1-Dispenser] 04 64
[T+2833293318us][CH1-Dispenser] 05
[T+2833293181us][CH2-Pc    ] 05
[T+2833456181us][CH1-Dispenser] 06
[T+2833456317us][CH2-Pc    ] 06
[T+2833631180us][CH2-Pc    ] 01
[T+2833642180us][CH1-Dispenser] 01 61
[T+2833709180us][CH2-Pc    ] 02
[T+2833715810us][CH1-Dispenser] 02 92
[T+2833736205us][CH2-Pc    ] 62
[T+2833752180us][CH1-Dispenser] 62 E8 E9 E0 E0 E1 E0
[T+2833826180us][CH2-Pc    ] 03
[T+2833833179us][CH1-Dispenser] 03 63
[T+2833904182us][CH2-Pc    ] 04
[T+2833912188us][CH1-Dispenser] 04 64
[T+2833982181us][CH1-Dispenser] 05
[T+2833982314us][CH2-Pc    ] 05
[T+2834157180us][CH1-Dispenser] 06
[T+2834157314us][CH2-Pc    ] 06
[T+2834332180us][CH2-Pc    ] 01
[T+2834340183us][CH1-Dispenser] 01 61
[T+2834410180us][CH2-Pc    ] 02
[T+2834415273us][CH1-Dispenser] 02 92
[T+2834437180us][CH2-Pc    ] 62
[T+2834452204us][CH1-Dispenser] 62 E9 E4 E5 E0 E1 E0
[T+2834516180us][CH2-Pc    ] 03
[T+2834523805us][CH1-Dispenser] 03 63
[T+2834595206us][CH2-Pc    ] 04
[T+2834602180us][CH1-Dispenser] 04 64
[T+2834673180us][CH1-Dispenser] 05
[T+2834673317us][CH2-Pc    ] 05
[T+2834851185us][CH1-Dispenser] 06
[T+2834851326us][CH2-Pc    ] 06
[T+2835025205us][CH2-Pc    ] 01
[T+2835030179us][CH1-Dispenser] 01 61
[T+2835103180us][CH2-Pc    ] 02
[T+2835109785us][CH1-Dispenser] 02 92
[T+2835131180us][CH2-Pc    ] 62
[T+2835146204us][CH1-Dispenser] 62 E2 E9 E6 E0 E1 E0
[T+2835219180us][CH2-Pc    ] 03
[T+2835228181us][CH1-Dispenser] 03 63
[T+2835298180us][CH2-Pc    ] 04
[T+2835303179us][CH1-Dispenser] 04 64
[T+2835376316us][CH1-Dispenser] 05
[T+2835376181us][CH2-Pc    ] 05
[T+2835551180us][CH1-Dispenser] 06
[T+2835550180us][CH2-Pc    ] 06
[T+2835725205us][CH2-Pc    ] 01
[T+2835730179us][CH1-Dispenser] 01 61
[T+2835803180us][CH2-Pc    ] 02
[T+2835809788us][CH1-Dispenser] 02 92
[T+2835831180us][CH2-Pc    ] 62
[T+2835846205us][CH1-Dispenser] 62 E5 E2 E7 E0 E1 E0
[T+2835910180us][CH2-Pc    ] 03
[T+2835921180us][CH1-Dispenser] 03 63
[T+2835988180us][CH2-Pc    ] 04
[T+2835999183us][CH1-Dispenser] 04 64
[T+2836066316us][CH1-Dispenser] 05
[T+2836066180us][CH2-Pc    ] 05
[T+2836241180us][CH1-Dispenser] 06
[T+2836241316us][CH2-Pc    ] 06
[T+2836416180us][CH2-Pc    ] 01
[T+2836424187us][CH1-Dispenser] 01 61
[T+2836494180us][CH2-Pc    ] 02
[T+2836500821us][CH1-Dispenser] 02 92
[T+2836521204us][CH2-Pc    ] 62
[T+2836537180us][CH1-Dispenser] 62 E7 E4 E7 E0 E1 E0
[T+2836611180us][CH2-Pc    ] 03
[T+2836617203us][CH1-Dispenser] 03 63
[T+2836689205us][CH2-Pc    ] 04
[T+2836699180us][CH1-Dispenser] 04 64
[T+2836767181us][CH1-Dispenser] 05
[T+2836767318us][CH2-Pc    ] 05
[T+2836944316us][CH1-Dispenser] 06
[T+2836944181us][CH2-Pc    ] 06
[T+2837150180us][CH2-Pc    ] 01
[T+2837157181us][CH1-Dispenser] 01 61
[T+2837228180us][CH2-Pc    ] 02
[T+2837236752us][CH1-Dispenser] 02 92
[T+2837256180us][CH2-Pc    ] 62
[T+2837267181us][CH1-Dispenser] 62 E0 E8 E7 E0 E1 E0
[T+2837335180us][CH2-Pc    ] 03
[T+2837343180us][CH1-Dispenser] 03 63
[T+2837413180us][CH2-Pc    ] 04
[T+2837424180us][CH1-Dispenser] 04 64
[T+2837491321us][CH1-Dispenser] 05
[T+2837491180us][CH2-Pc    ] 05
[T+2837666320us][CH1-Dispenser] 06
[T+2837666182us][CH2-Pc    ] 06
[T+2837830180us][CH2-Pc    ] 01
[T+2837835793us][CH1-Dispenser] 01 61
[T+2837908180us][CH2-Pc    ] 02
[T+2837917204us][CH1-Dispenser] 02 92
[T+2837935204us][CH2-Pc    ] 62
[T+2837946180us][CH1-Dispenser] 62 E3 E1 E8 E0 E1 E0
[T+2838014180us][CH2-Pc    ] 03
[T+2838024180us][CH1-Dispenser] 03 63
[T+2838092180us][CH2-Pc    ] 04
[T+2838098785us][CH1-Dispenser] 04 64
[T+2838171313us][CH1-Dispenser] 05
[T+2838171180us][CH2-Pc    ] 05
[T+2838345181us][CH1-Dispenser] 06
[T+2838345317us][CH2-Pc    ] 06
[T+2838520180us][CH2-Pc    ] 01
[T+2838525798us][CH1-Dispenser] 01 61
[T+2838598180us][CH2-Pc    ] 02
[T+2838604225us][CH1-Dispenser] 02 92
[T+2838626180us][CH2-Pc    ] 62
[T+2838635221us][CH1-Dispenser] 62 E6 E4 E8 E0 E1 E0
[T+2838704204us][CH2-Pc    ] 03
[T+2838712187us][CH1-Dispenser] 03 63
[T+2838782180us][CH2-Pc    ] 04
[T+2838786179us][CH1-Dispenser] 04 64
[T+2838849181us][CH1-Dispenser] 05
[T+2838849314us][CH2-Pc    ] 05
[T+2839024181us][CH1-Dispenser] 06
[T+2839024319us][CH2-Pc    ] 06
[T+2839197180us][CH2-Pc    ] 01
[T+2839205783us][CH1-Dispenser] 01 61
[T+2839275180us][CH2-Pc    ] 02
[T+2839281204us][CH1-Dispenser] 02 92
[T+2839302204us][CH2-Pc    ] 62
[T+2839317204us][CH1-Dispenser] 62 E9 E7 E8 E0 E1 E0
[T+2839380204us][CH2-Pc    ] 03
[T+2839388180us][CH1-Dispenser] 03 63
[T+2839459183us][CH2-Pc    ] 04
[T+2839467180us][CH1-Dispenser] 04 64
[T+2839537180us][CH1-Dispenser] 05
[T+2839537320us][CH2-Pc    ] 05
[T+2839712180us][CH1-Dispenser] 06
[T+2839712316us][CH2-Pc    ] 06
[T+2839880179us][CH1-Dispenser] 01 61
[T+2839876180us][CH2-Pc    ] 01
[T+2839943204us][CH2-Pc    ] 02
[T+2839950179us][CH1-Dispenser] 02 92
[T+2839970180us][CH2-Pc    ] 62
[T+2839981180us][CH1-Dispenser] 62 E1 E0 E9 E0 E1 E0
[T+2840049184us][CH2-Pc    ] 03
[T+2840060180us][CH1-Dispenser] 03 63
[T+2840128180us][CH2-Pc    ] 04
[T+2840132756us][CH1-Dispenser] 04 64
[T+2840208266us][CH1-Dispenser] 05
[T+2840208401us][CH2-Pc    ] 05
[T+2840382180us][CH1-Dispenser] 06
[T+2840382319us][CH2-Pc    ] 06
[T+2840575180us][CH2-Pc    ] 01
[T+2840581219us][CH1-Dispenser] 01 61
[T+2840653204us][CH2-Pc    ] 02
[T+2840660180us][CH1-Dispenser] 02 92
[T+2840680180us][CH2-Pc    ] 62
[T+2840693180us][CH1-Dispenser] 62 E4 E3 E9 E0 E1 E0
[T+2840758180us][CH2-Pc    ] 03
[T+2840768180us][CH1-Dispenser] 03 63
[T+2840836180us][CH2-Pc    ] 04
[T+2840842204us][CH1-Dispenser] 04 64
[T+2840915315us][CH1-Dispenser] 05
[T+2840915180us][CH2-Pc    ] 05
[T+2841079180us][CH1-Dispenser] 06
[T+2841079315us][CH2-Pc    ] 06
[T+2841254180us][CH2-Pc    ] 01
[T+2841261180us][CH1-Dispenser] 01 61
[T+2841332180us][CH2-Pc    ] 02
[T+2841341181us][CH1-Dispenser] 02 92
[T+2841353204us][CH2-Pc    ] 62
[T+2841366180us][CH1-Dispenser] 62 E7 E6 E9 E0 E1 E0
[T+2841433180us][CH2-Pc    ] 03
[T+2841444180us][CH1-Dispenser] 03 63
[T+2841511180us][CH2-Pc    ] 04
[T+2841518180us][CH1-Dispenser] 04 64
[T+2841590180us][CH1-Dispenser] 05
[T+2841590314us][CH2-Pc    ] 05
[T+2841775181us][CH1-Dispenser] 06
[T+2841775317us][CH2-Pc    ] 06
[T+2841939180us][CH2-Pc    ] 01
[T+2841946180us][CH1-Dispenser] 01 61
[T+2842017180us][CH2-Pc    ] 02
[T+2842026206us][CH1-Dispenser] 02 92
[T+2842044204us][CH2-Pc    ] 62
[T+2842057180us][CH1-Dispenser] 62 E0 E0 E0 E1 E1 E0
[T+2842124180us][CH2-Pc    ] 03
[T+2842132180us][CH1-Dispenser] 03 63
[T+2842202180us][CH2-Pc    ] 04
[T+2842208310us][CH1-Dispenser] 04 64
[T+2842280314us][CH1-Dispenser] 05
[T+2842280180us][CH2-Pc    ] 05
[T+2842455318us][CH1-Dispenser] 06
[T+2842455181us][CH2-Pc    ] 06
[T+2842630180us][CH2-Pc    ] 01
[T+2842635179us][CH1-Dispenser] 01 61
[T+2842708180us][CH2-Pc    ] 02
[T+2842717683us][CH1-Dispenser] 02 92
[T+2842735204us][CH2-Pc    ] 62
[T+2842747204us][CH1-Dispenser] 62 E0 E0 E0 E1 E1 E0
[T+2842813206us][CH2-Pc    ] 03
[T+2842819866us][CH1-Dispenser] 03 63
[T+2842891180us][CH2-Pc    ] 04
[T+2842898873us][CH1-Dispenser] 04 64
[T+2842969182us][CH1-Dispenser] 05
[T+2842969315us][CH2-Pc    ] 05
[T+2843144181us][CH1-Dispenser] 06
[T+2843144317us][CH2-Pc    ] 06
[T+2843319180us][CH2-Pc    ] 01
[T+2843326179us][CH1-Dispenser] 01 61
[T+2843397181us][CH2-Pc    ] 02
[T+2843405187us][CH1-Dispenser] 02 92
[T+2843424180us][CH2-Pc    ] 62
[T+2843438182us][CH1-Dispenser] 62 E0 E0 E0 E1 E1 E0
[T+2843503180us][CH2-Pc    ] 03
[T+2843507179us][CH1-Dispenser] 03 63
[T+2843570204us][CH2-Pc    ] 04
[T+2843577610us][CH1-Dispenser] 04 64
[T+2843648314us][CH1-Dispenser] 05
[T+2843648180us][CH2-Pc    ] 05
[T+2843823180us][CH1-Dispenser] 06
[T+2843823318us][CH2-Pc    ] 06
[T+2843987181us][CH2-Pc    ] 01
[T+2843995183us][CH1-Dispenser] 01 61
[T+2844065180us][CH2-Pc    ] 02
[T+2844071218us][CH1-Dispenser] 02 92
[T+2844093180us][CH2-Pc    ] 62
[T+2844107180us][CH1-Dispenser] 62 E0 E0 E0 E1 E1 E0
[T+2844172180us][CH2-Pc    ] 03
[T+2844177179us][CH1-Dispenser] 03 63
[T+2844250180us][CH2-Pc    ] 04
[T+2844258180us][CH1-Dispenser] 04 64
[T+2844328180us][CH1-Dispenser] 05
[T+2844328314us][CH2-Pc    ] 05
[T+2844503181us][CH1-Dispenser] 06
[T+2844503316us][CH2-Pc    ] 06
[T+2844677206us][CH2-Pc    ] 01
[T+2844686205us][CH1-Dispenser] 01 61
[T+2844755204us][CH2-Pc    ] 02
[T+2844759783us][CH1-Dispenser] 02 92
[T+2844772180us][CH2-Pc    ] 62
[T+2844787204us][CH1-Dispenser] 62 E0 E0 E0 E1 E1 E0
[T+2844861182us][CH2-Pc    ] 03
[T+2844867204us][CH1-Dispenser] 03 63
[T+2844939205us][CH2-Pc    ] 04
[T+2844947239us][CH1-Dispenser] 04 64
[T+2845017181us][CH1-Dispenser] 05
[T+2845017316us][CH2-Pc    ] 05
[T+2845192180us][CH1-Dispenser] 06
[T+2845192317us][CH2-Pc    ] 06
[T+2845367180us][CH2-Pc    ] 01
[T+2845376215us][CH1-Dispenser] 01 61
[T+2845445205us][CH2-Pc    ] 02
[T+2845450349us][CH1-Dispenser] 02 92
[T+2845473180us][CH2-Pc    ] 62
[T+2845487180us][CH1-Dispenser] 62 E0 E0 E0 E1 E1 E0
[T+2845560180us][CH2-Pc    ] 03
[T+2845568750us][CH1-Dispenser] 03 63
[T+2845638180us][CH2-Pc    ] 04
[T+2845642179us][CH1-Dispenser] 04 64
[T+2845707181us][CH1-Dispenser] 05
[T+2845707316us][CH2-Pc    ] 05
[T+2845881181us][CH1-Dispenser] 06
[T+2845881318us][CH2-Pc    ] 06
[T+2846056180us][CH2-Pc    ] 01
[T+2846062204us][CH1-Dispenser] 01 61
[T+2846134204us][CH2-Pc    ] 02
[T+2846143188us][CH1-Dispenser] 02 92
[T+2846162315us][CH1-Dispenser] 62
[T+2846162180us][CH2-Pc    ] 62
[T+2846179180us][CH1-Dispenser] E0 E0 E0 E1 E1 E0
[T+2846252180us][CH2-Pc    ] 03
[T+2846257179us][CH1-Dispenser] 03 63
[T+2846330180us][CH2-Pc    ] 04
[T+2846338797us][CH1-Dispenser] 04 64
[T+2846408180us][CH1-Dispenser] 05
[T+2846408314us][CH2-Pc    ] 05
[T+2846583315us][CH1-Dispenser] 06
[T+2846583180us][CH2-Pc    ] 06
[T+2846758180us][CH2-Pc    ] 01
[T+2846769180us][CH1-Dispenser] 01 61
[T+2846836180us][CH2-Pc    ] 02
[T+2846846180us][CH1-Dispenser] 02 A2
[T+2847415180us][CH2-Pc    ] 03
[T+2847423797us][CH1-Dispenser] 03 63
[T+2847493180us][CH2-Pc    ] 04
[T+2847498179us][CH1-Dispenser] 04 64
[T+2847571181us][CH1-Dispenser] 05
[T+2847571316us][CH2-Pc    ] 05
[T+2847735321us][CH1-Dispenser] 06
[T+2847735181us][CH2-Pc    ] 06
[T+2847910180us][CH2-Pc    ] 01
[T+2847916204us][CH1-Dispenser] 01 61
[T+2847988205us][CH2-Pc    ] 02
[T+2847998181us][CH1-Dispenser] 02 62
[T+2848566180us][CH2-Pc    ] 03
[T+2848572218us][CH1-Dispenser] 03 63
[T+2848644204us][CH2-Pc    ] 04
[T+2848653209us][CH1-Dispenser] 04 64
[T+2848722180us][CH1-Dispenser] 05
[T+2848722317us][CH2-Pc    ] 05
[T+2848897181us][CH1-Dispenser] 06
[T+2848897317us][CH2-Pc    ] 06
[T+2849072180us][CH2-Pc    ] 01
[T+2849081181us][CH1-Dispenser] 01 61
[T+2849150205us][CH2-Pc    ] 02
[T+2849156203us][CH1-Dispenser] 02 62
[T+2849177180us][CH1-Dispenser] 42
[T+2849177312us][CH2-Pc    ] 42
[T+2849231204us][CH1-Dispenser] FF F1 F8 EB E1 E0 E0 E0 F6 E1 F4 F7 E0 E0 E1 E1 F9 E0 E0 E0 E0 E1 E0 FA E0 E0 E0 E1 E1 E0 FB E7 F0
[T+2849249310us][CH1-Dispenser] 52
[T+2849249180us][CH2-Pc    ] 52
[T+2849380180us][CH1-Dispenser] FF F6 E0 F9 E5 E9 E4 E9 E3 E8 E6 E2 FA E8 E0 E5 E1 E9 E0 E5 E8 F4 E0 E3 E1 E1 F5 E0 E0 E0 E0 F6 E1 F9 E2 E8 E9 E2 E2 E8 E5 E3 FA E6 E6 E5 E8 E1 E6 E4 E8 F4 E0 E0 E1 E1 F5 E0 E0 E0 E0 F6 E2 F9 E6 E7 E8 E9 E5 E4 E9 E9 FA E8 E2 E2 E3 E7 E8 E1 E8 F4 E0 E3 E4 E1 F5 E0 E0 E0 E0 FB E9 F0
[T+2849452206us][CH2-Pc    ] 03
[T+2849460181us][CH1-Dispenser] 03 63
[T+2849530180us][CH2-Pc    ] 04
[T+2849539204us][CH1-Dispenser] 04 64
[T+2849608315us][CH1-Dispenser] 05
[T+2849608180us][CH2-Pc    ] 05
[T+2849783316us][CH1-Dispenser] 06
[T+2849783181us][CH2-Pc    ] 06
[T+2849958180us][CH2-Pc    ] 01
[T+2849968180us][CH1-Dispenser] 01 61
[T+2850036180us][CH2-Pc    ] 02
[T+2850041187us][CH1-Dispenser] 02 62
[T+2850063314us][CH1-Dispenser] 52
[T+2850063180us][CH2-Pc    ] 52
[T+2850195205us][CH1-Dispenser] FF F6 E0 F9 E5 E9 E4 E9 E3 E8 E6 E2 FA E8 E0 E5 E1 E9 E0 E5 E8 F4 E0 E3 E1 E1 F5 E0 E0 E0 E0 F6 E1 F9 E2 E8 E9 E2 E2 E8 E5 E3 FA E6 E6 E5 E8 E1 E6 E4 E8 F4 E0 E0 E1 E1 F5 E0 E0 E0 E0 F6 E2 F9 E6 E7 E8 E9 E5 E4 E9 E9 FA E8 E2 E2 E3 E7 E8 E1 E8 F4 E0 E3 E4 E1 F5 E0 E0 E0 E0 FB E9 F0
[T+2850273204us][CH2-Pc    ] 03
[T+2850279179us][CH1-Dispenser] 03 63
[T+2850342205us][CH2-Pc    ] 04
[T+2850349180us][CH1-Dispenser] 04 64
[T+2850420181us][CH1-Dispenser] 05
[T+2850420316us][CH2-Pc    ] 05
[T+2850595180us][CH1-Dispenser] 06
[T+2850595316us][CH2-Pc    ] 06
[T+2850770180us][CH2-Pc    ] 01
[T+2850777417us][CH1-Dispenser] 01 61
[T+2850848180us][CH2-Pc    ] 02
[T+2850856180us][CH1-Dispenser] 02 62
[T+2850926180us][CH2-Pc    ] 03
[T+2850932203us][CH1-Dispenser] 03 63
[T+2851004207us][CH2-Pc    ] 04
[T+2851014248us][CH1-Dispenser] 04 64
[T+2851082317us][CH1-Dispenser] 05
[T+2851082181us][CH2-Pc    ] 05
[T+2851282180us][CH1-Dispenser] 06
[T+2851282316us][CH2-Pc    ] 06
[T+2851457180us][CH2-Pc    ] 01
[T+2851461179us][CH1-Dispenser] 01 61
[T+2851535180us][CH2-Pc    ] 02
[T+2851543183us][CH1-Dispenser] 02 62
[T+2851613180us][CH2-Pc    ] 03
[T+2851619219us][CH1-Dispenser] 03 63
[T+2851691204us][CH2-Pc    ] 04
[T+2851698179us][CH1-Dispenser] 04 64
[T+2851764180us][CH1-Dispenser] 05
[T+2851764315us][CH2-Pc    ] 05
[T+2851939317us][CH1-Dispenser] 06
[T+2851939180us][CH2-Pc    ] 06
[T+2852114180us][CH2-Pc    ] 01
[T+2852121797us][CH1-Dispenser] 01 61
[T+2852184204us][CH2-Pc    ] 02
[T+2852191181us][CH1-Dispenser] 02 62
[T+2852262180us][CH2-Pc    ] 03
[T+2852269179us][CH1-Dispenser] 03 63
[T+2852354180us][CH2-Pc    ] 04
[T+2852363219us][CH1-Dispenser] 04 64
[T+2852444180us][CH1-Dispenser] 05
[T+2852444314us][CH2-Pc    ] 05
[T+2852613317us][CH1-Dispenser] 06
[T+2852613181us][CH2-Pc    ] 06
[T+2852788180us][CH2-Pc    ] 01
[T+2852799180us][CH1-Dispenser] 01 61
[T+2852866180us][CH2-Pc    ] 02
[T+2852870179us][CH1-Dispenser] 02 62
[T+2852944180us][CH2-Pc    ] 03
[T+2852952180us][CH1-Dispenser] 03 63
[T+2853022180us][CH2-Pc    ] 04
[T+2853030752us][CH1-Dispenser] 04 64
[T+2853101180us][CH1-Dispenser] 05
[T+2853102179us][CH2-Pc    ] 05
[T+2853269181us][CH1-Dispenser] 06
[T+2853269317us][CH2-Pc    ] 06
[T+2853506206us][CH2-Pc    ] 01
[T+2853514299us][CH1-Dispenser] 01 61
[T+2853629180us][CH2-Pc    ] 02
[T+2853637670us][CH1-Dispenser] 02 62
[T+2853720180us][CH2-Pc    ] 03
[T+2853729218us][CH1-Dispenser] 03 63
[T+2853798204us][CH2-Pc    ] 04
[T+2853804830us][CH1-Dispenser] 04 64
[T+2853876315us][CH1-Dispenser] 05
[T+2853876180us][CH2-Pc    ] 05
[T+2854051317us][CH1-Dispenser] 06
[T+2854051181us][CH2-Pc    ] 06
[T+2854226180us][CH2-Pc    ] 01
[T+2854233180us][CH1-Dispenser] 01 61
[T+2854304180us][CH2-Pc    ] 02
[T+2854312185us][CH1-Dispenser] 02 62
[T+2854382180us][CH2-Pc    ] 03
[T+2854389181us][CH1-Dispenser] 03 63
[T+2854460181us][CH2-Pc    ] 04
[T+2854468775us][CH1-Dispenser] 04 64
[T+2854538180us][CH1-Dispenser] 05
[T+2854538314us][CH2-Pc    ] 05
[T+2854713315us][CH1-Dispenser] 06
[T+2854713180us][CH2-Pc    ] 06
[T+2854877180us][CH2-Pc    ] 01
[T+2854889181us][CH1-Dispenser] 01 61
[T+2854955205us][CH2-Pc    ] 02
[T+2854961798us][CH1-Dispenser] 02 62
[T+2855039179us][CH1-Dispenser] 03 63
[T+2855035180us][CH2-Pc    ] 03
[T+2855112180us][CH2-Pc    ] 04
[T+2855118203us][CH1-Dispenser] 04 64
[T+2855190313us][CH1-Dispenser] 05
[T+2855190180us][CH2-Pc    ] 05
[T+2855365180us][CH1-Dispenser] 06
[T+2855365316us][CH2-Pc    ] 06
[T+2855540180us][CH2-Pc    ] 01
[T+2855546857us][CH1-Dispenser] 01 61
[T+2855632180us][CH2-Pc    ] 02
[T+2855642180us][CH1-Dispenser] 02 62
[T+2855710180us][CH2-Pc    ] 03
[T+2855718180us][CH1-Dispenser] 03 63
[T+2855789180us][CH2-Pc    ] 04
[T+2855794179us][CH1-Dispenser] 04 64
[T+2855866187us][CH1-Dispenser] 05
[T+2855867179us][CH2-Pc    ] 05
[T+2856041181us][CH1-Dispenser] 06
[T+2856042179us][CH2-Pc    ] 06
[T+2856205180us][CH2-Pc    ] 01
[T+2856211218us][CH1-Dispenser] 01 61
[T+2856283204us][CH2-Pc    ] 02
[T+2856290180us][CH1-Dispenser] 02 62
[T+2856362205us][CH2-Pc    ] 03
[T+2856370187us][CH1-Dispenser] 03 63
[T+2856440180us][CH2-Pc    ] 04
[T+2856448180us][CH1-Dispenser] 04 64
[T+2856518180us][CH1-Dispenser] 05
[T+2856518314us][CH2-Pc    ] 05
[T+2856693318us][CH1-Dispenser] 06
[T+2856693180us][CH2-Pc    ] 06
[T+2856868180us][CH2-Pc    ] 01
[T+2856876200us][CH1-Dispenser] 01 61
[T+2856946180us][CH2-Pc    ] 02
[T+2856952218us][CH1-Dispenser] 02 62
[T+2857025180us][CH2-Pc    ] 03
[T+2857034188us][CH1-Dispenser] 03 63
[T+2857103180us][CH2-Pc    ] 04
[T+2857107179us][CH1-Dispenser] 04 64
[T+2857170180us][CH1-Dispenser] 05
[T+2857170317us][CH2-Pc    ] 05
[T+2857345317us][CH1-Dispenser] 06
[T+2857345181us][CH2-Pc    ] 06
[T+2857520180us][CH2-Pc    ] 01
[T+2857526204us][CH1-Dispenser] 01 61
[T+2857598205us][CH2-Pc    ] 02
[T+2857606184us][CH1-Dispenser] 02 62
[T+2857676180us][CH2-Pc    ] 03
[T+2857684180us][CH1-Dispenser] 03 63
[T+2857754180us][CH2-Pc    ] 04
[T+2857763204us][CH1-Dispenser] 04 64
[T+2857832180us][CH1-Dispenser] 05
[T+2857832313us][CH2-Pc    ] 05
[T+2858007315us][CH1-Dispenser] 06
[T+2858007181us][CH2-Pc    ] 06
[T+2858186179us][CH1-Dispenser] 01 61
[T+2858182180us][CH2-Pc    ] 01
[T+2858249180us][CH2-Pc    ] 02
[T+2858256179us][CH1-Dispenser] 02 62
[T+2858327183us][CH2-Pc    ] 03
[T+2858333204us][CH1-Dispenser] 03 63
[T+2858405204us][CH2-Pc    ] 04
[T+2858414181us][CH1-Dispenser] 04 64
[T+2858486180us][CH1-Dispenser] 05
[T+2858486317us][CH2-Pc    ] 05
[T+2858660316us][CH1-Dispenser] 06
[T+2858660181us][CH2-Pc    ] 06
[T+2858835180us][CH2-Pc    ] 01
[T+2858842826us][CH1-Dispenser] 01 61
[T+2858913180us][CH2-Pc    ] 02
[T+2858921180us][CH1-Dispenser] 02 62
[T+2858991182us][CH2-Pc    ] 03
[T+2858998180us][CH1-Dispenser] 03 63
[T+2859070180us][CH2-Pc    ] 04
[T+2859079218us][CH1-Dispenser] 04 64
[T+2859148180us][CH1-Dispenser] 05
[T+2859148314us][CH2-Pc    ] 05
[T+2859322180us][CH1-Dispenser] 06
[T+2859323179us][CH2-Pc    ] 06
[T+2859487181us][CH2-Pc    ] 01
[T+2859492179us][CH1-Dispenser] 01 61
[T+2859565180us][CH2-Pc    ] 02
[T+2859571218us][CH1-Dispenser] 02 62
[T+2859643204us][CH2-Pc    ] 03
[T+2859648187us][CH1-Dispenser] 03 63
[T+2859721180us][CH2-Pc    ] 04
[T+2859729823us][CH1-Dispenser] 04 64
[T+2859799180us][CH1-Dispenser] 05
[T+2859799314us][CH2-Pc    ] 05
[T+2859974315us][CH1-Dispenser] 06
[T+2859974180us][CH2-Pc    ] 06
[T+2860151204us][CH2-Pc    ] 01
[T+2860157218us][CH1-Dispenser] 01 61
[T+2860229204us][CH2-Pc    ] 02
[T+2860236179us][CH1-Dispenser] 02 62
[T+2860307180us][CH2-Pc    ] 03
[T+2860313204us][CH1-Dispenser] 03 63
[T+2860385205us][CH2-Pc    ] 04
[T+2860394181us][CH1-Dispenser] 04 64
[T+2860463316us][CH1-Dispenser] 05
[T+2860463180us][CH2-Pc    ] 05
[T+2860627180us][CH1-Dispenser] 06
[T+2860627318us][CH2-Pc    ] 06
[T+2860802180us][CH2-Pc    ] 01
[T+2860806179us][CH1-Dispenser] 01 61
[T+2860869204us][CH2-Pc    ] 02
[T+2860876180us][CH1-Dispenser] 02 62
[T+2860948205us][CH2-Pc    ] 03
[T+2860954334us][CH1-Dispenser] 03 63
[T+2861026204us][CH2-Pc    ] 04
[T+2861033179us][CH1-Dispenser] 04 64
[T+2861104180us][CH1-Dispenser] 05
[T+2861104314us][CH2-Pc    ] 05
[T+2861271316us][CH1-Dispenser] 06
[T+2861271181us][CH2-Pc    ] 06
[T+2861447180us][CH2-Pc    ] 01
[T+2861456218us][CH1-Dispenser] 01 61
[T+2861526180us][CH2-Pc    ] 02
[T+2861532838us][CH1-Dispenser] 02 62
[T+2861604205us][CH2-Pc    ] 03
[T+2861608179us][CH1-Dispenser] 03 63
[T+2861682180us][CH2-Pc    ] 04
[T+2861689181us][CH1-Dispenser] 04 64
[T+2861760317us][CH1-Dispenser] 05
[T+2861760180us][CH2-Pc    ] 05
[T+2861924316us][CH1-Dispenser] 06
[T+2861924181us][CH2-Pc    ] 06
[T+2862099180us][CH2-Pc    ] 01
[T+2862107835us][CH1-Dispenser] 01 61
[T+2862177180us][CH2-Pc    ] 02
[T+2862182179us][CH1-Dispenser] 02 62
[T+2862255180us][CH2-Pc    ] 03
[T+2862265180us][CH1-Dispenser] 03 63
[T+2862333180us][CH2-Pc    ] 04
[T+2862340227us][CH1-Dispenser] 04 64
[T+2862411180us][CH1-Dispenser] 05
[T+2862411314us][CH2-Pc    ] 05
[T+2862586180us][CH1-Dispenser] 06
[T+2862586314us][CH2-Pc    ] 06
[T+2862773180us][CH2-Pc    ] 01
[T+2862782298us][CH1-Dispenser] 01 61
[T+2862851205us][CH2-Pc    ] 02
[T+2862856179us][CH1-Dispenser] 02 62
[T+2862929180us][CH2-Pc    ] 03
[T+2862933179us][CH1-Dispenser] 03 63
[T+2862996205us][CH2-Pc    ] 04
[T+2863003180us][CH1-Dispenser] 04 64
[T+2863075180us][CH1-Dispenser] 05
[T+2863075317us][CH2-Pc    ] 05
[T+2863260181us][CH1-Dispenser] 06
[T+2863260318us][CH2-Pc    ] 06
[T+2863424180us][CH2-Pc    ] 01
[T+2863431181us][CH1-Dispenser] 01 61
[T+2863502180us][CH2-Pc    ] 02
[T+2863509179us][CH1-Dispenser] 02 62
[T+2863580180us][CH2-Pc    ] 03
[T+2863589749us][CH1-Dispenser] 03 63
[T+2863658204us][CH2-Pc    ] 04
[T+2863664856us][CH1-Dispenser] 04 64
[T+2863736181us][CH1-Dispenser] 05
[T+2863736316us][CH2-Pc    ] 05
[T+2863914315us][CH1-Dispenser] 06
[T+2863914180us][CH2-Pc    ] 06
[T+2864079204us][CH2-Pc    ] 01
[T+2864087181us][CH1-Dispenser] 01 61
[T+2864156204us][CH2-Pc    ] 02
[T+2864163180us][CH1-Dispenser] 02 62
[T+2864234180us][CH2-Pc    ] 03
[T+2864239831us][CH1-Dispenser] 03 63
[T+2864313180us][CH2-Pc    ] 04
[T+2864318242us][CH1-Dispenser] 04 64