[T+3007342180us][CH2-Pc    ] 03
[T+3007348204us][CH1-Dispenser] 03 63
[T+3007420204us][CH2-Pc    ] 04
[T+3007429214us][CH1-Dispenser] 04 64
[T+3007498180us][CH1-Dispenser] 05
[T+3007498316us][CH2-Pc    ] 05
[T+3007673317us][CH1-Dispenser] 06
[T+3007673181us][CH2-Pc    ] 06
[T+3007848180us][CH2-Pc    ] 01
[T+3007856180us][CH1-Dispenser] 01 61
[T+3007926180us][CH2-Pc    ] 02
[T+3007932218us][CH1-Dispenser] 02 62
[T+3008004204us][CH2-Pc    ] 03
[T+3008014180us][CH1-Dispenser] 03 63
[T+3008082180us][CH2-Pc    ] 04
[T+3008089179us][CH1-Dispenser] 04 64
[T+3008160314us][CH1-Dispenser] 05
[T+3008160180us][CH2-Pc    ] 05
[T+3008335180us][CH1-Dispenser] 06
[T+3008335317us][CH2-Pc    ] 06
[T+3008500204us][CH2-Pc    ] 01
[T+3008506204us][CH1-Dispenser] 01 61
[T+3008578204us][CH2-Pc    ] 02
[T+3008586180us][CH1-Dispenser] 02 62
[T+3008656204us][CH2-Pc    ] 03
[T+3008664180us][CH1-Dispenser] 03 63
[T+3008734180us][CH2-Pc    ] 04
[T+3008745180us][CH1-Dispenser] 04 64
[T+3008812180us][CH1-Dispenser] 05
[T+3008813179us][CH2-Pc    ] 05
[T+3008987182us][CH1-Dispenser] 06
[T+3008987317us][CH2-Pc    ] 06
[T+3009162180us][CH2-Pc    ] 01
[T+3009171204us][CH1-Dispenser] 01 61
[T+3009240205us][CH2-Pc    ] 02
[T+3009245179us][CH1-Dispenser] 02 62
[T+3009319180us][CH2-Pc    ] 03
[T+3009323179us][CH1-Dispenser] 03 63
[T+3009397180us][CH2-Pc    ] 04
[T+3009402179us][CH1-Dispenser] 04 64
[T+3009475316us][CH1-Dispenser] 05
[T+3009475181us][CH2-Pc    ] 05
[T+3009639267us][CH1-Dispenser] 06
[T+3009639403us][CH2-Pc    ] 06
[T+3009813204us][CH2-Pc    ] 01
[T+3009822222us][CH1-Dispenser] 01 61
[T+3009892180us][CH2-Pc    ] 02
[T+3009896179us][CH1-Dispenser] 02 62
[T+3009959204us][CH2-Pc    ] 03
[T+3009968213us][CH1-Dispenser] 03 63
[T+3010037204us][CH2-Pc    ] 04
[T+3010042793us][CH1-Dispenser] 04 64
[T+3010115180us][CH1-Dispenser] 05
[T+3010115314us][CH2-Pc    ] 05
[T+3010279180us][CH1-Dispenser] 06
[T+3010279316us][CH2-Pc    ] 06
[T+3010454181us][CH2-Pc    ] 01
[T+3010461180us][CH1-Dispenser] 01 61
[T+3010532180us][CH2-Pc    ] 02
[T+3010537756us][CH1-Dispenser] 02 62
[T+3010611180us][CH2-Pc    ] 03
[T+3010619743us][CH1-Dispenser] 03 63
[T+3010692208us][CH1-Dispenser] 04 64
[T+3010689180us][CH2-Pc    ] 04
[T+3010756318us][CH1-Dispenser] 05
[T+3010756180us][CH2-Pc    ] 05
[T+3010920314us][CH1-Dispenser] 06
[T+3010920180us][CH2-Pc    ] 06
[T+3011096180us][CH2-Pc    ] 01
[T+3011103179us][CH1-Dispenser] 01 61
[T+3011174180us][CH2-Pc    ] 02
[T+3011182187us][CH1-Dispenser] 02 72
[T+3011201180us][CH2-Pc    ] 22
[T+3011206179us][CH1-Dispenser] 22 D2
[T+3011223180us][CH1-Dispenser] FF
[T+3011223315us][CH2-Pc    ] FF
[T+3011235311us][CH1-Dispenser] E9
[T+3011235180us][CH2-Pc    ] E9
[T+3011248327us][CH1-Dispenser] FE
[T+3011248188us][CH2-Pc    ] FE
[T+3011261317us][CH1-Dispenser] E0
[T+3011261180us][CH2-Pc    ] E0
[T+3011273181us][CH1-Dispenser] E1
[T+3011273315us][CH2-Pc    ] E1
[T+3011286313us][CH1-Dispenser] E0
[T+3011286180us][CH2-Pc    ] E0
[T+3011301312us][CH1-Dispenser] FB
[T+3011301180us][CH2-Pc    ] FB
[T+3011314324us][CH1-Dispenser] EE
[T+3011314183us][CH2-Pc    ] EE
[T+3011327185us][CH2-Pc    ] F0
[T+3011353180us][CH1-Dispenser] F0 BA B0 B3 B2 B0 B1 B0 B0 B0 B0 B1 B1 B1 B1 B2 C1 B9 8D 8A
[T+3011418180us][CH2-Pc    ] 03
[T+3011424251us][CH1-Dispenser] 03 63
[T+3011496204us][CH2-Pc    ] 04
[T+3011503181us][CH1-Dispenser] 04 64
[T+3011574180us][CH1-Dispenser] 05
[T+3011574316us][CH2-Pc    ] 05
[T+3011749314us][CH1-Dispenser] 06
[T+3011749180us][CH2-Pc    ] 06
[T+3011919180us][CH2-Pc    ] 01
[T+3011926781us][CH1-Dispenser] 01 61
[T+3012003180us][CH2-Pc    ] 02
[T+3012013180us][CH1-Dispenser] 02 72
[T+3012030180us][CH2-Pc    ] 22
[T+3012036218us][CH1-Dispenser] 22 D2
[T+3012052315us][CH1-Dispenser] FF
[T+3012052180us][CH2-Pc    ] FF
[T+3012064311us][CH1-Dispenser] E9
[T+3012064180us][CH2-Pc    ] E9
[T+3012077318us][CH1-Dispenser] FE
[T+3012077184us][CH2-Pc    ] FE
[T+3012090326us][CH1-Dispenser] E0
[T+3012090187us][CH2-Pc    ] E0
[T+3012102180us][CH1-Dispenser] E1
[T+3012103180us][CH2-Pc    ] E1
[T+3012115977us][CH1-Dispenser] E0
[T+3012115741us][CH2-Pc    ] E0
[T+3012128312us][CH1-Dispenser] FB
[T+3012128180us][CH2-Pc    ] FB
[T+3012141180us][CH1-Dispenser] EE
[T+3012141312us][CH2-Pc    ] EE
[T+3012153180us][CH2-Pc    ] F0
[T+3012184180us][CH1-Dispenser] F0 BA B0 B3 B2 B0 B1 B0 B0 B0 B0 B1 B1 B1 B1 B2 C1 B9 8D 8A
[T+3012256204us][CH2-Pc    ] 03
[T+3012264180us][CH1-Dispenser] 03 63
[T+3012334180us][CH2-Pc    ] 04
[T+3012345180us][CH1-Dispenser] 04 64
[T+3012412314us][CH1-Dispenser] 05
[T+3012412180us][CH2-Pc    ] 05
[T+3012584180us][CH1-Dispenser] 06
[T+3012584316us][CH2-Pc    ] 06
[T+3012750180us][CH2-Pc    ] 01
[T+3012757180us][CH1-Dispenser] 01 61
[T+3012828180us][CH2-Pc    ] 02
[T+3012838180us][CH1-Dispenser] 02 72
[T+3012855180us][CH2-Pc    ] 22
[T+3012862180us][CH1-Dispenser] 22 D2
[T+3012877181us][CH1-Dispenser] FF
[T+3012877319us][CH2-Pc    ] FF
[T+3012889431us][CH1-Dispenser] E9
[T+3012889296us][CH2-Pc    ] E9
[T+3012902325us][CH1-Dispenser] FE
[T+3012902186us][CH2-Pc    ] FE
[T+3012915314us][CH1-Dispenser] E0
[T+3012915181us][CH2-Pc    ] E0
[T+3012928181us][CH1-Dispenser] E1
[T+3012928315us][CH2-Pc    ] E1
[T+3012940313us][CH1-Dispenser] E0
[T+3012940180us][CH2-Pc    ] E0
[T+3012965314us][CH1-Dispenser] FB
[T+3012965180us][CH2-Pc    ] FB
[T+3012977180us][CH1-Dispenser] EE
[T+3012977311us][CH2-Pc    ] EE
[T+3012990180us][CH2-Pc    ] F0
[T+3013020205us][CH1-Dispenser] F0 BA B0 B3 B2 B0 B1 B0 B0 B0 B0 B1 B1 B1 B1 B2 C1 B9 8D 8A
[T+3013094180us][CH2-Pc    ] 03
[T+3013098179us][CH1-Dispenser] 03 63
[T+3013161205us][CH2-Pc    ] 04
[T+3013168179us][CH1-Dispenser] 04 64
[T+3013239181us][CH1-Dispenser] 05
[T+3013239316us][CH2-Pc    ] 05
[T+3013403180us][CH1-Dispenser] 06
[T+3013403316us][CH2-Pc    ] 06
[T+3013578180us][CH2-Pc    ] 01
[T+3013586832us][CH1-Dispenser] 01 61
[T+3013656180us][CH2-Pc    ] 02
[T+3013662204us][CH1-Dispenser] 02 72
[T+3013684180us][CH2-Pc    ] 22
[T+3013691180us][CH1-Dispenser] 22 D2
[T+3013705180us][CH1-Dispenser] FF
[T+3013705312us][CH2-Pc    ] FF
[T+3013718316us][CH1-Dispenser] E9
[T+3013718181us][CH2-Pc    ] E9
[T+3013730362us][CH1-Dispenser] FE
[T+3013730226us][CH2-Pc    ] FE
[T+3013743313us][CH1-Dispenser] E0
[T+3013743181us][CH2-Pc    ] E0
[T+3013756317us][CH1-Dispenser] E1
[T+3013756182us][CH2-Pc    ] E1
[T+3013769324us][CH1-Dispenser] E0
[T+3013769185us][CH2-Pc    ] E0
[T+3013781314us][CH1-Dispenser] FB
[T+3013781181us][CH2-Pc    ] FB
[T+3013794181us][CH1-Dispenser] EE
[T+3013794316us][CH2-Pc    ] EE
[T+3013806204us][CH2-Pc    ] F0
[T+3013835180us][CH1-Dispenser] F0 BA B0 B3 B2 B0 B1 B0 B0 B0 B0 B1 B1 B1 B1 B2 C1 B9 8D 8A
[T+3013899180us][CH2-Pc    ] 03
[T+3013904813us][CH1-Dispenser] 03 63
[T+3013976205us][CH2-Pc    ] 04
[T+3013983180us][CH1-Dispenser] 04 64
[T+3014055180us][CH1-Dispenser] 05
[T+3014055316us][CH2-Pc    ] 05
[T+3014236180us][CH1-Dispenser] 06
[T+3014236318us][CH2-Pc    ] 06
[T+3014411180us][CH2-Pc    ] 01
[T+3014417857us][CH1-Dispenser] 01 61
[T+3014489204us][CH2-Pc    ] 02
[T+3014496180us][CH1-Dispenser] 02 72
[T+3014517204us][CH2-Pc    ] 22
[T+3014521787us][CH1-Dispenser] 22 D2
[T+3014538180us][CH1-Dispenser] FF
[T+3014538314us][CH2-Pc    ] FF
[T+3014551317us][CH1-Dispenser] E9
[T+3014551181us][CH2-Pc    ] E9
[T+3014563316us][CH1-Dispenser] FE
[T+3014563180us][CH2-Pc    ] FE
[T+3014576312us][CH1-Dispenser] E0
[T+3014576180us][CH2-Pc    ] E0
[T+3014589313us][CH1-Dispenser] E1
[T+3014589180us][CH2-Pc    ] E1
[T+3014601187us][CH1-Dispenser] E0
[T+3014601320us][CH2-Pc    ] E0
[T+3014617313us][CH1-Dispenser] FB
[T+3014617180us][CH2-Pc    ] FB
[T+3014629320us][CH1-Dispenser] EE
[T+3014629183us][CH2-Pc    ] EE
[T+3014642182us][CH2-Pc    ] F0
[T+3014672204us][CH1-Dispenser] F0 BA B0 B3 B2 B0 B1 B0 B0 B0 B0 B1 B1 B1 B1 B2 C1 B9 8D 8A
[T+3014743180us][CH2-Pc    ] 03
[T+3014749204us][CH1-Dispenser] 03 63
[T+3014821204us][CH2-Pc    ] 04
[T+3014828180us][CH1-Dispenser] 04 64
[T+3014899180us][CH1-Dispenser] 05
[T+3014899314us][CH2-Pc    ] 05
[T+3015085181us][CH1-Dispenser] 06
[T+3015085317us][CH2-Pc    ] 06
[T+3015265204us][CH2-Pc    ] 01
[T+3015271814us][CH1-Dispenser] 01 61
[T+3015347180us][CH2-Pc    ] 02
[T+3015352187us][CH1-Dispenser] 02 72
[T+3015374180us][CH2-Pc    ] 22
[T+3015383182us][CH1-Dispenser] 22 D2
[T+3015395315us][CH1-Dispenser] FF
[T+3015395181us][CH2-Pc    ] FF
[T+3015408313us][CH1-Dispenser] E9
[T+3015408180us][CH2-Pc    ] E9
[T+3015421313us][CH1-Dispenser] FE
[T+3015421180us][CH2-Pc    ] FE
[T+3015433309us][CH1-Dispenser] E0
[T+3015433181us][CH2-Pc    ] E0
[T+3015446796us][CH1-Dispenser] E1
[T+3015446659us][CH2-Pc    ] E1
[T+3015459324us][CH1-Dispenser] E0
[T+3015459184us][CH2-Pc    ] E0
[T+3015472277us][CH1-Dispenser] FB
[T+3015472184us][CH2-Pc    ] FB
[T+3015484311us][CH1-Dispenser] EE
[T+3015484181us][CH2-Pc    ] EE
[T+3015497180us][CH2-Pc    ] F0
[T+3015526180us][CH1-Dispenser] F0 BA B0 B3 B2 B0 B1 B0 B0 B0 B0 B1 B1 B1 B1 B2 C1 B9 8D 8A
[T+3015599180us][CH2-Pc    ] 03
[T+3015603179us][CH1-Dispenser] 03 63
[T+3015666211us][CH2-Pc    ] 04
[T+3015675181us][CH1-Dispenser] 04 64
[T+3015744180us][CH1-Dispenser] 05
[T+3015744314us][CH2-Pc    ] 05
[T+3015921315us][CH1-Dispenser] 06
[T+3015921180us][CH2-Pc    ] 06
[T+3016109180us][CH2-Pc    ] 01
[T+3016118211us][CH1-Dispenser] 01 61
[T+3016186180us][CH2-Pc    ] 02
[T+3016192189us][CH1-Dispenser] 02 72
[T+3016214180us][CH2-Pc    ] 22
[T+3016222180us][CH1-Dispenser] 22 D2
[T+3016235180us][CH1-Dispenser] FF
[T+3016235315us][CH2-Pc    ] FF
[T+3016248313us][CH1-Dispenser] E9
[T+3016248180us][CH2-Pc    ] E9
[T+3016261316us][CH1-Dispenser] FE
[T+3016261180us][CH2-Pc    ] FE
[T+3016274290us][CH1-Dispenser] E0
[T+3016274186us][CH2-Pc    ] E0
[T+3016286236us][CH1-Dispenser] E1
[T+3016286386us][CH2-Pc    ] E1
[T+3016299316us][CH1-Dispenser] E0
[T+3016299182us][CH2-Pc    ] E0
[T+3016312314us][CH1-Dispenser] FB
[T+3016312181us][CH2-Pc    ] FB
[T+3016324313us][CH1-Dispenser] EE
[T+3016324181us][CH2-Pc    ] EE
[T+3016337180us][CH2-Pc    ] F0
[T+3016364204us][CH1-Dispenser] F0 BA B0 B3 B2 B0 B1 B0 B0 B0 B0 B1 B1 B1 B1 B2 C1 B9 8D 8A
[T+3016429180us][CH2-Pc    ] 03
[T+3016433179us][CH1-Dispenser] 03 63
[T+3016507180us][CH2-Pc    ] 04
[T+3016514180us][CH1-Dispenser] 04 64
[T+3016585432us][CH1-Dispenser] 05
[T+3016585295us][CH2-Pc    ] 05
[T+3016749180us][CH1-Dispenser] 06
[T+3016749314us][CH2-Pc    ] 06
[T+3016925180us][CH2-Pc    ] 01
[T+3016934218us][CH1-Dispenser] 01 61
[T+3017003204us][CH2-Pc    ] 02
[T+3017011187us][CH1-Dispenser] 02 72
[T+3017030180us][CH2-Pc    ] 22
[T+3017038187us][CH1-Dispenser] 22 D2
[T+3017052180us][CH1-Dispenser] FF
[T+3017052310us][CH2-Pc    ] FF
[T+3017064312us][CH1-Dispenser] E9
[T+3017064180us][CH2-Pc    ] E9
[T+3017077330us][CH1-Dispenser] FE
[T+3017077183us][CH2-Pc    ] FE
[T+3017090324us][CH1-Dispenser] E0
[T+3017090184us][CH2-Pc    ] E0
[T+3017103184us][CH1-Dispenser] E1
[T+3017103321us][CH2-Pc    ] E1
[T+3017115318us][CH1-Dispenser] E0
[T+3017115183us][CH2-Pc    ] E0
[T+3017128812us][CH1-Dispenser] FB
[T+3017128671us][CH2-Pc    ] FB
[T+3017140320us][CH1-Dispenser] EE
[T+3017140183us][CH2-Pc    ] EE
[T+3017153180us][CH2-Pc    ] F0
[T+3017184180us][CH1-Dispenser] F0 BA B0 B3 B2 B0 B1 B0 B0 B0 B0 B1 B1 B1 B1 B2 C1 B9 8D 8A
[T+3017256205us][CH2-Pc    ] 03
[T+3017266188us][CH1-Dispenser] 03 63
[T+3017334180us][CH2-Pc    ] 04
[T+3017340218us][CH1-Dispenser] 04 64
[T+3017412317us][CH1-Dispenser] 05
[T+3017412180us][CH2-Pc    ] 05
[T+3017576181us][CH1-Dispenser] 06
[T+3017576315us][CH2-Pc    ] 06
[T+3017751180us][CH2-Pc    ] 01
[T+3017757203us][CH1-Dispenser] 01 61
[T+3017829204us][CH2-Pc    ] 02
[T+3017840181us][CH1-Dispenser] 02 72
[T+3017856180us][CH2-Pc    ] 22
[T+3017862203us][CH1-Dispenser] 22 D2
[T+3017878315us][CH1-Dispenser] FF
[T+3017878180us][CH2-Pc    ] FF
[T+3017890183us][CH1-Dispenser] E9
[T+3017890321us][CH2-Pc    ] E9
[T+3017903316us][CH1-Dispenser] FE
[T+3017903181us][CH2-Pc    ] FE
[T+3017916323us][CH1-Dispenser] E0
[T+3017916186us][CH2-Pc    ] E0
[T+3017929321us][CH1-Dispenser] E1
[T+3017929183us][CH2-Pc    ] E1
[T+3017941311us][CH1-Dispenser] E0
[T+3017941180us][CH2-Pc    ] E0
[T+3017954322us][CH1-Dispenser] FB
[T+3017954185us][CH2-Pc    ] FB
[T+3017967457us][CH1-Dispenser] EE
[T+3017967596us][CH2-Pc    ] EE
[T+3017979208us][CH2-Pc    ] F0
[T+3018009204us][CH1-Dispenser] F0 BA B0 B3 B2 B0 B1 B0 B0 B0 B0 B1 B1 B1 B1 B2 C1 B9 8D 8A
[T+3018081206us][CH2-Pc    ] 03
[T+3018089187us][CH1-Dispenser] 03 63
[T+3018159180us][CH2-Pc    ] 04
[T+3018163179us][CH1-Dispenser] 04 64
[T+3018226181us][CH1-Dispenser] 05
[T+3018227179us][CH2-Pc    ] 05
[T+3018412315us][CH1-Dispenser] 06
[T+3018412181us][CH2-Pc    ] 06
[T+3018576180us][CH2-Pc    ] 01
[T+3018582855us][CH1-Dispenser] 01 61
[T+3018654204us][CH2-Pc    ] 02
[T+3018662180us][CH1-Dispenser] 02 72
[T+3018681180us][CH2-Pc    ] 22
[T+3018687521us][CH1-Dispenser] 22 D2
[T+3018703181us][CH1-Dispenser] FF
[T+3018703314us][CH2-Pc    ] FF
[T+3018716313us][CH1-Dispenser] E9
[T+3018716180us][CH2-Pc    ] E9
[T+3018729312us][CH1-Dispenser] FE
[T+3018729180us][CH2-Pc    ] FE
[T+3018742241us][CH1-Dispenser] E0
[T+3018742180us][CH2-Pc    ] E0
[T+3018755313us][CH1-Dispenser] E1
[T+3018755180us][CH2-Pc    ] E1
[T+3018767314us][CH1-Dispenser] E0
[T+3018767181us][CH2-Pc    ] E0
[T+3018780317us][CH1-Dispenser] FB
[T+3018780181us][CH2-Pc    ] FB
[T+3018793180us][CH1-Dispenser] EE
[T+3018793312us][CH2-Pc    ] EE
[T+3018805204us][CH2-Pc    ] F0
[T+3018835205us][CH1-Dispenser] F0 BA B0 B3 B2 B0 B1 B0 B0 B0 B0 B1 B1 B1 B1 B2 C1 B9 8D 8A
[T+3018907204us][CH2-Pc    ] 03
[T+3018913218us][CH1-Dispenser] 03 63
[T+3018985204us][CH2-Pc    ] 04
[T+3018994181us][CH1-Dispenser] 04 64
[T+3019063317us][CH1-Dispenser] 05
[T+3019063181us][CH2-Pc    ] 05
[T+3019238180us][CH1-Dispenser] 06
[T+3019238316us][CH2-Pc    ] 06
[T+3019404180us][CH2-Pc    ] 01
[T+3019411180us][CH1-Dispenser] 01 61
[T+3019482180us][CH2-Pc    ] 02
[T+3019487840us][CH1-Dispenser] 02 72
[T+3019510180us][CH2-Pc    ] 22
[T+3019520180us][CH1-Dispenser] 22 D2
[T+3019531182us][CH1-Dispenser] FF
[T+3019531317us][CH2-Pc    ] FF
[T+3019544315us][CH1-Dispenser] E9
[T+3019544181us][CH2-Pc    ] E9
[T+3019556902us][CH1-Dispenser] FE
[T+3019556738us][CH2-Pc    ] FE
[T+3019569310us][CH1-Dispenser] E0
[T+3019569180us][CH2-Pc    ] E0
[T+3019582180us][CH1-Dispenser] E1
[T+3019582314us][CH2-Pc    ] E1
[T+3019595324us][CH1-Dispenser] E0
[T+3019595184us][CH2-Pc    ] E0
[T+3019608324us][CH1-Dispenser] FB
[T+3019608185us][CH2-Pc    ] FB
[T+3019620318us][CH1-Dispenser] EE
[T+3019620182us][CH2-Pc    ] EE
[T+3019633180us][CH2-Pc    ] F0
[T+3019660206us][CH1-Dispenser] F0 BA B0 B3 B2 B0 B1 B0 B0 B0 B0 B1 B1 B1 B1 B2 C1 B9 8D 8A
[T+3019737180us][CH2-Pc    ] 03
[T+3019743218us][CH1-Dispenser] 03 63
[T+3019815204us][CH2-Pc    ] 04
[T+3019824204us][CH1-Dispenser] 04 64
[T+3019893180us][CH1-Dispenser] 05
[T+3019893314us][CH2-Pc    ] 05
[T+3020068318us][CH1-Dispenser] 06
[T+3020068181us][CH2-Pc    ] 06
[T+3020232180us][CH2-Pc    ] 01
[T+3020237838us][CH1-Dispenser] 01 61
[T+3020310180us][CH2-Pc    ] 02
[T+3020318183us][CH1-Dispenser] 02 72
[T+3020338180us][CH2-Pc    ] 22
[T+3020343179us][CH1-Dispenser] 22 D2
[T+3020359180us][CH1-Dispenser] FF
[T+3020359313us][CH2-Pc    ] FF
[T+3020372314us][CH1-Dispenser] E9
[T+3020372180us][CH2-Pc    ] E9
[T+3020385321us][CH1-Dispenser] FE
[T+3020385184us][CH2-Pc    ] FE
[T+3020398321us][CH1-Dispenser] E0
[T+3020398183us][CH2-Pc    ] E0
[T+3020410319us][CH1-Dispenser] E1
[T+3020410184us][CH2-Pc    ] E1
[T+3020423313us][CH1-Dispenser] E0
[T+3020423180us][CH2-Pc    ] E0
[T+3020436324us][CH1-Dispenser] FB
[T+3020436184us][CH2-Pc    ] FB
[T+3020448186us][CH1-Dispenser] EE
[T+3020448327us][CH2-Pc    ] EE
[T+3020461180us][CH2-Pc    ] F0
[T+3020491204us][CH1-Dispenser] F0 BA B0 B3 B2 B0 B1 B0 B0 B0 B0 B1 B1 B1 B1 B2 C1 B9 8D 8A
[T+3020562180us][CH2-Pc    ] 03
[T+3020569179us][CH1-Dispenser] 03 63
[T+3020640180us][CH2-Pc    ] 04
[T+3020648187us][CH1-Dispenser] 04 64
[T+3020719315us][CH1-Dispenser] 05
[T+3020719180us][CH2-Pc    ] 05
[T+3020893181us][CH1-Dispenser] 06
[T+3020893317us][CH2-Pc    ] 06
[T+3021068180us][CH2-Pc    ] 01
[T+3021078180us][CH1-Dispenser] 01 61
[T+3021146180us][CH2-Pc    ] 02
[T+3021152219us][CH1-Dispenser] 02 72
[T+3021174180us][CH2-Pc    ] 22
[T+3021195314us][CH1-Dispenser] 22 D2 FF
[T+3021195181us][CH2-Pc    ] FF
[T+3021208324us][CH1-Dispenser] E9
[T+3021208185us][CH2-Pc    ] E9
[T+3021220318us][CH1-Dispenser] FE
[T+3021220183us][CH2-Pc    ] FE
[T+3021233322us][CH1-Dispenser] E0
[T+3021233184us][CH2-Pc    ] E0
[T+3021246180us][CH1-Dispenser] E1
[T+3021246315us][CH2-Pc    ] E1
[T+3021258317us][CH1-Dispenser] E0
[T+3021258182us][CH2-Pc    ] E0
[T+3021272324us][CH1-Dispenser] FB
[T+3021272184us][CH2-Pc    ] FB
[T+3021285318us][CH1-Dispenser] EE
[T+3021285181us][CH2-Pc    ] EE
[T+3021298184us][CH2-Pc    ] F0
[T+3021325204us][CH1-Dispenser] F0 BA B0 B3 B2 B0 B1 B0 B0 B0 B0 B1 B1 B1 B1 B2 C1 B9 8D 8A
[T+3021389305us][CH2-Pc    ] 03
[T+3021394179us][CH1-Dispenser] 03 63
[T+3021457205us][CH2-Pc    ] 04
[T+3021464179us][CH1-Dispenser] 04 64
[T+3021535181us][CH1-Dispenser] 05
[T+3021535316us][CH2-Pc    ] 05
[T+3021710180us][CH1-Dispenser] 06
[T+3021710314us][CH2-Pc    ] 06
[T+3021874180us][CH2-Pc    ] 01
[T+3021882788us][CH1-Dispenser] 01 61
[T+3021952180us][CH2-Pc    ] 02
[T+3021958180us][CH1-Dispenser] 02 72
[T+3021979204us][CH2-Pc    ] 22
[T+3021987096us][CH1-Dispenser] 22 D2
[T+3022001180us][CH1-Dispenser] FF
[T+3022001314us][CH2-Pc    ] FF
[T+3022014386us][CH1-Dispenser] E9
[T+3022014184us][CH2-Pc    ] E9
[T+3022026182us][CH1-Dispenser] FE
[T+3022027179us][CH2-Pc    ] FE
[T+3022039319us][CH1-Dispenser] E0
[T+3022039181us][CH2-Pc    ] E0
[T+3022052319us][CH1-Dispenser] E1
[T+3022052183us][CH2-Pc    ] E1
[T+3022065324us][CH1-Dispenser] E0
[T+3022065185us][CH2-Pc    ] E0
[T+3022077182us][CH2-Pc    ] FB
[T+3022078179us][CH1-Dispenser] FB
[T+3022090180us][CH1-Dispenser] EE
[T+3022090309us][CH2-Pc    ] EE
[T+3022104180us][CH2-Pc    ] F0
[T+3022136180us][CH1-Dispenser] F0 BA B0 B3 B2 B0 B1 B0 B0 B0 B0 B1 B1 B1 B1 B2 C1 B9 8D 8A
[T+3022206180us][CH2-Pc    ] 03
[T+3022214180us][CH1-Dispenser] 03 63
[T+3022284180us][CH2-Pc    ] 04
[T+3022289749us][CH1-Dispenser] 04 64
[T+3022362314us][CH1-Dispenser] 05
[T+3022362180us][CH2-Pc    ] 05
[T+3022537180us][CH1-Dispenser] 06
[T+3022537315us][CH2-Pc    ] 06
[T+3022709180us][CH2-Pc    ] 01
[T+3022718301us][CH1-Dispenser] 01 61
[T+3022787205us][CH2-Pc    ] 02
[T+3022794180us][CH1-Dispenser] 02 72
[T+3022814180us][CH2-Pc    ] 22
[T+3022824180us][CH1-Dispenser] 22 D2
[T+3022836323us][CH1-Dispenser] FF
[T+3022836185us][CH2-Pc    ] FF
[T+3022857312us][CH1-Dispenser] E9
[T+3022857180us][CH2-Pc    ] E9
[T+3022870319us][CH1-Dispenser] FE
[T+3022870183us][CH2-Pc    ] FE
[T+3022882312us][CH1-Dispenser] E0
[T+3022882180us][CH2-Pc    ] E0
[T+3022895181us][CH1-Dispenser] E1
[T+3022895316us][CH2-Pc    ] E1
[T+3022908316us][CH1-Dispenser] E0
[T+3022908181us][CH2-Pc    ] E0
[T+3022921187us][CH1-Dispenser] FB
[T+3022921320us][CH2-Pc    ] FB
[T+3022933258us][CH1-Dispenser] EE
[T+3022933393us][CH2-Pc    ] EE
[T+3022946769us][CH2-Pc    ] F0
[T+3022976204us][CH1-Dispenser] F0 BA B0 B3 B2 B0 B1 B0 B0 B0 B0 B1 B1 B1 B1 B2 C1 B9 8D 8A
[T+3023048204us][CH2-Pc    ] 03
[T+3023053179us][CH1-Dispenser] 03 63
[T+3023126180us][CH2-Pc    ] 04
[T+3023135234us][CH1-Dispenser] 04 64
[T+3023204181us][CH1-Dispenser] 05
[T+3023204316us][CH2-Pc    ] 05
[T+3023373316us][CH1-Dispenser] 06
[T+3023373180us][CH2-Pc    ] 06
[T+3023547187us][CH2-Pc    ] 01
[T+3023552179us][CH1-Dispenser] 01 61
[T+3023616180us][CH2-Pc    ] 02
[T+3023624187us][CH1-Dispenser] 02 72
[T+3023643315us][CH1-Dispenser] 22
[T+3023643181us][CH2-Pc    ] 22
[T+3023665314us][CH1-Dispenser] D2 FF
[T+3023665181us][CH2-Pc    ] FF
[T+3023678316us][CH1-Dispenser] E9
[T+3023678181us][CH2-Pc    ] E9
[T+3023690325us][CH1-Dispenser] FE
[T+3023690184us][CH2-Pc    ] FE
[T+3023703315us][CH1-Dispenser] E0
[T+3023703183us][CH2-Pc    ] E0
[T+3023715310us][CH1-Dispenser] E1
[T+3023715180us][CH2-Pc    ] E1
[T+3023729313us][CH1-Dispenser] E0
[T+3023729181us][CH2-Pc    ] E0
[T+3023741315us][CH1-Dispenser] FB
[T+3023741181us][CH2-Pc    ] FB
[T+3023754315us][CH1-Dispenser] EE
[T+3023754181us][CH2-Pc    ] EE
[T+3023766204us][CH2-Pc    ] F0
[T+3023795180us][CH1-Dispenser] F0 BA B0 B3 B2 B0 B1 B0 B0 B0 B0 B1 B1 B1 B1 B2 C1 B9 8D 8A
[T+3023868180us][CH2-Pc    ] 03
[T+3023875180us][CH1-Dispenser] 03 63
[T+3023946180us][CH2-Pc    ] 04
[T+3023954180us][CH1-Dispenser] 04 64
[T+3024024180us][CH1-Dispenser] 05
[T+3024024313us][CH2-Pc    ] 05
[T+3024210317us][CH1-Dispenser] 06
[T+3024210180us][CH2-Pc    ] 06
[T+3024374180us][CH2-Pc    ] 01
[T+3024383204us][CH1-Dispenser] 01 61
[T+3024452180us][CH2-Pc    ] 02
[T+3024457179us][CH1-Dispenser] 02 72
[T+3024479180us][CH2-Pc    ] 22
[T+3024487774us][CH1-Dispenser] 22 D2
[T+3024501180us][CH1-Dispenser] FF
[T+3024501313us][CH2-Pc    ] FF
[T+3024515321us][CH1-Dispenser] E9
[T+3024515183us][CH2-Pc    ] E9
[T+3024527324us][CH1-Dispenser] FE
[T+3024527185us][CH2-Pc    ] FE
[T+3024539319us][CH1-Dispenser] E0
[T+3024539184us][CH2-Pc    ] E0
[T+3024569180us][CH1-Dispenser] E1
[T+3024569313us][CH2-Pc    ] E1
[T+3024585313us][CH1-Dispenser] E0
[T+3024585180us][CH2-Pc    ] E0
[T+3024598314us][CH1-Dispenser] FB
[T+3024598180us][CH2-Pc    ] FB
[T+3024610180us][CH1-Dispenser] EE
[T+3024610308us][CH2-Pc    ] EE
[T+3024623180us][CH2-Pc    ] F0
[T+3024649302us][CH1-Dispenser] F0 BA B0 B3 B2 B0 B1 B0 B0 B0 B0 B1 B1 B1 B1 B2 C1 B9 8D 8A
[T+3024714180us][CH2-Pc    ] 03
[T+3024720204us][CH1-Dispenser] 03 63
[T+3024793180us][CH2-Pc    ] 04
[T+3024799218us][CH1-Dispenser] 04 64
[T+3024864315us][CH1-Dispenser] 05
[T+3024864181us][CH2-Pc    ] 05
[T+3025028180us][CH1-Dispenser] 06
[T+3025028317us][CH2-Pc    ] 06
[T+3025203180us][CH2-Pc    ] 01
[T+3025208179us][CH1-Dispenser] 01 61
[T+3025281180us][CH2-Pc    ] 02
[T+3025287204us][CH1-Dispenser] 02 72
[T+3025310180us][CH2-Pc    ] 22
[T+3025318180us][CH1-Dispenser] 22 D2
[T+3025331181us][CH1-Dispenser] FF
[T+3025331313us][CH2-Pc    ] FF
[T+3025343312us][CH1-Dispenser] E9
[T+3025343181us][CH2-Pc    ] E9
[T+3025356315us][CH1-Dispenser] FE
[T+3025356181us][CH2-Pc    ] FE
[T+3025369315us][CH1-Dispenser] E0
[T+3025369181us][CH2-Pc    ] E0
[T+3025381181us][CH1-Dispenser] E1
[T+3025381309us][CH2-Pc    ] E1
[T+3025394319us][CH1-Dispenser] E0
[T+3025394183us][CH2-Pc    ] E0
[T+3025407318us][CH1-Dispenser] FB
[T+3025407184us][CH2-Pc    ] FB
[T+3025420180us][CH1-Dispenser] EE
[T+3025420314us][CH2-Pc    ] EE
[T+3025432204us][CH2-Pc    ] F0
[T+3025460180us][CH1-Dispenser] F0 BA B0 B3 B2 B0 B1 B0 B0 B0 B0 B1 B1 B1 B1 B2 C1 B9 8D 8A
[T+3025524180us][CH2-Pc    ] 03
[T+3025529179us][CH1-Dispenser] 03 63
[T+3025602180us][CH2-Pc    ] 04
[T+3025608218us][CH1-Dispenser] 04 64
[T+3025680180us][CH1-Dispenser] 05
[T+3025680314us][CH2-Pc    ] 05
[T+3025859314us][CH1-Dispenser] 06
[T+3025859180us][CH2-Pc    ] 06
[T+3026034180us][CH2-Pc    ] 01
[T+3026042180us][CH1-Dispenser] 01 61
[T+3026112180us][CH2-Pc    ] 02
[T+3026118203us][CH1-Dispenser] 02 72
[T+3026139206us][CH2-Pc    ] 22
[T+3026149180us][CH1-Dispenser] 22 D2
[T+3026161181us][CH1-Dispenser] FF
[T+3026161314us][CH2-Pc    ] FF
[T+3026173311us][CH1-Dispenser] E9
[T+3026173180us][CH2-Pc    ] E9
[T+3026186698us][CH1-Dispenser] FE
[T+3026186558us][CH2-Pc    ] FE
[T+3026199323us][CH1-Dispenser] E0
[T+3026199184us][CH2-Pc    ] E0
[T+3026212184us][CH1-Dispenser] E1
[T+3026212321us][CH2-Pc    ] E1
[T+3026232312us][CH1-Dispenser] E0
[T+3026232180us][CH2-Pc    ] E0
[T+3026245311us][CH1-Dispenser] FB
[T+3026245180us][CH2-Pc    ] FB
[T+3026257348us][CH1-Dispenser] EE
[T+3026257488us][CH2-Pc    ] EE
[T+3026270180us][CH2-Pc    ] F0
[T+3026302180us][CH1-Dispenser] F0 BA B0 B3 B2 B0 B1 B0 B0 B0 B0 B1 B1 B1 B1 B2 C1 B9 8D 8A
[T+3026372180us][CH2-Pc    ] 03
[T+3026380792us][CH1-Dispenser] 03 63
[T+3026450180us][CH2-Pc    ] 04
[T+3026459267us][CH1-Dispenser] 04 64
[T+3026529315us][CH1-Dispenser] 05
[T+3026529180us][CH2-Pc    ] 05
[T+3026707180us][CH1-Dispenser] 06
[T+3026707315us][CH2-Pc    ] 06
[T+3026882204us][CH2-Pc    ] 01
[T+3026887179us][CH1-Dispenser] 01 61
[T+3026960180us][CH2-Pc    ] 02
[T+3026967180us][CH1-Dispenser] 02 72
[T+3026987181us][CH2-Pc    ] 22
[T+3026992787us][CH1-Dispenser] 22 D2
[T+3027008313us][CH1-Dispenser] FF
[T+3027008181us][CH2-Pc    ] FF
[T+3027021313us][CH1-Dispenser] E9
[T+3027021181us][CH2-Pc    ] E9
[T+3027034317us][CH1-Dispenser] FE
[T+3027034181us][CH2-Pc    ] FE
[T+3027046314us][CH1-Dispenser] E0
[T+3027046180us][CH2-Pc    ] E0
[T+3027059180us][CH1-Dispenser] E1
[T+3027059312us][CH2-Pc    ] E1
[T+3027072312us][CH1-Dispenser] E0
[T+3027072181us][CH2-Pc    ] E0
[T+3027085311us][CH1-Dispenser] FB
[T+3027085181us][CH2-Pc    ] FB
[T+3027097181us][CH1-Dispenser] EE
[T+3027097315us][CH2-Pc    ] EE
[T+3027110180us][CH2-Pc    ] F0
[T+3027141275us][CH1-Dispenser] F0 BA B0 B3 B2 B0 B1 B0 B0 B0 B0 B1 B1 B1 B1 B2 C1 B9 8D 8A
[T+3027212180us][CH2-Pc    ] 03
[T+3027219180us][CH1-Dispenser] 03 63
[T+3027292180us][CH2-Pc    ] 04
[T+3027298203us][CH1-Dispenser] 04 64
[T+3027370180us][CH1-Dispenser] 05
[T+3027370316us][CH2-Pc    ] 05
[T+3027545319us][CH1-Dispenser] 06
[T+3027545182us][CH2-Pc    ] 06
[T+3027719205us][CH2-Pc    ] 01
[T+3027727188us][CH1-Dispenser] 01 61
[T+3027797180us][CH2-Pc    ] 02
[T+3027803825us][CH1-Dispenser] 02 72
[T+3027825180us][CH2-Pc    ] 22
[T+3027833186us][CH1-Dispenser] 22 D2
[T+3027846181us][CH1-Dispenser] FF
[T+3027846313us][CH2-Pc    ] FF
[T+3027859312us][CH1-Dispenser] E9
[T+3027859180us][CH2-Pc    ] E9
[T+3027872317us][CH1-Dispenser] FE
[T+3027872181us][CH2-Pc    ] FE
[T+3027884313us][CH1-Dispenser] E0
[T+3027884180us][CH2-Pc    ] E0
[T+3027897181us][CH1-Dispenser] E1
[T+3027897313us][CH2-Pc    ] E1
[T+3027910312us][CH1-Dispenser] E0
[T+3027910180us][CH2-Pc    ] E0
[T+3027923317us][CH1-Dispenser] FB
[T+3027923181us][CH2-Pc    ] FB
[T+3027936183us][CH1-Dispenser] EE
[T+3027936321us][CH2-Pc    ] EE
[T+3027955180us][CH2-Pc    ] F0
[T+3027985204us][CH1-Dispenser] F0 BA B0 B3 B2 B0 B1 B0 B0 B0 B0 B1 B1 B1 B1 B2 C1 B9 8D 8A
[T+3028056180us][CH2-Pc    ] 03
[T+3028064187us][CH1-Dispenser] 03 63
[T+3028135180us][CH2-Pc    ] 04
[T+3028143180us][CH1-Dispenser] 04 64
[T+3028213315us][CH1-Dispenser] 05
[T+3028213180us][CH2-Pc    ] 05
[T+3028388181us][CH1-Dispenser] 06
[T+3028388315us][CH2-Pc    ] 06
[T+3028563180us][CH2-Pc    ] 01
[T+3028568188us][CH1-Dispenser] 01 61
[T+3028641248us][CH2-Pc    ] 02
[T+3028648179us][CH1-Dispenser] 02 72
[T+3028668300us][CH2-Pc    ] 22
[T+3028679180us][CH1-Dispenser] 22 D2
[T+3028690317us][CH1-Dispenser] FF
[T+3028690183us][CH2-Pc    ] FF
[T+3028703319us][CH1-Dispenser] E9
[T+3028703183us][CH2-Pc    ] E9
[T+3028715327us][CH1-Dispenser] FE
[T+3028715187us][CH2-Pc    ] FE
[T+3028728322us][CH1-Dispenser] E0
[T+3028728184us][CH2-Pc    ] E0
[T+3028741311us][CH1-Dispenser] E1
[T+3028741180us][CH2-Pc    ] E1
[T+3028753315us][CH1-Dispenser] E0
[T+3028753181us][CH2-Pc    ] E0
[T+3028766312us][CH1-Dispenser] FB
[T+3028766181us][CH2-Pc    ] FB
[T+3028781187us][CH1-Dispenser] EE
[T+3028781326us][CH2-Pc    ] EE
[T+3028792414us][CH2-Pc    ] F0
[T+3028823180us][CH1-Dispenser] F0 BA B0 B3 B2 B0 B1 B0 B0 B0 B0 B1 B1 B1 B1 B2 C1 B9 8D 8A
[T+3028893180us][CH2-Pc    ] 03
[T+3028899842us][CH1-Dispenser] 03 63
[T+3028971204us][CH2-Pc    ] 04
[T+3028980204us][CH1-Dispenser] 04 64
[T+3029049180us][CH1-Dispenser] 05
[T+3029049314us][CH2-Pc    ] 05
[T+3029224181us][CH1-Dispenser] 06
[T+3029224317us][CH2-Pc    ] 06
[T+3029388181us][CH2-Pc    ] 01
[T+3029394403us][CH1-Dispenser] 01 61
[T+3029466204us][CH2-Pc    ] 02
[T+3029473179us][CH1-Dispenser] 02 72
[T+3029494204us][CH2-Pc    ] 22
[T+3029504181us][CH1-Dispenser] 22 D2
[T+3029515184us][CH1-Dispenser] FF
[T+3029515325us][CH2-Pc    ] FF
[T+3029528317us][CH1-Dispenser] E9
[T+3029528181us][CH2-Pc    ] E9
[T+3029541314us][CH1-Dispenser] FE
[T+3029541181us][CH2-Pc    ] FE
[T+3029553315us][CH1-Dispenser] E0
[T+3029553181us][CH2-Pc    ] E0
[T+3029566181us][CH1-Dispenser] E1
[T+3029566312us][CH2-Pc    ] E1
[T+3029579315us][CH1-Dispenser] E0
[T+3029579181us][CH2-Pc    ] E0
[T+3029591314us][CH1-Dispenser] FB
[T+3029591182us][CH2-Pc    ] FB
[T+3029604312us][CH1-Dispenser] EE
[T+3029604180us][CH2-Pc    ] EE
[T+3029617180us][CH2-Pc    ] F0
[T+3029646180us][CH1-Dispenser] F0 BA B0 B3 B2 B0 B1 B0 B0 B0 B0 B1 B1 B1 B1 B2 C1 B9 8D 8A
[T+3029718205us][CH2-Pc    ] 03
[T+3029726374us][CH1-Dispenser] 03 63
[T+3029796180us][CH2-Pc    ] 04
[T+3029807180us][CH1-Dispenser] 04 64
[T+3029875180us][CH1-Dispenser] 05
[T+3029875317us][CH2-Pc    ] 05
[T+3030049316us][CH1-Dispenser] 06
[T+3030049181us][CH2-Pc    ] 06
[T+3030224180us][CH2-Pc    ] 01
[T+3030235183us][CH1-Dispenser] 01 61
[T+3030303180us][CH2-Pc    ] 02
[T+3030309879us][CH1-Dispenser] 02 72
[T+3030330205us][CH2-Pc    ] 22
[T+3030347314us][CH1-Dispenser] 22 D2 FF
[T+3030347180us][CH2-Pc    ] FF
[T+3030359314us][CH1-Dispenser] E9
[T+3030359181us][CH2-Pc    ] E9
[T+3030372309us][CH1-Dispenser] FE
[T+3030372181us][CH2-Pc    ] FE
[T+3030384311us][CH1-Dispenser] E0
[T+3030384181us][CH2-Pc    ] E0
[T+3030397327us][CH1-Dispenser] E1
[T+3030397188us][CH2-Pc    ] E1
[T+3030410354us][CH1-Dispenser] E0
[T+3030410180us][CH2-Pc    ] E0
[T+3030422312us][CH1-Dispenser] FB
[T+3030422180us][CH2-Pc    ] FB
[T+3030435312us][CH1-Dispenser] EE
[T+3030435180us][CH2-Pc    ] EE
[T+3030450213us][CH2-Pc    ] F0
[T+3030475180us][CH1-Dispenser] F0 BA B0 B3 B2 B0 B1 B0 B0 B0 B0 B1 B1 B1 B1 B2 C1 B9 8D 8A
[T+3030540180us][CH2-Pc    ] 03
[T+3030545187us][CH1-Dispenser] 03 63
[T+3030618180us][CH2-Pc    ] 04
[T+3030625179us][CH1-Dispenser] 04 64
[T+3030696180us][CH1-Dispenser] 05
[T+3030696314us][CH2-Pc    ] 05
[T+3030881180us][CH1-Dispenser] 06
[T+3030881314us][CH2-Pc    ] 06
[T+3031045180us][CH2-Pc    ] 01
[T+3031054181us][CH1-Dispenser] 01 61
[T+3031126208us][CH2-Pc    ] 02
[T+3031134183us][CH1-Dispenser] 02 72
[T+3031153180us][CH2-Pc    ] 22
[T+3031158796us][CH1-Dispenser] 22 D2
[T+3031174181us][CH1-Dispenser] FF
[T+3031174314us][CH2-Pc    ] FF
[T+3031187314us][CH1-Dispenser] E9
[T+3031187181us][CH2-Pc    ] E9
[T+3031200315us][CH1-Dispenser] FE
[T+3031200181us][CH2-Pc    ] FE
[T+3031212312us][CH1-Dispenser] E0
[T+3031212181us][CH2-Pc    ] E0
[T+3031225181us][CH1-Dispenser] E1
[T+3031225311us][CH2-Pc    ] E1
[T+3031238316us][CH1-Dispenser] E0
[T+3031238181us][CH2-Pc    ] E0
[T+3031250312us][CH1-Dispenser] FB
[T+3031250180us][CH2-Pc    ] FB
[T+3031263312us][CH1-Dispenser] EE
[T+3031263180us][CH2-Pc    ] EE
[T+3031276180us][CH2-Pc    ] F0
[T+3031305180us][CH1-Dispenser] F0 BA B0 B3 B2 B0 B1 B0 B0 B0 B0 B1 B1 B1 B1 B2 C1 B9 8D 8A
[T+3031378180us][CH2-Pc    ] 03
[T+3031385179us][CH1-Dispenser] 03 63
[T+3031456180us][CH2-Pc    ] 04
[T+3031464187us][CH1-Dispenser] 04 64
[T+3031534315us][CH1-Dispenser] 05
[T+3031534181us][CH2-Pc    ] 05
[T+3031709181us][CH1-Dispenser] 06
[T+3031709315us][CH2-Pc    ] 06
[T+3031873180us][CH2-Pc    ] 01
[T+3031879179us][CH1-Dispenser] 01 61
[T+3031951204us][CH2-Pc    ] 02
[T+3031958840us][CH1-Dispenser] 02 72
[T+3031978180us][CH2-Pc    ] 22
[T+3031985795us][CH1-Dispenser] 22 D2
[T+3032001181us][CH1-Dispenser] FF
[T+3032001311us][CH2-Pc    ] FF
[T+3032013314us][CH1-Dispenser] E9
[T+3032013180us][CH2-Pc    ] E9
[T+3032026323us][CH1-Dispenser] FE
[T+3032026181us][CH2-Pc    ] FE
[T+3032039315us][CH1-Dispenser] E0
[T+3032039181us][CH2-Pc    ] E0
[T+3032051181us][CH1-Dispenser] E1
[T+3032051445us][CH2-Pc    ] E1
[T+3032064313us][CH1-Dispenser] E0
[T+3032064180us][CH2-Pc    ] E0
[T+3032077313us][CH1-Dispenser] FB
[T+3032077180us][CH2-Pc    ] FB
[T+3032089180us][CH1-Dispenser] EE
[T+3032089314us][CH2-Pc    ] EE
[T+3032102180us][CH2-Pc    ] F0
[T+3032131180us][CH1-Dispenser] F0 BA B0 B3 B2 B0 B1 B0 B0 B0 B0 B1 B1 B1 B1 B2 C1 B9 8D 8A
[T+3032208180us][CH2-Pc    ] 03
[T+3032214218us][CH1-Dispenser] 03 63
[T+3032286204us][CH2-Pc    ] 04
[T+3032297180us][CH1-Dispenser] 04 64
[T+3032364180us][CH1-Dispenser] 05
[T+3032364316us][CH2-Pc    ] 05
[T+3032528180us][CH1-Dispenser] 06
[T+3032528319us][CH2-Pc    ] 06
[T+3032703180us][CH2-Pc    ] 01
[T+3032707179us][CH1-Dispenser] 01 61
[T+3032781180us][CH2-Pc    ] 02
[T+3032789187us][CH1-Dispenser] 02 72
[T+3032808180us][CH2-Pc    ] 22
[T+3032814204us][CH1-Dispenser] 22 D2
[T+3032830180us][CH1-Dispenser] FF
[T+3032830311us][CH2-Pc    ] FF
[T+3032842319us][CH1-Dispenser] E9
[T+3032842181us][CH2-Pc    ] E9
[T+3032855316us][CH1-Dispenser] FE
[T+3032855181us][CH2-Pc    ] FE
[T+3032868885us][CH1-Dispenser] E0
[T+3032868720us][CH2-Pc    ] E0
[T+3032880309us][CH1-Dispenser] E1
[T+3032880181us][CH2-Pc    ] E1
[T+3032893311us][CH1-Dispenser] E0
[T+3032893180us][CH2-Pc    ] E0
[T+3032906682us][CH1-Dispenser] FB
[T+3032906546us][CH2-Pc    ] FB
[T+3032918180us][CH1-Dispenser] EE
[T+3032918313us][CH2-Pc    ] EE
[T+3032931180us][CH2-Pc    ] F0
[T+3032961204us][CH1-Dispenser] F0 BA B0 B3 B2 B0 B1 B0 B0 B0 B0 B1 B1 B1 B1 B2 C1 B9 8D 8A
[T+3033034180us][CH2-Pc    ] 03
[T+3033039187us][CH1-Dispenser] 03 63
[T+3033112180us][CH2-Pc    ] 04
[T+3033118203us][CH1-Dispenser] 04 64
[T+3033190315us][CH1-Dispenser] 05
[T+3033190180us][CH2-Pc    ] 05
[T+3033366180us][CH1-Dispenser] 06
[T+3033366314us][CH2-Pc    ] 06
[T+3033531204us][CH2-Pc    ] 01
[T+3033538179us][CH1-Dispenser] 01 61
[T+3033609180us][CH2-Pc    ] 02
[T+3033617180us][CH1-Dispenser] 02 72
[T+3033636180us][CH2-Pc    ] 22
[T+3033643181us][CH1-Dispenser] 22 D2
[T+3033658316us][CH1-Dispenser] FF
[T+3033658181us][CH2-Pc    ] FF
[T+3033670312us][CH1-Dispenser] E9
[T+3033670180us][CH2-Pc    ] E9
[T+3033683317us][CH1-Dispenser] FE
[T+3033683180us][CH2-Pc    ] FE
[T+3033696320us][CH1-Dispenser] E0
[T+3033696184us][CH2-Pc    ] E0
[T+3033709181us][CH1-Dispenser] E1
[T+3033709316us][CH2-Pc    ] E1
[T+3033723311us][CH1-Dispenser] E0
[T+3033723180us][CH2-Pc    ] E0
[T+3033735312us][CH1-Dispenser] FB
[T+3033735180us][CH2-Pc    ] FB
[T+3033747319us][CH1-Dispenser] EE
[T+3033747184us][CH2-Pc    ] EE
[T+3033760180us][CH2-Pc    ] F0
[T+3033792180us][CH1-Dispenser] F0 BA B0 B3 B2 B0 B1 B0 B0 B0 B0 B1 B1 B1 B1 B2 C1 B9 8D 8A
[T+3033862180us][CH2-Pc    ] 03
[T+3033870185us][CH1-Dispenser] 03 63
[T+3033940180us][CH2-Pc    ] 04
[T+3033945187us][CH1-Dispenser] 04 64
[T+3034016314us][CH1-Dispenser] 05
[T+3034016180us][CH2-Pc    ] 05
[T+3034191316us][CH1-Dispenser] 06
[T+3034191180us][CH2-Pc    ] 06
[T+3034366180us][CH2-Pc    ] 01
[T+3034372218us][CH1-Dispenser] 01 61
[T+3034444204us][CH2-Pc    ] 02
[T+3034453204us][CH1-Dispenser] 02 72
[T+3034471204us][CH2-Pc    ] 22
[T+3034477234us][CH1-Dispenser] 22 D2
[T+3034493313us][CH1-Dispenser] FF
[T+3034493180us][CH2-Pc    ] FF
[T+3034505465us][CH1-Dispenser] E9
[T+3034505337us][CH2-Pc    ] E9
[T+3034518313us][CH1-Dispenser] FE
[T+3034518180us][CH2-Pc    ] FE
[T+3034532323us][CH1-Dispenser] E0
[T+3034532184us][CH2-Pc    ] E0
[T+3034544183us][CH1-Dispenser] E1
[T+3034544321us][CH2-Pc    ] E1
[T+3034557324us][CH1-Dispenser] E0
[T+3034557185us][CH2-Pc    ] E0
[T+3034569360us][CH1-Dispenser] FB
[T+3034569226us][CH2-Pc    ] FB
[T+3034582179us][CH1-Dispenser] EE
[T+3034581182us][CH2-Pc    ] EE
[T+3034594183us][CH2-Pc    ] F0
[T+3034626180us][CH1-Dispenser] F0 BA B0 B3 B2 B0 B1 B0 B0 B0 B0 B1 B1 B1 B1 B2 C1 B9 8D 8A
[T+3034698204us][CH2-Pc    ] 03
[T+3034706180us][CH1-Dispenser] 03 63
[T+3034776180us][CH2-Pc    ] 04
[T+3034787180us][CH1-Dispenser] 04 64
[T+3034854180us][CH1-Dispenser] 05
[T+3034854314us][CH2-Pc    ] 05
[T+3035029318us][CH1-Dispenser] 06
[T+3035029181us][CH2-Pc    ] 06
[T+3035204180us][CH2-Pc    ] 01
[T+3035210203us][CH1-Dispenser] 01 61
[T+3035285204us][CH2-Pc    ] 02
[T+3035293181us][CH1-Dispenser] 02 72
[T+3035312180us][CH2-Pc    ] 22
[T+3035319180us][CH1-Dispenser] 22 D2
[T+3035334183us][CH1-Dispenser] FF
[T+3035334319us][CH2-Pc    ] FF
[T+3035346311us][CH1-Dispenser] E9
[T+3035346180us][CH2-Pc    ] E9
[T+3035359314us][CH1-Dispenser] FE
[T+3035359180us][CH2-Pc    ] FE
[T+3035371313us][CH1-Dispenser] E0
[T+3035371180us][CH2-Pc    ] E0
[T+3035386180us][CH1-Dispenser] E1
[T+3035386312us][CH2-Pc    ] E1
[T+3035399183us][CH1-Dispenser] E0
[T+3035399318us][CH2-Pc    ] E0
[T+3035411189us][CH1-Dispenser] FB
[T+3035411325us][CH2-Pc    ] FB
[T+3035423180us][CH1-Dispenser] EE
[T+3035423314us][CH2-Pc    ] EE
[T+3035436198us][CH2-Pc    ] F0
[T+3035466204us][CH1-Dispenser] F0 BA B0 B3 B2 B0 B1 B0 B0 B0 B0 B1 B1 B1 B1 B2 C1 B9 8D 8A
[T+3035538204us][CH2-Pc    ] 03
[T+3035547218us][CH1-Dispenser] 03 63
[T+3035616204us][CH2-Pc    ] 04
[T+3035625258us][CH1-Dispenser] 04 64
[T+3035694316us][CH1-Dispenser] 05
[T+3035694182us][CH2-Pc    ] 05
[T+3035858180us][CH1-Dispenser] 06
[T+3035858316us][CH2-Pc    ] 06
[T+3036033180us][CH2-Pc    ] 01
[T+3036037179us][CH1-Dispenser] 01 61
[T+3036111180us][CH2-Pc    ] 02
[T+3036119180us][CH1-Dispenser] 02 72
[T+3036138180us][CH2-Pc    ] 22
[T+3036144219us][CH1-Dispenser] 22 D2
[T+3036160181us][CH1-Dispenser] FF
[T+3036160318us][CH2-Pc    ] FF
[T+3036172313us][CH1-Dispenser] E9
[T+3036172180us][CH2-Pc    ] E9
[T+3036185311us][CH1-Dispenser] FE
[T+3036185181us][CH2-Pc    ] FE
[T+3036198313us][CH1-Dispenser] E0
[T+3036198181us][CH2-Pc    ] E0
[T+3036234313us][CH1-Dispenser] E1
[T+3036234180us][CH2-Pc    ] E1
[T+3036246180us][CH2-Pc    ] E0
[T+3036247180us][CH1-Dispenser] E0
[T+3036259311us][CH1-Dispenser] FB
[T+3036259180us][CH2-Pc    ] FB
[T+3036286314us][CH1-Dispenser] EE
[T+3036286180us][CH2-Pc    ] EE
[T+3036298213us][CH2-Pc    ] F0
[T+3036326052us][CH1-Dispenser] F0 BA B0 B3 B2 B0 B1 B0 B0 B0 B0 B1 B1 B1 B1 B2 C1 B9 8D 8A
[T+3036394179us][CH1-Dispenser] 03 63
[T+3036390180us][CH2-Pc    ] 03
[T+3036458180us][CH2-Pc    ] 04
[T+3036465179us][CH1-Dispenser] 04 64
[T+3036536180us][CH1-Dispenser] 05
[T+3036536314us][CH2-Pc    ] 05
[T+3036700314us][CH1-Dispenser] 06
[T+3036700180us][CH2-Pc    ] 06
[T+3036874205us][CH2-Pc    ] 01
[T+3036884514us][CH1-Dispenser] 01 61
[T+3036952180us][CH2-Pc    ] 02
[T+3036958204us][CH1-Dispenser] 02 72
[T+3036980180us][CH2-Pc    ] 22
[T+3036989195us][CH1-Dispenser] 22 D2
[T+3037002182us][CH1-Dispenser] FF
[T+3037002318us][CH2-Pc    ] FF
[T+3037014314us][CH1-Dispenser] E9
[T+3037014181us][CH2-Pc    ] E9
[T+3037027309us][CH1-Dispenser] FE
[T+3037027181us][CH2-Pc    ] FE
[T+3037039311us][CH1-Dispenser] E0
[T+3037039181us][CH2-Pc    ] E0
[T+3037052181us][CH1-Dispenser] E1
[T+3037052317us][CH2-Pc    ] E1
[T+3037065327us][CH1-Dispenser] E0
[T+3037065188us][CH2-Pc    ] E0
[T+3037078316us][CH1-Dispenser] FB
[T+3037078181us][CH2-Pc    ] FB
[T+3037090180us][CH1-Dispenser] EE
[T+3037090313us][CH2-Pc    ] EE
[T+3037103180us][CH2-Pc    ] F0
[T+3037131181us][CH1-Dispenser] F0 BA B0 B3 B2 B0 B1 B0 B0 B0 B0 B1 B1 B1 B1 B2 C1 B9 8D 8A
[T+3037195180us][CH2-Pc    ] 03
[T+3037202181us][CH1-Dispenser] 03 63
[T+3037273180us][CH2-Pc    ] 04
[T+3037283180us][CH1-Dispenser] 04 64
[T+3037347181us][CH1-Dispenser] 05
[T+3037347318us][CH2-Pc    ] 05
[T+3037522181us][CH1-Dispenser] 06
[T+3037522317us][CH2-Pc    ] 06
[T+3037686180us][CH2-Pc    ] 01
[T+3037695180us][CH1-Dispenser] 01 61
[T+3037764205us][CH2-Pc    ] 02
[T+3037773209us][CH1-Dispenser] 02 72
[T+3037792180us][CH2-Pc    ] 22
[T+3037798220us][CH1-Dispenser] 22 D2
[T+3037813180us][CH1-Dispenser] FF
[T+3037813312us][CH2-Pc    ] FF
[T+3037826152us][CH1-Dispenser] E9
[T+3037826015us][CH2-Pc    ] E9
[T+3037838313us][CH1-Dispenser] FE
[T+3037838180us][CH2-Pc    ] FE
[T+3037851314us][CH1-Dispenser] E0
[T+3037851180us][CH2-Pc    ] E0
[T+3037864312us][CH1-Dispenser] E1
[T+3037864180us][CH2-Pc    ] E1
[T+3037876409us][CH1-Dispenser] E0
[T+3037876184us][CH2-Pc    ] E0
[T+3037890320us][CH1-Dispenser] FB
[T+3037890183us][CH2-Pc    ] FB
[T+3037902325us][CH1-Dispenser] EE
[T+3037902184us][CH2-Pc    ] EE
[T+3037915181us][CH2-Pc    ] F0
[T+3037947181us][CH1-Dispenser] F0 BA B0 B3 B2 B0 B1 B0 B0 B0 B0 B1 B1 B1 B1 B2 C1 B9 8D 8A
[T+3038016205us][CH2-Pc    ] 03
[T+3038025204us][CH1-Dispenser] 03 63
[T+3038094206us][CH2-Pc    ] 04
[T+3038099179us][CH1-Dispenser] 04 64
[T+3038172180us][CH1-Dispenser] 05
[T+3038172313us][CH2-Pc    ] 05
[T+3038347317us][CH1-Dispenser] 06
[T+3038347180us][CH2-Pc    ] 06
[T+3038522180us][CH2-Pc    ] 01
[T+3038529819us][CH1-Dispenser] 01 61
[T+3038600180us][CH2-Pc    ] 02
[T+3038609193us][CH1-Dispenser] 02 72
[T+3038627204us][CH2-Pc    ] 22
[T+3038634180us][CH1-Dispenser] 22 D2
[T+3038649433us][CH1-Dispenser] FF
[T+3038649301us][CH2-Pc    ] FF
[T+3038661315us][CH1-Dispenser] E9
[T+3038661181us][CH2-Pc    ] E9
[T+3038674315us][CH1-Dispenser] FE
[T+3038674181us][CH2-Pc    ] FE
[T+3038687314us][CH1-Dispenser] E0
[T+3038687181us][CH2-Pc    ] E0
[T+3038700179us][CH1-Dispenser] E1
[T+3038699180us][CH2-Pc    ] E1
[T+3038712312us][CH1-Dispenser] E0
[T+3038712181us][CH2-Pc    ] E0
[T+3038726180us][CH1-Dispenser] FB
[T+3038726314us][CH2-Pc    ] FB
[T+3038738180us][CH1-Dispenser] EE
[T+3038738313us][CH2-Pc    ] EE
[T+3038755180us][CH2-Pc    ] F0
[T+3038787180us][CH1-Dispenser] F0 BA B0 B3 B2 B0 B1 B0 B0 B0 B0 B1 B1 B1 B1 B2 C1 B9 8D 8A
[T+3038856204us][CH2-Pc    ] 03
[T+3038865578us][CH1-Dispenser] 03 63
[T+3038934205us][CH2-Pc    ] 04
[T+3038940871us][CH1-Dispenser] 04 64
[T+3039012321us][CH1-Dispenser] 05
[T+3039012184us][CH2-Pc    ] 05
[T+3039187181us][CH1-Dispenser] 06
[T+3039187319us][CH2-Pc    ] 06
[T+3039362180us][CH2-Pc    ] 01
[T+3039369180us][CH1-Dispenser] 01 61
[T+3039440180us][CH2-Pc    ] 02
[T+3039450496us][CH1-Dispenser] 02 72
[T+3039467180us][CH2-Pc    ] 22
[T+3039473203us][CH1-Dispenser] 22 D2
[T+3039489312us][CH1-Dispenser] FF
[T+3039489180us][CH2-Pc    ] FF
[T+3039501322us][CH1-Dispenser] E9
[T+3039501186us][CH2-Pc    ] E9
[T+3039514324us][CH1-Dispenser] FE
[T+3039514185us][CH2-Pc    ] FE
[T+3039527315us][CH1-Dispenser] E0
[T+3039527180us][CH2-Pc    ] E0
[T+3039539181us][CH1-Dispenser] E1
[T+3039539311us][CH2-Pc    ] E1
[T+3039552311us][CH1-Dispenser] E0
[T+3039552181us][CH2-Pc    ] E0
[T+3039566537us][CH1-Dispenser] FB
[T+3039566396us][CH2-Pc    ] FB
[T+3039584314us][CH1-Dispenser] EE
[T+3039584180us][CH2-Pc    ] EE
[T+3039597180us][CH2-Pc    ] F0
[T+3039626181us][CH1-Dispenser] F0 BA B0 B3 B2 B0 B1 B0 B0 B0 B0 B1 B1 B1 B1 B2 C1 B9 8D 8A
[T+3039700180us][CH2-Pc    ] 03
[T+3039704179us][CH1-Dispenser] 03 63
[T+3039778180us][CH2-Pc    ] 04
[T+3039785180us][CH1-Dispenser] 04 64
[T+3039858180us][CH1-Dispenser] 05
[T+3039858315us][CH2-Pc    ] 05
[T+3040033317us][CH1-Dispenser] 06
[T+3040033181us][CH2-Pc    ] 06
[T+3040207205us][CH2-Pc    ] 01
[T+3040214180us][CH1-Dispenser] 01 61
[T+3040286205us][CH2-Pc    ] 02
[T+3040293834us][CH1-Dispenser] 02 72
[T+3040313180us][CH2-Pc    ] 22
[T+3040318186us][CH1-Dispenser] 22 D2
[T+3040334180us][CH1-Dispenser] FF
[T+3040334311us][CH2-Pc    ] FF
[T+3040347318us][CH1-Dispenser] E9
[T+3040347183us][CH2-Pc    ] E9
[T+3040360323us][CH1-Dispenser] FE
[T+3040360184us][CH2-Pc    ] FE
[T+3040373183us][CH1-Dispenser] E0
[T+3040373318us][CH2-Pc    ] E0
[T+3040385317us][CH1-Dispenser] E1
[T+3040385184us][CH2-Pc    ] E1
[T+3040398318us][CH1-Dispenser] E0
[T+3040398183us][CH2-Pc    ] E0
[T+3040412323us][CH1-Dispenser] FB
[T+3040412184us][CH2-Pc    ] FB
[T+3040424324us][CH1-Dispenser] EE
[T+3040424184us][CH2-Pc    ] EE
[T+3040437180us][CH2-Pc    ] F0
[T+3040468180us][CH1-Dispenser] F0 BA B0 B3 B2 B0 B1 B0 B0 B0 B0 B1 B1 B1 B1 B2 C1 B9 8D 8A
[T+3040537204us][CH2-Pc    ] 03
[T+3040546334us][CH1-Dispenser] 03 63
[T+3040612204us][CH2-Pc    ] 04
[T+3040620187us][CH1-Dispenser] 04 64
[T+3040690181us][CH1-Dispenser] 05
[T+3040690316us][CH2-Pc    ] 05
[T+3040865314us][CH1-Dispenser] 06
[T+3040865180us][CH2-Pc    ] 06
[T+3041029180us][CH2-Pc    ] 01
[T+3041034179us][CH1-Dispenser] 01 61
[T+3041107180us][CH2-Pc    ] 02
[T+3041113218us][CH1-Dispenser] 02 72
[T+3041134180us][CH1-Dispenser] 22
[T+3041134314us][CH2-Pc    ] 22
[T+3041156181us][CH1-Dispenser] D2 FF
[T+3041156312us][CH2-Pc    ] FF
[T+3041168312us][CH1-Dispenser] E9
[T+3041168181us][CH2-Pc    ] E9
[T+3041181311us][CH1-Dispenser] FE
[T+3041181181us][CH2-Pc    ] FE
[T+3041194315us][CH1-Dispenser] E0
[T+3041194181us][CH2-Pc    ] E0
[T+3041206180us][CH1-Dispenser] E1
[T+3041206313us][CH2-Pc    ] E1
[T+3041219313us][CH1-Dispenser] E0
[T+3041219180us][CH2-Pc    ] E0
[T+3041232312us][CH1-Dispenser] FB
[T+3041232181us][CH2-Pc    ] FB
[T+3041244181us][CH1-Dispenser] EE
[T+3041244313us][CH2-Pc    ] EE
[T+3041266180us][CH2-Pc    ] F0
[T+3041297180us][CH1-Dispenser] F0 BA B0 B3 B2 B0 B1 B0 B0 B0 B0 B1 B1 B1 B1 B2 C1 B9 8D 8A
[T+3041368181us][CH2-Pc    ] 03
[T+3041375827us][CH1-Dispenser] 03 63
[T+3041447204us][CH2-Pc    ] 04
[T+3041456207us][CH1-Dispenser] 04 64
[T+3041525181us][CH1-Dispenser] 05
[T+3041525315us][CH2-Pc    ] 05
[T+3041700181us][CH1-Dispenser] 06
[T+3041700315us][CH2-Pc    ] 06
[T+3041874204us][CH2-Pc    ] 01
[T+3041884223us][CH1-Dispenser] 01 61
[T+3041953204us][CH2-Pc    ] 02
[T+3041958179us][CH1-Dispenser] 02 72
[T+3041980182us][CH2-Pc    ] 22
[T+3041989218us][CH1-Dispenser] 22 D2
[T+3042001311us][CH1-Dispenser] FF
[T+3042001180us][CH2-Pc    ] FF
[T+3042014311us][CH1-Dispenser] E9
[T+3042014180us][CH2-Pc    ] E9
[T+3042027326us][CH1-Dispenser] FE
[T+3042027185us][CH2-Pc    ] FE
[T+3042039318us][CH1-Dispenser] E0
[T+3042039183us][CH2-Pc    ] E0
[T+3042055180us][CH1-Dispenser] E1
[T+3042055313us][CH2-Pc    ] E1
[T+3042067313us][CH1-Dispenser] E0
[T+3042067180us][CH2-Pc    ] E0
[T+3042079311us][CH1-Dispenser] FB
[T+3042079180us][CH2-Pc    ] FB
[T+3042092184us][CH1-Dispenser] EE
[T+3042092323us][CH2-Pc    ] EE
[T+3042105180us][CH2-Pc    ] F0
[T+3042136180us][CH1-Dispenser] F0 BA B0 B3 B2 B0 B1 B0 B0 B0 B0 B1 B1 B1 B1 B2 C1 B9 8D 8A
[T+3042206205us][CH2-Pc    ] 03
[T+3042216180us][CH1-Dispenser] 03 63
[T+3042284180us][CH2-Pc    ] 04
[T+3042290219us][CH1-Dispenser] 04 64
[T+3042363180us][CH1-Dispenser] 05
[T+3042363316us][CH2-Pc    ] 05
[T+3042537314us][CH1-Dispenser] 06
[T+3042537181us][CH2-Pc    ] 06
[T+3042701180us][CH2-Pc    ] 01
[T+3042708181us][CH1-Dispenser] 01 61
[T+3042780205us][CH2-Pc    ] 02
[T+3042789219us][CH1-Dispenser] 02 72
[T+3042807215us][CH2-Pc    ] 22
[T+3042816219us][CH1-Dispenser] 22 D2
[T+3042828180us][CH1-Dispenser] FF
[T+3042828315us][CH2-Pc    ] FF
[T+3042841313us][CH1-Dispenser] E9
[T+3042841180us][CH2-Pc    ] E9
[T+3042854321us][CH1-Dispenser] FE
[T+3042854184us][CH2-Pc    ] FE
[T+3042866507us][CH1-Dispenser] E0
[T+3042866367us][CH2-Pc    ] E0
[T+3042880318us][CH1-Dispenser] E1
[T+3042880181us][CH2-Pc    ] E1
[T+3042892312us][CH1-Dispenser] E0
[T+3042892180us][CH2-Pc    ] E0
[T+3042905179us][CH1-Dispenser] FB
[T+3042904180us][CH2-Pc    ] FB
[T+3042917180us][CH1-Dispenser] EE
[T+3042917313us][CH2-Pc    ] EE
[T+3042930180us][CH2-Pc    ] F0
[T+3042962180us][CH1-Dispenser] F0 BA B0 B3 B2 B0 B1 B0 B0 B0 B0 B1 B1 B1 B1 B2 C1 B9 8D 8A
[T+3043031204us][CH2-Pc    ] 03
[T+3043040204us][CH1-Dispenser] 03 63
[T+3043110180us][CH2-Pc    ] 04
[T+3043115179us][CH1-Dispenser] 04 64
[T+3043182314us][CH1-Dispenser] 05
[T+3043182180us][CH2-Pc    ] 05
[T+3043357317us][CH1-Dispenser] 06
[T+3043357181us][CH2-Pc    ] 06
[T+3043531204us][CH2-Pc    ] 01
[T+3043540218us][CH1-Dispenser] 01 61
[T+3043610180us][CH2-Pc    ] 02
[T+3043618334us][CH1-Dispenser] 02 72
[T+3043637180us][CH2-Pc    ] 22
[T+3043645869us][CH1-Dispenser] 22 D2
[T+3043659181us][CH1-Dispenser] FF
[T+3043659315us][CH2-Pc    ] FF
[T+3043671313us][CH1-Dispenser] E9
[T+3043671180us][CH2-Pc    ] E9
[T+3043684311us][CH1-Dispenser] FE
[T+3043684181us][CH2-Pc    ] FE
[T+3043696313us][CH1-Dispenser] E0
[T+3043696181us][CH2-Pc    ] E0
[T+3043709180us][CH1-Dispenser] E1
[T+3043709313us][CH2-Pc    ] E1
[T+3043722317us][CH1-Dispenser] E0
[T+3043722181us][CH2-Pc    ] E0
[T+3043735318us][CH1-Dispenser] FB
[T+3043735180us][CH2-Pc    ] FB
[T+3043747181us][CH1-Dispenser] EE
[T+3043747313us][CH2-Pc    ] EE
[T+3043760180us][CH2-Pc    ] F0
[T+3043791180us][CH1-Dispenser] F0 BA B0 B3 B2 B0 B1 B0 B0 B0 B0 B1 B1 B1 B1 B2 C1 B9 8D 8A
[T+3043863180us][CH2-Pc    ] 03
[T+3043870179us][CH1-Dispenser] 03 63
[T+3043941180us][CH2-Pc    ] 04
[T+3043946179us][CH1-Dispenser] 04 64
[T+3044019315us][CH1-Dispenser] 05
[T+3044019181us][CH2-Pc    ] 05
[T+3044194316us][CH1-Dispenser] 06
[T+3044194180us][CH2-Pc    ] 06
[T+3044358180us][CH2-Pc    ] 01
[T+3044364204us][CH1-Dispenser] 01 61
[T+3044436204us][CH2-Pc    ] 02
[T+3044445185us][CH1-Dispenser] 02 72
[T+3044463204us][CH2-Pc    ] 22
[T+3044468179us][CH1-Dispenser] 22 D2
[T+3044485726us][CH1-Dispenser] FF
[T+3044485866us][CH2-Pc    ] FF
[T+3044497313us][CH1-Dispenser] E9
[T+3044497180us][CH2-Pc    ] E9
[T+3044510317us][CH1-Dispenser] FE
[T+3044510182us][CH2-Pc    ] FE
[T+3044523309us][CH1-Dispenser] E0
[T+3044523181us][CH2-Pc    ] E0
[T+3044535311us][CH1-Dispenser] E1
[T+3044535181us][CH2-Pc    ] E1
[T+3044549314us][CH1-Dispenser] E0
[T+3044549181us][CH2-Pc    ] E0
[T+3044561318us][CH1-Dispenser] FB
[T+3044561180us][CH2-Pc    ] FB
[T+3044573180us][CH1-Dispenser] EE
[T+3044573312us][CH2-Pc    ] EE
[T+3044586180us][CH2-Pc    ] F0
[T+3044616204us][CH1-Dispenser] F0 BA B0 B3 B2 B0 B1 B0 B0 B0 B0 B1 B1 B1 B1 B2 C1 B9 8D 8A
[T+3044691204us][CH2-Pc    ] 03
[T+3044695179us][CH1-Dispenser] 03 63
[T+3044769180us][CH2-Pc    ] 04
[T+3044775218us][CH1-Dispenser] 04 64
[T+3044847605us][CH1-Dispenser] 05
[T+3044847471us][CH2-Pc    ] 05
[T+3045022315us][CH1-Dispenser] 06
[T+3045022182us][CH2-Pc    ] 06
[T+3045186180us][CH2-Pc    ] 01
[T+3045194181us][CH1-Dispenser] 01 61
[T+3045264180us][CH2-Pc    ] 02
[T+3045268832us][CH1-Dispenser] 02 72
[T+3045286205us][CH2-Pc    ] 22
[T+3045294181us][CH1-Dispenser] 22 D2
[T+3045307310us][CH1-Dispenser] FF
[T+3045307180us][CH2-Pc    ] FF
[T+3045320314us][CH1-Dispenser] E9
[T+3045320181us][CH2-Pc    ] E9
[T+3045333314us][CH1-Dispenser] FE
[T+3045333180us][CH2-Pc    ] FE
[T+3045346312us][CH1-Dispenser] E0
[T+3045346180us][CH2-Pc    ] E0
[T+3045366320us][CH1-Dispenser] E1
[T+3045366180us][CH2-Pc    ] E1
[T+3045379319us][CH1-Dispenser] E0
[T+3045379183us][CH2-Pc    ] E0
[T+3045393183us][CH1-Dispenser] FB
[T+3045393320us][CH2-Pc    ] FB
[T+3045404188us][CH1-Dispenser] EE
[T+3045404326us][CH2-Pc    ] EE
[T+3045416204us][CH2-Pc    ] F0
[T+3045447180us][CH1-Dispenser] F0 BA B0 B3 B2 B0 B1 B0 B0 B0 B0 B1 B1 B1 B1 B2 C1 B9 8D 8A
[T+3045518180us][CH2-Pc    ] 03
[T+3045524218us][CH1-Dispenser] 03 63
[T+3045596204us][CH2-Pc    ] 04
[T+3045600832us][CH1-Dispenser] 04 64
[T+3045663316us][CH1-Dispenser] 05
[T+3045663181us][CH2-Pc    ] 05
[T+3045849180us][CH1-Dispenser] 06
[T+3045849315us][CH2-Pc    ] 06
[T+3046013180us][CH2-Pc    ] 01
[T+3046023180us][CH1-Dispenser] 01 61
[T+3046091180us][CH2-Pc    ] 02
[T+3046101212us][CH1-Dispenser] 02 72
[T+3046125204us][CH2-Pc    ] 22
[T+3046133187us][CH1-Dispenser] 22 D2
[T+3046147312us][CH1-Dispenser] FF
[T+3046147180us][CH2-Pc    ] FF
[T+3046159314us][CH1-Dispenser] E9
[T+3046159180us][CH2-Pc    ] E9
[T+3046173323us][CH1-Dispenser] FE
[T+3046173183us][CH2-Pc    ] FE
[T+3046185624us][CH1-Dispenser] E0
[T+3046185469us][CH2-Pc    ] E0
[T+3046197180us][CH1-Dispenser] E1
[T+3046197314us][CH2-Pc    ] E1
[T+3046210313us][CH1-Dispenser] E0
[T+3046210181us][CH2-Pc    ] E0
[T+3046223312us][CH1-Dispenser] FB
[T+3046223180us][CH2-Pc    ] FB
[T+3046236180us][CH1-Dispenser] EE
[T+3046236313us][CH2-Pc    ] EE
[T+3046248204us][CH2-Pc    ] F0
[T+3046277180us][CH1-Dispenser] F0 BA B0 B3 B2 B0 B1 B0 B0 B0 B0 B1 B1 B1 B1 B2 C1 B9 8D 8A
[T+3046355179us][CH1-Dispenser] 03 63
[T+3046351180us][CH2-Pc    ] 03
[T+3046418204us][CH2-Pc    ] 04
[T+3046425179us][CH1-Dispenser] 04 64
[T+3046496180us][CH1-Dispenser] 05
[T+3046496315us][CH2-Pc    ] 05
[T+3046672180us][CH1-Dispenser] 06
[T+3046672314us][CH2-Pc    ] 06
[T+3046847180us][CH2-Pc    ] 01
[T+3046854180us][CH1-Dispenser] 01 61
[T+3046925180us][CH2-Pc    ] 02
[T+3046935180us][CH1-Dispenser] 02 72
[T+3046952180us][CH2-Pc    ] 22
[T+3046960180us][CH1-Dispenser] 22 D2
[T+3046974313us][CH1-Dispenser] FF
[T+3046974180us][CH2-Pc    ] FF
[T+3046986312us][CH1-Dispenser] E9
[T+3046986180us][CH2-Pc    ] E9
[T+3046999321us][CH1-Dispenser] FE
[T+3046999181us][CH2-Pc    ] FE
[T+3047012325us][CH1-Dispenser] E0
[T+3047012184us][CH2-Pc    ] E0
[T+3047025323us][CH1-Dispenser] E1
[T+3047025184us][CH2-Pc    ] E1
[T+3047038322us][CH1-Dispenser] E0
[T+3047038183us][CH2-Pc    ] E0
[T+3047050365us][CH1-Dispenser] FB
[T+3047050230us][CH2-Pc    ] FB
[T+3047063183us][CH1-Dispenser] EE
[T+3047063318us][CH2-Pc    ] EE
[T+3047076204us][CH2-Pc    ] F0
[T+3047108180us][CH1-Dispenser] F0 BA B0 B3 B2 B0 B1 B0 B0 B0 B0 B1 B1 B1 B1 B2 C1 B9 8D 8A
[T+3047177204us][CH2-Pc    ] 03
[T+3047186218us][CH1-Dispenser] 03 63
[T+3047255204us][CH2-Pc    ] 04
[T+3047259179us][CH1-Dispenser] 04 64
[T+3047322314us][CH1-Dispenser] 05
[T+3047322180us][CH2-Pc    ] 05
[T+3047497181us][CH1-Dispenser] 06
[T+3047497315us][CH2-Pc    ] 06
[T+3047673180us][CH2-Pc    ] 01
[T+3047679204us][CH1-Dispenser] 01 61
[T+3047751205us][CH2-Pc    ] 02
[T+3047758180us][CH1-Dispenser] 02 72
[T+3047779204us][CH2-Pc    ] 22
[T+3047785778us][CH1-Dispenser] 22 D2
[T+3047800315us][CH1-Dispenser] FF
[T+3047800181us][CH2-Pc    ] FF
[T+3047813314us][CH1-Dispenser] E9
[T+3047813181us][CH2-Pc    ] E9
[T+3047825313us][CH1-Dispenser] FE
[T+3047825181us][CH2-Pc    ] FE
[T+3047838314us][CH1-Dispenser] E0
[T+3047838181us][CH2-Pc    ] E0
[T+3047851181us][CH1-Dispenser] E1
[T+3047851318us][CH2-Pc    ] E1
[T+3047863317us][CH1-Dispenser] E0
[T+3047863183us][CH2-Pc    ] E0
[T+3047876324us][CH1-Dispenser] FB
[T+3047876184us][CH2-Pc    ] FB
[T+3047889183us][CH1-Dispenser] EE
[T+3047889320us][CH2-Pc    ] EE
[T+3047902180us][CH2-Pc    ] F0
[T+3047931180us][CH1-Dispenser] F0 BA B0 B3 B2 B0 B1 B0 B0 B0 B0 B1 B1 B1 B1 B2 C1 B9 8D 8A
[T+3048004180us][CH2-Pc    ] 03
[T+3048011788us][CH1-Dispenser] 03 63
[T+3048082318us][CH1-Dispenser] 04
[T+3048082181us][CH2-Pc    ] 04
[T+3048094204us][CH1-Dispenser] 64
[T+3048160180us][CH1-Dispenser] 05
[T+3048160317us][CH2-Pc    ] 05
[T+3048324181us][CH1-Dispenser] 06
[T+3048324316us][CH2-Pc    ] 06
[T+3048499180us][CH2-Pc    ] 01
[T+3048504179us][CH1-Dispenser] 01 61
[T+3048577180us][CH2-Pc    ] 02
[T+3048587188us][CH1-Dispenser] 02 72
[T+3048615180us][CH1-Dispenser] 22 D2 FF
[T+3048615314us][CH2-Pc    ] 22 FF
[T+3048628318us][CH1-Dispenser] E9
[T+3048628182us][CH2-Pc    ] E9
[T+3048641395us][CH1-Dispenser] FE
[T+3048641267us][CH2-Pc    ] FE
[T+3048662314us][CH1-Dispenser] E0
[T+3048662180us][CH2-Pc    ] E0
[T+3048684311us][CH1-Dispenser] E1
[T+3048684180us][CH2-Pc    ] E1
[T+3048697327us][CH1-Dispenser] E0
[T+3048697185us][CH2-Pc    ] E0
[T+3048710324us][CH1-Dispenser] FB
[T+3048710185us][CH2-Pc    ] FB
[T+3048722317us][CH1-Dispenser] EE
[T+3048722183us][CH2-Pc    ] EE
[T+3048735180us][CH2-Pc    ] F0
[T+3048762205us][CH1-Dispenser] F0 BA B0 B3 B2 B0 B1 B0 B0 B0 B0 B1 B1 B1 B1 B2 C1 B9 8D 8A
[T+3048826180us][CH2-Pc    ] 03
[T+3048831179us][CH1-Dispenser] 03 63
[T+3048894205us][CH2-Pc    ] 04
[T+3048901809us][CH1-Dispenser] 04 64
[T+3048972182us][CH1-Dispenser] 05
[T+3048972315us][CH2-Pc    ] 05
[T+3049147318us][CH1-Dispenser] 06
[T+3049147181us][CH2-Pc    ] 06
[T+3049311180us][CH2-Pc    ] 01
[T+3049319187us][CH1-Dispenser] 01 61
[T+3049389180us][CH2-Pc    ] 02
[T+3049395843us][CH1-Dispenser] 02 72
[T+3049416205us][CH2-Pc    ] 22
[T+3049423180us][CH1-Dispenser] 22 D2
[T+3049438181us][CH1-Dispenser] FF
[T+3049438316us][CH2-Pc    ] FF
[T+3049450309us][CH1-Dispenser] E9
[T+3049450181us][CH2-Pc    ] E9
[T+3049463314us][CH1-Dispenser] FE
[T+3049463182us][CH2-Pc    ] FE
[T+3049476316us][CH1-Dispenser] E0
[T+3049476181us][CH2-Pc    ] E0
[T+3049488180us][CH1-Dispenser] E1
[T+3049488313us][CH2-Pc    ] E1
[T+3049501312us][CH1-Dispenser] E0
[T+3049501181us][CH2-Pc    ] E0
[T+3049514311us][CH1-Dispenser] FB
[T+3049514181us][CH2-Pc    ] FB
[T+3049526184us][CH1-Dispenser] EE
[T+3049526318us][CH2-Pc    ] EE
[T+3049539180us][CH2-Pc    ] F0
[T+3049566180us][CH1-Dispenser] F0 BA B0 B3 B2 B0 B1 B0 B0 B0 B0 B1 B1 B1 B1 B2 C1 B9 8D 8A
[T+3049631180us][CH2-Pc    ] 03
[T+3049636789us][CH1-Dispenser] 03 63
[T+3049709180us][CH2-Pc    ] 04
[T+3049716181us][CH1-Dispenser] 04 64
[T+3049787181us][CH1-Dispenser] 05
[T+3049787315us][CH2-Pc    ] 05
[T+3049951181us][CH1-Dispenser] 06
[T+3049951314us][CH2-Pc    ] 06
[T+3050126180us][CH2-Pc    ] 01
[T+3050135206us][CH1-Dispenser] 01 61
[T+3050204205us][CH2-Pc    ] 02
[T+3050209179us][CH1-Dispenser] 02 72
[T+3050232180us][CH2-Pc    ] 22
[T+3050240187us][CH1-Dispenser] 22 D2
[T+3050253316us][CH1-Dispenser] FF
[T+3050253180us][CH2-Pc    ] FF
[T+3050266314us][CH1-Dispenser] E9
[T+3050266180us][CH2-Pc    ] E9
[T+3050278321us][CH1-Dispenser] FE
[T+3050278184us][CH2-Pc    ] FE
[T+3050291289us][CH1-Dispenser] E0
[T+3050291184us][CH2-Pc    ] E0
[T+3050304183us][CH1-Dispenser] E1
[T+3050304319us][CH2-Pc    ] E1
[T+3050317323us][CH1-Dispenser] E0
[T+3050317183us][CH2-Pc    ] E0
[T+3050330321us][CH1-Dispenser] FB
[T+3050330183us][CH2-Pc    ] FB
[T+3050342184us][CH1-Dispenser] EE
[T+3050342317us][CH2-Pc    ] EE
[T+3050355180us][CH2-Pc    ] F0
[T+3050382204us][CH1-Dispenser] F0 BA B0 B3 B2 B0 B1 B0 B0 B0 B0 B1 B1 B1 B1 B2 C1 B9 8D 8A
[T+3050447180us][CH2-Pc    ] 03
[T+3050458180us][CH1-Dispenser] 03 63
[T+3050525180us][CH2-Pc    ] 04
[T+3050532180us][CH1-Dispenser] 04 64
[T+3050603180us][CH1-Dispenser] 05
[T+3050603316us][CH2-Pc    ] 05
[T+3050777318us][CH1-Dispenser] 06
[T+3050777182us][CH2-Pc    ] 06
[T+3050952180us][CH2-Pc    ] 01
[T+3050959180us][CH1-Dispenser] 01 61
[T+3051030180us][CH2-Pc    ] 02
[T+3051040181us][CH1-Dispenser] 02 72
[T+3051058204us][CH2-Pc    ] 22
[T+3051065180us][CH1-Dispenser] 22 D2
[T+3051079180us][CH1-Dispenser] FF
[T+3051079312us][CH2-Pc    ] FF
[T+3051092314us][CH1-Dispenser] E9
[T+3051092181us][CH2-Pc    ] E9
[T+3051105313us][CH1-Dispenser] FE
[T+3051105180us][CH2-Pc    ] FE
[T+3051117313us][CH1-Dispenser] E0
[T+3051117180us][CH2-Pc    ] E0
[T+3051130180us][CH1-Dispenser] E1
[T+3051130312us][CH2-Pc    ] E1
[T+3051143316us][CH1-Dispenser] E0
[T+3051143181us][CH2-Pc    ] E0
[T+3051156323us][CH1-Dispenser] FB
[T+3051156183us][CH2-Pc    ] FB
[T+3051169328us][CH1-Dispenser] EE
[T+3051169188us][CH2-Pc    ] EE
[T+3051181324us][CH1-Dispenser] F0
[T+3051181188us][CH2-Pc    ] F0
[T+3051214204us][CH1-Dispenser] BA B0 B3 B2 B0 B1 B0 B0 B0 B0 B1 B1 B1 B1 B2 C1 B9 8D 8A
[T+3051283204us][CH2-Pc    ] 03
[T+3051291185us][CH1-Dispenser] 03 63
[T+3051362180us][CH2-Pc    ] 04
[T+3051371218us][CH1-Dispenser] 04 64
[T+3051441317us][CH1-Dispenser] 05
[T+3051441181us][CH2-Pc    ] 05
[T+3051615180us][CH1-Dispenser] 06
[T+3051615316us][CH2-Pc    ] 06
[T+3051779180us][CH2-Pc    ] 01
[T+3051786821us][CH1-Dispenser] 01 61
[T+3051858205us][CH2-Pc    ] 02
[T+3051863822us][CH1-Dispenser] 02 72
[T+3051885180us][CH2-Pc    ] 22
[T+3051894212us][CH1-Dispenser] 22 D2
[T+3051906181us][CH1-Dispenser] FF
[T+3051906313us][CH2-Pc    ] FF
[T+3051919189us][CH1-Dispenser] E9
[T+3051919323us][CH2-Pc    ] E9
[T+3051932314us][CH1-Dispenser] FE
[T+3051932180us][CH2-Pc    ] FE
[T+3051945182us][CH1-Dispenser] E0
[T+3051945316us][CH2-Pc    ] E0
[T+3051957181us][CH1-Dispenser] E1
[T+3051957315us][CH2-Pc    ] E1
[T+3051970313us][CH1-Dispenser] E0
[T+3051970181us][CH2-Pc    ] E0
[T+3051982313us][CH1-Dispenser] FB
[T+3051982181us][CH2-Pc    ] FB
[T+3051995316us][CH1-Dispenser] EE
[T+3051995181us][CH2-Pc    ] EE
[T+3052008180us][CH2-Pc    ] F0
[T+3052036180us][CH1-Dispenser] F0 BA B0 B3 B2 B0 B1 B0 B0 B0 B0 B1 B1 B1 B1 B2 C1 B9 8D 8A
[T+3052100180us][CH2-Pc    ] 03
[T+3052107180us][CH1-Dispenser] 03 63
[T+3052183180us][CH2-Pc    ] 04
[T+3052193180us][CH1-Dispenser] 04 64
[T+3052261180us][CH1-Dispenser] 05
[T+3052261313us][CH2-Pc    ] 05
[T+3052436314us][CH1-Dispenser] 06
[T+3052436181us][CH2-Pc    ] 06
[T+3052610204us][CH2-Pc    ] 01
[T+3052620180us][CH1-Dispenser] 01 61
[T+3052689204us][CH2-Pc    ] 02
[T+3052696783us][CH1-Dispenser] 02 72
[T+3052716180us][CH2-Pc    ] 22
[T+3052724187us][CH1-Dispenser] 22 D2
[T+3052737315us][CH1-Dispenser] FF
[T+3052737180us][CH2-Pc    ] FF
[T+3052750321us][CH1-Dispenser] E9
[T+3052750184us][CH2-Pc    ] E9
[T+3052763311us][CH1-Dispenser] FE
[T+3052763181us][CH2-Pc    ] FE
[T+3052775314us][CH1-Dispenser] E0
[T+3052775180us][CH2-Pc    ] E0
[T+3052788181us][CH1-Dispenser] E1
[T+3052788314us][CH2-Pc    ] E1
[T+3052801309us][CH1-Dispenser] E0
[T+3052801181us][CH2-Pc    ] E0
[T+3052814312us][CH1-Dispenser] FB
[T+3052814180us][CH2-Pc    ] FB
[T+3052826183us][CH1-Dispenser] EE
[T+3052826318us][CH2-Pc    ] EE
[T+3052839180us][CH2-Pc    ] F0
[T+3052867180us][CH1-Dispenser] F0 BA B0 B3 B2 B0 B1 B0 B0 B0 B0 B1 B1 B1 B1 B2 C1 B9 8D 8A
[T+3052931180us][CH2-Pc    ] 03
[T+3052935801us][CH1-Dispenser] 03 63
[T+3053009180us][CH2-Pc    ] 04
[T+3053016179us][CH1-Dispenser] 04 64
[T+3053087180us][CH1-Dispenser] 05
[T+3053087314us][CH2-Pc    ] 05
[T+3053262180us][CH1-Dispenser] 06
[T+3053262320us][CH2-Pc    ] 06
[T+3053439204us][CH2-Pc    ] 01
[T+3053445218us][CH1-Dispenser] 01 61
[T+3053517204us][CH2-Pc    ] 02
[T+3053524180us][CH1-Dispenser] 02 72
[T+3053544180us][CH2-Pc    ] 22
[T+3053552182us][CH1-Dispenser] 22 D2
[T+3053566180us][CH1-Dispenser] FF
[T+3053566314us][CH2-Pc    ] FF
[T+3053578316us][CH1-Dispenser] E9
[T+3053578180us][CH2-Pc    ] E9
[T+3053591312us][CH1-Dispenser] FE
[T+3053591180us][CH2-Pc    ] FE
[T+3053606321us][CH1-Dispenser] E0
[T+3053606184us][CH2-Pc    ] E0
[T+3053619180us][CH1-Dispenser] E1
[T+3053619314us][CH2-Pc    ] E1
[T+3053632315us][CH1-Dispenser] E0
[T+3053632180us][CH2-Pc    ] E0
[T+3053645179us][CH1-Dispenser] FB
[T+3053644180us][CH2-Pc    ] FB
[T+3053657180us][CH1-Dispenser] EE
[T+3053657319us][CH2-Pc    ] EE
[T+3053670180us][CH2-Pc    ] F0
[T+3053697204us][CH1-Dispenser] F0 BA B0 B3 B2 B0 B1 B0 B0 B0 B0 B1 B1 B1 B1 B2 C1 B9 8D 8A
[T+3053762316us][CH1-Dispenser] 03
[T+3053762180us][CH2-Pc    ] 03
[T+3053773180us][CH1-Dispenser] 63
[T+3053840180us][CH2-Pc    ] 04
[T+3053845187us][CH1-Dispenser] 04 64
[T+3053918180us][CH1-Dispenser] 05
[T+3053918314us][CH2-Pc    ] 05
[T+3054093315us][CH1-Dispenser] 06
[T+3054093180us][CH2-Pc    ] 06
[T+3054268180us][CH2-Pc    ] 01
[T+3054274204us][CH1-Dispenser] 01 61
[T+3054346204us][CH2-Pc    ] 02
[T+3054355239us][CH1-Dispenser] 02 72
[T+3054373208us][CH2-Pc    ] 22
[T+3054378179us][CH1-Dispenser] 22 D2
[T+3054395180us][CH1-Dispenser] FF
[T+3054395315us][CH2-Pc    ] FF
[T+3054408316us][CH1-Dispenser] E9
[T+3054408181us][CH2-Pc    ] E9
[T+3054420309us][CH1-Dispenser] FE
[T+3054420181us][CH2-Pc    ] FE
[T+3054433309us][CH1-Dispenser] E0
[T+3054433181us][CH2-Pc    ] E0
[T+3054445934us][CH1-Dispenser] E1
[T+3054446069us][CH2-Pc    ] E1
[T+3054458316us][CH1-Dispenser] E0
[T+3054458181us][CH2-Pc    ] E0
[T+3054471317us][CH1-Dispenser] FB
[T+3054471180us][CH2-Pc    ] FB
[T+3054483180us][CH1-Dispenser] EE
[T+3054483308us][CH2-Pc    ] EE
[T+3054496180us][CH2-Pc    ] F0
[T+3054526204us][CH1-Dispenser] F0 BA B0 B3 B2 B0 B1 B0 B0 B0 B0 B1 B1 B1 B1 B2 C1 B9 8D 8A
[T+3054599180us][CH2-Pc    ] 03
[T+3054606180us][CH1-Dispenser] 03 63
[T+3054677180us][CH2-Pc    ] 04
[T+3054687180us][CH1-Dispenser] 04 64
[T+3054755180us][CH1-Dispenser] 05
[T+3054755317us][CH2-Pc    ] 05
[T+3054919180us][CH1-Dispenser] 06
[T+3054919316us][CH2-Pc    ] 06
[T+3055094180us][CH2-Pc    ] 01
[T+3055099188us][CH1-Dispenser] 01 61
[T+3055174204us][CH2-Pc    ] 02
[T+3055180841us][CH1-Dispenser] 02 72
[T+3055201204us][CH2-Pc    ] 22
[T+3055211180us][CH1-Dispenser] 22 D2
[T+3055223181us][CH1-Dispenser] FF
[T+3055223313us][CH2-Pc    ] FF
[T+3055235315us][CH1-Dispenser] E9
[T+3055235181us][CH2-Pc    ] E9
[T+3055257312us][CH1-Dispenser] FE
[T+3055257181us][CH2-Pc    ] FE
[T+3055278312us][CH1-Dispenser] E0
[T+3055278180us][CH2-Pc    ] E0
[T+3055291188us][CH1-Dispenser] E1
[T+3055291327us][CH2-Pc    ] E1
[T+3055304312us][CH1-Dispenser] E0
[T+3055304181us][CH2-Pc    ] E0
[T+3055319314us][CH1-Dispenser] FB
[T+3055319180us][CH2-Pc    ] FB
[T+3055343180us][CH1-Dispenser] EE
[T+3055343308us][CH2-Pc    ] EE
[T+3055357180us][CH2-Pc    ] F0
[T+3055387204us][CH1-Dispenser] F0 BA B0 B3 B2 B0 B1 B0 B0 B0 B0 B1 B1 B1 B1 B2 C1 B9 8D 8A
[T+3055457180us][CH2-Pc    ] 03
[T+3055467180us][CH1-Dispenser] 03 63
[T+3055535180us][CH2-Pc    ] 04
[T+3055541203us][CH1-Dispenser] 04 64
[T+3055613314us][CH1-Dispenser] 05
[T+3055613180us][CH2-Pc    ] 05
[T+3055777316us][CH1-Dispenser] 06
[T+3055777180us][CH2-Pc    ] 06
[T+3055952180us][CH2-Pc    ] 01
[T+3055959179us][CH1-Dispenser] 01 61
[T+3056030180us][CH2-Pc    ] 02
[T+3056040180us][CH1-Dispenser] 02 72
[T+3056060180us][CH2-Pc    ] 22
[T+3056065724us][CH1-Dispenser] 22 D2
[T+3056081181us][CH1-Dispenser] FF
[T+3056081317us][CH2-Pc    ] FF
[T+3056094316us][CH1-Dispenser] E9
[T+3056094181us][CH2-Pc    ] E9
[T+3056106308us][CH1-Dispenser] FE
[T+3056106180us][CH2-Pc    ] FE
[T+3056119313us][CH1-Dispenser] E0
[T+3056119180us][CH2-Pc    ] E0
[T+3056132180us][CH1-Dispenser] E1
[T+3056132314us][CH2-Pc    ] E1
[T+3056145184us][CH1-Dispenser] E0
[T+3056145323us][CH2-Pc    ] E0
[T+3056157319us][CH1-Dispenser] FB
[T+3056157184us][CH2-Pc    ] FB
[T+3056170183us][CH1-Dispenser] EE
[T+3056170319us][CH2-Pc    ] EE
[T+3056183181us][CH1-Dispenser] F0
[T+3056183313us][CH2-Pc    ] F0
[T+3056216208us][CH1-Dispenser] BA B0 B3 B2 B0 B1 B0 B0 B0 B0 B1 B1 B1 B1 B2 C1 B9 8D 8A
[T+3056288204us][CH2-Pc    ] 03
[T+3056296180us][CH1-Dispenser] 03 63
[T+3056366180us][CH2-Pc    ] 04
[T+3056371833us][CH1-Dispenser] 04 64
[T+3056444315us][CH1-Dispenser] 05
[T+3056444180us][CH2-Pc    ] 05
[T+3056630317us][CH1-Dispenser] 06
[T+3056630182us][CH2-Pc    ] 06
[T+3056794180us][CH2-Pc    ] 01
[T+3056800838us][CH1-Dispenser] 01 61
[T+3056872205us][CH2-Pc    ] 02
[T+3056879179us][CH1-Dispenser] 02 72
[T+3056899180us][CH2-Pc    ] 22
[T+3056905478us][CH1-Dispenser] 22 D2
[T+3056921180us][CH1-Dispenser] FF
[T+3056921315us][CH2-Pc    ] FF
[T+3056934220us][CH1-Dispenser] E9
[T+3056934357us][CH2-Pc    ] E9
[T+3056946317us][CH1-Dispenser] FE
[T+3056946181us][CH2-Pc    ] FE
[T+3056959318us][CH1-Dispenser] E0
[T+3056959181us][CH2-Pc    ] E0
[T+3056972183us][CH1-Dispenser] E1
[T+3056972320us][CH2-Pc    ] E1
[T+3056985179us][CH1-Dispenser] E0
[T+3056984181us][CH2-Pc    ] E0
[T+3056997316us][CH1-Dispenser] FB
[T+3056997181us][CH2-Pc    ] FB
[T+3057010180us][CH1-Dispenser] EE
[T+3057010308us][CH2-Pc    ] EE
[T+3057022204us][CH2-Pc    ] F0
[T+3057052204us][CH1-Dispenser] F0 BA B0 B3 B2 B0 B1 B0 B0 B0 B0 B1 B1 B1 B1 B2 C1 B9 8D 8A
[T+3057125180us][CH2-Pc    ] 03
[T+3057132180us][CH1-Dispenser] 03 63
[T+3057203180us][CH2-Pc    ] 04
[T+3057213487us][CH1-Dispenser] 04 64
[T+3057281180us][CH1-Dispenser] 05
[T+3057281314us][CH2-Pc    ] 05
[T+3057475181us][CH1-Dispenser] 06
[T+3057475316us][CH2-Pc    ] 06
[T+3057639180us][CH2-Pc    ] 01
[T+3057645219us][CH1-Dispenser] 01 61
[T+3057717204us][CH2-Pc    ] 02
[T+3057725778us][CH1-Dispenser] 02 72
[T+3057744180us][CH2-Pc    ] 22
[T+3057752892us][CH1-Dispenser] 22 D2
[T+3057766180us][CH1-Dispenser] FF
[T+3057766314us][CH2-Pc    ] FF
[T+3057779318us][CH1-Dispenser] E9
[T+3057779183us][CH2-Pc    ] E9
[T+3057791317us][CH1-Dispenser] FE
[T+3057791180us][CH2-Pc    ] FE
[T+3057804314us][CH1-Dispenser] E0
[T+3057804181us][CH2-Pc    ] E0
[T+3057816180us][CH1-Dispenser] E1
[T+3057816314us][CH2-Pc    ] E1
[T+3057829315us][CH1-Dispenser] E0
[T+3057829182us][CH2-Pc    ] E0
[T+3057842308us][CH1-Dispenser] FB
[T+3057842180us][CH2-Pc    ] FB
[T+3057855183us][CH1-Dispenser] EE
[T+3057854180us][CH2-Pc    ] EE
[T+3057868180us][CH2-Pc    ] F0
[T+3057897180us][CH1-Dispenser] F0 BA B0 B3 B2 B0 B1 B0 B0 B0 B0 B1 B1 B1 B1 B2 C1 B9 8D 8A
[T+3057969204us][CH2-Pc    ] 03
[T+3057977180us][CH1-Dispenser] 03 63
[T+3058047180us][CH2-Pc    ] 04
[T+3058051787us][CH1-Dispenser] 04 64
[T+3058114180us][CH1-Dispenser] 05
[T+3058114314us][CH2-Pc    ] 05
[T+3058278180us][CH1-Dispenser] 06
[T+3058278316us][CH2-Pc    ] 06
[T+3058453180us][CH2-Pc    ] 01
[T+3058460180us][CH1-Dispenser] 01 61
[T+3058531180us][CH2-Pc    ] 02
[T+3058540621us][CH1-Dispenser] 02 72
[T+3058601279us][CH2-Pc    ] 22
[T+3058609180us][CH1-Dispenser] 22 D2
[T+3058623313us][CH1-Dispenser] FF
[T+3058623181us][CH2-Pc    ] FF
[T+3058636313us][CH1-Dispenser] E9
[T+3058636180us][CH2-Pc    ] E9
[T+3058650330us][CH1-Dispenser] FE
[T+3058650189us][CH2-Pc    ] FE
[T+3058664330us][CH1-Dispenser] E0
[T+3058664189us][CH2-Pc    ] E0
[T+3058675184us][CH1-Dispenser] E1
[T+3058675321us][CH2-Pc    ] E1
[T+3058687325us][CH1-Dispenser] E0
[T+3058687188us][CH2-Pc    ] E0
[T+3058700320us][CH1-Dispenser] FB
[T+3058700183us][CH2-Pc    ] FB
[T+3058715188us][CH1-Dispenser] EE
[T+3058715327us][CH2-Pc    ] EE
[T+3058728951us][CH2-Pc    ] F0
[T+3058753204us][CH1-Dispenser] F0 BA B0 B3 B2 B0 B1 B0 B0 B0 B0 B1 B1 B1 B1 B2 C1 B9 8D 8A
[T+3058826180us][CH2-Pc    ] 03
[T+3058834512us][CH1-Dispenser] 03 63
[T+3058904189us][CH2-Pc    ] 04
[T+3058911082us][CH1-Dispenser] 04 64
[T+3058982181us][CH1-Dispenser] 05
[T+3058982317us][CH2-Pc    ] 05
[T+3059157316us][CH1-Dispenser] 06
[T+3059157181us][CH2-Pc    ] 06
[T+3059332180us][CH2-Pc    ] 01
[T+3059341253us][CH1-Dispenser] 01 61
[T+3059410204us][CH2-Pc    ] 02
[T+3059420180us][CH1-Dispenser] 02 72
[T+3059439180us][CH2-Pc    ] 22
[T+3059446180us][CH1-Dispenser] 22 D2
[T+3059461312us][CH1-Dispenser] FF
[T+3059461180us][CH2-Pc    ] FF
[T+3059473313us][CH1-Dispenser] E9
[T+3059473180us][CH2-Pc    ] E9
[T+3059486312us][CH1-Dispenser] FE
[T+3059486180us][CH2-Pc    ] FE
[T+3059500184us][CH1-Dispenser] E0
[T+3059500319us][CH2-Pc    ] E0
[T+3059512326us][CH1-Dispenser] E1
[T+3059512187us][CH2-Pc    ] E1
[T+3059525324us][CH1-Dispenser] E0
[T+3059525185us][CH2-Pc    ] E0
[T+3059537327us][CH1-Dispenser] FB
[T+3059537185us][CH2-Pc    ] FB
[T+3059558180us][CH1-Dispenser] EE
[T+3059559179us][CH2-Pc    ] EE
[T+3059580180us][CH2-Pc    ] F0
[T+3059607206us][CH1-Dispenser] F0 BA B0 B3 B2 B0 B1 B0 B0 B0 B0 B1 B1 B1 B1 B2 C1 B9 8D 8A
[T+3059622204us][CH2-Pc    ] 22
[T+3059629180us][CH1-Dispenser] 22 D2
[T+3059644181us][CH1-Dispenser] FF
[T+3059644316us][CH2-Pc    ] FF
[T+3059666317us][CH1-Dispenser] E5
[T+3059666183us][CH2-Pc    ] E5
[T+3059679320us][CH1-Dispenser] F4
[T+3059679181us][CH2-Pc    ] F4
[T+3059691313us][CH1-Dispenser] F6
[T+3059691180us][CH2-Pc    ] F6
[T+3059704321us][CH1-Dispenser] E1
[T+3059704184us][CH2-Pc    ] E1
[T+3059717312us][CH1-Dispenser] F7
[T+3059717180us][CH2-Pc    ] F7
[T+3059729316us][CH1-Dispenser] E0
[T+3059729181us][CH2-Pc    ] E0
[T+3059742313us][CH1-Dispenser] E0
[T+3059742180us][CH2-Pc    ] E0
[T+3059755312us][CH1-Dispenser] E1
[T+3059755180us][CH2-Pc    ] E1
[T+3059767180us][CH1-Dispenser] E1
[T+3059767313us][CH2-Pc    ] E1
[T+3059780312us][CH1-Dispenser] FB
[T+3059780180us][CH2-Pc    ] FB
[T+3059793180us][CH1-Dispenser] ED
[T+3059793313us][CH2-Pc    ] ED
[T+3059806326us][CH1-Dispenser] F0
[T+3059806187us][CH2-Pc    ] F0
[T+3059894180us][CH2-Pc    ] 02
[T+3059900140us][CH1-Dispenser] 02 72
[T+3059922180us][CH2-Pc    ] 22
[T+3059930181us][CH1-Dispenser] 22 D2
[T+3059943180us][CH1-Dispenser] FF
[T+3059943318us][CH2-Pc    ] FF
[T+3059956313us][CH1-Dispenser] E5
[T+3059956180us][CH2-Pc    ] E5
[T+3059969312us][CH1-Dispenser] F2
[T+3059969180us][CH2-Pc    ] F2
[T+3059981313us][CH1-Dispenser] F8
[T+3059981180us][CH2-Pc    ] F8
[T+3059994316us][CH1-Dispenser] E0
[T+3059994181us][CH2-Pc    ] E0
[T+3060008305us][CH1-Dispenser] E0
[T+3060007180us][CH2-Pc    ] E0
[T+3060019817us][CH1-Dispenser] E5
[T+3060019188us][CH2-Pc    ] E5
[T+3060032312us][CH1-Dispenser] E2
[T+3060032180us][CH2-Pc    ] E2
[T+3060045313us][CH1-Dispenser] E0
[T+3060045180us][CH2-Pc    ] E0
[T+3060057316us][CH1-Dispenser] E0
[T+3060057181us][CH2-Pc    ] E0
[T+3060070312us][CH1-Dispenser] FB
[T+3060070180us][CH2-Pc    ] FB
[T+3060083312us][CH1-Dispenser] E0
[T+3060083180us][CH2-Pc    ] E0
[T+3060096314us][CH1-Dispenser] F0
[T+3060096180us][CH2-Pc    ] F0
[T+3060184180us][CH2-Pc    ] 02
[T+3060189179us][CH1-Dispenser] 02 72
[T+3060212315us][CH1-Dispenser] 12
[T+3060212180us][CH2-Pc    ] 12
[T+3060299204us][CH2-Pc    ] 02
[T+3060305203us][CH1-Dispenser] 02 92
[T+3060377205us][CH2-Pc    ] 03
[T+3060382179us][CH1-Dispenser] 03 63
[T+3060455180us][CH2-Pc    ] 04
[T+3060462180us][CH1-Dispenser] 04 64
[T+3060533180us][CH1-Dispenser] 05
[T+3060533315us][CH2-Pc    ] 05
[T+3060708318us][CH1-Dispenser] 06
[T+3060708182us][CH2-Pc    ] 06
[T+3060872180us][CH2-Pc    ] 01
[T+3060880180us][CH1-Dispenser] 01 61
[T+3060950180us][CH2-Pc    ] 02
[T+3060955839us][CH1-Dispenser] 02 92
[T+3061528180us][CH2-Pc    ] 03
[T+3061537205us][CH1-Dispenser] 03 63
[T+3061606180us][CH2-Pc    ] 04
[T+3061613180us][CH1-Dispenser] 04 64
[T+3061684314us][CH1-Dispenser] 05
[T+3061684180us][CH2-Pc    ] 05
[T+3061859318us][CH1-Dispenser] 06
[T+3061859182us][CH2-Pc    ] 06
[T+3062034180us][CH2-Pc    ] 01
[T+3062040218us][CH1-Dispenser] 01 61
[T+3062112206us][CH2-Pc    ] 02
[T+3062119179us][CH1-Dispenser] 02 92
[T+3062139180us][CH2-Pc    ] 62
[T+3062150180us][CH1-Dispenser] 62 E0 E0 E0 E0 E0 E0
[T+3062218180us][CH2-Pc    ] 03
[T+3062228180us][CH1-Dispenser] 03 63
[T+3062296180us][CH2-Pc    ] 04
[T+3062301179us][CH1-Dispenser] 04 64
[T+3062374181us][CH1-Dispenser] 05
[T+3062374315us][CH2-Pc    ] 05
[T+3062549180us][CH1-Dispenser] 06
[T+3062549314us][CH2-Pc    ] 06
[T+3062724180us][CH2-Pc    ] 01
[T+3062731806us][CH1-Dispenser] 01 61
[T+3062804180us][CH2-Pc    ] 02
[T+3062810229us][CH1-Dispenser] 02 92
[T+3062831204us][CH2-Pc    ] 62
[T+3062846211us][CH1-Dispenser] 62 E0 E0 E0 E0 E0 E0
[T+3062920180us][CH2-Pc    ] 03
[T+3062928817us][CH1-Dispenser] 03 63
[T+3062998180us][CH2-Pc    ] 04
[T+3063008180us][CH1-Dispenser] 04 64
[T+3063076182us][CH1-Dispenser] 05
[T+3063076319us][CH2-Pc    ] 05
[T+3063251181us][CH1-Dispenser] 06
[T+3063251319us][CH2-Pc    ] 06
[T+3063421180us][CH2-Pc    ] 01
[T+3063430209us][CH1-Dispenser] 01 61
[T+3063504179us][CH1-Dispenser] 02 92
[T+3063500180us][CH2-Pc    ] 02
[T+3063519181us][CH2-Pc    ] 62
[T+3063532180us][CH1-Dispenser] 62 E0 E0 E0 E0 E0 E0
[T+3063597180us][CH2-Pc    ] 03
[T+3063606209us][CH1-Dispenser] 03 63
[T+3063676180us][CH2-Pc    ] 04
[T+3063682203us][CH1-Dispenser] 04 64
[T+3063754180us][CH1-Dispenser] 05
[T+3063754314us][CH2-Pc    ] 05
[T+3063918315us][CH1-Dispenser] 06
[T+3063918180us][CH2-Pc    ] 06
[T+3064096180us][CH2-Pc    ] 01
[T+3064099208us][CH1-Dispenser] 01 61
[T+3064163180us][CH2-Pc    ] 02
[T+3064170180us][CH1-Dispenser] 02 92
[T+3064190180us][CH2-Pc    ] 62
[T+3064202208us][CH1-Dispenser] 62 E9 E9 E0 E0 E0 E0
[T+3064269180us][CH2-Pc    ] 03
[T+3064276796us][CH1-Dispenser] 03 63
[T+3064347180us][CH2-Pc    ] 04
[T+3064357180us][CH1-Dispenser] 04 64
[T+3064426316us][CH1-Dispenser] 05
[T+3064426180us][CH2-Pc    ] 05
[T+3064590180us][CH1-Dispenser] 06
[T+3064590319us][CH2-Pc    ] 06
[T+3064765180us][CH2-Pc    ] 01
[T+3064770188us][CH1-Dispenser] 01 61
[T+3064843180us][CH2-Pc    ] 02
[T+3064850179us][CH1-Dispenser] 02 92
[T+3064870180us][CH2-Pc    ] 62
[T+3064882204us][CH1-Dispenser] 62 E5 E7 E2 E0 E0 E0
[T+3064949180us][CH2-Pc    ] 03
[T+3064958214us][CH1-Dispenser] 03 63
[T+3065027204us][CH2-Pc    ] 04
[T+3065031179us][CH1-Dispenser] 04 64
[T+3065095180us][CH1-Dispenser] 05
[T+3065095314us][CH2-Pc    ] 05
[T+3065269180us][CH1-Dispenser] 06
[T+3065270179us][CH2-Pc    ] 06
[T+3065449180us][CH2-Pc    ] 01
[T+3065456180us][CH1-Dispenser] 01 61
[T+3065527180us][CH2-Pc    ] 02
[T+3065537180us][CH1-Dispenser] 02 92
[T+3065554180us][CH2-Pc    ] 62
[T+3065566211us][CH1-Dispenser] 62 E0 E3 E3 E0 E0 E0
[T+3065633180us][CH2-Pc    ] 03
[T+3065642188us][CH1-Dispenser] 03 63
[T+3065706180us][CH2-Pc    ] 04
[T+3065712219us][CH1-Dispenser] 04 64
[T+3065784180us][CH1-Dispenser] 05
[T+3065784314us][CH2-Pc    ] 05
[T+3065959181us][CH1-Dispenser] 06
[T+3065959315us][CH2-Pc    ] 06
[T+3066123180us][CH2-Pc    ] 01
[T+3066130180us][CH1-Dispenser] 01 61
[T+3066201180us][CH2-Pc    ] 02
[T+3066209831us][CH1-Dispenser] 02 92
[T+3066228180us][CH2-Pc    ] 62
[T+3066242180us][CH1-Dispenser] 62 E1 E5 E4 E0 E0 E0
[T+3066307180us][CH2-Pc    ] 03
[T+3066312179us][CH1-Dispenser] 03 63
[T+3066385180us][CH2-Pc    ] 04
[T+3066395180us][CH1-Dispenser] 04 64
[T+3066464180us][CH1-Dispenser] 05
[T+3066464316us][CH2-Pc    ] 05
[T+3066638181us][CH1-Dispenser] 06
[T+3066638316us][CH2-Pc    ] 06
[T+3066815204us][CH2-Pc    ] 01
[T+3066821875us][CH1-Dispenser] 01 61
[T+3066902204us][CH2-Pc    ] 02
[T+3066911187us][CH1-Dispenser] 02 92
[T+3066930180us][CH2-Pc    ] 62
[T+3066942205us][CH1-Dispenser] 62 E3 E8 E5 E0 E0 E0
[T+3067008205us][CH2-Pc    ] 03
[T+3067017181us][CH1-Dispenser] 03 63
[T+3067086204us][CH2-Pc    ] 04
[T+3067093179us][CH1-Dispenser] 04 64
[T+3067164180us][CH1-Dispenser] 05
[T+3067164316us][CH2-Pc    ] 05
[T+3067341180us][CH1-Dispenser] 06
[T+3067341314us][CH2-Pc    ] 06
[T+3067515205us][CH2-Pc    ] 01
[T+3067524296us][CH1-Dispenser] 01 61
[T+3067594180us][CH2-Pc    ] 02
[T+3067600953us][CH1-Dispenser] 02 92
[T+3067621204us][CH2-Pc    ] 62
[T+3067633204us][CH1-Dispenser] 62 E4 E0 E7 E0 E0 E0
[T+3067699205us][CH2-Pc    ] 03
[T+3067707832us][CH1-Dispenser] 03 63
[T+3067777180us][CH2-Pc    ] 04
[T+3067783204us][CH1-Dispenser] 04 64
[T+3067856314us][CH1-Dispenser] 05
[T+3067856181us][CH2-Pc    ] 05
[T+3068033317us][CH1-Dispenser] 06
[T+3068033181us][CH2-Pc    ] 06
[T+3068209180us][CH2-Pc    ] 01
[T+3068215204us][CH1-Dispenser] 01 61
[T+3068287204us][CH2-Pc    ] 02
[T+3068296180us][CH1-Dispenser] 02 92
[T+3068314205us][CH2-Pc    ] 62
[T+3068327180us][CH1-Dispenser] 62 E4 E1 E8 E0 E0 E0
[T+3068393208us][CH2-Pc    ] 03
[T+3068403180us][CH1-Dispenser] 03 63
[T+3068471180us][CH2-Pc    ] 04
[T+3068476179us][CH1-Dispenser] 04 64
[T+3068550179us][CH1-Dispenser] 05
[T+3068549180us][CH2-Pc    ] 05
[T+3068724181us][CH1-Dispenser] 06
[T+3068724320us][CH2-Pc    ] 06
[T+3068889206us][CH2-Pc    ] 01
[T+3068895843us][CH1-Dispenser] 01 61
[T+3068967205us][CH2-Pc    ] 02
[T+3068976209us][CH1-Dispenser] 02 92
[T+3068995180us][CH2-Pc    ] 62
[T+3069007204us][CH1-Dispenser] 62 E6 E4 E9 E0 E0 E0
[T+3069073204us][CH2-Pc    ] 03
[T+3069082218us][CH1-Dispenser] 03 63
[T+3069151205us][CH2-Pc    ] 04
[T+3069157204us][CH1-Dispenser] 04 64
[T+3069229181us][CH1-Dispenser] 05
[T+3069229316us][CH2-Pc    ] 05
[T+3069409180us][CH1-Dispenser] 06
[T+3069409315us][CH2-Pc    ] 06
[T+3069584180us][CH2-Pc    ] 01
[T+3069593215us][CH1-Dispenser] 01 61
[T+3069662204us][CH2-Pc    ] 02
[T+3069672180us][CH1-Dispenser] 02 92
[T+3069689180us][CH2-Pc    ] 62
[T+3069701204us][CH1-Dispenser] 62 E6 E5 E0 E1 E0 E0
[T+3069767204us][CH2-Pc    ] 03
[T+3069772179us][CH1-Dispenser] 03 63
[T+3069845180us][CH2-Pc    ] 04
[T+3069851204us][CH1-Dispenser] 04 64
[T+3069924180us][CH1-Dispenser] 05
[T+3069924312us][CH2-Pc    ] 05
[T+3070098316us][CH1-Dispenser] 06
[T+3070098181us][CH2-Pc    ] 06
[T+3070268180us][CH2-Pc    ] 01
[T+3070277183us][CH1-Dispenser] 01 61
[T+3070347181us][CH2-Pc    ] 02
[T+3070355830us][CH1-Dispenser] 02 92
[T+3070374180us][CH2-Pc    ] 62
[T+3070390180us][CH1-Dispenser] 62 E8 E8 E1 E1 E0 E0
[T+3070463180us][CH2-Pc    ] 03
[T+3070467179us][CH1-Dispenser] 03 63
[T+3070541180us][CH2-Pc    ] 04
[T+3070549333us][CH1-Dispenser] 04 64
[T+3070619316us][CH1-Dispenser] 05
[T+3070619181us][CH2-Pc    ] 05
[T+3070794181us][CH1-Dispenser] 06
[T+3070794318us][CH2-Pc    ] 06
[T+3070965205us][CH2-Pc    ] 01
[T+3070970179us][CH1-Dispenser] 01 61
[T+3071044180us][CH2-Pc    ] 02
[T+3071050219us][CH1-Dispenser] 02 92
[T+3071071205us][CH2-Pc    ] 62
[T+3071082180us][CH1-Dispenser] 62 E8 E9 E2 E1 E0 E0
[T+3071150180us][CH2-Pc    ] 03
[T+3071158801us][CH1-Dispenser] 03 63
[T+3071228180us][CH2-Pc    ] 04
[T+3071237309us][CH1-Dispenser] 04 64
[T+3071306181us][CH1-Dispenser] 05
[T+3071306314us][CH2-Pc    ] 05
[T+3071481314us][CH1-Dispenser] 06
[T+3071481180us][CH2-Pc    ] 06
[T+3071656180us][CH2-Pc    ] 01
[T+3071661823us][CH1-Dispenser] 01 61
[T+3071734180us][CH2-Pc    ] 02
[T+3071741180us][CH1-Dispenser] 02 92
[T+3071761180us][CH2-Pc    ] 62
[T+3071777180us][CH1-Dispenser] 62 E0 E3 E4 E1 E0 E0
[T+3071850180us][CH2-Pc    ] 03
[T+3071857790us][CH1-Dispenser] 03 63
[T+3071928180us][CH2-Pc    ] 04
[T+3071938180us][CH1-Dispenser] 04 64
[T+3072006180us][CH1-Dispenser] 05
[T+3072007179us][CH2-Pc    ] 05
[T+3072183314us][CH1-Dispenser] 06
[T+3072183180us][CH2-Pc    ] 06
[T+3072358204us][CH2-Pc    ] 01
[T+3072365179us][CH1-Dispenser] 01 61
[T+3072436180us][CH2-Pc    ] 02
[T+3072446180us][CH1-Dispenser] 02 92
[T+3072464205us][CH2-Pc    ] 62
[T+3072478180us][CH1-Dispenser] 62 E1 E5 E5 E1 E0 E0
[T+3072542180us][CH2-Pc    ] 03
[T+3072547820us][CH1-Dispenser] 03 63
[T+3072620180us][CH2-Pc    ] 04
[T+3072630180us][CH1-Dispenser] 04 64
[T+3072698313us][CH1-Dispenser] 05
[T+3072698180us][CH2-Pc    ] 05
[T+3072878180us][CH1-Dispenser] 06
[T+3072878314us][CH2-Pc    ] 06
[T+3073052206us][CH2-Pc    ] 01
[T+3073061221us][CH1-Dispenser] 01 61
[T+3073133204us][CH2-Pc    ] 02
[T+3073140186us][CH1-Dispenser] 02 92
[T+3073160180us][CH2-Pc    ] 62
[T+3073171180us][CH1-Dispenser] 62 E2 E7 E6 E1 E0 E0
[T+3073245180us][CH2-Pc    ] 03
[T+3073251871us][CH1-Dispenser] 03 63
[T+3073323205us][CH2-Pc    ] 04
[T+3073333180us][CH1-Dispenser] 04 64
[T+3073401180us][CH1-Dispenser] 05
[T+3073401312us][CH2-Pc    ] 05
[T+3073576320us][CH1-Dispenser] 06
[T+3073576182us][CH2-Pc    ] 06
[T+3073751180us][CH2-Pc    ] 01
[T+3073757203us][CH1-Dispenser] 01 61
[T+3073829209us][CH2-Pc    ] 02
[T+3073836836us][CH1-Dispenser] 02 92
[T+3073856180us][CH2-Pc    ] 62
[T+3073869180us][CH1-Dispenser] 62 E3 E9 E7 E1 E0 E0
[T+3073950204us][CH2-Pc    ] 03
[T+3073958186us][CH1-Dispenser] 03 63
[T+3074028180us][CH2-Pc    ] 04
[T+3074031213us][CH1-Dispenser] 04 64
[T+3074095180us][CH1-Dispenser] 05
[T+3074095313us][CH2-Pc    ] 05
[T+3074270181us][CH1-Dispenser] 06
[T+3074270318us][CH2-Pc    ] 06
[T+3074434180us][CH2-Pc    ] 01
[T+3074444180us][CH1-Dispenser] 01 61
[T+3074512314us][CH1-Dispenser] 02
[T+3074512180us][CH2-Pc    ] 02
[T+3074525180us][CH1-Dispenser] 92
[T+3074540204us][CH2-Pc    ] 62
[T+3074553180us][CH1-Dispenser] 62 E4 E1 E9 E1 E0 E0
[T+3074622205us][CH2-Pc    ] 03
[T+3074628203us][CH1-Dispenser] 03 63
[T+3074700204us][CH2-Pc    ] 04
[T+3074707781us][CH1-Dispenser] 04 64
[T+3074778181us][CH1-Dispenser] 05
[T+3074778316us][CH2-Pc    ] 05
[T+3074977180us][CH1-Dispenser] 06
[T+3074977316us][CH2-Pc    ] 06
[T+3075152180us][CH2-Pc    ] 01
[T+3075162232us][CH1-Dispenser] 01 61
[T+3075230180us][CH2-Pc    ] 02
[T+3075235179us][CH1-Dispenser] 02 92
[T+3075257499us][CH2-Pc    ] 62
[T+3075272205us][CH1-Dispenser] 62 E5 E3 E0 E2 E0 E0
[T+3075343180us][CH2-Pc    ] 03
[T+3075352218us][CH1-Dispenser] 03 63
[T+3075421205us][CH2-Pc    ] 04
[T+3075428811us][CH1-Dispenser] 04 64
[T+3075500180us][CH1-Dispenser] 05
[T+3075500315us][CH2-Pc    ] 05
[T+3075674181us][CH1-Dispenser] 06
[T+3075674321us][CH2-Pc    ] 06
[T+3075849180us][CH2-Pc    ] 01
[T+3075858204us][CH1-Dispenser] 01 61
[T+3075927204us][CH2-Pc    ] 02
[T+3075936181us][CH1-Dispenser] 02 92
[T+3075955180us][CH2-Pc    ] 62
[T+3075968180us][CH1-Dispenser] 62 E0 E9 E0 E2 E0 E0
[T+3076034204us][CH2-Pc    ] 03
[T+3076043204us][CH1-Dispenser] 03 63
[T+3076112204us][CH2-Pc    ] 04
[T+3076118218us][CH1-Dispenser] 04 64
[T+3076190181us][CH1-Dispenser] 05
[T+3076190316us][CH2-Pc    ] 05
[T+3076365182us][CH1-Dispenser] 06
[T+3076365319us][CH2-Pc    ] 06
[T+3076529180us][CH2-Pc    ] 01
[T+3076538209us][CH1-Dispenser] 01 61
[T+3076613205us][CH2-Pc    ] 02
[T+3076622218us][CH1-Dispenser] 02 92
[T+3076640204us][CH2-Pc    ] 62
[T+3076651183us][CH1-Dispenser] 62 E1 E0 E1 E2 E0 E0
[T+3076718180us][CH2-Pc    ] 03
[T+3076727219us][CH1-Dispenser] 03 63
[T+3076797180us][CH2-Pc    ] 04
[T+3076803864us][CH1-Dispenser] 04 64
[T+3076875313us][CH1-Dispenser] 05
[T+3076875180us][CH2-Pc    ] 05
[T+3077050180us][CH1-Dispenser] 06
[T+3077050316us][CH2-Pc    ] 06
[T+3077229180us][CH2-Pc    ] 01
[T+3077239181us][CH1-Dispenser] 01 61
[T+3077308209us][CH2-Pc    ] 02
[T+3077316835us][CH1-Dispenser] 02 92
[T+3077335180us][CH2-Pc    ] 62
[T+3077348180us][CH1-Dispenser] 62 E4 E3 E1 E2 E0 E0
[T+3077414207us][CH2-Pc    ] 03
[T+3077424180us][CH1-Dispenser] 03 63
[T+3077492180us][CH2-Pc    ] 04
[T+3077496179us][CH1-Dispenser] 04 64
[T+3077574316us][CH1-Dispenser] 05
[T+3077574180us][CH2-Pc    ] 05
[T+3077749180us][CH1-Dispenser] 06
[T+3077749316us][CH2-Pc    ] 06
[T+3077923204us][CH2-Pc    ] 01
[T+3077930180us][CH1-Dispenser] 01 61
[T+3078001180us][CH2-Pc    ] 02
[T+3078005783us][CH1-Dispenser] 02 92
[T+3078018180us][CH2-Pc    ] 62
[T+3078033204us][CH1-Dispenser] 62 E7 E6 E1 E2 E0 E0
[T+3078097180us][CH2-Pc    ] 03
[T+3078102179us][CH1-Dispenser] 03 63
[T+3078175180us][CH2-Pc    ] 04
[T+3078183180us][CH1-Dispenser] 04 64
[T+3078254180us][CH1-Dispenser] 05
[T+3078254316us][CH2-Pc    ] 05
[T+3078417314us][CH1-Dispenser] 06
[T+3078417180us][CH2-Pc    ] 06
[T+3078592180us][CH2-Pc    ] 01
[T+3078601204us][CH1-Dispenser] 01 61
[T+3078670205us][CH2-Pc    ] 02
[T+3078676218us][CH1-Dispenser] 02 92
[T+3078703204us][CH2-Pc    ] 62
[T+3078718204us][CH1-Dispenser] 62 E9 E8 E1 E2 E0 E0
[T+3078792180us][CH2-Pc    ] 03
[T+3078798820us][CH1-Dispenser] 03 63
[T+3078871204us][CH2-Pc    ] 04
[T+3078877218us][CH1-Dispenser] 04 64
[T+3078949322us][CH1-Dispenser] 05
[T+3078949182us][CH2-Pc    ] 05
[T+3079124180us][CH1-Dispenser] 06
[T+3079124314us][CH2-Pc    ] 06
[T+3079298204us][CH2-Pc    ] 01
[T+3079306181us][CH1-Dispenser] 01 61
[T+3079384205us][CH2-Pc    ] 02
[T+3079390218us][CH1-Dispenser] 02 92
[T+3079412180us][CH2-Pc    ] 62
[T+3079425180us][CH1-Dispenser] 62 E2 E2 E2 E2 E0 E0
[T+3079492180us][CH2-Pc    ] 03
[T+3079498858us][CH1-Dispenser] 03 63
[T+3079570205us][CH2-Pc    ] 04
[T+3079578180us][CH1-Dispenser] 04 64
[T+3079648314us][CH1-Dispenser] 05
[T+3079648180us][CH2-Pc    ] 05
[T+3079829318us][CH1-Dispenser] 06
[T+3079829181us][CH2-Pc    ] 06
[T+3080003205us][CH2-Pc    ] 01
[T+3080011185us][CH1-Dispenser] 01 61
[T+3080082180us][CH2-Pc    ] 02
[T+3080087179us][CH1-Dispenser] 02 92
[T+3080109180us][CH2-Pc    ] 62
[T+3080121204us][CH1-Dispenser] 62 E5 E5 E2 E2 E0 E0
[T+3080187204us][CH2-Pc    ] 03
[T+3080194179us][CH1-Dispenser] 03 63
[T+3080265180us][CH2-Pc    ] 04
[T+3080275180us][CH1-Dispenser] 04 64
[T+3080343315us][CH1-Dispenser] 05
[T+3080343181us][CH2-Pc    ] 05
[T+3080530316us][CH1-Dispenser] 06
[T+3080530181us][CH2-Pc    ] 06
[T+3080705180us][CH2-Pc    ] 01
[T+3080711203us][CH1-Dispenser] 01 61
[T+3080783205us][CH2-Pc    ] 02
[T+3080792219us][CH1-Dispenser] 02 92
[T+3080810204us][CH2-Pc    ] 62
[T+3080823180us][CH1-Dispenser] 62 E8 E8 E2 E2 E0 E0
[T+3080888180us][CH2-Pc    ] 03
[T+3080895184us][CH1-Dispenser] 03 63
[T+3080966180us][CH2-Pc    ] 04
[T+3080974183us][CH1-Dispenser] 04 64
[T+3081044314us][CH1-Dispenser] 05
[T+3081044180us][CH2-Pc    ] 05
[T+3081219181us][CH1-Dispenser] 06
[T+3081219315us][CH2-Pc    ] 06
[T+3081394180us][CH2-Pc    ] 01
[T+3081401180us][CH1-Dispenser] 01 61
[T+3081472180us][CH2-Pc    ] 02
[T+3081481204us][CH1-Dispenser] 02 92
[T+3081500180us][CH2-Pc    ] 62
[T+3081515568us][CH1-Dispenser] 62 E1 E2 E3 E2 E0 E0
[T+3081589180us][CH2-Pc    ] 03
[T+3081598204us][CH1-Dispenser] 03 63
[T+3081673204us][CH2-Pc    ] 04
[T+3081682205us][CH1-Dispenser] 04 64
[T+3081752179us][CH1-Dispenser] 05
[T+3081751180us][CH2-Pc    ] 05
[T+3081926314us][CH1-Dispenser] 06
[T+3081926181us][CH2-Pc    ] 06
[T+3082090180us][CH2-Pc    ] 01
[T+3082096219us][CH1-Dispenser] 01 61
[T+3082169181us][CH2-Pc    ] 02
[T+3082177211us][CH1-Dispenser] 02 92
[T+3082196180us][CH2-Pc    ] 62
[T+3082208205us][CH1-Dispenser] 62 E4 E5 E3 E2 E0 E0
[T+3082274204us][CH2-Pc    ] 03
[T+3082282180us][CH1-Dispenser] 03 63
[T+3082352180us][CH2-Pc    ] 04
[T+3082358218us][CH1-Dispenser] 04 64
[T+3082430321us][CH1-Dispenser] 05
[T+3082430182us][CH2-Pc    ] 05
[T+3082605181us][CH1-Dispenser] 06
[T+3082605315us][CH2-Pc    ] 06
[T+3082780180us][CH2-Pc    ] 01
[T+3082786203us][CH1-Dispenser] 01 61
[T+3082858204us][CH2-Pc    ] 02
[T+3082866188us][CH1-Dispenser] 02 92
[T+3082885180us][CH2-Pc    ] 62
[T+3082898180us][CH1-Dispenser] 62 E7 E8 E3 E2 E0 E0
[T+3082964205us][CH2-Pc    ] 03
[T+3082972180us][CH1-Dispenser] 03 63
[T+3083042463us][CH2-Pc    ] 04
[T+3083048250us][CH1-Dispenser] 04 64
[T+3083130314us][CH1-Dispenser] 05
[T+3083130180us][CH2-Pc    ] 05
[T+3083295314us][CH1-Dispenser] 06
[T+3083295180us][CH2-Pc    ] 06
[T+3083469205us][CH2-Pc    ] 01
[T+3083479180us][CH1-Dispenser] 01 61
[T+3083547180us][CH2-Pc    ] 02
[T+3083556219us][CH1-Dispenser] 02 92
[T+3083575180us][CH2-Pc    ] 62
[T+3083587204us][CH1-Dispenser] 62 E9 E0 E4 E2 E0 E0
[T+3083654180us][CH2-Pc    ] 03
[T+3083663205us][CH1-Dispenser] 03 63
[T+3083741180us][CH2-Pc    ] 04
[T+3083747876us][CH1-Dispenser] 04 64
[T+3083819181us][CH1-Dispenser] 05
[T+3083819316us][CH2-Pc    ] 05
[T+3084004316us][CH1-Dispenser] 06
[T+3084004181us][CH2-Pc    ] 06
[T+3084168180us][CH2-Pc    ] 01
[T+3084177204us][CH1-Dispenser] 01 61
[T+3084246205us][CH2-Pc    ] 02
[T+3084253180us][CH1-Dispenser] 02 92
[T+3084274207us][CH2-Pc    ] 62
[T+3084289205us][CH1-Dispenser] 62 E2 E4 E4 E2 E0 E0
[T+3084363180us][CH2-Pc    ] 03
[T+3084369832us][CH1-Dispenser] 03 63
[T+3084441204us][CH2-Pc    ] 04
[T+3084448853us][CH1-Dispenser] 04 64
[T+3084519180us][CH1-Dispenser] 05
[T+3084519315us][CH2-Pc    ] 05
[T+3084683180us][CH1-Dispenser] 06
[T+3084683321us][CH2-Pc    ] 06
[T+3084858180us][CH2-Pc    ] 01
[T+3084868180us][CH1-Dispenser] 01 61
[T+3084936180us][CH2-Pc    ] 02
[T+3084941179us][CH1-Dispenser] 02 92
[T+3084963180us][CH2-Pc    ] 62
[T+3084978204us][CH1-Dispenser] 62 E5 E7 E4 E2 E0 E0
[T+3085041204us][CH2-Pc    ] 03
[T+3085048790us][CH1-Dispenser] 03 63
[T+3085119180us][CH2-Pc    ] 04
[T+3085128214us][CH1-Dispenser] 04 64
[T+3085198319us][CH1-Dispenser] 05
[T+3085198181us][CH2-Pc    ] 05
[T+3085373315us][CH1-Dispenser] 06
[T+3085373181us][CH2-Pc    ] 06
[T+3085547204us][CH2-Pc    ] 01
[T+3085556205us][CH1-Dispenser] 01 61
[T+3085625205us][CH2-Pc    ] 02
[T+3085632179us][CH1-Dispenser] 02 92
[T+3085653204us][CH2-Pc    ] 62
[T+3085668204us][CH1-Dispenser] 62 E0 E0 E5 E2 E0 E0
[T+3085742180us][CH2-Pc    ] 03
[T+3085751204us][CH1-Dispenser] 03 63
[T+3085820180us][CH2-Pc    ] 04
[T+3085828180us][CH1-Dispenser] 04 64
[T+3085898180us][CH1-Dispenser] 05
[T+3085898314us][CH2-Pc    ] 05
[T+3086083315us][CH1-Dispenser] 06
[T+3086083180us][CH2-Pc    ] 06
[T+3086247180us][CH2-Pc    ] 01
[T+3086256218us][CH1-Dispenser] 01 61
[T+3086325204us][CH2-Pc    ] 02
[T+3086332836us][CH1-Dispenser] 02 92
[T+3086353204us][CH2-Pc    ] 62
[T+3086368205us][CH1-Dispenser] 62 E0 E0 E5 E2 E0 E0
[T+3086442180us][CH2-Pc    ] 03
[T+3086448741us][CH1-Dispenser] 03 63
[T+3086520205us][CH2-Pc    ] 04
[T+3086531180us][CH1-Dispenser] 04 64
[T+3086598314us][CH1-Dispenser] 05
[T+3086598180us][CH2-Pc    ] 05
[T+3086762316us][CH1-Dispenser] 06
[T+3086762180us][CH2-Pc    ] 06
[T+3086937180us][CH2-Pc    ] 01
[T+3086943204us][CH1-Dispenser] 01 61
[T+3087015204us][CH2-Pc    ] 02
[T+3087026180us][CH1-Dispenser] 02 92
[T+3087042180us][CH2-Pc    ] 62
[T+3087057204us][CH1-Dispenser] 62 E0 E0 E5 E2 E0 E0
[T+3087120204us][CH2-Pc    ] 03
[T+3087129204us][CH1-Dispenser] 03 63
[T+3087203179us][CH1-Dispenser] 04 64
[T+3087199180us][CH2-Pc    ] 04
[T+3087277316us][CH1-Dispenser] 05
[T+3087277180us][CH2-Pc    ] 05
[T+3087451180us][CH1-Dispenser] 06
[T+3087452180us][CH2-Pc    ] 06
[T+3087626180us][CH2-Pc    ] 01
[T+3087632204us][CH1-Dispenser] 01 61
[T+3087704204us][CH2-Pc    ] 02
[T+3087711180us][CH1-Dispenser] 02 92
[T+3087732204us][CH2-Pc    ] 62
[T+3087742180us][CH1-Dispenser] 62 E0 E0 E5 E2 E0 E0
[T+3087810188us][CH2-Pc    ] 03
[T+3087818844us][CH1-Dispenser] 03 63
[T+3087888180us][CH2-Pc    ] 04
[T+3087897205us][CH1-Dispenser] 04 64
[T+3087968180us][CH1-Dispenser] 05
[T+3087968314us][CH2-Pc    ] 05
[T+3088143316us][CH1-Dispenser] 06
[T+3088143180us][CH2-Pc    ] 06
[T+3088321179us][CH1-Dispenser] 01 61
[T+3088317205us][CH2-Pc    ] 01
[T+3088395180us][CH2-Pc    ] 02
[T+3088404839us][CH1-Dispenser] 02 92
[T+3088422204us][CH2-Pc    ] 62
[T+3088439180us][CH1-Dispenser] 62 E0 E0 E5 E2 E0 E0
[T+3088513180us][CH2-Pc    ] 03
[T+3088519203us][CH1-Dispenser] 03 63
[T+3088591204us][CH2-Pc    ] 04
[T+3088598829us][CH1-Dispenser] 04 64
[T+3088669314us][CH1-Dispenser] 05
[T+3088669181us][CH2-Pc    ] 05
[T+3088848314us][CH1-Dispenser] 06
[T+3088848181us][CH2-Pc    ] 06
[T+3089012180us][CH2-Pc    ] 01
[T+3089017187us][CH1-Dispenser] 01 61
[T+3089090180us][CH2-Pc    ] 02
[T+3089096203us][CH1-Dispenser] 02 92
[T+3089118180us][CH2-Pc    ] 62
[T+3089133205us][CH1-Dispenser] 62 E0 E0 E5 E2 E0 E0
[T+3089207180us][CH2-Pc    ] 03
[T+3089216209us][CH1-Dispenser] 03 63
[T+3089285205us][CH2-Pc    ] 04
[T+3089293180us][CH1-Dispenser] 04 64
[T+3089364313us][CH1-Dispenser] 05
[T+3089364180us][CH2-Pc    ] 05
[T+3089534180us][CH1-Dispenser] 06
[T+3089534316us][CH2-Pc    ] 06
[T+3089700180us][CH2-Pc    ] 01
[T+3089708180us][CH1-Dispenser] 01 61
[T+3089778314us][CH1-Dispenser] 02
[T+3089778180us][CH2-Pc    ] 02
[T+3089791180us][CH1-Dispenser] 92
[T+3089805180us][CH2-Pc    ] 62
[T+3089818180us][CH1-Dispenser] 62 E0 E0 E5 E2 E0 E0
[T+3089883180us][CH2-Pc    ] 03
[T+3089888789us][CH1-Dispenser] 03 63
[T+3089961180us][CH2-Pc    ] 04
[T+3089969180us][CH1-Dispenser] 04 64
[T+3090039180us][CH1-Dispenser] 05
[T+3090039315us][CH2-Pc    ] 05
[T+3090214181us][CH1-Dispenser] 06
[T+3090214322us][CH2-Pc    ] 06
[T+3090389180us][CH2-Pc    ] 01
[T+3090397188us][CH1-Dispenser] 01 61
[T+3090467180us][CH2-Pc    ] 02
[T+3090472179us][CH1-Dispenser] 02 A2
[T+3091045204us][CH2-Pc    ] 03
[T+3091054209us][CH1-Dispenser] 03 63
[T+3091123204us][CH2-Pc    ] 04
[T+3091127793us][CH1-Dispenser] 04 64
[T+3091191314us][CH1-Dispenser] 05
[T+3091191180us][CH2-Pc    ] 05
[T+3091364181us][CH1-Dispenser] 06
[T+3091364317us][CH2-Pc    ] 06
[T+3091528180us][CH2-Pc    ] 01
[T+3091537204us][CH1-Dispenser] 01 61
[T+3091606205us][CH2-Pc    ] 02
[T+3091613180us][CH1-Dispenser] 02 62
[T+3092184962us][CH2-Pc    ] 03
[T+3092191219us][CH1-Dispenser] 03 63
[T+3092262180us][CH2-Pc    ] 04
[T+3092268203us][CH1-Dispenser] 04 64
[T+3092340315us][CH1-Dispenser] 05
[T+3092340180us][CH2-Pc    ] 05
[T+3092515180us][CH1-Dispenser] 06
[T+3092515315us][CH2-Pc    ] 06
[T+3092693180us][CH2-Pc    ] 01
[T+3092696208us][CH1-Dispenser] 01 61
[T+3092760180us][CH2-Pc    ] 02
[T+3092766292us][CH1-Dispenser] 02 62
[T+3092788180us][CH2-Pc    ] 42
[T+3092835187us][CH1-Dispenser] 42 FF F1 F8 EB E1 E0 E0 E0 F6 E1 F4 F7 E0 E0 E1 E1 F9 E0 E7 E2 E2 E0 E0 FA E0 E0 E5 E2 E0 E0 FB E8 F0
[T+3092860313us][CH1-Dispenser] 52
[T+3092860180us][CH2-Pc    ] 52
[T+3092994180us][CH1-Dispenser] FF F6 E0 F9 E5 E9 E4 E9 E3 E8 E6 E2 FA E8 E0 E5 E1 E9 E0 E5 E8 F4 E0 E3 E1 E1 F5 E0 E0 E0 E0 F6 E1 F9 E9 E0 E2 E3 E2 E8 E5 E3 FA E6 E6 E0 E1 E2 E6 E4 E8 F4 E0 E0 E1 E1 F5 E0 E0 E0 E0 F6 E2 F9 E6 E7 E8 E9 E5 E4 E9 E9 FA E8 E2 E2 E3 E7 E8 E1 E8 F4 E0 E3 E4 E1 F5 E0 E0 E0 E0 FB EB F0
[T+3093080181us][CH2-Pc    ] 03
[T+3093088823us][CH1-Dispenser] 03 63
[T+3093158180us][CH2-Pc    ] 04
[T+3093164204us][CH1-Dispenser] 04 64
[T+3093237181us][CH1-Dispenser] 05
[T+3093237314us][CH2-Pc    ] 05
[T+3093408182us][CH1-Dispenser] 06
[T+3093408315us][CH2-Pc    ] 06
[T+3093585205us][CH2-Pc    ] 01
[T+3093592180us][CH1-Dispenser] 01 61
[T+3093663180us][CH2-Pc    ] 02
[T+3093672181us][CH1-Dispenser] 02 62
[T+3093691314us][CH1-Dispenser] 42
[T+3093691180us][CH2-Pc    ] 42
[T+3093741180us][CH1-Dispenser] FF F1 F8 EB E1 E0 E0 E0 F6 E1 F4 F7 E0 E0 E1 E1 F9 E0 E7 E2 E2 E0 E0 FA E0 E0 E5 E2 E0 E0 FB E8 F0
[T+3093763313us][CH1-Dispenser] 52
[T+3093763180us][CH2-Pc    ] 52
[T+3093896180us][CH1-Dispenser] FF F6 E0 F9 E5 E9 E4 E9 E3 E8 E6 E2 FA E8 E0 E5 E1 E9 E0 E5 E8 F4 E0 E3 E1 E1 F5 E0 E0 E0 E0 F6 E1 F9 E9 E0 E2 E3 E2 E8 E5 E3 FA E6 E6 E0 E1 E2 E6 E4 E8 F4 E0 E0 E1 E1 F5 E0 E0 E0 E0 F6 E2 F9 E6 E7 E8 E9 E5 E4 E9 E9 FA E8 E2 E2 E3 E7 E8 E1 E8 F4 E0 E3 E4 E1 F5 E0 E0 E0 E0 FB EB F0
[T+3093978180us][CH2-Pc    ] 03
[T+3093984231us][CH1-Dispenser] 03 63
[T+3094056204us][CH2-Pc    ] 04
[T+3094063179us][CH1-Dispenser] 04 64
[T+3094134180us][CH1-Dispenser] 05
[T+3094134314us][CH2-Pc    ] 05
[T+3094309317us][CH1-Dispenser] 06
[T+3094309181us][CH2-Pc    ] 06
[T+3094484180us][CH2-Pc    ] 01
[T+3094492744us][CH1-Dispenser] 01 61
[T+3094562180us][CH2-Pc    ] 02
[T+3094568218us][CH1-Dispenser] 02 62
[T+3094640204us][CH2-Pc    ] 03
[T+3094650180us][CH1-Dispenser] 03 63
[T+3094718180us][CH2-Pc    ] 04
[T+3094724203us][CH1-Dispenser] 04 64
[T+3094788317us][CH1-Dispenser] 05
[T+3094788180us][CH2-Pc    ] 05
[T+3094974181us][CH1-Dispenser] 06
[T+3094974318us][CH2-Pc    ] 06
[T+3095138180us][CH2-Pc    ] 01
[T+3095148180us][CH1-Dispenser] 01 61
[T+3095216180us][CH2-Pc    ] 02
[T+3095222203us][CH1-Dispenser] 02 62
[T+3095294204us][CH2-Pc    ] 03
[T+3095299179us][CH1-Dispenser] 03 63
[T+3095372180us][CH2-Pc    ] 04
[T+3095378859us][CH1-Dispenser] 04 64
[T+3095455180us][CH1-Dispenser] 05
[T+3095455316us][CH2-Pc    ] 05
[T+3095629180us][CH1-Dispenser] 06
[T+3095629314us][CH2-Pc    ] 06
[T+3095794205us][CH2-Pc    ] 01
[T+3095804180us][CH1-Dispenser] 01 61
[T+3095872180us][CH2-Pc    ] 02
[T+3095878219us][CH1-Dispenser] 02 62
[T+3095950204us][CH2-Pc    ] 03
[T+3095960180us][CH1-Dispenser] 03 63
[T+3096028180us][CH2-Pc    ] 04
[T+3096034203us][CH1-Dispenser] 04 64
[T+3096097181us][CH1-Dispenser] 05
[T+3096097316us][CH2-Pc    ] 05
[T+3096280319us][CH1-Dispenser] 06
[T+3096280180us][CH2-Pc    ] 06
[T+3096456180us][CH2-Pc    ] 01
[T+3096465214us][CH1-Dispenser] 01 61
[T+3096534205us][CH2-Pc    ] 02
[T+3096542181us][CH1-Dispenser] 02 62
[T+3096613180us][CH2-Pc    ] 03
[T+3096620179us][CH1-Dispenser] 03 63
[T+3096715180us][CH2-Pc    ] 04
[T+3096724218us][CH1-Dispenser] 04 64
[T+3096793314us][CH1-Dispenser] 05
[T+3096793180us][CH2-Pc    ] 05
[T+3096968180us][CH1-Dispenser] 06
[T+3096968316us][CH2-Pc    ] 06
[T+3097143180us][CH2-Pc    ] 01
[T+3097148179us][CH1-Dispenser] 01 61
[T+3097227180us][CH2-Pc    ] 02
[T+3097233219us][CH1-Dispenser] 02 62
[T+3097306180us][CH2-Pc    ] 03
[T+3097315219us][CH1-Dispenser] 03 63
[T+3097464180us][CH2-Pc    ] 04
[T+3097468179us][CH1-Dispenser] 04 64
[T+3097532316us][CH1-Dispenser] 05
[T+3097532181us][CH2-Pc    ] 05
[T+3097698320us][CH1-Dispenser] 06
[T+3097698182us][CH2-Pc    ] 06
[T+3097876180us][CH2-Pc    ] 01
[T+3097881179us][CH1-Dispenser] 01 61
[T+3097954180us][CH2-Pc    ] 02
[T+3097962186us][CH1-Dispenser] 02 62
[T+3098032180us][CH2-Pc    ] 03
[T+3098040180us][CH1-Dispenser] 03 63
[T+3098110180us][CH2-Pc    ] 04
[T+3098119218us][CH1-Dispenser] 04 64
[T+3098189180us][CH1-Dispenser] 05
[T+3098189316us][CH2-Pc    ] 05
[T+3098355180us][CH1-Dispenser] 06
[T+3098355315us][CH2-Pc    ] 06