connected
[T+9724624180us][CH2-Pc    ] 22
[T+9724631190us][CH1-Dispenser] 22 D2
[T+9724646180us][CH1-Dispenser] FF
[T+9724646315us][CH2-Pc    ] FF
[T+9724658313us][CH1-Dispenser] E9
[T+9724658180us][CH2-Pc    ] E9
[T+9724672179us][CH1-Dispenser] FE
[T+9724672068us][CH2-Pc    ] FE
[T+9724683341us][CH1-Dispenser] E0
[T+9724683200us][CH2-Pc    ] E0
[T+9724696313us][CH1-Dispenser] E1
[T+9724696180us][CH2-Pc    ] E1
[T+9724709321us][CH1-Dispenser] E0
[T+9724709184us][CH2-Pc    ] E0
[T+9724724313us][CH1-Dispenser] FB
[T+9724724180us][CH2-Pc    ] FB
[T+9724737180us][CH1-Dispenser] EE
[T+9724737316us][CH2-Pc    ] EE
[T+9724750262us][CH2-Pc    ] F0
[T+9724779180us][CH1-Dispenser] F0 BA B0 B3 B2 B0 B1 B0 B0 B0 B0 B1 B1 B1 B1 B2 C1 B9 8D 8A
[T+9724851204us][CH2-Pc    ] 03
[T+9724858179us][CH1-Dispenser] 03 93
[T+9724879204us][CH2-Pc    ] 63
[T+9724889181us][CH1-Dispenser] 63 E4 E7 E0 E5 E0 E0
[T+9724958204us][CH2-Pc    ] 04
[T+9724963773us][CH1-Dispenser] 04 64
[T+9725036316us][CH1-Dispenser] 05
[T+9725036180us][CH2-Pc    ] 05
[T+9725260182us][CH1-Dispenser] 06
[T+9725260319us][CH2-Pc    ] 06
[T+9725424180us][CH2-Pc    ] 01
[T+9725433204us][CH1-Dispenser] 01 61
[T+9725502205us][CH2-Pc    ] 02
[T+9725509180us][CH1-Dispenser] 02 72
[T+9725529180us][CH2-Pc    ] 22
[T+9725538204us][CH1-Dispenser] 22 D2
[T+9725551310us][CH1-Dispenser] FF
[T+9725551180us][CH2-Pc    ] FF
[T+9725563309us][CH1-Dispenser] E9
[T+9725563181us][CH2-Pc    ] E9
[T+9725576315us][CH1-Dispenser] FE
[T+9725576180us][CH2-Pc    ] FE
[T+9725589325us][CH1-Dispenser] E0
[T+9725589185us][CH2-Pc    ] E0
[T+9725601184us][CH1-Dispenser] E1
[T+9725601320us][CH2-Pc    ] E1
[T+9725615314us][CH1-Dispenser] E0
[T+9725615181us][CH2-Pc    ] E0
[T+9725627312us][CH1-Dispenser] FB
[T+9725627180us][CH2-Pc    ] FB
[T+9725639316us][CH1-Dispenser] EE
[T+9725639181us][CH2-Pc    ] EE
[T+9725652180us][CH2-Pc    ] F0
[T+9725680180us][CH1-Dispenser] F0 BA B0 B3 B2 B0 B1 B0 B0 B0 B0 B1 B1 B1 B1 B2 C1 B9 8D 8A
[T+9725744180us][CH2-Pc    ] 03
[T+9725749834us][CH1-Dispenser] 03 93
[T+9725771180us][CH2-Pc    ] 63
[T+9725784180us][CH1-Dispenser] 63 E7 E0 E7 E5 E0 E0
[T+9725858180us][CH2-Pc    ] 04
[T+9725863814us][CH1-Dispenser] 04 64
[T+9725958180us][CH1-Dispenser] 05
[T+9725958316us][CH2-Pc    ] 05
[T+9726133316us][CH1-Dispenser] 06
[T+9726133180us][CH2-Pc    ] 06
[T+9726297180us][CH2-Pc    ] 01
[T+9726303204us][CH1-Dispenser] 01 61
[T+9726375204us][CH2-Pc    ] 02
[T+9726383181us][CH1-Dispenser] 02 72
[T+9726402180us][CH2-Pc    ] 22
[T+9726408858us][CH1-Dispenser] 22 D2
[T+9726424314us][CH1-Dispenser] FF
[T+9726424181us][CH2-Pc    ] FF
[T+9726437317us][CH1-Dispenser] E9
[T+9726437181us][CH2-Pc    ] E9
[T+9726449313us][CH1-Dispenser] FE
[T+9726449181us][CH2-Pc    ] FE
[T+9726462314us][CH1-Dispenser] E0
[T+9726462180us][CH2-Pc    ] E0
[T+9726475319us][CH1-Dispenser] E1
[T+9726475183us][CH2-Pc    ] E1
[T+9726487314us][CH1-Dispenser] E0
[T+9726487180us][CH2-Pc    ] E0
[T+9726500323us][CH1-Dispenser] FB
[T+9726500184us][CH2-Pc    ] FB
[T+9726521312us][CH1-Dispenser] EE
[T+9726521180us][CH2-Pc    ] EE
[T+9726537180us][CH2-Pc    ] F0
[T+9726564205us][CH1-Dispenser] F0 BA B0 B3 B2 B0 B1 B0 B0 B0 B0 B1 B1 B1 B1 B2 C1 B9 8D 8A
[T+9726629180us][CH2-Pc    ] 03
[T+9726633179us][CH1-Dispenser] 03 93
[T+9726645205us][CH2-Pc    ] 63
[T+9726660180us][CH1-Dispenser] 63 E2 E7 E2 E6 E0 E0
[T+9726723205us][CH2-Pc    ] 04
[T+9726729204us][CH1-Dispenser] 04 64
[T+9726801180us][CH1-Dispenser] 05
[T+9726802179us][CH2-Pc    ] 05
[T+9726976180us][CH1-Dispenser] 06
[T+9726976315us][CH2-Pc    ] 06
[T+9727141204us][CH2-Pc    ] 01
[T+9727148743us][CH1-Dispenser] 01 61
[T+9727219180us][CH2-Pc    ] 02
[T+9727228204us][CH1-Dispenser] 02 72
[T+9727246204us][CH2-Pc    ] 22
[T+9727253180us][CH1-Dispenser] 22 D2
[T+9727267316us][CH1-Dispenser] FF
[T+9727267181us][CH2-Pc    ] FF
[T+9727280313us][CH1-Dispenser] E9
[T+9727280180us][CH2-Pc    ] E9
[T+9727293310us][CH1-Dispenser] FE
[T+9727293180us][CH2-Pc    ] FE
[T+9727305318us][CH1-Dispenser] E0
[T+9727305184us][CH2-Pc    ] E0
[T+9727318320us][CH1-Dispenser] E1
[T+9727318183us][CH2-Pc    ] E1
[T+9727331326us][CH1-Dispenser] E0
[T+9727331184us][CH2-Pc    ] E0
[T+9727354314us][CH1-Dispenser] FB
[T+9727354180us][CH2-Pc    ] FB
[T+9727366181us][CH1-Dispenser] EE
[T+9727366316us][CH2-Pc    ] EE
[T+9727379180us][CH2-Pc    ] F0
[T+9727409205us][CH1-Dispenser] F0 BA B0 B3 B2 B0 B1 B0 B0 B0 B0 B1 B1 B1 B1 B2 C1 B9 8D 8A
[T+9727425181us][CH2-Pc    ] 22
[T+9727431627us][CH1-Dispenser] 22 D2
[T+9727446180us][CH1-Dispenser] FF
[T+9727446315us][CH2-Pc    ] FF
[T+9727459315us][CH1-Dispenser] E5
[T+9727459180us][CH2-Pc    ] E5
[T+9727472179us][CH1-Dispenser] F4
[T+9727471182us][CH2-Pc    ] F4
[T+9727484180us][CH1-Dispenser] F6
[T+9727484313us][CH2-Pc    ] F6
[T+9727497392us][CH1-Dispenser] E1
[T+9727497251us][CH2-Pc    ] E1
[T+9727509314us][CH1-Dispenser] F7
[T+9727509180us][CH2-Pc    ] F7
[T+9727522314us][CH1-Dispenser] E0
[T+9727522180us][CH2-Pc    ] E0
[T+9727535319us][CH1-Dispenser] E0
[T+9727535183us][CH2-Pc    ] E0
[T+9727548180us][CH1-Dispenser] E1
[T+9727548313us][CH2-Pc    ] E1
[T+9727560187us][CH1-Dispenser] E1
[T+9727560327us][CH2-Pc    ] E1
[T+9727573322us][CH1-Dispenser] FB
[T+9727573186us][CH2-Pc    ] FB
[T+9727586316us][CH1-Dispenser] ED
[T+9727586180us][CH2-Pc    ] ED
[T+9727598180us][CH1-Dispenser] F0
[T+9727598314us][CH2-Pc    ] F0
[T+9727696180us][CH2-Pc    ] 02
[T+9727702219us][CH1-Dispenser] 02 72
[T+9727723204us][CH2-Pc    ] 22
[T+9727732212us][CH1-Dispenser] 22 D2
[T+9727745316us][CH1-Dispenser] FF
[T+9727745181us][CH2-Pc    ] FF
[T+9727757314us][CH1-Dispenser] E5
[T+9727757180us][CH2-Pc    ] E5
[T+9727770311us][CH1-Dispenser] F2
[T+9727770180us][CH2-Pc    ] F2
[T+9727783391us][CH1-Dispenser] F8
[T+9727783253us][CH2-Pc    ] F8
[T+9727796327us][CH1-Dispenser] E0
[T+9727796188us][CH2-Pc    ] E0
[T+9727808313us][CH1-Dispenser] E0
[T+9727808180us][CH2-Pc    ] E0
[T+9727821313us][CH1-Dispenser] E0
[T+9727821180us][CH2-Pc    ] E0
[T+9727834313us][CH1-Dispenser] E0
[T+9727834180us][CH2-Pc    ] E0
[T+9727846319us][CH1-Dispenser] E0
[T+9727846184us][CH2-Pc    ] E0
[T+9727859323us][CH1-Dispenser] E0
[T+9727859184us][CH2-Pc    ] E0
[T+9727872316us][CH1-Dispenser] FB
[T+9727872181us][CH2-Pc    ] FB
[T+9727884315us][CH1-Dispenser] E7
[T+9727884181us][CH2-Pc    ] E7
[T+9727897180us][CH1-Dispenser] F0
[T+9727897311us][CH2-Pc    ] F0
[T+9727986181us][CH2-Pc    ] 02
[T+9727992203us][CH1-Dispenser] 02 72
[T+9728013180us][CH1-Dispenser] 12
[T+9728013315us][CH2-Pc    ] 12
[T+9728100206us][CH2-Pc    ] 02
[T+9728107179us][CH1-Dispenser] 02 92
[T+9728178182us][CH2-Pc    ] 03
[T+9728183179us][CH1-Dispenser] 03 93
[T+9728196180us][CH2-Pc    ] 63
[T+9728210187us][CH1-Dispenser] 63 E9 E7 E3 E7 E0 E0
[T+9728329180us][CH2-Pc    ] 04
[T+9728333179us][CH1-Dispenser] 04 64
[T+9728396182us][CH1-Dispenser] 05
[T+9728396319us][CH2-Pc    ] 05
[T+9728571181us][CH1-Dispenser] 06
[T+9728571318us][CH2-Pc    ] 06
[T+9728735180us][CH2-Pc    ] 01
[T+9728743229us][CH1-Dispenser] 01 61
[T+9728813180us][CH2-Pc    ] 02
[T+9728822184us][CH1-Dispenser] 02 92
[T+9729403180us][CH2-Pc    ] 03
[T+9729409203us][CH1-Dispenser] 03 93
[T+9729430204us][CH2-Pc    ] 63
[T+9729445204us][CH1-Dispenser] 63 E8 E3 E2 E8 E0 E0
[T+9729508205us][CH2-Pc    ] 04
[T+9729514203us][CH1-Dispenser] 04 64
[T+9729587315us][CH1-Dispenser] 05
[T+9729587181us][CH2-Pc    ] 05
[T+9729751181us][CH1-Dispenser] 06
[T+9729751316us][CH2-Pc    ] 06
[T+9729925204us][CH2-Pc    ] 01
[T+9729932838us][CH1-Dispenser] 01 61
[T+9730004204us][CH2-Pc    ] 02
[T+9730013211us][CH1-Dispenser] 02 92
[T+9730031204us][CH2-Pc    ] 62
[T+9730044180us][CH1-Dispenser] 62 E0 E0 E0 E0 E0 E0
[T+9730109180us][CH2-Pc    ] 03
[T+9730119181us][CH1-Dispenser] 03 93
[T+9730136180us][CH2-Pc    ] 63
[T+9730150180us][CH1-Dispenser] 63 E4 E2 E7 E8 E0 E0
[T+9730214180us][CH2-Pc    ] 04
[T+9730224180us][CH1-Dispenser] 04 64
[T+9730293316us][CH1-Dispenser] 05
[T+9730293181us][CH2-Pc    ] 05
[T+9730515315us][CH1-Dispenser] 06
[T+9730515181us][CH2-Pc    ] 06
[T+9730690180us][CH2-Pc    ] 01
[T+9730697179us][CH1-Dispenser] 01 61
[T+9730768180us][CH2-Pc    ] 02
[T+9730778181us][CH1-Dispenser] 02 92
[T+9730796205us][CH2-Pc    ] 62
[T+9730809180us][CH1-Dispenser] 62 E0 E0 E0 E0 E0 E0
[T+9730874180us][CH2-Pc    ] 03
[T+9730878179us][CH1-Dispenser] 03 93
[T+9730901180us][CH2-Pc    ] 63
[T+9730916204us][CH1-Dispenser] 63 E9 E8 E2 E9 E0 E0
[T+9730990180us][CH2-Pc    ] 04
[T+9730998785us][CH1-Dispenser] 04 64
[T+9731071180us][CH1-Dispenser] 05
[T+9731071315us][CH2-Pc    ] 05
[T+9731237315us][CH1-Dispenser] 06
[T+9731237181us][CH2-Pc    ] 06
[T+9731418180us][CH2-Pc    ] 01
[T+9731422179us][CH1-Dispenser] 01 61
[T+9731486180us][CH2-Pc    ] 02
[T+9731492816us][CH1-Dispenser] 02 92
[T+9731513315us][CH1-Dispenser] 62
[T+9731513181us][CH2-Pc    ] 62
[T+9731532180us][CH1-Dispenser] E0 E0 E0 E0 E0 E0
[T+9731618180us][CH2-Pc    ] 03
[T+9731623790us][CH1-Dispenser] 03 93
[T+9731645180us][CH2-Pc    ] 63
[T+9731659180us][CH1-Dispenser] 63 E1 E3 E8 E9 E0 E0
[T+9731723180us][CH2-Pc    ] 04
[T+9731728188us][CH1-Dispenser] 04 64
[T+9731794180us][CH1-Dispenser] 05
[T+9731794314us][CH2-Pc    ] 05
[T+9731968181us][CH1-Dispenser] 06
[T+9731968318us][CH2-Pc    ] 06
[T+9732143180us][CH2-Pc    ] 01
[T+9732148179us][CH1-Dispenser] 01 61
[T+9732221180us][CH2-Pc    ] 02
[T+9732230204us][CH1-Dispenser] 02 92
[T+9732249180us][CH2-Pc    ] 62
[T+9732264205us][CH1-Dispenser] 62 E3 E5 E2 E0 E0 E0
[T+9732339204us][CH2-Pc    ] 03
[T+9732344179us][CH1-Dispenser] 03 93
[T+9732366180us][CH2-Pc    ] 63
[T+9732381204us][CH1-Dispenser] 63 E2 E6 E3 E0 E1 E0
[T+9732444204us][CH2-Pc    ] 04
[T+9732449179us][CH1-Dispenser] 04 64
[T+9732522180us][CH1-Dispenser] 05
[T+9732522315us][CH2-Pc    ] 05
[T+9732697180us][CH1-Dispenser] 06
[T+9732697321us][CH2-Pc    ] 06
[T+9732863180us][CH2-Pc    ] 01
[T+9732868187us][CH1-Dispenser] 01 61
[T+9732941180us][CH2-Pc    ] 02
[T+9732947203us][CH1-Dispenser] 02 92
[T+9732968204us][CH2-Pc    ] 62
[T+9732985180us][CH1-Dispenser] 62 E6 E8 E2 E0 E0 E0
[T+9733057204us][CH2-Pc    ] 03
[T+9733064180us][CH1-Dispenser] 03 93
[T+9733085180us][CH2-Pc    ] 63
[T+9733100204us][CH1-Dispenser] 63 E9 E5 E8 E0 E1 E0
[T+9733174180us][CH2-Pc    ] 04
[T+9733180203us][CH1-Dispenser] 04 64
[T+9733252314us][CH1-Dispenser] 05
[T+9733252180us][CH2-Pc    ] 05
[T+9733427181us][CH1-Dispenser] 06
[T+9733427316us][CH2-Pc    ] 06
[T+9733603180us][CH2-Pc    ] 01
[T+9733609814us][CH1-Dispenser] 01 61
[T+9733681205us][CH2-Pc    ] 02
[T+9733688761us][CH1-Dispenser] 02 92
[T+9733709204us][CH2-Pc    ] 62
[T+9733723180us][CH1-Dispenser] 62 E2 E6 E4 E0 E0 E0
[T+9733822244us][CH2-Pc    ] 03
[T+9733829179us][CH1-Dispenser] 03 93
[T+9733849180us][CH2-Pc    ] 63
[T+9733860180us][CH1-Dispenser] 63 E3 E1 E4 E1 E1 E0
[T+9733927180us][CH2-Pc    ] 04
[T+9733934794us][CH1-Dispenser] 04 64
[T+9734005180us][CH1-Dispenser] 05
[T+9734006180us][CH2-Pc    ] 05
[T+9734174180us][CH1-Dispenser] 06
[T+9734174315us][CH2-Pc    ] 06
[T+9734352179us][CH1-Dispenser] 01 61
[T+9734348205us][CH2-Pc    ] 01
[T+9734417180us][CH2-Pc    ] 02
[T+9734422179us][CH1-Dispenser] 02 92
[T+9734444180us][CH2-Pc    ] 62
[T+9734461180us][CH1-Dispenser] 62 E1 E7 E6 E0 E0 E0
[T+9734533204us][CH2-Pc    ] 03
[T+9734541183us][CH1-Dispenser] 03 93
[T+9734560314us][CH1-Dispenser] 63
[T+9734560180us][CH2-Pc    ] 63
[T+9734579180us][CH1-Dispenser] E2 E2 E9 E1 E1 E0
[T+9734649321us][CH2-Pc    ] 04
[T+9734653179us][CH1-Dispenser] 04 64
[T+9734716180us][CH1-Dispenser] 05
[T+9734716315us][CH2-Pc    ] 05
[T+9734890181us][CH1-Dispenser] 06
[T+9734890315us][CH2-Pc    ] 06
[T+9735065180us][CH2-Pc    ] 01
[T+9735074213us][CH1-Dispenser] 01 61
[T+9735143204us][CH2-Pc    ] 02
[T+9735147179us][CH1-Dispenser] 02 92
[T+9735160180us][CH2-Pc    ] 62
[T+9735175204us][CH1-Dispenser] 62 E2 E0 E9 E0 E0 E0
[T+9735240180us][CH2-Pc    ] 03
[T+9735250181us][CH1-Dispenser] 03 93
[T+9735267180us][CH2-Pc    ] 63
[T+9735280180us][CH1-Dispenser] 63 E7 E0 E4 E2 E1 E0
[T+9735348180us][CH2-Pc    ] 04
[T+9735356882us][CH1-Dispenser] 04 64
[T+9735426315us][CH1-Dispenser] 05
[T+9735426180us][CH2-Pc    ] 05
[T+9735597181us][CH1-Dispenser] 06
[T+9735597316us][CH2-Pc    ] 06
[T+9735773180us][CH2-Pc    ] 01
[T+9735779219us][CH1-Dispenser] 01 61
[T+9735852180us][CH2-Pc    ] 02
[T+9735858203us][CH1-Dispenser] 02 92
[T+9735879204us][CH2-Pc    ] 62
[T+9735896180us][CH1-Dispenser] 62 E9 E9 E1 E1 E0 E0
[T+9735991180us][CH2-Pc    ] 03
[T+9736000218us][CH1-Dispenser] 03 93
[T+9736018204us][CH2-Pc    ] 63
[T+9736031180us][CH1-Dispenser] 63 E0 E5 E9 E2 E1 E0
[T+9736097204us][CH2-Pc    ] 04
[T+9736103819us][CH1-Dispenser] 04 64
[T+9736175180us][CH1-Dispenser] 05
[T+9736175507us][CH2-Pc    ] 05
[T+9736350319us][CH1-Dispenser] 06
[T+9736350180us][CH2-Pc    ] 06
[T+9736517180us][CH2-Pc    ] 01
[T+9736523203us][CH1-Dispenser] 01 61
[T+9736596180us][CH2-Pc    ] 02
[T+9736603180us][CH1-Dispenser] 02 92
[T+9736624326us][CH1-Dispenser] 62
[T+9736624183us][CH2-Pc    ] 62
[T+9736643181us][CH1-Dispenser] E2 E6 E5 E1 E0 E0
[T+9736714180us][CH2-Pc    ] 03
[T+9736719179us][CH1-Dispenser] 03 93
[T+9736741180us][CH2-Pc    ] 63
[T+9736757180us][CH1-Dispenser] 63 E0 E7 E4 E3 E1 E0
[T+9736831180us][CH2-Pc    ] 04
[T+9736839180us][CH1-Dispenser] 04 64
[T+9736909181us][CH1-Dispenser] 05
[T+9736909316us][CH2-Pc    ] 05
[T+9737084318us][CH1-Dispenser] 06
[T+9737084180us][CH2-Pc    ] 06
[T+9737259180us][CH2-Pc    ] 01
[T+9737268205us][CH1-Dispenser] 01 61
[T+9737338180us][CH2-Pc    ] 02
[T+9737344204us][CH1-Dispenser] 02 92
[T+9737365205us][CH2-Pc    ] 62
[T+9737380204us][CH1-Dispenser] 62 E5 E2 E9 E1 E0 E0
[T+9737455204us][CH2-Pc    ] 03
[T+9737461188us][CH1-Dispenser] 03 93
[T+9737482204us][CH2-Pc    ] 63
[T+9737495180us][CH1-Dispenser] 63 E3 E2 E0 E4 E1 E0
[T+9737560180us][CH2-Pc    ] 04
[T+9737569218us][CH1-Dispenser] 04 64
[T+9737638316us][CH1-Dispenser] 05
[T+9737638180us][CH2-Pc    ] 05
[T+9737813180us][CH1-Dispenser] 06
[T+9737813316us][CH2-Pc    ] 06
[T+9737989180us][CH2-Pc    ] 01
[T+9737999181us][CH1-Dispenser] 01 61
[T+9738067180us][CH2-Pc    ] 02
[T+9738072179us][CH1-Dispenser] 02 92
[T+9738094180us][CH2-Pc    ] 62
[T+9738109204us][CH1-Dispenser] 62 E1 E2 E3 E2 E0 E0
[T+9738173180us][CH2-Pc    ] 03
[T+9738182204us][CH1-Dispenser] 03 93
[T+9738200204us][CH2-Pc    ] 63
[T+9738211180us][CH1-Dispenser] 63 E4 E5 E5 E4 E1 E0
[T+9738285180us][CH2-Pc    ] 04
[T+9738294212us][CH1-Dispenser] 04 64
[T+9738389181us][CH1-Dispenser] 05
[T+9738389315us][CH2-Pc    ] 05
[T+9738564181us][CH1-Dispenser] 06
[T+9738564314us][CH2-Pc    ] 06
[T+9738739180us][CH2-Pc    ] 01
[T+9738749425us][CH1-Dispenser] 01 61
[T+9738817180us][CH2-Pc    ] 02
[T+9738824748us][CH1-Dispenser] 02 92
[T+9738844180us][CH2-Pc    ] 62
[T+9738859204us][CH1-Dispenser] 62 E8 E2 E7 E2 E0 E0
[T+9738922204us][CH2-Pc    ] 03
[T+9738928798us][CH1-Dispenser] 03 93
[T+9738951180us][CH2-Pc    ] 63
[T+9738966204us][CH1-Dispenser] 63 E8 E0 E1 E5 E1 E0
[T+9739040180us][CH2-Pc    ] 04
[T+9739050181us][CH1-Dispenser] 04 64
[T+9739120180us][CH1-Dispenser] 05
[T+9739120316us][CH2-Pc    ] 05
[T+9739302318us][CH1-Dispenser] 06
[T+9739302180us][CH2-Pc    ] 06
[T+9739477180us][CH2-Pc    ] 01
[T+9739483835us][CH1-Dispenser] 01 61
[T+9739555210us][CH2-Pc    ] 02
[T+9739564207us][CH1-Dispenser] 02 92
[T+9739582204us][CH2-Pc    ] 62
[T+9739595180us][CH1-Dispenser] 62 E8 E6 E1 E3 E0 E0
[T+9739664204us][CH2-Pc    ] 03
[T+9739670188us][CH1-Dispenser] 03 93
[T+9739691204us][CH2-Pc    ] 63
[T+9739706204us][CH1-Dispenser] 63 E2 E6 E6 E5 E1 E0
[T+9739784179us][CH1-Dispenser] 04 64
[T+9739780180us][CH2-Pc    ] 04
[T+9739849180us][CH1-Dispenser] 05
[T+9739849313us][CH2-Pc    ] 05
[T+9740016180us][CH1-Dispenser] 06
[T+9740016315us][CH2-Pc    ] 06
[T+9740193204us][CH2-Pc    ] 01
[T+9740199475us][CH1-Dispenser] 01 61
[T+9740271204us][CH2-Pc    ] 02
[T+9740278179us][CH1-Dispenser] 02 92
[T+9740298180us][CH2-Pc    ] 62
[T+9740309185us][CH1-Dispenser] 62 E6 E8 E5 E3 E0 E0
[T+9740377180us][CH2-Pc    ] 03
[T+9740384180us][CH1-Dispenser] 03 93
[T+9740404180us][CH2-Pc    ] 63
[T+9740416204us][CH1-Dispenser] 63 E8 E4 E1 E6 E1 E0
[T+9740485204us][CH2-Pc    ] 04
[T+9740494405us][CH1-Dispenser] 04 64
[T+9740565313us][CH1-Dispenser] 05
[T+9740565180us][CH2-Pc    ] 05
[T+9740740323us][CH1-Dispenser] 06
[T+9740740182us][CH2-Pc    ] 06
[T+9740916180us][CH2-Pc    ] 01
[T+9740923179us][CH1-Dispenser] 01 61
[T+9740997207us][CH1-Dispenser] 02 92
[T+9740994180us][CH2-Pc    ] 02
[T+9741010180us][CH2-Pc    ] 62
[T+9741025205us][CH1-Dispenser] 62 E6 E2 E0 E4 E0 E0
[T+9741089180us][CH2-Pc    ] 03
[T+9741094179us][CH1-Dispenser] 03 93
[T+9741118204us][CH2-Pc    ] 63
[T+9741130204us][CH1-Dispenser] 63 E9 E7 E6 E6 E1 E0
[T+9741196207us][CH2-Pc    ] 04
[T+9741205181us][CH1-Dispenser] 04 64
[T+9741274315us][CH1-Dispenser] 05
[T+9741274181us][CH2-Pc    ] 05
[T+9741438181us][CH1-Dispenser] 06
[T+9741438318us][CH2-Pc    ] 06
[T+9741613180us][CH2-Pc    ] 01
[T+9741618179us][CH1-Dispenser] 01 61
[T+9741691180us][CH2-Pc    ] 02
[T+9741699751us][CH1-Dispenser] 02 92
[T+9741718180us][CH2-Pc    ] 62
[T+9741730213us][CH1-Dispenser] 62 E4 E4 E4 E4 E0 E0
[T+9741797180us][CH2-Pc    ] 03
[T+9741807312us][CH1-Dispenser] 03 93
[T+9741824180us][CH2-Pc    ] 63
[T+9741836204us][CH1-Dispenser] 63 E7 E8 E1 E7 E1 E0
[T+9741902205us][CH2-Pc    ] 04
[T+9741910180us][CH1-Dispenser] 04 64
[T+9741980180us][CH1-Dispenser] 05
[T+9741980315us][CH2-Pc    ] 05
[T+9742166181us][CH1-Dispenser] 06
[T+9742166320us][CH2-Pc    ] 06
[T+9742330180us][CH2-Pc    ] 01
[T+9742337181us][CH1-Dispenser] 01 61
[T+9742417180us][CH2-Pc    ] 02
[T+9742424180us][CH1-Dispenser] 02 92
[T+9742444180us][CH2-Pc    ] 62
[T+9742455180us][CH1-Dispenser] 62 E4 E8 E8 E4 E0 E0
[T+9742522180us][CH2-Pc    ] 03
[T+9742530802us][CH1-Dispenser] 03 93
[T+9742549180us][CH2-Pc    ] 63
[T+9742560185us][CH1-Dispenser] 63 E8 E1 E7 E7 E1 E0
[T+9742627181us][CH2-Pc    ] 04
[T+9742635187us][CH1-Dispenser] 04 64
[T+9742707180us][CH1-Dispenser] 05
[T+9742707315us][CH2-Pc    ] 05
[T+9742881319us][CH1-Dispenser] 06
[T+9742881180us][CH2-Pc    ] 06
[T+9743047180us][CH2-Pc    ] 01
[T+9743055181us][CH1-Dispenser] 01 61
[T+9743125180us][CH2-Pc    ] 02
[T+9743134218us][CH1-Dispenser] 02 92
[T+9743153180us][CH2-Pc    ] 62
[T+9743165205us][CH1-Dispenser] 62 E4 E2 E3 E5 E0 E0
[T+9743233180us][CH2-Pc    ] 03
[T+9743240181us][CH1-Dispenser] 03 93
[T+9743260180us][CH2-Pc    ] 63
[T+9743276180us][CH1-Dispenser] 63 E0 E5 E2 E8 E1 E0
[T+9743349180us][CH2-Pc    ] 04
[T+9743354179us][CH1-Dispenser] 04 64
[T+9743427181us][CH1-Dispenser] 05
[T+9743427315us][CH2-Pc    ] 05
[T+9743593317us][CH1-Dispenser] 06
[T+9743593180us][CH2-Pc    ] 06
[T+9743769180us][CH2-Pc    ] 01
[T+9743780180us][CH1-Dispenser] 01 61
[T+9743851180us][CH2-Pc    ] 02
[T+9743857224us][CH1-Dispenser] 02 92
[T+9743878204us][CH2-Pc    ] 62
[T+9743890204us][CH1-Dispenser] 62 E7 E9 E7 E5 E0 E0
[T+9743956205us][CH2-Pc    ] 03
[T+9743965218us][CH1-Dispenser] 03 93
[T+9743984180us][CH2-Pc    ] 63
[T+9743996206us][CH1-Dispenser] 63 E3 E0 E8 E8 E1 E0
[T+9744064180us][CH2-Pc    ] 04
[T+9744070218us][CH1-Dispenser] 04 64
[T+9744142180us][CH1-Dispenser] 05
[T+9744142314us][CH2-Pc    ] 05
[T+9744317181us][CH1-Dispenser] 06
[T+9744317314us][CH2-Pc    ] 06
[T+9744492180us][CH2-Pc    ] 01
[T+9744498203us][CH1-Dispenser] 01 61
[T+9744571180us][CH2-Pc    ] 02
[T+9744579180us][CH1-Dispenser] 02 92
[T+9744598180us][CH2-Pc    ] 62
[T+9744610204us][CH1-Dispenser] 62 E9 E5 E2 E6 E0 E0
[T+9744678180us][CH2-Pc    ] 03
[T+9744685179us][CH1-Dispenser] 03 93
[T+9744705311us][CH1-Dispenser] 63
[T+9744705180us][CH2-Pc    ] 63
[T+9744724180us][CH1-Dispenser] E2 E1 E3 E9 E1 E0
[T+9744799204us][CH2-Pc    ] 04
[T+9744804179us][CH1-Dispenser] 04 64
[T+9744877314us][CH1-Dispenser] 05
[T+9744877180us][CH2-Pc    ] 05
[T+9745052181us][CH1-Dispenser] 06
[T+9745052318us][CH2-Pc    ] 06
[T+9745228180us][CH2-Pc    ] 01
[T+9745233779us][CH1-Dispenser] 01 61
[T+9745306180us][CH2-Pc    ] 02
[T+9745315182us][CH1-Dispenser] 02 92
[T+9745333205us][CH2-Pc    ] 62
[T+9745345204us][CH1-Dispenser] 62 E1 E2 E7 E6 E0 E0
[T+9745412180us][CH2-Pc    ] 03
[T+9745420188us][CH1-Dispenser] 03 93
[T+9745439180us][CH2-Pc    ] 63
[T+9745453180us][CH1-Dispenser] 63 E4 E5 E8 E9 E1 E0
[T+9745518180us][CH2-Pc    ] 04
[T+9745526180us][CH1-Dispenser] 04 64
[T+9745596274us][CH1-Dispenser] 05
[T+9745596410us][CH2-Pc    ] 05
[T+9745771317us][CH1-Dispenser] 06
[T+9745771181us][CH2-Pc    ] 06
[T+9745937180us][CH2-Pc    ] 01
[T+9745944179us][CH1-Dispenser] 01 61
[T+9746015180us][CH2-Pc    ] 02
[T+9746023187us][CH1-Dispenser] 02 92
[T+9746042180us][CH2-Pc    ] 62
[T+9746056180us][CH1-Dispenser] 62 E3 E8 E1 E7 E0 E0
[T+9746120180us][CH2-Pc    ] 03
[T+9746129205us][CH1-Dispenser] 03 93
[T+9746148180us][CH2-Pc    ] 63
[T+9746162180us][CH1-Dispenser] 63 E0 E3 E4 E0 E2 E0
[T+9746227180us][CH2-Pc    ] 04
[T+9746238185us][CH1-Dispenser] 04 64
[T+9746305180us][CH1-Dispenser] 05
[T+9746305315us][CH2-Pc    ] 05
[T+9746469180us][CH1-Dispenser] 06
[T+9746469316us][CH2-Pc    ] 06
[T+9746644180us][CH2-Pc    ] 01
[T+9746649316us][CH1-Dispenser] 01 61
[T+9746722303us][CH2-Pc    ] 02
[T+9746728824us][CH1-Dispenser] 02 92
[T+9746749204us][CH2-Pc    ] 62
[T+9746765180us][CH1-Dispenser] 62 E6 E5 E6 E7 E0 E0
[T+9746838180us][CH2-Pc    ] 03
[T+9746845246us][CH1-Dispenser] 03 93
[T+9746866204us][CH2-Pc    ] 63
[T+9746881204us][CH1-Dispenser] 63 E4 E8 E9 E0 E2 E0
[T+9746954180us][CH2-Pc    ] 04
[T+9746959179us][CH1-Dispenser] 04 64
[T+9747033180us][CH1-Dispenser] 05
[T+9747033317us][CH2-Pc    ] 05
[T+9747207180us][CH1-Dispenser] 06
[T+9747207316us][CH2-Pc    ] 06
[T+9747384204us][CH2-Pc    ] 01
[T+9747388179us][CH1-Dispenser] 01 61
[T+9747462180us][CH2-Pc    ] 02
[T+9747468218us][CH1-Dispenser] 02 92
[T+9747490180us][CH2-Pc    ] 62
[T+9747506180us][CH1-Dispenser] 62 E8 E1 E1 E8 E0 E0
[T+9747578204us][CH2-Pc    ] 03
[T+9747586255us][CH1-Dispenser] 03 93
[T+9747606180us][CH2-Pc    ] 63
[T+9747621204us][CH1-Dispenser] 63 E3 E8 E5 E1 E2 E0
[T+9747696204us][CH2-Pc    ] 04
[T+9747704757us][CH1-Dispenser] 04 64
[T+9747774181us][CH1-Dispenser] 05
[T+9747774316us][CH2-Pc    ] 05
[T+9747947181us][CH1-Dispenser] 06
[T+9747947316us][CH2-Pc    ] 06
[T+9748115180us][CH2-Pc    ] 01
[T+9748124241us][CH1-Dispenser] 01 61
[T+9748195180us][CH2-Pc    ] 02
[T+9748203180us][CH1-Dispenser] 02 92
[T+9748222180us][CH2-Pc    ] 62
[T+9748236180us][CH1-Dispenser] 62 E5 E3 E6 E8 E0 E0
[T+9748302204us][CH2-Pc    ] 03
[T+9748311218us][CH1-Dispenser] 03 93
[T+9748330180us][CH2-Pc    ] 63
[T+9748342204us][CH1-Dispenser] 63 E7 E3 E1 E2 E2 E0
[T+9748420180us][CH2-Pc    ] 04
[T+9748427179us][CH1-Dispenser] 04 64
[T+9748497180us][CH1-Dispenser] 05
[T+9748497316us][CH2-Pc    ] 05
[T+9748673322us][CH1-Dispenser] 06
[T+9748673181us][CH2-Pc    ] 06
[T+9748849180us][CH2-Pc    ] 01
[T+9748855204us][CH1-Dispenser] 01 61
[T+9748927207us][CH2-Pc    ] 02
[T+9748934180us][CH1-Dispenser] 02 92
[T+9748954180us][CH2-Pc    ] 62
[T+9748968180us][CH1-Dispenser] 62 E8 E0 E1 E9 E0 E0
[T+9749033180us][CH2-Pc    ] 03
[T+9749040181us][CH1-Dispenser] 03 93
[T+9749061204us][CH2-Pc    ] 63
[T+9749078180us][CH1-Dispenser] 63 E6 E3 E7 E2 E2 E0
[T+9749150205us][CH2-Pc    ] 04
[T+9749156765us][CH1-Dispenser] 04 64
[T+9749228180us][CH1-Dispenser] 05
[T+9749228314us][CH2-Pc    ] 05
[T+9749392180us][CH1-Dispenser] 06
[T+9749392316us][CH2-Pc    ] 06
[T+9749567180us][CH2-Pc    ] 01
[T+9749574789us][CH1-Dispenser] 01 61
[T+9749645180us][CH2-Pc    ] 02
[T+9749654210us][CH1-Dispenser] 02 92
[T+9749672204us][CH2-Pc    ] 62
[T+9749686180us][CH1-Dispenser] 62 E0 E7 E5 E9 E0 E0
[T+9749752204us][CH2-Pc    ] 03
[T+9749759179us][CH1-Dispenser] 03 93
[T+9749781180us][CH2-Pc    ] 63
[T+9749795181us][CH1-Dispenser] 63 E2 E1 E3 E3 E2 E0
[T+9749862180us][CH2-Pc    ] 04
[T+9749872181us][CH1-Dispenser] 04 64
[T+9749940315us][CH1-Dispenser] 05
[T+9749940181us][CH2-Pc    ] 05
[T+9750115180us][CH1-Dispenser] 06
[T+9750115318us][CH2-Pc    ] 06
[T+9750290180us][CH2-Pc    ] 01
[T+9750301180us][CH1-Dispenser] 01 61
[T+9750379204us][CH2-Pc    ] 02
[T+9750384187us][CH1-Dispenser] 02 92
[T+9750406310us][CH1-Dispenser] 62
[T+9750406180us][CH2-Pc    ] 62
[T+9750424180us][CH1-Dispenser] E6 E7 E0 E0 E1 E0
[T+9750495180us][CH2-Pc    ] 03
[T+9750500187us][CH1-Dispenser] 03 93
[T+9750523180us][CH2-Pc    ] 63
[T+9750537180us][CH1-Dispenser] 63 E6 E6 E8 E3 E2 E0
[T+9750603204us][CH2-Pc    ] 04
[T+9750609786us][CH1-Dispenser] 04 64
[T+9750681313us][CH1-Dispenser] 05
[T+9750681180us][CH2-Pc    ] 05
[T+9750845180us][CH1-Dispenser] 06
[T+9750845314us][CH2-Pc    ] 06
[T+9751020180us][CH2-Pc    ] 01
[T+9751029214us][CH1-Dispenser] 01 61
[T+9751098204us][CH2-Pc    ] 02
[T+9751103751us][CH1-Dispenser] 02 92
[T+9751125180us][CH2-Pc    ] 62
[T+9751140204us][CH1-Dispenser] 62 E0 E6 E5 E0 E1 E0
[T+9751204180us][CH2-Pc    ] 03
[T+9751211179us][CH1-Dispenser] 03 93
[T+9751232206us][CH2-Pc    ] 63
[T+9751247204us][CH1-Dispenser] 63 E7 E9 E3 E4 E2 E0
[T+9751321180us][CH2-Pc    ] 04
[T+9751332182us][CH1-Dispenser] 04 64
[T+9751400180us][CH1-Dispenser] 05
[T+9751400315us][CH2-Pc    ] 05
[T+9751570180us][CH1-Dispenser] 06
[T+9751570314us][CH2-Pc    ] 06
[T+9751735204us][CH2-Pc    ] 01
[T+9751744355us][CH1-Dispenser] 01 61
[T+9751814180us][CH2-Pc    ] 02
[T+9751821180us][CH1-Dispenser] 02 92
[T+9751841180us][CH2-Pc    ] 62
[T+9751856204us][CH1-Dispenser] 62 E4 E4 E0 E1 E1 E0
[T+9751921180us][CH2-Pc    ] 03
[T+9751931181us][CH1-Dispenser] 03 93
[T+9751950180us][CH2-Pc    ] 63
[T+9751961180us][CH1-Dispenser] 63 E8 E2 E9 E4 E2 E0
[T+9752029180us][CH2-Pc    ] 04
[T+9752035203us][CH1-Dispenser] 04 64
[T+9752108181us][CH1-Dispenser] 05
[T+9752108316us][CH2-Pc    ] 05
[T+9752283180us][CH1-Dispenser] 06
[T+9752283317us][CH2-Pc    ] 06
[T+9752486180us][CH2-Pc    ] 01
[T+9752496180us][CH1-Dispenser] 01 61
[T+9752568204us][CH2-Pc    ] 02
[T+9752573187us][CH1-Dispenser] 02 92
[T+9752595180us][CH2-Pc    ] 62
[T+9752609180us][CH1-Dispenser] 62 E0 E5 E5 E1 E1 E0
[T+9752675204us][CH2-Pc    ] 03
[T+9752681827us][CH1-Dispenser] 03 93
[T+9752702205us][CH2-Pc    ] 63
[T+9752717205us][CH1-Dispenser] 63 E3 E9 E4 E5 E2 E0
[T+9752786180us][CH2-Pc    ] 04
[T+9752789208us][CH1-Dispenser] 04 64
[T+9752853315us][CH1-Dispenser] 05
[T+9752853180us][CH2-Pc    ] 05
[T+9753018181us][CH1-Dispenser] 06
[T+9753018319us][CH2-Pc    ] 06
[T+9753193180us][CH2-Pc    ] 01
[T+9753201782us][CH1-Dispenser] 01 61
[T+9753272318us][CH1-Dispenser] 02
[T+9753272181us][CH2-Pc    ] 02
[T+9753284204us][CH1-Dispenser] 92
[T+9753299204us][CH2-Pc    ] 62
[T+9753311207us][CH1-Dispenser] 62 E4 E3 E0 E2 E1 E0
[T+9753380208us][CH2-Pc    ] 03
[T+9753386218us][CH1-Dispenser] 03 93
[T+9753407312us][CH1-Dispenser] 63
[T+9753407180us][CH2-Pc    ] 63
[T+9753426204us][CH1-Dispenser] E1 E0 E0 E6 E2 E0
[T+9753497180us][CH2-Pc    ] 04
[T+9753505788us][CH1-Dispenser] 04 64
[T+9753575180us][CH1-Dispenser] 05
[T+9753575313us][CH2-Pc    ] 05
[T+9753756180us][CH1-Dispenser] 06
[T+9753756320us][CH2-Pc    ] 06
[T+9753931180us][CH2-Pc    ] 01
[T+9753942181us][CH1-Dispenser] 01 61
[T+9754009180us][CH2-Pc    ] 02
[T+9754014794us][CH1-Dispenser] 02 92
[T+9754039180us][CH2-Pc    ] 62
[T+9754050181us][CH1-Dispenser] 62 E1 E5 E5 E2 E1 E0
[T+9754120180us][CH2-Pc    ] 03
[T+9754127179us][CH1-Dispenser] 03 93
[T+9754148205us][CH2-Pc    ] 63
[T+9754161180us][CH1-Dispenser] 63 E4 E4 E5 E6 E2 E0
[T+9754226180us][CH2-Pc    ] 04
[T+9754236181us][CH1-Dispenser] 04 64
[T+9754304180us][CH1-Dispenser] 05
[T+9754304316us][CH2-Pc    ] 05
[T+9754468315us][CH1-Dispenser] 06
[T+9754468180us][CH2-Pc    ] 06
[T+9754654204us][CH2-Pc    ] 01
[T+9754660218us][CH1-Dispenser] 01 61
[T+9754732204us][CH2-Pc    ] 02
[T+9754739180us][CH1-Dispenser] 02 92
[T+9754759180us][CH2-Pc    ] 62
[T+9754770180us][CH1-Dispenser] 62 E6 E4 E0 E3 E1 E0
[T+9754838180us][CH2-Pc    ] 03
[T+9754845780us][CH1-Dispenser] 03 93
[T+9754866209us][CH2-Pc    ] 63
[T+9754876181us][CH1-Dispenser] 63 E2 E5 E0 E7 E2 E0
[T+9754947180us][CH2-Pc    ] 04
[T+9754955188us][CH1-Dispenser] 04 64
[T+9755025314us][CH1-Dispenser] 05
[T+9755025181us][CH2-Pc    ] 05
[T+9755189181us][CH1-Dispenser] 06
[T+9755189318us][CH2-Pc    ] 06
[T+9755363204us][CH2-Pc    ] 01
[T+9755368179us][CH1-Dispenser] 01 61
[T+9755443204us][CH2-Pc    ] 02
[T+9755449820us][CH1-Dispenser] 02 92
[T+9755471180us][CH2-Pc    ] 62
[T+9755486204us][CH1-Dispenser] 62 E0 E3 E5 E3 E1 E0
[T+9755557180us][CH2-Pc    ] 03
[T+9755566204us][CH1-Dispenser] 03 93
[T+9755584205us][CH2-Pc    ] 63
[T+9755597180us][CH1-Dispenser] 63 E2 E7 E5 E7 E2 E0
[T+9755662180us][CH2-Pc    ] 04
[T+9755669180us][CH1-Dispenser] 04 64
[T+9755741314us][CH1-Dispenser] 05
[T+9755741180us][CH2-Pc    ] 05
[T+9755906315us][CH1-Dispenser] 06
[T+9755906182us][CH2-Pc    ] 06
[T+9756081180us][CH2-Pc    ] 01
[T+9756092180us][CH1-Dispenser] 01 61
[T+9756159180us][CH2-Pc    ] 02
[T+9756163179us][CH1-Dispenser] 02 92
[T+9756176180us][CH2-Pc    ] 62
[T+9756191212us][CH1-Dispenser] 62 E6 E3 E0 E4 E1 E0
[T+9756260204us][CH2-Pc    ] 03
[T+9756266821us][CH1-Dispenser] 03 93
[T+9756287205us][CH2-Pc    ] 63
[T+9756302204us][CH1-Dispenser] 63 E9 E6 E0 E8 E2 E0
[T+9756366180us][CH2-Pc    ] 04
[T+9756375181us][CH1-Dispenser] 04 64
[T+9756444180us][CH1-Dispenser] 05
[T+9756444313us][CH2-Pc    ] 05
[T+9756609180us][CH1-Dispenser] 06
[T+9756609314us][CH2-Pc    ] 06
[T+9756784205us][CH2-Pc    ] 01
[T+9756789179us][CH1-Dispenser] 01 61
[T+9756863180us][CH2-Pc    ] 02
[T+9756868179us][CH1-Dispenser] 02 92
[T+9756891187us][CH2-Pc    ] 62
[T+9756905180us][CH1-Dispenser] 62 E1 E3 E5 E4 E1 E0
[T+9756970180us][CH2-Pc    ] 03
[T+9756976203us][CH1-Dispenser] 03 93
[T+9756997204us][CH2-Pc    ] 63
[T+9757011180us][CH1-Dispenser] 63 E9 E8 E5 E8 E2 E0
[T+9757077204us][CH2-Pc    ] 04
[T+9757085185us][CH1-Dispenser] 04 64
[T+9757156180us][CH1-Dispenser] 05
[T+9757156315us][CH2-Pc    ] 05
[T+9757330315us][CH1-Dispenser] 06
[T+9757330181us][CH2-Pc    ] 06
[T+9757505180us][CH2-Pc    ] 01
[T+9757514205us][CH1-Dispenser] 01 61
[T+9757583205us][CH2-Pc    ] 02
[T+9757590179us][CH1-Dispenser] 02 92
[T+9757611183us][CH2-Pc    ] 62
[T+9757626204us][CH1-Dispenser] 62 E7 E3 E0 E5 E1 E0
[T+9757700180us][CH2-Pc    ] 03
[T+9757705789us][CH1-Dispenser] 03 93
[T+9757727180us][CH2-Pc    ] 63
[T+9757743180us][CH1-Dispenser] 63 E3 E4 E1 E9 E2 E0
[T+9757817180us][CH2-Pc    ] 04
[T+9757826249us][CH1-Dispenser] 04 64
[T+9757895181us][CH1-Dispenser] 05
[T+9757895317us][CH2-Pc    ] 05
[T+9758069314us][CH1-Dispenser] 06
[T+9758069180us][CH2-Pc    ] 06
[T+9758235180us][CH2-Pc    ] 01
[T+9758245180us][CH1-Dispenser] 01 61
[T+9758313187us][CH2-Pc    ] 02
[T+9758318187us][CH1-Dispenser] 02 92
[T+9758341180us][CH2-Pc    ] 62
[T+9758355180us][CH1-Dispenser] 62 E3 E4 E5 E5 E1 E0
[T+9758419180us][CH2-Pc    ] 03
[T+9758426798us][CH1-Dispenser] 03 93
[T+9758447204us][CH2-Pc    ] 63
[T+9758462204us][CH1-Dispenser] 63 E3 E6 E6 E9 E2 E0
[T+9758535180us][CH2-Pc    ] 04
[T+9758540790us][CH1-Dispenser] 04 64
[T+9758613317us][CH1-Dispenser] 05
[T+9758613181us][CH2-Pc    ] 05
[T+9758790316us][CH1-Dispenser] 06
[T+9758790181us][CH2-Pc    ] 06
[T+9758977180us][CH2-Pc    ] 01
[T+9758984180us][CH1-Dispenser] 01 61
[T+9759055180us][CH2-Pc    ] 02
[T+9759060179us][CH1-Dispenser] 02 92
[T+9759082180us][CH2-Pc    ] 62
[T+9759096180us][CH1-Dispenser] 62 E2 E8 E0 E6 E1 E0
[T+9759160180us][CH2-Pc    ] 03
[T+9759165179us][CH1-Dispenser] 03 93
[T+9759191180us][CH2-Pc    ] 63
[T+9759202180us][CH1-Dispenser] 63 E5 E8 E6 E9 E2 E0
[T+9759270180us][CH2-Pc    ] 04
[T+9759276788us][CH1-Dispenser] 04 64
[T+9759348180us][CH1-Dispenser] 05
[T+9759348316us][CH2-Pc    ] 05
[T+9759523317us][CH1-Dispenser] 06
[T+9759523181us][CH2-Pc    ] 06
[T+9759687180us][CH2-Pc    ] 01
[T+9759695187us][CH1-Dispenser] 01 61
[T+9759766180us][CH2-Pc    ] 02
[T+9759774185us][CH1-Dispenser] 02 92
[T+9759793180us][CH2-Pc    ] 62
[T+9759805205us][CH1-Dispenser] 62 E8 E8 E5 E6 E1 E0
[T+9759871204us][CH2-Pc    ] 03
[T+9759876187us][CH1-Dispenser] 03 93
[T+9759899180us][CH2-Pc    ] 63
[T+9759912180us][CH1-Dispenser] 63 E0 E3 E7 E9 E2 E0
[T+9759978204us][CH2-Pc    ] 04
[T+9759988180us][CH1-Dispenser] 04 64
[T+9760056314us][CH1-Dispenser] 05
[T+9760056180us][CH2-Pc    ] 05
[T+9760220180us][CH1-Dispenser] 06
[T+9760220317us][CH2-Pc    ] 06
[T+9760397204us][CH2-Pc    ] 01
[T+9760405777us][CH1-Dispenser] 01 61
[T+9760475180us][CH2-Pc    ] 02
[T+9760481204us][CH1-Dispenser] 02 92
[T+9760502205us][CH2-Pc    ] 62
[T+9760516180us][CH1-Dispenser] 62 E2 E7 E0 E7 E1 E0
[T+9760581180us][CH2-Pc    ] 03
[T+9760589180us][CH1-Dispenser] 03 93
[T+9760609180us][CH2-Pc    ] 63
[T+9760621205us][CH1-Dispenser] 63 E8 E9 E7 E9 E2 E0
[T+9760691180us][CH2-Pc    ] 04
[T+9760701180us][CH1-Dispenser] 04 64
[T+9760770180us][CH1-Dispenser] 05
[T+9760770315us][CH2-Pc    ] 05
[T+9760944181us][CH1-Dispenser] 06
[T+9760944316us][CH2-Pc    ] 06
[T+9761109205us][CH2-Pc    ] 01
[T+9761116777us][CH1-Dispenser] 01 61
[T+9761188204us][CH2-Pc    ] 02
[T+9761197204us][CH1-Dispenser] 02 92
[T+9761250180us][CH2-Pc    ] 62
[T+9761260180us][CH1-Dispenser] 62 E1 E1 E6 E7 E1 E0
[T+9761329204us][CH2-Pc    ] 03
[T+9761337750us][CH1-Dispenser] 03 93
[T+9761356180us][CH2-Pc    ] 63
[T+9761367181us][CH1-Dispenser] 63 E5 E5 E8 E9 E2 E0
[T+9761434180us][CH2-Pc    ] 04
[T+9761442188us][CH1-Dispenser] 04 64
[T+9761512181us][CH1-Dispenser] 05
[T+9761512316us][CH2-Pc    ] 05
[T+9761686318us][CH1-Dispenser] 06
[T+9761686180us][CH2-Pc    ] 06
[T+9761863206us][CH2-Pc    ] 01
[T+9761869807us][CH1-Dispenser] 01 61
[T+9761941206us][CH2-Pc    ] 02
[T+9761950208us][CH1-Dispenser] 02 92
[T+9761969180us][CH2-Pc    ] 62
[T+9761981207us][CH1-Dispenser] 62 E8 E2 E1 E8 E1 E0
[T+9762047204us][CH2-Pc    ] 03
[T+9762056218us][CH1-Dispenser] 03 93
[T+9762075180us][CH2-Pc    ] 63
[T+9762087204us][CH1-Dispenser] 63 E0 E0 E9 E9 E2 E0
[T+9762153204us][CH2-Pc    ] 04
[T+9762161180us][CH1-Dispenser] 04 64
[T+9762233180us][CH1-Dispenser] 05
[T+9762233316us][CH2-Pc    ] 05
[T+9762409180us][CH1-Dispenser] 06
[T+9762409315us][CH2-Pc    ] 06
[T+9762587180us][CH2-Pc    ] 01
[T+9762594500us][CH1-Dispenser] 01 61
[T+9762666204us][CH2-Pc    ] 02
[T+9762673179us][CH1-Dispenser] 02 92
[T+9762695180us][CH2-Pc    ] 62
[T+9762706180us][CH1-Dispenser] 62 E4 E3 E6 E8 E1 E0
[T+9762773180us][CH2-Pc    ] 03
[T+9762781185us][CH1-Dispenser] 03 93
[T+9762801182us][CH2-Pc    ] 63
[T+9762812180us][CH1-Dispenser] 63 E8 E6 E9 E9 E2 E0
[T+9762880180us][CH2-Pc    ] 04
[T+9762886204us][CH1-Dispenser] 04 64
[T+9762958316us][CH1-Dispenser] 05
[T+9762958181us][CH2-Pc    ] 05
[T+9763133319us][CH1-Dispenser] 06
[T+9763133182us][CH2-Pc    ] 06
[T+9763299180us][CH2-Pc    ] 01
[T+9763307180us][CH1-Dispenser] 01 61
[T+9763377180us][CH2-Pc    ] 02
[T+9763384586us][CH1-Dispenser] 02 92
[T+9763404180us][CH2-Pc    ] 62
[T+9763417180us][CH1-Dispenser] 62 E0 E4 E1 E9 E1 E0
[T+9763511180us][CH2-Pc    ] 03
[T+9763515179us][CH1-Dispenser] 03 93
[T+9763527204us][CH2-Pc    ] 63
[T+9763542204us][CH1-Dispenser] 63 E0 E0 E0 E0 E3 E0
[T+9763607180us][CH2-Pc    ] 04
[T+9763617180us][CH1-Dispenser] 04 64
[T+9763685180us][CH1-Dispenser] 05
[T+9763685313us][CH2-Pc    ] 05
[T+9763863180us][CH1-Dispenser] 06
[T+9763863317us][CH2-Pc    ] 06
[T+9764037207us][CH2-Pc    ] 01
[T+9764044180us][CH1-Dispenser] 01 61
[T+9764115253us][CH2-Pc    ] 02
[T+9764120773us][CH1-Dispenser] 02 92
[T+9764143180us][CH2-Pc    ] 62
[T+9764156180us][CH1-Dispenser] 62 E5 E3 E6 E9 E1 E0
[T+9764224180us][CH2-Pc    ] 03
[T+9764231180us][CH1-Dispenser] 03 93
[T+9764251180us][CH2-Pc    ] 63
[T+9764262180us][CH1-Dispenser] 63 E0 E0 E0 E0 E3 E0
[T+9764329180us][CH2-Pc    ] 04
[T+9764336180us][CH1-Dispenser] 04 64
[T+9764407316us][CH1-Dispenser] 05
[T+9764407180us][CH2-Pc    ] 05
[T+9764582181us][CH1-Dispenser] 06
[T+9764582317us][CH2-Pc    ] 06
[T+9764759206us][CH2-Pc    ] 01
[T+9764766785us][CH1-Dispenser] 01 61
[T+9764845180us][CH2-Pc    ] 02
[T+9764850180us][CH1-Dispenser] 02 92
[T+9764862204us][CH2-Pc    ] 62
[T+9764876180us][CH1-Dispenser] 62 E5 E8 E1 E0 E2 E0
[T+9764941180us][CH2-Pc    ] 03
[T+9764952180us][CH1-Dispenser] 03 93
[T+9764969180us][CH2-Pc    ] 63
[T+9764981204us][CH1-Dispenser] 63 E0 E0 E0 E0 E3 E0
[T+9765048180us][CH2-Pc    ] 04
[T+9765056464us][CH1-Dispenser] 04 64
[T+9765126316us][CH1-Dispenser] 05
[T+9765126180us][CH2-Pc    ] 05
[T+9765301181us][CH1-Dispenser] 06
[T+9765301317us][CH2-Pc    ] 06
[T+9765480180us][CH2-Pc    ] 01
[T+9765485188us][CH1-Dispenser] 01 61
[T+9765558180us][CH2-Pc    ] 02
[T+9765564207us][CH1-Dispenser] 02 92
[T+9765585204us][CH2-Pc    ] 62
[T+9765595191us][CH1-Dispenser] 62 E1 E9 E6 E0 E2 E0
[T+9765664205us][CH2-Pc    ] 03
[T+9765672475us][CH1-Dispenser] 03 93
[T+9765691180us][CH2-Pc    ] 63
[T+9765701180us][CH1-Dispenser] 63 E0 E0 E0 E0 E3 E0
[T+9765771181us][CH2-Pc    ] 04
[T+9765777203us][CH1-Dispenser] 04 64
[T+9765849180us][CH1-Dispenser] 05
[T+9765848180us][CH2-Pc    ] 05
[T+9766024315us][CH1-Dispenser] 06
[T+9766024182us][CH2-Pc    ] 06
[T+9766189206us][CH2-Pc    ] 01
[T+9766197817us][CH1-Dispenser] 01 61
[T+9766268180us][CH2-Pc    ] 02
[T+9766275180us][CH1-Dispenser] 02 92
[T+9766295180us][CH2-Pc    ] 62
[T+9766306180us][CH1-Dispenser] 62 E7 E9 E1 E1 E2 E0
[T+9766379180us][CH2-Pc    ] 03
[T+9766386758us][CH1-Dispenser] 03 93
[T+9766406180us][CH2-Pc    ] 63
[T+9766417180us][CH1-Dispenser] 63 E0 E0 E0 E0 E3 E0
[T+9766484180us][CH2-Pc    ] 04
[T+9766491179us][CH1-Dispenser] 04 64
[T+9766564181us][CH1-Dispenser] 05
[T+9766564316us][CH2-Pc    ] 05
[T+9766743180us][CH1-Dispenser] 06
[T+9766743319us][CH2-Pc    ] 06
[T+9766909180us][CH2-Pc    ] 01
[T+9766917180us][CH1-Dispenser] 01 61
[T+9766987180us][CH2-Pc    ] 02
[T+9766996218us][CH1-Dispenser] 02 92
[T+9767023205us][CH2-Pc    ] 62
[T+9767036180us][CH1-Dispenser] 62 E3 E0 E7 E1 E2 E0
[T+9767103180us][CH2-Pc    ] 03
[T+9767111931us][CH1-Dispenser] 03 93
[T+9767132205us][CH2-Pc    ] 63
[T+9767147204us][CH1-Dispenser] 63 E0 E0 E0 E0 E3 E0
[T+9767221180us][CH2-Pc    ] 04
[T+9767227204us][CH1-Dispenser] 04 64
[T+9767299316us][CH1-Dispenser] 05
[T+9767299181us][CH2-Pc    ] 05
[T+9767475180us][CH1-Dispenser] 06
[T+9767475316us][CH2-Pc    ] 06
[T+9767641180us][CH2-Pc    ] 01
[T+9767649311us][CH1-Dispenser] 01 61
[T+9767719180us][CH2-Pc    ] 02
[T+9767726179us][CH1-Dispenser] 02 92
[T+9767746180us][CH2-Pc    ] 62
[T+9767761205us][CH1-Dispenser] 62 E8 E9 E1 E2 E2 E0
[T+9767837180us][CH2-Pc    ] 03
[T+9767841179us][CH1-Dispenser] 03 93
[T+9767854180us][CH2-Pc    ] 63
[T+9767867180us][CH1-Dispenser] 63 E0 E0 E0 E0 E3 E0
[T+9767933315us][CH1-Dispenser] 04
[T+9767933180us][CH2-Pc    ] 04
[T+9767945370us][CH1-Dispenser] 64
[T+9768011315us][CH1-Dispenser] 05
[T+9768011180us][CH2-Pc    ] 05
[T+9768198318us][CH1-Dispenser] 06
[T+9768198181us][CH2-Pc    ] 06
[T+9768388180us][CH2-Pc    ] 01
[T+9768396180us][CH1-Dispenser] 01 61
[T+9768466180us][CH2-Pc    ] 02
[T+9768469208us][CH1-Dispenser] 02 92
[T+9768482180us][CH2-Pc    ] 62
[T+9768497204us][CH1-Dispenser] 62 E7 E3 E7 E2 E2 E0
[T+9768561180us][CH2-Pc    ] 03
[T+9768566179us][CH1-Dispenser] 03 A3
[T+9769192180us][CH2-Pc    ] 04
[T+9769202180us][CH1-Dispenser] 04 64
[T+9769270180us][CH1-Dispenser] 05
[T+9769270315us][CH2-Pc    ] 05
[T+9769445315us][CH1-Dispenser] 06
[T+9769445181us][CH2-Pc    ] 06
[T+9769609180us][CH2-Pc    ] 01
[T+9769614187us][CH1-Dispenser] 01 61
[T+9769687180us][CH2-Pc    ] 02
[T+9769695786us][CH1-Dispenser] 02 92
[T+9769715180us][CH2-Pc    ] 62
[T+9769726181us][CH1-Dispenser] 62 E6 E0 E6 E3 E2 E0
[T+9769793180us][CH2-Pc    ] 03
[T+9769802204us][CH1-Dispenser] 03 63
[T+9770371180us][CH2-Pc    ] 04
[T+9770375179us][CH1-Dispenser] 04 64
[T+9770438180us][CH1-Dispenser] 05
[T+9770438314us][CH2-Pc    ] 05
[T+9770615269us][CH1-Dispenser] 06
[T+9770615409us][CH2-Pc    ] 06
[T+9770780204us][CH2-Pc    ] 01
[T+9770786203us][CH1-Dispenser] 01 61
[T+9770858205us][CH2-Pc    ] 02
[T+9770866064us][CH1-Dispenser] 02 92
[T+9770886180us][CH2-Pc    ] 62
[T+9770902180us][CH1-Dispenser] 62 E1 E3 E4 E4 E2 E0
[T+9770966180us][CH2-Pc    ] 03
[T+9770974750us][CH1-Dispenser] 03 63
[T+9770993489us][CH1-Dispenser] 43
[T+9770993181us][CH2-Pc    ] 43
[T+9771044204us][CH1-Dispenser] FF F1 F8 EB E2 E0 E0 E0 F6 E0 F4 F7 E0 E3 E1 E1 F9 E0 E5 E5 E6 E2 E0 FA E0 E0 E0 E0 E3 E0 FB E2 F0
[T+9771067180us][CH1-Dispenser] 53
[T+9771068180us][CH2-Pc    ] 53
[T+9771205180us][CH1-Dispenser] FF F6 E0 F9 E0 E0 E4 E9 E0 E1 E1 E4 FA E1 E6 E1 E6 E1 E1 E9 E7 F4 E0 E3 E1 E1 F5 E0 E0 E0 E0 F6 E1 F9 E3 E7 E6 E2 E3 E5 E0 E4 FA E9 E5 E5 E5 E9 E0 E3 E4 F4 E0 E0 E1 E1 F5 E0 E0 E0 E0 F6 E2 F9 E6 E5 E8 E1 E8 E9 E5 E5 FA E6 E5 E5 E5 E3 E0 E7 E0 F4 E0 E3 E4 E1 F5 E0 E0 E0 E0 FB E7 F0
[T+9771277204us][CH2-Pc    ] 04
[T+9771286218us][CH1-Dispenser] 04 64
[T+9771355180us][CH1-Dispenser] 05
[T+9771355315us][CH2-Pc    ] 05
[T+9771530180us][CH1-Dispenser] 06
[T+9771530314us][CH2-Pc    ] 06
[T+9771707204us][CH2-Pc    ] 01
[T+9771715180us][CH1-Dispenser] 01 61
[T+9771785180us][CH2-Pc    ] 02
[T+9771792179us][CH1-Dispenser] 02 92
[T+9771812180us][CH2-Pc    ] 62
[T+9771827204us][CH1-Dispenser] 62 E0 E8 E0 E5 E2 E0
[T+9771891180us][CH2-Pc    ] 03
[T+9771898180us][CH1-Dispenser] 03 63
[T+9771918321us][CH1-Dispenser] 43
[T+9771918181us][CH2-Pc    ] 43
[T+9771969204us][CH1-Dispenser] FF F1 F8 EB E2 E0 E0 E0 F6 E0 F4 F7 E0 E3 E1 E1 F9 E0 E5 E5 E6 E2 E0 FA E0 E0 E0 E0 E3 E0 FB E2 F0
[T+9771992180us][CH1-Dispenser] 53
[T+9771992313us][CH2-Pc    ] 53
[T+9772130204us][CH1-Dispenser] FF F6 E0 F9 E0 E0 E4 E9 E0 E1 E1 E4 FA E1 E6 E1 E6 E1 E1 E9 E7 F4 E0 E3 E1 E1 F5 E0 E0 E0 E0 F6 E1 F9 E3 E7 E6 E2 E3 E5 E0 E4 FA E9 E5 E5 E5 E9 E0 E3 E4 F4 E0 E0 E1 E1 F5 E0 E0 E0 E0 F6 E2 F9 E6 E5 E8 E1 E8 E9 E5 E5 FA E6 E5 E5 E5 E3 E0 E7 E0 F4 E0 E3 E4 E1 F5 E0 E0 E0 E0 FB E7 F0
[T+9772215180us][CH2-Pc    ] 04
[T+9772223181us][CH1-Dispenser] 04 64
[T+9772293180us][CH1-Dispenser] 05
[T+9772293313us][CH2-Pc    ] 05
[T+9772468180us][CH1-Dispenser] 06
[T+9772468314us][CH2-Pc    ] 06
[T+9772642204us][CH2-Pc    ] 01
[T+9772652180us][CH1-Dispenser] 01 61
[T+9772720180us][CH2-Pc    ] 02
[T+9772726218us][CH1-Dispenser] 02 92
[T+9772748180us][CH2-Pc    ] 62
[T+9772761180us][CH1-Dispenser] 62 E0 E4 E7 E5 E2 E0
[T+9772826180us][CH2-Pc    ] 03
[T+9772831179us][CH1-Dispenser] 03 63
[T+9772904180us][CH2-Pc    ] 04
[T+9772912188us][CH1-Dispenser] 04 64
[T+9772982315us][CH1-Dispenser] 05
[T+9772982181us][CH2-Pc    ] 05
[T+9773159181us][CH1-Dispenser] 06
[T+9773159314us][CH2-Pc    ] 06
[T+9773334180us][CH2-Pc    ] 01
[T+9773339187us][CH1-Dispenser] 01 61
[T+9773456206us][CH2-Pc    ] 02
[T+9773465204us][CH1-Dispenser] 02 92
[T+9773509180us][CH2-Pc    ] 62
[T+9773522180us][CH1-Dispenser] 62 E0 E9 E2 E6 E2 E0
[T+9773589180us][CH2-Pc    ] 03
[T+9773597180us][CH1-Dispenser] 03 63
[T+9773668180us][CH2-Pc    ] 04
[T+9773676793us][CH1-Dispenser] 04 64
[T+9773746313us][CH1-Dispenser] 05
[T+9773746180us][CH2-Pc    ] 05
[T+9773922180us][CH1-Dispenser] 06
[T+9773922317us][CH2-Pc    ] 06
[T+9774093205us][CH2-Pc    ] 01
[T+9774100180us][CH1-Dispenser] 01 61
[T+9774172205us][CH2-Pc    ] 02
[T+9774179796us][CH1-Dispenser] 02 92
[T+9774200206us][CH2-Pc    ] 62
[T+9774212236us][CH1-Dispenser] 62 E7 E0 E8 E6 E2 E0
[T+9774304180us][CH2-Pc    ] 03
[T+9774314180us][CH1-Dispenser] 03 63
[T+9774386179us][CH1-Dispenser] 04 64
[T+9774382180us][CH2-Pc    ] 04
[T+9774449180us][CH1-Dispenser] 05
[T+9774449315us][CH2-Pc    ] 05
[T+9774624181us][CH1-Dispenser] 06
[T+9774624317us][CH2-Pc    ] 06
[T+9774799180us][CH2-Pc    ] 01
[T+9774807783us][CH1-Dispenser] 01 61
[T+9774877315us][CH1-Dispenser] 02
[T+9774877180us][CH2-Pc    ] 02
[T+9774889181us][CH1-Dispenser] 92
[T+9774904204us][CH2-Pc    ] 62
[T+9774917180us][CH1-Dispenser] 62 E9 E6 E2 E7 E2 E0
[T+9774985269us][CH2-Pc    ] 03
[T+9774991218us][CH1-Dispenser] 03 63
[T+9775063204us][CH2-Pc    ] 04
[T+9775070461us][CH1-Dispenser] 04 64
[T+9775152180us][CH1-Dispenser] 05
[T+9775152315us][CH2-Pc    ] 05
[T+9775330181us][CH1-Dispenser] 06
[T+9775330316us][CH2-Pc    ] 06
[T+9775504204us][CH2-Pc    ] 01
[T+9775511410us][CH1-Dispenser] 01 61
[T+9775584180us][CH2-Pc    ] 02
[T+9775590204us][CH1-Dispenser] 02 92
[T+9775611207us][CH2-Pc    ] 62
[T+9775626204us][CH1-Dispenser] 62 E5 E7 E7 E7 E2 E0
[T+9775726179us][CH1-Dispenser] 03 63
[T+9775722205us][CH2-Pc    ] 03
[T+9775789204us][CH2-Pc    ] 04
[T+9775796179us][CH1-Dispenser] 04 64
[T+9775867181us][CH1-Dispenser] 05
[T+9775867317us][CH2-Pc    ] 05
[T+9776034181us][CH1-Dispenser] 06
[T+9776034316us][CH2-Pc    ] 06
[T+9776203180us][CH2-Pc    ] 01
[T+9776210787us][CH1-Dispenser] 01 61
[T+9776281180us][CH2-Pc    ] 02
[T+9776286179us][CH1-Dispenser] 02 92
[T+9776309180us][CH2-Pc    ] 62
[T+9776324204us][CH1-Dispenser] 62 E2 E9 E2 E8 E2 E0
[T+9776388205us][CH2-Pc    ] 03
[T+9776398180us][CH1-Dispenser] 03 63
[T+9776473204us][CH2-Pc    ] 04
[T+9776481180us][CH1-Dispenser] 04 64
[T+9776554180us][CH1-Dispenser] 05
[T+9776554314us][CH2-Pc    ] 05
[T+9776723181us][CH1-Dispenser] 06
[T+9776723317us][CH2-Pc    ] 06
[T+9776897204us][CH2-Pc    ] 01
[T+9776906204us][CH1-Dispenser] 01 61
[T+9776975204us][CH2-Pc    ] 02
[T+9776980187us][CH1-Dispenser] 02 92
[T+9777003180us][CH2-Pc    ] 62
[T+9777017180us][CH1-Dispenser] 62 E6 E7 E7 E8 E2 E0
[T+9777081180us][CH2-Pc    ] 03
[T+9777087204us][CH1-Dispenser] 03 63
[T+9777159206us][CH2-Pc    ] 04
[T+9777168180us][CH1-Dispenser] 04 64
[T+9777237315us][CH1-Dispenser] 05
[T+9777237449us][CH2-Pc    ] 05
[T+9777412180us][CH1-Dispenser] 06
[T+9777412316us][CH2-Pc    ] 06
[T+9777587180us][CH2-Pc    ] 01
[T+9777595183us][CH1-Dispenser] 01 61
[T+9777666180us][CH2-Pc    ] 02
[T+9777671179us][CH1-Dispenser] 02 92
[T+9777693180us][CH2-Pc    ] 62
[T+9777707180us][CH1-Dispenser] 62 E1 E7 E2 E9 E2 E0
[T+9777773205us][CH2-Pc    ] 03
[T+9777782204us][CH1-Dispenser] 03 63
[T+9777851205us][CH2-Pc    ] 04
[T+9777856179us][CH1-Dispenser] 04 64
[T+9777929311us][CH1-Dispenser] 05
[T+9777929180us][CH2-Pc    ] 05
[T+9778094180us][CH1-Dispenser] 06
[T+9778094317us][CH2-Pc    ] 06
[T+9778270180us][CH2-Pc    ] 01
[T+9778275791us][CH1-Dispenser] 01 61
[T+9778348180us][CH2-Pc    ] 02
[T+9778356181us][CH1-Dispenser] 02 92
[T+9778377204us][CH2-Pc    ] 62
[T+9778393180us][CH1-Dispenser] 62 E4 E4 E7 E9 E2 E0
[T+9778467182us][CH2-Pc    ] 03
[T+9778472187us][CH1-Dispenser] 03 63
[T+9778545180us][CH2-Pc    ] 04
[T+9778553762us][CH1-Dispenser] 04 64
[T+9778624181us][CH1-Dispenser] 05
[T+9778624314us][CH2-Pc    ] 05
[T+9778799181us][CH1-Dispenser] 06
[T+9778799319us][CH2-Pc    ] 06
[T+9778976205us][CH2-Pc    ] 01
[T+9778980179us][CH1-Dispenser] 01 61
[T+9779044180us][CH2-Pc    ] 02
[T+9779051181us][CH1-Dispenser] 02 92
[T+9779077180us][CH2-Pc    ] 62
[T+9779093180us][CH1-Dispenser] 62 E0 E5 E2 E0 E3 E0
[T+9779166180us][CH2-Pc    ] 03
[T+9779171179us][CH1-Dispenser] 03 63
[T+9779244180us][CH2-Pc    ] 04
[T+9779250325us][CH1-Dispenser] 04 64
[T+9779322314us][CH1-Dispenser] 05
[T+9779322180us][CH2-Pc    ] 05
[T+9779499315us][CH1-Dispenser] 06
[T+9779499180us][CH2-Pc    ] 06
[T+9779676180us][CH2-Pc    ] 01
[T+9779684180us][CH1-Dispenser] 01 61
[T+9779753204us][CH2-Pc    ] 02
[T+9779761181us][CH1-Dispenser] 02 92
[T+9779781180us][CH2-Pc    ] 62
[T+9779792181us][CH1-Dispenser] 62 E7 E6 E7 E0 E3 E0
[T+9779859180us][CH2-Pc    ] 03
[T+9779867187us][CH1-Dispenser] 03 63
[T+9779937181us][CH2-Pc    ] 04
[T+9779942179us][CH1-Dispenser] 04 64
[T+9780015180us][CH1-Dispenser] 05
[T+9780015316us][CH2-Pc    ] 05
[T+9780192181us][CH1-Dispenser] 06
[T+9780192316us][CH2-Pc    ] 06
[T+9780368180us][CH2-Pc    ] 01
[T+9780376482us][CH1-Dispenser] 01 61
[T+9780446180us][CH2-Pc    ] 02
[T+9780452219us][CH1-Dispenser] 02 92
[T+9780473205us][CH2-Pc    ] 62
[T+9780486180us][CH1-Dispenser] 62 E0 E4 E2 E1 E3 E0
[T+9780554180us][CH2-Pc    ] 03
[T+9780563180us][CH1-Dispenser] 03 63
[T+9780631180us][CH2-Pc    ] 04
[T+9780636179us][CH1-Dispenser] 04 64
[T+9780710313us][CH1-Dispenser] 05
[T+9780710180us][CH2-Pc    ] 05
[T+9780875181us][CH1-Dispenser] 06
[T+9780875315us][CH2-Pc    ] 06
[T+9781049205us][CH2-Pc    ] 01
[T+9781056180us][CH1-Dispenser] 01 61
[T+9781127180us][CH2-Pc    ] 02
[T+9781136204us][CH1-Dispenser] 02 92
[T+9781155180us][CH2-Pc    ] 62
[T+9781166180us][CH1-Dispenser] 62 E5 E3 E7 E1 E3 E0
[T+9781233181us][CH2-Pc    ] 03
[T+9781243180us][CH1-Dispenser] 03 63
[T+9781312204us][CH2-Pc    ] 04
[T+9781319699us][CH1-Dispenser] 04 64
[T+9781391181us][CH1-Dispenser] 05
[T+9781391315us][CH2-Pc    ] 05
[T+9781566315us][CH1-Dispenser] 06
[T+9781566181us][CH2-Pc    ] 06
[T+9781743205us][CH2-Pc    ] 01
[T+9781751620us][CH1-Dispenser] 01 61
[T+9781823205us][CH2-Pc    ] 02
[T+9781831756us][CH1-Dispenser] 02 92
[T+9781850433us][CH2-Pc    ] 62
[T+9781863180us][CH1-Dispenser] 62 E0 E3 E2 E2 E3 E0
[T+9781928180us][CH2-Pc    ] 03
[T+9781937472us][CH1-Dispenser] 03 63
[T+9782019180us][CH2-Pc    ] 04
[T+9782027739us][CH1-Dispenser] 04 64
[T+9782097181us][CH1-Dispenser] 05
[T+9782097316us][CH2-Pc    ] 05
[T+9782272182us][CH1-Dispenser] 06
[T+9782272316us][CH2-Pc    ] 06
[T+9782436180us][CH2-Pc    ] 01
[T+9782441187us][CH1-Dispenser] 01 61
[T+9782514180us][CH2-Pc    ] 02
[T+9782520203us][CH1-Dispenser] 02 92
[T+9782542180us][CH2-Pc    ] 62
[T+9782551218us][CH1-Dispenser] 62 E4 E1 E7 E2 E3 E0
[T+9782620205us][CH2-Pc    ] 03
[T+9782627180us][CH1-Dispenser] 03 63
[T+9782698180us][CH2-Pc    ] 04
[T+9782706181us][CH1-Dispenser] 04 64
[T+9782776180us][CH1-Dispenser] 05
[T+9782776315us][CH2-Pc    ] 05
[T+9782969180us][CH1-Dispenser] 06
[T+9782969314us][CH2-Pc    ] 06
[T+9783145180us][CH2-Pc    ] 01
[T+9783155180us][CH1-Dispenser] 01 61
[T+9783223180us][CH2-Pc    ] 02
[T+9783233340us][CH1-Dispenser] 02 92
[T+9783250180us][CH2-Pc    ] 62
[T+9783262204us][CH1-Dispenser] 62 E9 E0 E2 E3 E3 E0
[T+9783329180us][CH2-Pc    ] 03
[T+9783337181us][CH1-Dispenser] 03 63
[T+9783407180us][CH2-Pc    ] 04
[T+9783411179us][CH1-Dispenser] 04 64
[T+9783474318us][CH1-Dispenser] 05
[T+9783474180us][CH2-Pc    ] 05
[T+9783651321us][CH1-Dispenser] 06
[T+9783651183us][CH2-Pc    ] 06
[T+9783837181us][CH2-Pc    ] 01
[T+9783840207us][CH1-Dispenser] 01 61
[T+9783904180us][CH2-Pc    ] 02
[T+9783911180us][CH1-Dispenser] 02 92
[T+9783931180us][CH2-Pc    ] 62
[T+9783942180us][CH1-Dispenser] 62 E4 E0 E7 E3 E3 E0
[T+9784009180us][CH2-Pc    ] 03
[T+9784017183us][CH1-Dispenser] 03 63
[T+9784087180us][CH2-Pc    ] 04
[T+9784092187us][CH1-Dispenser] 04 64
[T+9784166181us][CH1-Dispenser] 05
[T+9784166316us][CH2-Pc    ] 05
[T+9784344181us][CH1-Dispenser] 06
[T+9784344315us][CH2-Pc    ] 06
[T+9784544180us][CH2-Pc    ] 01
[T+9784551179us][CH1-Dispenser] 01 61
[T+9784623181us][CH2-Pc    ] 02
[T+9784632212us][CH1-Dispenser] 02 92
[T+9784651180us][CH2-Pc    ] 62
[T+9784665180us][CH1-Dispenser] 62 E1 E2 E2 E4 E3 E0
[T+9784729180us][CH2-Pc    ] 03
[T+9784738181us][CH1-Dispenser] 03 63
[T+9784807205us][CH2-Pc    ] 04
[T+9784815906us][CH1-Dispenser] 04 64
[T+9784886181us][CH1-Dispenser] 05
[T+9784886312us][CH2-Pc    ] 05
[T+9785073181us][CH1-Dispenser] 06
[T+9785073315us][CH2-Pc    ] 06
[T+9785258180us][CH2-Pc    ] 01
[T+9785265179us][CH1-Dispenser] 01 61
[T+9785337204us][CH2-Pc    ] 02
[T+9785341179us][CH1-Dispenser] 02 92
[T+9785364180us][CH2-Pc    ] 62
[T+9785377180us][CH1-Dispenser] 62 E6 E1 E7 E4 E3 E0
[T+9785444180us][CH2-Pc    ] 03
[T+9785453218us][CH1-Dispenser] 03 63
[T+9785522204us][CH2-Pc    ] 04
[T+9785528204us][CH1-Dispenser] 04 64
[T+9785600181us][CH1-Dispenser] 05
[T+9785600314us][CH2-Pc    ] 05
[T+9785764181us][CH1-Dispenser] 06
[T+9785764316us][CH2-Pc    ] 06
[T+9785940180us][CH2-Pc    ] 01
[T+9785945179us][CH1-Dispenser] 01 61
[T+9786018180us][CH2-Pc    ] 02
[T+9786028180us][CH1-Dispenser] 02 92
[T+9786045181us][CH2-Pc    ] 62
[T+9786057205us][CH1-Dispenser] 62 E0 E0 E2 E5 E3 E0
[T+9786125180us][CH2-Pc    ] 03
[T+9786132179us][CH1-Dispenser] 03 63
[T+9786203180us][CH2-Pc    ] 04
[T+9786207179us][CH1-Dispenser] 04 64
[T+9786281181us][CH1-Dispenser] 05
[T+9786281315us][CH2-Pc    ] 05
[T+9786458180us][CH1-Dispenser] 06
[T+9786459181us][CH2-Pc    ] 06
[T+9786623204us][CH2-Pc    ] 01
[T+9786632204us][CH1-Dispenser] 01 61
[T+9786704204us][CH2-Pc    ] 02
[T+9786712180us][CH1-Dispenser] 02 92
[T+9786745204us][CH2-Pc    ] 62
[T+9786759180us][CH1-Dispenser] 62 E5 E9 E6 E5 E3 E0
[T+9786824180us][CH2-Pc    ] 03
[T+9786833204us][CH1-Dispenser] 03 63
[T+9786902204us][CH2-Pc    ] 04
[T+9786908203us][CH1-Dispenser] 04 64
[T+9786980316us][CH1-Dispenser] 05
[T+9786980180us][CH2-Pc    ] 05
[T+9787159181us][CH1-Dispenser] 06
[T+9787159317us][CH2-Pc    ] 06
[T+9787335180us][CH2-Pc    ] 01
[T+9787341813us][CH1-Dispenser] 01 61
[T+9787413205us][CH2-Pc    ] 02
[T+9787422205us][CH1-Dispenser] 02 92
[T+9787441180us][CH2-Pc    ] 62
[T+9787453204us][CH1-Dispenser] 62 E9 E7 E1 E6 E3 E0
[T+9787523180us][CH2-Pc    ] 03
[T+9787532204us][CH1-Dispenser] 03 63
[T+9787601204us][CH2-Pc    ] 04
[T+9787608180us][CH1-Dispenser] 04 64
[T+9787681182us][CH1-Dispenser] 05
[T+9787681316us][CH2-Pc    ] 05
[T+9787867182us][CH1-Dispenser] 06
[T+9787867319us][CH2-Pc    ] 06
[T+9788032205us][CH2-Pc    ] 01
[T+9788037179us][CH1-Dispenser] 01 61
[T+9788110180us][CH2-Pc    ] 02
[T+9788118186us][CH1-Dispenser] 02 92
[T+9788137180us][CH2-Pc    ] 62
[T+9788153180us][CH1-Dispenser] 62 E5 E8 E6 E6 E3 E0
[T+9788217180us][CH2-Pc    ] 03
[T+9788222179us][CH1-Dispenser] 03 63
[T+9788303204us][CH2-Pc    ] 04
[T+9788314180us][CH1-Dispenser] 04 64
[T+9788381315us][CH1-Dispenser] 05
[T+9788381180us][CH2-Pc    ] 05
[T+9788546180us][CH1-Dispenser] 06
[T+9788546317us][CH2-Pc    ] 06
[T+9788723204us][CH2-Pc    ] 01
[T+9788731180us][CH1-Dispenser] 01 61
[T+9788801180us][CH2-Pc    ] 02
[T+9788807218us][CH1-Dispenser] 02 92
[T+9788828204us][CH2-Pc    ] 62
[T+9788845180us][CH1-Dispenser] 62 E8 E5 E1 E7 E3 E0
[T+9788945180us][CH2-Pc    ] 03
[T+9788954205us][CH1-Dispenser] 03 63
[T+9789023315us][CH1-Dispenser] 04
[T+9789023180us][CH2-Pc    ] 04
[T+9789035204us][CH1-Dispenser] 64
[T+9789102180us][CH1-Dispenser] 05
[T+9789102315us][CH2-Pc    ] 05
[T+9789270316us][CH1-Dispenser] 06
[T+9789270181us][CH2-Pc    ] 06
[T+9789445180us][CH2-Pc    ] 01
[T+9789451218us][CH1-Dispenser] 01 61
[T+9789523204us][CH2-Pc    ] 02
[T+9789532208us][CH1-Dispenser] 02 92
[T+9789550204us][CH2-Pc    ] 62
[T+9789563180us][CH1-Dispenser] 62 E5 E7 E6 E7 E3 E0
[T+9789629208us][CH2-Pc    ] 03
[T+9789638218us][CH1-Dispenser] 03 63
[T+9789709180us][CH2-Pc    ] 04
[T+9789718181us][CH1-Dispenser] 04 64
[T+9789787180us][CH1-Dispenser] 05
[T+9789788179us][CH2-Pc    ] 05
[T+9789954181us][CH1-Dispenser] 06
[T+9789954318us][CH2-Pc    ] 06
[T+9790124180us][CH2-Pc    ] 01
[T+9790133385us][CH1-Dispenser] 01 61
[T+9790202206us][CH2-Pc    ] 02
[T+9790212180us][CH1-Dispenser] 02 92
[T+9790234180us][CH2-Pc    ] 62
[T+9790248180us][CH1-Dispenser] 62 E1 E8 E1 E8 E3 E0
[T+9790313180us][CH2-Pc    ] 03
[T+9790320181us][CH1-Dispenser] 03 63
[T+9790393180us][CH2-Pc    ] 04
[T+9790399813us][CH1-Dispenser] 04 64
[T+9790496180us][CH1-Dispenser] 05
[T+9790496315us][CH2-Pc    ] 05
[T+9790672321us][CH1-Dispenser] 06
[T+9790672182us][CH2-Pc    ] 06
[T+9790847180us][CH2-Pc    ] 01
[T+9790858180us][CH1-Dispenser] 01 61
[T+9790925180us][CH2-Pc    ] 02
[T+9790931204us][CH1-Dispenser] 02 92
[T+9790952309us][CH1-Dispenser] 62
[T+9790952180us][CH2-Pc    ] 62
[T+9790971180us][CH1-Dispenser] E6 E7 E6 E8 E3 E0
[T+9791046204us][CH2-Pc    ] 03
[T+9791053747us][CH1-Dispenser] 03 63
[T+9791140204us][CH2-Pc    ] 04
[T+9791148180us][CH1-Dispenser] 04 64
[T+9791217180us][CH1-Dispenser] 05
[T+9791217316us][CH2-Pc    ] 05
[T+9791393316us][CH1-Dispenser] 06
[T+9791393180us][CH2-Pc    ] 06
[T+9791561180us][CH2-Pc    ] 01
[T+9791566179us][CH1-Dispenser] 01 61
[T+9791639180us][CH2-Pc    ] 02
[T+9791645218us][CH1-Dispenser] 02 92
[T+9791666204us][CH2-Pc    ] 62
[T+9791678208us][CH1-Dispenser] 62 E3 E9 E1 E9 E3 E0
[T+9791745180us][CH2-Pc    ] 03
[T+9791752179us][CH1-Dispenser] 03 63
[T+9791823180us][CH2-Pc    ] 04
[T+9791827179us][CH1-Dispenser] 04 64
[T+9791901181us][CH1-Dispenser] 05
[T+9791901316us][CH2-Pc    ] 05
[T+9792086316us][CH1-Dispenser] 06
[T+9792086180us][CH2-Pc    ] 06
[T+9792251205us][CH2-Pc    ] 01
[T+9792259183us][CH1-Dispenser] 01 61
[T+9792330180us][CH2-Pc    ] 02
[T+9792340180us][CH1-Dispenser] 02 92
[T+9792357180us][CH2-Pc    ] 62
[T+9792367265us][CH1-Dispenser] 62 E8 E8 E6 E9 E3 E0
[T+9792436204us][CH2-Pc    ] 03
[T+9792446180us][CH1-Dispenser] 03 63
[T+9792514180us][CH2-Pc    ] 04
[T+9792523204us][CH1-Dispenser] 04 64
[T+9792594314us][CH1-Dispenser] 05
[T+9792594180us][CH2-Pc    ] 05
[T+9792770181us][CH1-Dispenser] 06
[T+9792770317us][CH2-Pc    ] 06
[T+9792936180us][CH2-Pc    ] 01
[T+9792942832us][CH1-Dispenser] 01 61
[T+9793014205us][CH2-Pc    ] 02
[T+9793022186us][CH1-Dispenser] 02 92
[T+9793043204us][CH2-Pc    ] 62
[T+9793058204us][CH1-Dispenser] 62 E0 E5 E1 E0 E4 E0
[T+9793123180us][CH2-Pc    ] 03
[T+9793132209us][CH1-Dispenser] 03 63
[T+9793202180us][CH2-Pc    ] 04
[T+9793208203us][CH1-Dispenser] 04 64
[T+9793282181us][CH1-Dispenser] 05
[T+9793282314us][CH2-Pc    ] 05
[T+9793459181us][CH1-Dispenser] 06
[T+9793459315us][CH2-Pc    ] 06
[T+9793641180us][CH2-Pc    ] 01
[T+9793649353us][CH1-Dispenser] 01 61
[T+9793720180us][CH2-Pc    ] 02
[T+9793727181us][CH1-Dispenser] 02 92
[T+9793747180us][CH2-Pc    ] 62
[T+9793758180us][CH1-Dispenser] 62 E6 E5 E6 E0 E4 E0
[T+9793825180us][CH2-Pc    ] 03
[T+9793835180us][CH1-Dispenser] 03 63
[T+9793904205us][CH2-Pc    ] 04
[T+9793914181us][CH1-Dispenser] 04 64
[T+9793982180us][CH1-Dispenser] 05
[T+9793982314us][CH2-Pc    ] 05
[T+9794157180us][CH1-Dispenser] 06
[T+9794157315us][CH2-Pc    ] 06
[T+9794335205us][CH2-Pc    ] 01
[T+9794342204us][CH1-Dispenser] 01 61
[T+9794412180us][CH2-Pc    ] 02
[T+9794417179us][CH1-Dispenser] 02 92
[T+9794440180us][CH2-Pc    ] 62
[T+9794454180us][CH1-Dispenser] 62 E2 E6 E1 E1 E4 E0
[T+9794518180us][CH2-Pc    ] 03
[T+9794523188us][CH1-Dispenser] 03 63
[T+9794596180us][CH2-Pc    ] 04
[T+9794602203us][CH1-Dispenser] 04 64
[T+9794676181us][CH1-Dispenser] 05
[T+9794676318us][CH2-Pc    ] 05
[T+9794852381us][CH1-Dispenser] 06
[T+9794852181us][CH2-Pc    ] 06
[T+9795017204us][CH2-Pc    ] 01
[T+9795022179us][CH1-Dispenser] 01 61
[T+9795095180us][CH2-Pc    ] 02
[T+9795103187us][CH1-Dispenser] 02 92
[T+9795123180us][CH2-Pc    ] 62
[T+9795137180us][CH1-Dispenser] 62 E5 E3 E6 E1 E4 E0
[T+9795202180us][CH2-Pc    ] 03
[T+9795208218us][CH1-Dispenser] 03 63
[T+9795271205us][CH2-Pc    ] 04
[T+9795278830us][CH1-Dispenser] 04 64
[T+9795349318us][CH1-Dispenser] 05
[T+9795349181us][CH2-Pc    ] 05
[T+9795514181us][CH1-Dispenser] 06
[T+9795514315us][CH2-Pc    ] 06
[T+9795690180us][CH2-Pc    ] 01
[T+9795698180us][CH1-Dispenser] 01 61
[T+9795768180us][CH2-Pc    ] 02
[T+9795777229us][CH1-Dispenser] 02 92
[T+9795795204us][CH2-Pc    ] 62
[T+9795810205us][CH1-Dispenser] 62 E0 E3 E1 E2 E4 E0
[T+9795874183us][CH2-Pc    ] 03
[T+9795884181us][CH1-Dispenser] 03 63
[T+9795954180us][CH2-Pc    ] 04
[T+9795963219us][CH1-Dispenser] 04 64
[T+9796032180us][CH1-Dispenser] 05
[T+9796033179us][CH2-Pc    ] 05
[T+9796207180us][CH1-Dispenser] 06
[T+9796207316us][CH2-Pc    ] 06
[T+9796382180us][CH2-Pc    ] 01
[T+9796387179us][CH1-Dispenser] 01 61
[T+9796463180us][CH2-Pc    ] 02
[T+9796471187us][CH1-Dispenser] 02 92
[T+9796491579us][CH2-Pc    ] 62
[T+9796504180us][CH1-Dispenser] 62 E3 E0 E6 E2 E4 E0
[T+9796569180us][CH2-Pc    ] 03
[T+9796577185us][CH1-Dispenser] 03 63
[T+9796647180us][CH2-Pc    ] 04
[T+9796655180us][CH1-Dispenser] 04 64
[T+9796725180us][CH1-Dispenser] 05
[T+9796725316us][CH2-Pc    ] 05
[T+9796889182us][CH1-Dispenser] 06
[T+9796889317us][CH2-Pc    ] 06
[T+9797080180us][CH2-Pc    ] 01
[T+9797087827us][CH1-Dispenser] 01 61
[T+9797159204us][CH2-Pc    ] 02
[T+9797167183us][CH1-Dispenser] 02 92
[T+9797187180us][CH2-Pc    ] 62
[T+9797198182us][CH1-Dispenser] 62 E9 E0 E1 E3 E4 E0
[T+9797267204us][CH2-Pc    ] 03
[T+9797273821us][CH1-Dispenser] 03 63
[T+9797345205us][CH2-Pc    ] 04
[T+9797355181us][CH1-Dispenser] 04 64
[T+9797423318us][CH1-Dispenser] 05
[T+9797423180us][CH2-Pc    ] 05
[T+9797598181us][CH1-Dispenser] 06
[T+9797598316us][CH2-Pc    ] 06
[T+9797773180us][CH2-Pc    ] 01
[T+9797783221us][CH1-Dispenser] 01 61
[T+9797852204us][CH2-Pc    ] 02
[T+9797856179us][CH1-Dispenser] 02 92
[T+9797879180us][CH2-Pc    ] 62
[T+9797893180us][CH1-Dispenser] 62 E3 E9 E5 E3 E4 E0
[T+9797960180us][CH2-Pc    ] 03
[T+9797968188us][CH1-Dispenser] 03 63
[T+9798039180us][CH2-Pc    ] 04
[T+9798048180us][CH1-Dispenser] 04 64
[T+9798118180us][CH1-Dispenser] 05
[T+9798119179us][CH2-Pc    ] 05
[T+9798304181us][CH1-Dispenser] 06
[T+9798305179us][CH2-Pc    ] 06
[T+9798469205us][CH2-Pc    ] 01
[T+9798477827us][CH1-Dispenser] 01 61
[T+9798548317us][CH1-Dispenser] 02
[T+9798548181us][CH2-Pc    ] 02
[T+9798560204us][CH1-Dispenser] 92
[T+9798575180us][CH2-Pc    ] 62
[T+9798589180us][CH1-Dispenser] 62 E8 E8 E0 E4 E4 E0
[T+9798655204us][CH2-Pc    ] 03
[T+9798664208us][CH1-Dispenser] 03 63
[T+9798733204us][CH2-Pc    ] 04
[T+9798737797us][CH1-Dispenser] 04 64
[T+9798832180us][CH1-Dispenser] 05
[T+9798832315us][CH2-Pc    ] 05
[T+9799008315us][CH1-Dispenser] 06
[T+9799008180us][CH2-Pc    ] 06
[T+9799173206us][CH2-Pc    ] 01
[T+9799182218us][CH1-Dispenser] 01 61
[T+9799251204us][CH2-Pc    ] 02
[T+9799258180us][CH1-Dispenser] 02 92
[T+9799279180us][CH2-Pc    ] 62
[T+9799294204us][CH1-Dispenser] 62 E5 E0 E6 E4 E4 E0
[T+9799389180us][CH2-Pc    ] 03
[T+9799399180us][CH1-Dispenser] 03 63
[T+9799467180us][CH2-Pc    ] 04
[T+9799473861us][CH1-Dispenser] 04 64
[T+9799545180us][CH1-Dispenser] 05
[T+9799545316us][CH2-Pc    ] 05
[T+9799720182us][CH1-Dispenser] 06
[T+9799720319us][CH2-Pc    ] 06
[T+9799897204us][CH2-Pc    ] 01
[T+9799902187us][CH1-Dispenser] 01 61
[T+9799983204us][CH2-Pc    ] 02
[T+9799988840us][CH1-Dispenser] 02 92
[T+9800010180us][CH2-Pc    ] 62
[T+9800024180us][CH1-Dispenser] 62 E1 E1 E1 E5 E4 E0
[T+9800089180us][CH2-Pc    ] 03
[T+9800098218us][CH1-Dispenser] 03 63
[T+9800161204us][CH2-Pc    ] 04
[T+9800168179us][CH1-Dispenser] 04 64
[T+9800242180us][CH1-Dispenser] 05
[T+9800242316us][CH2-Pc    ] 05
[T+9800408180us][CH1-Dispenser] 06
[T+9800408314us][CH2-Pc    ] 06
[T+9800583180us][CH2-Pc    ] 01
[T+9800592218us][CH1-Dispenser] 01 61
[T+9800661204us][CH2-Pc    ] 02
[T+9800670218us][CH1-Dispenser] 02 92
[T+9800689181us][CH2-Pc    ] 62
[T+9800703180us][CH1-Dispenser] 62 E8 E1 E5 E5 E4 E0
[T+9800767180us][CH2-Pc    ] 03
[T+9800774566us][CH1-Dispenser] 03 63
[T+9800845180us][CH2-Pc    ] 04
[T+9800853180us][CH1-Dispenser] 04 64
[T+9800923180us][CH1-Dispenser] 05
[T+9800923318us][CH2-Pc    ] 05
[T+9801098181us][CH1-Dispenser] 06
[T+9801098318us][CH2-Pc    ] 06
[T+9801273180us][CH2-Pc    ] 01
[T+9801278179us][CH1-Dispenser] 01 61
[T+9801351180us][CH2-Pc    ] 02
[T+9801359187us][CH1-Dispenser] 02 92
[T+9801378180us][CH2-Pc    ] 62
[T+9801390204us][CH1-Dispenser] 62 E8 E1 E5 E5 E4 E0
[T+9801456204us][CH2-Pc    ] 03
[T+9801464181us][CH1-Dispenser] 03 63
[T+9801535180us][CH2-Pc    ] 04
[T+9801543181us][CH1-Dispenser] 04 64
[T+9801612180us][CH1-Dispenser] 05
[T+9801612316us][CH2-Pc    ] 05
[T+9801779181us][CH1-Dispenser] 06
[T+9801779316us][CH2-Pc    ] 06
[T+9801956207us][CH2-Pc    ] 01
[T+9801966180us][CH1-Dispenser] 01 61
[T+9802034180us][CH2-Pc    ] 02
[T+9802044180us][CH1-Dispenser] 02 92
[T+9802062204us][CH2-Pc    ] 62
[T+9802073180us][CH1-Dispenser] 62 E8 E1 E5 E5 E4 E0
[T+9802141180us][CH2-Pc    ] 03
[T+9802148823us][CH1-Dispenser] 03 63
[T+9802221180us][CH2-Pc    ] 04
[T+9802228180us][CH1-Dispenser] 04 64
[T+9802299180us][CH1-Dispenser] 05
[T+9802299313us][CH2-Pc    ] 05
[T+9802477180us][CH1-Dispenser] 06
[T+9802477316us][CH2-Pc    ] 06
[T+9802642204us][CH2-Pc    ] 01
[T+9802648218us][CH1-Dispenser] 01 61
[T+9802720204us][CH2-Pc    ] 02
[T+9802727179us][CH1-Dispenser] 02 92
[T+9802747180us][CH2-Pc    ] 62
[T+9802758182us][CH1-Dispenser] 62 E8 E1 E5 E5 E4 E0
[T+9802825180us][CH2-Pc    ] 03
[T+9802833188us][CH1-Dispenser] 03 63
[T+9802903180us][CH2-Pc    ] 04
[T+9802909842us][CH1-Dispenser] 04 64
[T+9802983181us][CH1-Dispenser] 05
[T+9802983315us][CH2-Pc    ] 05
[T+9803157318us][CH1-Dispenser] 06
[T+9803157182us][CH2-Pc    ] 06
[T+9803332180us][CH2-Pc    ] 01
[T+9803337179us][CH1-Dispenser] 01 61
[T+9803410180us][CH2-Pc    ] 02
[T+9803416203us][CH1-Dispenser] 02 92
[T+9803438180us][CH2-Pc    ] 62
[T+9803449180us][CH1-Dispenser] 62 E8 E1 E5 E5 E4 E0
[T+9803520180us][CH2-Pc    ] 03
[T+9803531180us][CH1-Dispenser] 03 63
[T+9803598180us][CH2-Pc    ] 04
[T+9803602179us][CH1-Dispenser] 04 64
[T+9803676319us][CH1-Dispenser] 05
[T+9803676180us][CH2-Pc    ] 05
[T+9803842181us][CH1-Dispenser] 06
[T+9803842315us][CH2-Pc    ] 06
[T+9804022179us][CH1-Dispenser] 01 61
[T+9804018180us][CH2-Pc    ] 01
[T+9804096180us][CH2-Pc    ] 02
[T+9804102204us][CH1-Dispenser] 02 92
[T+9804123204us][CH2-Pc    ] 62
[T+9804140180us][CH1-Dispenser] 62 E4 E8 E5 E5 E4 E0
[T+9804212204us][CH2-Pc    ] 03
[T+9804219180us][CH1-Dispenser] 03 63
[T+9804290180us][CH2-Pc    ] 04
[T+9804298183us][CH1-Dispenser] 04 64
[T+9804374183us][CH1-Dispenser] 05
[T+9804374318us][CH2-Pc    ] 05
[T+9804549180us][CH1-Dispenser] 06
[T+9804549315us][CH2-Pc    ] 06
[T+9804724180us][CH2-Pc    ] 01
[T+9804733218us][CH1-Dispenser] 01 61
[T+9804802205us][CH2-Pc    ] 02
[T+9804807179us][CH1-Dispenser] 02 92
[T+9804829180us][CH2-Pc    ] 62
[T+9804843180us][CH1-Dispenser] 62 E4 E9 E6 E5 E4 E0
[T+9804908180us][CH2-Pc    ] 03
[T+9804914357us][CH1-Dispenser] 03 63
[T+9804986204us][CH2-Pc    ] 04
[T+9804994850us][CH1-Dispenser] 04 64
[T+9805065179us][CH1-Dispenser] 05
[T+9805064180us][CH2-Pc    ] 05
[T+9805239181us][CH1-Dispenser] 06
[T+9805239316us][CH2-Pc    ] 06
[T+9805404204us][CH2-Pc    ] 01
[T+9805413180us][CH1-Dispenser] 01 61
[T+9805486180us][CH2-Pc    ] 02
[T+9805492828us][CH1-Dispenser] 02 92
[T+9805513205us][CH2-Pc    ] 62
[T+9805525204us][CH1-Dispenser] 62 E8 E4 E8 E5 E4 E0
[T+9805592180us][CH2-Pc    ] 03
[T+9805599180us][CH1-Dispenser] 03 63
[T+9805670180us][CH2-Pc    ] 04
[T+9805678816us][CH1-Dispenser] 04 64
[T+9805748180us][CH1-Dispenser] 05
[T+9805748315us][CH2-Pc    ] 05
[T+9805923315us][CH1-Dispenser] 06
[T+9805923180us][CH2-Pc    ] 06
[T+9806098180us][CH2-Pc    ] 01
[T+9806104831us][CH1-Dispenser] 01 61
[T+9806176205us][CH2-Pc    ] 02
[T+9806185204us][CH1-Dispenser] 02 92
[T+9806203204us][CH2-Pc    ] 62
[T+9806219181us][CH1-Dispenser] 62 E4 E1 E9 E5 E4 E0
[T+9806292180us][CH2-Pc    ] 03
[T+9806298203us][CH1-Dispenser] 03 63
[T+9806370205us][CH2-Pc    ] 04
[T+9806377805us][CH1-Dispenser] 04 64
[T+9806448181us][CH1-Dispenser] 05
[T+9806448315us][CH2-Pc    ] 05
[T+9806625319us][CH1-Dispenser] 06
[T+9806625180us][CH2-Pc    ] 06
[T+9806800180us][CH2-Pc    ] 01
[T+9806807180us][CH1-Dispenser] 01 61
[T+9806878180us][CH2-Pc    ] 02
[T+9806882819us][CH1-Dispenser] 02 92
[T+9806905180us][CH2-Pc    ] 62
[T+9806919180us][CH1-Dispenser] 62 E5 E2 E9 E5 E4 E0
[T+9806984180us][CH2-Pc    ] 03
[T+9806988179us][CH1-Dispenser] 03 63
[T+9807062180us][CH2-Pc    ] 04
[T+9807067179us][CH1-Dispenser] 04 64
[T+9807140316us][CH1-Dispenser] 05
[T+9807140181us][CH2-Pc    ] 05
[T+9807318180us][CH1-Dispenser] 06
[T+9807318315us][CH2-Pc    ] 06
[T+9807482180us][CH2-Pc    ] 01
[T+9807487179us][CH1-Dispenser] 01 61
[T+9807550213us][CH2-Pc    ] 02
[T+9807559181us][CH1-Dispenser] 02 92
[T+9807577204us][CH2-Pc    ] 62
[T+9807592180us][CH1-Dispenser] 62 E8 E5 E9 E5 E4 E0
[T+9807661180us][CH2-Pc    ] 03
[T+9807671180us][CH1-Dispenser] 03 63
[T+9807739180us][CH2-Pc    ] 04
[T+9807748219us][CH1-Dispenser] 04 64
[T+9807817180us][CH1-Dispenser] 05
[T+9807817313us][CH2-Pc    ] 05
[T+9807992180us][CH1-Dispenser] 06
[T+9807992315us][CH2-Pc    ] 06
[T+9808156180us][CH2-Pc    ] 01
[T+9808163831us][CH1-Dispenser] 01 61
[T+9808234180us][CH2-Pc    ] 02
[T+9808242180us][CH1-Dispenser] 02 92
[T+9808262180us][CH2-Pc    ] 62
[T+9808273180us][CH1-Dispenser] 62 E1 E9 E9 E5 E4 E0
[T+9808342204us][CH2-Pc    ] 03
[T+9808349751us][CH1-Dispenser] 03 63
[T+9808420180us][CH2-Pc    ] 04
[T+9808428180us][CH1-Dispenser] 04 64
[T+9808500314us][CH1-Dispenser] 05
[T+9808500180us][CH2-Pc    ] 05
[T+9808675181us][CH1-Dispenser] 06
[T+9808675317us][CH2-Pc    ] 06
[T+9808851180us][CH2-Pc    ] 01
[T+9808857203us][CH1-Dispenser] 01 61
[T+9808929205us][CH2-Pc    ] 02
[T+9808938340us][CH1-Dispenser] 02 92
[T+9808956204us][CH2-Pc    ] 62
[T+9808973180us][CH1-Dispenser] 62 E1 E9 E9 E5 E4 E0
[T+9809046180us][CH2-Pc    ] 03
[T+9809053188us][CH1-Dispenser] 03 63
[T+9809124180us][CH2-Pc    ] 04
[T+9809129179us][CH1-Dispenser] 04 64
[T+9809203181us][CH1-Dispenser] 05
[T+9809203317us][CH2-Pc    ] 05
[T+9809378180us][CH1-Dispenser] 06
[T+9809378312us][CH2-Pc    ] 06
[T+9809555204us][CH2-Pc    ] 01
[T+9809564204us][CH1-Dispenser] 01 61
[T+9809634180us][CH2-Pc    ] 02
[T+9809642782us][CH1-Dispenser] 02 92
[T+9809661180us][CH2-Pc    ] 62
[T+9809675180us][CH1-Dispenser] 62 E1 E9 E9 E5 E4 E0
[T+9809740180us][CH2-Pc    ] 03
[T+9809749724us][CH1-Dispenser] 03 63
[T+9809818204us][CH2-Pc    ] 04
[T+9809824218us][CH1-Dispenser] 04 64
[T+9809896180us][CH1-Dispenser] 05
[T+9809897180us][CH2-Pc    ] 05
[T+9810064315us][CH1-Dispenser] 06
[T+9810064180us][CH2-Pc    ] 06
[T+9810239180us][CH2-Pc    ] 01
[T+9810248213us][CH1-Dispenser] 01 61
[T+9810318180us][CH2-Pc    ] 02
[T+9810323179us][CH1-Dispenser] 02 92
[T+9810346180us][CH2-Pc    ] 62
[T+9810360180us][CH1-Dispenser] 62 E1 E9 E9 E5 E4 E0
[T+9810425180us][CH2-Pc    ] 03
[T+9810436180us][CH1-Dispenser] 03 63
[T+9810504180us][CH2-Pc    ] 04
[T+9810509187us][CH1-Dispenser] 04 64
[T+9810582180us][CH1-Dispenser] 05
[T+9810582316us][CH2-Pc    ] 05
[T+9810757181us][CH1-Dispenser] 06
[T+9810757318us][CH2-Pc    ] 06
[T+9810921180us][CH2-Pc    ] 01
[T+9810930181us][CH1-Dispenser] 01 61
[T+9810999204us][CH2-Pc    ] 02
[T+9811009614us][CH1-Dispenser] 02 92
[T+9811026180us][CH2-Pc    ] 62
[T+9811040180us][CH1-Dispenser] 62 E1 E9 E9 E5 E4 E0
[T+9811105180us][CH2-Pc    ] 03
[T+9811113208us][CH1-Dispenser] 03 63
[T+9811184180us][CH2-Pc    ] 04
[T+9811195180us][CH1-Dispenser] 04 64
[T+9811264180us][CH1-Dispenser] 05
[T+9811264315us][CH2-Pc    ] 05
[T+9811439317us][CH1-Dispenser] 06
[T+9811439180us][CH2-Pc    ] 06
[T+9811616292us][CH2-Pc    ] 01
[T+9811624185us][CH1-Dispenser] 01 61
[T+9811694180us][CH2-Pc    ] 02
[T+9811705180us][CH1-Dispenser] 02 92
[T+9811722180us][CH2-Pc    ] 62
[T+9811734208us][CH1-Dispenser] 62 E1 E9 E9 E5 E4 E0
[T+9811802180us][CH2-Pc    ] 03
[T+9811810185us][CH1-Dispenser] 03 63
[T+9811880180us][CH2-Pc    ] 04
[T+9811889205us][CH1-Dispenser] 04 64
[T+9811958180us][CH1-Dispenser] 05
[T+9811958315us][CH2-Pc    ] 05
[T+9812146181us][CH1-Dispenser] 06
[T+9812146317us][CH2-Pc    ] 06
[T+9812310180us][CH2-Pc    ] 01
[T+9812318180us][CH1-Dispenser] 01 61
[T+9812389180us][CH2-Pc    ] 02
[T+9812397181us][CH1-Dispenser] 02 92
[T+9812416180us][CH2-Pc    ] 62
[T+9812430180us][CH1-Dispenser] 62 E1 E9 E9 E5 E4 E0
[T+9812496204us][CH2-Pc    ] 03
[T+9812504180us][CH1-Dispenser] 03 63
[T+9812574180us][CH2-Pc    ] 04
[T+9812579783us][CH1-Dispenser] 04 64
[T+9812652180us][CH1-Dispenser] 05
[T+9812652316us][CH2-Pc    ] 05
[T+9812828182us][CH1-Dispenser] 06
[T+9812828319us][CH2-Pc    ] 06
[T+9813003180us][CH2-Pc    ] 01
[T+9813007800us][CH1-Dispenser] 01 61
[T+9813070204us][CH2-Pc    ] 02
[T+9813079204us][CH1-Dispenser] 02 92
[T+9813098180us][CH2-Pc    ] 62
[T+9813110348us][CH1-Dispenser] 62 E1 E9 E9 E5 E4 E0
[T+9813177180us][CH2-Pc    ] 03
[T+9813185312us][CH1-Dispenser] 03 63
[T+9813255180us][CH2-Pc    ] 04
[T+9813264205us][CH1-Dispenser] 04 64
[T+9813333180us][CH1-Dispenser] 05
[T+9813333316us][CH2-Pc    ] 05
[T+9813500314us][CH1-Dispenser] 06
[T+9813500180us][CH2-Pc    ] 06
[T+9813677204us][CH2-Pc    ] 01
[T+9813683225us][CH1-Dispenser] 01 61
[T+9813757180us][CH2-Pc    ] 02
[T+9813765180us][CH1-Dispenser] 02 B2
[T+9814335204us][CH2-Pc    ] 03
[T+9814344204us][CH1-Dispenser] 03 63
[T+9814413204us][CH2-Pc    ] 04
[T+9814419218us][CH1-Dispenser] 04 64
[T+9814493315us][CH1-Dispenser] 05
[T+9814493180us][CH2-Pc    ] 05
[T+9814679180us][CH1-Dispenser] 06
[T+9814679319us][CH2-Pc    ] 06
[T+9814847179us][CH1-Dispenser] 01 61
[T+9814843180us][CH2-Pc    ] 01
[T+9814921181us][CH2-Pc    ] 02
[T+9814930222us][CH1-Dispenser] 02 62
[T+9815500204us][CH2-Pc    ] 03
[T+9815509558us][CH1-Dispenser] 03 63
[T+9815578204us][CH2-Pc    ] 04
[T+9815583774us][CH1-Dispenser] 04 64
[T+9815656314us][CH1-Dispenser] 05
[T+9815656181us][CH2-Pc    ] 05
[T+9815833180us][CH1-Dispenser] 06
[T+9815833314us][CH2-Pc    ] 06
[T+9815998204us][CH2-Pc    ] 01
[T+9816004810us][CH1-Dispenser] 01 61
[T+9816078180us][CH2-Pc    ] 02
[T+9816083179us][CH1-Dispenser] 02 62
[T+9816106180us][CH1-Dispenser] 42
[T+9816106312us][CH2-Pc    ] 42
[T+9816156180us][CH1-Dispenser] FF F1 F8 EB E1 E0 E0 E0 F6 E1 F4 F7 E0 E0 E1 E1 F9 E0 E1 E8 E1 E4 E0 FA E1 E9 E9 E5 E4 E0 FB E0 F0
[T+9816178316us][CH1-Dispenser] 52
[T+9816178180us][CH2-Pc    ] 52
[T+9816306180us][CH1-Dispenser] FF F6 E0 F9 E2 E4 E4 E2 E4 E8 E6 E2 FA E9 E0 E8 E4 E2 E1 E5 E8 F4 E0 E3 E1 E1 F5 E0 E0 E0 E0 F6 E1 F9 E2 E1 E1 E0 E4 E8 E5 E3 FA E0 E9 E9 E6 E0 E8 E4 E8 F4 E0 E0 E1 E1 F5 E0 E0 E0 E0 F6 E2 F9 E6 E7 E8 E9 E5 E4 E9 E9 FA E8 E2 E2 E3 E7 E8 E1 E8 F4 E0 E3 E4 E1 F5 E0 E0 E0 E0 FB E5 F0
[T+9816376180us][CH2-Pc    ] 03
[T+9816385218us][CH1-Dispenser] 03 63
[T+9816454204us][CH2-Pc    ] 04
[T+9816460830us][CH1-Dispenser] 04 64
[T+9816532318us][CH1-Dispenser] 05
[T+9816532181us][CH2-Pc    ] 05
[T+9816708319us][CH1-Dispenser] 06
[T+9816708181us][CH2-Pc    ] 06
[T+9816883180us][CH2-Pc    ] 01
[T+9816888779us][CH1-Dispenser] 01 61
[T+9816961180us][CH2-Pc    ] 02
[T+9816969182us][CH1-Dispenser] 02 62
[T+9816988180us][CH2-Pc    ] 42
[T+9817036204us][CH1-Dispenser] 42 FF F1 F8 EB E1 E0 E0 E0 F6 E1 F4 F7 E0 E0 E1 E1 F9 E0 E1 E8 E1 E4 E0 FA E1 E9 E9 E5 E4 E0 FB E0 F0
[T+9817054179us][CH1-Dispenser] 52
[T+9817053180us][CH2-Pc    ] 52
[T+9817182204us][CH1-Dispenser] FF F6 E0 F9 E2 E4 E4 E2 E4 E8 E6 E2 FA E9 E0 E8 E4 E2 E1 E5 E8 F4 E0 E3 E1 E1 F5 E0 E0 E0 E0 F6 E1 F9 E2 E1 E1 E0 E4 E8 E5 E3 FA E0 E9 E9 E6 E0 E8 E4 E8 F4 E0 E0 E1 E1 F5 E0 E0 E0 E0 F6 E2 F9 E6 E7 E8 E9 E5 E4 E9 E9 FA E8 E2 E2 E3 E7 E8 E1 E8 F4 E0 E3 E4 E1 F5 E0 E0 E0 E0 FB E5 F0
[T+9817263204us][CH2-Pc    ] 03
[T+9817271182us][CH1-Dispenser] 03 63
[T+9817341180us][CH2-Pc    ] 04
[T+9817351180us][CH1-Dispenser] 04 64
[T+9817419180us][CH1-Dispenser] 05
[T+9817419319us][CH2-Pc    ] 05
[T+9817594180us][CH1-Dispenser] 06
[T+9817594319us][CH2-Pc    ] 06
[T+9817768204us][CH2-Pc    ] 01
[T+9817773179us][CH1-Dispenser] 01 61
[T+9817846180us][CH2-Pc    ] 02
[T+9817854746us][CH1-Dispenser] 02 62
[T+9817926205us][CH2-Pc    ] 03
[T+9817934181us][CH1-Dispenser] 03 63
[T+9818024179us][CH1-Dispenser] 04 64
[T+9818020180us][CH2-Pc    ] 04
[T+9818098183us][CH1-Dispenser] 05
[T+9818098322us][CH2-Pc    ] 05
[T+9818266181us][CH1-Dispenser] 06
[T+9818266317us][CH2-Pc    ] 06
[T+9818441180us][CH2-Pc    ] 01
[T+9818449180us][CH1-Dispenser] 01 61
[T+9818519180us][CH2-Pc    ] 02
[T+9818530180us][CH1-Dispenser] 02 62
[T+9818597180us][CH2-Pc    ] 03
[T+9818605746us][CH1-Dispenser] 03 63
[T+9818676180us][CH2-Pc    ] 04
[T+9818684180us][CH1-Dispenser] 04 64
[T+9818754180us][CH1-Dispenser] 05
[T+9818754315us][CH2-Pc    ] 05
[T+9818928315us][CH1-Dispenser] 06
[T+9818928180us][CH2-Pc    ] 06
[T+9819093180us][CH2-Pc    ] 01
[T+9819101187us][CH1-Dispenser] 01 61
[T+9819172180us][CH2-Pc    ] 02
[T+9819178218us][CH1-Dispenser] 02 62
[T+9819251180us][CH2-Pc    ] 03
[T+9819259823us][CH1-Dispenser] 03 63
[T+9819329180us][CH2-Pc    ] 04
[T+9819334179us][CH1-Dispenser] 04 64
[T+9819408181us][CH1-Dispenser] 05
[T+9819408313us][CH2-Pc    ] 05
[T+9819586180us][CH1-Dispenser] 06
[T+9819586318us][CH2-Pc    ] 06
[T+9819753180us][CH2-Pc    ] 01
[T+9819759218us][CH1-Dispenser] 01 61
[T+9819832180us][CH2-Pc    ] 02
[T+9819838188us][CH1-Dispenser] 02 62
[T+9819911205us][CH2-Pc    ] 03
[T+9819920837us][CH1-Dispenser] 03 63
[T+9819989204us][CH2-Pc    ] 04
[T+9819994179us][CH1-Dispenser] 04 64
[T+9820067317us][CH1-Dispenser] 05
[T+9820067181us][CH2-Pc    ] 05
[T+9820242180us][CH1-Dispenser] 06
[T+9820242316us][CH2-Pc    ] 06
[T+9820406180us][CH2-Pc    ] 01
[T+9820413179us][CH1-Dispenser] 01 61
[T+9820484180us][CH2-Pc    ] 02
[T+9820488179us][CH1-Dispenser] 02 62
[T+9820552180us][CH2-Pc    ] 03
[T+9820563180us][CH1-Dispenser] 03 63
[T+9820631180us][CH2-Pc    ] 04
[T+9820641180us][CH1-Dispenser] 04 64
[T+9820709180us][CH1-Dispenser] 05
[T+9820709316us][CH2-Pc    ] 05
[T+9820873316us][CH1-Dispenser] 06
[T+9820873181us][CH2-Pc    ] 06
[T+9821053204us][CH2-Pc    ] 01
[T+9821061822us][CH1-Dispenser] 01 61
[T+9821132180us][CH2-Pc    ] 02
[T+9821139180us][CH1-Dispenser] 02 62
[T+9821210180us][CH2-Pc    ] 03
[T+9821214179us][CH1-Dispenser] 03 63
[T+9821277204us][CH2-Pc    ] 04
[T+9821286208us][CH1-Dispenser] 04 64
[T+9821368181us][CH1-Dispenser] 05
[T+9821368312us][CH2-Pc    ] 05
[T+9821554180us][CH1-Dispenser] 06
[T+9821554311us][CH2-Pc    ] 06
[T+9821718180us][CH2-Pc    ] 01
[T+9821724844us][CH1-Dispenser] 01 61
[T+9821796204us][CH2-Pc    ] 02
[T+9821804180us][CH1-Dispenser] 02 62
[T+9821874180us][CH2-Pc    ] 03
[T+9821881183us][CH1-Dispenser] 03 63
[T+9821972180us][CH2-Pc    ] 04
[T+9821979179us][CH1-Dispenser] 04 64
[T+9822051317us][CH1-Dispenser] 05
[T+9822051181us][CH2-Pc    ] 05
[T+9822217316us][CH1-Dispenser] 06
[T+9822217180us][CH2-Pc    ] 06
[T+9822392180us][CH2-Pc    ] 01
[T+9822398218us][CH1-Dispenser] 01 61
[T+9822471180us][CH2-Pc    ] 02
[T+9822478179us][CH1-Dispenser] 02 62
[T+9822550188us][CH2-Pc    ] 03
[T+9822556229us][CH1-Dispenser] 03 63
[T+9822628180us][CH2-Pc    ] 04
[T+9822634861us][CH1-Dispenser] 04 64
[T+9822707315us][CH1-Dispenser] 05
[T+9822707180us][CH2-Pc    ] 05
[T+9822875180us][CH1-Dispenser] 06
[T+9822875313us][CH2-Pc    ] 06
[T+9823052204us][CH2-Pc    ] 01
[T+9823058268us][CH1-Dispenser] 01 61
[T+9823131180us][CH2-Pc    ] 02
[T+9823139187us][CH1-Dispenser] 02 62
[T+9823214181us][CH2-Pc    ] 03
[T+9823219182us][CH1-Dispenser] 03 63
[T+9823292180us][CH2-Pc    ] 04
[T+9823300181us][CH1-Dispenser] 04 64
[T+9823370312us][CH1-Dispenser] 05
[T+9823370180us][CH2-Pc    ] 05
[T+9823545182us][CH1-Dispenser] 06
[T+9823545318us][CH2-Pc    ] 06
[T+9823724180us][CH2-Pc    ] 01
[T+9823732187us][CH1-Dispenser] 01 61
[T+9823803180us][CH2-Pc    ] 02
[T+9823809218us][CH1-Dispenser] 02 62
[T+9823881180us][CH2-Pc    ] 03
[T+9823890181us][CH1-Dispenser] 03 63
[T+9823959205us][CH2-Pc    ] 04
[T+9823965203us][CH1-Dispenser] 04 64
[T+9824043316us][CH1-Dispenser] 05
[T+9824043181us][CH2-Pc    ] 05
[T+9824217180us][CH1-Dispenser] 06
[T+9824218179us][CH2-Pc    ] 06
[T+9824392180us][CH2-Pc    ] 01
[T+9824398203us][CH1-Dispenser] 01 61
[T+9824470204us][CH2-Pc    ] 02
[T+9824478187us][CH1-Dispenser] 02 62
[T+9824549181us][CH2-Pc    ] 03
[T+9824556180us][CH1-Dispenser] 03 63
[T+9824627180us][CH2-Pc    ] 04
[T+9824637180us][CH1-Dispenser] 04 64
[T+9824705181us][CH1-Dispenser] 05
[T+9824705315us][CH2-Pc    ] 05
[T+9824880181us][CH1-Dispenser] 06
[T+9824880314us][CH2-Pc    ] 06
[T+9825054180us][CH2-Pc    ] 01
[T+9825064180us][CH1-Dispenser] 01 61
[T+9825133204us][CH2-Pc    ] 02
[T+9825139203us][CH1-Dispenser] 02 62
[T+9825211205us][CH2-Pc    ] 03
[T+9825219187us][CH1-Dispenser] 03 63
[T+9825289180us][CH2-Pc    ] 04
[T+9825295860us][CH1-Dispenser] 04 64
[T+9825367317us][CH1-Dispenser] 05
[T+9825367181us][CH2-Pc    ] 05
[T+9825535180us][CH1-Dispenser] 06
[T+9825535315us][CH2-Pc    ] 06
[T+9825714180us][CH2-Pc    ] 01
[T+9825719188us][CH1-Dispenser] 01 61
[T+9825782205us][CH2-Pc    ] 02
[T+9825789179us][CH1-Dispenser] 02 62
[T+9825860180us][CH2-Pc    ] 03
[T+9825864179us][CH1-Dispenser] 03 63
[T+9825928180us][CH2-Pc    ] 04
[T+9825935180us][CH1-Dispenser] 04 64
[T+9826005315us][CH1-Dispenser] 05
[T+9826005182us][CH2-Pc    ] 05
[T+9826170181us][CH1-Dispenser] 06
[T+9826170316us][CH2-Pc    ] 06
[T+9826344204us][CH2-Pc    ] 01
[T+9826350204us][CH1-Dispenser] 01 61
[T+9826422204us][CH2-Pc    ] 02
[T+9826429180us][CH1-Dispenser] 02 62
[T+9826501205us][CH2-Pc    ] 03
[T+9826510184us][CH1-Dispenser] 03 63
[T+9826579204us][CH2-Pc    ] 04
[T+9826585218us][CH1-Dispenser] 04 64
[T+9826657180us][CH1-Dispenser] 05
[T+9826657318us][CH2-Pc    ] 05
[T+9826832317us][CH1-Dispenser] 06
[T+9826832181us][CH2-Pc    ] 06
[T+9827008180us][CH2-Pc    ] 01
[T+9827017180us][CH1-Dispenser] 01 61
[T+9827086180us][CH2-Pc    ] 02
[T+9827094186us][CH1-Dispenser] 02 62
[T+9827164180us][CH2-Pc    ] 03
[T+9827169206us][CH1-Dispenser] 03 63
[T+9827242180us][CH2-Pc    ] 04
[T+9827250823us][CH1-Dispenser] 04 64
[T+9827320180us][CH1-Dispenser] 05
[T+9827320316us][CH2-Pc    ] 05
[T+9827486181us][CH1-Dispenser] 06
[T+9827486315us][CH2-Pc    ] 06
[T+9827661180us][CH2-Pc    ] 01
[T+9827671180us][CH1-Dispenser] 01 61
[T+9827739180us][CH2-Pc    ] 02
[T+9827745218us][CH1-Dispenser] 02 62
[T+9827818180us][CH2-Pc    ] 03
[T+9827825183us][CH1-Dispenser] 03 63
[T+9827896316us][CH1-Dispenser] 04
[T+9827896181us][CH2-Pc    ] 04
[T+9827908204us][CH1-Dispenser] 64
[T+9827974180us][CH1-Dispenser] 05
[T+9827974316us][CH2-Pc    ] 05
[T+9828138180us][CH1-Dispenser] 06
[T+9828138316us][CH2-Pc    ] 06
[T+9828313180us][CH2-Pc    ] 01
[T+9828319204us][CH1-Dispenser] 01 61
[T+9828391206us][CH2-Pc    ] 02
[T+9828401180us][CH1-Dispenser] 02 62
[T+9828469180us][CH2-Pc    ] 03
[T+9828475218us][CH1-Dispenser] 03 63
[T+9828547204us][CH2-Pc    ] 04
[T+9828556204us][CH1-Dispenser] 04 64