connected
[T+80240896us][CH1-PC    ] 04
[T+80319872us][CH1-PC    ] 05
[T+80486871us][CH1-PC    ] 06
[T+80662871us][CH1-PC    ] 01
[T+80740896us][CH1-PC    ] 02
[T+80819871us][CH1-PC    ] 03
[T+80897871us][CH1-PC    ] 04
[T+80975873us][CH1-PC    ] 05
[T+81139871us][CH1-PC    ] 06
[T+81314871us][CH1-PC    ] 01
[T+81392872us][CH1-PC    ] 02
[T+81470871us][CH1-PC    ] 03
[T+81548871us][CH1-PC    ] 04
[T+81626872us][CH1-PC    ] 05
[T+81801896us][CH1-PC    ] 06
[T+81976872us][CH1-PC    ] 01
[T+82055871us][CH1-PC    ] 02
[T+82132871us][CH1-PC    ] 03
[T+82210871us][CH1-PC    ] 04
[T+82288871us][CH1-PC    ] 05
[T+82452871us][CH1-PC    ] 06
[T+82627871us][CH1-PC    ] 01
[T+82705906us][CH1-PC    ] 02
[T+82772872us][CH1-PC    ] 03
[T+82851871us][CH1-PC    ] 04
[T+82929871us][CH1-PC    ] 05
[T+83093871us][CH1-PC    ] 06
[T+83270872us][CH1-PC    ] 01
[T+83348871us][CH1-PC    ] 02
[T+83426871us][CH1-PC    ] 03
[T+83504871us][CH1-PC    ] 04
[T+83582871us][CH1-PC    ] 05
[T+83757871us][CH1-PC    ] 06
[T+83921872us][CH1-PC    ] 01
[T+83999871us][CH1-PC    ] 02
[T+84077871us][CH1-PC    ] 03
[T+84155871us][CH1-PC    ] 04
[T+84233871us][CH1-PC    ] 05
[T+84408896us][CH1-PC    ] 06
[T+84583871us][CH1-PC    ] 01
[T+84661871us][CH1-PC    ] 02
[T+84739873us][CH1-PC    ] 03
[T+84817871us][CH1-PC    ] 04
[T+84895871us][CH1-PC    ] 05
[T+85071871us][CH1-PC    ] 06
[T+85234871us][CH1-PC    ] 01
[T+85312896us][CH1-PC    ] 02
[T+85391871us][CH1-PC    ] 03
[T+85469871us][CH1-PC    ] 04
[T+85547872us][CH1-PC    ] 05
[T+85723872us][CH1-PC    ] 06
[T+85897872us][CH1-PC    ] 01
[T+85976873us][CH1-PC    ] 02
[T+86003871us][CH1-PC    ] 22
[T+86025872us][CH1-PC    ] FF
[T+86037872us][CH1-PC    ] E9
[T+86051871us][CH1-PC    ] FE
[T+86064792us][CH1-PC    ] E0
[T+86076872us][CH1-PC    ] E1
[T+86089880us][CH1-PC    ] E0
[T+86101872us][CH1-PC    ] FB
[T+86114897us][CH1-PC    ] EE
[T+86127903us][CH1-PC    ] F0
[T+86231872us][CH1-PC    ] 03
[T+86309872us][CH1-PC    ] 04
[T+86388734us][CH1-PC    ] 05
[T+86562871us][CH1-PC    ] 06
[T+86736871us][CH1-PC    ] 01
[T+86814871us][CH1-PC    ] 02
[T+86843042us][CH1-PC    ] 22
[T+86863879us][CH1-PC    ] FF
[T+86876872us][CH1-PC    ] E9
[T+86889896us][CH1-PC    ] FE
[T+86901898us][CH1-PC    ] E0
[T+86914871us][CH1-PC    ] E1
[T+86927871us][CH1-PC    ] E0
[T+86939871us][CH1-PC    ] FB
[T+86952871us][CH1-PC    ] EE
[T+86965896us][CH1-PC    ] F0
[T+87057896us][CH1-PC    ] 03
[T+87135871us][CH1-PC    ] 04
[T+87213896us][CH1-PC    ] 05
[T+87398872us][CH1-PC    ] 06
[T+87563871us][CH1-PC    ] 01
[T+87641896us][CH1-PC    ] 02
[T+87657896us][CH1-PC    ] 22
[T+87679871us][CH1-PC    ] FF
[T+87691871us][CH1-PC    ] E9
[T+87705040us][CH1-PC    ] FE
[T+87717897us][CH1-PC    ] E0
[T+87729897us][CH1-PC    ] E1
[T+87743402us][CH1-PC    ] E0
[T+87755871us][CH1-PC    ] FB
[T+87768871us][CH1-PC    ] EE
[T+87780871us][CH1-PC    ] F0
[T+87873896us][CH1-PC    ] 03
[T+87951871us][CH1-PC    ] 04
[T+88029896us][CH1-PC    ] 05
[T+88205046us][CH1-PC    ] 06
[T+88379871us][CH1-PC    ] 01
[T+88457896us][CH1-PC    ] 02
[T+88484871us][CH1-PC    ] 22
[T+88506871us][CH1-PC    ] FF
[T+88518871us][CH1-PC    ] E9
[T+88531872us][CH1-PC    ] FE
[T+88544871us][CH1-PC    ] E0
[T+88556872us][CH1-PC    ] E1
[T+88569896us][CH1-PC    ] E0
[T+88582871us][CH1-PC    ] FB
[T+88595871us][CH1-PC    ] EE
[T+88607872us][CH1-PC    ] F0
[T+88709896us][CH1-PC    ] 03
[T+88787871us][CH1-PC    ] 04
[T+88865896us][CH1-PC    ] 05
[T+89036875us][CH1-PC    ] 06
[T+89211871us][CH1-PC    ] 01
[T+89290871us][CH1-PC    ] 02
[T+89317897us][CH1-PC    ] 22
[T+89339871us][CH1-PC    ] FF
[T+89352871us][CH1-PC    ] E9
[T+89365902us][CH1-PC    ] FE
[T+89377888us][CH1-PC    ] E0
[T+89390896us][CH1-PC    ] E1
[T+89402896us][CH1-PC    ] E0
[T+89415871us][CH1-PC    ] FB
[T+89428872us][CH1-PC    ] EE
[T+89440872us][CH1-PC    ] F0
[T+89532871us][CH1-PC    ] 03
[T+89600871us][CH1-PC    ] 04
[T+89679897us][CH1-PC    ] 05
[T+89843897us][CH1-PC    ] 06
[T+90017871us][CH1-PC    ] 01
[T+90096872us][CH1-PC    ] 02
[T+90123896us][CH1-PC    ] 22
[T+90145871us][CH1-PC    ] FF
[T+90157871us][CH1-PC    ] E9
[T+90170873us][CH1-PC    ] FE
[T+90182873us][CH1-PC    ] E0
[T+90195899us][CH1-PC    ] E1
[T+90208872us][CH1-PC    ] E0
[T+90221872us][CH1-PC    ] FB
[T+90233871us][CH1-PC    ] EE
[T+90255896us][CH1-PC    ] F0
[T+90354871us][CH1-PC    ] 03
[T+90435896us][CH1-PC    ] 04
[T+90514871us][CH1-PC    ] 05
[T+90689873us][CH1-PC    ] 06
[T+90864871us][CH1-PC    ] 01
[T+90942872us][CH1-PC    ] 02
[T+90970926us][CH1-PC    ] 22
[T+90991896us][CH1-PC    ] FF
[T+91004871us][CH1-PC    ] E9
[T+91016871us][CH1-PC    ] FE
[T+91029871us][CH1-PC    ] E0
[T+91043219us][CH1-PC    ] E1
[T+91054871us][CH1-PC    ] E0
[T+91067898us][CH1-PC    ] FB
[T+91080871us][CH1-PC    ] EE
[T+91093871us][CH1-PC    ] F0
[T+91194871us][CH1-PC    ] 03
[T+91272872us][CH1-PC    ] 04
[T+91350871us][CH1-PC    ] 05
[T+91514872us][CH1-PC    ] 06
[T+91689871us][CH1-PC    ] 01
[T+91768871us][CH1-PC    ] 02
[T+91795896us][CH1-PC    ] 22
[T+91816871us][CH1-PC    ] FF
[T+91829872us][CH1-PC    ] E9
[T+91842871us][CH1-PC    ] FE
[T+91854872us][CH1-PC    ] E0
[T+91867941us][CH1-PC    ] E1
[T+91880871us][CH1-PC    ] E0
[T+91892871us][CH1-PC    ] FB
[T+91905879us][CH1-PC    ] EE
[T+91918912us][CH1-PC    ] F0
[T+92019902us][CH1-PC    ] 03
[T+92098871us][CH1-PC    ] 04
[T+92176872us][CH1-PC    ] 05
[T+92351896us][CH1-PC    ] 06
[T+92515896us][CH1-PC    ] 01
[T+92594872us][CH1-PC    ] 02
[T+92621871us][CH1-PC    ] 22
[T+92643031us][CH1-PC    ] FF
[T+92655896us][CH1-PC    ] E9
[T+92668903us][CH1-PC    ] FE
[T+92680873us][CH1-PC    ] E0
[T+92693901us][CH1-PC    ] E1
[T+92706871us][CH1-PC    ] E0
[T+92718872us][CH1-PC    ] FB
[T+92731897us][CH1-PC    ] EE
[T+92744871us][CH1-PC    ] F0
[T+92845871us][CH1-PC    ] 03
[T+92923896us][CH1-PC    ] 04
[T+93001871us][CH1-PC    ] 05
[T+93176871us][CH1-PC    ] 06
[T+93350874us][CH1-PC    ] 01
[T+93418871us][CH1-PC    ] 02
[T+93445878us][CH1-PC    ] 22
[T+93467897us][CH1-PC    ] FF
[T+93479899us][CH1-PC    ] E9
[T+93492910us][CH1-PC    ] FE
[T+93505872us][CH1-PC    ] E0
[T+93517872us][CH1-PC    ] E1
[T+93530871us][CH1-PC    ] E0
[T+93543896us][CH1-PC    ] FB
[T+93555898us][CH1-PC    ] EE
[T+93568871us][CH1-PC    ] F0
[T+93670872us][CH1-PC    ] 03
[T+93748872us][CH1-PC    ] 04
[T+93826871us][CH1-PC    ] 05
[T+94001871us][CH1-PC    ] 06
[T+94176872us][CH1-PC    ] 01
[T+94243896us][CH1-PC    ] 02
[T+94270872us][CH1-PC    ] 22
[T+94292871us][CH1-PC    ] FF
[T+94304872us][CH1-PC    ] E9
[T+94317872us][CH1-PC    ] FE
[T+94330871us][CH1-PC    ] E0
[T+94343012us][CH1-PC    ] E1
[T+94355897us][CH1-PC    ] E0
[T+94368871us][CH1-PC    ] FB
[T+94381871us][CH1-PC    ] EE
[T+94393872us][CH1-PC    ] F0
[T+94490871us][CH1-PC    ] 03
[T+94568871us][CH1-PC    ] 04
[T+94646873us][CH1-PC    ] 05
[T+94810871us][CH1-PC    ] 06
[T+94985871us][CH1-PC    ] 01
[T+95063896us][CH1-PC    ] 02
[T+95091902us][CH1-PC    ] 22
[T+95112871us][CH1-PC    ] FF
[T+95125871us][CH1-PC    ] E9
[T+95137871us][CH1-PC    ] FE
[T+95150871us][CH1-PC    ] E0
[T+95163898us][CH1-PC    ] E1
[T+95175916us][CH1-PC    ] E0
[T+95192872us][CH1-PC    ] FB
[T+95205904us][CH1-PC    ] EE
[T+95217907us][CH1-PC    ] F0
[T+95320871us][CH1-PC    ] 03
[T+95398873us][CH1-PC    ] 04
[T+95476871us][CH1-PC    ] 05
[T+95640872us][CH1-PC    ] 06
[T+95815896us][CH1-PC    ] 01
[T+95883896us][CH1-PC    ] 02
[T+95910872us][CH1-PC    ] 22
[T+95931896us][CH1-PC    ] FF
[T+95944871us][CH1-PC    ] E9
[T+95957872us][CH1-PC    ] FE
[T+95969871us][CH1-PC    ] E0
[T+95982871us][CH1-PC    ] E1
[T+95995938us][CH1-PC    ] E0
[T+96007896us][CH1-PC    ] FB
[T+96020872us][CH1-PC    ] EE
[T+96033872us][CH1-PC    ] F0
[T+96134872us][CH1-PC    ] 03
[T+96217874us][CH1-PC    ] 04
[T+96296872us][CH1-PC    ] 05
[T+96467896us][CH1-PC    ] 06
[T+96643027us][CH1-PC    ] 01
[T+96721871us][CH1-PC    ] 02
[T+96748871us][CH1-PC    ] 22
[T+96769871us][CH1-PC    ] FF
[T+96782872us][CH1-PC    ] E9
[T+96795897us][CH1-PC    ] FE
[T+96807897us][CH1-PC    ] E0
[T+96820872us][CH1-PC    ] E1
[T+96833871us][CH1-PC    ] E0
[T+96846871us][CH1-PC    ] FB
[T+96858872us][CH1-PC    ] EE
[T+96871896us][CH1-PC    ] F0
[T+96963871us][CH1-PC    ] 03
[T+97041871us][CH1-PC    ] 04
[T+97119871us][CH1-PC    ] 05
[T+97304896us][CH1-PC    ] 06
[T+97505872us][CH1-PC    ] 01
[T+97583871us][CH1-PC    ] 02
[T+97610871us][CH1-PC    ] 22
[T+97632896us][CH1-PC    ] FF
[T+97645871us][CH1-PC    ] E9
[T+97657871us][CH1-PC    ] FE
[T+97670873us][CH1-PC    ] E0
[T+97682872us][CH1-PC    ] E1
[T+97695872us][CH1-PC    ] E0
[T+97708897us][CH1-PC    ] FB
[T+97720901us][CH1-PC    ] EE
[T+97733871us][CH1-PC    ] F0
[T+97835871us][CH1-PC    ] 03
[T+97913872us][CH1-PC    ] 04
[T+97991873us][CH1-PC    ] 05
[T+98158871us][CH1-PC    ] 06
[T+98334871us][CH1-PC    ] 01
[T+98412896us][CH1-PC    ] 02
[T+98439871us][CH1-PC    ] 22
[T+98461871us][CH1-PC    ] FF
[T+98473871us][CH1-PC    ] E9
[T+98486872us][CH1-PC    ] FE
[T+98500615us][CH1-PC    ] E0
[T+98512142us][CH1-PC    ] E1
[T+98532896us][CH1-PC    ] E0 FB
[T+98546871us][CH1-PC    ] EE
[T+98558871us][CH1-PC    ] F0
[T+98661871us][CH1-PC    ] 03
[T+98739871us][CH1-PC    ] 04
[T+98817871us][CH1-PC    ] 05
[T+98992896us][CH1-PC    ] 06
[T+99156897us][CH1-PC    ] 01
[T+99235871us][CH1-PC    ] 02
[T+99261871us][CH1-PC    ] 22
[T+99283871us][CH1-PC    ] FF
[T+99296900us][CH1-PC    ] E9
[T+99308918us][CH1-PC    ] FE
[T+99321871us][CH1-PC    ] E0
[T+99334872us][CH1-PC    ] E1
[T+99346871us][CH1-PC    ] E0
[T+99359871us][CH1-PC    ] FB
[T+99372896us][CH1-PC    ] EE
[T+99385871us][CH1-PC    ] F0
[T+99486871us][CH1-PC    ] 03
[T+99564897us][CH1-PC    ] 04
[T+99643024us][CH1-PC    ] 05
[T+99817872us][CH1-PC    ] 06
[T+99992897us][CH1-PC    ] 01
[T+100070871us][CH1-PC    ] 02
[T+100097871us][CH1-PC    ] 22
[T+100119871us][CH1-PC    ] FF
[T+100131871us][CH1-PC    ] E9
[T+100144896us][CH1-PC    ] FE
[T+100157871us][CH1-PC    ] E0
[T+100170873us][CH1-PC    ] E1
[T+100182871us][CH1-PC    ] E0
[T+100195871us][CH1-PC    ] FB
[T+100208949us][CH1-PC    ] EE
[T+100220896us][CH1-PC    ] F0
[T+100319871us][CH1-PC    ] 03
[T+100398872us][CH1-PC    ] 04
[T+100477871us][CH1-PC    ] 05
[T+100663871us][CH1-PC    ] 06
[T+100827871us][CH1-PC    ] 01
[T+100905871us][CH1-PC    ] 02
[T+100932896us][CH1-PC    ] 22
[T+100955475us][CH1-PC    ] FF
[T+100966871us][CH1-PC    ] E9
[T+100979871us][CH1-PC    ] FE
[T+100992986us][CH1-PC    ] E0
[T+101005871us][CH1-PC    ] E1
[T+101017871us][CH1-PC    ] E0
[T+101030872us][CH1-PC    ] FB
[T+101043872us][CH1-PC    ] EE
[T+101055872us][CH1-PC    ] F0
[T+101158871us][CH1-PC    ] 03
[T+101236897us][CH1-PC    ] 04
[T+101314871us][CH1-PC    ] 05
[T+101489871us][CH1-PC    ] 06
[T+101664896us][CH1-PC    ] 01
[T+101742871us][CH1-PC    ] 02
[T+101769871us][CH1-PC    ] 22
[T+101791871us][CH1-PC    ] FF
[T+101803872us][CH1-PC    ] E9
[T+101816897us][CH1-PC    ] FE
[T+101829871us][CH1-PC    ] E0
[T+101841872us][CH1-PC    ] E1
[T+101854871us][CH1-PC    ] E0
[T+101867875us][CH1-PC    ] FB
[T+101879872us][CH1-PC    ] EE
[T+101892896us][CH1-PC    ] F0
[T+101994871us][CH1-PC    ] 03
[T+102072896us][CH1-PC    ] 04
[T+102150871us][CH1-PC    ] 05
[T+102336896us][CH1-PC    ] 06
[T+102502871us][CH1-PC    ] 01
[T+102580896us][CH1-PC    ] 02
[T+102607872us][CH1-PC    ] 22
[T+102629871us][CH1-PC    ] FF
[T+102641871us][CH1-PC    ] E9
[T+102654874us][CH1-PC    ] FE
[T+102667871us][CH1-PC    ] E0
[T+102679881us][CH1-PC    ] E1
[T+102692898us][CH1-PC    ] E0
[T+102705873us][CH1-PC    ] FB
[T+102717871us][CH1-PC    ] EE
[T+102730871us][CH1-PC    ] F0
[T+102832898us][CH1-PC    ] 03
[T+102910871us][CH1-PC    ] 04
[T+102990872us][CH1-PC    ] 05
[T+103154871us][CH1-PC    ] 06
[T+103329871us][CH1-PC    ] 01
[T+103407871us][CH1-PC    ] 02
[T+103434871us][CH1-PC    ] 22
[T+103456896us][CH1-PC    ] FF
[T+103468897us][CH1-PC    ] E9
[T+103481871us][CH1-PC    ] FE
[T+103495871us][CH1-PC    ] E0
[T+103507871us][CH1-PC    ] E1
[T+103520896us][CH1-PC    ] E0
[T+103533871us][CH1-PC    ] FB
[T+103548896us][CH1-PC    ] EE
[T+103560896us][CH1-PC    ] F0
[T+103662871us][CH1-PC    ] 03
[T+103740896us][CH1-PC    ] 04
[T+103818871us][CH1-PC    ] 05
[T+103982871us][CH1-PC    ] 06
[T+104157871us][CH1-PC    ] 01
[T+104235872us][CH1-PC    ] 02
[T+104262871us][CH1-PC    ] 22
[T+104285871us][CH1-PC    ] FF
[T+104297871us][CH1-PC    ] E9
[T+104310871us][CH1-PC    ] FE
[T+104323872us][CH1-PC    ] E0
[T+104335871us][CH1-PC    ] E1
[T+104348896us][CH1-PC    ] E0
[T+104361871us][CH1-PC    ] FB
[T+104374890us][CH1-PC    ] EE
[T+104386871us][CH1-PC    ] F0
[T+104489871us][CH1-PC    ] 03
[T+104567894us][CH1-PC    ] 04
[T+104645871us][CH1-PC    ] 05
[T+104820899us][CH1-PC    ] 06
[T+104984896us][CH1-PC    ] 01
[T+105062871us][CH1-PC    ] 02
[T+105089871us][CH1-PC    ] 22
[T+105111871us][CH1-PC    ] FF
[T+105124872us][CH1-PC    ] E9
[T+105136874us][CH1-PC    ] FE
[T+105149896us][CH1-PC    ] E0
[T+105162872us][CH1-PC    ] E1
[T+105174871us][CH1-PC    ] E0
[T+105187871us][CH1-PC    ] FB
[T+105200872us][CH1-PC    ] EE
[T+105212871us][CH1-PC    ] F0
[T+105314871us][CH1-PC    ] 03
[T+105392880us][CH1-PC    ] 04
[T+105470871us][CH1-PC    ] 05
[T+105643026us][CH1-PC    ] 06
[T+105817872us][CH1-PC    ] 01
[T+105895871us][CH1-PC    ] 02
[T+105923315us][CH1-PC    ] 22
[T+105944874us][CH1-PC    ] FF
[T+105957875us][CH1-PC    ] E9
[T+105969896us][CH1-PC    ] FE
[T+105982896us][CH1-PC    ] E0
[T+105995874us][CH1-PC    ] E1
[T+106009871us][CH1-PC    ] E0
[T+106021872us][CH1-PC    ] FB
[T+106034896us][CH1-PC    ] EE
[T+106046910us][CH1-PC    ] F0
[T+106138896us][CH1-PC    ] 03
[T+106216896us][CH1-PC    ] 04
[T+106294872us][CH1-PC    ] 05
[T+106472144us][CH1-PC    ] 06
[T+106645896us][CH1-PC    ] 01
[T+106723880us][CH1-PC    ] 02
[T+106750898us][CH1-PC    ] 22
[T+106772871us][CH1-PC    ] FF
[T+106785874us][CH1-PC    ] E9
[T+106797872us][CH1-PC    ] FE
[T+106810871us][CH1-PC    ] E0
[T+106823896us][CH1-PC    ] E1
[T+106835896us][CH1-PC    ] E0
[T+106848871us][CH1-PC    ] FB
[T+106861872us][CH1-PC    ] EE
[T+106873871us][CH1-PC    ] F0
[T+106975874us][CH1-PC    ] 03
[T+107053871us][CH1-PC    ] 04
[T+107121871us][CH1-PC    ] 05
[T+107303452us][CH1-PC    ] 06
[T+107466871us][CH1-PC    ] 01
[T+107545872us][CH1-PC    ] 02
[T+107572896us][CH1-PC    ] 22
[T+107593871us][CH1-PC    ] FF
[T+107606874us][CH1-PC    ] E9
[T+107619915us][CH1-PC    ] FE
[T+107631871us][CH1-PC    ] E0
[T+107644898us][CH1-PC    ] E1
[T+107657872us][CH1-PC    ] E0
[T+107669871us][CH1-PC    ] FB
[T+107682871us][CH1-PC    ] EE
[T+107695872us][CH1-PC    ] F0
[T+107797871us][CH1-PC    ] 03
[T+107876898us][CH1-PC    ] 04
[T+107954953us][CH1-PC    ] 05
[T+108129896us][CH1-PC    ] 06
[T+108303871us][CH1-PC    ] 01
[T+108381897us][CH1-PC    ] 02
[T+108398871us][CH1-PC    ] 22
[T+108419871us][CH1-PC    ] FF
[T+108432874us][CH1-PC    ] E9
[T+108446346us][CH1-PC    ] FE
[T+108457898us][CH1-PC    ] E0
[T+108471016us][CH1-PC    ] E1
[T+108483873us][CH1-PC    ] E0
[T+108496872us][CH1-PC    ] FB
[T+108509953us][CH1-PC    ] EE
[T+108521896us][CH1-PC    ] F0
[T+108622872us][CH1-PC    ] 03
[T+108701896us][CH1-PC    ] 04
[T+108779872us][CH1-PC    ] 05
[T+108954948us][CH1-PC    ] 06
[T+109130031us][CH1-PC    ] 01
[T+109207872us][CH1-PC    ] 02
[T+109235871us][CH1-PC    ] 22
[T+109256871us][CH1-PC    ] FF
[T+109276871us][CH1-PC    ] E9
[T+109288051us][CH1-PC    ] FE
[T+109300871us][CH1-PC    ] E0
[T+109313872us][CH1-PC    ] E1
[T+109326898us][CH1-PC    ] E0
[T+109338904us][CH1-PC    ] FB
[T+109352872us][CH1-PC    ] EE
[T+109365181us][CH1-PC    ] F0
[T+109466896us][CH1-PC    ] 03
[T+109536871us][CH1-PC    ] 04
[T+109614897us][CH1-PC    ] 05
[T+109789871us][CH1-PC    ] 06
[T+109953872us][CH1-PC    ] 01
[T+110031871us][CH1-PC    ] 02
[T+110058896us][CH1-PC    ] 22
[T+110080871us][CH1-PC    ] FF
[T+110092872us][CH1-PC    ] E9
[T+110105871us][CH1-PC    ] FE
[T+110118896us][CH1-PC    ] E0
[T+110130896us][CH1-PC    ] E1
[T+110143871us][CH1-PC    ] E0
[T+110157398us][CH1-PC    ] FB
[T+110168872us][CH1-PC    ] EE
[T+110182224us][CH1-PC    ] F0
[T+110273872us][CH1-PC    ] 03
[T+110351872us][CH1-PC    ] 04
[T+110429871us][CH1-PC    ] 05
[T+110593872us][CH1-PC    ] 06
[T+110768871us][CH1-PC    ] 01
[T+110846871us][CH1-PC    ] 02
[T+110874871us][CH1-PC    ] 22
[T+110895896us][CH1-PC    ] FF
[T+110908872us][CH1-PC    ] E9
[T+110920871us][CH1-PC    ] FE
[T+110933894us][CH1-PC    ] E0
[T+110946872us][CH1-PC    ] E1
[T+110958980us][CH1-PC    ] E0
[T+110971879us][CH1-PC    ] FB
[T+110986921us][CH1-PC    ] EE
[T+110996873us][CH1-PC    ] F0
[T+111094879us][CH1-PC    ] 03
[T+111172910us][CH1-PC    ] 04
[T+111250871us][CH1-PC    ] 05
[T+111425872us][CH1-PC    ] 06
[T+111600897us][CH1-PC    ] 01
[T+111678875us][CH1-PC    ] 02
[T+111705871us][CH1-PC    ] 22
[T+111727871us][CH1-PC    ] FF
[T+111740919us][CH1-PC    ] E9
[T+111761872us][CH1-PC    ] FE
[T+111783871us][CH1-PC    ] E0
[T+111795871us][CH1-PC    ] E1
[T+111808896us][CH1-PC    ] E0
[T+111821881us][CH1-PC    ] FB
[T+111833871us][CH1-PC    ] EE
[T+111846871us][CH1-PC    ] F0
[T+111938872us][CH1-PC    ] 03
[T+112005871us][CH1-PC    ] 04
[T+112083872us][CH1-PC    ] 05
[T+112247871us][CH1-PC    ] 06
[T+112422872us][CH1-PC    ] 01
[T+112500901us][CH1-PC    ] 02
[T+112529872us][CH1-PC    ] 22
[T+112550872us][CH1-PC    ] FF
[T+112563871us][CH1-PC    ] E9
[T+112576896us][CH1-PC    ] FE
[T+112588896us][CH1-PC    ] E0
[T+112601878us][CH1-PC    ] E1
[T+112615257us][CH1-PC    ] E0
[T+112626872us][CH1-PC    ] FB
[T+112639874us][CH1-PC    ] EE
[T+112652899us][CH1-PC    ] F0
[T+112744896us][CH1-PC    ] 03
[T+112822871us][CH1-PC    ] 04
[T+112900896us][CH1-PC    ] 05
[T+113085871us][CH1-PC    ] 06
[T+113249871us][CH1-PC    ] 01
[T+113327871us][CH1-PC    ] 02
[T+113355872us][CH1-PC    ] 22
[T+113376896us][CH1-PC    ] FF
[T+113389871us][CH1-PC    ] E9
[T+113402871us][CH1-PC    ] FE
[T+113414872us][CH1-PC    ] E0
[T+113427872us][CH1-PC    ] E1
[T+113440900us][CH1-PC    ] E0
[T+113452896us][CH1-PC    ] FB
[T+113465871us][CH1-PC    ] EE
[T+113478871us][CH1-PC    ] F0
[T+113580896us][CH1-PC    ] 03
[T+113659871us][CH1-PC    ] 04
[T+113726871us][CH1-PC    ] 05
[T+113890871us][CH1-PC    ] 06
[T+114065871us][CH1-PC    ] 01
[T+114143871us][CH1-PC    ] 02
[T+114170872us][CH1-PC    ] 22
[T+114192897us][CH1-PC    ] FF
[T+114205086us][CH1-PC    ] E9
[T+114217871us][CH1-PC    ] FE
[T+114230872us][CH1-PC    ] E0
[T+114254871us][CH1-PC    ] E1
[T+114267872us][CH1-PC    ] E0
[T+114280907us][CH1-PC    ] FB
[T+114293011us][CH1-PC    ] EE
[T+114305872us][CH1-PC    ] F0
[T+114407871us][CH1-PC    ] 03
[T+114498871us][CH1-PC    ] 04
[T+114575871us][CH1-PC    ] 05
[T+114751874us][CH1-PC    ] 06
[T+114925872us][CH1-PC    ] 01
[T+115003872us][CH1-PC    ] 02
[T+115031871us][CH1-PC    ] 22
[T+115052903us][CH1-PC    ] FF
[T+115066425us][CH1-PC    ] E9
[T+115077872us][CH1-PC    ] FE
[T+115090871us][CH1-PC    ] E0
[T+115103875us][CH1-PC    ] E1
[T+115115994us][CH1-PC    ] E0
[T+115128896us][CH1-PC    ] FB
[T+115141871us][CH1-PC    ] EE
[T+115154871us][CH1-PC    ] F0
[T+115255871us][CH1-PC    ] 03
[T+115333872us][CH1-PC    ] 04
[T+115412896us][CH1-PC    ] 05
[T+115575872us][CH1-PC    ] 06
[T+115750904us][CH1-PC    ] 01
[T+115830871us][CH1-PC    ] 02
[T+115858872us][CH1-PC    ] 22
[T+115879872us][CH1-PC    ] FF
[T+115901907us][CH1-PC    ] E9
[T+115961896us][CH1-PC    ] FE
[T+115973897us][CH1-PC    ] E0
[T+115987397us][CH1-PC    ] E1
[T+115998871us][CH1-PC    ] E0
[T+116011884us][CH1-PC    ] FB
[T+116024874us][CH1-PC    ] EE
[T+116036871us][CH1-PC    ] F0
[T+116139871us][CH1-PC    ] 03
[T+116217896us][CH1-PC    ] 04
[T+116295872us][CH1-PC    ] 05
[T+116471872us][CH1-PC    ] 06
[T+116646871us][CH1-PC    ] 01
[T+116724871us][CH1-PC    ] 02
[T+116751871us][CH1-PC    ] 22
[T+116773896us][CH1-PC    ] FF
[T+116785918us][CH1-PC    ] E9
[T+116798897us][CH1-PC    ] FE
[T+116811871us][CH1-PC    ] E0
[T+116824876us][CH1-PC    ] E1
[T+116836871us][CH1-PC    ] E0
[T+116858897us][CH1-PC    ] FB
[T+116879872us][CH1-PC    ] EE
[T+116901871us][CH1-PC    ] F0
[T+116985871us][CH1-PC    ] 22
[T+117006898us][CH1-PC    ] FF
[T+117018896us][CH1-PC    ] E5
[T+117030896us][CH1-PC    ] F4
[T+117043871us][CH1-PC    ] F6
[T+117057121us][CH1-PC    ] E0
[T+117069872us][CH1-PC    ] F7
[T+117083712us][CH1-PC    ] E0
[T+117094896us][CH1-PC    ] E3
[T+117107871us][CH1-PC    ] E1
[T+117119871us][CH1-PC    ] E1
[T+117132871us][CH1-PC    ] FB
[T+117145871us][CH1-PC    ] EB
[T+117158218us][CH1-PC    ] F0
[T+117246871us][CH1-PC    ] 02
[T+117263879us][CH1-PC    ] 22
[T+117284897us][CH1-PC    ] FF
[T+117297871us][CH1-PC    ] E5
[T+117310872us][CH1-PC    ] F2
[T+117322871us][CH1-PC    ] F8
[T+117335871us][CH1-PC    ] E0
[T+117348880us][CH1-PC    ] E5
[T+117361952us][CH1-PC    ] E6
[T+117373896us][CH1-PC    ] E5
[T+117386908us][CH1-PC    ] E0
[T+117399873us][CH1-PC    ] E0
[T+117411909us][CH1-PC    ] FB
[T+117424871us][CH1-PC    ] E7
[T+117437873us][CH1-PC    ] F0
[T+117526871us][CH1-PC    ] 02
[T+117553871us][CH1-PC    ] 12
[T+117640872us][CH1-PC    ] 02
[T+117718871us][CH1-PC    ] 03
[T+117785871us][CH1-PC    ] 04
[T+117864871us][CH1-PC    ] 05
[T+118039897us][CH1-PC    ] 06
[T+118207896us][CH1-PC    ] 01
[T+118285871us][CH1-PC    ] 02
[T+118864871us][CH1-PC    ] 03
[T+118942871us][CH1-PC    ] 04
[T+119021871us][CH1-PC    ] 05
[T+119185872us][CH1-PC    ] 06
[T+119360871us][CH1-PC    ] 01
[T+119438871us][CH1-PC    ] 02
[T+119465871us][CH1-PC    ] 62
[T+119544872us][CH1-PC    ] 03
[T+119622873us][CH1-PC    ] 04
[T+119700871us][CH1-PC    ] 05
[T+119875898us][CH1-PC    ] 06
[T+120050872us][CH1-PC    ] 01
[T+120128871us][CH1-PC    ] 02
[T+120155896us][CH1-PC    ] 62
[T+120234871us][CH1-PC    ] 03
[T+120350871us][CH1-PC    ] 04
[T+120428872us][CH1-PC    ] 05
[T+120592871us][CH1-PC    ] 06
[T+120767896us][CH1-PC    ] 01
[T+120845871us][CH1-PC    ] 02
[T+120872872us][CH1-PC    ] 62
[T+120951897us][CH1-PC    ] 03
[T+121030871us][CH1-PC    ] 04
[T+121108871us][CH1-PC    ] 05
[T+121282871us][CH1-PC    ] 06
[T+121457872us][CH1-PC    ] 01
[T+121525871us][CH1-PC    ] 02
[T+121552871us][CH1-PC    ] 62
[T+121631896us][CH1-PC    ] 03
[T+121709871us][CH1-PC    ] 04
[T+121777872us][CH1-PC    ] 05
[T+121951904us][CH1-PC    ] 06
[T+122126872us][CH1-PC    ] 01
[T+122204999us][CH1-PC    ] 02
[T+122232871us][CH1-PC    ] 62
[T+122319896us][CH1-PC    ] 03
[T+122398872us][CH1-PC    ] 04
[T+122476871us][CH1-PC    ] 05
[T+122644871us][CH1-PC    ] 06
[T+122818871us][CH1-PC    ] 01
[T+122897872us][CH1-PC    ] 02
[T+122924871us][CH1-PC    ] 62
[T+123002871us][CH1-PC    ] 03
[T+123080872us][CH1-PC    ] 04
[T+123158872us][CH1-PC    ] 05
[T+123333871us][CH1-PC    ] 06
[T+123497871us][CH1-PC    ] 01
[T+123575896us][CH1-PC    ] 02
[T+123603897us][CH1-PC    ] 62
[T+123682871us][CH1-PC    ] 03
[T+123760871us][CH1-PC    ] 04
[T+123838872us][CH1-PC    ] 05
[T+124013871us][CH1-PC    ] 06
[T+124188871us][CH1-PC    ] 01
[T+124255899us][CH1-PC    ] 02
[T+124282878us][CH1-PC    ] 62
[T+124361871us][CH1-PC    ] 03
[T+124439896us][CH1-PC    ] 04
[T+124517871us][CH1-PC    ] 05
[T+124692871us][CH1-PC    ] 06
[T+124867897us][CH1-PC    ] 01
[T+124945871us][CH1-PC    ] 02
[T+124972871us][CH1-PC    ] 62
[T+125051896us][CH1-PC    ] 03
[T+125130871us][CH1-PC    ] 04
[T+125208871us][CH1-PC    ] 05
[T+125372871us][CH1-PC    ] 06
[T+125547896us][CH1-PC    ] 01
[T+125625872us][CH1-PC    ] 02
[T+125652871us][CH1-PC    ] 62
[T+125732872us][CH1-PC    ] 03
[T+125826871us][CH1-PC    ] 04
[T+125905871us][CH1-PC    ] 05
[T+126079896us][CH1-PC    ] 06
[T+126254872us][CH1-PC    ] 01
[T+126332872us][CH1-PC    ] 02
[T+126360871us][CH1-PC    ] 62
[T+126449872us][CH1-PC    ] 03
[T+126527896us][CH1-PC    ] 04
[T+126606872us][CH1-PC    ] 05
[T+126780871us][CH1-PC    ] 06
[T+126955896us][CH1-PC    ] 01
[T+127033871us][CH1-PC    ] 02
[T+127061871us][CH1-PC    ] 62
[T+127155896us][CH1-PC    ] 03
[T+127233871us][CH1-PC    ] 04
[T+127311896us][CH1-PC    ] 05
[T+127486871us][CH1-PC    ] 06
[T+127660872us][CH1-PC    ] 01
[T+127746872us][CH1-PC    ] 02
[T+127778872us][CH1-PC    ] 62
[T+127868872us][CH1-PC    ] 03
[T+127949872us][CH1-PC    ] 04
[T+128027896us][CH1-PC    ] 05
[T+128203896us][CH1-PC    ] 06
[T+128378871us][CH1-PC    ] 01
[T+128456871us][CH1-PC    ] 02
[T+128484872us][CH1-PC    ] 62
[T+128572871us][CH1-PC    ] 03
[T+128650871us][CH1-PC    ] 04
[T+128729871us][CH1-PC    ] 05
[T+128903896us][CH1-PC    ] 06
[T+129086872us][CH1-PC    ] 01
[T+129164871us][CH1-PC    ] 02
[T+129191896us][CH1-PC    ] 62
[T+129271896us][CH1-PC    ] 03
[T+129349871us][CH1-PC    ] 04
[T+129427896us][CH1-PC    ] 05
[T+129591896us][CH1-PC    ] 06
[T+129766872us][CH1-PC    ] 01
[T+129851896us][CH1-PC    ] 02
[T+129878872us][CH1-PC    ] 62
[T+129957871us][CH1-PC    ] 03
[T+130036871us][CH1-PC    ] 04
[T+130113871us][CH1-PC    ] 05
[T+130278872us][CH1-PC    ] 06
[T+130453872us][CH1-PC    ] 01
[T+130521977us][CH1-PC    ] 02
[T+130548871us][CH1-PC    ] 62
[T+130627896us][CH1-PC    ] 03
[T+130705871us][CH1-PC    ] 04
[T+130783896us][CH1-PC    ] 05
[T+130958871us][CH1-PC    ] 06
[T+131122871us][CH1-PC    ] 01
[T+131200896us][CH1-PC    ] 02
[T+131227872us][CH1-PC    ] 62
[T+131325871us][CH1-PC    ] 03
[T+131403871us][CH1-PC    ] 04
[T+131482871us][CH1-PC    ] 05
[T+131656898us][CH1-PC    ] 06
[T+131831871us][CH1-PC    ] 01
[T+131909871us][CH1-PC    ] 02
[T+131936897us][CH1-PC    ] 62
[T+132016896us][CH1-PC    ] 03
[T+132094871us][CH1-PC    ] 04
[T+132172896us][CH1-PC    ] 05
[T+132347871us][CH1-PC    ] 06
[T+132522871us][CH1-PC    ] 01
[T+132601896us][CH1-PC    ] 02
[T+132628871us][CH1-PC    ] 62
[T+132707872us][CH1-PC    ] 03
[T+132785896us][CH1-PC    ] 04
[T+132863871us][CH1-PC    ] 05
[T+133038871us][CH1-PC    ] 06
[T+133203871us][CH1-PC    ] 01
[T+133281896us][CH1-PC    ] 02
[T+133309897us][CH1-PC    ] 62
[T+133398871us][CH1-PC    ] 03
[T+133476871us][CH1-PC    ] 04
[T+133554871us][CH1-PC    ] 05
[T+133718871us][CH1-PC    ] 06
[T+133892871us][CH1-PC    ] 01
[T+133971871us][CH1-PC    ] 02
[T+133998871us][CH1-PC    ] 62
[T+134077897us][CH1-PC    ] 03
[T+134155871us][CH1-PC    ] 04
[T+134233896us][CH1-PC    ] 05
[T+134413900us][CH1-PC    ] 06
[T+134599878us][CH1-PC    ] 01
[T+134678871us][CH1-PC    ] 02
[T+134705901us][CH1-PC    ] 62
[T+134783872us][CH1-PC    ] 03
[T+134861897us][CH1-PC    ] 04
[T+134940872us][CH1-PC    ] 05
[T+135115871us][CH1-PC    ] 06
[T+135279871us][CH1-PC    ] 01
[T+135357871us][CH1-PC    ] 02
[T+135385871us][CH1-PC    ] 62
[T+135463872us][CH1-PC    ] 03
[T+135541872us][CH1-PC    ] 04
[T+135619871us][CH1-PC    ] 05
[T+135802871us][CH1-PC    ] 06
[T+135966871us][CH1-PC    ] 01
[T+136044913us][CH1-PC    ] 02
[T+136071872us][CH1-PC    ] 62
[T+136149871us][CH1-PC    ] 03
[T+136217871us][CH1-PC    ] 04
[T+136295872us][CH1-PC    ] 05
[T+136472898us][CH1-PC    ] 06
[T+136647871us][CH1-PC    ] 01
[T+136726871us][CH1-PC    ] 02
[T+136774871us][CH1-PC    ] 62
[T+136853871us][CH1-PC    ] 03
[T+136931871us][CH1-PC    ] 04
[T+137010871us][CH1-PC    ] 05
[T+137184904us][CH1-PC    ] 06
[T+137359872us][CH1-PC    ] 01
[T+137437871us][CH1-PC    ] 02
[T+137465872us][CH1-PC    ] 62
[T+137554871us][CH1-PC    ] 03
[T+137632896us][CH1-PC    ] 04
[T+137710871us][CH1-PC    ] 05
[T+137874872us][CH1-PC    ] 06
[T+138049871us][CH1-PC    ] 01
[T+138127871us][CH1-PC    ] 02
[T+138154871us][CH1-PC    ] 62
[T+138243872us][CH1-PC    ] 03
[T+138312897us][CH1-PC    ] 04
[T+138391871us][CH1-PC    ] 05
[T+138565871us][CH1-PC    ] 06
[T+138740896us][CH1-PC    ] 01
[T+138818872us][CH1-PC    ] 02
[T+138846871us][CH1-PC    ] 62
[T+138934871us][CH1-PC    ] 03
[T+139013871us][CH1-PC    ] 04
[T+139095871us][CH1-PC    ] 05
[T+139269871us][CH1-PC    ] 06
[T+139445896us][CH1-PC    ] 01
[T+139522871us][CH1-PC    ] 02
[T+139551872us][CH1-PC    ] 62
[T+139630871us][CH1-PC    ] 03
[T+139708872us][CH1-PC    ] 04
[T+139786871us][CH1-PC    ] 05
[T+139950872us][CH1-PC    ] 06
[T+140125897us][CH1-PC    ] 01
[T+140203871us][CH1-PC    ] 02
[T+140231871us][CH1-PC    ] 62
[T+140331871us][CH1-PC    ] 03
[T+140411871us][CH1-PC    ] 04
[T+140489896us][CH1-PC    ] 05
[T+140653896us][CH1-PC    ] 06
[T+140828872us][CH1-PC    ] 01
[T+140906871us][CH1-PC    ] 02
[T+140933897us][CH1-PC    ] 62
[T+141011872us][CH1-PC    ] 03
[T+141090871us][CH1-PC    ] 04
[T+141168872us][CH1-PC    ] 05
[T+141343952us][CH1-PC    ] 06
[T+141518872us][CH1-PC    ] 01
[T+141596899us][CH1-PC    ] 02
[T+141624905us][CH1-PC    ] 62
[T+141701871us][CH1-PC    ] 03
[T+141779872us][CH1-PC    ] 04
[T+141857871us][CH1-PC    ] 05
[T+142032871us][CH1-PC    ] 06
[T+142207872us][CH1-PC    ] 01
[T+142285871us][CH1-PC    ] 02
[T+142312871us][CH1-PC    ] 62
[T+142391871us][CH1-PC    ] 03
[T+142469871us][CH1-PC    ] 04
[T+142547872us][CH1-PC    ] 05
[T+142721871us][CH1-PC    ] 06
[T+142896871us][CH1-PC    ] 01
[T+142974896us][CH1-PC    ] 02
[T+143002902us][CH1-PC    ] 62
[T+143080871us][CH1-PC    ] 03
[T+143158896us][CH1-PC    ] 04
[T+143236871us][CH1-PC    ] 05
[T+143411871us][CH1-PC    ] 06
[T+143575871us][CH1-PC    ] 01
[T+143653871us][CH1-PC    ] 02
[T+143680871us][CH1-PC    ] 62
[T+143771871us][CH1-PC    ] 03
[T+143849871us][CH1-PC    ] 04
[T+143927871us][CH1-PC    ] 05
[T+144091871us][CH1-PC    ] 06
[T+144266897us][CH1-PC    ] 01
[T+144345872us][CH1-PC    ] 02
[T+144372871us][CH1-PC    ] 62
[T+144451872us][CH1-PC    ] 03
[T+144529871us][CH1-PC    ] 04
[T+144607871us][CH1-PC    ] 05
[T+144782896us][CH1-PC    ] 06
[T+144957971us][CH1-PC    ] 01
[T+145035871us][CH1-PC    ] 02
[T+145613871us][CH1-PC    ] 03
[T+145691871us][CH1-PC    ] 04
[T+145769872us][CH1-PC    ] 05
[T+145959871us][CH1-PC    ] 06
[T+146123871us][CH1-PC    ] 01
[T+146201871us][CH1-PC    ] 02
[T+146779871us][CH1-PC    ] 03
[T+146857872us][CH1-PC    ] 04
[T+146935872us][CH1-PC    ] 05
[T+147110901us][CH1-PC    ] 06
[T+147285872us][CH1-PC    ] 01
[T+147363872us][CH1-PC    ] 02
[T+147390896us][CH1-PC    ] 42
[T+147463871us][CH1-PC    ] 52
[T+147662896us][CH1-PC    ] 03
[T+147740871us][CH1-PC    ] 04
[T+147845871us][CH1-PC    ] 05
[T+148019872us][CH1-PC    ] 06
[T+148194896us][CH1-PC    ] 01
[T+148272871us][CH1-PC    ] 02
[T+148300871us][CH1-PC    ] 42
[T+148372871us][CH1-PC    ] 52
[T+148585871us][CH1-PC    ] 03
[T+148663871us][CH1-PC    ] 04
[T+148741872us][CH1-PC    ] 05
[T+148905871us][CH1-PC    ] 06
[T+149080871us][CH1-PC    ] 01
[T+149158903us][CH1-PC    ] 02
[T+149236871us][CH1-PC    ] 03
[T+149314896us][CH1-PC    ] 04
[T+149392872us][CH1-PC    ] 05
[T+149628875us][CH1-PC    ] 06
[T+149802896us][CH1-PC    ] 01
[T+149880872us][CH1-PC    ] 02
[T+149959897us][CH1-PC    ] 03
[T+150037872us][CH1-PC    ] 04
[T+150115871us][CH1-PC    ] 05
[T+150279872us][CH1-PC    ] 06
[T+150454985us][CH1-PC    ] 01
[T+150532871us][CH1-PC    ] 02
[T+150629871us][CH1-PC    ] 03
[T+150707871us][CH1-PC    ] 04
[T+150785871us][CH1-PC    ] 05
[T+150950897us][CH1-PC    ] 06
[T+151125871us][CH1-PC    ] 01
[T+151192872us][CH1-PC    ] 02
[T+151279871us][CH1-PC    ] 03
[T+151357871us][CH1-PC    ] 04
[T+151436871us][CH1-PC    ] 05
[T+151608871us][CH1-PC    ] 06