[T+7620231180us][CH2-Pc    ] 01
[T+7620241180us][CH1-Dispenser] 01 61
[T+7620309180us][CH2-Pc    ] 02
[T+7620315203us][CH1-Dispenser] 02 62
[T+7620388181us][CH2-Pc    ] 03
[T+7620396180us][CH1-Dispenser] 03 63
[T+7620466180us][CH2-Pc    ] 04
[T+7620472218us][CH1-Dispenser] 04 64
[T+7620544315us][CH1-Dispenser] 05
[T+7620544180us][CH2-Pc    ] 05
[T+7620719181us][CH1-Dispenser] 06
[T+7620719317us][CH2-Pc    ] 06
[T+7620896206us][CH2-Pc    ] 01
[T+7620906185us][CH1-Dispenser] 01 61
[T+7620975204us][CH2-Pc    ] 02
[T+7620980799us][CH1-Dispenser] 02 62
[T+7621053180us][CH2-Pc    ] 03
[T+7621063180us][CH1-Dispenser] 03 63
[T+7621131180us][CH2-Pc    ] 04
[T+7621138179us][CH1-Dispenser] 04 64
[T+7621209317us][CH1-Dispenser] 05
[T+7621209181us][CH2-Pc    ] 05
[T+7621373181us][CH1-Dispenser] 06
[T+7621373316us][CH2-Pc    ] 06
[T+7621548180us][CH2-Pc    ] 01
[T+7621555181us][CH1-Dispenser] 01 61
[T+7621626180us][CH2-Pc    ] 02
[T+7621634833us][CH1-Dispenser] 02 62
[T+7621704180us][CH2-Pc    ] 03
[T+7621711792us][CH1-Dispenser] 03 63
[T+7621782180us][CH2-Pc    ] 04
[T+7621792181us][CH1-Dispenser] 04 64
[T+7621860180us][CH1-Dispenser] 05
[T+7621860314us][CH2-Pc    ] 05
[T+7622036180us][CH1-Dispenser] 06
[T+7622036319us][CH2-Pc    ] 06
[T+7622200180us][CH2-Pc    ] 01
[T+7622205179us][CH1-Dispenser] 01 61
[T+7622278180us][CH2-Pc    ] 02
[T+7622284218us][CH1-Dispenser] 02 62
[T+7622357180us][CH2-Pc    ] 03
[T+7622362179us][CH1-Dispenser] 03 63
[T+7622435183us][CH2-Pc    ] 04
[T+7622441406us][CH1-Dispenser] 04 64
[T+7622513314us][CH1-Dispenser] 05
[T+7622513181us][CH2-Pc    ] 05
[T+7622687316us][CH1-Dispenser] 06
[T+7622687180us][CH2-Pc    ] 06
[T+7622862180us][CH2-Pc    ] 01
[T+7622870187us][CH1-Dispenser] 01 61
[T+7622941180us][CH2-Pc    ] 02
[T+7622949531us][CH1-Dispenser] 02 62
[T+7623019180us][CH2-Pc    ] 03
[T+7623027180us][CH1-Dispenser] 03 63
[T+7623098180us][CH2-Pc    ] 04
[T+7623108181us][CH1-Dispenser] 04 64
[T+7623176181us][CH1-Dispenser] 05
[T+7623176316us][CH2-Pc    ] 05
[T+7623340180us][CH1-Dispenser] 06
[T+7623340315us][CH2-Pc    ] 06
[T+7623515180us][CH2-Pc    ] 01
[T+7623520179us][CH1-Dispenser] 01 61
[T+7623593180us][CH2-Pc    ] 02
[T+7623600583us][CH1-Dispenser] 02 62
[T+7623620314us][CH1-Dispenser] 32
[T+7623620180us][CH2-Pc    ] 32
[T+7623707204us][CH2-Pc    ] 02
[T+7623715185us][CH1-Dispenser] 02 62
[T+7623790204us][CH2-Pc    ] 03
[T+7623796218us][CH1-Dispenser] 03 63
[T+7623868452us][CH2-Pc    ] 04
[T+7623877218us][CH1-Dispenser] 04 64
[T+7623946315us][CH1-Dispenser] 05
[T+7623946180us][CH2-Pc    ] 05
[T+7624121180us][CH1-Dispenser] 06
[T+7624121316us][CH2-Pc    ] 06
[T+7624297180us][CH2-Pc    ] 01
[T+7624304191us][CH1-Dispenser] 01 61
[T+7624375180us][CH2-Pc    ] 02
[T+7624381022us][CH1-Dispenser] 02 62
[T+7624462180us][CH2-Pc    ] 03
[T+7624466179us][CH1-Dispenser] 03 63
[T+7624540180us][CH2-Pc    ] 04
[T+7624547181us][CH1-Dispenser] 04 64
[T+7624618315us][CH1-Dispenser] 05
[T+7624618181us][CH2-Pc    ] 05
[T+7624793316us][CH1-Dispenser] 06
[T+7624793180us][CH2-Pc    ] 06
[T+7624968180us][CH2-Pc    ] 01
[T+7624975820us][CH1-Dispenser] 01 61
[T+7625046180us][CH2-Pc    ] 02
[T+7625056180us][CH1-Dispenser] 02 62
[T+7625124180us][CH2-Pc    ] 03
[T+7625131180us][CH1-Dispenser] 03 63
[T+7625203208us][CH2-Pc    ] 04
[T+7625212218us][CH1-Dispenser] 04 64
[T+7625281180us][CH1-Dispenser] 05
[T+7625281315us][CH2-Pc    ] 05
[T+7625456180us][CH1-Dispenser] 06
[T+7625456316us][CH2-Pc    ] 06
[T+7625631205us][CH2-Pc    ] 01
[T+7625641181us][CH1-Dispenser] 01 61
[T+7625709180us][CH2-Pc    ] 02
[T+7625715880us][CH1-Dispenser] 02 62
[T+7625787180us][CH2-Pc    ] 03
[T+7625793188us][CH1-Dispenser] 03 63
[T+7625865204us][CH2-Pc    ] 04
[T+7625875180us][CH1-Dispenser] 04 64
[T+7625943180us][CH1-Dispenser] 05
[T+7625943314us][CH2-Pc    ] 05
[T+7626108181us][CH1-Dispenser] 06
[T+7626108317us][CH2-Pc    ] 06
[T+7626282206us][CH2-Pc    ] 01
[T+7626290183us][CH1-Dispenser] 01 61
[T+7626360180us][CH2-Pc    ] 02
[T+7626364833us][CH1-Dispenser] 02 62
[T+7626428292us][CH2-Pc    ] 03
[T+7626438180us][CH1-Dispenser] 03 63
[T+7626506180us][CH2-Pc    ] 04
[T+7626513793us][CH1-Dispenser] 04 64
[T+7626584316us][CH1-Dispenser] 05
[T+7626584181us][CH2-Pc    ] 05
[T+7626748180us][CH1-Dispenser] 06
[T+7626748313us][CH2-Pc    ] 06
[T+7626924180us][CH2-Pc    ] 01
[T+7626932180us][CH1-Dispenser] 01 61
[T+7627002180us][CH2-Pc    ] 02
[T+7627011208us][CH1-Dispenser] 02 62
[T+7627080205us][CH2-Pc    ] 03
[T+7627086203us][CH1-Dispenser] 03 63
[T+7627158204us][CH2-Pc    ] 04
[T+7627167218us][CH1-Dispenser] 04 64
[T+7627236316us][CH1-Dispenser] 05
[T+7627236181us][CH2-Pc    ] 05
[T+7627413316us][CH1-Dispenser] 06
[T+7627413181us][CH2-Pc    ] 06
[T+7627598180us][CH2-Pc    ] 01
[T+7627605181us][CH1-Dispenser] 01 61
[T+7627677204us][CH2-Pc    ] 02
[T+7627684841us][CH1-Dispenser] 02 62
[T+7627755180us][CH2-Pc    ] 03
[T+7627762180us][CH1-Dispenser] 03 63
[T+7627833180us][CH2-Pc    ] 04
[T+7627841183us][CH1-Dispenser] 04 64
[T+7627911180us][CH1-Dispenser] 05
[T+7627911317us][CH2-Pc    ] 05
[T+7628075319us][CH1-Dispenser] 06
[T+7628075182us][CH2-Pc    ] 06
[T+7628250180us][CH2-Pc    ] 01
[T+7628256204us][CH1-Dispenser] 01 61
[T+7628328205us][CH2-Pc    ] 02
[T+7628335181us][CH1-Dispenser] 02 62
[T+7628406180us][CH2-Pc    ] 03
[T+7628412218us][CH1-Dispenser] 03 63
[T+7628484204us][CH2-Pc    ] 04
[T+7628492180us][CH1-Dispenser] 04 64
[T+7628562315us][CH1-Dispenser] 05
[T+7628562180us][CH2-Pc    ] 05
[T+7628737314us][CH1-Dispenser] 06
[T+7628737180us][CH2-Pc    ] 06
[T+7628912180us][CH2-Pc    ] 01
[T+7628921218us][CH1-Dispenser] 01 61
[T+7628990344us][CH2-Pc    ] 02
[T+7628994179us][CH1-Dispenser] 02 62
[T+7629058180us][CH2-Pc    ] 03
[T+7629068181us][CH1-Dispenser] 03 63
[T+7629136180us][CH2-Pc    ] 04
[T+7629142843us][CH1-Dispenser] 04 64
[T+7629214181us][CH1-Dispenser] 05
[T+7629214316us][CH2-Pc    ] 05
[T+7629388180us][CH1-Dispenser] 06
[T+7629389180us][CH2-Pc    ] 06
[T+7629560180us][CH2-Pc    ] 01
[T+7629566218us][CH1-Dispenser] 01 61
[T+7629638204us][CH2-Pc    ] 02
[T+7629645179us][CH1-Dispenser] 02 62
[T+7629717204us][CH2-Pc    ] 03
[T+7629722179us][CH1-Dispenser] 03 63
[T+7629795180us][CH2-Pc    ] 04
[T+7629803181us][CH1-Dispenser] 04 64
[T+7629873180us][CH1-Dispenser] 05
[T+7629873315us][CH2-Pc    ] 05
[T+7630048317us][CH1-Dispenser] 06
[T+7630048181us][CH2-Pc    ] 06
[T+7630222205us][CH2-Pc    ] 01
[T+7630231182us][CH1-Dispenser] 01 61
[T+7630301180us][CH2-Pc    ] 02
[T+7630310218us][CH1-Dispenser] 02 62
[T+7630379205us][CH2-Pc    ] 03
[T+7630387867us][CH1-Dispenser] 03 63
[T+7630457180us][CH2-Pc    ] 04
[T+7630461179us][CH1-Dispenser] 04 64
[T+7630524197us][CH1-Dispenser] 05
[T+7630524332us][CH2-Pc    ] 05
[T+7630699180us][CH1-Dispenser] 06
[T+7630699315us][CH2-Pc    ] 06
[T+7630874180us][CH2-Pc    ] 01
[T+7630881180us][CH1-Dispenser] 01 61
[T+7630953205us][CH2-Pc    ] 02
[T+7630960833us][CH1-Dispenser] 02 62
[T+7631031180us][CH2-Pc    ] 03
[T+7631038179us][CH1-Dispenser] 03 63
[T+7631109180us][CH2-Pc    ] 04
[T+7631119180us][CH1-Dispenser] 04 64
[T+7631187180us][CH1-Dispenser] 05
[T+7631187318us][CH2-Pc    ] 05
[T+7631362316us][CH1-Dispenser] 06
[T+7631362181us][CH2-Pc    ] 06
[T+7631537180us][CH2-Pc    ] 01
[T+7631546219us][CH1-Dispenser] 01 61
[T+7631615204us][CH2-Pc    ] 02
[T+7631620179us][CH1-Dispenser] 02 62
[T+7631693180us][CH2-Pc    ] 03
[T+7631703181us][CH1-Dispenser] 03 63
[T+7631771180us][CH2-Pc    ] 04
[T+7631776833us][CH1-Dispenser] 04 64
[T+7631849180us][CH1-Dispenser] 05
[T+7631849318us][CH2-Pc    ] 05
[T+7632014317us][CH1-Dispenser] 06
[T+7632014181us][CH2-Pc    ] 06
[T+7632195180us][CH2-Pc    ] 01
[T+7632200179us][CH1-Dispenser] 01 61
[T+7632273180us][CH2-Pc    ] 02
[T+7632279203us][CH1-Dispenser] 02 62
[T+7632352180us][CH2-Pc    ] 03
[T+7632357179us][CH1-Dispenser] 03 63
[T+7632429204us][CH2-Pc    ] 04
[T+7632438180us][CH1-Dispenser] 04 64
[T+7632508180us][CH1-Dispenser] 05
[T+7632508315us][CH2-Pc    ] 05
[T+7632693315us][CH1-Dispenser] 06
[T+7632693181us][CH2-Pc    ] 06
[T+7632857180us][CH2-Pc    ] 01
[T+7632865180us][CH1-Dispenser] 01 61
[T+7632935180us][CH2-Pc    ] 02
[T+7632940903us][CH1-Dispenser] 02 62
[T+7633014204us][CH2-Pc    ] 03
[T+7633023572us][CH1-Dispenser] 03 63
[T+7633092205us][CH2-Pc    ] 04
[T+7633097179us][CH1-Dispenser] 04 64
[T+7633170181us][CH1-Dispenser] 05
[T+7633170315us][CH2-Pc    ] 05
[T+7633345180us][CH1-Dispenser] 06
[T+7633345317us][CH2-Pc    ] 06
[T+7633516204us][CH2-Pc    ] 01
[T+7633526180us][CH1-Dispenser] 01 61
[T+7633594180us][CH2-Pc    ] 02
[T+7633600208us][CH1-Dispenser] 02 72
[T+7633622180us][CH2-Pc    ] 22
[T+7633643181us][CH1-Dispenser] 22 D2 FF
[T+7633643314us][CH2-Pc    ] FF
[T+7633656315us][CH1-Dispenser] E9
[T+7633656180us][CH2-Pc    ] E9
[T+7633669314us][CH1-Dispenser] FE
[T+7633669180us][CH2-Pc    ] FE
[T+7633681314us][CH1-Dispenser] E0
[T+7633681181us][CH2-Pc    ] E0
[T+7633694308us][CH1-Dispenser] E1
[T+7633694180us][CH2-Pc    ] E1
[T+7633707310us][CH1-Dispenser] E0
[T+7633707180us][CH2-Pc    ] E0
[T+7633719311us][CH1-Dispenser] FB
[T+7633719180us][CH2-Pc    ] FB
[T+7633732313us][CH1-Dispenser] EE
[T+7633732180us][CH2-Pc    ] EE
[T+7633745180us][CH2-Pc    ] F0
[T+7633775204us][CH1-Dispenser] F0 BA B0 B3 B2 B0 B1 B0 B0 B0 B0 B1 B1 B1 B1 B2 C1 B9 8D 8A
[T+7633847205us][CH2-Pc    ] 03
[T+7633852210us][CH1-Dispenser] 03 63
[T+7633925180us][CH2-Pc    ] 04
[T+7633935180us][CH1-Dispenser] 04 64
[T+7634004315us][CH1-Dispenser] 05
[T+7634004181us][CH2-Pc    ] 05
[T+7634168180us][CH1-Dispenser] 06
[T+7634168316us][CH2-Pc    ] 06
[T+7634340180us][CH2-Pc    ] 01
[T+7634346801us][CH1-Dispenser] 01 61
[T+7634419180us][CH2-Pc    ] 02
[T+7634427187us][CH1-Dispenser] 02 72
[T+7634457315us][CH1-Dispenser] 22 D2 FF
[T+7634457181us][CH2-Pc    ] 22 FF
[T+7634469313us][CH1-Dispenser] E9
[T+7634469180us][CH2-Pc    ] E9
[T+7634482309us][CH1-Dispenser] FE
[T+7634482181us][CH2-Pc    ] FE
[T+7634495309us][CH1-Dispenser] E0
[T+7634495181us][CH2-Pc    ] E0
[T+7634507315us][CH1-Dispenser] E1
[T+7634507180us][CH2-Pc    ] E1
[T+7634520728us][CH1-Dispenser] E0
[T+7634520567us][CH2-Pc    ] E0
[T+7634533315us][CH1-Dispenser] FB
[T+7634533181us][CH2-Pc    ] FB
[T+7634546180us][CH1-Dispenser] EE
[T+7634546314us][CH2-Pc    ] EE
[T+7634558205us][CH2-Pc    ] F0
[T+7634587180us][CH1-Dispenser] F0 BA B0 B3 B2 B0 B1 B0 B0 B0 B0 B1 B1 B1 B1 B2 C1 B9 8D 8A
[T+7634662204us][CH2-Pc    ] 03
[T+7634668204us][CH1-Dispenser] 03 63
[T+7634740204us][CH2-Pc    ] 04
[T+7634748180us][CH1-Dispenser] 04 64
[T+7634818180us][CH1-Dispenser] 05
[T+7634818316us][CH2-Pc    ] 05
[T+7634982181us][CH1-Dispenser] 06
[T+7634982320us][CH2-Pc    ] 06
[T+7635157204us][CH2-Pc    ] 01
[T+7635166184us][CH1-Dispenser] 01 61
[T+7635235208us][CH2-Pc    ] 02
[T+7635240833us][CH1-Dispenser] 02 72
[T+7635262180us][CH2-Pc    ] 22
[T+7635270180us][CH1-Dispenser] 22 D2
[T+7635284314us][CH1-Dispenser] FF
[T+7635284180us][CH2-Pc    ] FF
[T+7635297316us][CH1-Dispenser] E9
[T+7635297181us][CH2-Pc    ] E9
[T+7635309314us][CH1-Dispenser] FE
[T+7635309181us][CH2-Pc    ] FE
[T+7635322308us][CH1-Dispenser] E0
[T+7635322180us][CH2-Pc    ] E0
[T+7635335180us][CH1-Dispenser] E1
[T+7635335282us][CH2-Pc    ] E1
[T+7635347320us][CH1-Dispenser] E0
[T+7635347182us][CH2-Pc    ] E0
[T+7635369314us][CH1-Dispenser] FB
[T+7635369181us][CH2-Pc    ] FB
[T+7635381180us][CH1-Dispenser] EE
[T+7635382179us][CH2-Pc    ] EE
[T+7635405204us][CH2-Pc    ] F0
[T+7635432204us][CH1-Dispenser] F0 BA B0 B3 B2 B0 B1 B0 B0 B0 B0 B1 B1 B1 B1 B2 C1 B9 8D 8A
[T+7635457180us][CH1-Dispenser] 22 D2 FF
[T+7635457313us][CH2-Pc    ] 22 FF
[T+7635469314us][CH1-Dispenser] E5
[T+7635469180us][CH2-Pc    ] E5
[T+7635482313us][CH1-Dispenser] F4
[T+7635482180us][CH2-Pc    ] F4
[T+7635495320us][CH1-Dispenser] F6
[T+7635495183us][CH2-Pc    ] F6
[T+7635507185us][CH1-Dispenser] E1
[T+7635508179us][CH2-Pc    ] E1
[T+7635521179us][CH1-Dispenser] F7
[T+7635521138us][CH2-Pc    ] F7
[T+7635533323us][CH1-Dispenser] E0
[T+7635533181us][CH2-Pc    ] E0
[T+7635546327us][CH1-Dispenser] E0
[T+7635546187us][CH2-Pc    ] E0
[T+7635558180us][CH1-Dispenser] E1
[T+7635558312us][CH2-Pc    ] E1
[T+7635571311us][CH1-Dispenser] E1
[T+7635571181us][CH2-Pc    ] E1
[T+7635584312us][CH1-Dispenser] FB
[T+7635584180us][CH2-Pc    ] FB
[T+7635596313us][CH1-Dispenser] ED
[T+7635596180us][CH2-Pc    ] ED
[T+7635609180us][CH1-Dispenser] F0
[T+7635609314us][CH2-Pc    ] F0
[T+7635698180us][CH2-Pc    ] 02
[T+7635706188us][CH1-Dispenser] 02 72
[T+7635736181us][CH1-Dispenser] 22 D2 FF
[T+7635736316us][CH2-Pc    ] 22 FF
[T+7635749318us][CH1-Dispenser] E5
[T+7635749180us][CH2-Pc    ] E5
[T+7635761317us][CH1-Dispenser] F2
[T+7635761183us][CH2-Pc    ] F2
[T+7635774313us][CH1-Dispenser] F8
[T+7635774180us][CH2-Pc    ] F8
[T+7635787314us][CH1-Dispenser] E0
[T+7635787180us][CH2-Pc    ] E0
[T+7635799323us][CH1-Dispenser] E0
[T+7635799185us][CH2-Pc    ] E0
[T+7635812319us][CH1-Dispenser] E1
[T+7635812183us][CH2-Pc    ] E1
[T+7635825322us][CH1-Dispenser] E1
[T+7635825184us][CH2-Pc    ] E1
[T+7635838323us][CH1-Dispenser] E0
[T+7635838183us][CH2-Pc    ] E0
[T+7635850314us][CH1-Dispenser] E0
[T+7635850181us][CH2-Pc    ] E0
[T+7635863322us][CH1-Dispenser] FB
[T+7635863183us][CH2-Pc    ] FB
[T+7635876315us][CH1-Dispenser] E5
[T+7635876181us][CH2-Pc    ] E5
[T+7635888180us][CH1-Dispenser] F0
[T+7635888313us][CH2-Pc    ] F0
[T+7635977180us][CH2-Pc    ] 02
[T+7635988186us][CH1-Dispenser] 02 72
[T+7636005318us][CH1-Dispenser] 12
[T+7636005180us][CH2-Pc    ] 12
[T+7636092180us][CH2-Pc    ] 02
[T+7636101891us][CH1-Dispenser] 02 92
[T+7636195180us][CH2-Pc    ] 03
[T+7636202215us][CH1-Dispenser] 03 63
[T+7636273315us][CH1-Dispenser] 04
[T+7636273180us][CH2-Pc    ] 04
[T+7636285204us][CH1-Dispenser] 64
[T+7636353180us][CH1-Dispenser] 05
[T+7636353315us][CH2-Pc    ] 05
[T+7636528322us][CH1-Dispenser] 06
[T+7636528181us][CH2-Pc    ] 06
[T+7636703180us][CH2-Pc    ] 01
[T+7636710179us][CH1-Dispenser] 01 61
[T+7636781180us][CH2-Pc    ] 02
[T+7636785179us][CH1-Dispenser] 02 92
[T+7637359180us][CH2-Pc    ] 03
[T+7637368180us][CH1-Dispenser] 03 63
[T+7637437204us][CH2-Pc    ] 04
[T+7637441179us][CH1-Dispenser] 04 64
[T+7637505314us][CH1-Dispenser] 05
[T+7637505180us][CH2-Pc    ] 05
[T+7637669180us][CH1-Dispenser] 06
[T+7637669316us][CH2-Pc    ] 06
[T+7637844180us][CH2-Pc    ] 01
[T+7637852180us][CH1-Dispenser] 01 61
[T+7637922126us][CH2-Pc    ] 02
[T+7637930182us][CH1-Dispenser] 02 92
[T+7637949180us][CH2-Pc    ] 62
[T+7637962180us][CH1-Dispenser] 62 E0 E0 E0 E0 E0 E0
[T+7638027180us][CH2-Pc    ] 03
[T+7638035188us][CH1-Dispenser] 03 63
[T+7638105180us][CH2-Pc    ] 04
[T+7638113826us][CH1-Dispenser] 04 64
[T+7638183314us][CH1-Dispenser] 05
[T+7638183180us][CH2-Pc    ] 05
[T+7638367315us][CH1-Dispenser] 06
[T+7638367180us][CH2-Pc    ] 06
[T+7638565204us][CH2-Pc    ] 01
[T+7638570829us][CH1-Dispenser] 01 61
[T+7638643180us][CH2-Pc    ] 02
[T+7638651181us][CH1-Dispenser] 02 92
[T+7638670180us][CH2-Pc    ] 62
[T+7638682204us][CH1-Dispenser] 62 E0 E0 E0 E0 E0 E0
[T+7638753180us][CH2-Pc    ] 03
[T+7638759203us][CH1-Dispenser] 03 63
[T+7638831204us][CH2-Pc    ] 04
[T+7638838835us][CH1-Dispenser] 04 64
[T+7638909181us][CH1-Dispenser] 05
[T+7638909315us][CH2-Pc    ] 05
[T+7639084314us][CH1-Dispenser] 06
[T+7639084181us][CH2-Pc    ] 06
[T+7639248180us][CH2-Pc    ] 01
[T+7639255830us][CH1-Dispenser] 01 61
[T+7639326180us][CH2-Pc    ] 02
[T+7639331180us][CH1-Dispenser] 02 92
[T+7639353180us][CH2-Pc    ] 62
[T+7639367180us][CH1-Dispenser] 62 E0 E0 E0 E0 E0 E0
[T+7639433331us][CH2-Pc    ] 03
[T+7639441826us][CH1-Dispenser] 03 63
[T+7639511180us][CH2-Pc    ] 04
[T+7639517204us][CH1-Dispenser] 04 64
[T+7639590180us][CH1-Dispenser] 05
[T+7639590315us][CH2-Pc    ] 05
[T+7639764180us][CH1-Dispenser] 06
[T+7639764314us][CH2-Pc    ] 06
[T+7639943180us][CH2-Pc    ] 01
[T+7639951187us][CH1-Dispenser] 01 61
[T+7640021180us][CH2-Pc    ] 02
[T+7640025179us][CH1-Dispenser] 02 92
[T+7640038184us][CH2-Pc    ] 62
[T+7640053204us][CH1-Dispenser] 62 E0 E0 E0 E0 E0 E0
[T+7640128204us][CH2-Pc    ] 03
[T+7640132179us][CH1-Dispenser] 03 63
[T+7640195204us][CH2-Pc    ] 04
[T+7640204188us][CH1-Dispenser] 04 64
[T+7640273180us][CH1-Dispenser] 05
[T+7640273314us][CH2-Pc    ] 05
[T+7640459321us][CH1-Dispenser] 06
[T+7640459180us][CH2-Pc    ] 06
[T+7640623180us][CH2-Pc    ] 01
[T+7640631190us][CH1-Dispenser] 01 61
[T+7640701180us][CH2-Pc    ] 02
[T+7640705179us][CH1-Dispenser] 02 92
[T+7640728180us][CH2-Pc    ] 62
[T+7640743205us][CH1-Dispenser] 62 E0 E0 E0 E0 E0 E0
[T+7640822179us][CH1-Dispenser] 03 63
[T+7640818205us][CH2-Pc    ] 03
[T+7640885292us][CH2-Pc    ] 04
[T+7640892181us][CH1-Dispenser] 04 64
[T+7640963315us][CH1-Dispenser] 05
[T+7640963181us][CH2-Pc    ] 05
[T+7641138315us][CH1-Dispenser] 06
[T+7641138182us][CH2-Pc    ] 06
[T+7641313180us][CH2-Pc    ] 01
[T+7641322205us][CH1-Dispenser] 01 61
[T+7641393180us][CH2-Pc    ] 02
[T+7641403181us][CH1-Dispenser] 02 92
[T+7641420180us][CH2-Pc    ] 62
[T+7641432205us][CH1-Dispenser] 62 E0 E0 E0 E0 E0 E0
[T+7641498204us][CH2-Pc    ] 03
[T+7641503834us][CH1-Dispenser] 03 63
[T+7641576180us][CH2-Pc    ] 04
[T+7641582222us][CH1-Dispenser] 04 64
[T+7641654316us][CH1-Dispenser] 05
[T+7641654180us][CH2-Pc    ] 05
[T+7641829180us][CH1-Dispenser] 06
[T+7641829318us][CH2-Pc    ] 06
[T+7642004180us][CH2-Pc    ] 01
[T+7642011179us][CH1-Dispenser] 01 61
[T+7642082180us][CH2-Pc    ] 02
[T+7642087179us][CH1-Dispenser] 02 92
[T+7642109180us][CH2-Pc    ] 62
[T+7642121204us][CH1-Dispenser] 62 E0 E0 E0 E0 E0 E0
[T+7642188180us][CH2-Pc    ] 03
[T+7642193809us][CH1-Dispenser] 03 63
[T+7642266180us][CH2-Pc    ] 04
[T+7642272346us][CH1-Dispenser] 04 64
[T+7642344180us][CH1-Dispenser] 05
[T+7642344314us][CH2-Pc    ] 05
[T+7642519315us][CH1-Dispenser] 06
[T+7642519180us][CH2-Pc    ] 06
[T+7642683180us][CH2-Pc    ] 01
[T+7642691181us][CH1-Dispenser] 01 61
[T+7642761180us][CH2-Pc    ] 02
[T+7642766179us][CH1-Dispenser] 02 92
[T+7642789180us][CH2-Pc    ] 62
[T+7642803180us][CH1-Dispenser] 62 E0 E0 E0 E0 E0 E0
[T+7642867180us][CH2-Pc    ] 03
[T+7642874788us][CH1-Dispenser] 03 63
[T+7642945180us][CH2-Pc    ] 04
[T+7642953541us][CH1-Dispenser] 04 64
[T+7643023317us][CH1-Dispenser] 05
[T+7643023181us][CH2-Pc    ] 05
[T+7643208314us][CH1-Dispenser] 06
[T+7643208180us][CH2-Pc    ] 06
[T+7643376204us][CH2-Pc    ] 01
[T+7643382180us][CH1-Dispenser] 01 61
[T+7643455180us][CH2-Pc    ] 02
[T+7643461218us][CH1-Dispenser] 02 92
[T+7643482314us][CH1-Dispenser] 62
[T+7643482180us][CH2-Pc    ] 62
[T+7643499180us][CH1-Dispenser] E0 E0 E0 E0 E0 E0
[T+7643572180us][CH2-Pc    ] 03
[T+7643578203us][CH1-Dispenser] 03 63
[T+7643650206us][CH2-Pc    ] 04
[T+7643660181us][CH1-Dispenser] 04 64
[T+7643729180us][CH1-Dispenser] 05
[T+7643729315us][CH2-Pc    ] 05
[T+7643917182us][CH1-Dispenser] 06
[T+7643917320us][CH2-Pc    ] 06
[T+7644091204us][CH2-Pc    ] 01
[T+7644096187us][CH1-Dispenser] 01 61
[T+7644169180us][CH2-Pc    ] 02
[T+7644177837us][CH1-Dispenser] 02 92
[T+7644197180us][CH2-Pc    ] 62
[T+7644208180us][CH1-Dispenser] 62 E0 E0 E0 E0 E0 E0
[T+7644275180us][CH2-Pc    ] 03
[T+7644283180us][CH1-Dispenser] 03 63
[T+7644353180us][CH2-Pc    ] 04
[T+7644357179us][CH1-Dispenser] 04 64
[T+7644421180us][CH1-Dispenser] 05
[T+7644421316us][CH2-Pc    ] 05
[T+7644595319us][CH1-Dispenser] 06
[T+7644595181us][CH2-Pc    ] 06
[T+7644770180us][CH2-Pc    ] 01
[T+7644776219us][CH1-Dispenser] 01 61
[T+7644848204us][CH2-Pc    ] 02
[T+7644857219us][CH1-Dispenser] 02 92
[T+7644876180us][CH2-Pc    ] 62
[T+7644888204us][CH1-Dispenser] 62 E0 E0 E0 E0 E0 E0
[T+7644955180us][CH2-Pc    ] 03
[T+7644964338us][CH1-Dispenser] 03 63
[T+7645033204us][CH2-Pc    ] 04
[T+7645038187us][CH1-Dispenser] 04 64
[T+7645111314us][CH1-Dispenser] 05
[T+7645111180us][CH2-Pc    ] 05
[T+7645286319us][CH1-Dispenser] 06
[T+7645286181us][CH2-Pc    ] 06
[T+7645450180us][CH2-Pc    ] 01
[T+7645456218us][CH1-Dispenser] 01 61
[T+7645528204us][CH2-Pc    ] 02
[T+7645536835us][CH1-Dispenser] 02 92
[T+7645555180us][CH2-Pc    ] 62
[T+7645568272us][CH1-Dispenser] 62 E0 E0 E0 E0 E0 E0
[T+7645633180us][CH2-Pc    ] 03
[T+7645638179us][CH1-Dispenser] 03 63
[T+7645711180us][CH2-Pc    ] 04
[T+7645717204us][CH1-Dispenser] 04 64
[T+7645790180us][CH1-Dispenser] 05
[T+7645790315us][CH2-Pc    ] 05
[T+7645964180us][CH1-Dispenser] 06
[T+7645964315us][CH2-Pc    ] 06
[T+7646139180us][CH2-Pc    ] 01
[T+7646146821us][CH1-Dispenser] 01 61
[T+7646217180us][CH2-Pc    ] 02
[T+7646226181us][CH1-Dispenser] 02 92
[T+7646245180us][CH2-Pc    ] 62
[T+7646258180us][CH1-Dispenser] 62 E0 E0 E0 E0 E0 E0
[T+7646324315us][CH1-Dispenser] 03
[T+7646324181us][CH2-Pc    ] 03
[T+7646335188us][CH1-Dispenser] 63
[T+7646402180us][CH2-Pc    ] 04
[T+7646407187us][CH1-Dispenser] 04 64
[T+7646480180us][CH1-Dispenser] 05
[T+7646480315us][CH2-Pc    ] 05
[T+7646655180us][CH1-Dispenser] 06
[T+7646655316us][CH2-Pc    ] 06
[T+7646829204us][CH2-Pc    ] 01
[T+7646837835us][CH1-Dispenser] 01 61
[T+7646908182us][CH2-Pc    ] 02
[T+7646916684us][CH1-Dispenser] 02 92
[T+7646935180us][CH2-Pc    ] 62
[T+7646947205us][CH1-Dispenser] 62 E0 E0 E0 E0 E0 E0
[T+7647013206us][CH2-Pc    ] 03
[T+7647018828us][CH1-Dispenser] 03 63
[T+7647091180us][CH2-Pc    ] 04
[T+7647098180us][CH1-Dispenser] 04 64
[T+7647169180us][CH1-Dispenser] 05
[T+7647169314us][CH2-Pc    ] 05
[T+7647344319us][CH1-Dispenser] 06
[T+7647344182us][CH2-Pc    ] 06
[T+7647519180us][CH2-Pc    ] 01
[T+7647526311us][CH1-Dispenser] 01 61
[T+7647597180us][CH2-Pc    ] 02
[T+7647605794us][CH1-Dispenser] 02 92
[T+7647625188us][CH2-Pc    ] 62
[T+7647638180us][CH1-Dispenser] 62 E0 E0 E0 E0 E0 E0
[T+7647703180us][CH2-Pc    ] 03
[T+7647708179us][CH1-Dispenser] 03 63
[T+7647782180us][CH2-Pc    ] 04
[T+7647787187us][CH1-Dispenser] 04 64
[T+7647860180us][CH1-Dispenser] 05
[T+7647860314us][CH2-Pc    ] 05
[T+7648035180us][CH1-Dispenser] 06
[T+7648035315us][CH2-Pc    ] 06
[T+7648199180us][CH2-Pc    ] 01
[T+7648206182us][CH1-Dispenser] 01 61
[T+7648281179us][CH1-Dispenser] 02 92
[T+7648277180us][CH2-Pc    ] 02
[T+7648304180us][CH2-Pc    ] 62
[T+7648318180us][CH1-Dispenser] 62 E0 E0 E0 E0 E0 E0
[T+7648383180us][CH2-Pc    ] 03
[T+7648388179us][CH1-Dispenser] 03 63
[T+7648451204us][CH2-Pc    ] 04
[T+7648458180us][CH1-Dispenser] 04 64
[T+7648529180us][CH1-Dispenser] 05
[T+7648529316us][CH2-Pc    ] 05
[T+7648704180us][CH1-Dispenser] 06
[T+7648704316us][CH2-Pc    ] 06
[T+7648878205us][CH2-Pc    ] 01
[T+7648887209us][CH1-Dispenser] 01 61
[T+7648956204us][CH2-Pc    ] 02
[T+7648961187us][CH1-Dispenser] 02 62
[T+7649535180us][CH2-Pc    ] 03
[T+7649545180us][CH1-Dispenser] 03 63
[T+7649613180us][CH2-Pc    ] 04
[T+7649619835us][CH1-Dispenser] 04 64
[T+7649691180us][CH1-Dispenser] 05
[T+7649691315us][CH2-Pc    ] 05
[T+7649856180us][CH1-Dispenser] 06
[T+7649856315us][CH2-Pc    ] 06
[T+7650032180us][CH2-Pc    ] 01
[T+7650037188us][CH1-Dispenser] 01 61
[T+7650110180us][CH2-Pc    ] 02
[T+7650118825us][CH1-Dispenser] 02 62
[T+7650137181us][CH1-Dispenser] 42
[T+7650137318us][CH2-Pc    ] 42
[T+7650195180us][CH1-Dispenser] FF F1 F8 EB E1 E0 E0 E0 F6 E1 F4 F7 E0 E0 E1 E1 F9 E0 E0 E0 E0 E0 E0 FA E0 E0 E0 E0 E0 E0 FB EA F0
[T+7650209312us][CH1-Dispenser] 52
[T+7650209180us][CH2-Pc    ] 52
[T+7650340180us][CH1-Dispenser] FF F6 E0 F9 E2 E4 E4 E2 E4 E8 E6 E2 FA E9 E0 E8 E4 E2 E1 E5 E8 F4 E0 E3 E1 E1 F5 E0 E0 E0 E0 F6 E1 F9 E5 E8 E0 E3 E3 E8 E5 E3 FA E9 E9 E6 E9 E2 E7 E4 E8 F4 E0 E0 E1 E1 F5 E0 E0 E0 E0 F6 E2 F9 E6 E7 E8 E9 E5 E4 E9 E9 FA E8 E2 E2 E3 E7 E8 E1 E8 F4 E0 E3 E4 E1 F5 E0 E0 E0 E0 FB E0 F0
[T+7650414180us][CH2-Pc    ] 03
[T+7650424718us][CH1-Dispenser] 03 63
[T+7650493185us][CH2-Pc    ] 04
[T+7650498179us][CH1-Dispenser] 04 64
[T+7650571180us][CH1-Dispenser] 05
[T+7650571315us][CH2-Pc    ] 05
[T+7650745315us][CH1-Dispenser] 06
[T+7650745180us][CH2-Pc    ] 06
[T+7650926179us][CH1-Dispenser] 01 61
[T+7650922204us][CH2-Pc    ] 01
[T+7650990180us][CH2-Pc    ] 02
[T+7650998187us][CH1-Dispenser] 02 62
[T+7651016204us][CH2-Pc    ] 42
[T+7651064204us][CH1-Dispenser] 42 FF F1 F8 EB E1 E0 E0 E0 F6 E1 F4 F7 E0 E0 E1 E1 F9 E0 E0 E0 E0 E0 E0 FA E0 E0 E0 E0 E0 E0 FB EA F0
[T+7651132180us][CH2-Pc    ] 03
[T+7651137250us][CH1-Dispenser] 03 63
[T+7651211181us][CH2-Pc    ] 04
[T+7651218827us][CH1-Dispenser] 04 64
[T+7651288318us][CH1-Dispenser] 05
[T+7651288180us][CH2-Pc    ] 05
[T+7651534180us][CH1-Dispenser] 06
[T+7651534315us][CH2-Pc    ] 06
[T+7651708204us][CH2-Pc    ] 01
[T+7651719181us][CH1-Dispenser] 01 61
[T+7651786180us][CH2-Pc    ] 02
[T+7651791186us][CH1-Dispenser] 02 62
[T+7651865180us][CH2-Pc    ] 03
[T+7651876180us][CH1-Dispenser] 03 63
[T+7651943180us][CH2-Pc    ] 04
[T+7651948179us][CH1-Dispenser] 04 64
[T+7652021180us][CH1-Dispenser] 05
[T+7652021313us][CH2-Pc    ] 05
[T+7652185180us][CH1-Dispenser] 06
[T+7652185314us][CH2-Pc    ] 06
[T+7652362204us][CH2-Pc    ] 01
[T+7652368218us][CH1-Dispenser] 01 61
[T+7652440206us][CH2-Pc    ] 02
[T+7652447181us][CH1-Dispenser] 02 62
[T+7652518180us][CH2-Pc    ] 03
[T+7652525179us][CH1-Dispenser] 03 63
[T+7652596180us][CH2-Pc    ] 04
[T+7652606180us][CH1-Dispenser] 04 64
[T+7652674181us][CH1-Dispenser] 05
[T+7652674315us][CH2-Pc    ] 05
[T+7652849182us][CH1-Dispenser] 06
[T+7652849321us][CH2-Pc    ] 06
[T+7653013180us][CH2-Pc    ] 01
[T+7653022180us][CH1-Dispenser] 01 61
[T+7653091204us][CH2-Pc    ] 02
[T+7653098180us][CH1-Dispenser] 02 62
[T+7653169180us][CH2-Pc    ] 03
[T+7653179180us][CH1-Dispenser] 03 63
[T+7653247180us][CH2-Pc    ] 04
[T+7653254179us][CH1-Dispenser] 04 64
[T+7653325180us][CH1-Dispenser] 05
[T+7653326181us][CH2-Pc    ] 05
[T+7653500316us][CH1-Dispenser] 06
[T+7653500181us][CH2-Pc    ] 06
[T+7653675180us][CH2-Pc    ] 01
[T+7653682180us][CH1-Dispenser] 01 61
[T+7653753180us][CH2-Pc    ] 02
[T+7653763180us][CH1-Dispenser] 02 62
[T+7653831180us][CH2-Pc    ] 03
[T+7653838181us][CH1-Dispenser] 03 63
[T+7653910316us][CH1-Dispenser] 04
[T+7653910180us][CH2-Pc    ] 04
[T+7653921181us][CH1-Dispenser] 64
[T+7653988317us][CH1-Dispenser] 05
[T+7653988180us][CH2-Pc    ] 05
[T+7654152316us][CH1-Dispenser] 06
[T+7654152180us][CH2-Pc    ] 06
[T+7654326204us][CH2-Pc    ] 01
[T+7654332203us][CH1-Dispenser] 01 61
[T+7654405180us][CH2-Pc    ] 02
[T+7654411852us][CH1-Dispenser] 02 62
[T+7654480205us][CH2-Pc    ] 03
[T+7654489218us][CH1-Dispenser] 03 63
[T+7654558204us][CH2-Pc    ] 04
[T+7654564204us][CH1-Dispenser] 04 64
[T+7654636438us][CH1-Dispenser] 05
[T+7654636303us][CH2-Pc    ] 05
[T+7654811180us][CH1-Dispenser] 06
[T+7654811314us][CH2-Pc    ] 06
[T+7654986180us][CH2-Pc    ] 01
[T+7654992854us][CH1-Dispenser] 01 61
[T+7655064205us][CH2-Pc    ] 02
[T+7655073204us][CH1-Dispenser] 02 62
[T+7655142204us][CH2-Pc    ] 03
[T+7655148368us][CH1-Dispenser] 03 63
[T+7655220204us][CH2-Pc    ] 04
[T+7655231180us][CH1-Dispenser] 04 64
[T+7655298180us][CH1-Dispenser] 05
[T+7655298316us][CH2-Pc    ] 05
[T+7655478181us][CH1-Dispenser] 06
[T+7655478313us][CH2-Pc    ] 06
[T+7655653180us][CH2-Pc    ] 01
[T+7655662218us][CH1-Dispenser] 01 61
[T+7655733180us][CH2-Pc    ] 02
[T+7655741183us][CH1-Dispenser] 02 62
[T+7655811180us][CH2-Pc    ] 03
[T+7655818180us][CH1-Dispenser] 03 63
[T+7655896207us][CH2-Pc    ] 04
[T+7655905180us][CH1-Dispenser] 04 64
[T+7655974314us][CH1-Dispenser] 05
[T+7655974181us][CH2-Pc    ] 05
[T+7656138317us][CH1-Dispenser] 06
[T+7656138184us][CH2-Pc    ] 06
[T+7656313314us][CH1-Dispenser] 01
[T+7656313181us][CH2-Pc    ] 01
[T+7656325205us][CH1-Dispenser] 61
[T+7656391204us][CH2-Pc    ] 02
[T+7656397826us][CH1-Dispenser] 02 62
[T+7656469205us][CH2-Pc    ] 03
[T+7656474835us][CH1-Dispenser] 03 63
[T+7656547180us][CH2-Pc    ] 04
[T+7656554180us][CH1-Dispenser] 04 64
[T+7656630315us][CH1-Dispenser] 05
[T+7656630180us][CH2-Pc    ] 05
[T+7656794181us][CH1-Dispenser] 06
[T+7656794316us][CH2-Pc    ] 06
[T+7656969180us][CH2-Pc    ] 01
[T+7656977825us][CH1-Dispenser] 01 61
[T+7657047181us][CH2-Pc    ] 02
[T+7657051179us][CH1-Dispenser] 02 62
[T+7657115180us][CH2-Pc    ] 03
[T+7657123322us][CH1-Dispenser] 03 63
[T+7657193180us][CH2-Pc    ] 04
[T+7657199218us][CH1-Dispenser] 04 64
[T+7657271314us][CH1-Dispenser] 05
[T+7657271180us][CH2-Pc    ] 05
[T+7657435180us][CH1-Dispenser] 06
[T+7657435316us][CH2-Pc    ] 06
[T+7657610180us][CH2-Pc    ] 01
[T+7657619204us][CH1-Dispenser] 01 61
[T+7657688204us][CH2-Pc    ] 02
[T+7657698180us][CH1-Dispenser] 02 62
[T+7657766180us][CH2-Pc    ] 03
[T+7657773832us][CH1-Dispenser] 03 63
[T+7657844180us][CH2-Pc    ] 04
[T+7657849179us][CH1-Dispenser] 04 64
[T+7657922317us][CH1-Dispenser] 05
[T+7657922180us][CH2-Pc    ] 05
[T+7658097315us][CH1-Dispenser] 06
[T+7658097180us][CH2-Pc    ] 06
[T+7658261180us][CH2-Pc    ] 01
[T+7658267204us][CH1-Dispenser] 01 61
[T+7658339204us][CH2-Pc    ] 02
[T+7658347188us][CH1-Dispenser] 02 62
[T+7658417180us][CH2-Pc    ] 03
[T+7658424180us][CH1-Dispenser] 03 63
[T+7658496205us][CH2-Pc    ] 04
[T+7658503183us][CH1-Dispenser] 04 64
[T+7658574315us][CH1-Dispenser] 05
[T+7658574180us][CH2-Pc    ] 05
[T+7658748181us][CH1-Dispenser] 06
[T+7658748316us][CH2-Pc    ] 06
[T+7658923180us][CH2-Pc    ] 01
[T+7658934180us][CH1-Dispenser] 01 61
[T+7659001180us][CH2-Pc    ] 02
[T+7659006179us][CH1-Dispenser] 02 62
[T+7659083179us][CH1-Dispenser] 03 63
[T+7659079180us][CH2-Pc    ] 03
[T+7659147180us][CH2-Pc    ] 04
[T+7659154807us][CH1-Dispenser] 04 64
[T+7659225181us][CH1-Dispenser] 05
[T+7659225316us][CH2-Pc    ] 05
[T+7659410321us][CH1-Dispenser] 06
[T+7659410182us][CH2-Pc    ] 06
[T+7659574180us][CH2-Pc    ] 01
[T+7659583236us][CH1-Dispenser] 01 61
[T+7659653180us][CH2-Pc    ] 02
[T+7659658818us][CH1-Dispenser] 02 62
[T+7659731180us][CH2-Pc    ] 03
[T+7659739181us][CH1-Dispenser] 03 63
[T+7659813180us][CH1-Dispenser] 04 64
[T+7659809180us][CH2-Pc    ] 04
[T+7659876180us][CH1-Dispenser] 05
[T+7659876316us][CH2-Pc    ] 05
[T+7660095317us][CH1-Dispenser] 06
[T+7660095180us][CH2-Pc    ] 06
[T+7660270180us][CH2-Pc    ] 01
[T+7660276218us][CH1-Dispenser] 01 61
[T+7660352179us][CH1-Dispenser] 02 62
[T+7660348204us][CH2-Pc    ] 02
[T+7660415204us][CH2-Pc    ] 03
[T+7660424218us][CH1-Dispenser] 03 63
[T+7660493204us][CH2-Pc    ] 04
[T+7660502078us][CH1-Dispenser] 04 64
[T+7660572317us][CH1-Dispenser] 05
[T+7660572180us][CH2-Pc    ] 05
[T+7660745317us][CH1-Dispenser] 06
[T+7660745180us][CH2-Pc    ] 06
[T+7660920180us][CH2-Pc    ] 01
[T+7660929243us][CH1-Dispenser] 01 61
[T+7660998205us][CH2-Pc    ] 02
[T+7661008180us][CH1-Dispenser] 02 62
[T+7661076180us][CH2-Pc    ] 03
[T+7661083827us][CH1-Dispenser] 03 63