[T+6348865170us][CH2-Pc    ] 02
[T+6348872176us][CH1-Dispenser] 02 62
[T+6348944177us][CH2-Pc    ] 03
[T+6348950168us][CH1-Dispenser] 03 63
[T+6349021168us][CH2-Pc    ] 04
[T+6349029810us][CH1-Dispenser] 04 64
[T+6349099305us][CH1-Dispenser] 05
[T+6349099168us][CH2-Pc    ] 05
[T+6349274304us][CH1-Dispenser] 06
[T+6349274170us][CH2-Pc    ] 06
[T+6349449168us][CH2-Pc    ] 01
[T+6349456168us][CH1-Dispenser] 01 61
[T+6349527168us][CH2-Pc    ] 02
[T+6349532168us][CH1-Dispenser] 02 62
[T+6349608192us][CH2-Pc    ] 03
[T+6349615171us][CH1-Dispenser] 03 63
[T+6349686169us][CH2-Pc    ] 04
[T+6349694209us][CH1-Dispenser] 04 64
[T+6349764300us][CH1-Dispenser] 05
[T+6349764169us][CH2-Pc    ] 05
[T+6349928304us][CH1-Dispenser] 06
[T+6349928169us][CH2-Pc    ] 06
[T+6350104193us][CH2-Pc    ] 01
[T+6350114175us][CH1-Dispenser] 01 61
[T+6350182192us][CH2-Pc    ] 02
[T+6350186198us][CH1-Dispenser] 02 62
[T+6350249168us][CH2-Pc    ] 03
[T+6350256435us][CH1-Dispenser] 03 63
[T+6350328192us][CH2-Pc    ] 04
[T+6350333168us][CH1-Dispenser] 04 64
[T+6350406306us][CH1-Dispenser] 05
[T+6350406168us][CH2-Pc    ] 05
[T+6350570304us][CH1-Dispenser] 06
[T+6350570168us][CH2-Pc    ] 06
[T+6350745168us][CH2-Pc    ] 01
[T+6350752767us][CH1-Dispenser] 01 61
[T+6350823168us][CH2-Pc    ] 02
[T+6350833207us][CH1-Dispenser] 02 62
[T+6350901192us][CH2-Pc    ] 03
[T+6350912344us][CH1-Dispenser] 03 63
[T+6350979168us][CH2-Pc    ] 04
[T+6350984168us][CH1-Dispenser] 04 64
[T+6351057301us][CH1-Dispenser] 05
[T+6351057168us][CH2-Pc    ] 05
[T+6351232301us][CH1-Dispenser] 06
[T+6351232168us][CH2-Pc    ] 06
[T+6351398168us][CH2-Pc    ] 01
[T+6351406209us][CH1-Dispenser] 01 61
[T+6351476168us][CH2-Pc    ] 02
[T+6351481168us][CH1-Dispenser] 02 62
[T+6351554168us][CH2-Pc    ] 03
[T+6351561864us][CH1-Dispenser] 03 63
[T+6351633171us][CH2-Pc    ] 04
[T+6351638168us][CH1-Dispenser] 04 64
[T+6351710301us][CH1-Dispenser] 05
[T+6351710168us][CH2-Pc    ] 05
[T+6351885303us][CH1-Dispenser] 06
[T+6351885168us][CH2-Pc    ] 06
[T+6352060168us][CH2-Pc    ] 01
[T+6352067805us][CH1-Dispenser] 01 61
[T+6352138168us][CH2-Pc    ] 02
[T+6352146281us][CH1-Dispenser] 02 62
[T+6352216168us][CH2-Pc    ] 03
[T+6352226168us][CH1-Dispenser] 03 63
[T+6352295168us][CH2-Pc    ] 04
[T+6352307192us][CH1-Dispenser] 04 64
[T+6352373304us][CH1-Dispenser] 05
[T+6352373168us][CH2-Pc    ] 05
[T+6352539302us][CH1-Dispenser] 06
[T+6352539168us][CH2-Pc    ] 06
[T+6352714168us][CH2-Pc    ] 01
[T+6352723168us][CH1-Dispenser] 01 61
[T+6352787193us][CH2-Pc    ] 02
[T+6352793175us][CH1-Dispenser] 02 62
[T+6352869196us][CH1-Dispenser] 03 63
[T+6352865196us][CH2-Pc    ] 03
[T+6352932168us][CH2-Pc    ] 04
[T+6352939168us][CH1-Dispenser] 04 64
[T+6353010300us][CH1-Dispenser] 05
[T+6353010168us][CH2-Pc    ] 05
[T+6353185302us][CH1-Dispenser] 06
[T+6353185170us][CH2-Pc    ] 06
[T+6353360168us][CH2-Pc    ] 01
[T+6353366168us][CH1-Dispenser] 01 61
[T+6353438194us][CH2-Pc    ] 02
[T+6353448168us][CH1-Dispenser] 02 62
[T+6353519168us][CH2-Pc    ] 03
[T+6353525168us][CH1-Dispenser] 03 63
[T+6353597192us][CH2-Pc    ] 04
[T+6353604807us][CH1-Dispenser] 04 64
[T+6353675304us][CH1-Dispenser] 05
[T+6353675169us][CH2-Pc    ] 05
[T+6353850302us][CH1-Dispenser] 06
[T+6353850168us][CH2-Pc    ] 06
[T+6354087168us][CH2-Pc    ] 01
[T+6354092168us][CH1-Dispenser] 01 61
[T+6354164192us][CH2-Pc    ] 02
[T+6354172815us][CH1-Dispenser] 02 62
[T+6354243168us][CH2-Pc    ] 03
[T+6354251209us][CH1-Dispenser] 03 63
[T+6354321168us][CH2-Pc    ] 04
[T+6354328175us][CH1-Dispenser] 04 64
[T+6354399306us][CH1-Dispenser] 05
[T+6354399170us][CH2-Pc    ] 05
[T+6354574300us][CH1-Dispenser] 06
[T+6354574168us][CH2-Pc    ] 06
[T+6354749168us][CH2-Pc    ] 01
[T+6354757193us][CH1-Dispenser] 01 61
[T+6354827168us][CH2-Pc    ] 02
[T+6354831196us][CH1-Dispenser] 02 62
[T+6354905168us][CH2-Pc    ] 03
[T+6354910168us][CH1-Dispenser] 03 63
[T+6354983168us][CH2-Pc    ] 04
[T+6354989770us][CH1-Dispenser] 04 64
[T+6355061301us][CH1-Dispenser] 05
[T+6355061168us][CH2-Pc    ] 05
[T+6355225302us][CH1-Dispenser] 06
[T+6355225168us][CH2-Pc    ] 06
[T+6355400168us][CH2-Pc    ] 01
[T+6355406175us][CH1-Dispenser] 01 61
[T+6355478193us][CH2-Pc    ] 02
[T+6355489175us][CH1-Dispenser] 02 62
[T+6355556168us][CH2-Pc    ] 03
[T+6355564839us][CH1-Dispenser] 03 63
[T+6355634168us][CH2-Pc    ] 04
[T+6355638196us][CH1-Dispenser] 04 64
[T+6355706301us][CH1-Dispenser] 05
[T+6355706168us][CH2-Pc    ] 05
[T+6355891302us][CH1-Dispenser] 06
[T+6355891169us][CH2-Pc    ] 06
[T+6356055192us][CH2-Pc    ] 01
[T+6356064824us][CH1-Dispenser] 01 61
[T+6356133168us][CH2-Pc    ] 02
[T+6356145193us][CH1-Dispenser] 02 62
[T+6356213192us][CH2-Pc    ] 03
[T+6356220168us][CH1-Dispenser] 03 63
[T+6356291168us][CH2-Pc    ] 04
[T+6356299209us][CH1-Dispenser] 04 64
[T+6356370169us][CH1-Dispenser] 05
[T+6356369168us][CH2-Pc    ] 05
[T+6356544301us][CH1-Dispenser] 06
[T+6356544168us][CH2-Pc    ] 06
[T+6356719168us][CH2-Pc    ] 01
[T+6356727209us][CH1-Dispenser] 01 71
[T+6356746168us][CH2-Pc    ] 21
[T+6356752254us][CH1-Dispenser] 21 D1
[T+6356768299us][CH1-Dispenser] FF
[T+6356768168us][CH2-Pc    ] FF
[T+6356781304us][CH1-Dispenser] E9
[T+6356781170us][CH2-Pc    ] E9
[T+6356793300us][CH1-Dispenser] FE
[T+6356793168us][CH2-Pc    ] FE
[T+6356806305us][CH1-Dispenser] E0
[T+6356806168us][CH2-Pc    ] E0
[T+6356819314us][CH1-Dispenser] E1
[T+6356819176us][CH2-Pc    ] E1
[T+6356832313us][CH1-Dispenser] E0
[T+6356832176us][CH2-Pc    ] E0
[T+6356844316us][CH1-Dispenser] FB
[T+6356844176us][CH2-Pc    ] FB
[T+6356857176us][CH1-Dispenser] EE
[T+6356857316us][CH2-Pc    ] EE
[T+6356870168us][CH2-Pc    ] F0
[T+6356900168us][CH1-Dispenser] F0 BA B0 B3 B1 B0 B1 B0 B0 B0 B0 B1 B1 B1 B1 B1 C2 C1 8D 8A
[T+6356973168us][CH2-Pc    ] 02
[T+6356983168us][CH1-Dispenser] 02 62
[T+6357051192us][CH2-Pc    ] 03
[T+6357062175us][CH1-Dispenser] 03 63
[T+6357129168us][CH2-Pc    ] 04
[T+6357134168us][CH1-Dispenser] 04 64
[T+6357208168us][CH1-Dispenser] 05
[T+6357207169us][CH2-Pc    ] 05
[T+6357382303us][CH1-Dispenser] 06
[T+6357382169us][CH2-Pc    ] 06
[T+6357557168us][CH2-Pc    ] 01
[T+6357563812us][CH1-Dispenser] 01 71
[T+6357584168us][CH2-Pc    ] 21
[T+6357592209us][CH1-Dispenser] 21 D1
[T+6357617304us][CH1-Dispenser] FF
[T+6357617170us][CH2-Pc    ] FF
[T+6357647300us][CH1-Dispenser] E9 FE
[T+6357647168us][CH2-Pc    ] E9 FE
[T+6357660314us][CH1-Dispenser] E0
[T+6357660175us][CH2-Pc    ] E0
[T+6357673647us][CH1-Dispenser] E1
[T+6357673508us][CH2-Pc    ] E1
[T+6357686304us][CH1-Dispenser] E0
[T+6357686170us][CH2-Pc    ] E0
[T+6357699300us][CH1-Dispenser] FB
[T+6357699168us][CH2-Pc    ] FB
[T+6357711316us][CH1-Dispenser] EE
[T+6357711177us][CH2-Pc    ] EE
[T+6357724168us][CH2-Pc    ] F0
[T+6357755168us][CH1-Dispenser] F0 BA B0 B3 B1 B0 B1 B0 B0 B0 B0 B1 B1 B1 B1 B1 C2 C1 8D 8A
[T+6357826168us][CH2-Pc    ] 02
[T+6357831168us][CH1-Dispenser] 02 62
[T+6357904168us][CH2-Pc    ] 03
[T+6357909168us][CH1-Dispenser] 03 63
[T+6357982168us][CH2-Pc    ] 04
[T+6357990176us][CH1-Dispenser] 04 64
[T+6358060300us][CH1-Dispenser] 05
[T+6358060169us][CH2-Pc    ] 05
[T+6358235303us][CH1-Dispenser] 06
[T+6358235168us][CH2-Pc    ] 06
[T+6358399194us][CH2-Pc    ] 01
[T+6358406175us][CH1-Dispenser] 01 71
[T+6358426193us][CH2-Pc    ] 21
[T+6358431168us][CH1-Dispenser] 21 D1
[T+6358448300us][CH1-Dispenser] FF
[T+6358448169us][CH2-Pc    ] FF
[T+6358460308us][CH1-Dispenser] E9
[T+6358460173us][CH2-Pc    ] E9
[T+6358473305us][CH1-Dispenser] FE
[T+6358473170us][CH2-Pc    ] FE
[T+6358488302us][CH1-Dispenser] E0
[T+6358488170us][CH2-Pc    ] E0
[T+6358509293us][CH1-Dispenser] E1
[T+6358509168us][CH2-Pc    ] E1
[T+6358538301us][CH1-Dispenser] E0 FB
[T+6358538168us][CH2-Pc    ] E0 FB
[T+6358551314us][CH1-Dispenser] EE
[T+6358551176us][CH2-Pc    ] EE
[T+6358565168us][CH2-Pc    ] F0
[T+6358595168us][CH1-Dispenser] F0 BA B0 B3 B1 B0 B1 B0 B0 B0 B0 B1 B1 B1 B1 B1 C2 C1 8D 8A
[T+6358665168us][CH2-Pc    ] 02
[T+6358673807us][CH1-Dispenser] 02 62
[T+6358743168us][CH2-Pc    ] 03
[T+6358750798us][CH1-Dispenser] 03 63
[T+6358822192us][CH2-Pc    ] 04
[T+6358829393us][CH1-Dispenser] 04 64
[T+6358900306us][CH1-Dispenser] 05
[T+6358900170us][CH2-Pc    ] 05
[T+6359075301us][CH1-Dispenser] 06
[T+6359075169us][CH2-Pc    ] 06
[T+6359249168us][CH2-Pc    ] 01
[T+6359258806us][CH1-Dispenser] 01 71
[T+6359277168us][CH2-Pc    ] 21
[T+6359282168us][CH1-Dispenser] 21 D1
[T+6359298313us][CH1-Dispenser] FF
[T+6359298175us][CH2-Pc    ] FF
[T+6359320301us][CH1-Dispenser] E9
[T+6359320168us][CH2-Pc    ] E9
[T+6359332296us][CH1-Dispenser] FE
[T+6359332168us][CH2-Pc    ] FE
[T+6359345298us][CH1-Dispenser] E0
[T+6359345169us][CH2-Pc    ] E0
[T+6359358317us][CH1-Dispenser] E1
[T+6359358176us][CH2-Pc    ] E1
[T+6359371176us][CH1-Dispenser] E0
[T+6359371316us][CH2-Pc    ] E0
[T+6359383176us][CH1-Dispenser] FB
[T+6359383316us][CH2-Pc    ] FB
[T+6359396309us][CH1-Dispenser] EE
[T+6359396172us][CH2-Pc    ] EE
[T+6359408205us][CH2-Pc    ] F0
[T+6359440193us][CH1-Dispenser] F0 BA B0 B3 B1 B0 B1 B0 B0 B0 B0 B1 B1 B1 B1 B1 C2 C1 8D 8A
[T+6359510168us][CH2-Pc    ] 02
[T+6359518209us][CH1-Dispenser] 02 62
[T+6359588168us][CH2-Pc    ] 03
[T+6359595175us][CH1-Dispenser] 03 63
[T+6359667193us][CH2-Pc    ] 04
[T+6359674168us][CH1-Dispenser] 04 64
[T+6359746302us][CH1-Dispenser] 05
[T+6359746168us][CH2-Pc    ] 05
[T+6359918303us][CH1-Dispenser] 06
[T+6359918168us][CH2-Pc    ] 06
[T+6360086177us][CH2-Pc    ] 01
[T+6360094902us][CH1-Dispenser] 01 61
[T+6360163168us][CH2-Pc    ] 02
[T+6360174169us][CH1-Dispenser] 02 62
[T+6360242192us][CH2-Pc    ] 03
[T+6360249168us][CH1-Dispenser] 03 63
[T+6360320168us][CH2-Pc    ] 04
[T+6360325168us][CH1-Dispenser] 04 64
[T+6360398301us][CH1-Dispenser] 05
[T+6360398168us][CH2-Pc    ] 05
[T+6360577301us][CH1-Dispenser] 06
[T+6360577168us][CH2-Pc    ] 06
[T+6360742168us][CH2-Pc    ] 01
[T+6360747168us][CH1-Dispenser] 01 61
[T+6360820168us][CH2-Pc    ] 02
[T+6360828209us][CH1-Dispenser] 02 62
[T+6360898168us][CH2-Pc    ] 03
[T+6360905177us][CH1-Dispenser] 03 63
[T+6360976168us][CH2-Pc    ] 04
[T+6360984193us][CH1-Dispenser] 04 64
[T+6361054306us][CH1-Dispenser] 05
[T+6361054170us][CH2-Pc    ] 05
[T+6361229302us][CH1-Dispenser] 06
[T+6361229168us][CH2-Pc    ] 06
[T+6361404168us][CH2-Pc    ] 01
[T+6361411807us][CH1-Dispenser] 01 61
[T+6361482168us][CH2-Pc    ] 02
[T+6361489175us][CH1-Dispenser] 02 62
[T+6361560168us][CH2-Pc    ] 03
[T+6361564205us][CH1-Dispenser] 03 63
[T+6361638168us][CH2-Pc    ] 04
[T+6361644301us][CH1-Dispenser] 04 64
[T+6361716301us][CH1-Dispenser] 05
[T+6361716169us][CH2-Pc    ] 05
[T+6361891302us][CH1-Dispenser] 06
[T+6361891170us][CH2-Pc    ] 06
[T+6362055192us][CH2-Pc    ] 01
[T+6362066694us][CH1-Dispenser] 01 61
[T+6362133168us][CH2-Pc    ] 02
[T+6362138168us][CH1-Dispenser] 02 62
[T+6362211168us][CH2-Pc    ] 03
[T+6362220168us][CH1-Dispenser] 03 63
[T+6362289168us][CH2-Pc    ] 04
[T+6362294168us][CH1-Dispenser] 04 64
[T+6362367302us][CH1-Dispenser] 05
[T+6362367170us][CH2-Pc    ] 05
[T+6362543301us][CH1-Dispenser] 06
[T+6362543169us][CH2-Pc    ] 06
[T+6362722168us][CH2-Pc    ] 01
[T+6362727808us][CH1-Dispenser] 01 61
[T+6362800168us][CH2-Pc    ] 02
[T+6362808193us][CH1-Dispenser] 02 62
[T+6362878168us][CH2-Pc    ] 03
[T+6362885168us][CH1-Dispenser] 03 63
[T+6362956168us][CH2-Pc    ] 04
[T+6362964817us][CH1-Dispenser] 04 64
[T+6363034301us][CH1-Dispenser] 05
[T+6363034168us][CH2-Pc    ] 05
[T+6363209304us][CH1-Dispenser] 06
[T+6363209168us][CH2-Pc    ] 06
[T+6363384168us][CH2-Pc    ] 01
[T+6363392803us][CH1-Dispenser] 01 71
[T+6363411168us][CH2-Pc    ] 21
[T+6363417803us][CH1-Dispenser] 21 D1
[T+6363445300us][CH1-Dispenser] FF E9
[T+6363445168us][CH2-Pc    ] FF E9
[T+6363458362us][CH1-Dispenser] FE
[T+6363458222us][CH2-Pc    ] FE
[T+6363471310us][CH1-Dispenser] E0
[T+6363471171us][CH2-Pc    ] E0
[T+6363484312us][CH1-Dispenser] E1
[T+6363484171us][CH2-Pc    ] E1
[T+6363505301us][CH1-Dispenser] E0
[T+6363505170us][CH2-Pc    ] E0
[T+6363518309us][CH1-Dispenser] FB
[T+6363518171us][CH2-Pc    ] FB
[T+6363530305us][CH1-Dispenser] EE
[T+6363530171us][CH2-Pc    ] EE
[T+6363543168us][CH2-Pc    ] F0
[T+6363570168us][CH1-Dispenser] F0 BA B0 B3 B1 B0 B1 B0 B0 B0 B0 B1 B1 B1 B1 B2 C2 B9 8D 8A
[T+6363635168us][CH2-Pc    ] 02
[T+6363642175us][CH1-Dispenser] 02 62
[T+6363713168us][CH2-Pc    ] 03
[T+6363721209us][CH1-Dispenser] 03 63
[T+6363791168us][CH2-Pc    ] 04
[T+6363799193us][CH1-Dispenser] 04 64
[T+6363869303us][CH1-Dispenser] 05
[T+6363869168us][CH2-Pc    ] 05
[T+6364044301us][CH1-Dispenser] 06
[T+6364044168us][CH2-Pc    ] 06
[T+6364219168us][CH2-Pc    ] 01
[T+6364228799us][CH1-Dispenser] 01 71
[T+6364246168us][CH2-Pc    ] 21
[T+6364253776us][CH1-Dispenser] 21 D1
[T+6364280300us][CH1-Dispenser] FF E9
[T+6364280168us][CH2-Pc    ] FF E9
[T+6364293309us][CH1-Dispenser] FE
[T+6364293171us][CH2-Pc    ] FE
[T+6364306313us][CH1-Dispenser] E0
[T+6364306176us][CH2-Pc    ] E0
[T+6364331302us][CH1-Dispenser] E1 E0
[T+6364331169us][CH2-Pc    ] E1 E0
[T+6364344169us][CH2-Pc    ] FB
[T+6364345168us][CH1-Dispenser] FB
[T+6364357299us][CH1-Dispenser] EE
[T+6364357168us][CH2-Pc    ] EE
[T+6364369209us][CH2-Pc    ] F0
[T+6364403168us][CH1-Dispenser] F0 BA B0 B3 B1 B0 B1 B0 B0 B0 B0 B1 B1 B1 B1 B2 C2 B9 8D 8A
[T+6364471193us][CH2-Pc    ] 02
[T+6364480799us][CH1-Dispenser] 02 62
[T+6364549168us][CH2-Pc    ] 03
[T+6364556168us][CH1-Dispenser] 03 63
[T+6364627168us][CH2-Pc    ] 04
[T+6364635209us][CH1-Dispenser] 04 64
[T+6364705301us][CH1-Dispenser] 05
[T+6364705169us][CH2-Pc    ] 05
[T+6364891301us][CH1-Dispenser] 06
[T+6364891169us][CH2-Pc    ] 06
[T+6365060168us][CH2-Pc    ] 01
[T+6365069168us][CH1-Dispenser] 01 71
[T+6365087168us][CH2-Pc    ] 21
[T+6365093175us][CH1-Dispenser] 21 D1
[T+6365109302us][CH1-Dispenser] FF
[T+6365109169us][CH2-Pc    ] FF
[T+6365123788us][CH1-Dispenser] E9
[T+6365123635us][CH2-Pc    ] E9
[T+6365134316us][CH1-Dispenser] FE
[T+6365134176us][CH2-Pc    ] FE
[T+6365147315us][CH1-Dispenser] E0
[T+6365147172us][CH2-Pc    ] E0
[T+6365159302us][CH1-Dispenser] E1
[T+6365159169us][CH2-Pc    ] E1
[T+6365173588us][CH1-Dispenser] E0
[T+6365172168us][CH2-Pc    ] E0
[T+6365185589us][CH1-Dispenser] FB
[T+6365185450us][CH2-Pc    ] FB
[T+6365207300us][CH1-Dispenser] EE
[T+6365207169us][CH2-Pc    ] EE
[T+6365225168us][CH2-Pc    ] F0
[T+6365255168us][CH1-Dispenser] F0 BA B0 B3 B1 B0 B1 B0 B0 B0 B0 B1 B1 B1 B1 B2 C2 B9 8D 8A
[T+6365326168us][CH2-Pc    ] 02
[T+6365332783us][CH1-Dispenser] 02 62
[T+6365404192us][CH2-Pc    ] 03
[T+6365410175us][CH1-Dispenser] 03 63
[T+6365483168us][CH2-Pc    ] 04
[T+6365489168us][CH1-Dispenser] 04 64
[T+6365561304us][CH1-Dispenser] 05
[T+6365561168us][CH2-Pc    ] 05
[T+6365725301us][CH1-Dispenser] 06
[T+6365725168us][CH2-Pc    ] 06
[T+6365900168us][CH2-Pc    ] 01
[T+6365907168us][CH1-Dispenser] 01 71
[T+6365927192us][CH2-Pc    ] 21
[T+6365933168us][CH1-Dispenser] 21 D1
[T+6365948295us][CH1-Dispenser] FF
[T+6365948168us][CH2-Pc    ] FF
[T+6365961317us][CH1-Dispenser] E9
[T+6365961177us][CH2-Pc    ] E9
[T+6365974315us][CH1-Dispenser] FE
[T+6365974176us][CH2-Pc    ] FE
[T+6365987168us][CH1-Dispenser] E0
[T+6365986175us][CH2-Pc    ] E0
[T+6365999311us][CH1-Dispenser] E1
[T+6365999176us][CH2-Pc    ] E1
[T+6366013575us][CH1-Dispenser] E0
[T+6366012171us][CH2-Pc    ] E0
[T+6366025174us][CH1-Dispenser] FB
[T+6366025314us][CH2-Pc    ] FB
[T+6366037174us][CH1-Dispenser] EE
[T+6366037314us][CH2-Pc    ] EE
[T+6366050168us][CH2-Pc    ] F0
[T+6366080168us][CH1-Dispenser] F0 BA B0 B3 B1 B0 B1 B0 B0 B0 B0 B1 B1 B1 B1 B2 C2 B9 8D 8A
[T+6366153168us][CH2-Pc    ] 02
[T+6366158168us][CH1-Dispenser] 02 62
[T+6366233168us][CH2-Pc    ] 03
[T+6366240778us][CH1-Dispenser] 03 63
[T+6366311168us][CH2-Pc    ] 04
[T+6366319681us][CH1-Dispenser] 04 64
[T+6366389301us][CH1-Dispenser] 05
[T+6366389170us][CH2-Pc    ] 05
[T+6366553301us][CH1-Dispenser] 06
[T+6366553168us][CH2-Pc    ] 06
[T+6366728168us][CH2-Pc    ] 01
[T+6366732196us][CH1-Dispenser] 01 71
[T+6366755168us][CH2-Pc    ] 21
[T+6366763251us][CH1-Dispenser] 21 D1
[T+6366789303us][CH1-Dispenser] FF E9
[T+6366789168us][CH2-Pc    ] FF E9
[T+6366802353us][CH1-Dispenser] FE
[T+6366802204us][CH2-Pc    ] FE
[T+6366815316us][CH1-Dispenser] E0
[T+6366815176us][CH2-Pc    ] E0
[T+6366827314us][CH1-Dispenser] E1
[T+6366827175us][CH2-Pc    ] E1
[T+6366840310us][CH1-Dispenser] E0
[T+6366840172us][CH2-Pc    ] E0
[T+6366853584us][CH1-Dispenser] FB
[T+6366853445us][CH2-Pc    ] FB
[T+6366865302us][CH1-Dispenser] EE
[T+6366865169us][CH2-Pc    ] EE
[T+6366878168us][CH2-Pc    ] F0
[T+6366907168us][CH1-Dispenser] F0 BA B0 B3 B1 B0 B1 B0 B0 B0 B0 B1 B1 B1 B1 B2 C2 B9 8D 8A
[T+6366982168us][CH2-Pc    ] 02
[T+6366988168us][CH1-Dispenser] 02 62
[T+6367060192us][CH2-Pc    ] 03
[T+6367066168us][CH1-Dispenser] 03 63
[T+6367138194us][CH2-Pc    ] 04
[T+6367145771us][CH1-Dispenser] 04 64
[T+6367216303us][CH1-Dispenser] 05
[T+6367216170us][CH2-Pc    ] 05
[T+6367391299us][CH1-Dispenser] 06
[T+6367391168us][CH2-Pc    ] 06
[T+6367555192us][CH2-Pc    ] 01
[T+6367563847us][CH1-Dispenser] 01 71
[T+6367582168us][CH2-Pc    ] 21
[T+6367588168us][CH1-Dispenser] 21 D1
[T+6367604304us][CH1-Dispenser] FF
[T+6367604171us][CH2-Pc    ] FF
[T+6367617320us][CH1-Dispenser] E9
[T+6367617176us][CH2-Pc    ] E9
[T+6367629310us][CH1-Dispenser] FE
[T+6367629176us][CH2-Pc    ] FE
[T+6367642323us][CH1-Dispenser] E0
[T+6367642176us][CH2-Pc    ] E0
[T+6367654317us][CH1-Dispenser] E1
[T+6367654176us][CH2-Pc    ] E1
[T+6367667315us][CH1-Dispenser] E0
[T+6367667173us][CH2-Pc    ] E0
[T+6367680302us][CH1-Dispenser] FB
[T+6367680168us][CH2-Pc    ] FB
[T+6367693551us][CH1-Dispenser] EE
[T+6367693410us][CH2-Pc    ] EE
[T+6367714168us][CH2-Pc    ] F0
[T+6367745168us][CH1-Dispenser] F0 BA B0 B3 B1 B0 B1 B0 B0 B0 B0 B1 B1 B1 B1 B2 C2 B9 8D 8A
[T+6367816168us][CH2-Pc    ] 02
[T+6367822803us][CH1-Dispenser] 02 62
[T+6367894193us][CH2-Pc    ] 03
[T+6367902209us][CH1-Dispenser] 03 63
[T+6367972168us][CH2-Pc    ] 04
[T+6367981766us][CH1-Dispenser] 04 64
[T+6368050300us][CH1-Dispenser] 05
[T+6368050168us][CH2-Pc    ] 05
[T+6368225309us][CH1-Dispenser] 06
[T+6368225170us][CH2-Pc    ] 06
[T+6368400168us][CH2-Pc    ] 01
[T+6368408836us][CH1-Dispenser] 01 71
[T+6368429168us][CH2-Pc    ] 21
[T+6368437209us][CH1-Dispenser] 21 D1
[T+6368450311us][CH1-Dispenser] FF
[T+6368450171us][CH2-Pc    ] FF
[T+6368463308us][CH1-Dispenser] E9
[T+6368463171us][CH2-Pc    ] E9
[T+6368477302us][CH1-Dispenser] FE
[T+6368477170us][CH2-Pc    ] FE
[T+6368489024us][CH1-Dispenser] E0
[T+6368488874us][CH2-Pc    ] E0
[T+6368512300us][CH1-Dispenser] E1
[T+6368512168us][CH2-Pc    ] E1
[T+6368527309us][CH1-Dispenser] E0
[T+6368527171us][CH2-Pc    ] E0
[T+6368540302us][CH1-Dispenser] FB
[T+6368540169us][CH2-Pc    ] FB
[T+6368553310us][CH1-Dispenser] EE
[T+6368553174us][CH2-Pc    ] EE
[T+6368566306us][CH1-Dispenser] F0
[T+6368566171us][CH2-Pc    ] F0
[T+6368601168us][CH1-Dispenser] BA B0 B3 B1 B0 B1 B0 B0 B0 B0 B1 B1 B1 B1 B2 C2 B9 8D 8A
[T+6368667168us][CH2-Pc    ] 02
[T+6368673806us][CH1-Dispenser] 02 62
[T+6368745192us][CH2-Pc    ] 03
[T+6368750808us][CH1-Dispenser] 03 63
[T+6368823168us][CH2-Pc    ] 04
[T+6368829168us][CH1-Dispenser] 04 64
[T+6368902301us][CH1-Dispenser] 05
[T+6368902170us][CH2-Pc    ] 05
[T+6369075303us][CH1-Dispenser] 06
[T+6369075170us][CH2-Pc    ] 06
[T+6369241168us][CH2-Pc    ] 01
[T+6369250171us][CH1-Dispenser] 01 61
[T+6369319168us][CH2-Pc    ] 02
[T+6369327764us][CH1-Dispenser] 02 62
[T+6369398168us][CH2-Pc    ] 03
[T+6369408175us][CH1-Dispenser] 03 63
[T+6369476193us][CH2-Pc    ] 04
[T+6369480196us][CH1-Dispenser] 04 64
[T+6369543302us][CH1-Dispenser] 05
[T+6369543168us][CH2-Pc    ] 05
[T+6369712303us][CH1-Dispenser] 06
[T+6369712169us][CH2-Pc    ] 06
[T+6369887168us][CH2-Pc    ] 01
[T+6369895193us][CH1-Dispenser] 01 61
[T+6369965168us][CH2-Pc    ] 02
[T+6369974168us][CH1-Dispenser] 02 62
[T+6370043168us][CH2-Pc    ] 03
[T+6370051209us][CH1-Dispenser] 03 63
[T+6370121168us][CH2-Pc    ] 04
[T+6370131168us][CH1-Dispenser] 04 64
[T+6370199303us][CH1-Dispenser] 05
[T+6370199169us][CH2-Pc    ] 05
[T+6370374307us][CH1-Dispenser] 06
[T+6370374170us][CH2-Pc    ] 06
[T+6370539168us][CH2-Pc    ] 01
[T+6370550236us][CH1-Dispenser] 01 61
[T+6370630192us][CH2-Pc    ] 02
[T+6370637839us][CH1-Dispenser] 02 62
[T+6370708168us][CH2-Pc    ] 03
[T+6370718177us][CH1-Dispenser] 03 63
[T+6370786193us][CH2-Pc    ] 04
[T+6370797194us][CH1-Dispenser] 04 64
[T+6370864299us][CH1-Dispenser] 05
[T+6370864168us][CH2-Pc    ] 05
[T+6371039303us][CH1-Dispenser] 06
[T+6371039170us][CH2-Pc    ] 06
[T+6371214168us][CH2-Pc    ] 01
[T+6371223168us][CH1-Dispenser] 01 61
[T+6371292168us][CH2-Pc    ] 02
[T+6371298239us][CH1-Dispenser] 02 62
[T+6371370193us][CH2-Pc    ] 03
[T+6371376168us][CH1-Dispenser] 03 63
[T+6371448192us][CH2-Pc    ] 04
[T+6371455168us][CH1-Dispenser] 04 64
[T+6371526300us][CH1-Dispenser] 05
[T+6371526168us][CH2-Pc    ] 05
[T+6371701346us][CH1-Dispenser] 06
[T+6371701170us][CH2-Pc    ] 06
[T+6371865195us][CH2-Pc    ] 01
[T+6371873209us][CH1-Dispenser] 01 61
[T+6371943168us][CH2-Pc    ] 02
[T+6371949798us][CH1-Dispenser] 02 62
[T+6372022168us][CH2-Pc    ] 03
[T+6372031802us][CH1-Dispenser] 03 63
[T+6372100168us][CH2-Pc    ] 04
[T+6372105168us][CH1-Dispenser] 04 64
[T+6372178300us][CH1-Dispenser] 05
[T+6372178168us][CH2-Pc    ] 05
[T+6372353300us][CH1-Dispenser] 06
[T+6372353168us][CH2-Pc    ] 06
[T+6372527168us][CH2-Pc    ] 01
[T+6372533168us][CH1-Dispenser] 01 61
[T+6372606168us][CH2-Pc    ] 02
[T+6372614896us][CH1-Dispenser] 02 62
[T+6372684168us][CH2-Pc    ] 03
[T+6372691815us][CH1-Dispenser] 03 63
[T+6372755193us][CH2-Pc    ] 04
[T+6372759196us][CH1-Dispenser] 04 64
[T+6372833305us][CH1-Dispenser] 05
[T+6372833169us][CH2-Pc    ] 05
[T+6373008302us][CH1-Dispenser] 06
[T+6373008169us][CH2-Pc    ] 06
[T+6373183168us][CH2-Pc    ] 01
[T+6373189168us][CH1-Dispenser] 01 71
[T+6373210168us][CH2-Pc    ] 21
[T+6373217168us][CH1-Dispenser] 21 D1
[T+6373244300us][CH1-Dispenser] FF E9
[T+6373244168us][CH2-Pc    ] FF E9
[T+6373257310us][CH1-Dispenser] FE
[T+6373257171us][CH2-Pc    ] FE
[T+6373270314us][CH1-Dispenser] E0
[T+6373270174us][CH2-Pc    ] E0
[T+6373282173us][CH1-Dispenser] E1
[T+6373282307us][CH2-Pc    ] E1
[T+6373295302us][CH1-Dispenser] E0
[T+6373295168us][CH2-Pc    ] E0
[T+6373308301us][CH1-Dispenser] FB
[T+6373308169us][CH2-Pc    ] FB
[T+6373321168us][CH1-Dispenser] EE
[T+6373320175us][CH2-Pc    ] EE
[T+6373333312us][CH2-Pc    ] F0
[T+6373361193us][CH1-Dispenser] F0 BA B0 B3 B1 B0 B1 B0 B0 B0 B0 B1 B1 B1 B1 B3 C2 B8 8D 8A
[T+6373436168us][CH2-Pc    ] 02
[T+6373446168us][CH1-Dispenser] 02 62
[T+6373514193us][CH2-Pc    ] 03
[T+6373524168us][CH1-Dispenser] 03 63
[T+6373592193us][CH2-Pc    ] 04
[T+6373601168us][CH1-Dispenser] 04 64
[T+6373670302us][CH1-Dispenser] 05
[T+6373670168us][CH2-Pc    ] 05
[T+6373834301us][CH1-Dispenser] 06
[T+6373834168us][CH2-Pc    ] 06
[T+6374009176us][CH2-Pc    ] 01
[T+6374015353us][CH1-Dispenser] 01 71
[T+6374036168us][CH2-Pc    ] 21
[T+6374043175us][CH1-Dispenser] 21 D1
[T+6374059177us][CH1-Dispenser] FF
[T+6374059318us][CH2-Pc    ] FF
[T+6374073712us][CH1-Dispenser] E9
[T+6374072688us][CH2-Pc    ] E9
[T+6374084703us][CH1-Dispenser] FE
[T+6374084280us][CH2-Pc    ] FE
[T+6374096304us][CH1-Dispenser] E0
[T+6374096169us][CH2-Pc    ] E0
[T+6374108297us][CH1-Dispenser] E1
[T+6374108169us][CH2-Pc    ] E1
[T+6374125344us][CH1-Dispenser] E0
[T+6374125486us][CH2-Pc    ] E0
[T+6374136604us][CH1-Dispenser] FB
[T+6374136368us][CH2-Pc    ] FB
[T+6374147176us][CH1-Dispenser] EE
[T+6374147314us][CH2-Pc    ] EE
[T+6374159209us][CH2-Pc    ] F0
[T+6374192539us][CH1-Dispenser] F0 BA B0 B3 B1 B0 B1 B0 B0 B0 B0 B1 B1 B1 B1 B3 C2 B8 8D 8A
[T+6374261168us][CH2-Pc    ] 02
[T+6374268217us][CH1-Dispenser] 02 62
[T+6374339168us][CH2-Pc    ] 03
[T+6374345175us][CH1-Dispenser] 03 63
[T+6374417176us][CH2-Pc    ] 04
[T+6374427477us][CH1-Dispenser] 04 64
[T+6374499319us][CH1-Dispenser] 05
[T+6374499177us][CH2-Pc    ] 05
[T+6374664302us][CH1-Dispenser] 06
[T+6374664168us][CH2-Pc    ] 06
[T+6374839168us][CH2-Pc    ] 01
[T+6374848168us][CH1-Dispenser] 01 71
[T+6374866168us][CH2-Pc    ] 21
[T+6374873177us][CH1-Dispenser] 21 D1
[T+6374892940us][CH1-Dispenser] FF
[T+6374892800us][CH2-Pc    ] FF
[T+6374913300us][CH1-Dispenser] E9
[T+6374913168us][CH2-Pc    ] E9
[T+6374935300us][CH1-Dispenser] FE
[T+6374935168us][CH2-Pc    ] FE
[T+6374947313us][CH1-Dispenser] E0
[T+6374947176us][CH2-Pc    ] E0
[T+6374960321us][CH1-Dispenser] E1
[T+6374960180us][CH2-Pc    ] E1
[T+6374973316us][CH1-Dispenser] E0
[T+6374973176us][CH2-Pc    ] E0
[T+6374998300us][CH1-Dispenser] FB EE
[T+6374998168us][CH2-Pc    ] FB EE
[T+6375011168us][CH2-Pc    ] F0
[T+6375045168us][CH1-Dispenser] F0 BA B0 B3 B1 B0 B1 B0 B0 B0 B0 B1 B1 B1 B1 B3 C2 B8 8D 8A
[T+6375113281us][CH2-Pc    ] 02
[T+6375120168us][CH1-Dispenser] 02 62
[T+6375191168us][CH2-Pc    ] 03
[T+6375203755us][CH1-Dispenser] 03 63
[T+6375270168us][CH2-Pc    ] 04
[T+6375275168us][CH1-Dispenser] 04 64
[T+6375348302us][CH1-Dispenser] 05
[T+6375348168us][CH2-Pc    ] 05
[T+6375525301us][CH1-Dispenser] 06
[T+6375525169us][CH2-Pc    ] 06
[T+6375700168us][CH2-Pc    ] 01
[T+6375709168us][CH1-Dispenser] 01 71
[T+6375728168us][CH2-Pc    ] 21
[T+6375735177us][CH1-Dispenser] 21 D1
[T+6375749303us][CH1-Dispenser] FF
[T+6375749168us][CH2-Pc    ] FF
[T+6375762310us][CH1-Dispenser] E9
[T+6375762172us][CH2-Pc    ] E9
[T+6375774308us][CH1-Dispenser] FE
[T+6375774169us][CH2-Pc    ] FE
[T+6375787302us][CH1-Dispenser] E0
[T+6375787169us][CH2-Pc    ] E0
[T+6375800316us][CH1-Dispenser] E1
[T+6375800175us][CH2-Pc    ] E1
[T+6375813311us][CH1-Dispenser] E0
[T+6375813172us][CH2-Pc    ] E0
[T+6375826313us][CH1-Dispenser] FB
[T+6375826174us][CH2-Pc    ] FB
[T+6375839311us][CH1-Dispenser] EE
[T+6375839171us][CH2-Pc    ] EE
[T+6375851176us][CH2-Pc    ] F0
[T+6375880168us][CH1-Dispenser] F0 BA B0 B3 B1 B0 B1 B0 B0 B0 B0 B1 B1 B1 B1 B3 C2 B8 8D 8A
[T+6375952193us][CH2-Pc    ] 02
[T+6375958168us][CH1-Dispenser] 02 62
[T+6376030193us][CH2-Pc    ] 03
[T+6376035168us][CH1-Dispenser] 03 63
[T+6376109168us][CH2-Pc    ] 04
[T+6376114168us][CH1-Dispenser] 04 64
[T+6376190168us][CH1-Dispenser] 05
[T+6376189168us][CH2-Pc    ] 05
[T+6376375302us][CH1-Dispenser] 06
[T+6376375168us][CH2-Pc    ] 06
[T+6376539192us][CH2-Pc    ] 01
[T+6376549172us][CH1-Dispenser] 01 71
[T+6376567168us][CH2-Pc    ] 21
[T+6376574175us][CH1-Dispenser] 21 D1
[T+6376588301us][CH1-Dispenser] FF
[T+6376588168us][CH2-Pc    ] FF
[T+6376601313us][CH1-Dispenser] E9
[T+6376601173us][CH2-Pc    ] E9
[T+6376613382us][CH1-Dispenser] FE
[T+6376613242us][CH2-Pc    ] FE
[T+6376626313us][CH1-Dispenser] E0
[T+6376626174us][CH2-Pc    ] E0
[T+6376639313us][CH1-Dispenser] E1
[T+6376639171us][CH2-Pc    ] E1
[T+6376666300us][CH1-Dispenser] E0 FB
[T+6376666168us][CH2-Pc    ] E0 FB
[T+6376680305us][CH1-Dispenser] EE
[T+6376680171us][CH2-Pc    ] EE
[T+6376693168us][CH2-Pc    ] F0
[T+6376720168us][CH1-Dispenser] F0 BA B0 B3 B1 B0 B1 B0 B0 B0 B0 B1 B1 B1 B1 B3 C2 B8 8D 8A
[T+6376784193us][CH2-Pc    ] 02
[T+6376794168us][CH1-Dispenser] 02 62
[T+6376862192us][CH2-Pc    ] 03
[T+6376871168us][CH1-Dispenser] 03 63
[T+6376940168us][CH2-Pc    ] 04
[T+6376945168us][CH1-Dispenser] 04 64
[T+6377019300us][CH1-Dispenser] 05
[T+6377019168us][CH2-Pc    ] 05
[T+6377194303us][CH1-Dispenser] 06
[T+6377194168us][CH2-Pc    ] 06
[T+6377368168us][CH2-Pc    ] 01
[T+6377376844us][CH1-Dispenser] 01 71
[T+6377396192us][CH2-Pc    ] 21
[T+6377403765us][CH1-Dispenser] 21 D1
[T+6377429303us][CH1-Dispenser] FF E9
[T+6377429169us][CH2-Pc    ] FF E9
[T+6377443306us][CH1-Dispenser] FE
[T+6377443171us][CH2-Pc    ] FE
[T+6377455317us][CH1-Dispenser] E0
[T+6377455177us][CH2-Pc    ] E0
[T+6377468316us][CH1-Dispenser] E1
[T+6377468176us][CH2-Pc    ] E1
[T+6377481168us][CH1-Dispenser] E0
[T+6377480175us][CH2-Pc    ] E0
[T+6377493316us][CH1-Dispenser] FB
[T+6377493176us][CH2-Pc    ] FB
[T+6377507309us][CH1-Dispenser] EE
[T+6377507171us][CH2-Pc    ] EE
[T+6377518175us][CH2-Pc    ] F0
[T+6377545168us][CH1-Dispenser] F0 BA B0 B3 B1 B0 B1 B0 B0 B0 B0 B1 B1 B1 B1 B3 C2 B8 8D 8A
[T+6377610168us][CH2-Pc    ] 02
[T+6377619168us][CH1-Dispenser] 02 62
[T+6377688168us][CH2-Pc    ] 03
[T+6377698168us][CH1-Dispenser] 03 63
[T+6377767168us][CH2-Pc    ] 04
[T+6377777168us][CH1-Dispenser] 04 64
[T+6377845308us][CH1-Dispenser] 05
[T+6377845172us][CH2-Pc    ] 05
[T+6378030304us][CH1-Dispenser] 06
[T+6378030169us][CH2-Pc    ] 06
[T+6378195168us][CH2-Pc    ] 01
[T+6378203236us][CH1-Dispenser] 01 61
[T+6378273168us][CH2-Pc    ] 02
[T+6378280660us][CH1-Dispenser] 02 62
[T+6378351168us][CH2-Pc    ] 03
[T+6378356168us][CH1-Dispenser] 03 63
[T+6378429168us][CH2-Pc    ] 04
[T+6378435168us][CH1-Dispenser] 04 64
[T+6378507302us][CH1-Dispenser] 05
[T+6378507168us][CH2-Pc    ] 05
[T+6378682303us][CH1-Dispenser] 06
[T+6378682168us][CH2-Pc    ] 06
[T+6378856168us][CH2-Pc    ] 01
[T+6378864267us][CH1-Dispenser] 01 61
[T+6378935168us][CH2-Pc    ] 02
[T+6378944168us][CH1-Dispenser] 02 62
[T+6379013168us][CH2-Pc    ] 03
[T+6379021193us][CH1-Dispenser] 03 63
[T+6379091168us][CH2-Pc    ] 04
[T+6379095196us][CH1-Dispenser] 04 64
[T+6379158301us][CH1-Dispenser] 05
[T+6379158168us][CH2-Pc    ] 05
[T+6379344305us][CH1-Dispenser] 06
[T+6379344170us][CH2-Pc    ] 06
[T+6379513168us][CH2-Pc    ] 01
[T+6379518168us][CH1-Dispenser] 01 61
[T+6379591168us][CH2-Pc    ] 02
[T+6379598175us][CH1-Dispenser] 02 62
[T+6379669168us][CH2-Pc    ] 03
[T+6379675175us][CH1-Dispenser] 03 63
[T+6379747192us][CH2-Pc    ] 04
[T+6379756800us][CH1-Dispenser] 04 64
[T+6379825301us][CH1-Dispenser] 05
[T+6379825169us][CH2-Pc    ] 05
[T+6380000308us][CH1-Dispenser] 06
[T+6380000170us][CH2-Pc    ] 06
[T+6380164192us][CH2-Pc    ] 01
[T+6380169168us][CH1-Dispenser] 01 61
[T+6380242168us][CH2-Pc    ] 02
[T+6380248168us][CH1-Dispenser] 02 62
[T+6380320192us][CH2-Pc    ] 03
[T+6380325168us][CH1-Dispenser] 03 63
[T+6380399168us][CH2-Pc    ] 04
[T+6380406177us][CH1-Dispenser] 04 64
[T+6380476300us][CH1-Dispenser] 05
[T+6380476168us][CH2-Pc    ] 05
[T+6380655302us][CH1-Dispenser] 06
[T+6380655168us][CH2-Pc    ] 06
[T+6380819194us][CH2-Pc    ] 01
[T+6380823196us][CH1-Dispenser] 01 61
[T+6380887193us][CH2-Pc    ] 02
[T+6380893175us][CH1-Dispenser] 02 62
[T+6380970168us][CH2-Pc    ] 03
[T+6380976168us][CH1-Dispenser] 03 63
[T+6381048192us][CH2-Pc    ] 04
[T+6381055168us][CH1-Dispenser] 04 64
[T+6381126306us][CH1-Dispenser] 05
[T+6381126169us][CH2-Pc    ] 05
[T+6381304301us][CH1-Dispenser] 06
[T+6381304169us][CH2-Pc    ] 06
[T+6381478168us][CH2-Pc    ] 01
[T+6381484168us][CH1-Dispenser] 01 61
[T+6381557168us][CH2-Pc    ] 02
[T+6381563168us][CH1-Dispenser] 02 62
[T+6381635203us][CH2-Pc    ] 03
[T+6381641798us][CH1-Dispenser] 03 63
[T+6381713193us][CH2-Pc    ] 04
[T+6381722168us][CH1-Dispenser] 04 64
[T+6381791300us][CH1-Dispenser] 05
[T+6381791168us][CH2-Pc    ] 05
[T+6381966301us][CH1-Dispenser] 06
[T+6381966170us][CH2-Pc    ] 06
[T+6382141168us][CH2-Pc    ] 01
[T+6382151816us][CH1-Dispenser] 01 61
[T+6382219193us][CH2-Pc    ] 02
[T+6382223199us][CH1-Dispenser] 02 62
[T+6382286168us][CH2-Pc    ] 03
[T+6382291168us][CH1-Dispenser] 03 63
[T+6382364168us][CH2-Pc    ] 04
[T+6382372708us][CH1-Dispenser] 04 64
[T+6382442300us][CH1-Dispenser] 05
[T+6382442168us][CH2-Pc    ] 05
[T+6382617304us][CH1-Dispenser] 06
[T+6382617170us][CH2-Pc    ] 06
[T+6382792168us][CH2-Pc    ] 01
[T+6382799168us][CH1-Dispenser] 01 61
[T+6382870168us][CH2-Pc    ] 02
[T+6382879168us][CH1-Dispenser] 02 62
[T+6382948168us][CH2-Pc    ] 03
[T+6382958172us][CH1-Dispenser] 03 63
[T+6383026193us][CH2-Pc    ] 04
[T+6383030196us][CH1-Dispenser] 04 64
[T+6383094301us][CH1-Dispenser] 05
[T+6383094168us][CH2-Pc    ] 05
[T+6383260303us][CH1-Dispenser] 06
[T+6383260169us][CH2-Pc    ] 06
[T+6383435168us][CH2-Pc    ] 01
[T+6383445168us][CH1-Dispenser] 01 61
[T+6383513192us][CH2-Pc    ] 02
[T+6383518168us][CH1-Dispenser] 02 62