connected
[T+6439757303us][CH1-Dispenser] 06
[T+6439757168us][CH2-Pc    ] 06
[T+6439931193us][CH2-Pc    ] 01
[T+6439938175us][CH1-Dispenser] 01 61
[T+6440010192us][CH2-Pc    ] 02
[T+6440017168us][CH1-Dispenser] 02 62
[T+6440088168us][CH2-Pc    ] 03
[T+6440095168us][CH1-Dispenser] 03 63
[T+6440166168us][CH2-Pc    ] 04
[T+6440176172us][CH1-Dispenser] 04 64
[T+6440244303us][CH1-Dispenser] 05
[T+6440244169us][CH2-Pc    ] 05
[T+6440419302us][CH1-Dispenser] 06
[T+6440419168us][CH2-Pc    ] 06
[T+6440585168us][CH2-Pc    ] 01
[T+6440592237us][CH1-Dispenser] 01 61
[T+6440664192us][CH2-Pc    ] 02
[T+6440673168us][CH1-Dispenser] 02 62
[T+6440742168us][CH2-Pc    ] 03
[T+6440749802us][CH1-Dispenser] 03 63
[T+6440822168us][CH2-Pc    ] 04
[T+6440830193us][CH1-Dispenser] 04 64
[T+6440900303us][CH1-Dispenser] 05
[T+6440900168us][CH2-Pc    ] 05
[T+6441075302us][CH1-Dispenser] 06
[T+6441075169us][CH2-Pc    ] 06
[T+6441239193us][CH2-Pc    ] 01
[T+6441248168us][CH1-Dispenser] 01 61
[T+6441317168us][CH2-Pc    ] 02
[T+6441322978us][CH1-Dispenser] 02 62
[T+6441395193us][CH2-Pc    ] 03
[T+6441405168us][CH1-Dispenser] 03 63
[T+6441474168us][CH2-Pc    ] 04
[T+6441480175us][CH1-Dispenser] 04 64
[T+6441552301us][CH1-Dispenser] 05
[T+6441552168us][CH2-Pc    ] 05
[T+6441726302us][CH1-Dispenser] 06
[T+6441726168us][CH2-Pc    ] 06
[T+6441901168us][CH2-Pc    ] 01
[T+6441907175us][CH1-Dispenser] 01 61
[T+6441979193us][CH2-Pc    ] 02
[T+6441987193us][CH1-Dispenser] 02 62
[T+6442058168us][CH2-Pc    ] 03
[T+6442066209us][CH1-Dispenser] 03 63
[T+6442136168us][CH2-Pc    ] 04
[T+6442145168us][CH1-Dispenser] 04 64
[T+6442214300us][CH1-Dispenser] 05
[T+6442214168us][CH2-Pc    ] 05
[T+6442388302us][CH1-Dispenser] 06
[T+6442388170us][CH2-Pc    ] 06
[T+6442553168us][CH2-Pc    ] 01
[T+6442558816us][CH1-Dispenser] 01 61
[T+6442631168us][CH2-Pc    ] 02
[T+6442637168us][CH1-Dispenser] 02 62
[T+6442709192us][CH2-Pc    ] 03
[T+6442715168us][CH1-Dispenser] 03 63
[T+6442787192us][CH2-Pc    ] 04
[T+6442796646us][CH1-Dispenser] 04 64
[T+6442865301us][CH1-Dispenser] 05
[T+6442865169us][CH2-Pc    ] 05
[T+6443040301us][CH1-Dispenser] 06
[T+6443040168us][CH2-Pc    ] 06
[T+6443215168us][CH2-Pc    ] 01
[T+6443223209us][CH1-Dispenser] 01 61
[T+6443293168us][CH2-Pc    ] 02
[T+6443299168us][CH1-Dispenser] 02 62
[T+6443371193us][CH2-Pc    ] 03
[T+6443380168us][CH1-Dispenser] 03 63
[T+6443449168us][CH2-Pc    ] 04
[T+6443455168us][CH1-Dispenser] 04 64
[T+6443527301us][CH1-Dispenser] 05
[T+6443527170us][CH2-Pc    ] 05
[T+6443702303us][CH1-Dispenser] 06
[T+6443702170us][CH2-Pc    ] 06
[T+6443866193us][CH2-Pc    ] 01
[T+6443873175us][CH1-Dispenser] 01 61
[T+6443944168us][CH2-Pc    ] 02
[T+6443953168us][CH1-Dispenser] 02 62
[T+6444022168us][CH2-Pc    ] 03
[T+6444030193us][CH1-Dispenser] 03 63
[T+6444100168us][CH2-Pc    ] 04
[T+6444106168us][CH1-Dispenser] 04 64
[T+6444178302us][CH1-Dispenser] 05
[T+6444178168us][CH2-Pc    ] 05
[T+6444353301us][CH1-Dispenser] 06
[T+6444353168us][CH2-Pc    ] 06
[T+6444530168us][CH2-Pc    ] 01
[T+6444538193us][CH1-Dispenser] 01 61
[T+6444610201us][CH2-Pc    ] 02
[T+6444617175us][CH1-Dispenser] 02 62
[T+6444688168us][CH2-Pc    ] 03
[T+6444695840us][CH1-Dispenser] 03 63
[T+6444766168us][CH2-Pc    ] 04
[T+6444776175us][CH1-Dispenser] 04 64
[T+6444845300us][CH1-Dispenser] 05
[T+6444845168us][CH2-Pc    ] 05
[T+6445030302us][CH1-Dispenser] 06
[T+6445030168us][CH2-Pc    ] 06
[T+6445195168us][CH2-Pc    ] 01
[T+6445203209us][CH1-Dispenser] 01 61
[T+6445272168us][CH2-Pc    ] 02
[T+6445277168us][CH1-Dispenser] 02 62
[T+6445352168us][CH2-Pc    ] 03
[T+6445362663us][CH1-Dispenser] 03 63
[T+6445437168us][CH2-Pc    ] 04
[T+6445444175us][CH1-Dispenser] 04 64
[T+6445515632us][CH1-Dispenser] 05
[T+6445515489us][CH2-Pc    ] 05
[T+6445701311us][CH1-Dispenser] 06
[T+6445701171us][CH2-Pc    ] 06
[T+6445865192us][CH2-Pc    ] 01
[T+6445873840us][CH1-Dispenser] 01 61
[T+6445943168us][CH2-Pc    ] 02
[T+6445951209us][CH1-Dispenser] 02 62
[T+6446021168us][CH2-Pc    ] 03
[T+6446030168us][CH1-Dispenser] 03 63
[T+6446099193us][CH2-Pc    ] 04
[T+6446104168us][CH1-Dispenser] 04 64
[T+6446178300us][CH1-Dispenser] 05
[T+6446178168us][CH2-Pc    ] 05
[T+6446352305us][CH1-Dispenser] 06
[T+6446352168us][CH2-Pc    ] 06
[T+6446528193us][CH2-Pc    ] 01
[T+6446537854us][CH1-Dispenser] 01 61
[T+6446609168us][CH2-Pc    ] 02
[T+6446618168us][CH1-Dispenser] 02 62
[T+6446687168us][CH2-Pc    ] 03
[T+6446695193us][CH1-Dispenser] 03 63
[T+6446765168us][CH2-Pc    ] 04
[T+6446769196us][CH1-Dispenser] 04 64
[T+6446833300us][CH1-Dispenser] 05
[T+6446833168us][CH2-Pc    ] 05
[T+6447008302us][CH1-Dispenser] 06
[T+6447008168us][CH2-Pc    ] 06
[T+6447182168us][CH2-Pc    ] 01
[T+6447189811us][CH1-Dispenser] 01 61
[T+6447260168us][CH2-Pc    ] 02
[T+6447268210us][CH1-Dispenser] 02 62
[T+6447339168us][CH2-Pc    ] 03
[T+6447345168us][CH1-Dispenser] 03 63
[T+6447417192us][CH2-Pc    ] 04
[T+6447425842us][CH1-Dispenser] 04 64
[T+6447495302us][CH1-Dispenser] 05
[T+6447495168us][CH2-Pc    ] 05
[T+6447670301us][CH1-Dispenser] 06
[T+6447670168us][CH2-Pc    ] 06
[T+6447835168us][CH2-Pc    ] 01
[T+6447845168us][CH1-Dispenser] 01 61
[T+6447913193us][CH2-Pc    ] 02
[T+6447918168us][CH1-Dispenser] 02 62
[T+6447991168us][CH2-Pc    ] 03
[T+6448000168us][CH1-Dispenser] 03 63
[T+6448069168us][CH2-Pc    ] 04
[T+6448075168us][CH1-Dispenser] 04 64
[T+6448147300us][CH1-Dispenser] 05
[T+6448147168us][CH2-Pc    ] 05
[T+6448322305us][CH1-Dispenser] 06
[T+6448322170us][CH2-Pc    ] 06
[T+6448501168us][CH2-Pc    ] 01
[T+6448508168us][CH1-Dispenser] 01 61
[T+6448579168us][CH2-Pc    ] 02
[T+6448589172us][CH1-Dispenser] 02 62
[T+6448657193us][CH2-Pc    ] 03
[T+6448666169us][CH1-Dispenser] 03 63
[T+6448735168us][CH2-Pc    ] 04
[T+6448740798us][CH1-Dispenser] 04 64
[T+6448813302us][CH1-Dispenser] 05
[T+6448813169us][CH2-Pc    ] 05
[T+6448999303us][CH1-Dispenser] 06
[T+6448999170us][CH2-Pc    ] 06
[T+6449163192us][CH2-Pc    ] 01
[T+6449167197us][CH1-Dispenser] 01 61
[T+6449241168us][CH2-Pc    ] 02
[T+6449248804us][CH1-Dispenser] 02 62
[T+6449319169us][CH2-Pc    ] 03
[T+6449326175us][CH1-Dispenser] 03 63
[T+6449397168us][CH2-Pc    ] 04
[T+6449405209us][CH1-Dispenser] 04 64
[T+6449475302us][CH1-Dispenser] 05
[T+6449475168us][CH2-Pc    ] 05
[T+6449650307us][CH1-Dispenser] 06
[T+6449650169us][CH2-Pc    ] 06
[T+6449825168us][CH2-Pc    ] 01
[T+6449834168us][CH1-Dispenser] 01 61
[T+6449903168us][CH2-Pc    ] 02
[T+6449908168us][CH1-Dispenser] 02 62
[T+6449981168us][CH2-Pc    ] 03
[T+6449991169us][CH1-Dispenser] 03 63
[T+6450059192us][CH2-Pc    ] 04
[T+6450066619us][CH1-Dispenser] 04 64
[T+6450130301us][CH1-Dispenser] 05
[T+6450130169us][CH2-Pc    ] 05
[T+6450306303us][CH1-Dispenser] 06
[T+6450306168us][CH2-Pc    ] 06
[T+6450480168us][CH2-Pc    ] 01
[T+6450488209us][CH1-Dispenser] 01 61
[T+6450558168us][CH2-Pc    ] 02
[T+6450564175us][CH1-Dispenser] 02 62
[T+6450636193us][CH2-Pc    ] 03
[T+6450645773us][CH1-Dispenser] 03 63
[T+6450715168us][CH2-Pc    ] 04
[T+6450720168us][CH1-Dispenser] 04 64
[T+6450793302us][CH1-Dispenser] 05
[T+6450793169us][CH2-Pc    ] 05
[T+6450967301us][CH1-Dispenser] 06
[T+6450967168us][CH2-Pc    ] 06
[T+6451132168us][CH2-Pc    ] 01
[T+6451138813us][CH1-Dispenser] 01 61
[T+6451210192us][CH2-Pc    ] 02
[T+6451220168us][CH1-Dispenser] 02 62
[T+6451288193us][CH2-Pc    ] 03
[T+6451295168us][CH1-Dispenser] 03 63
[T+6451369169us][CH1-Dispenser] 04 64
[T+6451366168us][CH2-Pc    ] 04
[T+6451433301us][CH1-Dispenser] 05
[T+6451433168us][CH2-Pc    ] 05
[T+6451599302us][CH1-Dispenser] 06
[T+6451599168us][CH2-Pc    ] 06
[T+6451774168us][CH2-Pc    ] 01
[T+6451778204us][CH1-Dispenser] 01 61
[T+6451842192us][CH2-Pc    ] 02
[T+6451848175us][CH1-Dispenser] 02 62
[T+6451920193us][CH2-Pc    ] 03
[T+6451928193us][CH1-Dispenser] 03 63
[T+6451998168us][CH2-Pc    ] 04
[T+6452007168us][CH1-Dispenser] 04 64
[T+6452076300us][CH1-Dispenser] 05
[T+6452076168us][CH2-Pc    ] 05
[T+6452240301us][CH1-Dispenser] 06
[T+6452240168us][CH2-Pc    ] 06
[T+6452415168us][CH2-Pc    ] 01
[T+6452425172us][CH1-Dispenser] 01 61
[T+6452493285us][CH2-Pc    ] 02
[T+6452499805us][CH1-Dispenser] 02 62
[T+6452575193us][CH2-Pc    ] 03
[T+6452582175us][CH1-Dispenser] 03 63
[T+6452653168us][CH2-Pc    ] 04
[T+6452663168us][CH1-Dispenser] 04 64
[T+6452731303us][CH1-Dispenser] 05
[T+6452731168us][CH2-Pc    ] 05
[T+6452896302us][CH1-Dispenser] 06
[T+6452896169us][CH2-Pc    ] 06
[T+6453071168us][CH2-Pc    ] 01
[T+6453081795us][CH1-Dispenser] 01 61
[T+6453149193us][CH2-Pc    ] 02
[T+6453155168us][CH1-Dispenser] 02 62
[T+6453227193us][CH2-Pc    ] 03
[T+6453236168us][CH1-Dispenser] 03 63
[T+6453306168us][CH2-Pc    ] 04
[T+6453317693us][CH1-Dispenser] 04 64
[T+6453384300us][CH1-Dispenser] 05
[T+6453384168us][CH2-Pc    ] 05
[T+6453559302us][CH1-Dispenser] 06
[T+6453559168us][CH2-Pc    ] 06
[T+6453723197us][CH2-Pc    ] 01
[T+6453729168us][CH1-Dispenser] 01 61
[T+6453801192us][CH2-Pc    ] 02
[T+6453811172us][CH1-Dispenser] 02 62
[T+6453879193us][CH2-Pc    ] 03
[T+6453884168us][CH1-Dispenser] 03 63
[T+6453958168us][CH2-Pc    ] 04
[T+6453966193us][CH1-Dispenser] 04 64
[T+6454037302us][CH1-Dispenser] 05
[T+6454037169us][CH2-Pc    ] 05
[T+6454211168us][CH2-Pc    ] 06
[T+6454212168us][CH1-Dispenser] 06
[T+6454386168us][CH2-Pc    ] 01
[T+6454394209us][CH1-Dispenser] 01 61
[T+6454464168us][CH2-Pc    ] 02
[T+6454474168us][CH1-Dispenser] 02 62
[T+6454543168us][CH2-Pc    ] 03
[T+6454551193us][CH1-Dispenser] 03 63
[T+6454621168us][CH2-Pc    ] 04
[T+6454625196us][CH1-Dispenser] 04 64
[T+6454688305us][CH1-Dispenser] 05
[T+6454688170us][CH2-Pc    ] 05
[T+6454874302us][CH1-Dispenser] 06
[T+6454874170us][CH2-Pc    ] 06
[T+6455038193us][CH2-Pc    ] 01
[T+6455043168us][CH1-Dispenser] 01 61
[T+6455116168us][CH2-Pc    ] 02
[T+6455124625us][CH1-Dispenser] 02 62
[T+6455194168us][CH2-Pc    ] 03
[T+6455200175us][CH1-Dispenser] 03 63
[T+6455272192us][CH2-Pc    ] 04
[T+6455281800us][CH1-Dispenser] 04 64
[T+6455350302us][CH1-Dispenser] 05
[T+6455350168us][CH2-Pc    ] 05
[T+6455525303us][CH1-Dispenser] 06
[T+6455525170us][CH2-Pc    ] 06
[T+6455700168us][CH2-Pc    ] 01
[T+6455708209us][CH1-Dispenser] 01 61
[T+6455778168us][CH2-Pc    ] 02
[T+6455784168us][CH1-Dispenser] 02 62
[T+6455856194us][CH2-Pc    ] 03
[T+6455861168us][CH1-Dispenser] 03 63
[T+6455934168us][CH2-Pc    ] 04
[T+6455942209us][CH1-Dispenser] 04 64
[T+6456012301us][CH1-Dispenser] 05
[T+6456012168us][CH2-Pc    ] 05
[T+6456176302us][CH1-Dispenser] 06
[T+6456176168us][CH2-Pc    ] 06
[T+6456351168us][CH2-Pc    ] 01
[T+6456360812us][CH1-Dispenser] 01 61
[T+6456429168us][CH2-Pc    ] 02
[T+6456434168us][CH1-Dispenser] 02 62
[T+6456507168us][CH2-Pc    ] 03
[T+6456515209us][CH1-Dispenser] 03 63
[T+6456586168us][CH2-Pc    ] 04
[T+6456591899us][CH1-Dispenser] 04 64
[T+6456664301us][CH1-Dispenser] 05
[T+6456664168us][CH2-Pc    ] 05
[T+6456839303us][CH1-Dispenser] 06
[T+6456839170us][CH2-Pc    ] 06
[T+6457014168us][CH2-Pc    ] 01
[T+6457020168us][CH1-Dispenser] 01 61
[T+6457093168us][CH2-Pc    ] 02
[T+6457101209us][CH1-Dispenser] 02 62
[T+6457170168us][CH2-Pc    ] 03
[T+6457176768us][CH1-Dispenser] 03 63
[T+6457249168us][CH2-Pc    ] 04
[T+6457256168us][CH1-Dispenser] 04 64
[T+6457327303us][CH1-Dispenser] 05
[T+6457327170us][CH2-Pc    ] 05
[T+6457491303us][CH1-Dispenser] 06
[T+6457491170us][CH2-Pc    ] 06
[T+6457666168us][CH2-Pc    ] 01
[T+6457675168us][CH1-Dispenser] 01 61
[T+6457744168us][CH2-Pc    ] 02
[T+6457751802us][CH1-Dispenser] 02 72
[T+6457771193us][CH2-Pc    ] 22
[T+6457778771us][CH1-Dispenser] 22 D2
[T+6457793301us][CH1-Dispenser] FF
[T+6457793168us][CH2-Pc    ] FF
[T+6457805310us][CH1-Dispenser] E9
[T+6457805174us][CH2-Pc    ] E9
[T+6457818315us][CH1-Dispenser] FE
[T+6457818175us][CH2-Pc    ] FE
[T+6457835302us][CH1-Dispenser] E0
[T+6457835169us][CH2-Pc    ] E0
[T+6457848299us][CH1-Dispenser] E1
[T+6457848168us][CH2-Pc    ] E1
[T+6457861301us][CH1-Dispenser] E0
[T+6457861168us][CH2-Pc    ] E0
[T+6457874255us][CH2-Pc    ] FB
[T+6457878198us][CH1-Dispenser] FB
[T+6457886176us][CH2-Pc    ] EE
[T+6457886309us][CH1-Dispenser] EE
[T+6457899168us][CH2-Pc    ] F0
[T+6457926168us][CH1-Dispenser] F0 BA B0 B3 B2 B0 B1 B0 B0 B0 B0 B1 B1 B1 B1 B1 C1 C1 8D 8A
[T+6457991168us][CH2-Pc    ] 03
[T+6457996168us][CH1-Dispenser] 03 63
[T+6458069168us][CH2-Pc    ] 04
[T+6458076168us][CH1-Dispenser] 04 64
[T+6458147301us][CH1-Dispenser] 05
[T+6458147168us][CH2-Pc    ] 05
[T+6458322302us][CH1-Dispenser] 06
[T+6458322168us][CH2-Pc    ] 06
[T+6458503168us][CH2-Pc    ] 01
[T+6458508168us][CH1-Dispenser] 01 61
[T+6458581168us][CH2-Pc    ] 02
[T+6458589209us][CH1-Dispenser] 02 72
[T+6458608168us][CH2-Pc    ] 22
[T+6458616209us][CH1-Dispenser] 22 D2
[T+6458629304us][CH1-Dispenser] FF
[T+6458629169us][CH2-Pc    ] FF
[T+6458642306us][CH1-Dispenser] E9
[T+6458642169us][CH2-Pc    ] E9
[T+6458656308us][CH1-Dispenser] FE
[T+6458656171us][CH2-Pc    ] FE
[T+6458668390us][CH1-Dispenser] E0
[T+6458667869us][CH2-Pc    ] E0
[T+6458680281us][CH1-Dispenser] E1
[T+6458680176us][CH2-Pc    ] E1
[T+6458693315us][CH1-Dispenser] E0
[T+6458693176us][CH2-Pc    ] E0
[T+6458706314us][CH1-Dispenser] FB
[T+6458706176us][CH2-Pc    ] FB
[T+6458718316us][CH1-Dispenser] EE
[T+6458718176us][CH2-Pc    ] EE
[T+6458731168us][CH2-Pc    ] F0
[T+6458762168us][CH1-Dispenser] F0 BA B0 B3 B2 B0 B1 B0 B0 B0 B0 B1 B1 B1 B1 B1 C1 C1 8D 8A
[T+6458834192us][CH2-Pc    ] 03
[T+6458841168us][CH1-Dispenser] 03 63
[T+6458912168us][CH2-Pc    ] 04
[T+6458921169us][CH1-Dispenser] 04 64
[T+6458990300us][CH1-Dispenser] 05
[T+6458990168us][CH2-Pc    ] 05
[T+6459165300us][CH1-Dispenser] 06
[T+6459165168us][CH2-Pc    ] 06
[T+6459339168us][CH2-Pc    ] 01
[T+6459344168us][CH1-Dispenser] 01 61
[T+6459417168us][CH2-Pc    ] 02
[T+6459425209us][CH1-Dispenser] 02 72
[T+6459445192us][CH2-Pc    ] 22
[T+6459466170us][CH1-Dispenser] 22 D2 FF
[T+6459466303us][CH2-Pc    ] FF
[T+6459479296us][CH1-Dispenser] E9
[T+6459479168us][CH2-Pc    ] E9
[T+6459492315us][CH1-Dispenser] FE
[T+6459492176us][CH2-Pc    ] FE
[T+6459505316us][CH1-Dispenser] E0
[T+6459505176us][CH2-Pc    ] E0
[T+6459529300us][CH1-Dispenser] E1 E0
[T+6459529168us][CH2-Pc    ] E1 E0
[T+6459556306us][CH1-Dispenser] FB EE
[T+6459556170us][CH2-Pc    ] FB EE
[T+6459569168us][CH2-Pc    ] F0
[T+6459596168us][CH1-Dispenser] F0 BA B0 B3 B2 B0 B1 B0 B0 B0 B0 B1 B1 B1 B1 B1 C1 C1 8D 8A
[T+6459661317us][CH2-Pc    ] 03
[T+6459667168us][CH1-Dispenser] 03 63
[T+6459739193us][CH2-Pc    ] 04
[T+6459746168us][CH1-Dispenser] 04 64
[T+6459828301us][CH1-Dispenser] 05
[T+6459828170us][CH2-Pc    ] 05
[T+6460013303us][CH1-Dispenser] 06
[T+6460013168us][CH2-Pc    ] 06
[T+6460177196us][CH2-Pc    ] 01
[T+6460184175us][CH1-Dispenser] 01 61
[T+6460255168us][CH2-Pc    ] 02
[T+6460265168us][CH1-Dispenser] 02 72
[T+6460283168us][CH2-Pc    ] 22
[T+6460288168us][CH1-Dispenser] 22 D2
[T+6460304300us][CH1-Dispenser] FF
[T+6460304168us][CH2-Pc    ] FF
[T+6460317300us][CH1-Dispenser] E9
[T+6460317168us][CH2-Pc    ] E9
[T+6460330176us][CH1-Dispenser] FE
[T+6460331236us][CH2-Pc    ] FE
[T+6460342316us][CH1-Dispenser] E0
[T+6460342176us][CH2-Pc    ] E0
[T+6460355316us][CH1-Dispenser] E1
[T+6460355176us][CH2-Pc    ] E1
[T+6460368305us][CH1-Dispenser] E0
[T+6460368169us][CH2-Pc    ] E0
[T+6460380304us][CH1-Dispenser] FB
[T+6460380169us][CH2-Pc    ] FB
[T+6460393314us][CH1-Dispenser] EE
[T+6460393176us][CH2-Pc    ] EE
[T+6460406168us][CH2-Pc    ] F0
[T+6460439168us][CH1-Dispenser] F0 BA B0 B3 B2 B0 B1 B0 B0 B0 B0 B1 B1 B1 B1 B1 C1 C1 8D 8A
[T+6460507193us][CH2-Pc    ] 03
[T+6460515510us][CH1-Dispenser] 03 63
[T+6460586168us][CH2-Pc    ] 04
[T+6460591168us][CH1-Dispenser] 04 64
[T+6460664301us][CH1-Dispenser] 05
[T+6460664168us][CH2-Pc    ] 05
[T+6460838302us][CH1-Dispenser] 06
[T+6460838169us][CH2-Pc    ] 06
[T+6461013168us][CH2-Pc    ] 01
[T+6461020168us][CH1-Dispenser] 01 61
[T+6461091168us][CH2-Pc    ] 02
[T+6461099209us][CH1-Dispenser] 02 72
[T+6461119193us][CH2-Pc    ] 22
[T+6461124168us][CH1-Dispenser] 22 D2
[T+6461140301us][CH1-Dispenser] FF
[T+6461140168us][CH2-Pc    ] FF
[T+6461153310us][CH1-Dispenser] E9
[T+6461153171us][CH2-Pc    ] E9
[T+6461165297us][CH1-Dispenser] FE
[T+6461165170us][CH2-Pc    ] FE
[T+6461178312us][CH1-Dispenser] E0
[T+6461178174us][CH2-Pc    ] E0
[T+6461191313us][CH1-Dispenser] E1
[T+6461191174us][CH2-Pc    ] E1
[T+6461204305us][CH1-Dispenser] E0
[T+6461204168us][CH2-Pc    ] E0
[T+6461216300us][CH1-Dispenser] FB
[T+6461216168us][CH2-Pc    ] FB
[T+6461229302us][CH1-Dispenser] EE
[T+6461229169us][CH2-Pc    ] EE
[T+6461242169us][CH2-Pc    ] F0
[T+6461272168us][CH1-Dispenser] F0 BA B0 B3 B2 B0 B1 B0 B0 B0 B0 B1 B1 B1 B1 B1 C1 C1 8D 8A
[T+6461344192us][CH2-Pc    ] 03
[T+6461351176us][CH1-Dispenser] 03 63
[T+6461422168us][CH2-Pc    ] 04
[T+6461433173us][CH1-Dispenser] 04 64
[T+6461500302us][CH1-Dispenser] 05
[T+6461500169us][CH2-Pc    ] 05
[T+6461686302us][CH1-Dispenser] 06
[T+6461686168us][CH2-Pc    ] 06
[T+6461850193us][CH2-Pc    ] 01
[T+6461860168us][CH1-Dispenser] 01 61
[T+6461928193us][CH2-Pc    ] 02
[T+6461933795us][CH1-Dispenser] 02 72
[T+6461955168us][CH2-Pc    ] 22
[T+6461964168us][CH1-Dispenser] 22 D2
[T+6461977309us][CH1-Dispenser] FF
[T+6461977170us][CH2-Pc    ] FF
[T+6461990302us][CH1-Dispenser] E9
[T+6461990168us][CH2-Pc    ] E9
[T+6462003176us][CH1-Dispenser] FE
[T+6462003314us][CH2-Pc    ] FE
[T+6462016176us][CH1-Dispenser] E0
[T+6462016316us][CH2-Pc    ] E0
[T+6462028176us][CH1-Dispenser] E1
[T+6462028316us][CH2-Pc    ] E1
[T+6462041176us][CH1-Dispenser] E0
[T+6462041316us][CH2-Pc    ] E0
[T+6462053312us][CH1-Dispenser] FB
[T+6462053174us][CH2-Pc    ] FB
[T+6462066310us][CH1-Dispenser] EE
[T+6462066171us][CH2-Pc    ] EE
[T+6462079168us][CH2-Pc    ] F0
[T+6462110168us][CH1-Dispenser] F0 BA B0 B3 B2 B0 B1 B0 B0 B0 B0 B1 B1 B1 B1 B1 C1 C1 8D 8A
[T+6462180168us][CH2-Pc    ] 03
[T+6462186168us][CH1-Dispenser] 03 63
[T+6462258193us][CH2-Pc    ] 04
[T+6462267168us][CH1-Dispenser] 04 64
[T+6462336301us][CH1-Dispenser] 05
[T+6462336168us][CH2-Pc    ] 05
[T+6462511302us][CH1-Dispenser] 06
[T+6462511168us][CH2-Pc    ] 06
[T+6462677168us][CH2-Pc    ] 01
[T+6462686168us][CH1-Dispenser] 01 61
[T+6462755168us][CH2-Pc    ] 02
[T+6462766169us][CH1-Dispenser] 02 62
[T+6462834168us][CH2-Pc    ] 03
[T+6462841184us][CH1-Dispenser] 03 63
[T+6462912168us][CH2-Pc    ] 04
[T+6462917168us][CH1-Dispenser] 04 64
[T+6462995301us][CH1-Dispenser] 05
[T+6462995170us][CH2-Pc    ] 05
[T+6463169302us][CH1-Dispenser] 06
[T+6463169169us][CH2-Pc    ] 06
[T+6463334168us][CH2-Pc    ] 01
[T+6463342849us][CH1-Dispenser] 01 61
[T+6463412168us][CH2-Pc    ] 02
[T+6463420209us][CH1-Dispenser] 02 62
[T+6463490168us][CH2-Pc    ] 03
[T+6463496767us][CH1-Dispenser] 03 63
[T+6463568192us][CH2-Pc    ] 04
[T+6463577168us][CH1-Dispenser] 04 64
[T+6463646300us][CH1-Dispenser] 05
[T+6463646168us][CH2-Pc    ] 05
[T+6463821302us][CH1-Dispenser] 06
[T+6463821168us][CH2-Pc    ] 06
[T+6463995168us][CH2-Pc    ] 01
[T+6464004168us][CH1-Dispenser] 01 61
[T+6464074168us][CH2-Pc    ] 02
[T+6464081168us][CH1-Dispenser] 02 62
[T+6464152168us][CH2-Pc    ] 03
[T+6464160209us][CH1-Dispenser] 03 63
[T+6464230168us][CH2-Pc    ] 04
[T+6464236777us][CH1-Dispenser] 04 64
[T+6464308300us][CH1-Dispenser] 05
[T+6464308168us][CH2-Pc    ] 05
[T+6464483300us][CH1-Dispenser] 06
[T+6464483168us][CH2-Pc    ] 06
[T+6464649168us][CH2-Pc    ] 01
[T+6464654168us][CH1-Dispenser] 01 61
[T+6464729168us][CH2-Pc    ] 02
[T+6464735175us][CH1-Dispenser] 02 72
[T+6464756168us][CH2-Pc    ] 22
[T+6464764209us][CH1-Dispenser] 22 D2
[T+6464778308us][CH1-Dispenser] FF
[T+6464778171us][CH2-Pc    ] FF
[T+6464790304us][CH1-Dispenser] E9
[T+6464790170us][CH2-Pc    ] E9
[T+6464803304us][CH1-Dispenser] FE
[T+6464803170us][CH2-Pc    ] FE
[T+6464816316us][CH1-Dispenser] E0
[T+6464816176us][CH2-Pc    ] E0
[T+6464829318us][CH1-Dispenser] E1
[T+6464829176us][CH2-Pc    ] E1
[T+6464841316us][CH1-Dispenser] E0
[T+6464841176us][CH2-Pc    ] E0
[T+6464855173us][CH1-Dispenser] FB
[T+6464855314us][CH2-Pc    ] FB
[T+6464867170us][CH1-Dispenser] EE
[T+6464867305us][CH2-Pc    ] EE
[T+6464879196us][CH2-Pc    ] F0
[T+6464906168us][CH1-Dispenser] F0 BA B0 B3 B2 B0 B1 B0 B0 B0 B0 B1 B1 B1 B1 B2 C1 B9 8D 8A
[T+6464975168us][CH2-Pc    ] 03
[T+6464980168us][CH1-Dispenser] 03 63
[T+6465053168us][CH2-Pc    ] 04
[T+6465061209us][CH1-Dispenser] 04 64
[T+6465131303us][CH1-Dispenser] 05
[T+6465131170us][CH2-Pc    ] 05
[T+6465306305us][CH1-Dispenser] 06
[T+6465306168us][CH2-Pc    ] 06
[T+6465481168us][CH2-Pc    ] 01
[T+6465488175us][CH1-Dispenser] 01 61
[T+6465559168us][CH2-Pc    ] 02
[T+6465564801us][CH1-Dispenser] 02 72
[T+6465586168us][CH2-Pc    ] 22
[T+6465595168us][CH1-Dispenser] 22 D2
[T+6465608305us][CH1-Dispenser] FF
[T+6465608168us][CH2-Pc    ] FF
[T+6465620302us][CH1-Dispenser] E9
[T+6465620169us][CH2-Pc    ] E9
[T+6465633301us][CH1-Dispenser] FE
[T+6465633169us][CH2-Pc    ] FE
[T+6465646304us][CH1-Dispenser] E0
[T+6465646168us][CH2-Pc    ] E0
[T+6465659300us][CH1-Dispenser] E1
[T+6465659168us][CH2-Pc    ] E1
[T+6465671315us][CH1-Dispenser] E0
[T+6465671176us][CH2-Pc    ] E0
[T+6465684300us][CH1-Dispenser] FB
[T+6465684168us][CH2-Pc    ] FB
[T+6465711168us][CH2-Pc    ] EE F0
[T+6465744168us][CH1-Dispenser] EE F0 BA B0 B3 B2 B0 B1 B0 B0 B0 B0 B1 B1 B1 B1 B2 C1 B9 8D 8A
[T+6465811168us][CH2-Pc    ] 03
[T+6465816168us][CH1-Dispenser] 03 63
[T+6465889168us][CH2-Pc    ] 04
[T+6465896175us][CH1-Dispenser] 04 64
[T+6465967299us][CH1-Dispenser] 05
[T+6465967168us][CH2-Pc    ] 05
[T+6466131304us][CH1-Dispenser] 06
[T+6466131168us][CH2-Pc    ] 06
[T+6466306168us][CH2-Pc    ] 01
[T+6466317176us][CH1-Dispenser] 01 61
[T+6466384168us][CH2-Pc    ] 02
[T+6466389168us][CH1-Dispenser] 02 72
[T+6466411168us][CH2-Pc    ] 22
[T+6466420168us][CH1-Dispenser] 22 D2
[T+6466433302us][CH1-Dispenser] FF
[T+6466433168us][CH2-Pc    ] FF
[T+6466446309us][CH1-Dispenser] E9
[T+6466446171us][CH2-Pc    ] E9
[T+6466458316us][CH1-Dispenser] FE
[T+6466458176us][CH2-Pc    ] FE
[T+6466472309us][CH1-Dispenser] E0
[T+6466472171us][CH2-Pc    ] E0
[T+6466484300us][CH1-Dispenser] E1
[T+6466484168us][CH2-Pc    ] E1
[T+6466505301us][CH1-Dispenser] E0
[T+6466505169us][CH2-Pc    ] E0
[T+6466518311us][CH1-Dispenser] FB
[T+6466518171us][CH2-Pc    ] FB
[T+6466531306us][CH1-Dispenser] EE
[T+6466531171us][CH2-Pc    ] EE
[T+6466543192us][CH2-Pc    ] F0
[T+6466571198us][CH1-Dispenser] F0 BA B0 B3 B2 B0 B1 B0 B0 B0 B0 B1 B1 B1 B1 B2 C1 B9 8D 8A
[T+6466635367us][CH2-Pc    ] 03
[T+6466642813us][CH1-Dispenser] 03 63
[T+6466713168us][CH2-Pc    ] 04
[T+6466723175us][CH1-Dispenser] 04 64
[T+6466792304us][CH1-Dispenser] 05
[T+6466792169us][CH2-Pc    ] 05
[T+6466966302us][CH1-Dispenser] 06
[T+6466966168us][CH2-Pc    ] 06
[T+6467130193us][CH2-Pc    ] 01
[T+6467141173us][CH1-Dispenser] 01 61
[T+6467208168us][CH2-Pc    ] 02
[T+6467215784us][CH1-Dispenser] 02 72
[T+6467236168us][CH2-Pc    ] 22
[T+6467243175us][CH1-Dispenser] 22 D2
[T+6467269303us][CH1-Dispenser] FF E9
[T+6467269168us][CH2-Pc    ] FF E9
[T+6467283301us][CH1-Dispenser] FE
[T+6467283168us][CH2-Pc    ] FE
[T+6467295176us][CH1-Dispenser] E0
[T+6467295316us][CH2-Pc    ] E0
[T+6467320302us][CH1-Dispenser] E1 E0
[T+6467320169us][CH2-Pc    ] E1 E0
[T+6467333303us][CH1-Dispenser] FB
[T+6467333168us][CH2-Pc    ] FB
[T+6467346303us][CH1-Dispenser] EE
[T+6467346168us][CH2-Pc    ] EE
[T+6467359168us][CH2-Pc    ] F0
[T+6467387194us][CH1-Dispenser] F0 BA B0 B3 B2 B0 B1 B0 B0 B0 B0 B1 B1 B1 B1 B2 C1 B9 8D 8A
[T+6467461168us][CH2-Pc    ] 03
[T+6467467168us][CH1-Dispenser] 03 63
[T+6467539192us][CH2-Pc    ] 04
[T+6467546934us][CH1-Dispenser] 04 64
[T+6467618168us][CH1-Dispenser] 05
[T+6467617168us][CH2-Pc    ] 05
[T+6467792301us][CH1-Dispenser] 06
[T+6467792168us][CH2-Pc    ] 06
[T+6467967168us][CH2-Pc    ] 01
[T+6467975340us][CH1-Dispenser] 01 61
[T+6468045168us][CH2-Pc    ] 02
[T+6468054168us][CH1-Dispenser] 02 62
[T+6468123168us][CH2-Pc    ] 03
[T+6468132770us][CH1-Dispenser] 03 63
[T+6468202168us][CH2-Pc    ] 04
[T+6468206196us][CH1-Dispenser] 04 64
[T+6468269305us][CH1-Dispenser] 05
[T+6468269169us][CH2-Pc    ] 05
[T+6468444304us][CH1-Dispenser] 06
[T+6468444170us][CH2-Pc    ] 06
[T+6468622168us][CH2-Pc    ] 01
[T+6468629168us][CH1-Dispenser] 01 61
[T+6468700168us][CH2-Pc    ] 02
[T+6468705168us][CH1-Dispenser] 02 62
[T+6468778168us][CH2-Pc    ] 03
[T+6468786209us][CH1-Dispenser] 03 63
[T+6468856168us][CH2-Pc    ] 04
[T+6468861168us][CH1-Dispenser] 04 64
[T+6468934300us][CH1-Dispenser] 05
[T+6468934168us][CH2-Pc    ] 05
[T+6469100301us][CH1-Dispenser] 06
[T+6469100170us][CH2-Pc    ] 06
[T+6469278168us][CH2-Pc    ] 01
[T+6469285175us][CH1-Dispenser] 01 61
[T+6469356168us][CH2-Pc    ] 02
[T+6469364209us][CH1-Dispenser] 02 62
[T+6469434168us][CH2-Pc    ] 03
[T+6469442194us][CH1-Dispenser] 03 63
[T+6469512168us][CH2-Pc    ] 04
[T+6469521168us][CH1-Dispenser] 04 64
[T+6469590300us][CH1-Dispenser] 05
[T+6469590168us][CH2-Pc    ] 05
[T+6469754305us][CH1-Dispenser] 06
[T+6469754169us][CH2-Pc    ] 06
[T+6469929168us][CH2-Pc    ] 01
[T+6469935168us][CH1-Dispenser] 01 61
[T+6470007196us][CH2-Pc    ] 02
[T+6470017168us][CH1-Dispenser] 02 72
[T+6470034168us][CH2-Pc    ] 22
[T+6470040795us][CH1-Dispenser] 22 D2
[T+6470056302us][CH1-Dispenser] FF
[T+6470056169us][CH2-Pc    ] FF
[T+6470069304us][CH1-Dispenser] E9
[T+6470069170us][CH2-Pc    ] E9
[T+6470081300us][CH1-Dispenser] FE
[T+6470081168us][CH2-Pc    ] FE
[T+6470094300us][CH1-Dispenser] E0
[T+6470094168us][CH2-Pc    ] E0
[T+6470107317us][CH1-Dispenser] E1
[T+6470107177us][CH2-Pc    ] E1
[T+6470119320us][CH1-Dispenser] E0
[T+6470119177us][CH2-Pc    ] E0
[T+6470132263us][CH1-Dispenser] FB
[T+6470132177us][CH2-Pc    ] FB
[T+6470145171us][CH1-Dispenser] EE
[T+6470145312us][CH2-Pc    ] EE
[T+6470158222us][CH2-Pc    ] F0
[T+6470187192us][CH1-Dispenser] F0 BA B0 B3 B2 B0 B1 B0 B0 B0 B0 B1 B1 B1 B1 B3 C1 B8 8D 8A
[T+6470253168us][CH2-Pc    ] 03
[T+6470262766us][CH1-Dispenser] 03 63
[T+6470331168us][CH2-Pc    ] 04
[T+6470335196us][CH1-Dispenser] 04 64
[T+6470399299us][CH1-Dispenser] 05
[T+6470399168us][CH2-Pc    ] 05
[T+6470567302us][CH1-Dispenser] 06
[T+6470567169us][CH2-Pc    ] 06
[T+6470742168us][CH2-Pc    ] 01
[T+6470750843us][CH1-Dispenser] 01 61
[T+6470820168us][CH2-Pc    ] 02
[T+6470836168us][CH2-Pc    ] 22
[T+6470858168us][CH1-Dispenser] 02 72 22 D2 FF
[T+6470858304us][CH2-Pc    ] FF
[T+6470882301us][CH1-Dispenser] E9 FE
[T+6470882168us][CH2-Pc    ] E9 FE
[T+6470905296us][CH1-Dispenser] E0
[T+6470905168us][CH2-Pc    ] E0
[T+6470926378us][CH1-Dispenser] E1
[T+6470926168us][CH2-Pc    ] E1
[T+6470939301us][CH1-Dispenser] E0
[T+6470939168us][CH2-Pc    ] E0
[T+6470952177us][CH1-Dispenser] FB
[T+6470952876us][CH2-Pc    ] FB
[T+6470964866us][CH1-Dispenser] EE
[T+6470964280us][CH2-Pc    ] EE
[T+6470977325us][CH2-Pc    ] F0
[T+6471007168us][CH1-Dispenser] F0 BA B0 B3 B2 B0 B1 B0 B0 B0 B0 B1 B1 B1 B1 B3 C1 B8 8D 8A
[T+6471078168us][CH2-Pc    ] 03
[T+6471087796us][CH1-Dispenser] 03 63
[T+6471157168us][CH2-Pc    ] 04
[T+6471161196us][CH1-Dispenser] 04 64
[T+6471224301us][CH1-Dispenser] 05
[T+6471224168us][CH2-Pc    ] 05
[T+6471399301us][CH1-Dispenser] 06
[T+6471399168us][CH2-Pc    ] 06
[T+6471574168us][CH2-Pc    ] 01
[T+6471580168us][CH1-Dispenser] 01 61
[T+6471652193us][CH2-Pc    ] 02
[T+6471660209us][CH1-Dispenser] 02 72
[T+6471681168us][CH2-Pc    ] 22
[T+6471702168us][CH1-Dispenser] 22 D2 FF
[T+6471702303us][CH2-Pc    ] FF
[T+6471715318us][CH1-Dispenser] E9
[T+6471715176us][CH2-Pc    ] E9
[T+6471729168us][CH1-Dispenser] FE
[T+6471728171us][CH2-Pc    ] FE
[T+6471741357us][CH1-Dispenser] E0
[T+6471741216us][CH2-Pc    ] E0
[T+6471753316us][CH1-Dispenser] E1
[T+6471753176us][CH2-Pc    ] E1
[T+6471766301us][CH1-Dispenser] E0
[T+6471766169us][CH2-Pc    ] E0
[T+6471779304us][CH1-Dispenser] FB
[T+6471779169us][CH2-Pc    ] FB
[T+6471791369us][CH1-Dispenser] EE
[T+6471791235us][CH2-Pc    ] EE
[T+6471804168us][CH2-Pc    ] F0
[T+6471833168us][CH1-Dispenser] F0 BA B0 B3 B2 B0 B1 B0 B0 B0 B0 B1 B1 B1 B1 B3 C1 B8 8D 8A
[T+6471906168us][CH2-Pc    ] 03
[T+6471912175us][CH1-Dispenser] 03 63
[T+6471984193us][CH2-Pc    ] 04
[T+6471991168us][CH1-Dispenser] 04 64
[T+6472062301us][CH1-Dispenser] 05
[T+6472062168us][CH2-Pc    ] 05
[T+6472248302us][CH1-Dispenser] 06
[T+6472248168us][CH2-Pc    ] 06
[T+6472413168us][CH2-Pc    ] 01
[T+6472424168us][CH1-Dispenser] 01 61
[T+6472493168us][CH2-Pc    ] 02
[T+6472501852us][CH1-Dispenser] 02 72
[T+6472520168us][CH2-Pc    ] 22
[T+6472525168us][CH1-Dispenser] 22 D2
[T+6472541300us][CH1-Dispenser] FF
[T+6472541168us][CH2-Pc    ] FF
[T+6472554310us][CH1-Dispenser] E9
[T+6472554176us][CH2-Pc    ] E9
[T+6472567176us][CH1-Dispenser] FE
[T+6472567316us][CH2-Pc    ] FE
[T+6472579316us][CH1-Dispenser] E0
[T+6472579176us][CH2-Pc    ] E0
[T+6472593310us][CH1-Dispenser] E1
[T+6472593171us][CH2-Pc    ] E1
[T+6472605297us][CH1-Dispenser] E0
[T+6472605169us][CH2-Pc    ] E0
[T+6472618312us][CH1-Dispenser] FB
[T+6472618172us][CH2-Pc    ] FB
[T+6472631355us][CH1-Dispenser] EE
[T+6472631216us][CH2-Pc    ] EE
[T+6472643170us][CH2-Pc    ] F0
[T+6472672168us][CH1-Dispenser] F0 BA B0 B3 B2 B0 B1 B0 B0 B0 B0 B1 B1 B1 B1 B3 C1 B8 8D 8A
[T+6472745168us][CH2-Pc    ] 03
[T+6472752776us][CH1-Dispenser] 03 63
[T+6472824059us][CH2-Pc    ] 04
[T+6472832184us][CH1-Dispenser] 04 64
[T+6472902301us][CH1-Dispenser] 05
[T+6472902168us][CH2-Pc    ] 05
[T+6473076304us][CH1-Dispenser] 06
[T+6473076168us][CH2-Pc    ] 06
[T+6473241168us][CH2-Pc    ] 01
[T+6473245197us][CH1-Dispenser] 01 61
[T+6473319168us][CH2-Pc    ] 02
[T+6473325168us][CH1-Dispenser] 02 62
[T+6473397193us][CH2-Pc    ] 03
[T+6473402168us][CH1-Dispenser] 03 63
[T+6473482192us][CH2-Pc    ] 04
[T+6473487923us][CH1-Dispenser] 04 64
[T+6473560301us][CH1-Dispenser] 05
[T+6473560168us][CH2-Pc    ] 05
[T+6473724306us][CH1-Dispenser] 06
[T+6473724168us][CH2-Pc    ] 06
[T+6473899168us][CH2-Pc    ] 01
[T+6473905175us][CH1-Dispenser] 01 61
[T+6473977192us][CH2-Pc    ] 02
[T+6473986787us][CH1-Dispenser] 02 62
[T+6474055168us][CH2-Pc    ] 03
[T+6474062168us][CH1-Dispenser] 03 63
[T+6474133168us][CH2-Pc    ] 04
[T+6474141209us][CH1-Dispenser] 04 64
[T+6474211303us][CH1-Dispenser] 05
[T+6474211170us][CH2-Pc    ] 05
[T+6474387168us][CH1-Dispenser] 06
[T+6474386168us][CH2-Pc    ] 06
[T+6474561168us][CH2-Pc    ] 01
[T+6474570168us][CH1-Dispenser] 01 61
[T+6474639168us][CH2-Pc    ] 02
[T+6474645175us][CH1-Dispenser] 02 62
[T+6474717197us][CH2-Pc    ] 03
[T+6474723168us][CH1-Dispenser] 03 63
[T+6474795192us][CH2-Pc    ] 04
[T+6474800168us][CH1-Dispenser] 04 64
[T+6474873301us][CH1-Dispenser] 05
[T+6474873168us][CH2-Pc    ] 05
[T+6475038301us][CH1-Dispenser] 06
[T+6475038168us][CH2-Pc    ] 06
[T+6475213168us][CH2-Pc    ] 01
[T+6475222487us][CH1-Dispenser] 01 61
[T+6475291168us][CH2-Pc    ] 02
[T+6475303192us][CH1-Dispenser] 02 62
[T+6475369168us][CH2-Pc    ] 03
[T+6475377209us][CH1-Dispenser] 03 63
[T+6475447168us][CH2-Pc    ] 04
[T+6475456790us][CH1-Dispenser] 04 64
[T+6475526301us][CH1-Dispenser] 05
[T+6475526168us][CH2-Pc    ] 05
[T+6475699304us][CH1-Dispenser] 06
[T+6475699168us][CH2-Pc    ] 06
[T+6475866168us][CH2-Pc    ] 01
[T+6475875847us][CH1-Dispenser] 01 61
[T+6475944168us][CH2-Pc    ] 02
[T+6475950168us][CH1-Dispenser] 02 62
[T+6476022192us][CH2-Pc    ] 03
[T+6476026197us][CH1-Dispenser] 03 63
[T+6476089168us][CH2-Pc    ] 04
[T+6476096168us][CH1-Dispenser] 04 64
[T+6476167300us][CH1-Dispenser] 05
[T+6476167168us][CH2-Pc    ] 05
[T+6476342300us][CH1-Dispenser] 06
[T+6476342168us][CH2-Pc    ] 06
[T+6476506168us][CH2-Pc    ] 01
[T+6476516168us][CH1-Dispenser] 01 61
[T+6476584193us][CH2-Pc    ] 02
[T+6476590168us][CH1-Dispenser] 02 62
[T+6476670192us][CH2-Pc    ] 03
[T+6476676168us][CH1-Dispenser] 03 63
[T+6476748192us][CH2-Pc    ] 04
[T+6476757168us][CH1-Dispenser] 04 64
[T+6476826301us][CH1-Dispenser] 05
[T+6476826169us][CH2-Pc    ] 05
[T+6477014301us][CH1-Dispenser] 06
[T+6477014170us][CH2-Pc    ] 06
[T+6477178168us][CH2-Pc    ] 01
[T+6477186209us][CH1-Dispenser] 01 61
[T+6477256168us][CH2-Pc    ] 02
[T+6477267362us][CH1-Dispenser] 02 62
[T+6477334168us][CH2-Pc    ] 03
[T+6477341168us][CH1-Dispenser] 03 63