connected
[T+7549667168us][CH2-Pc    ] 03
[T+7549675209us][CH1-Dispenser] 03 63
[T+7549745168us][CH2-Pc    ] 04
[T+7549756180us][CH1-Dispenser] 04 64
[T+7549823301us][CH1-Dispenser] 05
[T+7549823168us][CH2-Pc    ] 05
[T+7549987648us][CH1-Dispenser] 06
[T+7549987507us][CH2-Pc    ] 06
[T+7550162168us][CH2-Pc    ] 01
[T+7550166196us][CH1-Dispenser] 01 61
[T+7550229168us][CH2-Pc    ] 02
[T+7550236168us][CH1-Dispenser] 02 62
[T+7550307168us][CH2-Pc    ] 03
[T+7550314779us][CH1-Dispenser] 03 63
[T+7550385168us][CH2-Pc    ] 04
[T+7550395719us][CH1-Dispenser] 04 64
[T+7550463303us][CH1-Dispenser] 05
[T+7550463168us][CH2-Pc    ] 05
[T+7550627303us][CH1-Dispenser] 06
[T+7550627170us][CH2-Pc    ] 06
[T+7550802168us][CH2-Pc    ] 01
[T+7550807168us][CH1-Dispenser] 01 61
[T+7550881168us][CH2-Pc    ] 02
[T+7550887175us][CH1-Dispenser] 02 62
[T+7550963196us][CH1-Dispenser] 03 63
[T+7550959168us][CH2-Pc    ] 03
[T+7551026168us][CH2-Pc    ] 04
[T+7551033168us][CH1-Dispenser] 04 64
[T+7551104301us][CH1-Dispenser] 05
[T+7551104168us][CH2-Pc    ] 05
[T+7551268305us][CH1-Dispenser] 06
[T+7551268171us][CH2-Pc    ] 06
[T+7551443168us][CH2-Pc    ] 01
[T+7551454168us][CH1-Dispenser] 01 61
[T+7551521168us][CH2-Pc    ] 02
[T+7551526168us][CH1-Dispenser] 02 62
[T+7551599168us][CH2-Pc    ] 03
[T+7551610174us][CH1-Dispenser] 03 63
[T+7551677168us][CH2-Pc    ] 04
[T+7551684177us][CH1-Dispenser] 04 64
[T+7551755300us][CH1-Dispenser] 05
[T+7551755168us][CH2-Pc    ] 05
[T+7551930305us][CH1-Dispenser] 06
[T+7551930170us][CH2-Pc    ] 06
[T+7552094193us][CH2-Pc    ] 01
[T+7552101175us][CH1-Dispenser] 01 61
[T+7552172168us][CH2-Pc    ] 02
[T+7552182168us][CH1-Dispenser] 02 62
[T+7552250193us][CH2-Pc    ] 03
[T+7552259778us][CH1-Dispenser] 03 63
[T+7552329168us][CH2-Pc    ] 04
[T+7552334168us][CH1-Dispenser] 04 64
[T+7552407302us][CH1-Dispenser] 05
[T+7552407169us][CH2-Pc    ] 05
[T+7552582304us][CH1-Dispenser] 06
[T+7552582168us][CH2-Pc    ] 06
[T+7552756168us][CH2-Pc    ] 01
[T+7552762819us][CH1-Dispenser] 01 61
[T+7552834192us][CH2-Pc    ] 02
[T+7552842209us][CH1-Dispenser] 02 62
[T+7552913168us][CH2-Pc    ] 03
[T+7552918168us][CH1-Dispenser] 03 63
[T+7552991195us][CH2-Pc    ] 04
[T+7552999209us][CH1-Dispenser] 04 64
[T+7553069301us][CH1-Dispenser] 05
[T+7553069169us][CH2-Pc    ] 05
[T+7553244301us][CH1-Dispenser] 06
[T+7553244169us][CH2-Pc    ] 06
[T+7553408193us][CH2-Pc    ] 01
[T+7553418168us][CH1-Dispenser] 01 61
[T+7553486193us][CH2-Pc    ] 02
[T+7553492782us][CH1-Dispenser] 02 62
[T+7553564192us][CH2-Pc    ] 03
[T+7553569788us][CH1-Dispenser] 03 63
[T+7553642168us][CH2-Pc    ] 04
[T+7553648168us][CH1-Dispenser] 04 64
[T+7553720172us][CH1-Dispenser] 05
[T+7553720312us][CH2-Pc    ] 05
[T+7553895303us][CH1-Dispenser] 06
[T+7553895168us][CH2-Pc    ] 06
[T+7554070168us][CH2-Pc    ] 01
[T+7554076168us][CH1-Dispenser] 01 61
[T+7554148193us][CH2-Pc    ] 02
[T+7554159168us][CH1-Dispenser] 02 62
[T+7554226168us][CH2-Pc    ] 03
[T+7554235168us][CH1-Dispenser] 03 63
[T+7554304168us][CH2-Pc    ] 04
[T+7554309168us][CH1-Dispenser] 04 64
[T+7554382305us][CH1-Dispenser] 05
[T+7554382168us][CH2-Pc    ] 05
[T+7554566301us][CH1-Dispenser] 06
[T+7554566168us][CH2-Pc    ] 06
[T+7554741168us][CH2-Pc    ] 01
[T+7554746168us][CH1-Dispenser] 01 61
[T+7554819168us][CH2-Pc    ] 02
[T+7554827193us][CH1-Dispenser] 02 62
[T+7554897168us][CH2-Pc    ] 03
[T+7554904168us][CH1-Dispenser] 03 63
[T+7554976193us][CH2-Pc    ] 04
[T+7554983175us][CH1-Dispenser] 04 64
[T+7555054301us][CH1-Dispenser] 05
[T+7555054168us][CH2-Pc    ] 05
[T+7555229304us][CH1-Dispenser] 06
[T+7555229168us][CH2-Pc    ] 06
[T+7555393192us][CH2-Pc    ] 01
[T+7555402168us][CH1-Dispenser] 01 61
[T+7555471168us][CH2-Pc    ] 02
[T+7555476168us][CH1-Dispenser] 02 62
[T+7555549168us][CH2-Pc    ] 03
[T+7555554168us][CH1-Dispenser] 03 63
[T+7555628168us][CH2-Pc    ] 04
[T+7555637168us][CH1-Dispenser] 04 64
[T+7555706301us][CH1-Dispenser] 05
[T+7555706168us][CH2-Pc    ] 05
[T+7555880302us][CH1-Dispenser] 06
[T+7555880168us][CH2-Pc    ] 06
[T+7556048192us][CH2-Pc    ] 01
[T+7556058168us][CH1-Dispenser] 01 61
[T+7556127168us][CH2-Pc    ] 02
[T+7556134175us][CH1-Dispenser] 02 62
[T+7556205168us][CH2-Pc    ] 03
[T+7556214777us][CH1-Dispenser] 03 63
[T+7556283168us][CH2-Pc    ] 04
[T+7556289168us][CH1-Dispenser] 04 64
[T+7556361302us][CH1-Dispenser] 05
[T+7556361168us][CH2-Pc    ] 05
[T+7556536301us][CH1-Dispenser] 06
[T+7556536168us][CH2-Pc    ] 06
[T+7556710168us][CH2-Pc    ] 01
[T+7556717770us][CH1-Dispenser] 01 61
[T+7556788168us][CH2-Pc    ] 02
[T+7556797288us][CH1-Dispenser] 02 62
[T+7556867238us][CH2-Pc    ] 03
[T+7556873168us][CH1-Dispenser] 03 63
[T+7556945192us][CH2-Pc    ] 04
[T+7556954168us][CH1-Dispenser] 04 64
[T+7557023303us][CH1-Dispenser] 05
[T+7557023168us][CH2-Pc    ] 05
[T+7557204304us][CH1-Dispenser] 06
[T+7557204168us][CH2-Pc    ] 06
[T+7557378168us][CH2-Pc    ] 01
[T+7557388168us][CH1-Dispenser] 01 61
[T+7557456192us][CH2-Pc    ] 02
[T+7557462177us][CH1-Dispenser] 02 62
[T+7557535168us][CH2-Pc    ] 03
[T+7557540168us][CH1-Dispenser] 03 63
[T+7557613168us][CH2-Pc    ] 04
[T+7557619168us][CH1-Dispenser] 04 64
[T+7557691303us][CH1-Dispenser] 05
[T+7557691169us][CH2-Pc    ] 05
[T+7557866301us][CH1-Dispenser] 06
[T+7557866168us][CH2-Pc    ] 06
[T+7558040192us][CH2-Pc    ] 01
[T+7558047777us][CH1-Dispenser] 01 61
[T+7558119196us][CH2-Pc    ] 02
[T+7558126534us][CH1-Dispenser] 02 62
[T+7558197168us][CH2-Pc    ] 03
[T+7558203168us][CH1-Dispenser] 03 63
[T+7558280168us][CH2-Pc    ] 04
[T+7558289168us][CH1-Dispenser] 04 64
[T+7558358301us][CH1-Dispenser] 05
[T+7558358168us][CH2-Pc    ] 05
[T+7558533302us][CH1-Dispenser] 06
[T+7558533168us][CH2-Pc    ] 06
[T+7558707168us][CH2-Pc    ] 01
[T+7558712168us][CH1-Dispenser] 01 61
[T+7558786168us][CH2-Pc    ] 02
[T+7558791168us][CH1-Dispenser] 02 62
[T+7558864168us][CH2-Pc    ] 03
[T+7558870175us][CH1-Dispenser] 03 63
[T+7558942192us][CH2-Pc    ] 04
[T+7558949168us][CH1-Dispenser] 04 64
[T+7559020302us][CH1-Dispenser] 05
[T+7559020168us][CH2-Pc    ] 05
[T+7559195299us][CH1-Dispenser] 06
[T+7559195169us][CH2-Pc    ] 06
[T+7559370168us][CH2-Pc    ] 01
[T+7559377168us][CH1-Dispenser] 01 61
[T+7559448168us][CH2-Pc    ] 02
[T+7559453168us][CH1-Dispenser] 02 62
[T+7559529192us][CH2-Pc    ] 03
[T+7559536168us][CH1-Dispenser] 03 63
[T+7559607168us][CH2-Pc    ] 04
[T+7559615209us][CH1-Dispenser] 04 64
[T+7559685301us][CH1-Dispenser] 05
[T+7559685169us][CH2-Pc    ] 05
[T+7559860303us][CH1-Dispenser] 06
[T+7559860169us][CH2-Pc    ] 06
[T+7560035168us][CH2-Pc    ] 01
[T+7560042783us][CH1-Dispenser] 01 61
[T+7560113168us][CH2-Pc    ] 02
[T+7560118342us][CH1-Dispenser] 02 62
[T+7560191168us][CH2-Pc    ] 03
[T+7560201169us][CH1-Dispenser] 03 63
[T+7560273196us][CH1-Dispenser] 04 64
[T+7560269192us][CH2-Pc    ] 04
[T+7560336301us][CH1-Dispenser] 05
[T+7560336168us][CH2-Pc    ] 05
[T+7560500305us][CH1-Dispenser] 06
[T+7560500168us][CH2-Pc    ] 06
[T+7560678168us][CH2-Pc    ] 01
[T+7560687168us][CH1-Dispenser] 01 61
[T+7560757168us][CH2-Pc    ] 02
[T+7560763175us][CH1-Dispenser] 02 62
[T+7560834168us][CH2-Pc    ] 03
[T+7560839168us][CH1-Dispenser] 03 63
[T+7560912168us][CH2-Pc    ] 04
[T+7560918175us][CH1-Dispenser] 04 64
[T+7560991304us][CH1-Dispenser] 05
[T+7560991168us][CH2-Pc    ] 05
[T+7561166300us][CH1-Dispenser] 06
[T+7561166168us][CH2-Pc    ] 06
[T+7561329168us][CH2-Pc    ] 01
[T+7561337193us][CH1-Dispenser] 01 61
[T+7561408168us][CH2-Pc    ] 02
[T+7561411168us][CH1-Dispenser] 02 62
[T+7561475192us][CH2-Pc    ] 03
[T+7561486169us][CH1-Dispenser] 03 63
[T+7561553168us][CH2-Pc    ] 04
[T+7561560175us][CH1-Dispenser] 04 64
[T+7561631305us][CH1-Dispenser] 05
[T+7561631169us][CH2-Pc    ] 05
[T+7561812302us][CH1-Dispenser] 06
[T+7561812169us][CH2-Pc    ] 06
[T+7561987168us][CH2-Pc    ] 01
[T+7561991196us][CH1-Dispenser] 01 61
[T+7562054168us][CH2-Pc    ] 02
[T+7562062786us][CH1-Dispenser] 02 62
[T+7562132168us][CH2-Pc    ] 03
[T+7562142168us][CH1-Dispenser] 03 63
[T+7562210193us][CH2-Pc    ] 04
[T+7562221169us][CH1-Dispenser] 04 64
[T+7562288300us][CH1-Dispenser] 05
[T+7562288168us][CH2-Pc    ] 05
[T+7562463303us][CH1-Dispenser] 06
[T+7562463170us][CH2-Pc    ] 06
[T+7562627193us][CH2-Pc    ] 01
[T+7562633168us][CH1-Dispenser] 01 61
[T+7562705193us][CH2-Pc    ] 02
[T+7562712175us][CH1-Dispenser] 02 62
[T+7562784192us][CH2-Pc    ] 03
[T+7562789168us][CH1-Dispenser] 03 63
[T+7562862168us][CH2-Pc    ] 04
[T+7562870813us][CH1-Dispenser] 04 64
[T+7562940301us][CH1-Dispenser] 05
[T+7562940168us][CH2-Pc    ] 05
[T+7563115301us][CH1-Dispenser] 06
[T+7563115168us][CH2-Pc    ] 06
[T+7563291372us][CH2-Pc    ] 01
[T+7563301078us][CH1-Dispenser] 01 61
[T+7563368242us][CH2-Pc    ] 02
[T+7563372196us][CH1-Dispenser] 02 62
[T+7563435168us][CH2-Pc    ] 03
[T+7563439197us][CH1-Dispenser] 03 63
[T+7563502168us][CH2-Pc    ] 04
[T+7563511168us][CH1-Dispenser] 04 64
[T+7563580301us][CH1-Dispenser] 05
[T+7563580168us][CH2-Pc    ] 05
[T+7563755303us][CH1-Dispenser] 06
[T+7563755170us][CH2-Pc    ] 06
[T+7563930168us][CH2-Pc    ] 01
[T+7563937774us][CH1-Dispenser] 01 61
[T+7564008168us][CH2-Pc    ] 02
[T+7564013168us][CH1-Dispenser] 02 62
[T+7564086168us][CH2-Pc    ] 03
[T+7564099168us][CH1-Dispenser] 03 63
[T+7564165168us][CH2-Pc    ] 04
[T+7564169196us][CH1-Dispenser] 04 64
[T+7564243306us][CH1-Dispenser] 05
[T+7564243170us][CH2-Pc    ] 05
[T+7564407306us][CH1-Dispenser] 06
[T+7564407170us][CH2-Pc    ] 06
[T+7564581168us][CH2-Pc    ] 01
[T+7564588168us][CH1-Dispenser] 01 61
[T+7564660197us][CH2-Pc    ] 02
[T+7564667778us][CH1-Dispenser] 02 62
[T+7564738168us][CH2-Pc    ] 03
[T+7564747168us][CH1-Dispenser] 03 63
[T+7564816168us][CH2-Pc    ] 04
[T+7564825168us][CH1-Dispenser] 04 64
[T+7564894305us][CH1-Dispenser] 05
[T+7564894170us][CH2-Pc    ] 05
[T+7565069380us][CH1-Dispenser] 06
[T+7565069242us][CH2-Pc    ] 06
[T+7565244168us][CH2-Pc    ] 01
[T+7565253168us][CH1-Dispenser] 01 61
[T+7565327168us][CH2-Pc    ] 02
[T+7565332168us][CH1-Dispenser] 02 62
[T+7565406168us][CH2-Pc    ] 03
[T+7565410196us][CH1-Dispenser] 03 63
[T+7565483168us][CH2-Pc    ] 04
[T+7565489168us][CH1-Dispenser] 04 64
[T+7565561301us][CH1-Dispenser] 05
[T+7565561168us][CH2-Pc    ] 05
[T+7565736301us][CH1-Dispenser] 06
[T+7565736168us][CH2-Pc    ] 06
[T+7565911168us][CH2-Pc    ] 01
[T+7565918168us][CH1-Dispenser] 01 61
[T+7565989192us][CH2-Pc    ] 02
[T+7565997209us][CH1-Dispenser] 02 62
[T+7566067168us][CH2-Pc    ] 03
[T+7566075193us][CH1-Dispenser] 03 63
[T+7566145168us][CH2-Pc    ] 04
[T+7566149197us][CH1-Dispenser] 04 64
[T+7566212303us][CH1-Dispenser] 05
[T+7566212168us][CH2-Pc    ] 05
[T+7566376303us][CH1-Dispenser] 06
[T+7566376169us][CH2-Pc    ] 06
[T+7566573168us][CH2-Pc    ] 01
[T+7566579768us][CH1-Dispenser] 01 61
[T+7566651192us][CH2-Pc    ] 02
[T+7566660175us][CH1-Dispenser] 02 62
[T+7566729168us][CH2-Pc    ] 03
[T+7566735168us][CH1-Dispenser] 03 63
[T+7566798168us][CH2-Pc    ] 04
[T+7566805743us][CH1-Dispenser] 04 64
[T+7566876301us][CH1-Dispenser] 05
[T+7566876169us][CH2-Pc    ] 05
[T+7567051304us][CH1-Dispenser] 06
[T+7567051168us][CH2-Pc    ] 06
[T+7567226168us][CH2-Pc    ] 01
[T+7567233177us][CH1-Dispenser] 01 61
[T+7567304168us][CH2-Pc    ] 02
[T+7567314169us][CH1-Dispenser] 02 62
[T+7567382192us][CH2-Pc    ] 03
[T+7567390193us][CH1-Dispenser] 03 63
[T+7567460168us][CH2-Pc    ] 04
[T+7567464196us][CH1-Dispenser] 04 64
[T+7567528308us][CH1-Dispenser] 05
[T+7567528170us][CH2-Pc    ] 05
[T+7567713303us][CH1-Dispenser] 06
[T+7567713168us][CH2-Pc    ] 06
[T+7567878168us][CH2-Pc    ] 01
[T+7567882196us][CH1-Dispenser] 01 61
[T+7567946168us][CH2-Pc    ] 02
[T+7567952175us][CH1-Dispenser] 02 62
[T+7568024192us][CH2-Pc    ] 03
[T+7568030283us][CH1-Dispenser] 03 63
[T+7568102192us][CH2-Pc    ] 04
[T+7568109168us][CH1-Dispenser] 04 64
[T+7568180305us][CH1-Dispenser] 05
[T+7568180168us][CH2-Pc    ] 05
[T+7568344301us][CH1-Dispenser] 06
[T+7568344168us][CH2-Pc    ] 06
[T+7568519168us][CH2-Pc    ] 01
[T+7568527822us][CH1-Dispenser] 01 61
[T+7568597168us][CH2-Pc    ] 02
[T+7568603168us][CH1-Dispenser] 02 62
[T+7568675193us][CH2-Pc    ] 03
[T+7568681782us][CH1-Dispenser] 03 63
[T+7568753192us][CH2-Pc    ] 04
[T+7568762168us][CH1-Dispenser] 04 64
[T+7568831304us][CH1-Dispenser] 05
[T+7568831168us][CH2-Pc    ] 05
[T+7569006304us][CH1-Dispenser] 06
[T+7569006170us][CH2-Pc    ] 06
[T+7569188168us][CH2-Pc    ] 01
[T+7569194168us][CH1-Dispenser] 01 61
[T+7569266193us][CH2-Pc    ] 02
[T+7569273175us][CH1-Dispenser] 02 62
[T+7569344168us][CH2-Pc    ] 03
[T+7569349753us][CH1-Dispenser] 03 63
[T+7569422168us][CH2-Pc    ] 04
[T+7569430193us][CH1-Dispenser] 04 64
[T+7569500301us][CH1-Dispenser] 05
[T+7569500168us][CH2-Pc    ] 05
[T+7569676302us][CH1-Dispenser] 06
[T+7569676168us][CH2-Pc    ] 06
[T+7569851168us][CH2-Pc    ] 01
[T+7569858175us][CH1-Dispenser] 01 61
[T+7569929168us][CH2-Pc    ] 02
[T+7569938168us][CH1-Dispenser] 02 62
[T+7570007168us][CH2-Pc    ] 03
[T+7570016780us][CH1-Dispenser] 03 63
[T+7570085168us][CH2-Pc    ] 04
[T+7570091168us][CH1-Dispenser] 04 64
[T+7570163303us][CH1-Dispenser] 05
[T+7570163168us][CH2-Pc    ] 05
[T+7570338301us][CH1-Dispenser] 06
[T+7570338168us][CH2-Pc    ] 06
[T+7570502193us][CH2-Pc    ] 01
[T+7570507168us][CH1-Dispenser] 01 61
[T+7570580168us][CH2-Pc    ] 02
[T+7570589168us][CH1-Dispenser] 02 62
[T+7570658168us][CH2-Pc    ] 03
[T+7570664177us][CH1-Dispenser] 03 63
[T+7570736193us][CH2-Pc    ] 04
[T+7570745760us][CH1-Dispenser] 04 64
[T+7570815301us][CH1-Dispenser] 05
[T+7570815168us][CH2-Pc    ] 05
[T+7570990301us][CH1-Dispenser] 06
[T+7570990168us][CH2-Pc    ] 06
[T+7571164168us][CH2-Pc    ] 01
[T+7571172209us][CH1-Dispenser] 01 61
[T+7571242168us][CH2-Pc    ] 02
[T+7571248769us][CH1-Dispenser] 02 62
[T+7571324193us][CH2-Pc    ] 03
[T+7571329168us][CH1-Dispenser] 03 73
[T+7571351168us][CH2-Pc    ] 23
[T+7571360168us][CH1-Dispenser] 23 D3
[T+7571384302us][CH1-Dispenser] FF E9
[T+7571384168us][CH2-Pc    ] FF E9
[T+7571398300us][CH1-Dispenser] FE
[T+7571398168us][CH2-Pc    ] FE
[T+7571410315us][CH1-Dispenser] E0
[T+7571410176us][CH2-Pc    ] E0
[T+7571423301us][CH1-Dispenser] E1
[T+7571423168us][CH2-Pc    ] E1
[T+7571436298us][CH1-Dispenser] E0
[T+7571436168us][CH2-Pc    ] E0
[T+7571448302us][CH2-Pc    ] FB
[T+7571452174us][CH1-Dispenser] FB
[T+7571461314us][CH1-Dispenser] EE
[T+7571461176us][CH2-Pc    ] EE
[T+7571474168us][CH2-Pc    ] F0
[T+7571506264us][CH1-Dispenser] F0 BA B0 B3 B3 B0 B1 B0 B0 B0 B0 B1 B1 B1 B1 B1 B9 C1 8D 8A
[T+7571576168us][CH2-Pc    ] 04
[T+7571585168us][CH1-Dispenser] 04 64
[T+7571655303us][CH1-Dispenser] 05
[T+7571655170us][CH2-Pc    ] 05
[T+7571830304us][CH1-Dispenser] 06
[T+7571830168us][CH2-Pc    ] 06
[T+7572015168us][CH2-Pc    ] 01
[T+7572022772us][CH1-Dispenser] 01 61
[T+7572093168us][CH2-Pc    ] 02
[T+7572098168us][CH1-Dispenser] 02 62
[T+7572171168us][CH2-Pc    ] 03
[T+7572180168us][CH1-Dispenser] 03 73
[T+7572198168us][CH2-Pc    ] 23
[T+7572207168us][CH1-Dispenser] 23 D3
[T+7572220296us][CH1-Dispenser] FF
[T+7572220168us][CH2-Pc    ] FF
[T+7572233304us][CH1-Dispenser] E9
[T+7572233170us][CH2-Pc    ] E9
[T+7572245302us][CH1-Dispenser] FE
[T+7572245169us][CH2-Pc    ] FE
[T+7572258304us][CH1-Dispenser] E0
[T+7572258170us][CH2-Pc    ] E0
[T+7572271303us][CH1-Dispenser] E1
[T+7572271170us][CH2-Pc    ] E1
[T+7572297303us][CH1-Dispenser] E0 FB
[T+7572297168us][CH2-Pc    ] E0 FB
[T+7572311310us][CH1-Dispenser] EE
[T+7572311171us][CH2-Pc    ] EE
[T+7572323193us][CH2-Pc    ] F0
[T+7572353168us][CH1-Dispenser] F0 BA B0 B3 B3 B0 B1 B0 B0 B0 B0 B1 B1 B1 B1 B1 B9 C1 8D 8A
[T+7572425193us][CH2-Pc    ] 04
[T+7572430168us][CH1-Dispenser] 04 64
[T+7572503304us][CH1-Dispenser] 05
[T+7572503169us][CH2-Pc    ] 05
[T+7572703305us][CH1-Dispenser] 06
[T+7572703169us][CH2-Pc    ] 06
[T+7572880168us][CH2-Pc    ] 01
[T+7572887168us][CH1-Dispenser] 01 61
[T+7572958168us][CH2-Pc    ] 02
[T+7572963168us][CH1-Dispenser] 02 62
[T+7573037168us][CH2-Pc    ] 03
[T+7573046168us][CH1-Dispenser] 03 73
[T+7573065168us][CH2-Pc    ] 23
[T+7573071767us][CH1-Dispenser] 23 D3
[T+7573086302us][CH1-Dispenser] FF
[T+7573086170us][CH2-Pc    ] FF
[T+7573099296us][CH1-Dispenser] E9
[T+7573099168us][CH2-Pc    ] E9
[T+7573111298us][CH1-Dispenser] FE
[T+7573111168us][CH2-Pc    ] FE
[T+7573124299us][CH1-Dispenser] E0
[T+7573124168us][CH2-Pc    ] E0
[T+7573137316us][CH1-Dispenser] E1
[T+7573137176us][CH2-Pc    ] E1
[T+7573149433us][CH2-Pc    ] E0
[T+7573150168us][CH1-Dispenser] E0
[T+7573162306us][CH1-Dispenser] FB
[T+7573162170us][CH2-Pc    ] FB
[T+7573175168us][CH2-Pc    ] EE
[T+7573188168us][CH2-Pc    ] F0
[T+7573217168us][CH1-Dispenser] EE F0 BA B0 B3 B3 B0 B1 B0 B0 B0 B0 B1 B1 B1 B1 B1 B9 C1 8D 8A
[T+7573315168us][CH2-Pc    ] 04
[T+7573320168us][CH1-Dispenser] 04 64
[T+7573393303us][CH1-Dispenser] 05
[T+7573393170us][CH2-Pc    ] 05
[T+7573566301us][CH1-Dispenser] 06
[T+7573566169us][CH2-Pc    ] 06
[T+7573741168us][CH2-Pc    ] 01
[T+7573749816us][CH1-Dispenser] 01 61
[T+7573818168us][CH2-Pc    ] 02
[T+7573823168us][CH1-Dispenser] 02 62
[T+7573886168us][CH2-Pc    ] 03
[T+7573895328us][CH1-Dispenser] 03 73
[T+7573913168us][CH2-Pc    ] 23
[T+7573920728us][CH1-Dispenser] 23 D3
[T+7573935300us][CH1-Dispenser] FF
[T+7573935168us][CH2-Pc    ] FF
[T+7573959296us][CH1-Dispenser] E9 FE
[T+7573959168us][CH2-Pc    ] E9 FE
[T+7573982306us][CH1-Dispenser] E0
[T+7573982168us][CH2-Pc    ] E0
[T+7574006299us][CH1-Dispenser] E1 E0
[T+7574006168us][CH2-Pc    ] E1 E0
[T+7574020322us][CH1-Dispenser] FB
[T+7574020176us][CH2-Pc    ] FB
[T+7574033313us][CH1-Dispenser] EE
[T+7574033172us][CH2-Pc    ] EE
[T+7574045170us][CH2-Pc    ] F0
[T+7574071168us][CH1-Dispenser] F0 BA B0 B3 B3 B0 B1 B0 B0 B0 B0 B1 B1 B1 B1 B1 B9 C1 8D 8A
[T+7574137168us][CH2-Pc    ] 04
[T+7574146320us][CH1-Dispenser] 04 64
[T+7574216223us][CH1-Dispenser] 05
[T+7574215934us][CH2-Pc    ] 05
[T+7574400305us][CH1-Dispenser] 06
[T+7574400170us][CH2-Pc    ] 06
[T+7574565168us][CH2-Pc    ] 01
[T+7574572175us][CH1-Dispenser] 01 61
[T+7574643168us][CH2-Pc    ] 02
[T+7574648764us][CH1-Dispenser] 02 62
[T+7574721168us][CH2-Pc    ] 03
[T+7574729193us][CH1-Dispenser] 03 63
[T+7574799169us][CH2-Pc    ] 04
[T+7574805168us][CH1-Dispenser] 04 64
[T+7574877302us][CH1-Dispenser] 05
[T+7574877168us][CH2-Pc    ] 05
[T+7575052303us][CH1-Dispenser] 06
[T+7575052169us][CH2-Pc    ] 06
[T+7575227168us][CH2-Pc    ] 01
[T+7575233168us][CH1-Dispenser] 01 61
[T+7575305193us][CH2-Pc    ] 02
[T+7575313395us][CH1-Dispenser] 02 62
[T+7575383168us][CH2-Pc    ] 03
[T+7575391209us][CH1-Dispenser] 03 63
[T+7575463192us][CH2-Pc    ] 04
[T+7575470778us][CH1-Dispenser] 04 64
[T+7575540301us][CH1-Dispenser] 05
[T+7575540168us][CH2-Pc    ] 05
[T+7575704302us][CH1-Dispenser] 06
[T+7575704170us][CH2-Pc    ] 06
[T+7575879168us][CH2-Pc    ] 01
[T+7575887193us][CH1-Dispenser] 01 61
[T+7575957168us][CH2-Pc    ] 02
[T+7575963168us][CH1-Dispenser] 02 62
[T+7576035193us][CH2-Pc    ] 03
[T+7576041168us][CH1-Dispenser] 03 63
[T+7576113193us][CH2-Pc    ] 04
[T+7576120175us][CH1-Dispenser] 04 64
[T+7576191304us][CH1-Dispenser] 05
[T+7576191170us][CH2-Pc    ] 05
[T+7576366301us][CH1-Dispenser] 06
[T+7576366169us][CH2-Pc    ] 06
[T+7576541168us][CH2-Pc    ] 01
[T+7576549635us][CH1-Dispenser] 01 61
[T+7576619291us][CH2-Pc    ] 02
[T+7576628168us][CH1-Dispenser] 02 62
[T+7576697168us][CH2-Pc    ] 03
[T+7576708179us][CH1-Dispenser] 03 63
[T+7576775168us][CH2-Pc    ] 04
[T+7576780168us][CH1-Dispenser] 04 64
[T+7576854303us][CH1-Dispenser] 05
[T+7576854170us][CH2-Pc    ] 05
[T+7577019301us][CH1-Dispenser] 06
[T+7577019168us][CH2-Pc    ] 06
[T+7577193168us][CH2-Pc    ] 01
[T+7577197196us][CH1-Dispenser] 01 61
[T+7577261193us][CH2-Pc    ] 02
[T+7577268775us][CH1-Dispenser] 02 62
[T+7577339168us][CH2-Pc    ] 03
[T+7577346175us][CH1-Dispenser] 03 73
[T+7577366194us][CH2-Pc    ] 23
[T+7577388172us][CH1-Dispenser] 23 D3 FF
[T+7577388306us][CH2-Pc    ] FF
[T+7577400301us][CH1-Dispenser] E9
[T+7577400169us][CH2-Pc    ] E9
[T+7577413305us][CH1-Dispenser] FE
[T+7577413170us][CH2-Pc    ] FE
[T+7577426295us][CH1-Dispenser] E0
[T+7577426168us][CH2-Pc    ] E0
[T+7577439299us][CH1-Dispenser] E1
[T+7577439168us][CH2-Pc    ] E1
[T+7577451644us][CH1-Dispenser] E0
[T+7577451504us][CH2-Pc    ] E0
[T+7577464301us][CH1-Dispenser] FB
[T+7577464168us][CH2-Pc    ] FB
[T+7577477296us][CH1-Dispenser] EE
[T+7577477168us][CH2-Pc    ] EE
[T+7577489209us][CH2-Pc    ] F0
[T+7577518168us][CH1-Dispenser] F0 BA B0 B3 B3 B0 B1 B0 B0 B0 B0 B1 B1 B1 B1 B2 B9 B9 8D 8A
[T+7577592168us][CH2-Pc    ] 04
[T+7577602168us][CH1-Dispenser] 04 64
[T+7577670302us][CH1-Dispenser] 05
[T+7577670168us][CH2-Pc    ] 05
[T+7577845301us][CH1-Dispenser] 06
[T+7577845169us][CH2-Pc    ] 06
[T+7578020168us][CH2-Pc    ] 01
[T+7578028813us][CH1-Dispenser] 01 61
[T+7578098168us][CH2-Pc    ] 02
[T+7578104168us][CH1-Dispenser] 02 62
[T+7578176168us][CH2-Pc    ] 03
[T+7578180201us][CH1-Dispenser] 03 73
[T+7578193168us][CH2-Pc    ] 23
[T+7578200168us][CH1-Dispenser] 23 D3
[T+7578214301us][CH1-Dispenser] FF
[T+7578214168us][CH2-Pc    ] FF
[T+7578227316us][CH1-Dispenser] E9
[T+7578227176us][CH2-Pc    ] E9
[T+7578239694us][CH1-Dispenser] FE
[T+7578239552us][CH2-Pc    ] FE
[T+7578252299us][CH1-Dispenser] E0
[T+7578252168us][CH2-Pc    ] E0
[T+7578265295us][CH1-Dispenser] E1
[T+7578265168us][CH2-Pc    ] E1
[T+7578277320us][CH1-Dispenser] E0
[T+7578277176us][CH2-Pc    ] E0
[T+7578291176us][CH1-Dispenser] FB
[T+7578291316us][CH2-Pc    ] FB
[T+7578303176us][CH1-Dispenser] EE
[T+7578303315us][CH2-Pc    ] EE
[T+7578316168us][CH2-Pc    ] F0
[T+7578342168us][CH1-Dispenser] F0 BA B0 B3 B3 B0 B1 B0 B0 B0 B0 B1 B1 B1 B1 B2 B9 B9 8D 8A
[T+7578407168us][CH2-Pc    ] 04
[T+7578416168us][CH1-Dispenser] 04 64
[T+7578485309us][CH1-Dispenser] 05
[T+7578485170us][CH2-Pc    ] 05
[T+7578656302us][CH1-Dispenser] 06
[T+7578656168us][CH2-Pc    ] 06
[T+7578831168us][CH2-Pc    ] 01
[T+7578839821us][CH1-Dispenser] 01 61
[T+7578909168us][CH2-Pc    ] 02
[T+7578918168us][CH1-Dispenser] 02 62
[T+7578993168us][CH2-Pc    ] 03
[T+7579000175us][CH1-Dispenser] 03 73
[T+7579043301us][CH1-Dispenser] 23 D3 FF E9
[T+7579043168us][CH2-Pc    ] 23 FF E9
[T+7579057307us][CH1-Dispenser] FE
[T+7579057171us][CH2-Pc    ] FE
[T+7579070303us][CH1-Dispenser] E0
[T+7579070170us][CH2-Pc    ] E0
[T+7579082483us][CH1-Dispenser] E1
[T+7579082343us][CH2-Pc    ] E1
[T+7579095300us][CH1-Dispenser] E0
[T+7579095168us][CH2-Pc    ] E0
[T+7579107301us][CH1-Dispenser] FB
[T+7579107169us][CH2-Pc    ] FB
[T+7579120307us][CH1-Dispenser] EE
[T+7579120170us][CH2-Pc    ] EE
[T+7579133171us][CH2-Pc    ] F0
[T+7579164168us][CH1-Dispenser] F0 BA B0 B3 B3 B0 B1 B0 B0 B0 B0 B1 B1 B1 B1 B2 B9 B9 8D 8A
[T+7579235168us][CH2-Pc    ] 04
[T+7579241769us][CH1-Dispenser] 04 64
[T+7579314302us][CH1-Dispenser] 05
[T+7579314170us][CH2-Pc    ] 05
[T+7579488303us][CH1-Dispenser] 06
[T+7579488170us][CH2-Pc    ] 06
[T+7579663168us][CH2-Pc    ] 01
[T+7579668168us][CH1-Dispenser] 01 61
[T+7579735168us][CH2-Pc    ] 02
[T+7579743209us][CH1-Dispenser] 02 62
[T+7579813168us][CH2-Pc    ] 03
[T+7579819780us][CH1-Dispenser] 03 73
[T+7579841168us][CH2-Pc    ] 23
[T+7579848504us][CH1-Dispenser] 23 D3
[T+7579862304us][CH1-Dispenser] FF
[T+7579862168us][CH2-Pc    ] FF
[T+7579875313us][CH1-Dispenser] E9
[T+7579875172us][CH2-Pc    ] E9
[T+7579888306us][CH1-Dispenser] FE
[T+7579888171us][CH2-Pc    ] FE
[T+7579900297us][CH1-Dispenser] E0
[T+7579900169us][CH2-Pc    ] E0
[T+7579913314us][CH1-Dispenser] E1
[T+7579913175us][CH2-Pc    ] E1
[T+7579926310us][CH1-Dispenser] E0
[T+7579926174us][CH2-Pc    ] E0
[T+7579942300us][CH1-Dispenser] FB
[T+7579942168us][CH2-Pc    ] FB
[T+7579955310us][CH1-Dispenser] EE
[T+7579955176us][CH2-Pc    ] EE
[T+7579968168us][CH2-Pc    ] F0
[T+7580000193us][CH1-Dispenser] F0 BA B0 B3 B3 B0 B1 B0 B0 B0 B0 B1 B1 B1 B1 B2 B9 B9 8D 8A
[T+7580069168us][CH2-Pc    ] 04
[T+7580075168us][CH1-Dispenser] 04 64
[T+7580148305us][CH1-Dispenser] 05
[T+7580148169us][CH2-Pc    ] 05
[T+7580322301us][CH1-Dispenser] 06
[T+7580322168us][CH2-Pc    ] 06
[T+7580486193us][CH2-Pc    ] 01
[T+7580493168us][CH1-Dispenser] 01 61
[T+7580564168us][CH2-Pc    ] 02
[T+7580574394us][CH1-Dispenser] 02 62
[T+7580643168us][CH2-Pc    ] 03
[T+7580650175us][CH1-Dispenser] 03 73
[T+7580670193us][CH2-Pc    ] 23
[T+7580675168us][CH1-Dispenser] 23 D3
[T+7580704304us][CH1-Dispenser] FF E9
[T+7580704168us][CH2-Pc    ] FF E9
[T+7580729299us][CH1-Dispenser] FE E0
[T+7580729168us][CH2-Pc    ] FE E0
[T+7580742268us][CH1-Dispenser] E1
[T+7580742171us][CH2-Pc    ] E1
[T+7580755305us][CH1-Dispenser] E0
[T+7580755170us][CH2-Pc    ] E0
[T+7580768304us][CH1-Dispenser] FB
[T+7580768170us][CH2-Pc    ] FB
[T+7580780296us][CH1-Dispenser] EE
[T+7580780169us][CH2-Pc    ] EE
[T+7580793168us][CH2-Pc    ] F0
[T+7580823168us][CH1-Dispenser] F0 BA B0 B3 B3 B0 B1 B0 B0 B0 B0 B1 B1 B1 B1 B2 B9 B9 8D 8A
[T+7580895193us][CH2-Pc    ] 04
[T+7580901175us][CH1-Dispenser] 04 64
[T+7580964303us][CH1-Dispenser] 05
[T+7580964169us][CH2-Pc    ] 05
[T+7581149307us][CH1-Dispenser] 06
[T+7581149171us][CH2-Pc    ] 06
[T+7581313193us][CH2-Pc    ] 01
[T+7581318168us][CH1-Dispenser] 01 61
[T+7581392168us][CH2-Pc    ] 02
[T+7581398765us][CH1-Dispenser] 02 62
[T+7581470193us][CH2-Pc    ] 03
[T+7581475770us][CH1-Dispenser] 03 73
[T+7581497168us][CH2-Pc    ] 23
[T+7581506168us][CH1-Dispenser] 23 D3
[T+7581531304us][CH1-Dispenser] FF E9
[T+7581531168us][CH2-Pc    ] FF E9
[T+7581545312us][CH1-Dispenser] FE
[T+7581545172us][CH2-Pc    ] FE
[T+7581557176us][CH1-Dispenser] E0
[T+7581557323us][CH2-Pc    ] E0
[T+7581569315us][CH1-Dispenser] E1
[T+7581569176us][CH2-Pc    ] E1
[T+7581582314us][CH1-Dispenser] E0
[T+7581582176us][CH2-Pc    ] E0
[T+7581596312us][CH1-Dispenser] FB
[T+7581596171us][CH2-Pc    ] FB
[T+7581607315us][CH1-Dispenser] EE
[T+7581607176us][CH2-Pc    ] EE
[T+7581620168us][CH2-Pc    ] F0
[T+7581648204us][CH1-Dispenser] F0 BA B0 B3 B3 B0 B1 B0 B0 B0 B0 B1 B1 B1 B1 B2 B9 B9 8D 8A
[T+7581722168us][CH2-Pc    ] 04
[T+7581731774us][CH1-Dispenser] 04 64
[T+7581800302us][CH1-Dispenser] 05
[T+7581800170us][CH2-Pc    ] 05
[T+7581975302us][CH1-Dispenser] 06
[T+7581975168us][CH2-Pc    ] 06
[T+7582149302us][CH1-Dispenser] 01
[T+7582149168us][CH2-Pc    ] 01
[T+7582164169us][CH1-Dispenser] 61
[T+7582227168us][CH2-Pc    ] 02
[T+7582234168us][CH1-Dispenser] 02 62
[T+7582306194us][CH2-Pc    ] 03
[T+7582310196us][CH1-Dispenser] 03 63
[T+7582373168us][CH2-Pc    ] 04
[T+7582380781us][CH1-Dispenser] 04 64
[T+7582451301us][CH1-Dispenser] 05
[T+7582451169us][CH2-Pc    ] 05
[T+7582626305us][CH1-Dispenser] 06
[T+7582626168us][CH2-Pc    ] 06
[T+7582801168us][CH2-Pc    ] 01
[T+7582809177us][CH1-Dispenser] 01 61
[T+7582888169us][CH2-Pc    ] 02
[T+7582895177us][CH1-Dispenser] 02 62
[T+7582966168us][CH2-Pc    ] 03
[T+7582971168us][CH1-Dispenser] 03 63
[T+7583044168us][CH2-Pc    ] 04
[T+7583050168us][CH1-Dispenser] 04 64
[T+7583123305us][CH1-Dispenser] 05
[T+7583123170us][CH2-Pc    ] 05
[T+7583298304us][CH1-Dispenser] 06
[T+7583298170us][CH2-Pc    ] 06
[T+7583473168us][CH2-Pc    ] 01
[T+7583479781us][CH1-Dispenser] 01 61
[T+7583551192us][CH2-Pc    ] 02
[T+7583558175us][CH1-Dispenser] 02 62
[T+7583659168us][CH2-Pc    ] 03
[T+7583667193us][CH1-Dispenser] 03 63
[T+7583737168us][CH2-Pc    ] 04
[T+7583746168us][CH1-Dispenser] 04 64
[T+7583815302us][CH1-Dispenser] 05
[T+7583815170us][CH2-Pc    ] 05
[T+7583990304us][CH1-Dispenser] 06
[T+7583990170us][CH2-Pc    ] 06
[T+7584165168us][CH2-Pc    ] 01
[T+7584174168us][CH1-Dispenser] 01 61
[T+7584243168us][CH2-Pc    ] 02
[T+7584250769us][CH1-Dispenser] 02 62
[T+7584321168us][CH2-Pc    ] 03
[T+7584330168us][CH1-Dispenser] 03 63
[T+7584399168us][CH2-Pc    ] 04
[T+7584405175us][CH1-Dispenser] 04 64
[T+7584478301us][CH1-Dispenser] 05
[T+7584478168us][CH2-Pc    ] 05
[T+7584644433us][CH1-Dispenser] 06
[T+7584644299us][CH2-Pc    ] 06
[T+7584819168us][CH2-Pc    ] 01
[T+7584823196us][CH1-Dispenser] 01 61
[T+7584887193us][CH2-Pc    ] 02
[T+7584893740us][CH1-Dispenser] 02 62
[T+7584966168us][CH2-Pc    ] 03
[T+7584971168us][CH1-Dispenser] 03 73
[T+7584993168us][CH2-Pc    ] 23
[T+7585000168us][CH1-Dispenser] 23 D3
[T+7585015309us][CH1-Dispenser] FF
[T+7585015171us][CH2-Pc    ] FF
[T+7585027483us][CH1-Dispenser] E9
[T+7585027344us][CH2-Pc    ] E9
[T+7585040307us][CH1-Dispenser] FE
[T+7585040168us][CH2-Pc    ] FE
[T+7585053300us][CH1-Dispenser] E0
[T+7585053168us][CH2-Pc    ] E0
[T+7585065305us][CH1-Dispenser] E1
[T+7585065169us][CH2-Pc    ] E1
[T+7585078302us][CH1-Dispenser] E0
[T+7585078169us][CH2-Pc    ] E0
[T+7585091303us][CH1-Dispenser] FB
[T+7585091170us][CH2-Pc    ] FB
[T+7585103297us][CH1-Dispenser] EE
[T+7585103170us][CH2-Pc    ] EE
[T+7585116168us][CH2-Pc    ] F0
[T+7585142168us][CH1-Dispenser] F0 BA B0 B3 B3 B0 B1 B0 B0 B0 B0 B1 B1 B1 B1 B3 B9 B8 8D 8A
[T+7585208168us][CH2-Pc    ] 04
[T+7585218169us][CH1-Dispenser] 04 64
[T+7585286304us][CH1-Dispenser] 05
[T+7585286169us][CH2-Pc    ] 05
[T+7585461302us][CH1-Dispenser] 06
[T+7585461169us][CH2-Pc    ] 06
[T+7585625193us][CH2-Pc    ] 01
[T+7585634759us][CH1-Dispenser] 01 61
[T+7585703168us][CH2-Pc    ] 02
[T+7585710168us][CH1-Dispenser] 02 62
[T+7585781168us][CH2-Pc    ] 03
[T+7585798193us][CH2-Pc    ] 23
[T+7585819169us][CH1-Dispenser] 03 73 23 D3 FF
[T+7585819301us][CH2-Pc    ] FF
[T+7585832296us][CH1-Dispenser] E9
[T+7585832168us][CH2-Pc    ] E9
[T+7585845298us][CH1-Dispenser] FE
[T+7585845168us][CH2-Pc    ] FE
[T+7585857315us][CH1-Dispenser] E0
[T+7585857176us][CH2-Pc    ] E0
[T+7585870300us][CH1-Dispenser] E1
[T+7585870168us][CH2-Pc    ] E1
[T+7585883300us][CH1-Dispenser] E0
[T+7585883168us][CH2-Pc    ] E0
[T+7585896168us][CH1-Dispenser] FB
[T+7585895175us][CH2-Pc    ] FB
[T+7585908176us][CH1-Dispenser] EE
[T+7585908316us][CH2-Pc    ] EE
[T+7585921168us][CH2-Pc    ] F0
[T+7585949192us][CH1-Dispenser] F0 BA B0 B3 B3 B0 B1 B0 B0 B0 B0 B1 B1 B1 B1 B3 B9 B8 8D 8A
[T+7586022168us][CH2-Pc    ] 04
[T+7586030280us][CH1-Dispenser] 04 64
[T+7586101301us][CH1-Dispenser] 05
[T+7586101168us][CH2-Pc    ] 05
[T+7586275304us][CH1-Dispenser] 06
[T+7586275169us][CH2-Pc    ] 06
[T+7586439193us][CH2-Pc    ] 01
[T+7586443196us][CH1-Dispenser] 01 61
[T+7586507193us][CH2-Pc    ] 02
[T+7586513760us][CH1-Dispenser] 02 62
[T+7586585192us][CH2-Pc    ] 03
[T+7586593209us][CH1-Dispenser] 03 73
[T+7586612168us][CH2-Pc    ] 23
[T+7586619347us][CH1-Dispenser] 23 D3
[T+7586634310us][CH1-Dispenser] FF
[T+7586634171us][CH2-Pc    ] FF
[T+7586646301us][CH1-Dispenser] E9
[T+7586646169us][CH2-Pc    ] E9
[T+7586659305us][CH1-Dispenser] FE
[T+7586659170us][CH2-Pc    ] FE
[T+7586684301us][CH1-Dispenser] E0 E1
[T+7586684168us][CH2-Pc    ] E0 E1
[T+7586698313us][CH1-Dispenser] E0
[T+7586698173us][CH2-Pc    ] E0
[T+7586722300us][CH1-Dispenser] FB EE
[T+7586722169us][CH2-Pc    ] FB EE
[T+7586735168us][CH2-Pc    ] F0
[T+7586764168us][CH1-Dispenser] F0 BA B0 B3 B3 B0 B1 B0 B0 B0 B0 B1 B1 B1 B1 B3 B9 B8 8D 8A
[T+7586837168us][CH2-Pc    ] 04
[T+7586847169us][CH1-Dispenser] 04 64
[T+7586915301us][CH1-Dispenser] 05
[T+7586915170us][CH2-Pc    ] 05
[T+7587079304us][CH1-Dispenser] 06
[T+7587079168us][CH2-Pc    ] 06
[T+7587254168us][CH2-Pc    ] 01
[T+7587261175us][CH1-Dispenser] 01 61
[T+7587332168us][CH2-Pc    ] 02
[T+7587342177us][CH1-Dispenser] 02 62
[T+7587410193us][CH2-Pc    ] 03
[T+7587416168us][CH1-Dispenser] 03 73
[T+7587437168us][CH2-Pc    ] 23
[T+7587459168us][CH1-Dispenser] 23 D3 FF
[T+7587459297us][CH2-Pc    ] FF
[T+7587472314us][CH1-Dispenser] E9
[T+7587472173us][CH2-Pc    ] E9
[T+7587485171us][CH1-Dispenser] FE
[T+7587485311us][CH2-Pc    ] FE
[T+7587498175us][CH1-Dispenser] E0
[T+7587498316us][CH2-Pc    ] E0
[T+7587510169us][CH1-Dispenser] E1
[T+7587510302us][CH2-Pc    ] E1
[T+7587522299us][CH1-Dispenser] E0
[T+7587522168us][CH2-Pc    ] E0
[T+7587535313us][CH1-Dispenser] FB
[T+7587535172us][CH2-Pc    ] FB
[T+7587548311us][CH1-Dispenser] EE
[T+7587548172us][CH2-Pc    ] EE
[T+7587561193us][CH2-Pc    ] F0
[T+7587589198us][CH1-Dispenser] F0 BA B0 B3 B3 B0 B1 B0 B0 B0 B0 B1 B1 B1 B1 B3 B9 B8 8D 8A
[T+7587654168us][CH2-Pc    ] 04
[T+7587661175us][CH1-Dispenser] 04 64
[T+7587732168us][CH2-Pc    ] 05
[T+7587733168us][CH1-Dispenser] 05
[T+7587907309us][CH1-Dispenser] 06
[T+7587907170us][CH2-Pc    ] 06
[T+7588082168us][CH2-Pc    ] 01
[T+7588088168us][CH1-Dispenser] 01 61
[T+7588160193us][CH2-Pc    ] 02
[T+7588169168us][CH1-Dispenser] 02 62
[T+7588238168us][CH2-Pc    ] 03
[T+7588249174us][CH1-Dispenser] 03 73
[T+7588265192us][CH2-Pc    ] 23
[T+7588270168us][CH1-Dispenser] 23 D3
[T+7588287299us][CH1-Dispenser] FF
[T+7588287168us][CH2-Pc    ] FF
[T+7588300309us][CH1-Dispenser] E9
[T+7588300173us][CH2-Pc    ] E9
[T+7588312316us][CH1-Dispenser] FE
[T+7588312176us][CH2-Pc    ] FE
[T+7588338298us][CH1-Dispenser] E0 E1
[T+7588338169us][CH2-Pc    ] E0 E1
[T+7588351310us][CH1-Dispenser] E0
[T+7588351176us][CH2-Pc    ] E0
[T+7588363310us][CH1-Dispenser] FB
[T+7588363176us][CH2-Pc    ] FB
[T+7588385300us][CH1-Dispenser] EE
[T+7588385168us][CH2-Pc    ] EE
[T+7588406168us][CH2-Pc    ] F0
[T+7588432168us][CH1-Dispenser] F0 BA B0 B3 B3 B0 B1 B0 B0 B0 B0 B1 B1 B1 B1 B3 B9 B8 8D 8A
[T+7588497168us][CH2-Pc    ] 04
[T+7588506168us][CH1-Dispenser] 04 64
[T+7588575302us][CH1-Dispenser] 05
[T+7588575168us][CH2-Pc    ] 05
[T+7588750303us][CH1-Dispenser] 06
[T+7588750168us][CH2-Pc    ] 06
[T+7588929200us][CH1-Dispenser] 01 61
[T+7588925168us][CH2-Pc    ] 01
[T+7589003168us][CH2-Pc    ] 02
[T+7589009168us][CH1-Dispenser] 02 62
[T+7589081192us][CH2-Pc    ] 03
[T+7589086168us][CH1-Dispenser] 03 73
[T+7589108168us][CH2-Pc    ] 23
[T+7589115732us][CH1-Dispenser] 23 D3
[T+7589130302us][CH1-Dispenser] FF
[T+7589130169us][CH2-Pc    ] FF
[T+7589143309us][CH1-Dispenser] E9
[T+7589143172us][CH2-Pc    ] E9
[T+7589157168us][CH1-Dispenser] FE
[T+7589156177us][CH2-Pc    ] FE
[T+7589169169us][CH1-Dispenser] E0
[T+7589168171us][CH2-Pc    ] E0
[T+7589180363us][CH1-Dispenser] E1
[T+7589180204us][CH2-Pc    ] E1
[T+7589193321us][CH1-Dispenser] E0
[T+7589193177us][CH2-Pc    ] E0
[T+7589206755us][CH1-Dispenser] FB
[T+7589206613us][CH2-Pc    ] FB
[T+7589219316us][CH1-Dispenser] EE
[T+7589219176us][CH2-Pc    ] EE
[T+7589231209us][CH2-Pc    ] F0
[T+7589259192us][CH1-Dispenser] F0 BA B0 B3 B3 B0 B1 B0 B0 B0 B0 B1 B1 B1 B1 B3 B9 B8 8D 8A
[T+7589333168us][CH2-Pc    ] 04
[T+7589341196us][CH1-Dispenser] 04 64
[T+7589411301us][CH1-Dispenser] 05
[T+7589411168us][CH2-Pc    ] 05
[T+7589586301us][CH1-Dispenser] 06
[T+7589586168us][CH2-Pc    ] 06
[T+7589750197us][CH2-Pc    ] 01
[T+7589762209us][CH1-Dispenser] 01 61
[T+7589828168us][CH2-Pc    ] 02
[T+7589834168us][CH1-Dispenser] 02 62
[T+7589906204us][CH2-Pc    ] 03
[T+7589912168us][CH1-Dispenser] 03 63
[T+7589984193us][CH2-Pc    ] 04
[T+7589991175us][CH1-Dispenser] 04 64
[T+7590062302us][CH1-Dispenser] 05
[T+7590062168us][CH2-Pc    ] 05
[T+7590237303us][CH1-Dispenser] 06
[T+7590237170us][CH2-Pc    ] 06
[T+7590412168us][CH2-Pc    ] 01
[T+7590421023us][CH1-Dispenser] 01 61
[T+7590490168us][CH2-Pc    ] 02
[T+7590499168us][CH1-Dispenser] 02 62
[T+7590575193us][CH2-Pc    ] 03
[T+7590582168us][CH1-Dispenser] 03 63
[T+7590653168us][CH2-Pc    ] 04
[T+7590661209us][CH1-Dispenser] 04 64
[T+7590731301us][CH1-Dispenser] 05
[T+7590731169us][CH2-Pc    ] 05
[T+7590906302us][CH1-Dispenser] 06
[T+7590906168us][CH2-Pc    ] 06
[T+7591086192us][CH2-Pc    ] 01
[T+7591094169us][CH1-Dispenser] 01 61
[T+7591164168us][CH2-Pc    ] 02
[T+7591169168us][CH1-Dispenser] 02 62
[T+7591234168us][CH2-Pc    ] 03
[T+7591242176us][CH1-Dispenser] 03 63
[T+7591312168us][CH2-Pc    ] 04
[T+7591321168us][CH1-Dispenser] 04 64
[T+7591391309us][CH1-Dispenser] 05
[T+7591391170us][CH2-Pc    ] 05
[T+7591565301us][CH1-Dispenser] 06
[T+7591565169us][CH2-Pc    ] 06
[T+7591740168us][CH2-Pc    ] 01
[T+7591749168us][CH1-Dispenser] 01 61
[T+7591818168us][CH2-Pc    ] 02
[T+7591823168us][CH1-Dispenser] 02 62
[T+7591896168us][CH2-Pc    ] 03
[T+7591901168us][CH1-Dispenser] 03 63
[T+7591974168us][CH2-Pc    ] 04
[T+7591980168us][CH1-Dispenser] 04 64
[T+7592053301us][CH1-Dispenser] 05
[T+7592053168us][CH2-Pc    ] 05
[T+7592228305us][CH1-Dispenser] 06
[T+7592228168us][CH2-Pc    ] 06
[T+7592392192us][CH2-Pc    ] 01
[T+7592400209us][CH1-Dispenser] 01 61
[T+7592470168us][CH2-Pc    ] 02
[T+7592479736us][CH1-Dispenser] 02 62
[T+7592549168us][CH2-Pc    ] 03
[T+7592557209us][CH1-Dispenser] 03 63
[T+7592627168us][CH2-Pc    ] 04
[T+7592631196us][CH1-Dispenser] 04 64
[T+7592694302us][CH1-Dispenser] 05
[T+7592694169us][CH2-Pc    ] 05
[T+7592869389us][CH1-Dispenser] 06
[T+7592869256us][CH2-Pc    ] 06
[T+7593033192us][CH2-Pc    ] 01
[T+7593041825us][CH1-Dispenser] 01 61
[T+7593111168us][CH2-Pc    ] 02
[T+7593119377us][CH1-Dispenser] 02 62
[T+7593189168us][CH2-Pc    ] 03
[T+7593196175us][CH1-Dispenser] 03 63
[T+7593267168us][CH2-Pc    ] 04
[T+7593276168us][CH1-Dispenser] 04 64
[T+7593346303us][CH1-Dispenser] 05
[T+7593346170us][CH2-Pc    ] 05
[T+7593520304us][CH1-Dispenser] 06
[T+7593520170us][CH2-Pc    ] 06
[T+7593696194us][CH2-Pc    ] 01
[T+7593704193us][CH1-Dispenser] 01 61
[T+7593774168us][CH2-Pc    ] 02
[T+7593780168us][CH1-Dispenser] 02 62
[T+7593854168us][CH2-Pc    ] 03
[T+7593861178us][CH1-Dispenser] 03 63
[T+7593932168us][CH2-Pc    ] 04
[T+7593941738us][CH1-Dispenser] 04 64
[T+7594010301us][CH1-Dispenser] 05
[T+7594010168us][CH2-Pc    ] 05
[T+7594196304us][CH1-Dispenser] 06
[T+7594196169us][CH2-Pc    ] 06
[T+7594360197us][CH2-Pc    ] 01
[T+7594364196us][CH1-Dispenser] 01 61
[T+7594427168us][CH2-Pc    ] 02
[T+7594434175us][CH1-Dispenser] 02 62
[T+7594506192us][CH2-Pc    ] 03
[T+7594512168us][CH1-Dispenser] 03 63
[T+7594584193us][CH2-Pc    ] 04
[T+7594591168us][CH1-Dispenser] 04 64
[T+7594662593us][CH1-Dispenser] 05
[T+7594662455us][CH2-Pc    ] 05
[T+7594837301us][CH1-Dispenser] 06
[T+7594837168us][CH2-Pc    ] 06
[T+7595003168us][CH2-Pc    ] 01
[T+7595011209us][CH1-Dispenser] 01 61
[T+7595081168us][CH2-Pc    ] 02
[T+7595090168us][CH1-Dispenser] 02 62
[T+7595159168us][CH2-Pc    ] 03
[T+7595166168us][CH1-Dispenser] 03 63
[T+7595237168us][CH2-Pc    ] 04
[T+7595245772us][CH1-Dispenser] 04 64
[T+7595315301us][CH1-Dispenser] 05
[T+7595315168us][CH2-Pc    ] 05
[T+7595490301us][CH1-Dispenser] 06
[T+7595490168us][CH2-Pc    ] 06
[T+7595665168us][CH2-Pc    ] 01
[T+7595670168us][CH1-Dispenser] 01 61
[T+7595743168us][CH2-Pc    ] 02
[T+7595749768us][CH1-Dispenser] 02 62
[T+7595821192us][CH2-Pc    ] 03
[T+7595825198us][CH1-Dispenser] 03 63
[T+7595889168us][CH2-Pc    ] 04
[T+7595896168us][CH1-Dispenser] 04 64
[T+7595967302us][CH1-Dispenser] 05
[T+7595967168us][CH2-Pc    ] 05
[T+7596141300us][CH1-Dispenser] 06
[T+7596141169us][CH2-Pc    ] 06
[T+7596325193us][CH2-Pc    ] 01
[T+7596330168us][CH1-Dispenser] 01 61
[T+7596403171us][CH2-Pc    ] 02
[T+7596409168us][CH1-Dispenser] 02 62
[T+7596481192us][CH2-Pc    ] 03
[T+7596487168us][CH1-Dispenser] 03 63
[T+7596559194us][CH2-Pc    ] 04
[T+7596568168us][CH1-Dispenser] 04 64
[T+7596637303us][CH1-Dispenser] 05
[T+7596637169us][CH2-Pc    ] 05
[T+7596812301us][CH1-Dispenser] 06
[T+7596812168us][CH2-Pc    ] 06
[T+7596986168us][CH2-Pc    ] 01
[T+7596995168us][CH1-Dispenser] 01 61
[T+7597068196us][CH1-Dispenser] 02 62
[T+7597064168us][CH2-Pc    ] 02
[T+7597132168us][CH2-Pc    ] 03
[T+7597139168us][CH1-Dispenser] 03 63
[T+7597210168us][CH2-Pc    ] 04
[T+7597216168us][CH1-Dispenser] 04 64
[T+7597288301us][CH1-Dispenser] 05
[T+7597288168us][CH2-Pc    ] 05
[T+7597463304us][CH1-Dispenser] 06
[T+7597463168us][CH2-Pc    ] 06
[T+7597627194us][CH2-Pc    ] 01
[T+7597634219us][CH1-Dispenser] 01 61
[T+7597705168us][CH2-Pc    ] 02
[T+7597710168us][CH1-Dispenser] 02 62
[T+7597783168us][CH2-Pc    ] 03
[T+7597791209us][CH1-Dispenser] 03 63
[T+7597861168us][CH2-Pc    ] 04
[T+7597869427us][CH1-Dispenser] 04 64
[T+7597939574us][CH1-Dispenser] 05
[T+7597939168us][CH2-Pc    ] 05
[T+7598114301us][CH1-Dispenser] 06
[T+7598114168us][CH2-Pc    ] 06
[T+7598289168us][CH2-Pc    ] 01
[T+7598296168us][CH1-Dispenser] 01 61
[T+7598367168us][CH2-Pc    ] 02
[T+7598375805us][CH1-Dispenser] 02 62
[T+7598445168us][CH2-Pc    ] 03
[T+7598451168us][CH1-Dispenser] 03 63
[T+7598523193us][CH2-Pc    ] 04
[T+7598532168us][CH1-Dispenser] 04 64
[T+7598601301us][CH1-Dispenser] 05
[T+7598601168us][CH2-Pc    ] 05
[T+7598765301us][CH1-Dispenser] 06
[T+7598765168us][CH2-Pc    ] 06
[T+7598940168us][CH2-Pc    ] 01
[T+7598944197us][CH1-Dispenser] 01 61
[T+7599012502us][CH2-Pc    ] 02
[T+7599022168us][CH1-Dispenser] 02 62
[T+7599090192us][CH2-Pc    ] 03
[T+7599096175us][CH1-Dispenser] 03 63
[T+7599168253us][CH2-Pc    ] 04
[T+7599177769us][CH1-Dispenser] 04 64
[T+7599247300us][CH1-Dispenser] 05
[T+7599247168us][CH2-Pc    ] 05
[T+7599422302us][CH1-Dispenser] 06
[T+7599422168us][CH2-Pc    ] 06
[T+7599605168us][CH2-Pc    ] 01
[T+7599611168us][CH1-Dispenser] 01 61
[T+7599684168us][CH2-Pc    ] 02
[T+7599690168us][CH1-Dispenser] 02 62
[T+7599761168us][CH2-Pc    ] 03
[T+7599766168us][CH1-Dispenser] 03 63
[T+7599839168us][CH2-Pc    ] 04
[T+7599847209us][CH1-Dispenser] 04 64
[T+7599918302us][CH1-Dispenser] 05
[T+7599918168us][CH2-Pc    ] 05
[T+7600103301us][CH1-Dispenser] 06
[T+7600103168us][CH2-Pc    ] 06
[T+7600267193us][CH2-Pc    ] 01
[T+7600274249us][CH1-Dispenser] 01 61
[T+7600345168us][CH2-Pc    ] 02
[T+7600350168us][CH1-Dispenser] 02 62
[T+7600423168us][CH2-Pc    ] 03
[T+7600431193us][CH1-Dispenser] 03 63
[T+7600502168us][CH2-Pc    ] 04
[T+7600506197us][CH1-Dispenser] 04 64
[T+7600580301us][CH1-Dispenser] 05
[T+7600580169us][CH2-Pc    ] 05
[T+7600755305us][CH1-Dispenser] 06
[T+7600755170us][CH2-Pc    ] 06
[T+7600929168us][CH2-Pc    ] 01
[T+7600935846us][CH1-Dispenser] 01 61
[T+7601008168us][CH2-Pc    ] 02
[T+7601015170us][CH1-Dispenser] 02 62
[T+7601086168us][CH2-Pc    ] 03
[T+7601092168us][CH1-Dispenser] 03 63
[T+7601164192us][CH2-Pc    ] 04
[T+7601173168us][CH1-Dispenser] 04 64
[T+7601242301us][CH1-Dispenser] 05
[T+7601242168us][CH2-Pc    ] 05
[T+7601407220us][CH1-Dispenser] 06
[T+7601406983us][CH2-Pc    ] 06
[T+7601581168us][CH2-Pc    ] 01
[T+7601589193us][CH1-Dispenser] 01 61