connected
[T+7615204301us][CH1-Dispenser] 06
[T+7615204168us][CH2-Pc    ] 06
[T+7615379168us][CH2-Pc    ] 01
[T+7615388168us][CH1-Dispenser] 01 61
[T+7615457168us][CH2-Pc    ] 02
[T+7615468168us][CH1-Dispenser] 02 62
[T+7615536192us][CH2-Pc    ] 03
[T+7615543168us][CH1-Dispenser] 03 63
[T+7615614168us][CH2-Pc    ] 04
[T+7615622209us][CH1-Dispenser] 04 64
[T+7615692798us][CH1-Dispenser] 05
[T+7615692564us][CH2-Pc    ] 05
[T+7615867304us][CH1-Dispenser] 06
[T+7615867170us][CH2-Pc    ] 06
[T+7616031192us][CH2-Pc    ] 01
[T+7616038175us][CH1-Dispenser] 01 61
[T+7616109168us][CH2-Pc    ] 02
[T+7616116168us][CH1-Dispenser] 02 62
[T+7616187168us][CH2-Pc    ] 03
[T+7616193168us][CH1-Dispenser] 03 63
[T+7616265192us][CH2-Pc    ] 04
[T+7616273209us][CH1-Dispenser] 04 64
[T+7616343301us][CH1-Dispenser] 05
[T+7616343169us][CH2-Pc    ] 05
[T+7616518304us][CH1-Dispenser] 06
[T+7616518168us][CH2-Pc    ] 06
[T+7616693168us][CH2-Pc    ] 01
[T+7616702168us][CH1-Dispenser] 01 61
[T+7616775196us][CH1-Dispenser] 02 62
[T+7616771168us][CH2-Pc    ] 02
[T+7616849168us][CH2-Pc    ] 03
[T+7616858778us][CH1-Dispenser] 03 63
[T+7616927168us][CH2-Pc    ] 04
[T+7616932168us][CH1-Dispenser] 04 64
[T+7617005301us][CH1-Dispenser] 05
[T+7617005169us][CH2-Pc    ] 05
[T+7617180301us][CH1-Dispenser] 06
[T+7617180168us][CH2-Pc    ] 06
[T+7617344193us][CH2-Pc    ] 01
[T+7617352860us][CH1-Dispenser] 01 61
[T+7617422168us][CH2-Pc    ] 02
[T+7617431211us][CH1-Dispenser] 02 62
[T+7617500169us][CH2-Pc    ] 03
[T+7617507177us][CH1-Dispenser] 03 63
[T+7617579192us][CH2-Pc    ] 04
[T+7617588769us][CH1-Dispenser] 04 64
[T+7617657303us][CH1-Dispenser] 05
[T+7617657168us][CH2-Pc    ] 05
[T+7617831301us][CH1-Dispenser] 06
[T+7617831169us][CH2-Pc    ] 06
[T+7618006168us][CH2-Pc    ] 01
[T+7618011225us][CH1-Dispenser] 01 61
[T+7618084168us][CH2-Pc    ] 02
[T+7618093863us][CH1-Dispenser] 02 62
[T+7618163168us][CH2-Pc    ] 03
[T+7618168809us][CH1-Dispenser] 03 63
[T+7618231168us][CH2-Pc    ] 04
[T+7618237168us][CH1-Dispenser] 04 64
[T+7618309303us][CH1-Dispenser] 05
[T+7618309168us][CH2-Pc    ] 05
[T+7618484301us][CH1-Dispenser] 06
[T+7618484170us][CH2-Pc    ] 06
[T+7618659168us][CH2-Pc    ] 01
[T+7618666168us][CH1-Dispenser] 01 61
[T+7618737168us][CH2-Pc    ] 02
[T+7618747172us][CH1-Dispenser] 02 62
[T+7618815193us][CH2-Pc    ] 03
[T+7618822177us][CH1-Dispenser] 03 63
[T+7618898192us][CH2-Pc    ] 04
[T+7618903787us][CH1-Dispenser] 04 64
[T+7618976300us][CH1-Dispenser] 05
[T+7618976168us][CH2-Pc    ] 05
[T+7619143306us][CH1-Dispenser] 06
[T+7619143170us][CH2-Pc    ] 06
[T+7619318168us][CH2-Pc    ] 01
[T+7619325175us][CH1-Dispenser] 01 61
[T+7619396168us][CH2-Pc    ] 02
[T+7619401802us][CH1-Dispenser] 02 62
[T+7619474168us][CH2-Pc    ] 03
[T+7619482193us][CH1-Dispenser] 03 63
[T+7619552209us][CH2-Pc    ] 04
[T+7619557168us][CH1-Dispenser] 04 64
[T+7619630300us][CH1-Dispenser] 05
[T+7619630168us][CH2-Pc    ] 05
[T+7619805302us][CH1-Dispenser] 06
[T+7619805168us][CH2-Pc    ] 06
[T+7619969192us][CH2-Pc    ] 01
[T+7619976830us][CH1-Dispenser] 01 61
[T+7620047168us][CH2-Pc    ] 02
[T+7620057168us][CH1-Dispenser] 02 62
[T+7620125194us][CH2-Pc    ] 03
[T+7620132871us][CH1-Dispenser] 03 63
[T+7620203168us][CH2-Pc    ] 04
[T+7620208168us][CH1-Dispenser] 04 64
[T+7620284301us][CH1-Dispenser] 05
[T+7620284169us][CH2-Pc    ] 05
[T+7620458302us][CH1-Dispenser] 06
[T+7620458168us][CH2-Pc    ] 06
[T+7620633168us][CH2-Pc    ] 01
[T+7620640811us][CH1-Dispenser] 01 61
[T+7620711168us][CH2-Pc    ] 02
[T+7620716168us][CH1-Dispenser] 02 62
[T+7620789168us][CH2-Pc    ] 03
[T+7620799169us][CH1-Dispenser] 03 63
[T+7620867193us][CH2-Pc    ] 04
[T+7620873168us][CH1-Dispenser] 04 64
[T+7620946994us][CH1-Dispenser] 05
[T+7620946170us][CH2-Pc    ] 05
[T+7621110305us][CH1-Dispenser] 06
[T+7621110169us][CH2-Pc    ] 06
[T+7621285168us][CH2-Pc    ] 01
[T+7621291168us][CH1-Dispenser] 01 61
[T+7621363192us][CH2-Pc    ] 02
[T+7621370169us][CH1-Dispenser] 02 62
[T+7621441168us][CH2-Pc    ] 03
[T+7621449210us][CH1-Dispenser] 03 63
[T+7621519168us][CH2-Pc    ] 04
[T+7621529168us][CH1-Dispenser] 04 64
[T+7621597305us][CH1-Dispenser] 05
[T+7621597170us][CH2-Pc    ] 05
[T+7621772304us][CH1-Dispenser] 06
[T+7621772170us][CH2-Pc    ] 06
[T+7621947168us][CH2-Pc    ] 01
[T+7621950169us][CH1-Dispenser] 01 61
[T+7622015168us][CH2-Pc    ] 02
[T+7622021168us][CH1-Dispenser] 02 62
[T+7622092168us][CH2-Pc    ] 03
[T+7622098168us][CH1-Dispenser] 03 63
[T+7622170193us][CH2-Pc    ] 04
[T+7622179168us][CH1-Dispenser] 04 64
[T+7622248300us][CH1-Dispenser] 05
[T+7622248168us][CH2-Pc    ] 05
[T+7622423302us][CH1-Dispenser] 06
[T+7622423168us][CH2-Pc    ] 06
[T+7622598168us][CH2-Pc    ] 01
[T+7622606209us][CH1-Dispenser] 01 61
[T+7622676168us][CH2-Pc    ] 02
[T+7622682769us][CH1-Dispenser] 02 62
[T+7622754192us][CH2-Pc    ] 03
[T+7622763168us][CH1-Dispenser] 03 63
[T+7622832168us][CH2-Pc    ] 04
[T+7622838168us][CH1-Dispenser] 04 64
[T+7622910301us][CH1-Dispenser] 05
[T+7622910168us][CH2-Pc    ] 05
[T+7623085300us][CH1-Dispenser] 06
[T+7623085168us][CH2-Pc    ] 06
[T+7623249193us][CH2-Pc    ] 01
[T+7623257193us][CH1-Dispenser] 01 61
[T+7623327168us][CH2-Pc    ] 02
[T+7623336208us][CH1-Dispenser] 02 62
[T+7623406206us][CH2-Pc    ] 03
[T+7623414086us][CH1-Dispenser] 03 63
[T+7623484168us][CH2-Pc    ] 04
[T+7623494177us][CH1-Dispenser] 04 64
[T+7623577301us][CH1-Dispenser] 05
[T+7623577169us][CH2-Pc    ] 05
[T+7623749306us][CH1-Dispenser] 06
[T+7623749168us][CH2-Pc    ] 06
[T+7623924168us][CH2-Pc    ] 01
[T+7623932209us][CH1-Dispenser] 01 61
[T+7624002168us][CH2-Pc    ] 02
[T+7624012168us][CH1-Dispenser] 02 62
[T+7624080193us][CH2-Pc    ] 03
[T+7624089168us][CH1-Dispenser] 03 63
[T+7624158168us][CH2-Pc    ] 04
[T+7624165168us][CH1-Dispenser] 04 64
[T+7624237304us][CH1-Dispenser] 05
[T+7624237168us][CH2-Pc    ] 05
[T+7624411301us][CH1-Dispenser] 06
[T+7624411170us][CH2-Pc    ] 06
[T+7624586168us][CH2-Pc    ] 01
[T+7624592168us][CH1-Dispenser] 01 61
[T+7624664193us][CH2-Pc    ] 02
[T+7624671784us][CH1-Dispenser] 02 62
[T+7624742168us][CH2-Pc    ] 03
[T+7624749175us][CH1-Dispenser] 03 63
[T+7624821192us][CH2-Pc    ] 04
[T+7624828168us][CH1-Dispenser] 04 64
[T+7624901303us][CH1-Dispenser] 05
[T+7624901170us][CH2-Pc    ] 05
[T+7625081302us][CH1-Dispenser] 06
[T+7625081169us][CH2-Pc    ] 06
[T+7625256168us][CH2-Pc    ] 01
[T+7625260196us][CH1-Dispenser] 01 61
[T+7625324194us][CH2-Pc    ] 02
[T+7625333168us][CH1-Dispenser] 02 62
[T+7625402168us][CH2-Pc    ] 03
[T+7625408175us][CH1-Dispenser] 03 63
[T+7625480192us][CH2-Pc    ] 04
[T+7625487171us][CH1-Dispenser] 04 64
[T+7625558302us][CH1-Dispenser] 05
[T+7625558168us][CH2-Pc    ] 05
[T+7625743306us][CH1-Dispenser] 06
[T+7625743170us][CH2-Pc    ] 06
[T+7625907193us][CH2-Pc    ] 01
[T+7625916168us][CH1-Dispenser] 01 61
[T+7625986168us][CH2-Pc    ] 02
[T+7625992168us][CH1-Dispenser] 02 62
[T+7626064168us][CH2-Pc    ] 03
[T+7626067168us][CH1-Dispenser] 03 63
[T+7626131168us][CH2-Pc    ] 04
[T+7626143168us][CH1-Dispenser] 04 64
[T+7626209301us][CH1-Dispenser] 05
[T+7626209168us][CH2-Pc    ] 05
[T+7626384305us][CH1-Dispenser] 06
[T+7626384168us][CH2-Pc    ] 06
[T+7626548193us][CH2-Pc    ] 01
[T+7626556209us][CH1-Dispenser] 01 61
[T+7626626168us][CH2-Pc    ] 02
[T+7626632773us][CH1-Dispenser] 02 62
[T+7626704192us][CH2-Pc    ] 03
[T+7626713288us][CH1-Dispenser] 03 63
[T+7626782168us][CH2-Pc    ] 04
[T+7626788168us][CH1-Dispenser] 04 64
[T+7626860303us][CH1-Dispenser] 05
[T+7626860168us][CH2-Pc    ] 05
[T+7627035302us][CH1-Dispenser] 06
[T+7627035168us][CH2-Pc    ] 06
[T+7627210168us][CH2-Pc    ] 01
[T+7627217772us][CH1-Dispenser] 01 61
[T+7627288168us][CH2-Pc    ] 02
[T+7627296209us][CH1-Dispenser] 02 62
[T+7627366168us][CH2-Pc    ] 03
[T+7627374323us][CH1-Dispenser] 03 63
[T+7627444168us][CH2-Pc    ] 04
[T+7627455175us][CH1-Dispenser] 04 64
[T+7627523301us][CH1-Dispenser] 05
[T+7627523168us][CH2-Pc    ] 05
[T+7627687304us][CH1-Dispenser] 06
[T+7627687168us][CH2-Pc    ] 06
[T+7627861168us][CH2-Pc    ] 01
[T+7627866168us][CH1-Dispenser] 01 61
[T+7627929168us][CH2-Pc    ] 02
[T+7627936168us][CH1-Dispenser] 02 62
[T+7628007168us][CH2-Pc    ] 03
[T+7628013168us][CH1-Dispenser] 03 63
[T+7628085193us][CH2-Pc    ] 04
[T+7628093451us][CH1-Dispenser] 04 74
[T+7628112168us][CH2-Pc    ] 24
[T+7628118733us][CH1-Dispenser] 24 D4
[T+7628134298us][CH1-Dispenser] FF
[T+7628134169us][CH2-Pc    ] FF
[T+7628147307us][CH1-Dispenser] E9
[T+7628147172us][CH2-Pc    ] E9
[T+7628159301us][CH1-Dispenser] FE
[T+7628159169us][CH2-Pc    ] FE
[T+7628172305us][CH1-Dispenser] E0
[T+7628172170us][CH2-Pc    ] E0
[T+7628185299us][CH1-Dispenser] E1
[T+7628185168us][CH2-Pc    ] E1
[T+7628197304us][CH1-Dispenser] E0
[T+7628197168us][CH2-Pc    ] E0
[T+7628223301us][CH1-Dispenser] FB EE
[T+7628223169us][CH2-Pc    ] FB EE
[T+7628235168us][CH2-Pc    ] F0
[T+7628269168us][CH1-Dispenser] F0 BA B0 B3 B4 B0 B1 B0 B0 B0 B0 B1 B1 B1 B1 B1 B8 C1 8D 8A
[T+7628338301us][CH1-Dispenser] 05
[T+7628338169us][CH2-Pc    ] 05
[T+7628524302us][CH1-Dispenser] 06
[T+7628524170us][CH2-Pc    ] 06
[T+7628688193us][CH2-Pc    ] 01
[T+7628698168us][CH1-Dispenser] 01 61
[T+7628766193us][CH2-Pc    ] 02
[T+7628772175us][CH1-Dispenser] 02 62
[T+7628848196us][CH1-Dispenser] 03 63
[T+7628844196us][CH2-Pc    ] 03
[T+7628911168us][CH2-Pc    ] 04
[T+7628932192us][CH2-Pc    ] 24
[T+7628940193us][CH1-Dispenser] 04 74 24 D4
[T+7628965300us][CH1-Dispenser] FF E9
[T+7628965168us][CH2-Pc    ] FF E9
[T+7628987310us][CH1-Dispenser] FE
[T+7628987174us][CH2-Pc    ] FE
[T+7629019168us][CH2-Pc    ] E0 E1
[T+7629020168us][CH1-Dispenser] E0 E1
[T+7629032295us][CH1-Dispenser] E0
[T+7629032168us][CH2-Pc    ] E0
[T+7629045548us][CH1-Dispenser] FB
[T+7629045409us][CH2-Pc    ] FB
[T+7629059313us][CH1-Dispenser] EE
[T+7629059171us][CH2-Pc    ] EE
[T+7629070175us][CH2-Pc    ] F0
[T+7629102193us][CH1-Dispenser] F0 BA B0 B3 B4 B0 B1 B0 B0 B0 B0 B1 B1 B1 B1 B1 B8 C1 8D 8A
[T+7629173306us][CH1-Dispenser] 05
[T+7629173170us][CH2-Pc    ] 05
[T+7629348300us][CH1-Dispenser] 06
[T+7629348170us][CH2-Pc    ] 06
[T+7629523168us][CH2-Pc    ] 01
[T+7629533175us][CH1-Dispenser] 01 61
[T+7629601192us][CH2-Pc    ] 02
[T+7629606168us][CH1-Dispenser] 02 62
[T+7629679168us][CH2-Pc    ] 03
[T+7629684168us][CH1-Dispenser] 03 63
[T+7629757168us][CH2-Pc    ] 04
[T+7629763726us][CH1-Dispenser] 04 74
[T+7629784168us][CH2-Pc    ] 24
[T+7629806168us][CH1-Dispenser] 24 D4 FF
[T+7629806300us][CH2-Pc    ] FF
[T+7629818295us][CH1-Dispenser] E9
[T+7629818168us][CH2-Pc    ] E9
[T+7629831306us][CH1-Dispenser] FE
[T+7629831170us][CH2-Pc    ] FE
[T+7629844303us][CH1-Dispenser] E0
[T+7629844170us][CH2-Pc    ] E0
[T+7629857304us][CH1-Dispenser] E1
[T+7629857170us][CH2-Pc    ] E1
[T+7629869306us][CH1-Dispenser] E0
[T+7629869170us][CH2-Pc    ] E0
[T+7629882306us][CH1-Dispenser] FB
[T+7629882171us][CH2-Pc    ] FB
[T+7629895307us][CH1-Dispenser] EE
[T+7629895171us][CH2-Pc    ] EE
[T+7629907193us][CH2-Pc    ] F0
[T+7629936168us][CH1-Dispenser] F0 BA B0 B3 B4 B0 B1 B0 B0 B0 B0 B1 B1 B1 B1 B1 B8 C1 8D 8A
[T+7630009302us][CH1-Dispenser] 05
[T+7630009168us][CH2-Pc    ] 05
[T+7630173306us][CH1-Dispenser] 06
[T+7630173169us][CH2-Pc    ] 06
[T+7630348168us][CH2-Pc    ] 01
[T+7630356814us][CH1-Dispenser] 01 61
[T+7630426168us][CH2-Pc    ] 02
[T+7630432168us][CH1-Dispenser] 02 62
[T+7630504198us][CH2-Pc    ] 03
[T+7630509168us][CH1-Dispenser] 03 63
[T+7630582168us][CH2-Pc    ] 04
[T+7630588175us][CH1-Dispenser] 04 74
[T+7630609168us][CH2-Pc    ] 24
[T+7630631168us][CH1-Dispenser] 24 D4 FF
[T+7630631300us][CH2-Pc    ] FF
[T+7630644479us][CH1-Dispenser] E9
[T+7630644337us][CH2-Pc    ] E9
[T+7630656314us][CH1-Dispenser] FE
[T+7630656176us][CH2-Pc    ] FE
[T+7630671315us][CH1-Dispenser] E0
[T+7630671174us][CH2-Pc    ] E0
[T+7630682315us][CH1-Dispenser] E1
[T+7630682176us][CH2-Pc    ] E1
[T+7630697314us][CH1-Dispenser] E0
[T+7630697171us][CH2-Pc    ] E0
[T+7630710172us][CH1-Dispenser] FB
[T+7630710309us][CH2-Pc    ] FB
[T+7630723300us][CH1-Dispenser] EE
[T+7630723168us][CH2-Pc    ] EE
[T+7630736168us][CH2-Pc    ] F0
[T+7630766168us][CH1-Dispenser] F0 BA B0 B3 B4 B0 B1 B0 B0 B0 B0 B1 B1 B1 B1 B1 B8 C1 8D 8A
[T+7630837300us][CH1-Dispenser] 05
[T+7630837168us][CH2-Pc    ] 05
[T+7631004301us][CH1-Dispenser] 06
[T+7631004168us][CH2-Pc    ] 06
[T+7631179168us][CH2-Pc    ] 01
[T+7631187209us][CH1-Dispenser] 01 61
[T+7631257168us][CH2-Pc    ] 02
[T+7631262168us][CH1-Dispenser] 02 62
[T+7631335168us][CH2-Pc    ] 03
[T+7631343209us][CH1-Dispenser] 03 63
[T+7631413168us][CH2-Pc    ] 04
[T+7631419168us][CH1-Dispenser] 04 64
[T+7631491302us][CH1-Dispenser] 05
[T+7631491168us][CH2-Pc    ] 05
[T+7631655302us][CH1-Dispenser] 06
[T+7631655169us][CH2-Pc    ] 06
[T+7631831192us][CH2-Pc    ] 01
[T+7631837168us][CH1-Dispenser] 01 61
[T+7631909193us][CH2-Pc    ] 02
[T+7631916175us][CH1-Dispenser] 02 62
[T+7631987168us][CH2-Pc    ] 03
[T+7631994175us][CH1-Dispenser] 03 63
[T+7632065168us][CH2-Pc    ] 04
[T+7632073193us][CH1-Dispenser] 04 64
[T+7632144311us][CH1-Dispenser] 05
[T+7632144172us][CH2-Pc    ] 05
[T+7632319300us][CH1-Dispenser] 06
[T+7632319168us][CH2-Pc    ] 06
[T+7632493168us][CH2-Pc    ] 01
[T+7632502806us][CH1-Dispenser] 01 61
[T+7632571168us][CH2-Pc    ] 02
[T+7632576168us][CH1-Dispenser] 02 62
[T+7632650168us][CH2-Pc    ] 03
[T+7632660168us][CH1-Dispenser] 03 63
[T+7632728193us][CH2-Pc    ] 04
[T+7632732198us][CH1-Dispenser] 04 64
[T+7632806301us][CH1-Dispenser] 05
[T+7632806168us][CH2-Pc    ] 05
[T+7632975303us][CH1-Dispenser] 06
[T+7632975169us][CH2-Pc    ] 06
[T+7633149168us][CH2-Pc    ] 01
[T+7633158168us][CH1-Dispenser] 01 61
[T+7633239168us][CH2-Pc    ] 02
[T+7633246770us][CH1-Dispenser] 02 62
[T+7633318168us][CH2-Pc    ] 03
[T+7633324175us][CH1-Dispenser] 03 63
[T+7633396192us][CH2-Pc    ] 04
[T+7633406175us][CH1-Dispenser] 04 64
[T+7633474408us][CH1-Dispenser] 05
[T+7633474272us][CH2-Pc    ] 05
[T+7633649304us][CH1-Dispenser] 06
[T+7633649169us][CH2-Pc    ] 06
[T+7633817196us][CH1-Dispenser] 01 61
[T+7633813192us][CH2-Pc    ] 01
[T+7633891168us][CH2-Pc    ] 02
[T+7633897168us][CH1-Dispenser] 02 62
[T+7633969192us][CH2-Pc    ] 03
[T+7633974168us][CH1-Dispenser] 03 63
[T+7634047168us][CH2-Pc    ] 04
[T+7634053766us][CH1-Dispenser] 04 74
[T+7634085315us][CH1-Dispenser] 24 D4 FF
[T+7634085176us][CH2-Pc    ] 24 FF
[T+7634098300us][CH1-Dispenser] E9
[T+7634098168us][CH2-Pc    ] E9
[T+7634133302us][CH1-Dispenser] FE E0
[T+7634133169us][CH2-Pc    ] FE E0
[T+7634156301us][CH1-Dispenser] E1
[T+7634156168us][CH2-Pc    ] E1
[T+7634169305us][CH1-Dispenser] E0
[T+7634169170us][CH2-Pc    ] E0
[T+7634182318us][CH1-Dispenser] FB
[T+7634182178us][CH2-Pc    ] FB
[T+7634195360us][CH1-Dispenser] EE
[T+7634195219us][CH2-Pc    ] EE
[T+7634207176us][CH2-Pc    ] F0
[T+7634235192us][CH1-Dispenser] F0 BA B0 B3 B4 B0 B1 B0 B0 B0 B0 B1 B1 B1 B1 B2 B8 B9 8D 8A
[T+7634331301us][CH1-Dispenser] 05
[T+7634331168us][CH2-Pc    ] 05
[T+7634506304us][CH1-Dispenser] 06
[T+7634506170us][CH2-Pc    ] 06
[T+7634681168us][CH2-Pc    ] 01
[T+7634688168us][CH1-Dispenser] 01 61
[T+7634759168us][CH2-Pc    ] 02
[T+7634767209us][CH1-Dispenser] 02 62
[T+7634838168us][CH2-Pc    ] 03
[T+7634844175us][CH1-Dispenser] 03 63
[T+7634916193us][CH2-Pc    ] 04
[T+7634923168us][CH1-Dispenser] 04 74
[T+7634943192us][CH2-Pc    ] 24
[T+7634949168us][CH1-Dispenser] 24 D4
[T+7634965294us][CH1-Dispenser] FF
[T+7634965168us][CH2-Pc    ] FF
[T+7634978176us][CH1-Dispenser] E9
[T+7634978313us][CH2-Pc    ] E9
[T+7634990316us][CH1-Dispenser] FE
[T+7634990176us][CH2-Pc    ] FE
[T+7635003316us][CH1-Dispenser] E0
[T+7635003176us][CH2-Pc    ] E0
[T+7635016317us][CH1-Dispenser] E1
[T+7635016177us][CH2-Pc    ] E1
[T+7635028310us][CH1-Dispenser] E0
[T+7635028176us][CH2-Pc    ] E0
[T+7635041318us][CH1-Dispenser] FB
[T+7635041176us][CH2-Pc    ] FB
[T+7635056314us][CH1-Dispenser] EE
[T+7635056175us][CH2-Pc    ] EE
[T+7635067174us][CH2-Pc    ] F0
[T+7635096168us][CH1-Dispenser] F0 BA B0 B3 B4 B0 B1 B0 B0 B0 B0 B1 B1 B1 B1 B2 B8 B9 8D 8A
[T+7635167301us][CH1-Dispenser] 05
[T+7635167168us][CH2-Pc    ] 05
[T+7635353301us][CH1-Dispenser] 06
[T+7635353168us][CH2-Pc    ] 06
[T+7635517193us][CH2-Pc    ] 01
[T+7635524168us][CH1-Dispenser] 01 61
[T+7635595168us][CH2-Pc    ] 02
[T+7635601168us][CH1-Dispenser] 02 62
[T+7635666168us][CH2-Pc    ] 03
[T+7635673168us][CH1-Dispenser] 03 63
[T+7635744168us][CH2-Pc    ] 04
[T+7635749168us][CH1-Dispenser] 04 74
[T+7635772168us][CH2-Pc    ] 24
[T+7635779177us][CH1-Dispenser] 24 D4
[T+7635805303us][CH1-Dispenser] FF E9
[T+7635805168us][CH2-Pc    ] FF E9
[T+7635818302us][CH1-Dispenser] FE
[T+7635818169us][CH2-Pc    ] FE
[T+7635831520us][CH1-Dispenser] E0
[T+7635831374us][CH2-Pc    ] E0
[T+7635844404us][CH1-Dispenser] E1
[T+7635844264us][CH2-Pc    ] E1
[T+7635856316us][CH1-Dispenser] E0
[T+7635856176us][CH2-Pc    ] E0
[T+7635870169us][CH1-Dispenser] FB
[T+7635869171us][CH2-Pc    ] FB
[T+7635882300us][CH1-Dispenser] EE
[T+7635882169us][CH2-Pc    ] EE
[T+7635895168us][CH2-Pc    ] F0
[T+7635927192us][CH1-Dispenser] F0 BA B0 B3 B4 B0 B1 B0 B0 B0 B0 B1 B1 B1 B1 B2 B8 B9 8D 8A
[T+7635996301us][CH1-Dispenser] 05
[T+7635996168us][CH2-Pc    ] 05
[T+7636173302us][CH1-Dispenser] 06
[T+7636173169us][CH2-Pc    ] 06
[T+7636348168us][CH2-Pc    ] 01
[T+7636353168us][CH1-Dispenser] 01 61
[T+7636426168us][CH2-Pc    ] 02
[T+7636432168us][CH1-Dispenser] 02 62
[T+7636504192us][CH2-Pc    ] 03
[T+7636509168us][CH1-Dispenser] 03 63
[T+7636582168us][CH2-Pc    ] 04
[T+7636590209us][CH1-Dispenser] 04 74
[T+7636620300us][CH1-Dispenser] 24 D4 FF
[T+7636620168us][CH2-Pc    ] 24 FF
[T+7636633299us][CH1-Dispenser] E9
[T+7636633168us][CH2-Pc    ] E9
[T+7636645300us][CH1-Dispenser] FE
[T+7636645168us][CH2-Pc    ] FE
[T+7636658299us][CH1-Dispenser] E0
[T+7636658169us][CH2-Pc    ] E0
[T+7636671417us][CH1-Dispenser] E1
[T+7636671276us][CH2-Pc    ] E1
[T+7636684316us][CH1-Dispenser] E0
[T+7636684176us][CH2-Pc    ] E0
[T+7636696316us][CH1-Dispenser] FB
[T+7636696176us][CH2-Pc    ] FB
[T+7636709310us][CH1-Dispenser] EE
[T+7636709171us][CH2-Pc    ] EE
[T+7636722168us][CH2-Pc    ] F0
[T+7636750195us][CH1-Dispenser] F0 BA B0 B3 B4 B0 B1 B0 B0 B0 B0 B1 B1 B1 B1 B2 B8 B9 8D 8A
[T+7636824300us][CH1-Dispenser] 05
[T+7636824168us][CH2-Pc    ] 05
[T+7636999304us][CH1-Dispenser] 06
[T+7636999169us][CH2-Pc    ] 06
[T+7637174168us][CH2-Pc    ] 01
[T+7637182169us][CH1-Dispenser] 01 61
[T+7637252168us][CH2-Pc    ] 02
[T+7637257168us][CH1-Dispenser] 02 62
[T+7637330168us][CH2-Pc    ] 03
[T+7637340172us][CH1-Dispenser] 03 63
[T+7637408193us][CH2-Pc    ] 04
[T+7637414804us][CH1-Dispenser] 04 74
[T+7637435168us][CH2-Pc    ] 24
[T+7637444984us][CH1-Dispenser] 24 D4
[T+7637457303us][CH1-Dispenser] FF
[T+7637457169us][CH2-Pc    ] FF
[T+7637470316us][CH1-Dispenser] E9
[T+7637470176us][CH2-Pc    ] E9
[T+7637482298us][CH1-Dispenser] FE
[T+7637482169us][CH2-Pc    ] FE
[T+7637495304us][CH1-Dispenser] E0
[T+7637495169us][CH2-Pc    ] E0
[T+7637509300us][CH1-Dispenser] E1
[T+7637509170us][CH2-Pc    ] E1
[T+7637521176us][CH1-Dispenser] E0
[T+7637521316us][CH2-Pc    ] E0
[T+7637533453us][CH1-Dispenser] FB
[T+7637533314us][CH2-Pc    ] FB
[T+7637546295us][CH1-Dispenser] EE
[T+7637546168us][CH2-Pc    ] EE
[T+7637559168us][CH2-Pc    ] F0
[T+7637586168us][CH1-Dispenser] F0 BA B0 B3 B4 B0 B1 B0 B0 B0 B0 B1 B1 B1 B1 B2 B8 B9 8D 8A
[T+7637651303us][CH1-Dispenser] 05
[T+7637651168us][CH2-Pc    ] 05
[T+7637837301us][CH1-Dispenser] 06
[T+7637837168us][CH2-Pc    ] 06
[T+7638001193us][CH2-Pc    ] 01
[T+7638009236us][CH1-Dispenser] 01 61
[T+7638079168us][CH2-Pc    ] 02
[T+7638088168us][CH1-Dispenser] 02 62
[T+7638157168us][CH2-Pc    ] 03
[T+7638163175us][CH1-Dispenser] 03 63
[T+7638235193us][CH2-Pc    ] 04
[T+7638244807us][CH1-Dispenser] 04 74
[T+7638263168us][CH2-Pc    ] 24
[T+7638271815us][CH1-Dispenser] 24 D4
[T+7638293301us][CH1-Dispenser] FF E9
[T+7638293168us][CH2-Pc    ] FF E9
[T+7638306303us][CH1-Dispenser] FE
[T+7638306170us][CH2-Pc    ] FE
[T+7638319177us][CH1-Dispenser] E0
[T+7638319317us][CH2-Pc    ] E0
[T+7638331176us][CH1-Dispenser] E1
[T+7638331318us][CH2-Pc    ] E1
[T+7638344317us][CH1-Dispenser] E0
[T+7638344176us][CH2-Pc    ] E0
[T+7638357168us][CH1-Dispenser] FB
[T+7638356175us][CH2-Pc    ] FB
[T+7638369315us][CH1-Dispenser] EE
[T+7638369176us][CH2-Pc    ] EE
[T+7638382168us][CH2-Pc    ] F0
[T+7638412168us][CH1-Dispenser] F0 BA B0 B3 B4 B0 B1 B0 B0 B0 B0 B1 B1 B1 B1 B2 B8 B9 8D 8A
[T+7638484301us][CH1-Dispenser] 05
[T+7638484168us][CH2-Pc    ] 05
[T+7638659302us][CH1-Dispenser] 06
[T+7638659169us][CH2-Pc    ] 06
[T+7638834168us][CH2-Pc    ] 01
[T+7638845571us][CH1-Dispenser] 01 61
[T+7638912168us][CH2-Pc    ] 02
[T+7638917168us][CH1-Dispenser] 02 62
[T+7638990168us][CH2-Pc    ] 03
[T+7638999168us][CH1-Dispenser] 03 63
[T+7639068168us][CH2-Pc    ] 04
[T+7639073168us][CH1-Dispenser] 04 74
[T+7639096168us][CH2-Pc    ] 24
[T+7639104323us][CH1-Dispenser] 24 D4
[T+7639117299us][CH1-Dispenser] FF
[T+7639117169us][CH2-Pc    ] FF
[T+7639130307us][CH1-Dispenser] E9
[T+7639130172us][CH2-Pc    ] E9
[T+7639142316us][CH1-Dispenser] FE
[T+7639142176us][CH2-Pc    ] FE
[T+7639168300us][CH1-Dispenser] E0 E1
[T+7639168168us][CH2-Pc    ] E0 E1
[T+7639181316us][CH1-Dispenser] E0
[T+7639181177us][CH2-Pc    ] E0
[T+7639194173us][CH1-Dispenser] FB
[T+7639194314us][CH2-Pc    ] FB
[T+7639207309us][CH1-Dispenser] EE
[T+7639207171us][CH2-Pc    ] EE
[T+7639219194us][CH2-Pc    ] F0
[T+7639246172us][CH1-Dispenser] F0 BA B0 B3 B4 B0 B1 B0 B0 B0 B0 B1 B0 B0 B1 B2 B9 C1 8D 8A
[T+7639310302us][CH1-Dispenser] 05
[T+7639310171us][CH2-Pc    ] 05
[T+7639485304us][CH1-Dispenser] 06
[T+7639485168us][CH2-Pc    ] 06
[T+7639660168us][CH2-Pc    ] 01
[T+7639672998us][CH1-Dispenser] 01 61
[T+7639738168us][CH2-Pc    ] 02
[T+7639748168us][CH1-Dispenser] 02 62
[T+7639816193us][CH2-Pc    ] 03
[T+7639825813us][CH1-Dispenser] 03 63
[T+7639895168us][CH2-Pc    ] 04
[T+7639900168us][CH1-Dispenser] 04 64
[T+7639973301us][CH1-Dispenser] 05
[T+7639973169us][CH2-Pc    ] 05
[T+7640147305us][CH1-Dispenser] 06
[T+7640147170us][CH2-Pc    ] 06
[T+7640311192us][CH2-Pc    ] 01
[T+7640317168us][CH1-Dispenser] 01 61
[T+7640390168us][CH2-Pc    ] 02
[T+7640398929us][CH1-Dispenser] 02 62
[T+7640473207us][CH1-Dispenser] 03 63
[T+7640468840us][CH2-Pc    ] 03
[T+7640546168us][CH2-Pc    ] 04
[T+7640554193us][CH1-Dispenser] 04 64
[T+7640624302us][CH1-Dispenser] 05
[T+7640624168us][CH2-Pc    ] 05
[T+7640799302us][CH1-Dispenser] 06
[T+7640799168us][CH2-Pc    ] 06
[T+7640974168us][CH2-Pc    ] 01
[T+7640982210us][CH1-Dispenser] 01 61
[T+7641057168us][CH2-Pc    ] 02
[T+7641065660us][CH1-Dispenser] 02 62
[T+7641135168us][CH2-Pc    ] 03
[T+7641142175us][CH1-Dispenser] 03 63
[T+7641213168us][CH2-Pc    ] 04
[T+7641219168us][CH1-Dispenser] 04 64
[T+7641291301us][CH1-Dispenser] 05
[T+7641291169us][CH2-Pc    ] 05
[T+7641476303us][CH1-Dispenser] 06
[T+7641476169us][CH2-Pc    ] 06
[T+7641641168us][CH2-Pc    ] 01
[T+7641646168us][CH1-Dispenser] 01 61
[T+7641719168us][CH2-Pc    ] 02
[T+7641729172us][CH1-Dispenser] 02 62
[T+7641797192us][CH2-Pc    ] 03
[T+7641805209us][CH1-Dispenser] 03 63
[T+7641875332us][CH2-Pc    ] 04
[T+7641884811us][CH1-Dispenser] 04 74
[T+7641902168us][CH2-Pc    ] 24
[T+7641911774us][CH1-Dispenser] 24 D4
[T+7641924304us][CH1-Dispenser] FF
[T+7641924169us][CH2-Pc    ] FF
[T+7641936175us][CH2-Pc    ] E9
[T+7641937169us][CH1-Dispenser] E9
[T+7641950170us][CH1-Dispenser] FE
[T+7641950308us][CH2-Pc    ] FE
[T+7641962316us][CH1-Dispenser] E0
[T+7641962176us][CH2-Pc    ] E0
[T+7641974309us][CH1-Dispenser] E1
[T+7641974171us][CH2-Pc    ] E1
[T+7641987298us][CH1-Dispenser] E0
[T+7641987168us][CH2-Pc    ] E0
[T+7642000298us][CH1-Dispenser] FB
[T+7642000168us][CH2-Pc    ] FB
[T+7642013651us][CH1-Dispenser] EE
[T+7642013510us][CH2-Pc    ] EE
[T+7642026168us][CH2-Pc    ] F0
[T+7642057168us][CH1-Dispenser] F0 BA B0 B3 B4 B0 B1 B0 B0 B0 B0 B1 B1 B1 B1 B3 B8 B8 8D 8A
[T+7642129307us][CH1-Dispenser] 05
[T+7642129170us][CH2-Pc    ] 05
[T+7642304302us][CH1-Dispenser] 06
[T+7642304168us][CH2-Pc    ] 06
[T+7642468193us][CH2-Pc    ] 01
[T+7642474168us][CH1-Dispenser] 01 61
[T+7642546193us][CH2-Pc    ] 02
[T+7642553175us][CH1-Dispenser] 02 62
[T+7642624168us][CH2-Pc    ] 03
[T+7642630175us][CH1-Dispenser] 03 63
[T+7642702192us][CH2-Pc    ] 04
[T+7642709168us][CH1-Dispenser] 04 74
[T+7642729192us][CH2-Pc    ] 24
[T+7642735168us][CH1-Dispenser] 24 D4
[T+7642751304us][CH1-Dispenser] FF
[T+7642751168us][CH2-Pc    ] FF
[T+7642775302us][CH1-Dispenser] E9 FE
[T+7642775168us][CH2-Pc    ] E9 FE
[T+7642789315us][CH1-Dispenser] E0
[T+7642789176us][CH2-Pc    ] E0
[T+7642802303us][CH1-Dispenser] E1
[T+7642802170us][CH2-Pc    ] E1
[T+7642814318us][CH1-Dispenser] E0
[T+7642814177us][CH2-Pc    ] E0
[T+7642827316us][CH1-Dispenser] FB
[T+7642827177us][CH2-Pc    ] FB
[T+7642840313us][CH1-Dispenser] EE
[T+7642840176us][CH2-Pc    ] EE
[T+7642852175us][CH2-Pc    ] F0
[T+7642882168us][CH1-Dispenser] F0 BA B0 B3 B4 B0 B1 B0 B0 B0 B0 B1 B1 B1 B1 B3 B8 B8 8D 8A
[T+7642959303us][CH1-Dispenser] 05
[T+7642959168us][CH2-Pc    ] 05
[T+7643134302us][CH1-Dispenser] 06
[T+7643134168us][CH2-Pc    ] 06
[T+7643298192us][CH2-Pc    ] 01
[T+7643302199us][CH1-Dispenser] 01 61
[T+7643376169us][CH2-Pc    ] 02
[T+7643382168us][CH1-Dispenser] 02 62
[T+7643454193us][CH2-Pc    ] 03
[T+7643459168us][CH1-Dispenser] 03 63
[T+7643532168us][CH2-Pc    ] 04
[T+7643542168us][CH1-Dispenser] 04 74
[T+7643559168us][CH2-Pc    ] 24
[T+7643565710us][CH1-Dispenser] 24 D4
[T+7643581303us][CH1-Dispenser] FF
[T+7643581169us][CH2-Pc    ] FF
[T+7643594313us][CH1-Dispenser] E9
[T+7643594174us][CH2-Pc    ] E9
[T+7643606301us][CH1-Dispenser] FE
[T+7643606168us][CH2-Pc    ] FE
[T+7643619302us][CH1-Dispenser] E0
[T+7643619168us][CH2-Pc    ] E0
[T+7643632316us][CH1-Dispenser] E1
[T+7643632176us][CH2-Pc    ] E1
[T+7643644448us][CH1-Dispenser] E0
[T+7643644308us][CH2-Pc    ] E0
[T+7643657317us][CH1-Dispenser] FB
[T+7643657177us][CH2-Pc    ] FB
[T+7643670308us][CH1-Dispenser] EE
[T+7643670171us][CH2-Pc    ] EE
[T+7643683168us][CH2-Pc    ] F0
[T+7643711193us][CH1-Dispenser] F0 BA B0 B3 B4 B0 B1 B0 B0 B0 B0 B1 B1 B1 B1 B3 B8 B8 8D 8A
[T+7643784301us][CH1-Dispenser] 05
[T+7643784168us][CH2-Pc    ] 05
[T+7643959301us][CH1-Dispenser] 06
[T+7643959168us][CH2-Pc    ] 06
[T+7644134168us][CH2-Pc    ] 01
[T+7644142209us][CH1-Dispenser] 01 61
[T+7644212168us][CH2-Pc    ] 02
[T+7644218779us][CH1-Dispenser] 02 62
[T+7644290391us][CH2-Pc    ] 03
[T+7644296168us][CH1-Dispenser] 03 63
[T+7644368168us][CH2-Pc    ] 04
[T+7644374168us][CH1-Dispenser] 04 74
[T+7644395168us][CH2-Pc    ] 24
[T+7644417169us][CH1-Dispenser] 24 D4 FF
[T+7644417301us][CH2-Pc    ] FF
[T+7644430305us][CH1-Dispenser] E9
[T+7644430171us][CH2-Pc    ] E9
[T+7644442302us][CH1-Dispenser] FE
[T+7644442168us][CH2-Pc    ] FE
[T+7644468305us][CH1-Dispenser] E0 E1
[T+7644468170us][CH2-Pc    ] E0 E1
[T+7644480316us][CH1-Dispenser] E0
[T+7644480176us][CH2-Pc    ] E0
[T+7644494309us][CH1-Dispenser] FB
[T+7644494171us][CH2-Pc    ] FB
[T+7644506299us][CH1-Dispenser] EE
[T+7644506168us][CH2-Pc    ] EE
[T+7644518192us][CH2-Pc    ] F0
[T+7644547168us][CH1-Dispenser] F0 BA B0 B3 B4 B0 B1 B0 B0 B0 B0 B1 B1 B1 B1 B3 B8 B8 8D 8A
[T+7644620301us][CH1-Dispenser] 05
[T+7644620168us][CH2-Pc    ] 05
[T+7644806302us][CH1-Dispenser] 06
[T+7644806170us][CH2-Pc    ] 06
[T+7644970192us][CH2-Pc    ] 01
[T+7644978193us][CH1-Dispenser] 01 61
[T+7645048168us][CH2-Pc    ] 02
[T+7645052196us][CH1-Dispenser] 02 62
[T+7645115168us][CH2-Pc    ] 03
[T+7645124168us][CH1-Dispenser] 03 63
[T+7645193168us][CH2-Pc    ] 04
[T+7645199168us][CH1-Dispenser] 04 74
[T+7645220168us][CH2-Pc    ] 24
[T+7645228209us][CH1-Dispenser] 24 D4
[T+7645242300us][CH1-Dispenser] FF
[T+7645242168us][CH2-Pc    ] FF
[T+7645256171us][CH1-Dispenser] E9
[T+7645256311us][CH2-Pc    ] E9
[T+7645268168us][CH1-Dispenser] FE
[T+7645267180us][CH2-Pc    ] FE
[T+7645285303us][CH1-Dispenser] E0
[T+7645285169us][CH2-Pc    ] E0
[T+7645298302us][CH1-Dispenser] E1
[T+7645298168us][CH2-Pc    ] E1
[T+7645311305us][CH1-Dispenser] E0
[T+7645311170us][CH2-Pc    ] E0
[T+7645323313us][CH1-Dispenser] FB
[T+7645323171us][CH2-Pc    ] FB
[T+7645336315us][CH1-Dispenser] EE
[T+7645336175us][CH2-Pc    ] EE
[T+7645349169us][CH2-Pc    ] F0
[T+7645376168us][CH1-Dispenser] F0 BA B0 B3 B4 B0 B1 B0 B0 B0 B0 B1 B1 B1 B1 B3 B8 B8 8D 8A
[T+7645440304us][CH1-Dispenser] 05
[T+7645440168us][CH2-Pc    ] 05
[T+7645615302us][CH1-Dispenser] 06
[T+7645615168us][CH2-Pc    ] 06
[T+7645790168us][CH2-Pc    ] 01
[T+7645798209us][CH1-Dispenser] 01 61
[T+7645868168us][CH2-Pc    ] 02
[T+7645872196us][CH1-Dispenser] 02 62
[T+7645935168us][CH2-Pc    ] 03
[T+7645945168us][CH1-Dispenser] 03 63
[T+7646017193us][CH2-Pc    ] 04
[T+7646025240us][CH1-Dispenser] 04 64
[T+7646095302us][CH1-Dispenser] 05
[T+7646095170us][CH2-Pc    ] 05
[T+7646269301us][CH1-Dispenser] 06
[T+7646269168us][CH2-Pc    ] 06
[T+7646444168us][CH2-Pc    ] 01
[T+7646452209us][CH1-Dispenser] 01 61
[T+7646522168us][CH2-Pc    ] 02
[T+7646530329us][CH1-Dispenser] 02 62
[T+7646600168us][CH2-Pc    ] 03
[T+7646611168us][CH1-Dispenser] 03 63
[T+7646678168us][CH2-Pc    ] 04
[T+7646684169us][CH1-Dispenser] 04 64
[T+7646757301us][CH1-Dispenser] 05
[T+7646757168us][CH2-Pc    ] 05
[T+7646921303us][CH1-Dispenser] 06
[T+7646921169us][CH2-Pc    ] 06
[T+7647107168us][CH2-Pc    ] 01
[T+7647113168us][CH1-Dispenser] 01 61
[T+7647185193us][CH2-Pc    ] 02
[T+7647193209us][CH1-Dispenser] 02 62
[T+7647264168us][CH2-Pc    ] 03
[T+7647270175us][CH1-Dispenser] 03 63
[T+7647343168us][CH2-Pc    ] 04
[T+7647353339us][CH1-Dispenser] 04 64
[T+7647421301us][CH1-Dispenser] 05
[T+7647421168us][CH2-Pc    ] 05
[T+7647596301us][CH1-Dispenser] 06
[T+7647596168us][CH2-Pc    ] 06
[T+7647771168us][CH2-Pc    ] 01
[T+7647778168us][CH1-Dispenser] 01 61
[T+7647848168us][CH2-Pc    ] 02
[T+7647852196us][CH1-Dispenser] 02 62
[T+7647916195us][CH2-Pc    ] 03
[T+7647926172us][CH1-Dispenser] 03 63
[T+7647994194us][CH2-Pc    ] 04
[T+7647999168us][CH1-Dispenser] 04 64
[T+7648072301us][CH1-Dispenser] 05
[T+7648072168us][CH2-Pc    ] 05
[T+7648258302us][CH1-Dispenser] 06
[T+7648258168us][CH2-Pc    ] 06
[T+7648428168us][CH2-Pc    ] 01
[T+7648434175us][CH1-Dispenser] 01 61
[T+7648517168us][CH2-Pc    ] 02
[T+7648522867us][CH1-Dispenser] 02 62
[T+7648594193us][CH2-Pc    ] 03
[T+7648600177us][CH1-Dispenser] 03 63
[T+7648673168us][CH2-Pc    ] 04
[T+7648679168us][CH1-Dispenser] 04 64
[T+7648751301us][CH1-Dispenser] 05
[T+7648751168us][CH2-Pc    ] 05
[T+7648926301us][CH1-Dispenser] 06
[T+7648926168us][CH2-Pc    ] 06
[T+7649100168us][CH2-Pc    ] 01
[T+7649108853us][CH1-Dispenser] 01 61
[T+7649178168us][CH2-Pc    ] 02
[T+7649184168us][CH1-Dispenser] 02 62
[T+7649257168us][CH2-Pc    ] 03
[T+7649265209us][CH1-Dispenser] 03 63
[T+7649335168us][CH2-Pc    ] 04
[T+7649340168us][CH1-Dispenser] 04 64
[T+7649413301us][CH1-Dispenser] 05
[T+7649413169us][CH2-Pc    ] 05
[T+7649577300us][CH1-Dispenser] 06
[T+7649577168us][CH2-Pc    ] 06
[T+7649752176us][CH2-Pc    ] 01
[T+7649759480us][CH1-Dispenser] 01 61
[T+7649830168us][CH2-Pc    ] 02
[T+7649838813us][CH1-Dispenser] 02 62
[T+7649908168us][CH2-Pc    ] 03
[T+7649915851us][CH1-Dispenser] 03 63
[T+7649986168us][CH2-Pc    ] 04
[T+7649994209us][CH1-Dispenser] 04 64
[T+7650064305us][CH1-Dispenser] 05
[T+7650064169us][CH2-Pc    ] 05
[T+7650239304us][CH1-Dispenser] 06
[T+7650239168us][CH2-Pc    ] 06
[T+7650414168us][CH2-Pc    ] 01
[T+7650423168us][CH1-Dispenser] 01 61
[T+7650492168us][CH2-Pc    ] 02
[T+7650498168us][CH1-Dispenser] 02 62
[T+7650570193us][CH2-Pc    ] 03
[T+7650574198us][CH1-Dispenser] 03 63
[T+7650637168us][CH2-Pc    ] 04
[T+7650644314us][CH1-Dispenser] 04 64
[T+7650716301us][CH1-Dispenser] 05
[T+7650716169us][CH2-Pc    ] 05
[T+7650890300us][CH1-Dispenser] 06
[T+7650890168us][CH2-Pc    ] 06
[T+7651065168us][CH2-Pc    ] 01
[T+7651072175us][CH1-Dispenser] 01 61
[T+7651143168us][CH2-Pc    ] 02
[T+7651148818us][CH1-Dispenser] 02 62
[T+7651221168us][CH2-Pc    ] 03
[T+7651230812us][CH1-Dispenser] 03 63
[T+7651299168us][CH2-Pc    ] 04
[T+7651304168us][CH1-Dispenser] 04 64
[T+7651378299us][CH1-Dispenser] 05
[T+7651378169us][CH2-Pc    ] 05
[T+7651552305us][CH1-Dispenser] 06
[T+7651552168us][CH2-Pc    ] 06
[T+7651727168us][CH2-Pc    ] 01
[T+7651733815us][CH1-Dispenser] 01 61
[T+7651805168us][CH2-Pc    ] 02
[T+7651813209us][CH1-Dispenser] 02 62
[T+7651883168us][CH2-Pc    ] 03
[T+7651890168us][CH1-Dispenser] 03 63
[T+7651962192us][CH2-Pc    ] 04
[T+7651969815us][CH1-Dispenser] 04 64
[T+7652040301us][CH1-Dispenser] 05
[T+7652040170us][CH2-Pc    ] 05
[T+7652204302us][CH1-Dispenser] 06
[T+7652204168us][CH2-Pc    ] 06
[T+7652379168us][CH2-Pc    ] 01
[T+7652384168us][CH1-Dispenser] 01 61
[T+7652457168us][CH2-Pc    ] 02
[T+7652463175us][CH1-Dispenser] 02 62
[T+7652535193us][CH2-Pc    ] 03
[T+7652540168us][CH1-Dispenser] 03 63
[T+7652613168us][CH2-Pc    ] 04
[T+7652622013us][CH1-Dispenser] 04 64
[T+7652691300us][CH1-Dispenser] 05
[T+7652691168us][CH2-Pc    ] 05
[T+7652866302us][CH1-Dispenser] 06
[T+7652866170us][CH2-Pc    ] 06
[T+7653035168us][CH2-Pc    ] 01
[T+7653043866us][CH1-Dispenser] 01 61
[T+7653113168us][CH2-Pc    ] 02
[T+7653117196us][CH1-Dispenser] 02 62
[T+7653180168us][CH2-Pc    ] 03
[T+7653185168us][CH1-Dispenser] 03 63
[T+7653259168us][CH2-Pc    ] 04
[T+7653264814us][CH1-Dispenser] 04 64
[T+7653338304us][CH1-Dispenser] 05
[T+7653338170us][CH2-Pc    ] 05
[T+7653523303us][CH1-Dispenser] 06
[T+7653523168us][CH2-Pc    ] 06
[T+7653687192us][CH2-Pc    ] 01
[T+7653694168us][CH1-Dispenser] 01 61
[T+7653766193us][CH2-Pc    ] 02
[T+7653773175us][CH1-Dispenser] 02 62
[T+7653843168us][CH2-Pc    ] 03
[T+7653850187us][CH1-Dispenser] 03 63
[T+7653922168us][CH2-Pc    ] 04
[T+7653929168us][CH1-Dispenser] 04 64
[T+7654000301us][CH1-Dispenser] 05
[T+7654000168us][CH2-Pc    ] 05
[T+7654174303us][CH1-Dispenser] 06
[T+7654174171us][CH2-Pc    ] 06
[T+7654350168us][CH2-Pc    ] 01
[T+7654359168us][CH1-Dispenser] 01 61
[T+7654428168us][CH2-Pc    ] 02
[T+7654433168us][CH1-Dispenser] 02 62
[T+7654496168us][CH2-Pc    ] 03
[T+7654504209us][CH1-Dispenser] 03 63
[T+7654574175us][CH2-Pc    ] 04
[T+7654580168us][CH1-Dispenser] 04 64
[T+7654652304us][CH1-Dispenser] 05
[T+7654652170us][CH2-Pc    ] 05
[T+7654827301us][CH1-Dispenser] 06
[T+7654827168us][CH2-Pc    ] 06
[T+7655002168us][CH2-Pc    ] 01
[T+7655009809us][CH1-Dispenser] 01 61
[T+7655080168us][CH2-Pc    ] 02
[T+7655088683us][CH1-Dispenser] 02 62
[T+7655158168us][CH2-Pc    ] 03
[T+7655165692us][CH1-Dispenser] 03 63
[T+7655236168us][CH2-Pc    ] 04
[T+7655247175us][CH1-Dispenser] 04 64
[T+7655314303us][CH1-Dispenser] 05
[T+7655314168us][CH2-Pc    ] 05
[T+7655489311us][CH1-Dispenser] 06
[T+7655489171us][CH2-Pc    ] 06
[T+7655664168us][CH2-Pc    ] 01
[T+7655669168us][CH1-Dispenser] 01 61
[T+7655742168us][CH2-Pc    ] 02
[T+7655748168us][CH1-Dispenser] 02 62
[T+7655820194us][CH2-Pc    ] 03
[T+7655825168us][CH1-Dispenser] 03 63
[T+7655898168us][CH2-Pc    ] 04
[T+7655906780us][CH1-Dispenser] 04 64
[T+7655976300us][CH1-Dispenser] 05
[T+7655976168us][CH2-Pc    ] 05
[T+7656140318us][CH1-Dispenser] 06
[T+7656140177us][CH2-Pc    ] 06
[T+7656315168us][CH2-Pc    ] 01
[T+7656325168us][CH1-Dispenser] 01 61
[T+7656393193us][CH2-Pc    ] 02
[T+7656398168us][CH1-Dispenser] 02 62
[T+7656471168us][CH2-Pc    ] 03
[T+7656479865us][CH1-Dispenser] 03 63
[T+7656550168us][CH2-Pc    ] 04
[T+7656555168us][CH1-Dispenser] 04 64
[T+7656628306us][CH1-Dispenser] 05
[T+7656628170us][CH2-Pc    ] 05
[T+7656802302us][CH1-Dispenser] 06
[T+7656802168us][CH2-Pc    ] 06
[T+7656980168us][CH2-Pc    ] 01
[T+7656989212us][CH1-Dispenser] 01 61
[T+7657058168us][CH2-Pc    ] 02
[T+7657063168us][CH1-Dispenser] 02 62
[T+7657136168us][CH2-Pc    ] 03
[T+7657146168us][CH1-Dispenser] 03 63
[T+7657215168us][CH2-Pc    ] 04
[T+7657221168us][CH1-Dispenser] 04 64
[T+7657293300us][CH1-Dispenser] 05
[T+7657293168us][CH2-Pc    ] 05
[T+7657467303us][CH1-Dispenser] 06
[T+7657467169us][CH2-Pc    ] 06
[T+7657642168us][CH2-Pc    ] 01
[T+7657649814us][CH1-Dispenser] 01 61
[T+7657720168us][CH2-Pc    ] 02
[T+7657728738us][CH1-Dispenser] 02 62
[T+7657799168us][CH2-Pc    ] 03
[T+7657805168us][CH1-Dispenser] 03 63
[T+7657878168us][CH2-Pc    ] 04
[T+7657884168us][CH1-Dispenser] 04 64
[T+7657956301us][CH1-Dispenser] 05
[T+7657956169us][CH2-Pc    ] 05
[T+7658130304us][CH1-Dispenser] 06
[T+7658130169us][CH2-Pc    ] 06
[T+7658305168us][CH2-Pc    ] 01
[T+7658314168us][CH1-Dispenser] 01 61
[T+7658383168us][CH2-Pc    ] 02
[T+7658388803us][CH1-Dispenser] 02 62
[T+7658451168us][CH2-Pc    ] 03
[T+7658459197us][CH1-Dispenser] 03 63
[T+7658529168us][CH2-Pc    ] 04
[T+7658535168us][CH1-Dispenser] 04 64
[T+7658607301us][CH1-Dispenser] 05
[T+7658607168us][CH2-Pc    ] 05
[T+7658782301us][CH1-Dispenser] 06
[T+7658782168us][CH2-Pc    ] 06
[T+7658957168us][CH2-Pc    ] 01
[T+7658964283us][CH1-Dispenser] 01 61
[T+7659044193us][CH2-Pc    ] 02
[T+7659049168us][CH1-Dispenser] 02 62
[T+7659122168us][CH2-Pc    ] 03
[T+7659130209us][CH1-Dispenser] 03 63
[T+7659200168us][CH2-Pc    ] 04
[T+7659205168us][CH1-Dispenser] 04 64
[T+7659278302us][CH1-Dispenser] 05
[T+7659278170us][CH2-Pc    ] 05
[T+7659453304us][CH1-Dispenser] 06
[T+7659453168us][CH2-Pc    ] 06
[T+7659628168us][CH2-Pc    ] 01
[T+7659633168us][CH1-Dispenser] 01 61
[T+7659706168us][CH2-Pc    ] 02
[T+7659714772us][CH1-Dispenser] 02 62
[T+7659784168us][CH2-Pc    ] 03
[T+7659791175us][CH1-Dispenser] 03 63
[T+7659862168us][CH2-Pc    ] 04
[T+7659872169us][CH1-Dispenser] 04 64
[T+7659940301us][CH1-Dispenser] 05
[T+7659940168us][CH2-Pc    ] 05
[T+7660115303us][CH1-Dispenser] 06
[T+7660115170us][CH2-Pc    ] 06
[T+7660280168us][CH2-Pc    ] 01
[T+7660289168us][CH1-Dispenser] 01 61
[T+7660358168us][CH2-Pc    ] 02
[T+7660364168us][CH1-Dispenser] 02 62
[T+7660436194us][CH2-Pc    ] 03
[T+7660445172us][CH1-Dispenser] 03 63
[T+7660514168us][CH2-Pc    ] 04
[T+7660520175us][CH1-Dispenser] 04 64
[T+7660592303us][CH1-Dispenser] 05
[T+7660592168us][CH2-Pc    ] 05
[T+7660767302us][CH1-Dispenser] 06
[T+7660767169us][CH2-Pc    ] 06
[T+7660942168us][CH2-Pc    ] 01
[T+7660948168us][CH1-Dispenser] 01 61
[T+7661020196us][CH2-Pc    ] 02
[T+7661029168us][CH1-Dispenser] 02 62
[T+7661098168us][CH2-Pc    ] 03
[T+7661106731us][CH1-Dispenser] 03 63
[T+7661176168us][CH2-Pc    ] 04
[T+7661185168us][CH1-Dispenser] 04 64
[T+7661254301us][CH1-Dispenser] 05
[T+7661254168us][CH2-Pc    ] 05
[T+7661429306us][CH1-Dispenser] 06
[T+7661429171us][CH2-Pc    ] 06
[T+7661593440us][CH2-Pc    ] 01
[T+7661599168us][CH1-Dispenser] 01 61
[T+7661672168us][CH2-Pc    ] 02
[T+7661678168us][CH1-Dispenser] 02 62
[T+7661750194us][CH2-Pc    ] 03
[T+7661755168us][CH1-Dispenser] 03 63
[T+7661828168us][CH2-Pc    ] 04
[T+7661836209us][CH1-Dispenser] 04 64
[T+7661907299us][CH1-Dispenser] 05
[T+7661907168us][CH2-Pc    ] 05
[T+7662082301us][CH1-Dispenser] 06
[T+7662082168us][CH2-Pc    ] 06
[T+7662256168us][CH2-Pc    ] 01
[T+7662265168us][CH1-Dispenser] 01 61
[T+7662334168us][CH2-Pc    ] 02
[T+7662339168us][CH1-Dispenser] 02 62
[T+7662413168us][CH2-Pc    ] 03
[T+7662422168us][CH1-Dispenser] 03 63
[T+7662495196us][CH1-Dispenser] 04 64
[T+7662491168us][CH2-Pc    ] 04
[T+7662569300us][CH1-Dispenser] 05
[T+7662569168us][CH2-Pc    ] 05
[T+7662737301us][CH1-Dispenser] 06
[T+7662737168us][CH2-Pc    ] 06
[T+7662912168us][CH2-Pc    ] 01
[T+7662919175us][CH1-Dispenser] 01 61
[T+7662990168us][CH2-Pc    ] 02
[T+7662999810us][CH1-Dispenser] 02 62
[T+7663068168us][CH2-Pc    ] 03
[T+7663077168us][CH1-Dispenser] 03 63
[T+7663146168us][CH2-Pc    ] 04
[T+7663157168us][CH1-Dispenser] 04 64
[T+7663224303us][CH1-Dispenser] 05
[T+7663224169us][CH2-Pc    ] 05
[T+7663399302us][CH1-Dispenser] 06
[T+7663399168us][CH2-Pc    ] 06
[T+7663563192us][CH2-Pc    ] 01
[T+7663572168us][CH1-Dispenser] 01 61
[T+7663641193us][CH2-Pc    ] 02
[T+7663649210us][CH1-Dispenser] 02 62
[T+7663719168us][CH2-Pc    ] 03
[T+7663726866us][CH1-Dispenser] 03 63
[T+7663797168us][CH2-Pc    ] 04
[T+7663805193us][CH1-Dispenser] 04 64
[T+7663875305us][CH1-Dispenser] 05
[T+7663875168us][CH2-Pc    ] 05
[T+7664053300us][CH1-Dispenser] 06
[T+7664053168us][CH2-Pc    ] 06
[T+7664218168us][CH2-Pc    ] 01
[T+7664224175us][CH1-Dispenser] 01 61
[T+7664296198us][CH2-Pc    ] 02
[T+7664305777us][CH1-Dispenser] 02 62
[T+7664376290us][CH2-Pc    ] 03
[T+7664380197us][CH1-Dispenser] 03 63
[T+7664454168us][CH2-Pc    ] 04
[T+7664461286us][CH1-Dispenser] 04 64
[T+7664532319us][CH1-Dispenser] 05
[T+7664532177us][CH2-Pc    ] 05
[T+7664707306us][CH1-Dispenser] 06
[T+7664707170us][CH2-Pc    ] 06
[T+7664879193us][CH2-Pc    ] 01
[T+7664885168us][CH1-Dispenser] 01 61
[T+7664949193us][CH2-Pc    ] 02
[T+7664954168us][CH1-Dispenser] 02 62
[T+7665027168us][CH2-Pc    ] 03
[T+7665036168us][CH1-Dispenser] 03 63
[T+7665105168us][CH2-Pc    ] 04
[T+7665112443us][CH1-Dispenser] 04 64
[T+7665183302us][CH1-Dispenser] 05
[T+7665183169us][CH2-Pc    ] 05
[T+7665359304us][CH1-Dispenser] 06
[T+7665359170us][CH2-Pc    ] 06
[T+7665534168us][CH2-Pc    ] 01
[T+7665539168us][CH1-Dispenser] 01 61
[T+7665612168us][CH2-Pc    ] 02
[T+7665618739us][CH1-Dispenser] 02 62
[T+7665690192us][CH2-Pc    ] 03
[T+7665695737us][CH1-Dispenser] 03 63
[T+7665768168us][CH2-Pc    ] 04
[T+7665778175us][CH1-Dispenser] 04 64
[T+7665846301us][CH1-Dispenser] 05
[T+7665846168us][CH2-Pc    ] 05
[T+7666021301us][CH1-Dispenser] 06
[T+7666021168us][CH2-Pc    ] 06
[T+7666196168us][CH2-Pc    ] 01
[T+7666204209us][CH1-Dispenser] 01 61
[T+7666274168us][CH2-Pc    ] 02
[T+7666278196us][CH1-Dispenser] 02 62
[T+7666341168us][CH2-Pc    ] 03
[T+7666349209us][CH1-Dispenser] 03 63
[T+7666419168us][CH2-Pc    ] 04
[T+7666425175us][CH1-Dispenser] 04 64
[T+7666497301us][CH1-Dispenser] 05
[T+7666497168us][CH2-Pc    ] 05
[T+7666672306us][CH1-Dispenser] 06
[T+7666672169us][CH2-Pc    ] 06
[T+7666847168us][CH2-Pc    ] 01
[T+7666855209us][CH1-Dispenser] 01 61
[T+7666925168us][CH2-Pc    ] 02
[T+7666934744us][CH1-Dispenser] 02 62
[T+7667005168us][CH2-Pc    ] 03
[T+7667013209us][CH1-Dispenser] 03 63
[T+7667083168us][CH2-Pc    ] 04
[T+7667094168us][CH1-Dispenser] 04 64
[T+7667162303us][CH1-Dispenser] 05
[T+7667162169us][CH2-Pc    ] 05
[T+7667337303us][CH1-Dispenser] 06
[T+7667337170us][CH2-Pc    ] 06
[T+7667500168us][CH2-Pc    ] 01
[T+7667511168us][CH1-Dispenser] 01 61
[T+7667579168us][CH2-Pc    ] 02
[T+7667584168us][CH1-Dispenser] 02 62
[T+7667657168us][CH2-Pc    ] 03
[T+7667665209us][CH1-Dispenser] 03 63
[T+7667735168us][CH2-Pc    ] 04
[T+7667740168us][CH1-Dispenser] 04 64
[T+7667813303us][CH1-Dispenser] 05
[T+7667813170us][CH2-Pc    ] 05
[T+7667993302us][CH1-Dispenser] 06
[T+7667993168us][CH2-Pc    ] 06
[T+7668161168us][CH2-Pc    ] 01
[T+7668170168us][CH1-Dispenser] 01 61
[T+7668239168us][CH2-Pc    ] 02
[T+7668244168us][CH1-Dispenser] 02 62
[T+7668317168us][CH2-Pc    ] 03
[T+7668326168us][CH1-Dispenser] 03 63
[T+7668395168us][CH2-Pc    ] 04
[T+7668400781us][CH1-Dispenser] 04 64
[T+7668473300us][CH1-Dispenser] 05
[T+7668473168us][CH2-Pc    ] 05
[T+7668649834us][CH1-Dispenser] 06
[T+7668649690us][CH2-Pc    ] 06
[T+7668812168us][CH2-Pc    ] 01
[T+7668819175us][CH1-Dispenser] 01 61
[T+7668892168us][CH2-Pc    ] 02
[T+7668900791us][CH1-Dispenser] 02 62
[T+7668971168us][CH2-Pc    ] 03
[T+7668977741us][CH1-Dispenser] 03 63
[T+7669048168us][CH2-Pc    ] 04
[T+7669056209us][CH1-Dispenser] 04 64
[T+7669126393us][CH1-Dispenser] 05
[T+7669126258us][CH2-Pc    ] 05
[T+7669301304us][CH1-Dispenser] 06
[T+7669301170us][CH2-Pc    ] 06
[T+7669477194us][CH2-Pc    ] 01
[T+7669484184us][CH1-Dispenser] 01 61
[T+7669555168us][CH2-Pc    ] 02
[T+7669561168us][CH1-Dispenser] 02 62
[T+7669633192us][CH2-Pc    ] 03
[T+7669645168us][CH1-Dispenser] 03 63