[T+7679924180us][CH2-Pc    ] 01
[T+7679929179us][CH1-Dispenser] 01 61
[T+7680002180us][CH2-Pc    ] 02
[T+7680008203us][CH1-Dispenser] 02 62
[T+7680080205us][CH2-Pc    ] 03
[T+7680086281us][CH1-Dispenser] 03 63
[T+7680160180us][CH2-Pc    ] 04
[T+7680165187us][CH1-Dispenser] 04 64
[T+7680238314us][CH1-Dispenser] 05
[T+7680238180us][CH2-Pc    ] 05
[T+7680402316us][CH1-Dispenser] 06
[T+7680402181us][CH2-Pc    ] 06
[T+7680577204us][CH2-Pc    ] 01
[T+7680583218us][CH1-Dispenser] 01 61
[T+7680655204us][CH2-Pc    ] 02
[T+7680664205us][CH1-Dispenser] 02 62
[T+7680733204us][CH2-Pc    ] 03
[T+7680742188us][CH1-Dispenser] 03 63
[T+7680811205us][CH2-Pc    ] 04
[T+7680819187us][CH1-Dispenser] 04 64
[T+7680889315us][CH1-Dispenser] 05
[T+7680889181us][CH2-Pc    ] 05
[T+7681064315us][CH1-Dispenser] 06
[T+7681064180us][CH2-Pc    ] 06
[T+7681232204us][CH2-Pc    ] 01
[T+7681241218us][CH1-Dispenser] 01 61
[T+7681310204us][CH2-Pc    ] 02
[T+7681320181us][CH1-Dispenser] 02 62
[T+7681388180us][CH2-Pc    ] 03
[T+7681396181us][CH1-Dispenser] 03 63
[T+7681467180us][CH2-Pc    ] 04
[T+7681477180us][CH1-Dispenser] 04 64
[T+7681545180us][CH1-Dispenser] 05
[T+7681545318us][CH2-Pc    ] 05
[T+7681719181us][CH1-Dispenser] 06
[T+7681719318us][CH2-Pc    ] 06
[T+7681894181us][CH2-Pc    ] 01
[T+7681905180us][CH1-Dispenser] 01 61
[T+7681972180us][CH2-Pc    ] 02
[T+7681978218us][CH1-Dispenser] 02 62
[T+7682055179us][CH1-Dispenser] 03 63
[T+7682051180us][CH2-Pc    ] 03
[T+7682129180us][CH2-Pc    ] 04
[T+7682134179us][CH1-Dispenser] 04 64
[T+7682207180us][CH1-Dispenser] 05
[T+7682207315us][CH2-Pc    ] 05
[T+7682371181us][CH1-Dispenser] 06
[T+7682371317us][CH2-Pc    ] 06
[T+7682546180us][CH2-Pc    ] 01
[T+7682554180us][CH1-Dispenser] 01 61
[T+7682628179us][CH1-Dispenser] 02 72
[T+7682624180us][CH2-Pc    ] 02
[T+7682651181us][CH2-Pc    ] 22
[T+7682659817us][CH1-Dispenser] 22 D2
[T+7682673180us][CH1-Dispenser] FF
[T+7682673312us][CH2-Pc    ] FF
[T+7682686325us][CH1-Dispenser] E9
[T+7682686185us][CH2-Pc    ] E9
[T+7682699322us][CH1-Dispenser] FE
[T+7682699184us][CH2-Pc    ] FE
[T+7682711188us][CH1-Dispenser] E0
[T+7682711328us][CH2-Pc    ] E0
[T+7682723180us][CH1-Dispenser] E1
[T+7682723311us][CH2-Pc    ] E1
[T+7682736311us][CH1-Dispenser] E0
[T+7682736180us][CH2-Pc    ] E0
[T+7682750602us][CH1-Dispenser] FB
[T+7682750444us][CH2-Pc    ] FB
[T+7682761636us][CH1-Dispenser] EE
[T+7682761496us][CH2-Pc    ] EE
[T+7682774180us][CH2-Pc    ] F0
[T+7682802180us][CH1-Dispenser] F0 BA B0 B3 B2 B0 B1 B0 B0 B0 B0 B1 B1 B1 B1 B2 C1 B9 8D 8A
[T+7682866180us][CH2-Pc    ] 03
[T+7682875218us][CH1-Dispenser] 03 63
[T+7682944205us][CH2-Pc    ] 04
[T+7682950204us][CH1-Dispenser] 04 64
[T+7683022181us][CH1-Dispenser] 05
[T+7683022315us][CH2-Pc    ] 05
[T+7683203180us][CH1-Dispenser] 06
[T+7683203314us][CH2-Pc    ] 06
[T+7683378180us][CH2-Pc    ] 01
[T+7683383821us][CH1-Dispenser] 01 61
[T+7683456180us][CH2-Pc    ] 02
[T+7683464189us][CH1-Dispenser] 02 72
[T+7683483180us][CH2-Pc    ] 22
[T+7683488187us][CH1-Dispenser] 22 D2
[T+7683505312us][CH1-Dispenser] FF
[T+7683505180us][CH2-Pc    ] FF
[T+7683517311us][CH1-Dispenser] E9
[T+7683517180us][CH2-Pc    ] E9
[T+7683530313us][CH1-Dispenser] FE
[T+7683530180us][CH2-Pc    ] FE
[T+7683544179us][CH1-Dispenser] E0
[T+7683543191us][CH2-Pc    ] E0
[T+7683555181us][CH1-Dispenser] E1
[T+7683555315us][CH2-Pc    ] E1
[T+7683568319us][CH1-Dispenser] E0
[T+7683568183us][CH2-Pc    ] E0
[T+7683582317us][CH1-Dispenser] FB
[T+7683582181us][CH2-Pc    ] FB
[T+7683593315us][CH1-Dispenser] EE
[T+7683593181us][CH2-Pc    ] EE
[T+7683606180us][CH2-Pc    ] F0
[T+7683635180us][CH1-Dispenser] F0 BA B0 B3 B2 B0 B1 B0 B0 B0 B0 B1 B1 B1 B1 B2 C1 B9 8D 8A
[T+7683709180us][CH2-Pc    ] 03
[T+7683716179us][CH1-Dispenser] 03 63
[T+7683787180us][CH2-Pc    ] 04
[T+7683796219us][CH1-Dispenser] 04 64
[T+7683865181us][CH1-Dispenser] 05
[T+7683865315us][CH2-Pc    ] 05
[T+7684051315us][CH1-Dispenser] 06
[T+7684051180us][CH2-Pc    ] 06
[T+7684214316us][CH1-Dispenser] 01
[T+7684214180us][CH2-Pc    ] 01
[T+7684227180us][CH1-Dispenser] 61
[T+7684293204us][CH2-Pc    ] 02
[T+7684299872us][CH1-Dispenser] 02 72
[T+7684320180us][CH2-Pc    ] 22
[T+7684329215us][CH1-Dispenser] 22 D2
[T+7684341180us][CH1-Dispenser] FF
[T+7684342179us][CH2-Pc    ] FF
[T+7684354312us][CH1-Dispenser] E9
[T+7684354180us][CH2-Pc    ] E9
[T+7684367316us][CH1-Dispenser] FE
[T+7684367182us][CH2-Pc    ] FE
[T+7684379313us][CH1-Dispenser] E0
[T+7684379181us][CH2-Pc    ] E0
[T+7684392315us][CH1-Dispenser] E1
[T+7684392181us][CH2-Pc    ] E1
[T+7684405313us][CH1-Dispenser] E0
[T+7684405180us][CH2-Pc    ] E0
[T+7684418315us][CH1-Dispenser] FB
[T+7684418180us][CH2-Pc    ] FB
[T+7684430180us][CH1-Dispenser] EE
[T+7684430313us][CH2-Pc    ] EE
[T+7684443180us][CH2-Pc    ] F0
[T+7684471180us][CH1-Dispenser] F0 BA B0 B3 B2 B0 B1 B0 B0 B0 B0 B1 B1 B1 B1 B2 C1 B9 8D 8A
[T+7684545180us][CH2-Pc    ] 03
[T+7684555180us][CH1-Dispenser] 03 63
[T+7684623180us][CH2-Pc    ] 04
[T+7684632204us][CH1-Dispenser] 04 64
[T+7684701316us][CH1-Dispenser] 05
[T+7684701181us][CH2-Pc    ] 05
[T+7684876180us][CH1-Dispenser] 06
[T+7684876315us][CH2-Pc    ] 06
[T+7685051180us][CH2-Pc    ] 01
[T+7685059187us][CH1-Dispenser] 01 61
[T+7685129180us][CH2-Pc    ] 02
[T+7685135856us][CH1-Dispenser] 02 72
[T+7685156205us][CH2-Pc    ] 22
[T+7685164189us][CH1-Dispenser] 22 D2
[T+7685178181us][CH1-Dispenser] FF
[T+7685178310us][CH2-Pc    ] FF
[T+7685190311us][CH1-Dispenser] E9
[T+7685190181us][CH2-Pc    ] E9
[T+7685203313us][CH1-Dispenser] FE
[T+7685203180us][CH2-Pc    ] FE
[T+7685215313us][CH1-Dispenser] E0
[T+7685215180us][CH2-Pc    ] E0
[T+7685228180us][CH1-Dispenser] E1
[T+7685228313us][CH2-Pc    ] E1
[T+7685241315us][CH1-Dispenser] E0
[T+7685241180us][CH2-Pc    ] E0
[T+7685253320us][CH1-Dispenser] FB
[T+7685253184us][CH2-Pc    ] FB
[T+7685266188us][CH1-Dispenser] EE
[T+7685266327us][CH2-Pc    ] EE
[T+7685279249us][CH2-Pc    ] F0
[T+7685306204us][CH1-Dispenser] F0 BA B0 B3 B2 B0 B1 B0 B0 B0 B0 B1 B1 B1 B1 B2 C1 B9 8D 8A
[T+7685378205us][CH2-Pc    ] 03
[T+7685387181us][CH1-Dispenser] 03 63
[T+7685457180us][CH2-Pc    ] 04
[T+7685468180us][CH1-Dispenser] 04 64
[T+7685535181us][CH1-Dispenser] 05
[T+7685535318us][CH2-Pc    ] 05
[T+7685699181us][CH1-Dispenser] 06
[T+7685699318us][CH2-Pc    ] 06
[T+7685874180us][CH2-Pc    ] 01
[T+7685879179us][CH1-Dispenser] 01 61
[T+7685952180us][CH2-Pc    ] 02
[T+7685958219us][CH1-Dispenser] 02 72
[T+7685979401us][CH2-Pc    ] 22
[T+7685985218us][CH1-Dispenser] 22 D2
[T+7686001180us][CH1-Dispenser] FF
[T+7686001315us][CH2-Pc    ] FF
[T+7686013315us][CH1-Dispenser] E9
[T+7686013181us][CH2-Pc    ] E9
[T+7686027316us][CH1-Dispenser] FE
[T+7686027180us][CH2-Pc    ] FE
[T+7686040324us][CH1-Dispenser] E0
[T+7686040184us][CH2-Pc    ] E0
[T+7686054183us][CH1-Dispenser] E1
[T+7686054319us][CH2-Pc    ] E1
[T+7686067317us][CH1-Dispenser] E0
[T+7686067182us][CH2-Pc    ] E0
[T+7686080315us][CH1-Dispenser] FB
[T+7686080181us][CH2-Pc    ] FB
[T+7686092180us][CH1-Dispenser] EE
[T+7686092312us][CH2-Pc    ] EE
[T+7686105187us][CH2-Pc    ] F0
[T+7686136180us][CH1-Dispenser] F0 BA B0 B3 B2 B0 B1 B0 B0 B0 B0 B1 B1 B1 B1 B2 C1 B9 8D 8A
[T+7686207180us][CH2-Pc    ] 03
[T+7686218180us][CH1-Dispenser] 03 63
[T+7686285180us][CH2-Pc    ] 04
[T+7686289179us][CH1-Dispenser] 04 64
[T+7686363180us][CH1-Dispenser] 05
[T+7686363315us][CH2-Pc    ] 05
[T+7686557316us][CH1-Dispenser] 06
[T+7686557180us][CH2-Pc    ] 06
[T+7686732180us][CH2-Pc    ] 01
[T+7686738204us][CH1-Dispenser] 01 61
[T+7686810204us][CH2-Pc    ] 02
[T+7686820180us][CH1-Dispenser] 02 72
[T+7686838204us][CH2-Pc    ] 22
[T+7686847214us][CH1-Dispenser] 22 D2
[T+7686859181us][CH1-Dispenser] FF
[T+7686859310us][CH2-Pc    ] FF
[T+7686872311us][CH1-Dispenser] E9
[T+7686872180us][CH2-Pc    ] E9
[T+7686884314us][CH1-Dispenser] FE
[T+7686884181us][CH2-Pc    ] FE
[T+7686897313us][CH1-Dispenser] E0
[T+7686897180us][CH2-Pc    ] E0
[T+7686910180us][CH1-Dispenser] E1
[T+7686910316us][CH2-Pc    ] E1
[T+7686922312us][CH1-Dispenser] E0
[T+7686922180us][CH2-Pc    ] E0
[T+7686935313us][CH1-Dispenser] FB
[T+7686935180us][CH2-Pc    ] FB
[T+7686948184us][CH1-Dispenser] EE
[T+7686948324us][CH2-Pc    ] EE
[T+7686960214us][CH2-Pc    ] F0
[T+7686990204us][CH1-Dispenser] F0 BA B0 B3 B2 B0 B1 B0 B0 B0 B0 B1 B1 B1 B1 B2 C1 B9 8D 8A
[T+7687062204us][CH2-Pc    ] 03
[T+7687070187us][CH1-Dispenser] 03 63
[T+7687140180us][CH2-Pc    ] 04
[T+7687145179us][CH1-Dispenser] 04 64
[T+7687218180us][CH1-Dispenser] 05
[T+7687218313us][CH2-Pc    ] 05
[T+7687393316us][CH1-Dispenser] 06
[T+7687393181us][CH2-Pc    ] 06
[T+7687557180us][CH2-Pc    ] 01
[T+7687564468us][CH1-Dispenser] 01 61
[T+7687635180us][CH2-Pc    ] 02
[T+7687645180us][CH1-Dispenser] 02 72
[T+7687663209us][CH2-Pc    ] 22
[T+7687668179us][CH1-Dispenser] 22 D2
[T+7687684311us][CH1-Dispenser] FF
[T+7687684180us][CH2-Pc    ] FF
[T+7687697310us][CH1-Dispenser] E9
[T+7687697180us][CH2-Pc    ] E9
[T+7687709313us][CH1-Dispenser] FE
[T+7687709180us][CH2-Pc    ] FE
[T+7687722320us][CH1-Dispenser] E0
[T+7687722182us][CH2-Pc    ] E0
[T+7687735314us][CH1-Dispenser] E1
[T+7687735180us][CH2-Pc    ] E1
[T+7687749179us][CH1-Dispenser] E0
[T+7687748183us][CH2-Pc    ] E0
[T+7687766315us][CH1-Dispenser] FB
[T+7687766182us][CH2-Pc    ] FB
[T+7687779611us][CH1-Dispenser] EE
[T+7687779476us][CH2-Pc    ] EE
[T+7687792180us][CH2-Pc    ] F0
[T+7687821180us][CH1-Dispenser] F0 BA B0 B3 B2 B0 B1 B0 B0 B0 B0 B1 B1 B1 B1 B2 C1 B9 8D 8A
[T+7687843180us][CH2-Pc    ] 22
[T+7687848782us][CH1-Dispenser] 22 D2
[T+7687865180us][CH1-Dispenser] FF
[T+7687865313us][CH2-Pc    ] FF
[T+7687877313us][CH1-Dispenser] E5
[T+7687877181us][CH2-Pc    ] E5
[T+7687890312us][CH1-Dispenser] F4
[T+7687890181us][CH2-Pc    ] F4
[T+7687903180us][CH1-Dispenser] F6
[T+7687903313us][CH2-Pc    ] F6
[T+7687916180us][CH1-Dispenser] E1
[T+7687916313us][CH2-Pc    ] E1
[T+7687928313us][CH1-Dispenser] F7
[T+7687928180us][CH2-Pc    ] F7
[T+7687941309us][CH1-Dispenser] E0
[T+7687941181us][CH2-Pc    ] E0
[T+7687954309us][CH1-Dispenser] E0
[T+7687954181us][CH2-Pc    ] E0
[T+7687976330us][CH1-Dispenser] E1
[T+7687976189us][CH2-Pc    ] E1
[T+7687989180us][CH1-Dispenser] E1
[T+7687989314us][CH2-Pc    ] E1
[T+7688002320us][CH1-Dispenser] FB
[T+7688002183us][CH2-Pc    ] FB
[T+7688014312us][CH1-Dispenser] ED
[T+7688014180us][CH2-Pc    ] ED
[T+7688027185us][CH1-Dispenser] F0
[T+7688027321us][CH2-Pc    ] F0
[T+7688116180us][CH2-Pc    ] 02
[T+7688124181us][CH1-Dispenser] 02 72
[T+7688143180us][CH2-Pc    ] 22
[T+7688149219us][CH1-Dispenser] 22 D2
[T+7688165180us][CH1-Dispenser] FF
[T+7688165314us][CH2-Pc    ] FF
[T+7688177275us][CH1-Dispenser] E5
[T+7688177180us][CH2-Pc    ] E5
[T+7688190312us][CH1-Dispenser] F2
[T+7688190180us][CH2-Pc    ] F2
[T+7688205317us][CH1-Dispenser] F8
[T+7688205181us][CH2-Pc    ] F8
[T+7688217324us][CH1-Dispenser] E0
[T+7688217184us][CH2-Pc    ] E0
[T+7688230318us][CH1-Dispenser] E0
[T+7688230182us][CH2-Pc    ] E0
[T+7688243313us][CH1-Dispenser] E1
[T+7688243181us][CH2-Pc    ] E1
[T+7688255180us][CH1-Dispenser] E1
[T+7688255311us][CH2-Pc    ] E1
[T+7688268313us][CH1-Dispenser] E0
[T+7688268180us][CH2-Pc    ] E0
[T+7688281324us][CH1-Dispenser] E0
[T+7688281185us][CH2-Pc    ] E0
[T+7688294320us][CH1-Dispenser] FB
[T+7688294183us][CH2-Pc    ] FB
[T+7688306311us][CH1-Dispenser] E5
[T+7688306180us][CH2-Pc    ] E5
[T+7688320027us][CH1-Dispenser] F0
[T+7688319888us][CH2-Pc    ] F0
[T+7688408180us][CH2-Pc    ] 02
[T+7688416181us][CH1-Dispenser] 02 72
[T+7688435181us][CH1-Dispenser] 12
[T+7688435314us][CH2-Pc    ] 12
[T+7688522180us][CH2-Pc    ] 02
[T+7688529269us][CH1-Dispenser] 02 92
[T+7688639180us][CH2-Pc    ] 03
[T+7688644834us][CH1-Dispenser] 03 63
[T+7688718180us][CH2-Pc    ] 04
[T+7688727219us][CH1-Dispenser] 04 64
[T+7688796180us][CH1-Dispenser] 05
[T+7688796318us][CH2-Pc    ] 05
[T+7688970181us][CH1-Dispenser] 06
[T+7688970318us][CH2-Pc    ] 06
[T+7689145180us][CH2-Pc    ] 01
[T+7689155180us][CH1-Dispenser] 01 61
[T+7689224205us][CH2-Pc    ] 02
[T+7689228179us][CH1-Dispenser] 02 92
[T+7689801204us][CH2-Pc    ] 03
[T+7689810263us][CH1-Dispenser] 03 63
[T+7689879204us][CH2-Pc    ] 04
[T+7689886185us][CH1-Dispenser] 04 64
[T+7689958315us][CH1-Dispenser] 05
[T+7689958181us][CH2-Pc    ] 05
[T+7690122182us][CH1-Dispenser] 06
[T+7690122321us][CH2-Pc    ] 06
[T+7690296205us][CH2-Pc    ] 01
[T+7690306180us][CH1-Dispenser] 01 61
[T+7690375204us][CH2-Pc    ] 02
[T+7690380831us][CH1-Dispenser] 02 92
[T+7690402180us][CH2-Pc    ] 62
[T+7690416180us][CH1-Dispenser] 62 E0 E0 E0 E0 E0 E0
[T+7690481180us][CH2-Pc    ] 03
[T+7690488179us][CH1-Dispenser] 03 63
[T+7690559180us][CH2-Pc    ] 04
[T+7690567188us][CH1-Dispenser] 04 64
[T+7690637182us][CH1-Dispenser] 05
[T+7690637318us][CH2-Pc    ] 05
[T+7690812180us][CH1-Dispenser] 06
[T+7690812320us][CH2-Pc    ] 06
[T+7690987180us][CH2-Pc    ] 01
[T+7690995180us][CH1-Dispenser] 01 61
[T+7691065180us][CH2-Pc    ] 02
[T+7691074204us][CH1-Dispenser] 02 92
[T+7691092205us][CH2-Pc    ] 62
[T+7691107204us][CH1-Dispenser] 62 E0 E0 E0 E0 E0 E0
[T+7691170204us][CH2-Pc    ] 03
[T+7691176203us][CH1-Dispenser] 03 63
[T+7691249183us][CH2-Pc    ] 04
[T+7691255860us][CH1-Dispenser] 04 64
[T+7691334180us][CH1-Dispenser] 05
[T+7691334316us][CH2-Pc    ] 05
[T+7691519314us][CH1-Dispenser] 06
[T+7691519180us][CH2-Pc    ] 06
[T+7691683180us][CH2-Pc    ] 01
[T+7691692204us][CH1-Dispenser] 01 61
[T+7691762180us][CH2-Pc    ] 02
[T+7691770197us][CH1-Dispenser] 02 92
[T+7691793180us][CH2-Pc    ] 62
[T+7691805208us][CH1-Dispenser] 62 E0 E0 E0 E0 E0 E0
[T+7691872180us][CH2-Pc    ] 03
[T+7691881213us][CH1-Dispenser] 03 63
[T+7691950204us][CH2-Pc    ] 04
[T+7691956219us][CH1-Dispenser] 04 64
[T+7692028180us][CH1-Dispenser] 05
[T+7692028316us][CH2-Pc    ] 05
[T+7692203315us][CH1-Dispenser] 06
[T+7692203182us][CH2-Pc    ] 06
[T+7692377205us][CH2-Pc    ] 01
[T+7692384181us][CH1-Dispenser] 01 61
[T+7692455187us][CH2-Pc    ] 02
[T+7692464217us][CH1-Dispenser] 02 92
[T+7692483180us][CH2-Pc    ] 62
[T+7692499180us][CH1-Dispenser] 62 E0 E0 E0 E0 E0 E0
[T+7692563180us][CH2-Pc    ] 03
[T+7692571181us][CH1-Dispenser] 03 63
[T+7692641180us][CH2-Pc    ] 04
[T+7692646179us][CH1-Dispenser] 04 64
[T+7692719315us][CH1-Dispenser] 05
[T+7692719181us][CH2-Pc    ] 05
[T+7692894325us][CH1-Dispenser] 06
[T+7692894182us][CH2-Pc    ] 06
[T+7693058180us][CH2-Pc    ] 01
[T+7693063179us][CH1-Dispenser] 01 61
[T+7693136180us][CH2-Pc    ] 02
[T+7693146180us][CH1-Dispenser] 02 92
[T+7693163180us][CH2-Pc    ] 62
[T+7693175204us][CH1-Dispenser] 62 E0 E0 E0 E0 E0 E0
[T+7693242180us][CH2-Pc    ] 03
[T+7693250180us][CH1-Dispenser] 03 63
[T+7693320180us][CH2-Pc    ] 04
[T+7693326179us][CH1-Dispenser] 04 64
[T+7693399321us][CH1-Dispenser] 05
[T+7693399184us][CH2-Pc    ] 05
[T+7693574181us][CH1-Dispenser] 06
[T+7693574314us][CH2-Pc    ] 06
[T+7693749180us][CH2-Pc    ] 01
[T+7693754823us][CH1-Dispenser] 01 61
[T+7693827180us][CH2-Pc    ] 02
[T+7693835180us][CH1-Dispenser] 02 92
[T+7693854180us][CH2-Pc    ] 62
[T+7693868180us][CH1-Dispenser] 62 E0 E0 E0 E0 E0 E0
[T+7693938180us][CH2-Pc    ] 03
[T+7693945836us][CH1-Dispenser] 03 63
[T+7694016180us][CH2-Pc    ] 04
[T+7694021179us][CH1-Dispenser] 04 64
[T+7694094181us][CH1-Dispenser] 05
[T+7694094316us][CH2-Pc    ] 05
[T+7694269315us][CH1-Dispenser] 06
[T+7694269180us][CH2-Pc    ] 06
[T+7694440320us][CH1-Dispenser] 01
[T+7694440181us][CH2-Pc    ] 01
[T+7694453180us][CH1-Dispenser] 61
[T+7694524184us][CH2-Pc    ] 02
[T+7694531179us][CH1-Dispenser] 02 92
[T+7694552204us][CH2-Pc    ] 62
[T+7694566180us][CH1-Dispenser] 62 E0 E0 E0 E0 E0 E0
[T+7694629210us][CH2-Pc    ] 03
[T+7694637815us][CH1-Dispenser] 03 63
[T+7694707180us][CH2-Pc    ] 04
[T+7694717180us][CH1-Dispenser] 04 64
[T+7694786314us][CH1-Dispenser] 05
[T+7694786180us][CH2-Pc    ] 05
[T+7694950314us][CH1-Dispenser] 06
[T+7694950180us][CH2-Pc    ] 06
[T+7695124204us][CH2-Pc    ] 01
[T+7695130859us][CH1-Dispenser] 01 61
[T+7695203180us][CH2-Pc    ] 02
[T+7695211180us][CH1-Dispenser] 02 92
[T+7695230180us][CH2-Pc    ] 62
[T+7695240667us][CH1-Dispenser] 62 E0 E0 E0 E0 E0 E0
[T+7695308180us][CH2-Pc    ] 03
[T+7695317204us][CH1-Dispenser] 03 63
[T+7695390179us][CH1-Dispenser] 04 64
[T+7695386205us][CH2-Pc    ] 04
[T+7695454180us][CH1-Dispenser] 05
[T+7695454314us][CH2-Pc    ] 05
[T+7695628180us][CH1-Dispenser] 06
[T+7695628316us][CH2-Pc    ] 06
[T+7695793205us][CH2-Pc    ] 01
[T+7695799263us][CH1-Dispenser] 01 61
[T+7695872180us][CH2-Pc    ] 02
[T+7695880187us][CH1-Dispenser] 02 92
[T+7695899180us][CH2-Pc    ] 62
[T+7695911204us][CH1-Dispenser] 62 E0 E0 E0 E0 E0 E0
[T+7695977205us][CH2-Pc    ] 03
[T+7695987180us][CH1-Dispenser] 03 63
[T+7696055180us][CH2-Pc    ] 04
[T+7696061218us][CH1-Dispenser] 04 64
[T+7696133315us][CH1-Dispenser] 05
[T+7696133180us][CH2-Pc    ] 05
[T+7696308180us][CH1-Dispenser] 06
[T+7696308315us][CH2-Pc    ] 06
[T+7696484180us][CH2-Pc    ] 01
[T+7696490203us][CH1-Dispenser] 01 61
[T+7696562204us][CH2-Pc    ] 02
[T+7696569797us][CH1-Dispenser] 02 92
[T+7696590205us][CH2-Pc    ] 62
[T+7696606180us][CH1-Dispenser] 62 E0 E0 E0 E0 E0 E0
[T+7696680180us][CH2-Pc    ] 03
[T+7696688833us][CH1-Dispenser] 03 63
[T+7696758205us][CH2-Pc    ] 04
[T+7696765796us][CH1-Dispenser] 04 64
[T+7696836181us][CH1-Dispenser] 05
[T+7696836315us][CH2-Pc    ] 05
[T+7697011317us][CH1-Dispenser] 06
[T+7697011181us][CH2-Pc    ] 06
[T+7697187180us][CH2-Pc    ] 01
[T+7697195180us][CH1-Dispenser] 01 61
[T+7697265180us][CH2-Pc    ] 02
[T+7697269792us][CH1-Dispenser] 02 92
[T+7697282542us][CH2-Pc    ] 62
[T+7697296180us][CH1-Dispenser] 62 E0 E0 E0 E0 E0 E0
[T+7697360180us][CH2-Pc    ] 03
[T+7697365179us][CH1-Dispenser] 03 63
[T+7697450180us][CH2-Pc    ] 04
[T+7697455827us][CH1-Dispenser] 04 64
[T+7697544180us][CH1-Dispenser] 05
[T+7697544313us][CH2-Pc    ] 05
[T+7697719315us][CH1-Dispenser] 06
[T+7697719180us][CH2-Pc    ] 06
[T+7697894180us][CH2-Pc    ] 01
[T+7697900204us][CH1-Dispenser] 01 61
[T+7697972205us][CH2-Pc    ] 02
[T+7697980439us][CH1-Dispenser] 02 92
[T+7697999180us][CH2-Pc    ] 62
[T+7698011181us][CH1-Dispenser] 62 E0 E0 E0 E0 E0 E0
[T+7698079180us][CH2-Pc    ] 03
[T+7698086187us][CH1-Dispenser] 03 63
[T+7698157180us][CH2-Pc    ] 04
[T+7698162179us][CH1-Dispenser] 04 64
[T+7698235315us][CH1-Dispenser] 05
[T+7698235180us][CH2-Pc    ] 05
[T+7698410317us][CH1-Dispenser] 06
[T+7698410181us][CH2-Pc    ] 06
[T+7698574180us][CH2-Pc    ] 01
[T+7698580218us][CH1-Dispenser] 01 61
[T+7698652206us][CH2-Pc    ] 02
[T+7698659180us][CH1-Dispenser] 02 92
[T+7698679180us][CH2-Pc    ] 62
[T+7698691204us][CH1-Dispenser] 62 E0 E0 E0 E0 E0 E0
[T+7698757205us][CH2-Pc    ] 03
[T+7698766181us][CH1-Dispenser] 03 63
[T+7698835205us][CH2-Pc    ] 04
[T+7698841203us][CH1-Dispenser] 04 64
[T+7698914181us][CH1-Dispenser] 05
[T+7698913180us][CH2-Pc    ] 05
[T+7699088180us][CH1-Dispenser] 06
[T+7699088315us][CH2-Pc    ] 06
[T+7699263180us][CH2-Pc    ] 01
[T+7699269859us][CH1-Dispenser] 01 61
[T+7699341206us][CH2-Pc    ] 02
[T+7699352180us][CH1-Dispenser] 02 92
[T+7699369180us][CH2-Pc    ] 62
[T+7699381204us][CH1-Dispenser] 62 E0 E0 E0 E0 E0 E0
[T+7699449180us][CH2-Pc    ] 03
[T+7699456180us][CH1-Dispenser] 03 63
[T+7699529180us][CH2-Pc    ] 04
[T+7699538218us][CH1-Dispenser] 04 64
[T+7699607180us][CH1-Dispenser] 05
[T+7699607315us][CH2-Pc    ] 05
[T+7699782317us][CH1-Dispenser] 06
[T+7699782181us][CH2-Pc    ] 06
[T+7699956205us][CH2-Pc    ] 01
[T+7699965204us][CH1-Dispenser] 01 61
[T+7700034204us][CH2-Pc    ] 02
[T+7700039179us][CH1-Dispenser] 02 62
[T+7700613180us][CH2-Pc    ] 03
[T+7700621701us][CH1-Dispenser] 03 63
[T+7700691180us][CH2-Pc    ] 04
[T+7700695179us][CH1-Dispenser] 04 64
[T+7700769315us][CH1-Dispenser] 05
[T+7700769180us][CH2-Pc    ] 05
[T+7700933180us][CH1-Dispenser] 06
[T+7700933318us][CH2-Pc    ] 06
[T+7701108180us][CH2-Pc    ] 01
[T+7701115581us][CH1-Dispenser] 01 61
[T+7701186180us][CH2-Pc    ] 02
[T+7701196180us][CH1-Dispenser] 02 62
[T+7701213181us][CH1-Dispenser] 42
[T+7701213313us][CH2-Pc    ] 42
[T+7701263180us][CH1-Dispenser] FF F1 F8 EB E1 E0 E0 E0 F6 E1 F4 F7 E0 E0 E1 E1 F9 E0 E0 E0 E0 E0 E0 FA E0 E0 E0 E0 E0 E0 FB EA F0
[T+7701286321us][CH1-Dispenser] 52
[T+7701286182us][CH2-Pc    ] 52
[T+7701418206us][CH1-Dispenser] FF F6 E0 F9 E2 E4 E4 E2 E4 E8 E6 E2 FA E9 E0 E8 E4 E2 E1 E5 E8 F4 E0 E3 E1 E1 F5 E0 E0 E0 E0 F6 E1 F9 E5 E8 E0 E3 E3 E8 E5 E3 FA E9 E9 E6 E9 E2 E7 E4 E8 F4 E0 E0 E1 E1 F5 E0 E0 E0 E0 F6 E2 F9 E6 E7 E8 E9 E5 E4 E9 E9 FA E8 E2 E2 E3 E7 E8 E1 E8 F4 E0 E3 E4 E1 F5 E0 E0 E0 E0 FB E0 F0
[T+7701502205us][CH2-Pc    ] 03
[T+7701511204us][CH1-Dispenser] 03 63
[T+7701580205us][CH2-Pc    ] 04
[T+7701587179us][CH1-Dispenser] 04 64
[T+7701658180us][CH1-Dispenser] 05
[T+7701659181us][CH2-Pc    ] 05
[T+7701823180us][CH1-Dispenser] 06
[T+7701823316us][CH2-Pc    ] 06
[T+7702002180us][CH2-Pc    ] 01
[T+7702009827us][CH1-Dispenser] 01 61
[T+7702080187us][CH2-Pc    ] 02
[T+7702085179us][CH1-Dispenser] 02 62
[T+7702159180us][CH2-Pc    ] 03
[T+7702169180us][CH1-Dispenser] 03 63
[T+7702241179us][CH1-Dispenser] 04 64
[T+7702237180us][CH2-Pc    ] 04
[T+7702304180us][CH1-Dispenser] 05
[T+7702304313us][CH2-Pc    ] 05
[T+7702479180us][CH1-Dispenser] 06
[T+7702479316us][CH2-Pc    ] 06
[T+7702654180us][CH2-Pc    ] 01
[T+7702659186us][CH1-Dispenser] 01 61
[T+7702732180us][CH2-Pc    ] 02
[T+7702741218us][CH1-Dispenser] 02 62
[T+7702810204us][CH2-Pc    ] 03
[T+7702818219us][CH1-Dispenser] 03 63
[T+7702908204us][CH2-Pc    ] 04
[T+7702917180us][CH1-Dispenser] 04 64
[T+7702987189us][CH1-Dispenser] 05
[T+7702987328us][CH2-Pc    ] 05
[T+7703151315us][CH1-Dispenser] 06
[T+7703151180us][CH2-Pc    ] 06
[T+7703325205us][CH2-Pc    ] 01
[T+7703330180us][CH1-Dispenser] 01 61
[T+7703393204us][CH2-Pc    ] 02
[T+7703400596us][CH1-Dispenser] 02 62
[T+7703471180us][CH2-Pc    ] 03
[T+7703477219us][CH1-Dispenser] 03 63
[T+7703549206us][CH2-Pc    ] 04
[T+7703556179us][CH1-Dispenser] 04 64
[T+7703627180us][CH1-Dispenser] 05
[T+7703627315us][CH2-Pc    ] 05
[T+7703791181us][CH1-Dispenser] 06
[T+7703791316us][CH2-Pc    ] 06
[T+7703972180us][CH2-Pc    ] 01
[T+7703980180us][CH1-Dispenser] 01 61
[T+7704050181us][CH2-Pc    ] 02
[T+7704058185us][CH1-Dispenser] 02 62
[T+7704128180us][CH2-Pc    ] 03
[T+7704137205us][CH1-Dispenser] 03 63
[T+7704210179us][CH1-Dispenser] 04 64
[T+7704206204us][CH2-Pc    ] 04
[T+7704274180us][CH1-Dispenser] 05
[T+7704274314us][CH2-Pc    ] 05
[T+7704448181us][CH1-Dispenser] 06
[T+7704448316us][CH2-Pc    ] 06
[T+7704623180us][CH2-Pc    ] 01
[T+7704631830us][CH1-Dispenser] 01 61
[T+7704701180us][CH2-Pc    ] 02
[T+7704710433us][CH1-Dispenser] 02 62
[T+7704780270us][CH2-Pc    ] 03
[T+7704787459us][CH1-Dispenser] 03 63
[T+7704858180us][CH2-Pc    ] 04
[T+7704866180us][CH1-Dispenser] 04 64
[T+7704936180us][CH1-Dispenser] 05
[T+7704936315us][CH2-Pc    ] 05
[T+7705111317us][CH1-Dispenser] 06
[T+7705111181us][CH2-Pc    ] 06
[T+7705286180us][CH2-Pc    ] 01
[T+7705296180us][CH1-Dispenser] 01 61
[T+7705365204us][CH2-Pc    ] 02
[T+7705371219us][CH1-Dispenser] 02 62
[T+7705443204us][CH2-Pc    ] 03
[T+7705452204us][CH1-Dispenser] 03 63
[T+7705521205us][CH2-Pc    ] 04
[T+7705526179us][CH1-Dispenser] 04 64
[T+7705590314us][CH1-Dispenser] 05
[T+7705590180us][CH2-Pc    ] 05
[T+7705765181us][CH1-Dispenser] 06
[T+7705765317us][CH2-Pc    ] 06
[T+7705940180us][CH2-Pc    ] 01
[T+7705946204us][CH1-Dispenser] 01 61
[T+7706018204us][CH2-Pc    ] 02
[T+7706025180us][CH1-Dispenser] 02 62
[T+7706096180us][CH2-Pc    ] 03
[T+7706102218us][CH1-Dispenser] 03 63
[T+7706174204us][CH2-Pc    ] 04
[T+7706182181us][CH1-Dispenser] 04 64
[T+7706252314us][CH1-Dispenser] 05
[T+7706252180us][CH2-Pc    ] 05
[T+7706416318us][CH1-Dispenser] 06
[T+7706416181us][CH2-Pc    ] 06
[T+7706591180us][CH2-Pc    ] 01
[T+7706600219us][CH1-Dispenser] 01 61
[T+7706669204us][CH2-Pc    ] 02
[T+7706676785us][CH1-Dispenser] 02 62
[T+7706747180us][CH2-Pc    ] 03
[T+7706751179us][CH1-Dispenser] 03 63
[T+7706815180us][CH2-Pc    ] 04
[T+7706823183us][CH1-Dispenser] 04 64
[T+7706893315us][CH1-Dispenser] 05
[T+7706893180us][CH2-Pc    ] 05
[T+7707057316us][CH1-Dispenser] 06
[T+7707057180us][CH2-Pc    ] 06
[T+7707232180us][CH2-Pc    ] 01
[T+7707240181us][CH1-Dispenser] 01 61
[T+7707310180us][CH2-Pc    ] 02
[T+7707315179us][CH1-Dispenser] 02 62
[T+7707388180us][CH2-Pc    ] 03
[T+7707396187us][CH1-Dispenser] 03 63
[T+7707471205us][CH2-Pc    ] 04
[T+7707477850us][CH1-Dispenser] 04 64
[T+7707549180us][CH1-Dispenser] 05
[T+7707549312us][CH2-Pc    ] 05
[T+7707713181us][CH1-Dispenser] 06
[T+7707713316us][CH2-Pc    ] 06
[T+7707888180us][CH2-Pc    ] 01
[T+7707898180us][CH1-Dispenser] 01 61
[T+7707966180us][CH2-Pc    ] 02
[T+7707977180us][CH1-Dispenser] 02 62
[T+7708044209us][CH2-Pc    ] 03
[T+7708054180us][CH1-Dispenser] 03 63
[T+7708122180us][CH2-Pc    ] 04
[T+7708126179us][CH1-Dispenser] 04 64
[T+7708190317us][CH1-Dispenser] 05
[T+7708190182us][CH2-Pc    ] 05
[T+7708354180us][CH1-Dispenser] 06
[T+7708354315us][CH2-Pc    ] 06
[T+7708528204us][CH2-Pc    ] 01
[T+7708535179us][CH1-Dispenser] 01 61
[T+7708607314us][CH1-Dispenser] 02
[T+7708607181us][CH2-Pc    ] 02
[T+7708619204us][CH1-Dispenser] 62
[T+7708685207us][CH2-Pc    ] 03
[T+7708692210us][CH1-Dispenser] 03 63