[T+3925687180us][CH2-Pc    ] 04
[T+3925692180us][CH1-Dispenser] 04 64
[T+3925765180us][CH1-Dispenser] 05
[T+3925765317us][CH2-Pc    ] 05
[T+3925940316us][CH1-Dispenser] 06
[T+3925940180us][CH2-Pc    ] 06
[T+3926104181us][CH2-Pc    ] 01
[T+3926112482us][CH1-Dispenser] 01 61
[T+3926184205us][CH2-Pc    ] 02
[T+3926191179us][CH1-Dispenser] 02 62
[T+3926261180us][CH2-Pc    ] 03
[T+3926266179us][CH1-Dispenser] 03 63
[T+3926339180us][CH2-Pc    ] 04
[T+3926347187us][CH1-Dispenser] 04 64
[T+3926418180us][CH1-Dispenser] 05
[T+3926418316us][CH2-Pc    ] 05
[T+3926592181us][CH1-Dispenser] 06
[T+3926592318us][CH2-Pc    ] 06
[T+3926767181us][CH2-Pc    ] 01
[T+3926775845us][CH1-Dispenser] 01 61
[T+3926845180us][CH2-Pc    ] 02
[T+3926852180us][CH1-Dispenser] 02 62
[T+3926923180us][CH2-Pc    ] 03
[T+3926931180us][CH1-Dispenser] 03 63
[T+3927001180us][CH2-Pc    ] 04
[T+3927007231us][CH1-Dispenser] 04 64
[T+3927079180us][CH1-Dispenser] 05
[T+3927080179us][CH2-Pc    ] 05
[T+3927244181us][CH1-Dispenser] 06
[T+3927244318us][CH2-Pc    ] 06
[T+3927418314us][CH1-Dispenser] 01
[T+3927418180us][CH2-Pc    ] 01
[T+3927431180us][CH1-Dispenser] 61
[T+3927496180us][CH2-Pc    ] 02
[T+3927501179us][CH1-Dispenser] 02 62
[T+3927575180us][CH2-Pc    ] 03
[T+3927582180us][CH1-Dispenser] 03 63
[T+3927653319us][CH1-Dispenser] 04
[T+3927653180us][CH2-Pc    ] 04
[T+3927665529us][CH1-Dispenser] 64
[T+3927731180us][CH1-Dispenser] 05
[T+3927731315us][CH2-Pc    ] 05
[T+3927906267us][CH1-Dispenser] 06
[T+3927906409us][CH2-Pc    ] 06
[T+3928080205us][CH2-Pc    ] 01
[T+3928087446us][CH1-Dispenser] 01 61
[T+3928159204us][CH2-Pc    ] 02
[T+3928168218us][CH1-Dispenser] 02 62
[T+3928237204us][CH2-Pc    ] 03
[T+3928243204us][CH1-Dispenser] 03 63
[T+3928315204us][CH2-Pc    ] 04
[T+3928324208us][CH1-Dispenser] 04 64
[T+3928393314us][CH1-Dispenser] 05
[T+3928393180us][CH2-Pc    ] 05
[T+3928557181us][CH1-Dispenser] 06
[T+3928557317us][CH2-Pc    ] 06
[T+3928732180us][CH2-Pc    ] 01
[T+3928737179us][CH1-Dispenser] 01 61
[T+3928810180us][CH2-Pc    ] 02
[T+3928818187us][CH1-Dispenser] 02 62
[T+3928888180us][CH2-Pc    ] 03
[T+3928897204us][CH1-Dispenser] 03 63
[T+3928966204us][CH2-Pc    ] 04
[T+3928971842us][CH1-Dispenser] 04 64
[T+3929044314us][CH1-Dispenser] 05
[T+3929044180us][CH2-Pc    ] 05
[T+3929219315us][CH1-Dispenser] 06
[T+3929219181us][CH2-Pc    ] 06
[T+3929385180us][CH2-Pc    ] 01
[T+3929391203us][CH1-Dispenser] 01 61
[T+3929464180us][CH2-Pc    ] 02
[T+3929472181us][CH1-Dispenser] 02 62
[T+3929541204us][CH2-Pc    ] 03
[T+3929548180us][CH1-Dispenser] 03 63
[T+3929619180us][CH2-Pc    ] 04
[T+3929627180us][CH1-Dispenser] 04 64
[T+3929698181us][CH1-Dispenser] 05
[T+3929698314us][CH2-Pc    ] 05
[T+3929873319us][CH1-Dispenser] 06
[T+3929873181us][CH2-Pc    ] 06
[T+3930047204us][CH2-Pc    ] 01
[T+3930053188us][CH1-Dispenser] 01 61
[T+3930129180us][CH2-Pc    ] 02
[T+3930139180us][CH1-Dispenser] 02 62
[T+3930206180us][CH2-Pc    ] 03
[T+3930213181us][CH1-Dispenser] 03 63
[T+3930284180us][CH2-Pc    ] 04
[T+3930294180us][CH1-Dispenser] 04 64
[T+3930363181us][CH1-Dispenser] 05
[T+3930363317us][CH2-Pc    ] 05
[T+3930527318us][CH1-Dispenser] 06
[T+3930527180us][CH2-Pc    ] 06
[T+3930701204us][CH2-Pc    ] 01
[T+3930707204us][CH1-Dispenser] 01 61
[T+3930780180us][CH2-Pc    ] 02
[T+3930788180us][CH1-Dispenser] 02 62
[T+3930858180us][CH2-Pc    ] 03
[T+3930869180us][CH1-Dispenser] 03 63
[T+3930936180us][CH2-Pc    ] 04
[T+3930942203us][CH1-Dispenser] 04 64
[T+3931014314us][CH1-Dispenser] 05
[T+3931014180us][CH2-Pc    ] 05
[T+3931189316us][CH1-Dispenser] 06
[T+3931189180us][CH2-Pc    ] 06
[T+3931353180us][CH2-Pc    ] 01
[T+3931363180us][CH1-Dispenser] 01 61
[T+3931431180us][CH2-Pc    ] 02
[T+3931438180us][CH1-Dispenser] 02 62
[T+3931510205us][CH2-Pc    ] 03
[T+3931517181us][CH1-Dispenser] 03 63
[T+3931587180us][CH2-Pc    ] 04
[T+3931593409us][CH1-Dispenser] 04 64
[T+3931665314us][CH1-Dispenser] 05
[T+3931665180us][CH2-Pc    ] 05
[T+3931840181us][CH1-Dispenser] 06
[T+3931840318us][CH2-Pc    ] 06
[T+3932015180us][CH2-Pc    ] 01
[T+3932022835us][CH1-Dispenser] 01 61
[T+3932093314us][CH1-Dispenser] 02
[T+3932093181us][CH2-Pc    ] 02
[T+3932105312us][CH1-Dispenser] 62
[T+3932171205us][CH2-Pc    ] 03
[T+3932177855us][CH1-Dispenser] 03 63
[T+3932249207us][CH2-Pc    ] 04
[T+3932258204us][CH1-Dispenser] 04 64
[T+3932328180us][CH1-Dispenser] 05
[T+3932328314us][CH2-Pc    ] 05
[T+3932503314us][CH1-Dispenser] 06
[T+3932503180us][CH2-Pc    ] 06
[T+3932666180us][CH2-Pc    ] 01
[T+3932673180us][CH1-Dispenser] 01 61
[T+3932744180us][CH2-Pc    ] 02
[T+3932755180us][CH1-Dispenser] 02 62
[T+3932820180us][CH2-Pc    ] 03
[T+3932827181us][CH1-Dispenser] 03 63
[T+3932898180us][CH2-Pc    ] 04
[T+3932903946us][CH1-Dispenser] 04 64
[T+3932977315us][CH1-Dispenser] 05
[T+3932977181us][CH2-Pc    ] 05
[T+3933152314us][CH1-Dispenser] 06
[T+3933152180us][CH2-Pc    ] 06
[T+3933328180us][CH2-Pc    ] 01
[T+3933339180us][CH1-Dispenser] 01 61
[T+3933407180us][CH2-Pc    ] 02
[T+3933415180us][CH1-Dispenser] 02 62
[T+3933485180us][CH2-Pc    ] 03
[T+3933492179us][CH1-Dispenser] 03 63
[T+3933563180us][CH2-Pc    ] 04
[T+3933568179us][CH1-Dispenser] 04 64
[T+3933641180us][CH1-Dispenser] 05
[T+3933641316us][CH2-Pc    ] 05
[T+3933816316us][CH1-Dispenser] 06
[T+3933816180us][CH2-Pc    ] 06
[T+3933980180us][CH2-Pc    ] 01
[T+3933988961us][CH1-Dispenser] 01 61
[T+3934058204us][CH2-Pc    ] 02
[T+3934062179us][CH1-Dispenser] 02 62
[T+3934125204us][CH2-Pc    ] 03
[T+3934132834us][CH1-Dispenser] 03 63
[T+3934203180us][CH2-Pc    ] 04
[T+3934213181us][CH1-Dispenser] 04 64
[T+3934281314us][CH1-Dispenser] 05
[T+3934281180us][CH2-Pc    ] 05
[T+3934456180us][CH1-Dispenser] 06
[T+3934456319us][CH2-Pc    ] 06
[T+3934620180us][CH2-Pc    ] 01
[T+3934628301us][CH1-Dispenser] 01 61
[T+3934699180us][CH2-Pc    ] 02
[T+3934707846us][CH1-Dispenser] 02 62
[T+3934777180us][CH2-Pc    ] 03
[T+3934782179us][CH1-Dispenser] 03 63
[T+3934855180us][CH2-Pc    ] 04
[T+3934863180us][CH1-Dispenser] 04 64
[T+3934933314us][CH1-Dispenser] 05
[T+3934933181us][CH2-Pc    ] 05
[T+3935108318us][CH1-Dispenser] 06
[T+3935108180us][CH2-Pc    ] 06
[T+3935284180us][CH2-Pc    ] 01
[T+3935292180us][CH1-Dispenser] 01 61
[T+3935362180us][CH2-Pc    ] 02
[T+3935368218us][CH1-Dispenser] 02 62
[T+3935440207us][CH2-Pc    ] 03
[T+3935449218us][CH1-Dispenser] 03 63
[T+3935518205us][CH2-Pc    ] 04
[T+3935524208us][CH1-Dispenser] 04 64
[T+3935596315us][CH1-Dispenser] 05
[T+3935596181us][CH2-Pc    ] 05
[T+3935767316us][CH1-Dispenser] 06
[T+3935767180us][CH2-Pc    ] 06
[T+3935931180us][CH2-Pc    ] 01
[T+3935937873us][CH1-Dispenser] 01 61
[T+3936009205us][CH2-Pc    ] 02
[T+3936019180us][CH1-Dispenser] 02 62
[T+3936092179us][CH1-Dispenser] 03 63
[T+3936088205us][CH2-Pc    ] 03
[T+3936155204us][CH2-Pc    ] 04
[T+3936162179us][CH1-Dispenser] 04 64
[T+3936234181us][CH1-Dispenser] 05
[T+3936234317us][CH2-Pc    ] 05
[T+3936409179us][CH1-Dispenser] 06
[T+3936408180us][CH2-Pc    ] 06
[T+3936572180us][CH2-Pc    ] 01
[T+3936579180us][CH1-Dispenser] 01 61
[T+3936651212us][CH2-Pc    ] 02
[T+3936658482us][CH1-Dispenser] 02 62
[T+3936729180us][CH2-Pc    ] 03
[T+3936737187us][CH1-Dispenser] 03 63
[T+3936807180us][CH2-Pc    ] 04
[T+3936813865us][CH1-Dispenser] 04 64
[T+3936885315us][CH1-Dispenser] 05
[T+3936885180us][CH2-Pc    ] 05
[T+3937060369us][CH1-Dispenser] 06
[T+3937060231us][CH2-Pc    ] 06
[T+3937235180us][CH2-Pc    ] 01
[T+3937242180us][CH1-Dispenser] 01 61
[T+3937327180us][CH2-Pc    ] 02
[T+3937332187us][CH1-Dispenser] 02 62
[T+3937405180us][CH2-Pc    ] 03
[T+3937413829us][CH1-Dispenser] 03 63
[T+3937483180us][CH2-Pc    ] 04
[T+3937487179us][CH1-Dispenser] 04 64
[T+3937550316us][CH1-Dispenser] 05
[T+3937550180us][CH2-Pc    ] 05
[T+3937714180us][CH1-Dispenser] 06
[T+3937714314us][CH2-Pc    ] 06
[T+3937889180us][CH2-Pc    ] 01
[T+3937898218us][CH1-Dispenser] 01 61
[T+3937967204us][CH2-Pc    ] 02
[T+3937973861us][CH1-Dispenser] 02 62
[T+3938045204us][CH2-Pc    ] 03
[T+3938053183us][CH1-Dispenser] 03 63
[T+3938123180us][CH2-Pc    ] 04
[T+3938132204us][CH1-Dispenser] 04 64
[T+3938201317us][CH1-Dispenser] 05
[T+3938201181us][CH2-Pc    ] 05
[T+3938376180us][CH1-Dispenser] 06
[T+3938376316us][CH2-Pc    ] 06
[T+3938540180us][CH2-Pc    ] 01
[T+3938549181us][CH1-Dispenser] 01 61
[T+3938618205us][CH2-Pc    ] 02
[T+3938629180us][CH1-Dispenser] 02 62
[T+3938697182us][CH2-Pc    ] 03
[T+3938703874us][CH1-Dispenser] 03 63
[T+3938775180us][CH2-Pc    ] 04
[T+3938782180us][CH1-Dispenser] 04 64
[T+3938853180us][CH1-Dispenser] 05
[T+3938853314us][CH2-Pc    ] 05
[T+3939028319us][CH1-Dispenser] 06
[T+3939028181us][CH2-Pc    ] 06
[T+3939203180us][CH2-Pc    ] 01
[T+3939208179us][CH1-Dispenser] 01 61
[T+3939281180us][CH2-Pc    ] 02
[T+3939287204us][CH1-Dispenser] 02 62
[T+3939358187us][CH2-Pc    ] 03
[T+3939368181us][CH1-Dispenser] 03 63
[T+3939437204us][CH2-Pc    ] 04
[T+3939442830us][CH1-Dispenser] 04 64
[T+3939515180us][CH1-Dispenser] 05
[T+3939515317us][CH2-Pc    ] 05
[T+3939690180us][CH1-Dispenser] 06
[T+3939690314us][CH2-Pc    ] 06
[T+3939854314us][CH1-Dispenser] 01
[T+3939854180us][CH2-Pc    ] 01
[T+3939866204us][CH1-Dispenser] 61
[T+3939932204us][CH2-Pc    ] 02
[T+3939938834us][CH1-Dispenser] 02 62
[T+3940010204us][CH2-Pc    ] 03
[T+3940018180us][CH1-Dispenser] 03 63
[T+3940088180us][CH2-Pc    ] 04
[T+3940092778us][CH1-Dispenser] 04 64
[T+3940155180us][CH1-Dispenser] 05
[T+3940155315us][CH2-Pc    ] 05
[T+3940331319us][CH1-Dispenser] 06
[T+3940331181us][CH2-Pc    ] 06
[T+3940495180us][CH2-Pc    ] 01
[T+3940503181us][CH1-Dispenser] 01 61
[T+3940573180us][CH2-Pc    ] 02
[T+3940584180us][CH1-Dispenser] 02 62
[T+3940652180us][CH2-Pc    ] 03
[T+3940658205us][CH1-Dispenser] 03 63
[T+3940730204us][CH2-Pc    ] 04
[T+3940737180us][CH1-Dispenser] 04 64
[T+3940808180us][CH1-Dispenser] 05
[T+3940808314us][CH2-Pc    ] 05
[T+3940978319us][CH1-Dispenser] 06
[T+3940978181us][CH2-Pc    ] 06
[T+3941152204us][CH2-Pc    ] 01
[T+3941159180us][CH1-Dispenser] 01 61
[T+3941231204us][CH2-Pc    ] 02
[T+3941240219us][CH1-Dispenser] 02 62
[T+3941309204us][CH2-Pc    ] 03
[T+3941317187us][CH1-Dispenser] 03 63
[T+3941387180us][CH2-Pc    ] 04
[T+3941393868us][CH1-Dispenser] 04 64
[T+3941474181us][CH1-Dispenser] 05
[T+3941474320us][CH2-Pc    ] 05
[T+3941665314us][CH1-Dispenser] 06
[T+3941665180us][CH2-Pc    ] 06
[T+3941840180us][CH2-Pc    ] 01
[T+3941847180us][CH1-Dispenser] 01 61
[T+3941918180us][CH2-Pc    ] 02
[T+3941923179us][CH1-Dispenser] 02 62
[T+3941996180us][CH2-Pc    ] 03
[T+3942002218us][CH1-Dispenser] 03 63
[T+3942074204us][CH2-Pc    ] 04
[T+3942083204us][CH1-Dispenser] 04 64
[T+3942152319us][CH1-Dispenser] 05
[T+3942152180us][CH2-Pc    ] 05
[T+3942327315us][CH1-Dispenser] 06
[T+3942327180us][CH2-Pc    ] 06
[T+3942502180us][CH2-Pc    ] 01
[T+3942507179us][CH1-Dispenser] 01 61
[T+3942580180us][CH2-Pc    ] 02
[T+3942589005us][CH1-Dispenser] 02 62
[T+3942658180us][CH2-Pc    ] 03
[T+3942663179us][CH1-Dispenser] 03 63
[T+3942737180us][CH2-Pc    ] 04
[T+3942743218us][CH1-Dispenser] 04 64
[T+3942815180us][CH1-Dispenser] 05
[T+3942815314us][CH2-Pc    ] 05
[T+3942979314us][CH1-Dispenser] 06
[T+3942979180us][CH2-Pc    ] 06
[T+3943153204us][CH2-Pc    ] 01
[T+3943159851us][CH1-Dispenser] 01 61
[T+3943232180us][CH2-Pc    ] 02
[T+3943237187us][CH1-Dispenser] 02 62
[T+3943310180us][CH2-Pc    ] 03
[T+3943317179us][CH1-Dispenser] 03 63
[T+3943388180us][CH2-Pc    ] 04
[T+3943393179us][CH1-Dispenser] 04 64
[T+3943466319us][CH1-Dispenser] 05
[T+3943466181us][CH2-Pc    ] 05
[T+3943641314us][CH1-Dispenser] 06
[T+3943641180us][CH2-Pc    ] 06
[T+3943815204us][CH2-Pc    ] 01
[T+3943822181us][CH1-Dispenser] 01 61
[T+3943894316us][CH1-Dispenser] 02
[T+3943894180us][CH2-Pc    ] 02
[T+3943905180us][CH1-Dispenser] 62
[T+3943972180us][CH2-Pc    ] 03
[T+3943977179us][CH1-Dispenser] 03 63
[T+3944050180us][CH2-Pc    ] 04
[T+3944058187us][CH1-Dispenser] 04 64
[T+3944128316us][CH1-Dispenser] 05
[T+3944128181us][CH2-Pc    ] 05
[T+3944292180us][CH1-Dispenser] 06
[T+3944292314us][CH2-Pc    ] 06
[T+3944471180us][CH2-Pc    ] 01
[T+3944478179us][CH1-Dispenser] 01 61
[T+3944549180us][CH2-Pc    ] 02
[T+3944557188us][CH1-Dispenser] 02 62
[T+3944627180us][CH2-Pc    ] 03
[T+3944633829us][CH1-Dispenser] 03 63
[T+3944705204us][CH2-Pc    ] 04
[T+3944712180us][CH1-Dispenser] 04 64
[T+3944783180us][CH1-Dispenser] 05
[T+3944783316us][CH2-Pc    ] 05
[T+3944947322us][CH1-Dispenser] 06
[T+3944947181us][CH2-Pc    ] 06
[T+3945122180us][CH2-Pc    ] 01
[T+3945129180us][CH1-Dispenser] 01 61
[T+3945200180us][CH2-Pc    ] 02
[T+3945208819us][CH1-Dispenser] 02 62
[T+3945279180us][CH2-Pc    ] 03
[T+3945289180us][CH1-Dispenser] 03 63
[T+3945359180us][CH2-Pc    ] 04
[T+3945368218us][CH1-Dispenser] 04 64
[T+3945437316us][CH1-Dispenser] 05
[T+3945437180us][CH2-Pc    ] 05
[T+3945612181us][CH1-Dispenser] 06
[T+3945612316us][CH2-Pc    ] 06
[T+3945777204us][CH2-Pc    ] 01
[T+3945783875us][CH1-Dispenser] 01 61
[T+3945854180us][CH2-Pc    ] 02
[T+3945862748us][CH1-Dispenser] 02 62
[T+3945933180us][CH2-Pc    ] 03
[T+3945937793us][CH1-Dispenser] 03 63
[T+3946017180us][CH2-Pc    ] 04
[T+3946022179us][CH1-Dispenser] 04 64
[T+3946095314us][CH1-Dispenser] 05
[T+3946095181us][CH2-Pc    ] 05
[T+3946259180us][CH1-Dispenser] 06
[T+3946259317us][CH2-Pc    ] 06
[T+3946434180us][CH2-Pc    ] 01
[T+3946439179us][CH1-Dispenser] 01 61
[T+3946512180us][CH2-Pc    ] 02
[T+3946518218us][CH1-Dispenser] 02 62
[T+3946590204us][CH2-Pc    ] 03
[T+3946599206us][CH1-Dispenser] 03 63
[T+3946668204us][CH2-Pc    ] 04
[T+3946674203us][CH1-Dispenser] 04 64
[T+3946747317us][CH1-Dispenser] 05
[T+3946747181us][CH2-Pc    ] 05
[T+3946921180us][CH1-Dispenser] 06
[T+3946921315us][CH2-Pc    ] 06
[T+3947096180us][CH2-Pc    ] 01
[T+3947103180us][CH1-Dispenser] 01 61
[T+3947174180us][CH2-Pc    ] 02
[T+3947177207us][CH1-Dispenser] 02 62
[T+3947241180us][CH2-Pc    ] 03
[T+3947247219us][CH1-Dispenser] 03 63
[T+3947319204us][CH2-Pc    ] 04
[T+3947328204us][CH1-Dispenser] 04 64
[T+3947397180us][CH1-Dispenser] 05
[T+3947397314us][CH2-Pc    ] 05
[T+3947572181us][CH1-Dispenser] 06
[T+3947572317us][CH2-Pc    ] 06
[T+3947747180us][CH2-Pc    ] 01
[T+3947754179us][CH1-Dispenser] 01 61
[T+3947825180us][CH2-Pc    ] 02
[T+3947833188us][CH1-Dispenser] 02 62
[T+3947903180us][CH2-Pc    ] 03
[T+3947909834us][CH1-Dispenser] 03 63
[T+3947981180us][CH2-Pc    ] 04
[T+3947988181us][CH1-Dispenser] 04 64
[T+3948060180us][CH1-Dispenser] 05
[T+3948060315us][CH2-Pc    ] 05
[T+3948234180us][CH1-Dispenser] 06
[T+3948234315us][CH2-Pc    ] 06
[T+3948409180us][CH2-Pc    ] 01
[T+3948419180us][CH1-Dispenser] 01 61
[T+3948487180us][CH2-Pc    ] 02
[T+3948495180us][CH1-Dispenser] 02 62
[T+3948565180us][CH2-Pc    ] 03
[T+3948574219us][CH1-Dispenser] 03 63
[T+3948643204us][CH2-Pc    ] 04
[T+3948647179us][CH1-Dispenser] 04 64
[T+3948711181us][CH1-Dispenser] 05
[T+3948711314us][CH2-Pc    ] 05
[T+3948887317us][CH1-Dispenser] 06
[T+3948887180us][CH2-Pc    ] 06
[T+3949061204us][CH2-Pc    ] 01
[T+3949068287us][CH1-Dispenser] 01 61
[T+3949140205us][CH2-Pc    ] 02
[T+3949149218us][CH1-Dispenser] 02 62
[T+3949218204us][CH2-Pc    ] 03
[T+3949224204us][CH1-Dispenser] 03 63
[T+3949296205us][CH2-Pc    ] 04
[T+3949303220us][CH1-Dispenser] 04 64
[T+3949374180us][CH1-Dispenser] 05
[T+3949374315us][CH2-Pc    ] 05
[T+3949549181us][CH1-Dispenser] 06
[T+3949549319us][CH2-Pc    ] 06
[T+3949713180us][CH2-Pc    ] 01
[T+3949718179us][CH1-Dispenser] 01 61
[T+3949791180us][CH2-Pc    ] 02
[T+3949799180us][CH1-Dispenser] 02 62
[T+3949869180us][CH2-Pc    ] 03
[T+3949878181us][CH1-Dispenser] 03 63
[T+3949948180us][CH2-Pc    ] 04
[T+3949954204us][CH1-Dispenser] 04 64
[T+3950026181us][CH1-Dispenser] 05
[T+3950026314us][CH2-Pc    ] 05
[T+3950201315us][CH1-Dispenser] 06
[T+3950201180us][CH2-Pc    ] 06
[T+3950419180us][CH2-Pc    ] 01
[T+3950424179us][CH1-Dispenser] 01 61
[T+3950497180us][CH2-Pc    ] 02
[T+3950504180us][CH1-Dispenser] 02 62
[T+3950575181us][CH2-Pc    ] 03
[T+3950584205us][CH1-Dispenser] 03 63
[T+3950653204us][CH2-Pc    ] 04
[T+3950658206us][CH1-Dispenser] 04 64
[T+3950731314us][CH1-Dispenser] 05
[T+3950731180us][CH2-Pc    ] 05
[T+3950908316us][CH1-Dispenser] 06
[T+3950908180us][CH2-Pc    ] 06
[T+3951074180us][CH2-Pc    ] 01
[T+3951082180us][CH1-Dispenser] 01 61
[T+3951152180us][CH2-Pc    ] 02
[T+3951158205us][CH1-Dispenser] 02 62
[T+3951231180us][CH2-Pc    ] 03
[T+3951240205us][CH1-Dispenser] 03 63
[T+3951309204us][CH2-Pc    ] 04
[T+3951319180us][CH1-Dispenser] 04 64
[T+3951388316us][CH1-Dispenser] 05
[T+3951388180us][CH2-Pc    ] 05
[T+3951562315us][CH1-Dispenser] 06
[T+3951562181us][CH2-Pc    ] 06
[T+3951738180us][CH2-Pc    ] 01
[T+3951743179us][CH1-Dispenser] 01 61
[T+3951815204us][CH2-Pc    ] 02
[T+3951823187us][CH1-Dispenser] 02 62
[T+3951893180us][CH2-Pc    ] 03
[T+3951898179us][CH1-Dispenser] 03 63
[T+3951961205us][CH2-Pc    ] 04
[T+3951972180us][CH1-Dispenser] 04 64
[T+3952039180us][CH1-Dispenser] 05
[T+3952039315us][CH2-Pc    ] 05
[T+3952214180us][CH1-Dispenser] 06
[T+3952214317us][CH2-Pc    ] 06
[T+3952388205us][CH2-Pc    ] 01
[T+3952394204us][CH1-Dispenser] 01 61
[T+3952470180us][CH2-Pc    ] 02
[T+3952478194us][CH1-Dispenser] 02 62
[T+3952548180us][CH2-Pc    ] 03
[T+3952554830us][CH1-Dispenser] 03 63
[T+3952626208us][CH2-Pc    ] 04
[T+3952635208us][CH1-Dispenser] 04 64
[T+3952704312us][CH1-Dispenser] 05
[T+3952704180us][CH2-Pc    ] 05
[T+3952868180us][CH1-Dispenser] 06
[T+3952868320us][CH2-Pc    ] 06
[T+3953043180us][CH2-Pc    ] 01
[T+3953048179us][CH1-Dispenser] 01 61
[T+3953121180us][CH2-Pc    ] 02
[T+3953129185us][CH1-Dispenser] 02 62
[T+3953199180us][CH2-Pc    ] 03
[T+3953204187us][CH1-Dispenser] 03 63
[T+3953288204us][CH2-Pc    ] 04
[T+3953296187us][CH1-Dispenser] 04 64
[T+3953366316us][CH1-Dispenser] 05
[T+3953366181us][CH2-Pc    ] 05
[T+3953541182us][CH1-Dispenser] 06
[T+3953541317us][CH2-Pc    ] 06
[T+3953716180us][CH2-Pc    ] 01
[T+3953724180us][CH1-Dispenser] 01 61
[T+3953794180us][CH2-Pc    ] 02
[T+3953799794us][CH1-Dispenser] 02 62
[T+3953872180us][CH2-Pc    ] 03
[T+3953878255us][CH1-Dispenser] 03 63
[T+3953950204us][CH2-Pc    ] 04
[T+3953959218us][CH1-Dispenser] 04 64
[T+3954028180us][CH1-Dispenser] 05
[T+3954028314us][CH2-Pc    ] 05
[T+3954203180us][CH1-Dispenser] 06
[T+3954203318us][CH2-Pc    ] 06
[T+3954378180us][CH2-Pc    ] 01
[T+3954383179us][CH1-Dispenser] 01 61
[T+3954456180us][CH2-Pc    ] 02
[T+3954464187us][CH1-Dispenser] 02 62
[T+3954534180us][CH2-Pc    ] 03
[T+3954543180us][CH1-Dispenser] 03 63
[T+3954612204us][CH2-Pc    ] 04
[T+3954621185us][CH1-Dispenser] 04 64
[T+3954690180us][CH1-Dispenser] 05
[T+3954690314us][CH2-Pc    ] 05
[T+3954854316us][CH1-Dispenser] 06
[T+3954854180us][CH2-Pc    ] 06
[T+3955029180us][CH2-Pc    ] 01
[T+3955034788us][CH1-Dispenser] 01 61
[T+3955107180us][CH2-Pc    ] 02
[T+3955113355us][CH1-Dispenser] 02 62
[T+3955185208us][CH2-Pc    ] 03
[T+3955196180us][CH1-Dispenser] 03 63
[T+3955263180us][CH2-Pc    ] 04
[T+3955269204us][CH1-Dispenser] 04 64
[T+3955342180us][CH1-Dispenser] 05
[T+3955342315us][CH2-Pc    ] 05
[T+3955516316us][CH1-Dispenser] 06
[T+3955516182us][CH2-Pc    ] 06
[T+3955680180us][CH2-Pc    ] 01
[T+3955689218us][CH1-Dispenser] 01 61
[T+3955759180us][CH2-Pc    ] 02
[T+3955763179us][CH1-Dispenser] 02 62
[T+3955837180us][CH2-Pc    ] 03
[T+3955844180us][CH1-Dispenser] 03 63
[T+3955915180us][CH2-Pc    ] 04
[T+3955923180us][CH1-Dispenser] 04 64
[T+3955993180us][CH1-Dispenser] 05
[T+3955993314us][CH2-Pc    ] 05
[T+3956168181us][CH1-Dispenser] 06
[T+3956168314us][CH2-Pc    ] 06
[T+3956343180us][CH2-Pc    ] 01
[T+3956349821us][CH1-Dispenser] 01 61
[T+3956421206us][CH2-Pc    ] 02
[T+3956428179us][CH1-Dispenser] 02 62
[T+3956499180us][CH2-Pc    ] 03
[T+3956505204us][CH1-Dispenser] 03 63
[T+3956577204us][CH2-Pc    ] 04
[T+3956586212us][CH1-Dispenser] 04 64
[T+3956655180us][CH1-Dispenser] 05
[T+3956655315us][CH2-Pc    ] 05
[T+3956830314us][CH1-Dispenser] 06
[T+3956830180us][CH2-Pc    ] 06
[T+3956994180us][CH2-Pc    ] 01
[T+3956999179us][CH1-Dispenser] 01 61
[T+3957072180us][CH2-Pc    ] 02
[T+3957083180us][CH1-Dispenser] 02 62
[T+3957150180us][CH2-Pc    ] 03
[T+3957159207us][CH1-Dispenser] 03 63
[T+3957228204us][CH2-Pc    ] 04
[T+3957235180us][CH1-Dispenser] 04 64
[T+3957306180us][CH1-Dispenser] 05
[T+3957306315us][CH2-Pc    ] 05
[T+3957481314us][CH1-Dispenser] 06
[T+3957481180us][CH2-Pc    ] 06
[T+3957656180us][CH2-Pc    ] 01
[T+3957664783us][CH1-Dispenser] 01 61
[T+3957734180us][CH2-Pc    ] 02
[T+3957740204us][CH1-Dispenser] 02 62
[T+3957812204us][CH2-Pc    ] 03
[T+3957819180us][CH1-Dispenser] 03 63
[T+3957890180us][CH2-Pc    ] 04
[T+3957900180us][CH1-Dispenser] 04 64
[T+3957969181us][CH1-Dispenser] 05
[T+3957969315us][CH2-Pc    ] 05
[T+3958143317us][CH1-Dispenser] 06
[T+3958143181us][CH2-Pc    ] 06
[T+3958307180us][CH2-Pc    ] 01
[T+3958317180us][CH1-Dispenser] 01 61
[T+3958385180us][CH2-Pc    ] 02
[T+3958396185us][CH1-Dispenser] 02 62
[T+3958464180us][CH2-Pc    ] 03
[T+3958469179us][CH1-Dispenser] 03 63
[T+3958542180us][CH2-Pc    ] 04
[T+3958549180us][CH1-Dispenser] 04 64
[T+3958620180us][CH1-Dispenser] 05
[T+3958620313us][CH2-Pc    ] 05
[T+3958795315us][CH1-Dispenser] 06
[T+3958795181us][CH2-Pc    ] 06
[T+3958969180us][CH2-Pc    ] 01
[T+3958974899us][CH1-Dispenser] 01 61
[T+3959048180us][CH2-Pc    ] 02
[T+3959054179us][CH1-Dispenser] 02 62
[T+3959126188us][CH2-Pc    ] 03
[T+3959136189us][CH1-Dispenser] 03 63
[T+3959204180us][CH2-Pc    ] 04
[T+3959208179us][CH1-Dispenser] 04 64
[T+3959274180us][CH1-Dispenser] 05
[T+3959274316us][CH2-Pc    ] 05
[T+3959449180us][CH1-Dispenser] 06
[T+3959449316us][CH2-Pc    ] 06
[T+3959624180us][CH2-Pc    ] 01
[T+3959628179us][CH1-Dispenser] 01 61
[T+3959691206us][CH2-Pc    ] 02
[T+3959699181us][CH1-Dispenser] 02 62
[T+3959769180us][CH2-Pc    ] 03
[T+3959774825us][CH1-Dispenser] 03 63
[T+3959847204us][CH2-Pc    ] 04
[T+3959853218us][CH1-Dispenser] 04 64
[T+3959925318us][CH1-Dispenser] 05
[T+3959925182us][CH2-Pc    ] 05
[T+3960111314us][CH1-Dispenser] 06
[T+3960111181us][CH2-Pc    ] 06
[T+3960275180us][CH2-Pc    ] 01
[T+3960284219us][CH1-Dispenser] 01 61
[T+3960353204us][CH2-Pc    ] 02
[T+3960360790us][CH1-Dispenser] 02 62
[T+3960431180us][CH2-Pc    ] 03
[T+3960439180us][CH1-Dispenser] 03 63
[T+3960509180us][CH2-Pc    ] 04
[T+3960514832us][CH1-Dispenser] 04 64
[T+3960588180us][CH1-Dispenser] 05
[T+3960588314us][CH2-Pc    ] 05
[T+3960764180us][CH1-Dispenser] 06
[T+3960765180us][CH2-Pc    ] 06
[T+3960939180us][CH2-Pc    ] 01
[T+3960945204us][CH1-Dispenser] 01 61
[T+3961017204us][CH2-Pc    ] 02
[T+3961023880us][CH1-Dispenser] 02 62
[T+3961095180us][CH2-Pc    ] 03
[T+3961105180us][CH1-Dispenser] 03 63
[T+3961173204us][CH2-Pc    ] 04
[T+3961179218us][CH1-Dispenser] 04 64
[T+3961252181us][CH1-Dispenser] 05
[T+3961252317us][CH2-Pc    ] 05
[T+3961422180us][CH1-Dispenser] 06
[T+3961422315us][CH2-Pc    ] 06
[T+3961596206us][CH2-Pc    ] 01
[T+3961603824us][CH1-Dispenser] 01 61
[T+3961675204us][CH2-Pc    ] 02
[T+3961679179us][CH1-Dispenser] 02 62
[T+3961742204us][CH2-Pc    ] 03
[T+3961749180us][CH1-Dispenser] 03 63
[T+3961820180us][CH2-Pc    ] 04
[T+3961830180us][CH1-Dispenser] 04 64
[T+3961898181us][CH1-Dispenser] 05
[T+3961898315us][CH2-Pc    ] 05
[T+3962073314us][CH1-Dispenser] 06
[T+3962073180us][CH2-Pc    ] 06
[T+3962249180us][CH2-Pc    ] 01
[T+3962255861us][CH1-Dispenser] 01 61
[T+3962327205us][CH2-Pc    ] 02
[T+3962335180us][CH1-Dispenser] 02 62
[T+3962405180us][CH2-Pc    ] 03
[T+3962415204us][CH1-Dispenser] 03 63
[T+3962483180us][CH2-Pc    ] 04
[T+3962489204us][CH1-Dispenser] 04 64
[T+3962561180us][CH1-Dispenser] 05
[T+3962561315us][CH2-Pc    ] 05
[T+3962736180us][CH1-Dispenser] 06
[T+3962736317us][CH2-Pc    ] 06
[T+3962900180us][CH2-Pc    ] 01
[T+3962910196us][CH1-Dispenser] 01 61
[T+3962978180us][CH2-Pc    ] 02
[T+3962983179us][CH1-Dispenser] 02 62
[T+3963056180us][CH2-Pc    ] 03
[T+3963066180us][CH1-Dispenser] 03 63
[T+3963134180us][CH2-Pc    ] 04
[T+3963140895us][CH1-Dispenser] 04 64
[T+3963213316us][CH1-Dispenser] 05
[T+3963213180us][CH2-Pc    ] 05
[T+3963387180us][CH1-Dispenser] 06
[T+3963387316us][CH2-Pc    ] 06
[T+3963562180us][CH2-Pc    ] 01
[T+3963569838us][CH1-Dispenser] 01 61
[T+3963640180us][CH2-Pc    ] 02
[T+3963648180us][CH1-Dispenser] 02 62
[T+3963718180us][CH2-Pc    ] 03
[T+3963724219us][CH1-Dispenser] 03 63
[T+3963797180us][CH2-Pc    ] 04
[T+3963805834us][CH1-Dispenser] 04 64
[T+3963876181us][CH1-Dispenser] 05
[T+3963876314us][CH2-Pc    ] 05
[T+3964051180us][CH1-Dispenser] 06
[T+3964051315us][CH2-Pc    ] 06
[T+3964236180us][CH2-Pc    ] 01
[T+3964245396us][CH1-Dispenser] 01 61
[T+3964314204us][CH2-Pc    ] 02
[T+3964319188us][CH1-Dispenser] 02 62
[T+3964382204us][CH2-Pc    ] 03
[T+3964390795us][CH1-Dispenser] 03 63
[T+3964460180us][CH2-Pc    ] 04
[T+3964464179us][CH1-Dispenser] 04 64
[T+3964538316us][CH1-Dispenser] 05
[T+3964538181us][CH2-Pc    ] 05
[T+3964713315us][CH1-Dispenser] 06
[T+3964713180us][CH2-Pc    ] 06
[T+3964887205us][CH2-Pc    ] 01
[T+3964895188us][CH1-Dispenser] 01 61
[T+3964965180us][CH2-Pc    ] 02
[T+3964975181us][CH1-Dispenser] 02 62
[T+3965044204us][CH2-Pc    ] 03
[T+3965050915us][CH1-Dispenser] 03 63
[T+3965122204us][CH2-Pc    ] 04
[T+3965131218us][CH1-Dispenser] 04 64
[T+3965200180us][CH1-Dispenser] 05
[T+3965200313us][CH2-Pc    ] 05
[T+3965376180us][CH1-Dispenser] 06
[T+3965376314us][CH2-Pc    ] 06
[T+3965540180us][CH2-Pc    ] 01
[T+3965544179us][CH1-Dispenser] 01 61
[T+3965607205us][CH2-Pc    ] 02
[T+3965616182us][CH1-Dispenser] 02 62
[T+3965685204us][CH2-Pc    ] 03
[T+3965695181us][CH1-Dispenser] 03 63
[T+3965763180us][CH2-Pc    ] 04
[T+3965769220us][CH1-Dispenser] 04 64
[T+3965841316us][CH1-Dispenser] 05
[T+3965841180us][CH2-Pc    ] 05
[T+3966017181us][CH1-Dispenser] 06
[T+3966017317us][CH2-Pc    ] 06
[T+3966181180us][CH2-Pc    ] 01
[T+3966191695us][CH1-Dispenser] 01 61
[T+3966259180us][CH2-Pc    ] 02
[T+3966265180us][CH1-Dispenser] 02 62
[T+3966338180us][CH2-Pc    ] 03
[T+3966343790us][CH1-Dispenser] 03 63
[T+3966416180us][CH2-Pc    ] 04
[T+3966424180us][CH1-Dispenser] 04 64
[T+3966494316us][CH1-Dispenser] 05
[T+3966494180us][CH2-Pc    ] 05
[T+3966669180us][CH1-Dispenser] 06
[T+3966669315us][CH2-Pc    ] 06
[T+3966844180us][CH2-Pc    ] 01
[T+3966850204us][CH1-Dispenser] 01 61
[T+3966926180us][CH2-Pc    ] 02
[T+3966935244us][CH1-Dispenser] 02 62
[T+3967005180us][CH2-Pc    ] 03
[T+3967010826us][CH1-Dispenser] 03 63
[T+3967083180us][CH2-Pc    ] 04
[T+3967089225us][CH1-Dispenser] 04 64
[T+3967161180us][CH1-Dispenser] 05
[T+3967161312us][CH2-Pc    ] 05
[T+3967346180us][CH1-Dispenser] 06
[T+3967346313us][CH2-Pc    ] 06
[T+3967510180us][CH2-Pc    ] 01
[T+3967521185us][CH1-Dispenser] 01 61
[T+3967588180us][CH2-Pc    ] 02
[T+3967594204us][CH1-Dispenser] 02 62
[T+3967667180us][CH2-Pc    ] 03
[T+3967675183us][CH1-Dispenser] 03 63
[T+3967745180us][CH2-Pc    ] 04
[T+3967749746us][CH1-Dispenser] 04 64
[T+3967812182us][CH1-Dispenser] 05
[T+3967812317us][CH2-Pc    ] 05
[T+3967987181us][CH1-Dispenser] 06
[T+3967987315us][CH2-Pc    ] 06
[T+3968151180us][CH2-Pc    ] 01
[T+3968162180us][CH1-Dispenser] 01 61
[T+3968229180us][CH2-Pc    ] 02
[T+3968234179us][CH1-Dispenser] 02 62
[T+3968307180us][CH2-Pc    ] 03
[T+3968315800us][CH1-Dispenser] 03 63
[T+3968389180us][CH2-Pc    ] 04
[T+3968394179us][CH1-Dispenser] 04 64
[T+3968467180us][CH1-Dispenser] 05
[T+3968467313us][CH2-Pc    ] 05
[T+3968642180us][CH1-Dispenser] 06
[T+3968642315us][CH2-Pc    ] 06
[T+3968806180us][CH2-Pc    ] 01
[T+3968816180us][CH1-Dispenser] 01 61
[T+3968885181us][CH2-Pc    ] 02
[T+3968890179us][CH1-Dispenser] 02 62
[T+3968962205us][CH2-Pc    ] 03
[T+3968969180us][CH1-Dispenser] 03 63
[T+3969041180us][CH2-Pc    ] 04
[T+3969050204us][CH1-Dispenser] 04 64
[T+3969119180us][CH1-Dispenser] 05
[T+3969119314us][CH2-Pc    ] 05
[T+3969294317us][CH1-Dispenser] 06
[T+3969294180us][CH2-Pc    ] 06
[T+3969468204us][CH2-Pc    ] 01
[T+3969475179us][CH1-Dispenser] 01 61
[T+3969546180us][CH2-Pc    ] 02
[T+3969555790us][CH1-Dispenser] 02 62
[T+3969631180us][CH2-Pc    ] 03
[T+3969639180us][CH1-Dispenser] 03 63
[T+3969709180us][CH2-Pc    ] 04
[T+3969715203us][CH1-Dispenser] 04 64
[T+3969787316us][CH1-Dispenser] 05
[T+3969787180us][CH2-Pc    ] 05
[T+3969971315us][CH1-Dispenser] 06
[T+3969971180us][CH2-Pc    ] 06
[T+3970135180us][CH2-Pc    ] 01
[T+3970140179us][CH1-Dispenser] 01 61
[T+3970213180us][CH2-Pc    ] 02
[T+3970220778us][CH1-Dispenser] 02 62
[T+3970292204us][CH2-Pc    ] 03
[T+3970301180us][CH1-Dispenser] 03 63
[T+3970370204us][CH2-Pc    ] 04
[T+3970374794us][CH1-Dispenser] 04 64
[T+3970448180us][CH1-Dispenser] 05
[T+3970448316us][CH2-Pc    ] 05
[T+3970623316us][CH1-Dispenser] 06
[T+3970623180us][CH2-Pc    ] 06
[T+3970797205us][CH2-Pc    ] 01
[T+3970805183us][CH1-Dispenser] 01 61
[T+3970875180us][CH2-Pc    ] 02
[T+3970884219us][CH1-Dispenser] 02 62
[T+3970958180us][CH2-Pc    ] 03
[T+3970965796us][CH1-Dispenser] 03 63
[T+3971036180us][CH2-Pc    ] 04
[T+3971044180us][CH1-Dispenser] 04 64
[T+3971114314us][CH1-Dispenser] 05
[T+3971114180us][CH2-Pc    ] 05
[T+3971297180us][CH1-Dispenser] 06
[T+3971298179us][CH2-Pc    ] 06
[T+3971461180us][CH2-Pc    ] 01
[T+3971470226us][CH1-Dispenser] 01 61
[T+3971546180us][CH2-Pc    ] 02
[T+3971555212us][CH1-Dispenser] 02 62
[T+3971624205us][CH2-Pc    ] 03
[T+3971630219us][CH1-Dispenser] 03 63
[T+3971703180us][CH2-Pc    ] 04
[T+3971709204us][CH1-Dispenser] 04 64
[T+3971781181us][CH1-Dispenser] 05
[T+3971781315us][CH2-Pc    ] 05
[T+3971956180us][CH1-Dispenser] 06
[T+3971956316us][CH2-Pc    ] 06
[T+3972124179us][CH1-Dispenser] 01 61
[T+3972120180us][CH2-Pc    ] 01
[T+3972198180us][CH2-Pc    ] 02
[T+3972205179us][CH1-Dispenser] 02 62
[T+3972284182us][CH2-Pc    ] 03
[T+3972291181us][CH1-Dispenser] 03 63
[T+3972362180us][CH2-Pc    ] 04
[T+3972371218us][CH1-Dispenser] 04 64
[T+3972440316us][CH1-Dispenser] 05
[T+3972440180us][CH2-Pc    ] 05
[T+3972604314us][CH1-Dispenser] 06
[T+3972604181us][CH2-Pc    ] 06
[T+3972779180us][CH2-Pc    ] 01
[T+3972785203us][CH1-Dispenser] 01 61
[T+3972857204us][CH2-Pc    ] 02
[T+3972867185us][CH1-Dispenser] 02 62
[T+3972936204us][CH2-Pc    ] 03
[T+3972946180us][CH1-Dispenser] 03 63
[T+3973014180us][CH2-Pc    ] 04
[T+3973019187us][CH1-Dispenser] 04 64
[T+3973092180us][CH1-Dispenser] 05
[T+3973092314us][CH2-Pc    ] 05
[T+3973270180us][CH1-Dispenser] 06
[T+3973270313us][CH2-Pc    ] 06
[T+3973455180us][CH2-Pc    ] 01
[T+3973459780us][CH1-Dispenser] 01 61
[T+3973523180us][CH2-Pc    ] 02
[T+3973532218us][CH1-Dispenser] 02 72
[T+3973550204us][CH2-Pc    ] 22
[T+3973555179us][CH1-Dispenser] 22 D2
[T+3973572180us][CH1-Dispenser] FF
[T+3973572312us][CH2-Pc    ] FF
[T+3973584308us][CH1-Dispenser] E9
[T+3973584180us][CH2-Pc    ] E9
[T+3973597314us][CH1-Dispenser] FE
[T+3973597180us][CH2-Pc    ] FE
[T+3973610319us][CH1-Dispenser] E0
[T+3973610183us][CH2-Pc    ] E0
[T+3973623323us][CH1-Dispenser] E1
[T+3973623183us][CH2-Pc    ] E1
[T+3973636324us][CH1-Dispenser] E0
[T+3973636185us][CH2-Pc    ] E0
[T+3973649462us][CH1-Dispenser] FB
[T+3973649322us][CH2-Pc    ] FB
[T+3973662183us][CH1-Dispenser] EE
[T+3973662323us][CH2-Pc    ] EE
[T+3973673187us][CH2-Pc    ] F0
[T+3973703180us][CH1-Dispenser] F0 BA B0 B3 B2 B0 B1 B0 B0 B0 B0 B1 B1 B1 B1 B2 C1 B9 8D 8A
[T+3973776180us][CH2-Pc    ] 03
[T+3973785218us][CH1-Dispenser] 03 63
[T+3973854204us][CH2-Pc    ] 04
[T+3973859179us][CH1-Dispenser] 04 64
[T+3973932181us][CH1-Dispenser] 05
[T+3973932316us][CH2-Pc    ] 05
[T+3974108180us][CH1-Dispenser] 06
[T+3974108316us][CH2-Pc    ] 06
[T+3974283180us][CH2-Pc    ] 01
[T+3974290388us][CH1-Dispenser] 01 61
[T+3974361180us][CH2-Pc    ] 02
[T+3974369180us][CH1-Dispenser] 02 72
[T+3974388180us][CH2-Pc    ] 22
[T+3974395180us][CH1-Dispenser] 22 D2
[T+3974411181us][CH1-Dispenser] FF
[T+3974411310us][CH2-Pc    ] FF
[T+3974424185us][CH1-Dispenser] E9
[T+3974424324us][CH2-Pc    ] E9
[T+3974445316us][CH1-Dispenser] FE
[T+3974445180us][CH2-Pc    ] FE
[T+3974466312us][CH1-Dispenser] E0
[T+3974466180us][CH2-Pc    ] E0
[T+3974488314us][CH1-Dispenser] E1
[T+3974488180us][CH2-Pc    ] E1
[T+3974509308us][CH1-Dispenser] E0
[T+3974509180us][CH2-Pc    ] E0
[T+3974522315us][CH1-Dispenser] FB
[T+3974522181us][CH2-Pc    ] FB
[T+3974535180us][CH1-Dispenser] EE
[T+3974535313us][CH2-Pc    ] EE
[T+3974547180us][CH2-Pc    ] F0
[T+3974576180us][CH1-Dispenser] F0 BA B0 B3 B2 B0 B1 B0 B0 B0 B0 B1 B1 B1 B1 B2 C1 B9 8D 8A
[T+3974649333us][CH2-Pc    ] 03
[T+3974655218us][CH1-Dispenser] 03 63
[T+3974727204us][CH2-Pc    ] 04
[T+3974735181us][CH1-Dispenser] 04 64
[T+3974805180us][CH1-Dispenser] 05
[T+3974805316us][CH2-Pc    ] 05
[T+3974980181us][CH1-Dispenser] 06
[T+3974980317us][CH2-Pc    ] 06
[T+3975155180us][CH2-Pc    ] 01
[T+3975160179us][CH1-Dispenser] 01 61
[T+3975233180us][CH2-Pc    ] 02
[T+3975242218us][CH1-Dispenser] 02 72
[T+3975260205us][CH2-Pc    ] 22
[T+3975265179us][CH1-Dispenser] 22 D2
[T+3975282315us][CH1-Dispenser] FF
[T+3975282180us][CH2-Pc    ] FF
[T+3975295180us][CH1-Dispenser] E9
[T+3975295314us][CH2-Pc    ] E9
[T+3975307183us][CH1-Dispenser] FE
[T+3975307318us][CH2-Pc    ] FE
[T+3975320185us][CH1-Dispenser] E0
[T+3975320323us][CH2-Pc    ] E0
[T+3975341180us][CH1-Dispenser] E1
[T+3975341313us][CH2-Pc    ] E1
[T+3975363314us][CH1-Dispenser] E0
[T+3975363180us][CH2-Pc    ] E0
[T+3975375314us][CH1-Dispenser] FB
[T+3975375181us][CH2-Pc    ] FB
[T+3975388314us][CH1-Dispenser] EE
[T+3975388181us][CH2-Pc    ] EE
[T+3975401181us][CH2-Pc    ] F0
[T+3975432180us][CH1-Dispenser] F0 BA B0 B3 B2 B0 B1 B0 B0 B0 B0 B1 B1 B1 B1 B2 C1 B9 8D 8A
[T+3975503180us][CH2-Pc    ] 03
[T+3975510825us][CH1-Dispenser] 03 63
[T+3975582205us][CH2-Pc    ] 04
[T+3975589180us][CH1-Dispenser] 04 64
[T+3975660315us][CH1-Dispenser] 05
[T+3975660180us][CH2-Pc    ] 05
[T+3975845182us][CH1-Dispenser] 06
[T+3975845318us][CH2-Pc    ] 06
[T+3976009180us][CH2-Pc    ] 01
[T+3976016180us][CH1-Dispenser] 01 61
[T+3976087180us][CH2-Pc    ] 02
[T+3976097180us][CH1-Dispenser] 02 72
[T+3976125180us][CH1-Dispenser] 22 D2 FF
[T+3976125313us][CH2-Pc    ] 22 FF
[T+3976138320us][CH1-Dispenser] E9
[T+3976138184us][CH2-Pc    ] E9
[T+3976151255us][CH1-Dispenser] FE
[T+3976151182us][CH2-Pc    ] FE
[T+3976163321us][CH1-Dispenser] E0
[T+3976163184us][CH2-Pc    ] E0
[T+3976177184us][CH1-Dispenser] E1
[T+3976177320us][CH2-Pc    ] E1
[T+3976189312us][CH1-Dispenser] E0
[T+3976189180us][CH2-Pc    ] E0
[T+3976201313us][CH1-Dispenser] FB
[T+3976201181us][CH2-Pc    ] FB
[T+3976214324us][CH1-Dispenser] EE
[T+3976214185us][CH2-Pc    ] EE
[T+3976227180us][CH2-Pc    ] F0
[T+3976258180us][CH1-Dispenser] F0 BA B0 B3 B2 B0 B1 B0 B0 B0 B0 B1 B1 B1 B1 B2 C1 B9 8D 8A
[T+3976328180us][CH2-Pc    ] 03
[T+3976335180us][CH1-Dispenser] 03 63
[T+3976407269us][CH2-Pc    ] 04
[T+3976414179us][CH1-Dispenser] 04 64
[T+3976485183us][CH1-Dispenser] 05
[T+3976485324us][CH2-Pc    ] 05
[T+3976649336us][CH1-Dispenser] 06
[T+3976649476us][CH2-Pc    ] 06
[T+3976824180us][CH2-Pc    ] 01
[T+3976831836us][CH1-Dispenser] 01 61
[T+3976902180us][CH2-Pc    ] 02
[T+3976910180us][CH1-Dispenser] 02 72
[T+3976929180us][CH2-Pc    ] 22
[T+3976935827us][CH1-Dispenser] 22 D2
[T+3976951181us][CH1-Dispenser] FF
[T+3976951314us][CH2-Pc    ] FF
[T+3976963314us][CH1-Dispenser] E9
[T+3976963182us][CH2-Pc    ] E9
[T+3976976314us][CH1-Dispenser] FE
[T+3976976180us][CH2-Pc    ] FE
[T+3976989316us][CH1-Dispenser] E0
[T+3976989182us][CH2-Pc    ] E0
[T+3977003186us][CH1-Dispenser] E1
[T+3977003325us][CH2-Pc    ] E1
[T+3977014316us][CH1-Dispenser] E0
[T+3977014183us][CH2-Pc    ] E0
[T+3977027311us][CH1-Dispenser] FB
[T+3977027181us][CH2-Pc    ] FB
[T+3977045185us][CH1-Dispenser] EE
[T+3977045327us][CH2-Pc    ] EE
[T+3977058180us][CH2-Pc    ] F0
[T+3977088205us][CH1-Dispenser] F0 BA B0 B3 B2 B0 B1 B0 B0 B0 B0 B1 B1 B1 B1 B2 C1 B9 8D 8A
[T+3977160204us][CH2-Pc    ] 03
[T+3977165179us][CH1-Dispenser] 03 63
[T+3977238180us][CH2-Pc    ] 04
[T+3977245180us][CH1-Dispenser] 04 64
[T+3977316314us][CH1-Dispenser] 05
[T+3977316180us][CH2-Pc    ] 05
[T+3977501315us][CH1-Dispenser] 06
[T+3977501181us][CH2-Pc    ] 06
[T+3977665180us][CH2-Pc    ] 01
[T+3977670820us][CH1-Dispenser] 01 61
[T+3977743180us][CH2-Pc    ] 02
[T+3977752204us][CH1-Dispenser] 02 72
[T+3977782316us][CH1-Dispenser] 22 D2 FF
[T+3977782180us][CH2-Pc    ] 22 FF
[T+3977794314us][CH1-Dispenser] E9
[T+3977794180us][CH2-Pc    ] E9
[T+3977807313us][CH1-Dispenser] FE
[T+3977807180us][CH2-Pc    ] FE
[T+3977820312us][CH1-Dispenser] E0
[T+3977820181us][CH2-Pc    ] E0
[T+3977832183us][CH1-Dispenser] E1
[T+3977832318us][CH2-Pc    ] E1
[T+3977846180us][CH1-Dispenser] E0
[T+3977845183us][CH2-Pc    ] E0
[T+3977858180us][CH1-Dispenser] FB
[T+3977858311us][CH2-Pc    ] FB
[T+3977870181us][CH1-Dispenser] EE
[T+3977870311us][CH2-Pc    ] EE
[T+3977883180us][CH2-Pc    ] F0
[T+3977912180us][CH1-Dispenser] F0 BA B0 B3 B2 B0 B1 B0 B0 B0 B0 B1 B1 B1 B1 B2 C1 B9 8D 8A
[T+3977985180us][CH2-Pc    ] 03
[T+3977991847us][CH1-Dispenser] 03 63
[T+3978063205us][CH2-Pc    ] 04
[T+3978070180us][CH1-Dispenser] 04 64
[T+3978141180us][CH1-Dispenser] 05
[T+3978141314us][CH2-Pc    ] 05
[T+3978305314us][CH1-Dispenser] 06
[T+3978305180us][CH2-Pc    ] 06
[T+3978480180us][CH2-Pc    ] 01
[T+3978487180us][CH1-Dispenser] 01 61
[T+3978551180us][CH2-Pc    ] 02
[T+3978561180us][CH1-Dispenser] 02 72
[T+3978579204us][CH2-Pc    ] 22
[T+3978586180us][CH1-Dispenser] 22 D2
[T+3978600180us][CH1-Dispenser] FF
[T+3978600312us][CH2-Pc    ] FF
[T+3978613313us][CH1-Dispenser] E9
[T+3978613180us][CH2-Pc    ] E9
[T+3978625315us][CH1-Dispenser] FE
[T+3978625180us][CH2-Pc    ] FE
[T+3978638315us][CH1-Dispenser] E0
[T+3978638181us][CH2-Pc    ] E0
[T+3978651180us][CH1-Dispenser] E1
[T+3978651314us][CH2-Pc    ] E1
[T+3978663319us][CH1-Dispenser] E0
[T+3978663181us][CH2-Pc    ] E0
[T+3978676315us][CH1-Dispenser] FB
[T+3978676181us][CH2-Pc    ] FB
[T+3978689314us][CH1-Dispenser] EE
[T+3978689181us][CH2-Pc    ] EE
[T+3978701205us][CH2-Pc    ] F0
[T+3978733180us][CH1-Dispenser] F0 BA B0 B3 B2 B0 B1 B0 B0 B0 B0 B1 B1 B1 B1 B2 C1 B9 8D 8A
[T+3978804180us][CH2-Pc    ] 03
[T+3978811180us][CH1-Dispenser] 03 63
[T+3978882180us][CH2-Pc    ] 04
[T+3978890180us][CH1-Dispenser] 04 64
[T+3978960180us][CH1-Dispenser] 05
[T+3978960316us][CH2-Pc    ] 05
[T+3979135181us][CH1-Dispenser] 06
[T+3979135317us][CH2-Pc    ] 06
[T+3979310180us][CH2-Pc    ] 01
[T+3979315179us][CH1-Dispenser] 01 61
[T+3979388180us][CH2-Pc    ] 02
[T+3979395828us][CH1-Dispenser] 02 72
[T+3979416205us][CH2-Pc    ] 22
[T+3979437181us][CH1-Dispenser] 22 D2 FF
[T+3979437311us][CH2-Pc    ] FF
[T+3979457316us][CH1-Dispenser] E9
[T+3979457180us][CH2-Pc    ] E9
[T+3979469312us][CH1-Dispenser] FE
[T+3979469180us][CH2-Pc    ] FE
[T+3979482308us][CH1-Dispenser] E0
[T+3979482180us][CH2-Pc    ] E0
[T+3979495181us][CH1-Dispenser] E1
[T+3979495309us][CH2-Pc    ] E1
[T+3979508840us][CH1-Dispenser] E0
[T+3979508979us][CH2-Pc    ] E0
[T+3979520321us][CH1-Dispenser] FB
[T+3979520185us][CH2-Pc    ] FB
[T+3979532180us][CH1-Dispenser] EE
[T+3979533179us][CH2-Pc    ] EE
[T+3979545180us][CH2-Pc    ] F0
[T+3979573180us][CH1-Dispenser] F0 BA B0 B3 B2 B0 B1 B0 B0 B0 B0 B1 B1 B1 B1 B2 C1 B9 8D 8A
[T+3979637180us][CH2-Pc    ] 03
[T+3979645181us][CH1-Dispenser] 03 63
[T+3979715180us][CH2-Pc    ] 04
[T+3979720179us][CH1-Dispenser] 04 64
[T+3979793314us][CH1-Dispenser] 05
[T+3979793180us][CH2-Pc    ] 05
[T+3979968181us][CH1-Dispenser] 06
[T+3979968319us][CH2-Pc    ] 06
[T+3980143180us][CH2-Pc    ] 01
[T+3980150180us][CH1-Dispenser] 01 61
[T+3980221180us][CH2-Pc    ] 02
[T+3980227218us][CH1-Dispenser] 02 72
[T+3980248204us][CH2-Pc    ] 22
[T+3980254218us][CH1-Dispenser] 22 D2
[T+3980270313us][CH1-Dispenser] FF
[T+3980270180us][CH2-Pc    ] FF
[T+3980283311us][CH1-Dispenser] E9
[T+3980283180us][CH2-Pc    ] E9
[T+3980295315us][CH1-Dispenser] FE
[T+3980295180us][CH2-Pc    ] FE
[T+3980308314us][CH1-Dispenser] E0
[T+3980308180us][CH2-Pc    ] E0
[T+3980321183us][CH1-Dispenser] E1
[T+3980321319us][CH2-Pc    ] E1
[T+3980333317us][CH1-Dispenser] E0
[T+3980333181us][CH2-Pc    ] E0
[T+3980347318us][CH1-Dispenser] FB
[T+3980347181us][CH2-Pc    ] FB
[T+3980363315us][CH1-Dispenser] EE
[T+3980363181us][CH2-Pc    ] EE
[T+3980375204us][CH2-Pc    ] F0
[T+3980402204us][CH1-Dispenser] F0 BA B0 B3 B2 B0 B1 B0 B0 B0 B0 B1 B1 B1 B1 B2 C1 B9 8D 8A
[T+3980467180us][CH2-Pc    ] 03
[T+3980475187us][CH1-Dispenser] 03 63
[T+3980545180us][CH2-Pc    ] 04
[T+3980549179us][CH1-Dispenser] 04 64
[T+3980613180us][CH1-Dispenser] 05
[T+3980613314us][CH2-Pc    ] 05
[T+3980792180us][CH1-Dispenser] 06
[T+3980792314us][CH2-Pc    ] 06
[T+3980965180us][CH2-Pc    ] 01
[T+3980970179us][CH1-Dispenser] 01 61
[T+3981043180us][CH2-Pc    ] 02
[T+3981051187us][CH1-Dispenser] 02 72
[T+3981071180us][CH2-Pc    ] 22
[T+3981078180us][CH1-Dispenser] 22 D2
[T+3981093321us][CH1-Dispenser] FF
[T+3981093182us][CH2-Pc    ] FF
[T+3981105309us][CH1-Dispenser] E9
[T+3981105181us][CH2-Pc    ] E9
[T+3981117309us][CH1-Dispenser] FE
[T+3981117181us][CH2-Pc    ] FE
[T+3981130325us][CH1-Dispenser] E0
[T+3981130185us][CH2-Pc    ] E0
[T+3981143181us][CH1-Dispenser] E1
[T+3981143315us][CH2-Pc    ] E1
[T+3981156179us][CH1-Dispenser] E0
[T+3981155180us][CH2-Pc    ] E0
[T+3981168315us][CH1-Dispenser] FB
[T+3981168180us][CH2-Pc    ] FB
[T+3981181181us][CH1-Dispenser] EE
[T+3981181314us][CH2-Pc    ] EE
[T+3981194180us][CH2-Pc    ] F0
[T+3981223180us][CH1-Dispenser] F0 BA B0 B3 B2 B0 B1 B0 B0 B0 B0 B1 B1 B1 B1 B2 C1 B9 8D 8A
[T+3981295356us][CH2-Pc    ] 03
[T+3981301203us][CH1-Dispenser] 03 63
[T+3981373205us][CH2-Pc    ] 04
[T+3981382782us][CH1-Dispenser] 04 64
[T+3981451181us][CH1-Dispenser] 05
[T+3981451318us][CH2-Pc    ] 05
[T+3981626181us][CH1-Dispenser] 06
[T+3981626314us][CH2-Pc    ] 06
[T+3981790180us][CH2-Pc    ] 01
[T+3981795179us][CH1-Dispenser] 01 61
[T+3981858205us][CH2-Pc    ] 02
[T+3981867209us][CH1-Dispenser] 02 72
[T+3981885204us][CH2-Pc    ] 22
[T+3981892180us][CH1-Dispenser] 22 D2
[T+3981907383us][CH1-Dispenser] FF
[T+3981907246us][CH2-Pc    ] FF
[T+3981919315us][CH1-Dispenser] E9
[T+3981919181us][CH2-Pc    ] E9
[T+3981948312us][CH1-Dispenser] FE
[T+3981948180us][CH2-Pc    ] FE
[T+3981960311us][CH1-Dispenser] E0
[T+3981960180us][CH2-Pc    ] E0
[T+3981973313us][CH1-Dispenser] E1
[T+3981973180us][CH2-Pc    ] E1
[T+3981986314us][CH1-Dispenser] E0
[T+3981986180us][CH2-Pc    ] E0
[T+3981998323us][CH1-Dispenser] FB
[T+3981998186us][CH2-Pc    ] FB
[T+3982011184us][CH1-Dispenser] EE
[T+3982011282us][CH2-Pc    ] EE
[T+3982024837us][CH2-Pc    ] F0
[T+3982052180us][CH1-Dispenser] F0 BA B0 B3 B2 B0 B1 B0 B0 B0 B0 B1 B1 B1 B1 B2 C1 B9 8D 8A
[T+3982125180us][CH2-Pc    ] 03
[T+3982131204us][CH1-Dispenser] 03 63
[T+3982203205us][CH2-Pc    ] 04
[T+3982211180us][CH1-Dispenser] 04 64
[T+3982281180us][CH1-Dispenser] 05
[T+3982282180us][CH2-Pc    ] 05
[T+3982446189us][CH1-Dispenser] 06
[T+3982446330us][CH2-Pc    ] 06
[T+3982620204us][CH2-Pc    ] 01
[T+3982625179us][CH1-Dispenser] 01 61
[T+3982699180us][CH2-Pc    ] 02
[T+3982705256us][CH1-Dispenser] 02 72
[T+3982726204us][CH2-Pc    ] 22
[T+3982734180us][CH1-Dispenser] 22 D2
[T+3982748320us][CH1-Dispenser] FF
[T+3982748181us][CH2-Pc    ] FF
[T+3982760316us][CH1-Dispenser] E9
[T+3982760180us][CH2-Pc    ] E9
[T+3982773314us][CH1-Dispenser] FE
[T+3982773181us][CH2-Pc    ] FE
[T+3982785312us][CH1-Dispenser] E0
[T+3982785180us][CH2-Pc    ] E0
[T+3982798180us][CH1-Dispenser] E1
[T+3982798311us][CH2-Pc    ] E1
[T+3982811319us][CH1-Dispenser] E0
[T+3982811184us][CH2-Pc    ] E0
[T+3982824014us][CH1-Dispenser] FB
[T+3982824300us][CH2-Pc    ] FB
[T+3982836312us][CH1-Dispenser] EE
[T+3982836180us][CH2-Pc    ] EE
[T+3982849180us][CH2-Pc    ] F0
[T+3982881180us][CH1-Dispenser] F0 BA B0 B3 B2 B0 B1 B0 B0 B0 B0 B1 B1 B1 B1 B2 C1 B9 8D 8A
[T+3982957180us][CH2-Pc    ] 03
[T+3982966207us][CH1-Dispenser] 03 63
[T+3983035204us][CH2-Pc    ] 04
[T+3983041219us][CH1-Dispenser] 04 64
[T+3983114313us][CH1-Dispenser] 05
[T+3983114180us][CH2-Pc    ] 05
[T+3983299316us][CH1-Dispenser] 06
[T+3983299180us][CH2-Pc    ] 06
[T+3983464206us][CH2-Pc    ] 01
[T+3983471180us][CH1-Dispenser] 01 61
[T+3983542180us][CH2-Pc    ] 02
[T+3983550374us][CH1-Dispenser] 02 72
[T+3983570180us][CH2-Pc    ] 22
[T+3983575188us][CH1-Dispenser] 22 D2
[T+3983591321us][CH1-Dispenser] FF
[T+3983591181us][CH2-Pc    ] FF
[T+3983604312us][CH1-Dispenser] E9
[T+3983604180us][CH2-Pc    ] E9
[T+3983616313us][CH1-Dispenser] FE
[T+3983616180us][CH2-Pc    ] FE
[T+3983629314us][CH1-Dispenser] E0
[T+3983629180us][CH2-Pc    ] E0
[T+3983642311us][CH1-Dispenser] E1
[T+3983642181us][CH2-Pc    ] E1
[T+3983655491us][CH1-Dispenser] E0
[T+3983655349us][CH2-Pc    ] E0
[T+3983667327us][CH1-Dispenser] FB
[T+3983667188us][CH2-Pc    ] FB
[T+3983680183us][CH1-Dispenser] EE
[T+3983680319us][CH2-Pc    ] EE
[T+3983693180us][CH2-Pc    ] F0
[T+3983725180us][CH1-Dispenser] F0 BA B0 B3 B2 B0 B1 B0 B0 B0 B0 B1 B1 B1 B1 B2 C1 B9 8D 8A
[T+3983807180us][CH2-Pc    ] 03
[T+3983816204us][CH1-Dispenser] 03 63
[T+3983887180us][CH2-Pc    ] 04
[T+3983895187us][CH1-Dispenser] 04 64
[T+3983965316us][CH1-Dispenser] 05
[T+3983965181us][CH2-Pc    ] 05
[T+3984140180us][CH1-Dispenser] 06
[T+3984140318us][CH2-Pc    ] 06
[T+3984315180us][CH2-Pc    ] 01
[T+3984321872us][CH1-Dispenser] 01 61
[T+3984397180us][CH2-Pc    ] 02
[T+3984406204us][CH1-Dispenser] 02 72
[T+3984424922us][CH2-Pc    ] 22
[T+3984433185us][CH1-Dispenser] 22 D2
[T+3984446181us][CH1-Dispenser] FF
[T+3984446314us][CH2-Pc    ] FF
[T+3984458311us][CH1-Dispenser] E9
[T+3984458180us][CH2-Pc    ] E9
[T+3984471313us][CH1-Dispenser] FE
[T+3984471181us][CH2-Pc    ] FE
[T+3984484314us][CH1-Dispenser] E0
[T+3984484181us][CH2-Pc    ] E0
[T+3984496323us][CH1-Dispenser] E1
[T+3984496183us][CH2-Pc    ] E1
[T+3984509318us][CH1-Dispenser] E0
[T+3984509182us][CH2-Pc    ] E0
[T+3984522310us][CH1-Dispenser] FB
[T+3984522180us][CH2-Pc    ] FB
[T+3984534180us][CH1-Dispenser] EE
[T+3984534310us][CH2-Pc    ] EE
[T+3984547180us][CH2-Pc    ] F0
[T+3984579180us][CH1-Dispenser] F0 BA B0 B3 B2 B0 B1 B0 B0 B0 B0 B1 B1 B1 B1 B2 C1 B9 8D 8A
[T+3984650181us][CH2-Pc    ] 03
[T+3984656203us][CH1-Dispenser] 03 63
[T+3984728205us][CH2-Pc    ] 04
[T+3984735834us][CH1-Dispenser] 04 64
[T+3984806315us][CH1-Dispenser] 05
[T+3984806182us][CH2-Pc    ] 05
[T+3984981317us][CH1-Dispenser] 06
[T+3984981180us][CH2-Pc    ] 06
[T+3985156180us][CH2-Pc    ] 01
[T+3985166180us][CH1-Dispenser] 01 61
[T+3985235180us][CH2-Pc    ] 02
[T+3985242179us][CH1-Dispenser] 02 72
[T+3985262180us][CH2-Pc    ] 22
[T+3985271219us][CH1-Dispenser] 22 D2
[T+3985283180us][CH1-Dispenser] FF
[T+3985283311us][CH2-Pc    ] FF
[T+3985296318us][CH1-Dispenser] E9
[T+3985296182us][CH2-Pc    ] E9
[T+3985309312us][CH1-Dispenser] FE
[T+3985309180us][CH2-Pc    ] FE
[T+3985321313us][CH1-Dispenser] E0
[T+3985321180us][CH2-Pc    ] E0
[T+3985337183us][CH1-Dispenser] E1
[T+3985337321us][CH2-Pc    ] E1
[T+3985349180us][CH1-Dispenser] E0
[T+3985349313us][CH2-Pc    ] E0
[T+3985361312us][CH1-Dispenser] FB
[T+3985361180us][CH2-Pc    ] FB
[T+3985374313us][CH1-Dispenser] EE
[T+3985374180us][CH2-Pc    ] EE
[T+3985387180us][CH2-Pc    ] F0
[T+3985418180us][CH1-Dispenser] F0 BA B0 B3 B2 B0 B1 B0 B0 B0 B0 B1 B1 B1 B1 B2 C1 B9 8D 8A
[T+3985489180us][CH2-Pc    ] 03
[T+3985495205us][CH1-Dispenser] 03 63
[T+3985567180us][CH2-Pc    ] 04
[T+3985575793us][CH1-Dispenser] 04 64
[T+3985645316us][CH1-Dispenser] 05
[T+3985645181us][CH2-Pc    ] 05
[T+3985824180us][CH1-Dispenser] 06
[T+3985824316us][CH2-Pc    ] 06
[T+3985999180us][CH2-Pc    ] 01
[T+3986006179us][CH1-Dispenser] 01 61
[T+3986077180us][CH2-Pc    ] 02
[T+3986085187us][CH1-Dispenser] 02 72
[T+3986105183us][CH2-Pc    ] 22
[T+3986110292us][CH1-Dispenser] 22 D2
[T+3986126317us][CH1-Dispenser] FF
[T+3986126180us][CH2-Pc    ] FF
[T+3986139309us][CH1-Dispenser] E9
[T+3986139181us][CH2-Pc    ] E9
[T+3986151313us][CH1-Dispenser] FE
[T+3986151181us][CH2-Pc    ] FE
[T+3986164762us][CH1-Dispenser] E0
[T+3986164627us][CH2-Pc    ] E0
[T+3986177181us][CH1-Dispenser] E1
[T+3986177315us][CH2-Pc    ] E1
[T+3986190318us][CH1-Dispenser] E0
[T+3986190183us][CH2-Pc    ] E0
[T+3986202313us][CH1-Dispenser] FB
[T+3986202180us][CH2-Pc    ] FB
[T+3986215313us][CH1-Dispenser] EE
[T+3986215181us][CH2-Pc    ] EE
[T+3986228180us][CH2-Pc    ] F0
[T+3986258204us][CH1-Dispenser] F0 BA B0 B3 B2 B0 B1 B0 B0 B0 B0 B1 B1 B1 B1 B2 C1 B9 8D 8A
[T+3986329180us][CH2-Pc    ] 03
[T+3986335218us][CH1-Dispenser] 03 63
[T+3986407204us][CH2-Pc    ] 04
[T+3986414179us][CH1-Dispenser] 04 64
[T+3986486181us][CH1-Dispenser] 05
[T+3986486316us][CH2-Pc    ] 05
[T+3986665316us][CH1-Dispenser] 06
[T+3986665180us][CH2-Pc    ] 06
[T+3986840180us][CH2-Pc    ] 01
[T+3986847180us][CH1-Dispenser] 01 61
[T+3986918180us][CH2-Pc    ] 02
[T+3986925180us][CH1-Dispenser] 02 72
[T+3986945182us][CH2-Pc    ] 22
[T+3986952661us][CH1-Dispenser] 22 D2
[T+3986967315us][CH1-Dispenser] FF
[T+3986967180us][CH2-Pc    ] FF
[T+3986981311us][CH1-Dispenser] E9
[T+3986981180us][CH2-Pc    ] E9
[T+3986993319us][CH1-Dispenser] FE
[T+3986993184us][CH2-Pc    ] FE
[T+3987006311us][CH1-Dispenser] E0
[T+3987006183us][CH2-Pc    ] E0
[T+3987019188us][CH1-Dispenser] E1
[T+3987019327us][CH2-Pc    ] E1
[T+3987033185us][CH1-Dispenser] E0
[T+3987031182us][CH2-Pc    ] E0
[T+3987044319us][CH1-Dispenser] FB
[T+3987044183us][CH2-Pc    ] FB
[T+3987057183us][CH1-Dispenser] EE
[T+3987057319us][CH2-Pc    ] EE
[T+3987070183us][CH2-Pc    ] F0
[T+3987098180us][CH1-Dispenser] F0 BA B0 B3 B2 B0 B1 B0 B0 B0 B0 B1 B1 B1 B1 B2 C1 B9 8D 8A
[T+3987171181us][CH2-Pc    ] 03
[T+3987177218us][CH1-Dispenser] 03 63
[T+3987249204us][CH2-Pc    ] 04
[T+3987258219us][CH1-Dispenser] 04 64
[T+3987327180us][CH1-Dispenser] 05
[T+3987327315us][CH2-Pc    ] 05
[T+3987502180us][CH1-Dispenser] 06
[T+3987502314us][CH2-Pc    ] 06
[T+3987666180us][CH2-Pc    ] 01
[T+3987671179us][CH1-Dispenser] 01 61
[T+3987744180us][CH2-Pc    ] 02
[T+3987752180us][CH1-Dispenser] 02 72
[T+3987772180us][CH2-Pc    ] 22
[T+3987781204us][CH1-Dispenser] 22 D2
[T+3987793319us][CH1-Dispenser] FF
[T+3987793182us][CH2-Pc    ] FF
[T+3987806318us][CH1-Dispenser] E9
[T+3987806182us][CH2-Pc    ] E9
[T+3987818313us][CH1-Dispenser] FE
[T+3987818180us][CH2-Pc    ] FE
[T+3987833313us][CH1-Dispenser] E0
[T+3987833180us][CH2-Pc    ] E0
[T+3987847324us][CH1-Dispenser] E1
[T+3987847183us][CH2-Pc    ] E1
[T+3987859322us][CH1-Dispenser] E0
[T+3987859183us][CH2-Pc    ] E0
[T+3987871315us][CH1-Dispenser] FB
[T+3987871181us][CH2-Pc    ] FB
[T+3987884180us][CH1-Dispenser] EE
[T+3987884312us][CH2-Pc    ] EE
[T+3987897180us][CH2-Pc    ] F0
[T+3987928180us][CH1-Dispenser] F0 BA B0 B3 B2 B0 B1 B0 B0 B0 B0 B1 B1 B1 B1 B2 C1 B9 8D 8A
[T+3987998180us][CH2-Pc    ] 03
[T+3988007204us][CH1-Dispenser] 03 63
[T+3988076204us][CH2-Pc    ] 04
[T+3988081834us][CH1-Dispenser] 04 64
[T+3988154317us][CH1-Dispenser] 05
[T+3988154180us][CH2-Pc    ] 05
[T+3988329181us][CH1-Dispenser] 06
[T+3988329317us][CH2-Pc    ] 06
[T+3988493180us][CH2-Pc    ] 01
[T+3988501180us][CH1-Dispenser] 01 61
[T+3988571180us][CH2-Pc    ] 02
[T+3988575179us][CH1-Dispenser] 02 72
[T+3988588180us][CH2-Pc    ] 22
[T+3988610180us][CH1-Dispenser] 22 D2 FF
[T+3988610310us][CH2-Pc    ] FF
[T+3988622308us][CH1-Dispenser] E9
[T+3988622180us][CH2-Pc    ] E9
[T+3988644313us][CH1-Dispenser] FE
[T+3988644180us][CH2-Pc    ] FE
[T+3988665313us][CH1-Dispenser] E0
[T+3988665181us][CH2-Pc    ] E0
[T+3988687180us][CH1-Dispenser] E1
[T+3988687308us][CH2-Pc    ] E1
[T+3988713316us][CH1-Dispenser] E0
[T+3988713180us][CH2-Pc    ] E0
[T+3988726322us][CH1-Dispenser] FB
[T+3988726185us][CH2-Pc    ] FB
[T+3988738311us][CH1-Dispenser] EE
[T+3988738180us][CH2-Pc    ] EE
[T+3988751206us][CH2-Pc    ] F0
[T+3988779180us][CH1-Dispenser] F0 BA B0 B3 B2 B0 B1 B0 B0 B0 B0 B1 B1 B1 B1 B2 C1 B9 8D 8A
[T+3988792180us][CH2-Pc    ] 22
[T+3988801218us][CH1-Dispenser] 22 D2
[T+3988814180us][CH1-Dispenser] FF
[T+3988814314us][CH2-Pc    ] FF
[T+3988827321us][CH1-Dispenser] E5
[T+3988827183us][CH2-Pc    ] E5
[T+3988839317us][CH1-Dispenser] F4
[T+3988839184us][CH2-Pc    ] F4
[T+3988852234us][CH1-Dispenser] F6
[T+3988852372us][CH2-Pc    ] F6
[T+3988865043us][CH1-Dispenser] E1
[T+3988864903us][CH2-Pc    ] E1
[T+3988877310us][CH1-Dispenser] F7
[T+3988877180us][CH2-Pc    ] F7
[T+3988891328us][CH1-Dispenser] E0
[T+3988891185us][CH2-Pc    ] E0
[T+3988902324us][CH1-Dispenser] E0
[T+3988902188us][CH2-Pc    ] E0
[T+3988915314us][CH1-Dispenser] E1
[T+3988915180us][CH2-Pc    ] E1
[T+3988937180us][CH1-Dispenser] E1
[T+3988937314us][CH2-Pc    ] E1
[T+3988958316us][CH1-Dispenser] FB
[T+3988958180us][CH2-Pc    ] FB
[T+3988977318us][CH1-Dispenser] ED
[T+3988977180us][CH2-Pc    ] ED
[T+3988989327us][CH1-Dispenser] F0
[T+3988989188us][CH2-Pc    ] F0
[T+3989078181us][CH2-Pc    ] 02
[T+3989085750us][CH1-Dispenser] 02 72
[T+3989106205us][CH2-Pc    ] 22
[T+3989110792us][CH1-Dispenser] 22 D2
[T+3989127180us][CH1-Dispenser] FF
[T+3989127313us][CH2-Pc    ] FF
[T+3989140313us][CH1-Dispenser] E5
[T+3989140180us][CH2-Pc    ] E5
[T+3989152314us][CH1-Dispenser] F2
[T+3989152180us][CH2-Pc    ] F2
[T+3989166326us][CH1-Dispenser] F8
[T+3989166187us][CH2-Pc    ] F8
[T+3989179320us][CH1-Dispenser] E0
[T+3989179183us][CH2-Pc    ] E0
[T+3989191322us][CH1-Dispenser] E0
[T+3989191184us][CH2-Pc    ] E0
[T+3989204321us][CH1-Dispenser] E0
[T+3989204183us][CH2-Pc    ] E0
[T+3989217325us][CH1-Dispenser] E0
[T+3989217185us][CH2-Pc    ] E0
[T+3989229185us][CH1-Dispenser] E1
[T+3989229326us][CH2-Pc    ] E1
[T+3989242324us][CH1-Dispenser] E0
[T+3989242184us][CH2-Pc    ] E0
[T+3989255324us][CH1-Dispenser] FB
[T+3989255185us][CH2-Pc    ] FB
[T+3989268318us][CH1-Dispenser] E6
[T+3989268183us][CH2-Pc    ] E6
[T+3989280440us][CH1-Dispenser] F0
[T+3989280299us][CH2-Pc    ] F0
[T+3989369180us][CH2-Pc    ] 02
[T+3989375832us][CH1-Dispenser] 02 72
[T+3989397315us][CH1-Dispenser] 12
[T+3989397180us][CH2-Pc    ] 12
[T+3989483180us][CH2-Pc    ] 02
[T+3989490847us][CH1-Dispenser] 02 92
[T+3989562180us][CH2-Pc    ] 03
[T+3989571205us][CH1-Dispenser] 03 63
[T+3989640204us][CH2-Pc    ] 04
[T+3989645187us][CH1-Dispenser] 04 64
[T+3989718180us][CH1-Dispenser] 05
[T+3989718316us][CH2-Pc    ] 05
[T+3989883181us][CH1-Dispenser] 06
[T+3989883318us][CH2-Pc    ] 06
[T+3990062180us][CH2-Pc    ] 01
[T+3990071208us][CH1-Dispenser] 01 61
[T+3990140205us][CH2-Pc    ] 02
[T+3990146218us][CH1-Dispenser] 02 92
[T+3990718182us][CH2-Pc    ] 03
[T+3990726826us][CH1-Dispenser] 03 63
[T+3990796180us][CH2-Pc    ] 04
[T+3990800179us][CH1-Dispenser] 04 64
[T+3990863317us][CH1-Dispenser] 05
[T+3990863181us][CH2-Pc    ] 05
[T+3991040180us][CH1-Dispenser] 06
[T+3991040315us][CH2-Pc    ] 06
[T+3991215180us][CH2-Pc    ] 01
[T+3991220179us][CH1-Dispenser] 01 61
[T+3991293180us][CH2-Pc    ] 02
[T+3991301180us][CH1-Dispenser] 02 92
[T+3991320180us][CH2-Pc    ] 62
[T+3991336180us][CH1-Dispenser] 62 E0 E0 E0 E0 E0 E0
[T+3991409180us][CH2-Pc    ] 03
[T+3991416179us][CH1-Dispenser] 03 63
[T+3991487180us][CH2-Pc    ] 04
[T+3991497180us][CH1-Dispenser] 04 64
[T+3991565316us][CH1-Dispenser] 05
[T+3991565181us][CH2-Pc    ] 05
[T+3991751180us][CH1-Dispenser] 06
[T+3991751315us][CH2-Pc    ] 06
[T+3991915180us][CH2-Pc    ] 01
[T+3991922833us][CH1-Dispenser] 01 61
[T+3991984180us][CH2-Pc    ] 02
[T+3991992478us][CH1-Dispenser] 02 92
[T+3992006180us][CH2-Pc    ] 62
[T+3992018204us][CH1-Dispenser] 62 E0 E0 E0 E0 E0 E0
[T+3992087204us][CH2-Pc    ] 03
[T+3992097181us][CH1-Dispenser] 03 63
[T+3992166204us][CH2-Pc    ] 04
[T+3992171814us][CH1-Dispenser] 04 64
[T+3992244180us][CH1-Dispenser] 05
[T+3992244317us][CH2-Pc    ] 05
[T+3992419317us][CH1-Dispenser] 06
[T+3992419180us][CH2-Pc    ] 06
[T+3992594180us][CH2-Pc    ] 01
[T+3992602181us][CH1-Dispenser] 01 61
[T+3992672180us][CH2-Pc    ] 02
[T+3992681218us][CH1-Dispenser] 02 92
[T+3992699204us][CH2-Pc    ] 62
[T+3992712180us][CH1-Dispenser] 62 E0 E0 E0 E0 E0 E0
[T+3992778205us][CH2-Pc    ] 03
[T+3992788181us][CH1-Dispenser] 03 63
[T+3992856180us][CH2-Pc    ] 04
[T+3992861792us][CH1-Dispenser] 04 64
[T+3992935316us][CH1-Dispenser] 05
[T+3992935180us][CH2-Pc    ] 05
[T+3993111180us][CH1-Dispenser] 06
[T+3993111318us][CH2-Pc    ] 06
[T+3993275180us][CH2-Pc    ] 01
[T+3993282833us][CH1-Dispenser] 01 61
[T+3993355207us][CH1-Dispenser] 02 92
[T+3993352180us][CH2-Pc    ] 02
[T+3993368180us][CH2-Pc    ] 62
[T+3993383204us][CH1-Dispenser] 62 E2 E3 E1 E0 E0 E0
[T+3993447180us][CH2-Pc    ] 03
[T+3993456205us][CH1-Dispenser] 03 63
[T+3993525204us][CH2-Pc    ] 04
[T+3993532409us][CH1-Dispenser] 04 64
[T+3993604181us][CH1-Dispenser] 05
[T+3993604315us][CH2-Pc    ] 05
[T+3993779181us][CH1-Dispenser] 06
[T+3993779315us][CH2-Pc    ] 06
[T+3993952180us][CH2-Pc    ] 01
[T+3993962180us][CH1-Dispenser] 01 61
[T+3994031204us][CH2-Pc    ] 02
[T+3994035839us][CH1-Dispenser] 02 92
[T+3994058180us][CH2-Pc    ] 62
[T+3994072180us][CH1-Dispenser] 62 E5 E7 E2 E0 E0 E0
[T+3994136180us][CH2-Pc    ] 03
[T+3994141179us][CH1-Dispenser] 03 63
[T+3994210206us][CH2-Pc    ] 04
[T+3994216869us][CH1-Dispenser] 04 64
[T+3994288314us][CH1-Dispenser] 05
[T+3994288180us][CH2-Pc    ] 05
[T+3994463182us][CH1-Dispenser] 06
[T+3994463317us][CH2-Pc    ] 06
[T+3994638180us][CH2-Pc    ] 01
[T+3994647204us][CH1-Dispenser] 01 61
[T+3994716204us][CH2-Pc    ] 02
[T+3994721187us][CH1-Dispenser] 02 92
[T+3994744180us][CH2-Pc    ] 62
[T+3994759207us][CH1-Dispenser] 62 E4 E7 E3 E0 E0 E0
[T+3994832180us][CH2-Pc    ] 03
[T+3994842180us][CH1-Dispenser] 03 63
[T+3994910180us][CH2-Pc    ] 04
[T+3994915180us][CH1-Dispenser] 04 64
[T+3994988180us][CH1-Dispenser] 05
[T+3994989181us][CH2-Pc    ] 05
[T+3995174317us][CH1-Dispenser] 06
[T+3995174181us][CH2-Pc    ] 06
[T+3995351204us][CH2-Pc    ] 01
[T+3995356179us][CH1-Dispenser] 01 61
[T+3995419204us][CH2-Pc    ] 02
[T+3995428181us][CH1-Dispenser] 02 92
[T+3995446204us][CH2-Pc    ] 62
[T+3995459180us][CH1-Dispenser] 62 E0 E5 E5 E0 E0 E0
[T+3995527180us][CH2-Pc    ] 03
[T+3995532182us][CH1-Dispenser] 03 63
[T+3995605180us][CH2-Pc    ] 04
[T+3995611821us][CH1-Dispenser] 04 64
[T+3995683181us][CH1-Dispenser] 05
[T+3995683314us][CH2-Pc    ] 05
[T+3995857180us][CH1-Dispenser] 06
[T+3995857318us][CH2-Pc    ] 06
[T+3996032180us][CH2-Pc    ] 01
[T+3996043180us][CH1-Dispenser] 01 61
[T+3996110180us][CH2-Pc    ] 02
[T+3996118180us][CH1-Dispenser] 02 92
[T+3996138180us][CH2-Pc    ] 62
[T+3996153205us][CH1-Dispenser] 62 E9 E5 E7 E0 E0 E0
[T+3996227180us][CH2-Pc    ] 03
[T+3996236205us][CH1-Dispenser] 03 63
[T+3996306180us][CH2-Pc    ] 04
[T+3996310792us][CH1-Dispenser] 04 64
[T+3996410319us][CH1-Dispenser] 05
[T+3996410180us][CH2-Pc    ] 05
[T+3996596180us][CH1-Dispenser] 06
[T+3996596319us][CH2-Pc    ] 06
[T+3996760182us][CH2-Pc    ] 01
[T+3996768882us][CH1-Dispenser] 01 61
[T+3996838180us][CH2-Pc    ] 02
[T+3996849180us][CH1-Dispenser] 02 92
[T+3996865180us][CH2-Pc    ] 62
[T+3996878180us][CH1-Dispenser] 62 E3 E2 E0 E1 E0 E0
[T+3996944204us][CH2-Pc    ] 03
[T+3996954180us][CH1-Dispenser] 03 63
[T+3997022180us][CH2-Pc    ] 04
[T+3997031918us][CH1-Dispenser] 04 64
[T+3997100314us][CH1-Dispenser] 05
[T+3997100181us][CH2-Pc    ] 05
[T+3997279180us][CH1-Dispenser] 06
[T+3997279316us][CH2-Pc    ] 06
[T+3997447181us][CH2-Pc    ] 01
[T+3997453203us][CH1-Dispenser] 01 61
[T+3997524180us][CH2-Pc    ] 02
[T+3997532835us][CH1-Dispenser] 02 92
[T+3997552180us][CH2-Pc    ] 62
[T+3997564034us][CH1-Dispenser] 62 E2 E4 E3 E1 E0 E0
[T+3997630180us][CH2-Pc    ] 03
[T+3997636863us][CH1-Dispenser] 03 63
[T+3997712180us][CH2-Pc    ] 04
[T+3997716179us][CH1-Dispenser] 04 64
[T+3997779181us][CH1-Dispenser] 05
[T+3997779318us][CH2-Pc    ] 05
[T+3997954189us][CH1-Dispenser] 06
[T+3997954329us][CH2-Pc    ] 06
[T+3998118180us][CH2-Pc    ] 01
[T+3998126325us][CH1-Dispenser] 01 61
[T+3998196180us][CH2-Pc    ] 02
[T+3998201838us][CH1-Dispenser] 02 92
[T+3998224180us][CH2-Pc    ] 62
[T+3998238180us][CH1-Dispenser] 62 E1 E6 E6 E1 E0 E0
[T+3998303180us][CH2-Pc    ] 03
[T+3998312331us][CH1-Dispenser] 03 63
[T+3998381204us][CH2-Pc    ] 04
[T+3998386179us][CH1-Dispenser] 04 64
[T+3998472182us][CH1-Dispenser] 05
[T+3998472316us][CH2-Pc    ] 05
[T+3998655181us][CH1-Dispenser] 06
[T+3998655317us][CH2-Pc    ] 06
[T+3998830180us][CH2-Pc    ] 01
[T+3998838833us][CH1-Dispenser] 01 61
[T+3998908259us][CH2-Pc    ] 02
[T+3998917350us][CH1-Dispenser] 02 92
[T+3998936180us][CH2-Pc    ] 62
[T+3998948209us][CH1-Dispenser] 62 E5 E3 E0 E2 E0 E0
[T+3999014207us][CH2-Pc    ] 03
[T+3999022181us][CH1-Dispenser] 03 63
[T+3999093180us][CH2-Pc    ] 04
[T+3999101789us][CH1-Dispenser] 04 64
[T+3999171180us][CH1-Dispenser] 05
[T+3999171316us][CH2-Pc    ] 05
[T+3999346181us][CH1-Dispenser] 06
[T+3999346317us][CH2-Pc    ] 06
[T+3999510180us][CH2-Pc    ] 01
[T+3999516204us][CH1-Dispenser] 01 61
[T+3999588204us][CH2-Pc    ] 02
[T+3999599180us][CH1-Dispenser] 02 92
[T+3999615180us][CH2-Pc    ] 62
[T+3999628180us][CH1-Dispenser] 62 E7 E8 E3 E2 E0 E0
[T+3999693180us][CH2-Pc    ] 03
[T+3999701180us][CH1-Dispenser] 03 63
[T+3999771180us][CH2-Pc    ] 04
[T+3999777266us][CH1-Dispenser] 04 64
[T+3999849181us][CH1-Dispenser] 05
[T+3999850179us][CH2-Pc    ] 05
[T+4000024314us][CH1-Dispenser] 06
[T+4000024181us][CH2-Pc    ] 06
[T+4000201204us][CH2-Pc    ] 01
[T+4000207218us][CH1-Dispenser] 01 61
[T+4000279204us][CH2-Pc    ] 02
[T+4000288181us][CH1-Dispenser] 02 92
[T+4000307180us][CH2-Pc    ] 62
[T+4000319206us][CH1-Dispenser] 62 E6 E1 E8 E2 E0 E0
[T+4000386180us][CH2-Pc    ] 03
[T+4000391179us][CH1-Dispenser] 03 63
[T+4000464180us][CH2-Pc    ] 04
[T+4000471180us][CH1-Dispenser] 04 64
[T+4000542180us][CH1-Dispenser] 05
[T+4000542315us][CH2-Pc    ] 05
[T+4000717180us][CH1-Dispenser] 06
[T+4000717315us][CH2-Pc    ] 06
[T+4000916180us][CH2-Pc    ] 01
[T+4000921822us][CH1-Dispenser] 01 61
[T+4000994180us][CH2-Pc    ] 02
[T+4001002180us][CH1-Dispenser] 02 92
[T+4001022180us][CH2-Pc    ] 62
[T+4001035181us][CH1-Dispenser] 62 E3 E2 E2 E3 E0 E0
[T+4001102180us][CH2-Pc    ] 03
[T+4001107826us][CH1-Dispenser] 03 63
[T+4001180180us][CH2-Pc    ] 04
[T+4001186834us][CH1-Dispenser] 04 64
[T+4001258180us][CH1-Dispenser] 05
[T+4001258314us][CH2-Pc    ] 05
[T+4001432317us][CH1-Dispenser] 06
[T+4001432181us][CH2-Pc    ] 06
[T+4001607180us][CH2-Pc    ] 01
[T+4001612188us][CH1-Dispenser] 01 61
[T+4001685180us][CH2-Pc    ] 02
[T+4001691203us][CH1-Dispenser] 02 92
[T+4001713180us][CH2-Pc    ] 62
[T+4001727180us][CH1-Dispenser] 62 E0 E3 E6 E3 E0 E0
[T+4001794180us][CH2-Pc    ] 03
[T+4001800203us][CH1-Dispenser] 03 63
[T+4001872205us][CH2-Pc    ] 04
[T+4001876179us][CH1-Dispenser] 04 64
[T+4001939180us][CH1-Dispenser] 05
[T+4001939314us][CH2-Pc    ] 05
[T+4002103181us][CH1-Dispenser] 06
[T+4002103318us][CH2-Pc    ] 06
[T+4002278180us][CH2-Pc    ] 01
[T+4002286844us][CH1-Dispenser] 01 61
[T+4002356204us][CH2-Pc    ] 02
[T+4002362204us][CH1-Dispenser] 02 92
[T+4002384180us][CH2-Pc    ] 62
[T+4002398180us][CH1-Dispenser] 62 E6 E2 E0 E4 E0 E0
[T+4002463180us][CH2-Pc    ] 03
[T+4002473180us][CH1-Dispenser] 03 63
[T+4002541180us][CH2-Pc    ] 04
[T+4002550219us][CH1-Dispenser] 04 64
[T+4002619314us][CH1-Dispenser] 05
[T+4002619180us][CH2-Pc    ] 05
[T+4002794316us][CH1-Dispenser] 06
[T+4002794180us][CH2-Pc    ] 06
[T+4002969180us][CH2-Pc    ] 01
[T+4002977187us][CH1-Dispenser] 01 61
[T+4003047180us][CH2-Pc    ] 02
[T+4003052179us][CH1-Dispenser] 02 92
[T+4003074314us][CH1-Dispenser] 62
[T+4003074181us][CH2-Pc    ] 62
[T+4003093180us][CH1-Dispenser] E6 E6 E4 E4 E0 E0
[T+4003164180us][CH2-Pc    ] 03
[T+4003172825us][CH1-Dispenser] 03 63
[T+4003242180us][CH2-Pc    ] 04
[T+4003247827us][CH1-Dispenser] 04 64
[T+4003320316us][CH1-Dispenser] 05
[T+4003320180us][CH2-Pc    ] 05
[T+4003495181us][CH1-Dispenser] 06
[T+4003495317us][CH2-Pc    ] 06
[T+4003670180us][CH2-Pc    ] 01
[T+4003678820us][CH1-Dispenser] 01 61
[T+4003748180us][CH2-Pc    ] 02
[T+4003758180us][CH1-Dispenser] 02 92
[T+4003776205us][CH2-Pc    ] 62
[T+4003789180us][CH1-Dispenser] 62 E4 E8 E8 E4 E0 E0
[T+4003855204us][CH2-Pc    ] 03
[T+4003864207us][CH1-Dispenser] 03 63
[T+4003933204us][CH2-Pc    ] 04
[T+4003943821us][CH1-Dispenser] 04 64
[T+4004012181us][CH1-Dispenser] 05
[T+4004012316us][CH2-Pc    ] 05
[T+4004187180us][CH1-Dispenser] 06
[T+4004187315us][CH2-Pc    ] 06
[T+4004351180us][CH2-Pc    ] 01
[T+4004358180us][CH1-Dispenser] 01 61
[T+4004429180us][CH2-Pc    ] 02
[T+4004437180us][CH1-Dispenser] 02 92
[T+4004457180us][CH2-Pc    ] 62
[T+4004468180us][CH1-Dispenser] 62 E7 E3 E1 E5 E0 E0
[T+4004535180us][CH2-Pc    ] 03
[T+4004541207us][CH1-Dispenser] 03 63
[T+4004613205us][CH2-Pc    ] 04
[T+4004622218us][CH1-Dispenser] 04 64
[T+4004691314us][CH1-Dispenser] 05
[T+4004691181us][CH2-Pc    ] 05
[T+4004877316us][CH1-Dispenser] 06
[T+4004877180us][CH2-Pc    ] 06
[T+4005041180us][CH2-Pc    ] 01
[T+4005047218us][CH1-Dispenser] 01 61
[T+4005119204us][CH2-Pc    ] 02
[T+4005126180us][CH1-Dispenser] 02 92
[T+4005158344us][CH2-Pc    ] 62
[T+4005174180us][CH1-Dispenser] 62 E7 E3 E1 E5 E0 E0
[T+4005250180us][CH2-Pc    ] 03
[T+4005257829us][CH1-Dispenser] 03 63
[T+4005328180us][CH2-Pc    ] 04
[T+4005336180us][CH1-Dispenser] 04 64
[T+4005406180us][CH1-Dispenser] 05
[T+4005406314us][CH2-Pc    ] 05
[T+4005570181us][CH1-Dispenser] 06
[T+4005570317us][CH2-Pc    ] 06
[T+4005745180us][CH2-Pc    ] 01
[T+4005752180us][CH1-Dispenser] 01 61
[T+4005823180us][CH2-Pc    ] 02
[T+4005833180us][CH1-Dispenser] 02 92
[T+4005850180us][CH2-Pc    ] 62
[T+4005864180us][CH1-Dispenser] 62 E7 E3 E1 E5 E0 E0
[T+4005929180us][CH2-Pc    ] 03
[T+4005938219us][CH1-Dispenser] 03 63
[T+4006008180us][CH2-Pc    ] 04
[T+4006017205us][CH1-Dispenser] 04 64
[T+4006086180us][CH1-Dispenser] 05
[T+4006086315us][CH2-Pc    ] 05
[T+4006261181us][CH1-Dispenser] 06
[T+4006261316us][CH2-Pc    ] 06
[T+4006435205us][CH2-Pc    ] 01
[T+4006443579us][CH1-Dispenser] 01 61
[T+4006513180us][CH2-Pc    ] 02
[T+4006524180us][CH1-Dispenser] 02 92
[T+4006541180us][CH2-Pc    ] 62
[T+4006553204us][CH1-Dispenser] 62 E7 E3 E1 E5 E0 E0
[T+4006619205us][CH2-Pc    ] 03
[T+4006628185us][CH1-Dispenser] 03 63
[T+4006697204us][CH2-Pc    ] 04
[T+4006703218us][CH1-Dispenser] 04 64
[T+4006775314us][CH1-Dispenser] 05
[T+4006775180us][CH2-Pc    ] 05
[T+4006950181us][CH1-Dispenser] 06
[T+4006950318us][CH2-Pc    ] 06
[T+4007123180us][CH2-Pc    ] 01
[T+4007134180us][CH1-Dispenser] 01 61
[T+4007201180us][CH2-Pc    ] 02
[T+4007208180us][CH1-Dispenser] 02 92
[T+4007228180us][CH2-Pc    ] 62
[T+4007244180us][CH1-Dispenser] 62 E7 E3 E1 E5 E0 E0
[T+4007317180us][CH2-Pc    ] 03
[T+4007321179us][CH1-Dispenser] 03 63
[T+4007385180us][CH2-Pc    ] 04
[T+4007392179us][CH1-Dispenser] 04 64
[T+4007463965us][CH1-Dispenser] 05
[T+4007464204us][CH2-Pc    ] 05
[T+4007637181us][CH1-Dispenser] 06
[T+4007637317us][CH2-Pc    ] 06
[T+4007812180us][CH2-Pc    ] 01
[T+4007817179us][CH1-Dispenser] 01 61
[T+4007890180us][CH2-Pc    ] 02
[T+4007900180us][CH1-Dispenser] 02 92
[T+4007918205us][CH2-Pc    ] 62
[T+4007929180us][CH1-Dispenser] 62 E7 E3 E1 E5 E0 E0
[T+4007996180us][CH2-Pc    ] 03
[T+4008003180us][CH1-Dispenser] 03 63
[T+4008074180us][CH2-Pc    ] 04
[T+4008082185us][CH1-Dispenser] 04 64
[T+4008153180us][CH1-Dispenser] 05
[T+4008153314us][CH2-Pc    ] 05
[T+4008328314us][CH1-Dispenser] 06
[T+4008328180us][CH2-Pc    ] 06
[T+4008492180us][CH2-Pc    ] 01
[T+4008497179us][CH1-Dispenser] 01 61
[T+4008570180us][CH2-Pc    ] 02
[T+4008578187us][CH1-Dispenser] 02 92
[T+4008597180us][CH2-Pc    ] 62
[T+4008609204us][CH1-Dispenser] 62 E7 E3 E1 E5 E0 E0
[T+4008675204us][CH2-Pc    ] 03
[T+4008682180us][CH1-Dispenser] 03 63
[T+4008754205us][CH2-Pc    ] 04
[T+4008761180us][CH1-Dispenser] 04 64
[T+4008832180us][CH1-Dispenser] 05
[T+4008832314us][CH2-Pc    ] 05
[T+4009017181us][CH1-Dispenser] 06
[T+4009017318us][CH2-Pc    ] 06
[T+4009181180us][CH2-Pc    ] 01
[T+4009188180us][CH1-Dispenser] 01 61
[T+4009259180us][CH2-Pc    ] 02
[T+4009269180us][CH1-Dispenser] 02 92
[T+4009290204us][CH2-Pc    ] 62
[T+4009307180us][CH1-Dispenser] 62 E7 E3 E1 E5 E0 E0
[T+4009382205us][CH2-Pc    ] 03
[T+4009388218us][CH1-Dispenser] 03 63
[T+4009460204us][CH2-Pc    ] 04
[T+4009467181us][CH1-Dispenser] 04 64
[T+4009538180us][CH1-Dispenser] 05
[T+4009538316us][CH2-Pc    ] 05
[T+4009713317us][CH1-Dispenser] 06
[T+4009713180us][CH2-Pc    ] 06
[T+4009889180us][CH2-Pc    ] 01
[T+4009898204us][CH1-Dispenser] 01 61
[T+4009968180us][CH2-Pc    ] 02
[T+4009972832us][CH1-Dispenser] 02 92
[T+4009995180us][CH2-Pc    ] 62
[T+4010009180us][CH1-Dispenser] 62 E7 E3 E1 E5 E0 E0
[T+4010073180us][CH2-Pc    ] 03
[T+4010084180us][CH1-Dispenser] 03 63
[T+4010151180us][CH2-Pc    ] 04
[T+4010157204us][CH1-Dispenser] 04 64
[T+4010229181us][CH1-Dispenser] 05
[T+4010229314us][CH2-Pc    ] 05
[T+4010398180us][CH1-Dispenser] 06
[T+4010398318us][CH2-Pc    ] 06
[T+4010574318us][CH1-Dispenser] 01
[T+4010574181us][CH2-Pc    ] 01
[T+4010586215us][CH1-Dispenser] 61
[T+4010652204us][CH2-Pc    ] 02
[T+4010659447us][CH1-Dispenser] 02 92
[T+4010679180us][CH2-Pc    ] 62
[T+4010696180us][CH1-Dispenser] 62 E7 E3 E1 E5 E0 E0
[T+4010768180us][CH2-Pc    ] 03
[T+4010778180us][CH1-Dispenser] 03 63
[T+4010846180us][CH2-Pc    ] 04
[T+4010853180us][CH1-Dispenser] 04 64
[T+4010924319us][CH1-Dispenser] 05
[T+4010924181us][CH2-Pc    ] 05
[T+4011110180us][CH1-Dispenser] 06
[T+4011110314us][CH2-Pc    ] 06
[T+4011295180us][CH2-Pc    ] 01
[T+4011303590us][CH1-Dispenser] 01 61
[T+4011373180us][CH2-Pc    ] 02
[T+4011377179us][CH1-Dispenser] 02 92
[T+4011389204us][CH2-Pc    ] 62
[T+4011404206us][CH1-Dispenser] 62 E7 E3 E1 E5 E0 E0
[T+4011478180us][CH2-Pc    ] 03
[T+4011487216us][CH1-Dispenser] 03 63
[T+4011556205us][CH2-Pc    ] 04
[T+4011561179us][CH1-Dispenser] 04 64
[T+4011635180us][CH1-Dispenser] 05
[T+4011635316us][CH2-Pc    ] 05
[T+4011809317us][CH1-Dispenser] 06
[T+4011809180us][CH2-Pc    ] 06
[T+4011984180us][CH2-Pc    ] 01
[T+4011994240us][CH1-Dispenser] 01 61
[T+4012062180us][CH2-Pc    ] 02
[T+4012068204us][CH1-Dispenser] 02 92
[T+4012089204us][CH2-Pc    ] 62
[T+4012104214us][CH1-Dispenser] 62 E7 E3 E1 E5 E0 E0
[T+4012169180us][CH2-Pc    ] 03
[T+4012177180us][CH1-Dispenser] 03 63
[T+4012247180us][CH2-Pc    ] 04
[T+4012253203us][CH1-Dispenser] 04 64
[T+4012325181us][CH1-Dispenser] 05
[T+4012325321us][CH2-Pc    ] 05
[T+4012500314us][CH1-Dispenser] 06
[T+4012500180us][CH2-Pc    ] 06
[T+4012664180us][CH2-Pc    ] 01
[T+4012672187us][CH1-Dispenser] 01 61
[T+4012742180us][CH2-Pc    ] 02
[T+4012750180us][CH1-Dispenser] 02 B2
[T+4013320204us][CH2-Pc    ] 03
[T+4013329206us][CH1-Dispenser] 03 63
[T+4013398204us][CH2-Pc    ] 04
[T+4013407181us][CH1-Dispenser] 04 64
[T+4013476315us][CH1-Dispenser] 05
[T+4013476180us][CH2-Pc    ] 05
[T+4013652181us][CH1-Dispenser] 06
[T+4013652319us][CH2-Pc    ] 06
[T+4013830180us][CH2-Pc    ] 01
[T+4013838180us][CH1-Dispenser] 01 61
[T+4013908180us][CH2-Pc    ] 02
[T+4013914218us][CH1-Dispenser] 02 62
[T+4014486180us][CH2-Pc    ] 03
[T+4014493179us][CH1-Dispenser] 03 63
[T+4014564180us][CH2-Pc    ] 04
[T+4014572188us][CH1-Dispenser] 04 64
[T+4014642181us][CH1-Dispenser] 05
[T+4014642316us][CH2-Pc    ] 05
[T+4014806180us][CH1-Dispenser] 06
[T+4014806315us][CH2-Pc    ] 06
[T+4014981180us][CH2-Pc    ] 01
[T+4014987866us][CH1-Dispenser] 01 61
[T+4015059180us][CH2-Pc    ] 02
[T+4015067180us][CH1-Dispenser] 02 62
[T+4015087180us][CH1-Dispenser] 42
[T+4015086180us][CH2-Pc    ] 42
[T+4015140180us][CH1-Dispenser] FF F1 F8 EB E1 E0 E0 E0 F6 E1 F4 F7 E0 E0 E1 E1 F9 E0 E7 E6 E4 E0 E0 FA E7 E3 E1 E5 E0 E0 FB E9 F0
[T+4015161314us][CH1-Dispenser] 52
[T+4015161180us][CH2-Pc    ] 52
[T+4015293206us][CH1-Dispenser] FF F6 E0 F9 E5 E9 E4 E9 E3 E8 E6 E2 FA E8 E0 E5 E1 E9 E0 E5 E8 F4 E0 E3 E1 E1 F5 E0 E0 E0 E0 F6 E1 F9 E1 E6 E1 E5 E2 E8 E5 E3 FA E9 E3 E5 E2 E4 E6 E4 E8 F4 E0 E0 E1 E1 F5 E0 E0 E0 E0 F6 E2 F9 E6 E7 E8 E9 E5 E4 E9 E9 FA E8 E2 E2 E3 E7 E8 E1 E8 F4 E0 E3 E4 E1 F5 E0 E0 E0 E0 FB E4 F0
[T+4015365205us][CH2-Pc    ] 03
[T+4015372179us][CH1-Dispenser] 03 63
[T+4015443180us][CH2-Pc    ] 04
[T+4015448179us][CH1-Dispenser] 04 64
[T+4015521181us][CH1-Dispenser] 05
[T+4015521316us][CH2-Pc    ] 05
[T+4015698181us][CH1-Dispenser] 06
[T+4015698314us][CH2-Pc    ] 06
[T+4015873180us][CH2-Pc    ] 01
[T+4015880179us][CH1-Dispenser] 01 61
[T+4015951180us][CH2-Pc    ] 02
[T+4015959187us][CH1-Dispenser] 02 62
[T+4015978180us][CH2-Pc    ] 42
[T+4016027180us][CH1-Dispenser] 42 FF F1 F8 EB E1 E0 E0 E0 F6 E1 F4 F7 E0 E0 E1 E1 F9 E0 E7 E6 E4 E0 E0 FA E7 E3 E1 E5 E0 E0 FB E9 F0
[T+4016042313us][CH1-Dispenser] 52
[T+4016042180us][CH2-Pc    ] 52
[T+4016171204us][CH1-Dispenser] FF F6 E0 F9 E5 E9 E4 E9 E3 E8 E6 E2 FA E8 E0 E5 E1 E9 E0 E5 E8 F4 E0 E3 E1 E1 F5 E0 E0 E0 E0 F6 E1 F9 E1 E6 E1 E5 E2 E8 E5 E3 FA E9 E3 E5 E2 E4 E6 E4 E8 F4 E0 E0 E1 E1 F5 E0 E0 E0 E0 F6 E2 F9 E6 E7 E8 E9 E5 E4 E9 E9 FA E8 E2 E2 E3 E7 E8 E1 E8 F4 E0 E3 E4 E1 F5 E0 E0 E0 E0 FB E4 F0
[T+4016250180us][CH2-Pc    ] 03
[T+4016257784us][CH1-Dispenser] 03 63
[T+4016328180us][CH2-Pc    ] 04
[T+4016332179us][CH1-Dispenser] 04 64
[T+4016406180us][CH1-Dispenser] 05
[T+4016406313us][CH2-Pc    ] 05
[T+4016570319us][CH1-Dispenser] 06
[T+4016570180us][CH2-Pc    ] 06
[T+4016745180us][CH2-Pc    ] 01
[T+4016754204us][CH1-Dispenser] 01 61
[T+4016823204us][CH2-Pc    ] 02
[T+4016828305us][CH1-Dispenser] 02 62
[T+4016901180us][CH2-Pc    ] 03
[T+4016907218us][CH1-Dispenser] 03 63
[T+4016979204us][CH2-Pc    ] 04
[T+4016986180us][CH1-Dispenser] 04 64
[T+4017051180us][CH1-Dispenser] 05
[T+4017052179us][CH2-Pc    ] 05
[T+4017226181us][CH1-Dispenser] 06
[T+4017226316us][CH2-Pc    ] 06
[T+4017401180us][CH2-Pc    ] 01
[T+4017409981us][CH1-Dispenser] 01 61
[T+4017474180us][CH2-Pc    ] 02
[T+4017482187us][CH1-Dispenser] 02 62
[T+4017552180us][CH2-Pc    ] 03
[T+4017558820us][CH1-Dispenser] 03 63
[T+4017631180us][CH2-Pc    ] 04
[T+4017639180us][CH1-Dispenser] 04 64
[T+4017710180us][CH1-Dispenser] 05
[T+4017710316us][CH2-Pc    ] 05
[T+4017884180us][CH1-Dispenser] 06
[T+4017884317us][CH2-Pc    ] 06
[T+4018059180us][CH2-Pc    ] 01
[T+4018068309us][CH1-Dispenser] 01 61
[T+4018137204us][CH2-Pc    ] 02
[T+4018144180us][CH1-Dispenser] 02 62
[T+4018216204us][CH2-Pc    ] 03
[T+4018225181us][CH1-Dispenser] 03 63
[T+4018294204us][CH2-Pc    ] 04
[T+4018302744us][CH1-Dispenser] 04 64
[T+4018373181us][CH1-Dispenser] 05
[T+4018373314us][CH2-Pc    ] 05
[T+4018554317us][CH1-Dispenser] 06
[T+4018554181us][CH2-Pc    ] 06
[T+4018732180us][CH2-Pc    ] 01
[T+4018738204us][CH1-Dispenser] 01 61
[T+4018810204us][CH2-Pc    ] 02
[T+4018818702us][CH1-Dispenser] 02 62
[T+4018883180us][CH2-Pc    ] 03
[T+4018888795us][CH1-Dispenser] 03 63
[T+4018960204us][CH2-Pc    ] 04
[T+4018967180us][CH1-Dispenser] 04 64
[T+4019054180us][CH1-Dispenser] 05
[T+4019054313us][CH2-Pc    ] 05
[T+4019229317us][CH1-Dispenser] 06
[T+4019229181us][CH2-Pc    ] 06
[T+4019408180us][CH2-Pc    ] 01
[T+4019412179us][CH1-Dispenser] 01 61
[T+4019494180us][CH2-Pc    ] 02
[T+4019497208us][CH1-Dispenser] 02 62
[T+4019561180us][CH2-Pc    ] 03
[T+4019569180us][CH1-Dispenser] 03 63
[T+4019639180us][CH2-Pc    ] 04
[T+4019648204us][CH1-Dispenser] 04 64
[T+4019720314us][CH1-Dispenser] 05
[T+4019720181us][CH2-Pc    ] 05
[T+4019888315us][CH1-Dispenser] 06
[T+4019888180us][CH2-Pc    ] 06
[T+4020059204us][CH2-Pc    ] 01
[T+4020068180us][CH1-Dispenser] 01 61
[T+4020138180us][CH2-Pc    ] 02
[T+4020144218us][CH1-Dispenser] 02 62
[T+4020216204us][CH2-Pc    ] 03
[T+4020223179us][CH1-Dispenser] 03 63
[T+4020294180us][CH2-Pc    ] 04
[T+4020302188us][CH1-Dispenser] 04 64
[T+4020373181us][CH1-Dispenser] 05
[T+4020373316us][CH2-Pc    ] 05
[T+4020547181us][CH1-Dispenser] 06
[T+4020547317us][CH2-Pc    ] 06
[T+4020712205us][CH2-Pc    ] 01
[T+4020719180us][CH1-Dispenser] 01 61
[T+4020789180us][CH2-Pc    ] 02
[T+4020798204us][CH1-Dispenser] 02 62
[T+4020868180us][CH2-Pc    ] 03
[T+4020873187us][CH1-Dispenser] 03 63
[T+4020946180us][CH2-Pc    ] 04
[T+4020956180us][CH1-Dispenser] 04 64
[T+4021024180us][CH1-Dispenser] 05
[T+4021024317us][CH2-Pc    ] 05
[T+4021199180us][CH1-Dispenser] 06
[T+4021199313us][CH2-Pc    ] 06
[T+4021368180us][CH2-Pc    ] 01
[T+4021373187us][CH1-Dispenser] 01 61
[T+4021446180us][CH2-Pc    ] 02
[T+4021452203us][CH1-Dispenser] 02 62
[T+4021524204us][CH2-Pc    ] 03
[T+4021533218us][CH1-Dispenser] 03 63
[T+4021602204us][CH2-Pc    ] 04
[T+4021608204us][CH1-Dispenser] 04 64
[T+4021680315us][CH1-Dispenser] 05
[T+4021680181us][CH2-Pc    ] 05
[T+4021855180us][CH1-Dispenser] 06
[T+4021855318us][CH2-Pc    ] 06
[T+4022030180us][CH2-Pc    ] 01
[T+4022037783us][CH1-Dispenser] 01 61
[T+4022108180us][CH2-Pc    ] 02
[T+4022113179us][CH1-Dispenser] 02 62
[T+4022187180us][CH2-Pc    ] 03
[T+4022196205us][CH1-Dispenser] 03 63
[T+4022265204us][CH2-Pc    ] 04
[T+4022275180us][CH1-Dispenser] 04 64
[T+4022343317us][CH1-Dispenser] 05
[T+4022343180us][CH2-Pc    ] 05
[T+4022532314us][CH1-Dispenser] 06
[T+4022532180us][CH2-Pc    ] 06
[T+4022701180us][CH2-Pc    ] 01
[T+4022708181us][CH1-Dispenser] 01 61
[T+4022779180us][CH2-Pc    ] 02
[T+4022783179us][CH1-Dispenser] 02 62
[T+4022857180us][CH2-Pc    ] 03
[T+4022862191us][CH1-Dispenser] 03 63
[T+4022935180us][CH2-Pc    ] 04
[T+4022943754us][CH1-Dispenser] 04 64
[T+4023013180us][CH1-Dispenser] 05
[T+4023013314us][CH2-Pc    ] 05
[T+4023188180us][CH1-Dispenser] 06
[T+4023188315us][CH2-Pc    ] 06
[T+4023355180us][CH2-Pc    ] 01
[T+4023364496us][CH1-Dispenser] 01 61
[T+4023433205us][CH2-Pc    ] 02
[T+4023438187us][CH1-Dispenser] 02 62
[T+4023512180us][CH2-Pc    ] 03
[T+4023518204us][CH1-Dispenser] 03 63
[T+4023590207us][CH2-Pc    ] 04
[T+4023597180us][CH1-Dispenser] 04 64
[T+4023668315us][CH1-Dispenser] 05
[T+4023668181us][CH2-Pc    ] 05
[T+4023843180us][CH1-Dispenser] 06
[T+4023843315us][CH2-Pc    ] 06
[T+4024014204us][CH2-Pc    ] 01
[T+4024023204us][CH1-Dispenser] 01 61
[T+4024140204us][CH2-Pc    ] 02
[T+4024148185us][CH1-Dispenser] 02 62
[T+4024218180us][CH2-Pc    ] 03
[T+4024225181us][CH1-Dispenser] 03 63
[T+4024296180us][CH2-Pc    ] 04
[T+4024306180us][CH1-Dispenser] 04 64
[T+4024374180us][CH1-Dispenser] 05
[T+4024374312us][CH2-Pc    ] 05
[T+4024539180us][CH1-Dispenser] 06
[T+4024539319us][CH2-Pc    ] 06
[T+4024713206us][CH2-Pc    ] 01
[T+4024719203us][CH1-Dispenser] 01 61
[T+4024791205us][CH2-Pc    ] 02
[T+4024798750us][CH1-Dispenser] 02 62
[T+4024869180us][CH2-Pc    ] 03
[T+4024879181us][CH1-Dispenser] 03 63
[T+4024948204us][CH2-Pc    ] 04
[T+4024958180us][CH1-Dispenser] 04 64
[T+4025026314us][CH1-Dispenser] 05
[T+4025026180us][CH2-Pc    ] 05
[T+4025201181us][CH1-Dispenser] 06
[T+4025201315us][CH2-Pc    ] 06
[T+4025370180us][CH2-Pc    ] 01
[T+4025378781us][CH1-Dispenser] 01 61
[T+4025448180us][CH2-Pc    ] 02
[T+4025454204us][CH1-Dispenser] 02 62
[T+4025526204us][CH2-Pc    ] 03
[T+4025535523us][CH1-Dispenser] 03 63
[T+4025604314us][CH1-Dispenser] 04
[T+4025604180us][CH2-Pc    ] 04
[T+4025616204us][CH1-Dispenser] 64
[T+4025682315us][CH1-Dispenser] 05
[T+4025682181us][CH2-Pc    ] 05
[T+4025857316us][CH1-Dispenser] 06
[T+4025857180us][CH2-Pc    ] 06
[T+4026025204us][CH2-Pc    ] 01
[T+4026034218us][CH1-Dispenser] 01 61
[T+4026103204us][CH2-Pc    ] 02
[T+4026108179us][CH1-Dispenser] 02 62
[T+4026181180us][CH2-Pc    ] 03
[T+4026189185us][CH1-Dispenser] 03 63
[T+4026259180us][CH2-Pc    ] 04
[T+4026270180us][CH1-Dispenser] 04 64
[T+4026337180us][CH1-Dispenser] 05
[T+4026337316us][CH2-Pc    ] 05
[T+4026512181us][CH1-Dispenser] 06
[T+4026512316us][CH2-Pc    ] 06
[T+4026688180us][CH2-Pc    ] 01
[T+4026693179us][CH1-Dispenser] 01 61
[T+4026766180us][CH2-Pc    ] 02
[T+4026775204us][CH1-Dispenser] 02 62
[T+4026844204us][CH2-Pc    ] 03
[T+4026854180us][CH1-Dispenser] 03 63
[T+4026922180us][CH2-Pc    ] 04
[T+4026927187us][CH1-Dispenser] 04 64
[T+4027000180us][CH1-Dispenser] 05
[T+4027000314us][CH2-Pc    ] 05
[T+4027164318us][CH1-Dispenser] 06
[T+4027164181us][CH2-Pc    ] 06
[T+4027355180us][CH2-Pc    ] 01
[T+4027364218us][CH1-Dispenser] 01 61
[T+4027433204us][CH2-Pc    ] 02
[T+4027438179us][CH1-Dispenser] 02 62
[T+4027521180us][CH2-Pc    ] 03
[T+4027527219us][CH1-Dispenser] 03 63
[T+4027602204us][CH2-Pc    ] 04
[T+4027608865us][CH1-Dispenser] 04 64
[T+4027699316us][CH1-Dispenser] 05
[T+4027699181us][CH2-Pc    ] 05
[T+4027871179us][CH1-Dispenser] 06
[T+4027870180us][CH2-Pc    ] 06
[T+4028179314us][CH1-Dispenser] 01
[T+4028179180us][CH2-Pc    ] 01
[T+4028191204us][CH1-Dispenser] 61
[T+4028273180us][CH2-Pc    ] 02
[T+4028279264us][CH1-Dispenser] 02 62
[T+4028367180us][CH2-Pc    ] 03
[T+4028373204us][CH1-Dispenser] 03 63
[T+4028460204us][CH2-Pc    ] 04
[T+4028468855us][CH1-Dispenser] 04 64
[T+4028540180us][CH1-Dispenser] 05
[T+4028540315us][CH2-Pc    ] 05
[T+4028726180us][CH1-Dispenser] 06
[T+4028726315us][CH2-Pc    ] 06
[T+4028901205us][CH2-Pc    ] 01
[T+4028908180us][CH1-Dispenser] 01 61
[T+4029007204us][CH2-Pc    ] 02
[T+4029014991us][CH1-Dispenser] 02 62
[T+4029085180us][CH2-Pc    ] 03
[T+4029095180us][CH1-Dispenser] 03 63
[T+4029163180us][CH2-Pc    ] 04
[T+4029169218us][CH1-Dispenser] 04 64
[T+4029241316us][CH1-Dispenser] 05
[T+4029241181us][CH2-Pc    ] 05
[T+4029416320us][CH1-Dispenser] 06
[T+4029416181us][CH2-Pc    ] 06
[T+4029591180us][CH2-Pc    ] 01
[T+4029598180us][CH1-Dispenser] 01 61
[T+4029669180us][CH2-Pc    ] 02
[T+4029674179us][CH1-Dispenser] 02 62
[T+4029737204us][CH2-Pc    ] 03
[T+4029744827us][CH1-Dispenser] 03 63
[T+4029815180us][CH2-Pc    ] 04
[T+4029823197us][CH1-Dispenser] 04 64
[T+4029898180us][CH1-Dispenser] 05
[T+4029898314us][CH2-Pc    ] 05
[T+4030071314us][CH1-Dispenser] 06
[T+4030071180us][CH2-Pc    ] 06
[T+4030245204us][CH2-Pc    ] 01
[T+4030254219us][CH1-Dispenser] 01 61
[T+4030323205us][CH2-Pc    ] 02
[T+4030328179us][CH1-Dispenser] 02 62
[T+4030402180us][CH2-Pc    ] 03
[T+4030409180us][CH1-Dispenser] 03 63
[T+4030480180us][CH2-Pc    ] 04
[T+4030488825us][CH1-Dispenser] 04 64
[T+4030558180us][CH1-Dispenser] 05
[T+4030558315us][CH2-Pc    ] 05
[T+4030733180us][CH1-Dispenser] 06
[T+4030733314us][CH2-Pc    ] 06