connected
[T+744763249us][CH1-PC    ] 05
[T+744937871us][CH1-PC    ] 06
[T+745112896us][CH1-PC    ] 01
[T+745190872us][CH1-PC    ] 02
[T+745268897us][CH1-PC    ] 03
[T+745346874us][CH1-PC    ] 04
[T+745425871us][CH1-PC    ] 05
[T+745599873us][CH1-PC    ] 06
[T+745774871us][CH1-PC    ] 01
[T+745854871us][CH1-PC    ] 02
[T+745932896us][CH1-PC    ] 03
[T+746011871us][CH1-PC    ] 04
[T+746089873us][CH1-PC    ] 05
[T+746274871us][CH1-PC    ] 06
[T+746438871us][CH1-PC    ] 01
[T+746516871us][CH1-PC    ] 02
[T+746594871us][CH1-PC    ] 03
[T+746673897us][CH1-PC    ] 04
[T+746751871us][CH1-PC    ] 05
[T+746926897us][CH1-PC    ] 06
[T+747100872us][CH1-PC    ] 01
[T+747178896us][CH1-PC    ] 02
[T+747257871us][CH1-PC    ] 03
[T+747335872us][CH1-PC    ] 04
[T+747413871us][CH1-PC    ] 05
[T+747588871us][CH1-PC    ] 06
[T+747752872us][CH1-PC    ] 01
[T+747830896us][CH1-PC    ] 02
[T+747908871us][CH1-PC    ] 03
[T+747986897us][CH1-PC    ] 04
[T+748064871us][CH1-PC    ] 05
[T+748239896us][CH1-PC    ] 06
[T+748414873us][CH1-PC    ] 01
[T+748492871us][CH1-PC    ] 02
[T+748570872us][CH1-PC    ] 03
[T+748648871us][CH1-PC    ] 04
[T+748726871us][CH1-PC    ] 05
[T+748890871us][CH1-PC    ] 06
[T+749065872us][CH1-PC    ] 01
[T+749143897us][CH1-PC    ] 02
[T+749171896us][CH1-PC    ] 22
[T+749192871us][CH1-PC    ] FF
[T+749205871us][CH1-PC    ] E9
[T+749218871us][CH1-PC    ] FE
[T+749230872us][CH1-PC    ] E0
[T+749243902us][CH1-PC    ] E1
[T+749256872us][CH1-PC    ] E0
[T+749268871us][CH1-PC    ] FB
[T+749281871us][CH1-PC    ] EE
[T+749294871us][CH1-PC    ] F0
[T+749396871us][CH1-PC    ] 03
[T+749474872us][CH1-PC    ] 04
[T+749553871us][CH1-PC    ] 05
[T+749727896us][CH1-PC    ] 06
[T+749891896us][CH1-PC    ] 01
[T+749969871us][CH1-PC    ] 02
[T+749997871us][CH1-PC    ] 22
[T+750018871us][CH1-PC    ] FF
[T+750031896us][CH1-PC    ] E9
[T+750044871us][CH1-PC    ] FE
[T+750056878us][CH1-PC    ] E0
[T+750069872us][CH1-PC    ] E1
[T+750084871us][CH1-PC    ] E0
[T+750096872us][CH1-PC    ] FB
[T+750109871us][CH1-PC    ] EE
[T+750122872us][CH1-PC    ] F0
[T+750223896us][CH1-PC    ] 03
[T+750301871us][CH1-PC    ] 04
[T+750380871us][CH1-PC    ] 05
[T+750547897us][CH1-PC    ] 06
[T+750721871us][CH1-PC    ] 01
[T+750799897us][CH1-PC    ] 02
[T+750827896us][CH1-PC    ] 22
[T+750848871us][CH1-PC    ] FF
[T+750870871us][CH1-PC    ] E9
[T+750886871us][CH1-PC    ] FE
[T+750899896us][CH1-PC    ] E0
[T+750912871us][CH1-PC    ] E1
[T+750924871us][CH1-PC    ] E0
[T+750937872us][CH1-PC    ] FB
[T+750950871us][CH1-PC    ] EE
[T+750963898us][CH1-PC    ] F0
[T+751064871us][CH1-PC    ] 03
[T+751142871us][CH1-PC    ] 04
[T+751221871us][CH1-PC    ] 05
[T+751395897us][CH1-PC    ] 06
[T+751571897us][CH1-PC    ] 01
[T+751648871us][CH1-PC    ] 02
[T+751675896us][CH1-PC    ] 22
[T+751697872us][CH1-PC    ] FF
[T+751710871us][CH1-PC    ] E9
[T+751722871us][CH1-PC    ] FE
[T+751735896us][CH1-PC    ] E0
[T+751748874us][CH1-PC    ] E1
[T+751760871us][CH1-PC    ] E0
[T+751773871us][CH1-PC    ] FB
[T+751786873us][CH1-PC    ] EE
[T+751798871us][CH1-PC    ] F0
[T+751893871us][CH1-PC    ] 03
[T+751971897us][CH1-PC    ] 04
[T+752050872us][CH1-PC    ] 05
[T+752224872us][CH1-PC    ] 06
[T+752400871us][CH1-PC    ] 01
[T+752477872us][CH1-PC    ] 02
[T+752504871us][CH1-PC    ] 22
[T+752526871us][CH1-PC    ] FF
[T+752540368us][CH1-PC    ] E9
[T+752551897us][CH1-PC    ] FE
[T+752564871us][CH1-PC    ] E0
[T+752577871us][CH1-PC    ] E1
[T+752590872us][CH1-PC    ] E0
[T+752602871us][CH1-PC    ] FB
[T+752618878us][CH1-PC    ] EE
[T+752630871us][CH1-PC    ] F0
[T+752732871us][CH1-PC    ] 03
[T+752810871us][CH1-PC    ] 04
[T+752888871us][CH1-PC    ] 05
[T+753063896us][CH1-PC    ] 06
[T+753238872us][CH1-PC    ] 01
[T+753316871us][CH1-PC    ] 02
[T+753343896us][CH1-PC    ] 22
[T+753365872us][CH1-PC    ] FF
[T+753377871us][CH1-PC    ] E9
[T+753390891us][CH1-PC    ] FE
[T+753403896us][CH1-PC    ] E0
[T+753416871us][CH1-PC    ] E1
[T+753428872us][CH1-PC    ] E0
[T+753441879us][CH1-PC    ] FB
[T+753454872us][CH1-PC    ] EE
[T+753466871us][CH1-PC    ] F0
[T+753568897us][CH1-PC    ] 03
[T+753646871us][CH1-PC    ] 04
[T+753724896us][CH1-PC    ] 05
[T+753899871us][CH1-PC    ] 06
[T+754063871us][CH1-PC    ] 01
[T+754141871us][CH1-PC    ] 02
[T+754169914us][CH1-PC    ] 22
[T+754190872us][CH1-PC    ] FF
[T+754203871us][CH1-PC    ] E9
[T+754215871us][CH1-PC    ] FE
[T+754228896us][CH1-PC    ] E0
[T+754241871us][CH1-PC    ] E1
[T+754254872us][CH1-PC    ] E0
[T+754266871us][CH1-PC    ] FB
[T+754279871us][CH1-PC    ] EE
[T+754292904us][CH1-PC    ] F0
[T+754395871us][CH1-PC    ] 03
[T+754473871us][CH1-PC    ] 04
[T+754551872us][CH1-PC    ] 05
[T+754726872us][CH1-PC    ] 06
[T+754890871us][CH1-PC    ] 01
[T+754968896us][CH1-PC    ] 02
[T+754996897us][CH1-PC    ] 22
[T+755017871us][CH1-PC    ] FF
[T+755030871us][CH1-PC    ] E9
[T+755042879us][CH1-PC    ] FE
[T+755055871us][CH1-PC    ] E0
[T+755068902us][CH1-PC    ] E1
[T+755081872us][CH1-PC    ] E0
[T+755094871us][CH1-PC    ] FB
[T+755106871us][CH1-PC    ] EE
[T+755119872us][CH1-PC    ] F0
[T+755221871us][CH1-PC    ] 03
[T+755294871us][CH1-PC    ] 04
[T+755372896us][CH1-PC    ] 05
[T+755546871us][CH1-PC    ] 06
[T+755721871us][CH1-PC    ] 01
[T+755799872us][CH1-PC    ] 02
[T+755827871us][CH1-PC    ] 22
[T+755848896us][CH1-PC    ] FF
[T+755870871us][CH1-PC    ] E9
[T+755882871us][CH1-PC    ] FE
[T+755895872us][CH1-PC    ] E0
[T+755908896us][CH1-PC    ] E1
[T+755920897us][CH1-PC    ] E0
[T+755933872us][CH1-PC    ] FB
[T+755946871us][CH1-PC    ] EE
[T+755959871us][CH1-PC    ] F0
[T+756061871us][CH1-PC    ] 03
[T+756139871us][CH1-PC    ] 04
[T+756217871us][CH1-PC    ] 05
[T+756396897us][CH1-PC    ] 06
[T+756571872us][CH1-PC    ] 01
[T+756649871us][CH1-PC    ] 02
[T+756676896us][CH1-PC    ] 22
[T+756698871us][CH1-PC    ] FF
[T+756710872us][CH1-PC    ] E9
[T+756723871us][CH1-PC    ] FE
[T+756736872us][CH1-PC    ] E0
[T+756749896us][CH1-PC    ] E1
[T+756761897us][CH1-PC    ] E0
[T+756774950us][CH1-PC    ] FB
[T+756788777us][CH1-PC    ] EE
[T+756799871us][CH1-PC    ] F0
[T+756902872us][CH1-PC    ] 03
[T+756980871us][CH1-PC    ] 04
[T+757058871us][CH1-PC    ] 05
[T+757244871us][CH1-PC    ] 06
[T+757408872us][CH1-PC    ] 01
[T+757486871us][CH1-PC    ] 02
[T+757514871us][CH1-PC    ] 22
[T+757535871us][CH1-PC    ] FF
[T+757556871us][CH1-PC    ] E9
[T+757578871us][CH1-PC    ] FE
[T+757599871us][CH1-PC    ] E0
[T+757621898us][CH1-PC    ] E1
[T+757643010us][CH1-PC    ] E0
[T+757664871us][CH1-PC    ] FB
[T+757685896us][CH1-PC    ] EE
[T+757787872us][CH1-PC    ] F0
[T+758032872us][CH1-PC    ] 03
[T+758110871us][CH1-PC    ] 04
[T+758188871us][CH1-PC    ] 05
[T+758449896us][CH1-PC    ] 06
[T+758634871us][CH1-PC    ] 01
[T+758713896us][CH1-PC    ] 02
[T+758740871us][CH1-PC    ] 22
[T+758761896us][CH1-PC    ] FF
[T+758787871us][CH1-PC    ] E9
[T+758800871us][CH1-PC    ] FE
[T+758812871us][CH1-PC    ] E0
[T+758825896us][CH1-PC    ] E1
[T+758842872us][CH1-PC    ] E0
[T+758855872us][CH1-PC    ] FB
[T+758868871us][CH1-PC    ] EE
[T+758884871us][CH1-PC    ] F0
[T+758985872us][CH1-PC    ] 03
[T+759063871us][CH1-PC    ] 04
[T+759141872us][CH1-PC    ] 05
[T+759316871us][CH1-PC    ] 06
[T+759491871us][CH1-PC    ] 01
[T+759569871us][CH1-PC    ] 02
[T+759596872us][CH1-PC    ] 22
[T+759618902us][CH1-PC    ] FF
[T+759631407us][CH1-PC    ] E9
[T+759643871us][CH1-PC    ] FE
[T+759656871us][CH1-PC    ] E0
[T+759668876us][CH1-PC    ] E1
[T+759681872us][CH1-PC    ] E0
[T+759694896us][CH1-PC    ] FB
[T+759706896us][CH1-PC    ] EE
[T+759719871us][CH1-PC    ] F0
[T+759819184us][CH1-PC    ] 03
[T+759896871us][CH1-PC    ] 04
[T+759974874us][CH1-PC    ] 05
[T+760143899us][CH1-PC    ] 06
[T+760319896us][CH1-PC    ] 01
[T+760397872us][CH1-PC    ] 02
[T+760424871us][CH1-PC    ] 22
[T+760447405us][CH1-PC    ] FF
[T+760458871us][CH1-PC    ] E9
[T+760471896us][CH1-PC    ] FE
[T+760484872us][CH1-PC    ] E0
[T+760496871us][CH1-PC    ] E1
[T+760509873us][CH1-PC    ] E0
[T+760522871us][CH1-PC    ] FB
[T+760543871us][CH1-PC    ] EE
[T+760565871us][CH1-PC    ] F0
[T+760668896us][CH1-PC    ] 03
[T+760746871us][CH1-PC    ] 04
[T+760824896us][CH1-PC    ] 05
[T+761009871us][CH1-PC    ] 06
[T+761173872us][CH1-PC    ] 01
[T+761251871us][CH1-PC    ] 02
[T+761279871us][CH1-PC    ] 22
[T+761301872us][CH1-PC    ] FF
[T+761313871us][CH1-PC    ] E9
[T+761326879us][CH1-PC    ] FE
[T+761338871us][CH1-PC    ] E0
[T+761351902us][CH1-PC    ] E1
[T+761364896us][CH1-PC    ] E0
[T+761376896us][CH1-PC    ] FB
[T+761389871us][CH1-PC    ] EE
[T+761402871us][CH1-PC    ] F0
[T+761503871us][CH1-PC    ] 03
[T+761571872us][CH1-PC    ] 04
[T+761649871us][CH1-PC    ] 05
[T+761813872us][CH1-PC    ] 06
[T+761991872us][CH1-PC    ] 01
[T+762069871us][CH1-PC    ] 02
[T+762096896us][CH1-PC    ] 22
[T+762118871us][CH1-PC    ] FF
[T+762131041us][CH1-PC    ] E9
[T+762144903us][CH1-PC    ] FE
[T+762156896us][CH1-PC    ] E0
[T+762168896us][CH1-PC    ] E1
[T+762181871us][CH1-PC    ] E0
[T+762194871us][CH1-PC    ] FB
[T+762206871us][CH1-PC    ] EE
[T+762219872us][CH1-PC    ] F0
[T+762322872us][CH1-PC    ] 03
[T+762400896us][CH1-PC    ] 04
[T+762478871us][CH1-PC    ] 05
[T+762643019us][CH1-PC    ] 06
[T+762817871us][CH1-PC    ] 01
[T+762895871us][CH1-PC    ] 02
[T+762922871us][CH1-PC    ] 22
[T+762944901us][CH1-PC    ] FF
[T+762956896us][CH1-PC    ] E9
[T+762969871us][CH1-PC    ] FE
[T+762982908us][CH1-PC    ] E0
[T+762995146us][CH1-PC    ] E1
[T+763007871us][CH1-PC    ] E0
[T+763020896us][CH1-PC    ] FB
[T+763041872us][CH1-PC    ] EE
[T+763063871us][CH1-PC    ] F0
[T+763166871us][CH1-PC    ] 03
[T+763244897us][CH1-PC    ] 04
[T+763322871us][CH1-PC    ] 05
[T+763486872us][CH1-PC    ] 06
[T+763661871us][CH1-PC    ] 01
[T+763739871us][CH1-PC    ] 02
[T+763766871us][CH1-PC    ] 22
[T+763788896us][CH1-PC    ] FF
[T+763801872us][CH1-PC    ] E9
[T+763814871us][CH1-PC    ] FE
[T+763826871us][CH1-PC    ] E0
[T+763839872us][CH1-PC    ] E1
[T+763852896us][CH1-PC    ] E0
[T+763865873us][CH1-PC    ] FB
[T+763877872us][CH1-PC    ] EE
[T+763890908us][CH1-PC    ] F0
[T+763982871us][CH1-PC    ] 03
[T+764060898us][CH1-PC    ] 04
[T+764139871us][CH1-PC    ] 05
[T+764313871us][CH1-PC    ] 06
[T+764488896us][CH1-PC    ] 01
[T+764566871us][CH1-PC    ] 02
[T+764593871us][CH1-PC    ] 22
[T+764615871us][CH1-PC    ] FF
[T+764627872us][CH1-PC    ] E9
[T+764640896us][CH1-PC    ] FE
[T+764653871us][CH1-PC    ] E0
[T+764665872us][CH1-PC    ] E1
[T+764678871us][CH1-PC    ] E0
[T+764691930us][CH1-PC    ] FB
[T+764703872us][CH1-PC    ] EE
[T+764716896us][CH1-PC    ] F0
[T+764819871us][CH1-PC    ] 03
[T+764897896us][CH1-PC    ] 04
[T+764989896us][CH1-PC    ] 05
[T+765165896us][CH1-PC    ] 06
[T+765330872us][CH1-PC    ] 01
[T+765408871us][CH1-PC    ] 02
[T+765447382us][CH1-PC    ] 22 FF
[T+765458872us][CH1-PC    ] E9
[T+765471887us][CH1-PC    ] FE
[T+765484871us][CH1-PC    ] E0
[T+765496872us][CH1-PC    ] E1
[T+765510872us][CH1-PC    ] E0
[T+765523872us][CH1-PC    ] FB
[T+765544872us][CH1-PC    ] EE
[T+765558699us][CH1-PC    ] F0
[T+765660871us][CH1-PC    ] 03
[T+765777896us][CH1-PC    ] 04
[T+765848872us][CH1-PC    ] 05
[T+766023871us][CH1-PC    ] 06
[T+766187871us][CH1-PC    ] 01
[T+766265896us][CH1-PC    ] 02
[T+766282872us][CH1-PC    ] 22
[T+766303871us][CH1-PC    ] FF
[T+766316871us][CH1-PC    ] E9
[T+766329906us][CH1-PC    ] FE
[T+766350876us][CH1-PC    ] E0
[T+766371871us][CH1-PC    ] E1
[T+766393897us][CH1-PC    ] E0
[T+766414871us][CH1-PC    ] FB
[T+766428871us][CH1-PC    ] EE
[T+766449896us][CH1-PC    ] F0
[T+766545896us][CH1-PC    ] 03
[T+766622871us][CH1-PC    ] 04
[T+766700872us][CH1-PC    ] 05
[T+766875871us][CH1-PC    ] 06
[T+767050871us][CH1-PC    ] 01
[T+767128872us][CH1-PC    ] 02
[T+767156871us][CH1-PC    ] 22
[T+767177897us][CH1-PC    ] FF
[T+767190871us][CH1-PC    ] E9
[T+767202872us][CH1-PC    ] FE
[T+767215871us][CH1-PC    ] E0
[T+767228875us][CH1-PC    ] E1
[T+767241896us][CH1-PC    ] E0
[T+767253900us][CH1-PC    ] FB
[T+767266871us][CH1-PC    ] EE
[T+767279871us][CH1-PC    ] F0
[T+767330871us][CH1-PC    ] 22
[T+767352871us][CH1-PC    ] FF
[T+767370871us][CH1-PC    ] E5
[T+767383874us][CH1-PC    ] F4
[T+767396871us][CH1-PC    ] F6
[T+767409902us][CH1-PC    ] E0
[T+767421896us][CH1-PC    ] F7
[T+767435012us][CH1-PC    ] E0
[T+767447873us][CH1-PC    ] E3
[T+767459871us][CH1-PC    ] E1
[T+767472988us][CH1-PC    ] E1
[T+767485896us][CH1-PC    ] FB
[T+767497896us][CH1-PC    ] EB
[T+767510871us][CH1-PC    ] F0
[T+767599871us][CH1-PC    ] 02
[T+767626871us][CH1-PC    ] 22
[T+767648880us][CH1-PC    ] FF
[T+767661284us][CH1-PC    ] E5
[T+767710871us][CH1-PC    ] F2
[T+767723872us][CH1-PC    ] F8
[T+767736879us][CH1-PC    ] E0
[T+767748871us][CH1-PC    ] E0
[T+767761898us][CH1-PC    ] E0
[T+767774942us][CH1-PC    ] E0
[T+767786871us][CH1-PC    ] E0
[T+767799871us][CH1-PC    ] E0
[T+767812872us][CH1-PC    ] FB
[T+767824872us][CH1-PC    ] E7
[T+767838871us][CH1-PC    ] F0
[T+767926871us][CH1-PC    ] 02
[T+767953897us][CH1-PC    ] 12
[T+768040871us][CH1-PC    ] 02
[T+768119871us][CH1-PC    ] 03
[T+768197896us][CH1-PC    ] 04
[T+768275872us][CH1-PC    ] 05
[T+768439871us][CH1-PC    ] 06
[T+768614871us][CH1-PC    ] 01
[T+768692871us][CH1-PC    ] 02
[T+769270871us][CH1-PC    ] 03
[T+769348871us][CH1-PC    ] 04
[T+769415871us][CH1-PC    ] 05
[T+769580871us][CH1-PC    ] 06
[T+769754871us][CH1-PC    ] 01
[T+769832871us][CH1-PC    ] 02
[T+769860872us][CH1-PC    ] 62
[T+769939872us][CH1-PC    ] 03
[T+770017900us][CH1-PC    ] 04
[T+770095871us][CH1-PC    ] 05
[T+770270872us][CH1-PC    ] 06
[T+770446872us][CH1-PC    ] 01
[T+770524871us][CH1-PC    ] 02
[T+770551871us][CH1-PC    ] 62
[T+770640871us][CH1-PC    ] 03
[T+770718871us][CH1-PC    ] 04
[T+770796872us][CH1-PC    ] 05
[T+770971871us][CH1-PC    ] 06
[T+771147871us][CH1-PC    ] 01
[T+771225896us][CH1-PC    ] 02
[T+771242871us][CH1-PC    ] 62
[T+771321897us][CH1-PC    ] 03
[T+771399871us][CH1-PC    ] 04
[T+771477896us][CH1-PC    ] 05
[T+771643018us][CH1-PC    ] 06
[T+771817896us][CH1-PC    ] 01
[T+771895871us][CH1-PC    ] 02
[T+771922871us][CH1-PC    ] 62
[T+772001896us][CH1-PC    ] 03
[T+772080873us][CH1-PC    ] 04
[T+772170871us][CH1-PC    ] 05
[T+772346873us][CH1-PC    ] 06
[T+772521897us][CH1-PC    ] 01
[T+772600873us][CH1-PC    ] 02
[T+772627879us][CH1-PC    ] 62
[T+772706872us][CH1-PC    ] 03
[T+772783871us][CH1-PC    ] 04
[T+772853896us][CH1-PC    ] 05
[T+773018871us][CH1-PC    ] 06
[T+773193897us][CH1-PC    ] 01
[T+773271872us][CH1-PC    ] 02
[T+773290871us][CH1-PC    ] 62
[T+773369872us][CH1-PC    ] 03
[T+773448872us][CH1-PC    ] 04
[T+773532871us][CH1-PC    ] 05
[T+773708072us][CH1-PC    ] 06
[T+773882872us][CH1-PC    ] 01
[T+773960871us][CH1-PC    ] 02
[T+773988871us][CH1-PC    ] 62
[T+774066871us][CH1-PC    ] 03
[T+774145871us][CH1-PC    ] 04
[T+774223896us][CH1-PC    ] 05
[T+774419896us][CH1-PC    ] 06
[T+774594872us][CH1-PC    ] 01
[T+774672871us][CH1-PC    ] 02
[T+774699896us][CH1-PC    ] 62
[T+774780871us][CH1-PC    ] 03
[T+774860420us][CH1-PC    ] 04
[T+774937872us][CH1-PC    ] 05
[T+775113399us][CH1-PC    ] 06
[T+775286872us][CH1-PC    ] 01
[T+775364872us][CH1-PC    ] 02
[T+775392872us][CH1-PC    ] 62
[T+775473896us][CH1-PC    ] 03
[T+775551871us][CH1-PC    ] 04
[T+775629910us][CH1-PC    ] 05
[T+775805898us][CH1-PC    ] 06
[T+775970871us][CH1-PC    ] 01
[T+776048872us][CH1-PC    ] 02
[T+776077896us][CH1-PC    ] 62
[T+776167871us][CH1-PC    ] 03
[T+776245896us][CH1-PC    ] 04
[T+776324872us][CH1-PC    ] 05
[T+776501896us][CH1-PC    ] 06
[T+776677911us][CH1-PC    ] 01
[T+776755871us][CH1-PC    ] 02
[T+776784872us][CH1-PC    ] 62
[T+776862871us][CH1-PC    ] 03
[T+776940871us][CH1-PC    ] 04
[T+777018872us][CH1-PC    ] 05
[T+777192896us][CH1-PC    ] 06
[T+777370871us][CH1-PC    ] 01
[T+777446871us][CH1-PC    ] 02
[T+777475872us][CH1-PC    ] 62
[T+777553871us][CH1-PC    ] 03
[T+777667872us][CH1-PC    ] 04
[T+777745871us][CH1-PC    ] 05
[T+777931872us][CH1-PC    ] 06
[T+778095872us][CH1-PC    ] 01
[T+778173871us][CH1-PC    ] 02
[T+778200900us][CH1-PC    ] 62
[T+778279873us][CH1-PC    ] 03
[T+778357871us][CH1-PC    ] 04
[T+778436872us][CH1-PC    ] 05
[T+778610872us][CH1-PC    ] 06
[T+778786872us][CH1-PC    ] 01
[T+778864872us][CH1-PC    ] 02
[T+778892871us][CH1-PC    ] 62
[T+778980871us][CH1-PC    ] 03
[T+779059897us][CH1-PC    ] 04
[T+779137871us][CH1-PC    ] 05
[T+779314873us][CH1-PC    ] 06
[T+779489871us][CH1-PC    ] 01
[T+779566872us][CH1-PC    ] 02
[T+779594871us][CH1-PC    ] 62
[T+779672872us][CH1-PC    ] 03
[T+779750873us][CH1-PC    ] 04
[T+779828872us][CH1-PC    ] 05
[T+780003896us][CH1-PC    ] 06
[T+780179898us][CH1-PC    ] 01
[T+780257872us][CH1-PC    ] 02
[T+780285871us][CH1-PC    ] 62
[T+780366871us][CH1-PC    ] 03
[T+780445872us][CH1-PC    ] 04
[T+780522871us][CH1-PC    ] 05
[T+780687898us][CH1-PC    ] 06
[T+780861871us][CH1-PC    ] 01
[T+780940871us][CH1-PC    ] 02
[T+780969871us][CH1-PC    ] 62
[T+781049871us][CH1-PC    ] 03
[T+781127897us][CH1-PC    ] 04
[T+781205871us][CH1-PC    ] 05
[T+781381871us][CH1-PC    ] 06
[T+781547896us][CH1-PC    ] 01
[T+781625871us][CH1-PC    ] 02
[T+781652872us][CH1-PC    ] 62
[T+781741871us][CH1-PC    ] 03
[T+781819896us][CH1-PC    ] 04
[T+781887899us][CH1-PC    ] 05
[T+782061879us][CH1-PC    ] 06
[T+782236914us][CH1-PC    ] 01
[T+782315896us][CH1-PC    ] 02
[T+782358871us][CH1-PC    ] 62
[T+782439896us][CH1-PC    ] 03
[T+782518871us][CH1-PC    ] 04
[T+782596871us][CH1-PC    ] 05
[T+782771897us][CH1-PC    ] 06
[T+782946871us][CH1-PC    ] 01
[T+783015900us][CH1-PC    ] 02
[T+783042871us][CH1-PC    ] 62
[T+783122872us][CH1-PC    ] 03
[T+783199896us][CH1-PC    ] 04
[T+783267896us][CH1-PC    ] 05
[T+783443896us][CH1-PC    ] 06
[T+783610871us][CH1-PC    ] 01
[T+783688898us][CH1-PC    ] 02
[T+783715871us][CH1-PC    ] 62
[T+783795871us][CH1-PC    ] 03
[T+783873871us][CH1-PC    ] 04
[T+783951872us][CH1-PC    ] 05
[T+784128898us][CH1-PC    ] 06
[T+784304896us][CH1-PC    ] 01
[T+784382871us][CH1-PC    ] 02
[T+784409871us][CH1-PC    ] 62
[T+784488897us][CH1-PC    ] 03
[T+784567881us][CH1-PC    ] 04
[T+784646873us][CH1-PC    ] 05
[T+784821896us][CH1-PC    ] 06
[T+784988871us][CH1-PC    ] 01
[T+785066872us][CH1-PC    ] 02
[T+785083871us][CH1-PC    ] 62
[T+785161897us][CH1-PC    ] 03
[T+785239872us][CH1-PC    ] 04
[T+785317896us][CH1-PC    ] 05
[T+785492872us][CH1-PC    ] 06
[T+785656871us][CH1-PC    ] 01
[T+785734871us][CH1-PC    ] 02
[T+785762871us][CH1-PC    ] 62
[T+785850872us][CH1-PC    ] 03
[T+785929896us][CH1-PC    ] 04
[T+786007872us][CH1-PC    ] 05
[T+786171871us][CH1-PC    ] 06
[T+786348871us][CH1-PC    ] 01
[T+786426871us][CH1-PC    ] 02
[T+786450871us][CH1-PC    ] 62
[T+786528871us][CH1-PC    ] 03
[T+786606871us][CH1-PC    ] 04
[T+786684872us][CH1-PC    ] 05
[T+786861897us][CH1-PC    ] 06
[T+787031872us][CH1-PC    ] 01
[T+787099871us][CH1-PC    ] 02
[T+787127871us][CH1-PC    ] 62
[T+787205896us][CH1-PC    ] 03
[T+787272871us][CH1-PC    ] 04
[T+787350871us][CH1-PC    ] 05
[T+787516872us][CH1-PC    ] 06
[T+787690871us][CH1-PC    ] 01
[T+787768872us][CH1-PC    ] 02
[T+787796871us][CH1-PC    ] 62
[T+787874871us][CH1-PC    ] 03
[T+787952872us][CH1-PC    ] 04
[T+788031872us][CH1-PC    ] 05
[T+788206871us][CH1-PC    ] 06
[T+788382871us][CH1-PC    ] 01
[T+788460872us][CH1-PC    ] 02
[T+788487872us][CH1-PC    ] 62
[T+788576872us][CH1-PC    ] 03
[T+788654872us][CH1-PC    ] 04
[T+788732871us][CH1-PC    ] 05
[T+788909897us][CH1-PC    ] 06
[T+789085896us][CH1-PC    ] 01
[T+789163872us][CH1-PC    ] 02
[T+789190871us][CH1-PC    ] 62
[T+789269896us][CH1-PC    ] 03
[T+789348872us][CH1-PC    ] 04
[T+789426898us][CH1-PC    ] 05
[T+789604871us][CH1-PC    ] 06
[T+789790900us][CH1-PC    ] 01
[T+789868872us][CH1-PC    ] 02
[T+789895871us][CH1-PC    ] 62
[T+789973872us][CH1-PC    ] 03
[T+790052871us][CH1-PC    ] 04
[T+790130896us][CH1-PC    ] 05
[T+790304871us][CH1-PC    ] 06
[T+790473871us][CH1-PC    ] 01
[T+790552872us][CH1-PC    ] 02
[T+790579871us][CH1-PC    ] 62
[T+790659872us][CH1-PC    ] 03
[T+790737871us][CH1-PC    ] 04
[T+790816872us][CH1-PC    ] 05
[T+790992873us][CH1-PC    ] 06
[T+791156871us][CH1-PC    ] 01
[T+791235871us][CH1-PC    ] 02
[T+791263871us][CH1-PC    ] 62
[T+791355871us][CH1-PC    ] 03
[T+791432872us][CH1-PC    ] 04
[T+791511872us][CH1-PC    ] 05
[T+791686896us][CH1-PC    ] 06
[T+791862897us][CH1-PC    ] 01
[T+791966897us][CH1-PC    ] 02
[T+791993871us][CH1-PC    ] 62
[T+792082896us][CH1-PC    ] 03
[T+792160871us][CH1-PC    ] 04
[T+792238896us][CH1-PC    ] 05
[T+792413872us][CH1-PC    ] 06
[T+792579871us][CH1-PC    ] 01
[T+792657872us][CH1-PC    ] 02
[T+792685871us][CH1-PC    ] 62
[T+792763871us][CH1-PC    ] 03
[T+792842897us][CH1-PC    ] 04
[T+792920871us][CH1-PC    ] 05
[T+793094896us][CH1-PC    ] 06
[T+793269872us][CH1-PC    ] 01
[T+793348871us][CH1-PC    ] 02
[T+793375871us][CH1-PC    ] 62
[T+793455871us][CH1-PC    ] 03
[T+793533872us][CH1-PC    ] 04
[T+793605871us][CH1-PC    ] 05
[T+793781871us][CH1-PC    ] 06
[T+793956872us][CH1-PC    ] 01
[T+794034896us][CH1-PC    ] 02
[T+794061871us][CH1-PC    ] 62
[T+794167871us][CH1-PC    ] 03
[T+794245872us][CH1-PC    ] 04
[T+794312871us][CH1-PC    ] 05
[T+794489871us][CH1-PC    ] 06
[T+794666896us][CH1-PC    ] 01
[T+794744872us][CH1-PC    ] 02
[T+794771871us][CH1-PC    ] 62
[T+794850896us][CH1-PC    ] 03
[T+794918896us][CH1-PC    ] 04
[T+794999871us][CH1-PC    ] 05
[T+795174896us][CH1-PC    ] 06
[T+795351871us][CH1-PC    ] 01
[T+795419871us][CH1-PC    ] 02
[T+795447872us][CH1-PC    ] 62
[T+795525871us][CH1-PC    ] 03
[T+795605872us][CH1-PC    ] 04
[T+795682896us][CH1-PC    ] 05
[T+795868871us][CH1-PC    ] 06
[T+796034896us][CH1-PC    ] 01
[T+796112871us][CH1-PC    ] 02
[T+796139872us][CH1-PC    ] 62
[T+796229871us][CH1-PC    ] 03
[T+796307872us][CH1-PC    ] 04
[T+796386896us][CH1-PC    ] 05
[T+796562896us][CH1-PC    ] 06
[T+796737873us][CH1-PC    ] 01
[T+796815871us][CH1-PC    ] 02
[T+796842896us][CH1-PC    ] 62
[T+796931871us][CH1-PC    ] 03
[T+797009872us][CH1-PC    ] 04
[T+797078896us][CH1-PC    ] 05
[T+797250899us][CH1-PC    ] 06
[T+797429872us][CH1-PC    ] 01
[T+797520871us][CH1-PC    ] 02
[T+797548871us][CH1-PC    ] 62
[T+797637871us][CH1-PC    ] 03
[T+797714896us][CH1-PC    ] 04
[T+797793871us][CH1-PC    ] 05
[T+797967897us][CH1-PC    ] 06
[T+798143898us][CH1-PC    ] 01
[T+798221872us][CH1-PC    ] 02
[T+798250871us][CH1-PC    ] 62
[T+798329871us][CH1-PC    ] 03
[T+798407896us][CH1-PC    ] 04
[T+798485872us][CH1-PC    ] 05
[T+798661872us][CH1-PC    ] 06
[T+798836871us][CH1-PC    ] 01
[T+798914871us][CH1-PC    ] 02
[T+798941871us][CH1-PC    ] 62
[T+799020872us][CH1-PC    ] 03
[T+799098871us][CH1-PC    ] 04
[T+799177872us][CH1-PC    ] 05
[T+799351896us][CH1-PC    ] 06
[T+799515896us][CH1-PC    ] 01
[T+799593871us][CH1-PC    ] 02
[T+799621872us][CH1-PC    ] 62
[T+799721871us][CH1-PC    ] 03
[T+799798873us][CH1-PC    ] 04
[T+799877871us][CH1-PC    ] 05
[T+800051896us][CH1-PC    ] 06
[T+800226872us][CH1-PC    ] 01
[T+800295899us][CH1-PC    ] 02
[T+800322871us][CH1-PC    ] 62
[T+800400908us][CH1-PC    ] 03
[T+800478872us][CH1-PC    ] 04
[T+800556896us][CH1-PC    ] 05
[T+800743872us][CH1-PC    ] 06
[T+800907871us][CH1-PC    ] 01
[T+800985872us][CH1-PC    ] 02
[T+801013872us][CH1-PC    ] 62
[T+801102872us][CH1-PC    ] 03
[T+801180872us][CH1-PC    ] 04
[T+801249921us][CH1-PC    ] 05
[T+801423871us][CH1-PC    ] 06
[T+801601896us][CH1-PC    ] 01
[T+801680886us][CH1-PC    ] 02
[T+801708872us][CH1-PC    ] 62
[T+801786896us][CH1-PC    ] 03
[T+801854042us][CH1-PC    ] 04
[T+801933872us][CH1-PC    ] 05
[T+802111871us][CH1-PC    ] 06
[T+802287871us][CH1-PC    ] 01
[T+802372871us][CH1-PC    ] 02
[T+802401078us][CH1-PC    ] 62
[T+802488871us][CH1-PC    ] 03
[T+802566896us][CH1-PC    ] 04
[T+802633871us][CH1-PC    ] 05
[T+802798871us][CH1-PC    ] 06
[T+802973871us][CH1-PC    ] 01
[T+803051871us][CH1-PC    ] 02
[T+803079871us][CH1-PC    ] 62
[T+803167871us][CH1-PC    ] 03
[T+803249871us][CH1-PC    ] 04
[T+803327871us][CH1-PC    ] 05
[T+803503871us][CH1-PC    ] 06
[T+803677871us][CH1-PC    ] 01
[T+803756871us][CH1-PC    ] 02
[T+803783871us][CH1-PC    ] 62
[T+803862896us][CH1-PC    ] 03
[T+803941871us][CH1-PC    ] 04
[T+804008872us][CH1-PC    ] 05
[T+804172871us][CH1-PC    ] 06
[T+804347871us][CH1-PC    ] 01
[T+804425871us][CH1-PC    ] 02
[T+804453871us][CH1-PC    ] 62
[T+804531871us][CH1-PC    ] 03
[T+804609872us][CH1-PC    ] 04
[T+804688871us][CH1-PC    ] 05
[T+804865871us][CH1-PC    ] 06
[T+805040958us][CH1-PC    ] 01
[T+805118897us][CH1-PC    ] 02
[T+805145871us][CH1-PC    ] 62
[T+805223871us][CH1-PC    ] 03
[T+805301872us][CH1-PC    ] 04
[T+805379896us][CH1-PC    ] 05
[T+805545871us][CH1-PC    ] 06
[T+805722872us][CH1-PC    ] 01
[T+805791033us][CH1-PC    ] 02
[T+805817871us][CH1-PC    ] 62
[T+805896871us][CH1-PC    ] 03
[T+805963897us][CH1-PC    ] 04
[T+806041871us][CH1-PC    ] 05
[T+806227896us][CH1-PC    ] 06
[T+806420871us][CH1-PC    ] 01
[T+806499896us][CH1-PC    ] 02
[T+806527896us][CH1-PC    ] 62
[T+806606674us][CH1-PC    ] 03
[T+806683917us][CH1-PC    ] 04
[T+806761896us][CH1-PC    ] 05
[T+806938871us][CH1-PC    ] 06
[T+807113896us][CH1-PC    ] 01
[T+807191871us][CH1-PC    ] 02
[T+807218871us][CH1-PC    ] 62
[T+807308871us][CH1-PC    ] 03
[T+807388065us][CH1-PC    ] 04
[T+807454871us][CH1-PC    ] 05
[T+807628871us][CH1-PC    ] 06
[T+807804871us][CH1-PC    ] 01
[T+807882871us][CH1-PC    ] 02
[T+807910871us][CH1-PC    ] 62
[T+807989896us][CH1-PC    ] 03
[T+808067871us][CH1-PC    ] 04
[T+808145896us][CH1-PC    ] 05
[T+808321898us][CH1-PC    ] 06
[T+808485897us][CH1-PC    ] 01
[T+808563872us][CH1-PC    ] 02
[T+808581897us][CH1-PC    ] 62
[T+808669896us][CH1-PC    ] 03
[T+808747871us][CH1-PC    ] 04
[T+808826871us][CH1-PC    ] 05
[T+809002871us][CH1-PC    ] 06
[T+809174872us][CH1-PC    ] 01
[T+809252871us][CH1-PC    ] 02
[T+809269897us][CH1-PC    ] 62
[T+809347872us][CH1-PC    ] 03
[T+809425896us][CH1-PC    ] 04
[T+809503871us][CH1-PC    ] 05
[T+809678871us][CH1-PC    ] 06
[T+809842871us][CH1-PC    ] 01
[T+809920871us][CH1-PC    ] 02
[T+809949896us][CH1-PC    ] 62
[T+810028871us][CH1-PC    ] 03
[T+810106871us][CH1-PC    ] 04
[T+810184871us][CH1-PC    ] 05
[T+810360871us][CH1-PC    ] 06
[T+810539872us][CH1-PC    ] 01
[T+810617899us][CH1-PC    ] 02
[T+810640871us][CH1-PC    ] 62
[T+810718871us][CH1-PC    ] 03
[T+810796872us][CH1-PC    ] 04
[T+810875871us][CH1-PC    ] 05
[T+811049896us][CH1-PC    ] 06
[T+811225896us][CH1-PC    ] 01
[T+811302872us][CH1-PC    ] 02
[T+811331871us][CH1-PC    ] 62
[T+811411871us][CH1-PC    ] 03
[T+811490872us][CH1-PC    ] 04
[T+811568871us][CH1-PC    ] 05
[T+811760871us][CH1-PC    ] 06
[T+811946871us][CH1-PC    ] 01
[T+812024872us][CH1-PC    ] 02
[T+812051871us][CH1-PC    ] 62
[T+812130871us][CH1-PC    ] 03
[T+812207872us][CH1-PC    ] 04
[T+812285896us][CH1-PC    ] 05
[T+812460872us][CH1-PC    ] 06
[T+812624872us][CH1-PC    ] 01
[T+812703871us][CH1-PC    ] 02
[T+812730871us][CH1-PC    ] 62
[T+812809897us][CH1-PC    ] 03
[T+812887871us][CH1-PC    ] 04
[T+812965896us][CH1-PC    ] 05
[T+813140872us][CH1-PC    ] 06
[T+813316871us][CH1-PC    ] 01
[T+813395872us][CH1-PC    ] 02
[T+813422871us][CH1-PC    ] 62
[T+813500872us][CH1-PC    ] 03
[T+813579871us][CH1-PC    ] 04
[T+813659871us][CH1-PC    ] 05
[T+813829896us][CH1-PC    ] 06
[T+814015871us][CH1-PC    ] 01
[T+814093896us][CH1-PC    ] 02
[T+814120871us][CH1-PC    ] 62
[T+814199871us][CH1-PC    ] 03
[T+814279871us][CH1-PC    ] 04
[T+814357897us][CH1-PC    ] 05
[T+814532871us][CH1-PC    ] 06
[T+814706872us][CH1-PC    ] 01
[T+814784871us][CH1-PC    ] 02
[T+814812873us][CH1-PC    ] 62
[T+814891871us][CH1-PC    ] 03
[T+814970872us][CH1-PC    ] 04
[T+815067871us][CH1-PC    ] 05
[T+815241896us][CH1-PC    ] 06
[T+815406871us][CH1-PC    ] 01
[T+815485896us][CH1-PC    ] 02
[T+815512871us][CH1-PC    ] 62
[T+815591872us][CH1-PC    ] 03
[T+815669896us][CH1-PC    ] 04
[T+815747871us][CH1-PC    ] 05
[T+815923871us][CH1-PC    ] 06
[T+816099871us][CH1-PC    ] 01
[T+816177896us][CH1-PC    ] 02
[T+816204871us][CH1-PC    ] 62
[T+816293902us][CH1-PC    ] 03
[T+816371871us][CH1-PC    ] 04
[T+816450872us][CH1-PC    ] 05
[T+816624871us][CH1-PC    ] 06
[T+816795871us][CH1-PC    ] 01
[T+816873872us][CH1-PC    ] 02
[T+816890896us][CH1-PC    ] 62
[T+816968871us][CH1-PC    ] 03
[T+817046897us][CH1-PC    ] 04
[T+817124871us][CH1-PC    ] 05
[T+817317872us][CH1-PC    ] 06
[T+817492871us][CH1-PC    ] 01
[T+817570897us][CH1-PC    ] 02
[T+817597872us][CH1-PC    ] 62
[T+817678896us][CH1-PC    ] 03
[T+817757871us][CH1-PC    ] 04
[T+817835871us][CH1-PC    ] 05
[T+818000872us][CH1-PC    ] 06
[T+818175871us][CH1-PC    ] 01
[T+818253871us][CH1-PC    ] 02
[T+818280871us][CH1-PC    ] 62
[T+818359872us][CH1-PC    ] 03
[T+818438896us][CH1-PC    ] 04
[T+818516872us][CH1-PC    ] 05
[T+818692872us][CH1-PC    ] 06
[T+818866897us][CH1-PC    ] 01
[T+818945871us][CH1-PC    ] 02
[T+818972871us][CH1-PC    ] 62
[T+819051872us][CH1-PC    ] 03
[T+819129871us][CH1-PC    ] 04
[T+819207871us][CH1-PC    ] 05
[T+819383871us][CH1-PC    ] 06
[T+819551871us][CH1-PC    ] 01
[T+819630896us][CH1-PC    ] 02
[T+819656871us][CH1-PC    ] 62
[T+819740871us][CH1-PC    ] 03
[T+819819872us][CH1-PC    ] 04
[T+819899871us][CH1-PC    ] 05
[T+820064871us][CH1-PC    ] 06
[T+820239871us][CH1-PC    ] 01
[T+820318896us][CH1-PC    ] 02
[T+820345871us][CH1-PC    ] 62
[T+820455872us][CH1-PC    ] 03
[T+820551872us][CH1-PC    ] 04
[T+820629871us][CH1-PC    ] 05
[T+820805872us][CH1-PC    ] 06
[T+820971871us][CH1-PC    ] 01
[T+821050896us][CH1-PC    ] 02
[T+821077871us][CH1-PC    ] 62
[T+821156871us][CH1-PC    ] 03
[T+821261871us][CH1-PC    ] 04
[T+821339872us][CH1-PC    ] 05
[T+821514897us][CH1-PC    ] 06
[T+821690897us][CH1-PC    ] 01
[T+821769871us][CH1-PC    ] 02
[T+821796871us][CH1-PC    ] 62
[T+821875871us][CH1-PC    ] 03
[T+821954896us][CH1-PC    ] 04
[T+822032871us][CH1-PC    ] 05
[T+822209871us][CH1-PC    ] 06
[T+822374872us][CH1-PC    ] 01
[T+822452871us][CH1-PC    ] 02
[T+822480872us][CH1-PC    ] 62
[T+822569871us][CH1-PC    ] 03
[T+822647896us][CH1-PC    ] 04
[T+822725871us][CH1-PC    ] 05
[T+822915896us][CH1-PC    ] 06
[T+823102871us][CH1-PC    ] 01
[T+823180871us][CH1-PC    ] 02
[T+823207896us][CH1-PC    ] 62
[T+823285871us][CH1-PC    ] 03
[T+823364872us][CH1-PC    ] 04
[T+823442871us][CH1-PC    ] 05
[T+823607896us][CH1-PC    ] 06
[T+823789871us][CH1-PC    ] 01
[T+823867897us][CH1-PC    ] 02
[T+823895897us][CH1-PC    ] 62
[T+823974871us][CH1-PC    ] 03
[T+824053871us][CH1-PC    ] 04
[T+824131896us][CH1-PC    ] 05
[T+824296871us][CH1-PC    ] 06
[T+824472871us][CH1-PC    ] 01
[T+824550873us][CH1-PC    ] 02
[T+824577871us][CH1-PC    ] 62
[T+824656871us][CH1-PC    ] 03
[T+824735896us][CH1-PC    ] 04
[T+824814873us][CH1-PC    ] 05
[T+824989871us][CH1-PC    ] 06
[T+825154871us][CH1-PC    ] 01
[T+825232872us][CH1-PC    ] 02
[T+825260871us][CH1-PC    ] 62
[T+825338872us][CH1-PC    ] 03
[T+825417871us][CH1-PC    ] 04
[T+825494871us][CH1-PC    ] 05
[T+825681871us][CH1-PC    ] 06
[T+825866872us][CH1-PC    ] 01
[T+825944872us][CH1-PC    ] 02
[T+825973871us][CH1-PC    ] 62
[T+826057871us][CH1-PC    ] 03
[T+826135896us][CH1-PC    ] 04
[T+826213872us][CH1-PC    ] 05
[T+826398871us][CH1-PC    ] 06
[T+826563896us][CH1-PC    ] 01
[T+826641872us][CH1-PC    ] 02
[T+826668871us][CH1-PC    ] 62
[T+826747896us][CH1-PC    ] 03
[T+826814873us][CH1-PC    ] 04
[T+826894871us][CH1-PC    ] 05
[T+827069871us][CH1-PC    ] 06
[T+827235896us][CH1-PC    ] 01
[T+827314872us][CH1-PC    ] 02
[T+827341871us][CH1-PC    ] 62
[T+827420871us][CH1-PC    ] 03
[T+827498871us][CH1-PC    ] 04
[T+827576871us][CH1-PC    ] 05
[T+827752871us][CH1-PC    ] 06
[T+827952871us][CH1-PC    ] 01
[T+828097871us][CH1-PC    ] 02
[T+828129871us][CH1-PC    ] 62
[T+828218872us][CH1-PC    ] 03
[T+828296871us][CH1-PC    ] 04
[T+828374871us][CH1-PC    ] 05
[T+828549871us][CH1-PC    ] 06
[T+828730871us][CH1-PC    ] 01
[T+828811898us][CH1-PC    ] 02
[T+828838871us][CH1-PC    ] 62
[T+828917871us][CH1-PC    ] 03
[T+828997872us][CH1-PC    ] 04
[T+829067896us][CH1-PC    ] 05
[T+829241871us][CH1-PC    ] 06
[T+829404871us][CH1-PC    ] 01
[T+829482871us][CH1-PC    ] 02
[T+829510878us][CH1-PC    ] 62
[T+829599896us][CH1-PC    ] 03
[T+829679896us][CH1-PC    ] 04
[T+829757871us][CH1-PC    ] 05
[T+829921872us][CH1-PC    ] 06
[T+830096871us][CH1-PC    ] 01
[T+830174871us][CH1-PC    ] 02
[T+830193871us][CH1-PC    ] 62
[T+830270872us][CH1-PC    ] 03
[T+830349871us][CH1-PC    ] 04
[T+830427896us][CH1-PC    ] 05
[T+830601871us][CH1-PC    ] 06
[T+830766871us][CH1-PC    ] 01
[T+830844871us][CH1-PC    ] 02
[T+830871896us][CH1-PC    ] 62
[T+830951897us][CH1-PC    ] 03
[T+831030871us][CH1-PC    ] 04
[T+831107897us][CH1-PC    ] 05
[T+831283579us][CH1-PC    ] 06
[T+831458871us][CH1-PC    ] 01
[T+831528871us][CH1-PC    ] 02
[T+831557871us][CH1-PC    ] 62
[T+831635897us][CH1-PC    ] 03
[T+831715896us][CH1-PC    ] 04
[T+831793871us][CH1-PC    ] 05
[T+831969871us][CH1-PC    ] 06
[T+832146871us][CH1-PC    ] 01
[T+832224872us][CH1-PC    ] 02
[T+832240872us][CH1-PC    ] 62
[T+832320871us][CH1-PC    ] 03
[T+832398871us][CH1-PC    ] 04
[T+832476871us][CH1-PC    ] 05
[T+832643015us][CH1-PC    ] 06
[T+832817871us][CH1-PC    ] 01
[T+832895896us][CH1-PC    ] 02
[T+832923896us][CH1-PC    ] 62
[T+833003896us][CH1-PC    ] 03
[T+833082871us][CH1-PC    ] 04
[T+833160872us][CH1-PC    ] 05
[T+833326872us][CH1-PC    ] 06
[T+833501871us][CH1-PC    ] 01
[T+833580896us][CH1-PC    ] 02
[T+833607878us][CH1-PC    ] 62
[T+833697871us][CH1-PC    ] 03
[T+833775871us][CH1-PC    ] 04
[T+833864871us][CH1-PC    ] 05
[T+834030896us][CH1-PC    ] 06
[T+834204872us][CH1-PC    ] 01
[T+834273871us][CH1-PC    ] 02
[T+834300871us][CH1-PC    ] 62
[T+834378910us][CH1-PC    ] 03
[T+834456875us][CH1-PC    ] 04
[T+834534872us][CH1-PC    ] 05
[T+834709871us][CH1-PC    ] 06
[T+834874875us][CH1-PC    ] 01
[T+834952896us][CH1-PC    ] 02
[T+834979871us][CH1-PC    ] 62
[T+835058896us][CH1-PC    ] 03
[T+835136872us][CH1-PC    ] 04
[T+835214896us][CH1-PC    ] 05
[T+835389871us][CH1-PC    ] 06
[T+835564895us][CH1-PC    ] 01
[T+835643013us][CH1-PC    ] 02
[T+835669871us][CH1-PC    ] 62
[T+835748871us][CH1-PC    ] 03
[T+835837872us][CH1-PC    ] 04
[T+835914871us][CH1-PC    ] 05
[T+836079896us][CH1-PC    ] 06
[T+836256871us][CH1-PC    ] 01
[T+836334871us][CH1-PC    ] 02
[T+836361871us][CH1-PC    ] 62
[T+836451897us][CH1-PC    ] 03
[T+836530871us][CH1-PC    ] 04
[T+836608871us][CH1-PC    ] 05
[T+836783896us][CH1-PC    ] 06
[T+836959896us][CH1-PC    ] 01
[T+837037871us][CH1-PC    ] 02
[T+837064872us][CH1-PC    ] 62
[T+837142871us][CH1-PC    ] 03
[T+837220871us][CH1-PC    ] 04
[T+837299897us][CH1-PC    ] 05
[T+837473872us][CH1-PC    ] 06
[T+837648871us][CH1-PC    ] 01
[T+837726871us][CH1-PC    ] 02
[T+837754871us][CH1-PC    ] 62
[T+837832897us][CH1-PC    ] 03
[T+837910871us][CH1-PC    ] 04
[T+837989872us][CH1-PC    ] 05
[T+838166871us][CH1-PC    ] 06
[T+838352896us][CH1-PC    ] 01
[T+838433871us][CH1-PC    ] 02
[T+838461871us][CH1-PC    ] 62
[T+838550871us][CH1-PC    ] 03
[T+838628896us][CH1-PC    ] 04
[T+838706872us][CH1-PC    ] 05
[T+838881871us][CH1-PC    ] 06
[T+839045871us][CH1-PC    ] 01
[T+839123871us][CH1-PC    ] 02
[T+839150872us][CH1-PC    ] 62
[T+839239871us][CH1-PC    ] 03
[T+839317872us][CH1-PC    ] 04
[T+839398872us][CH1-PC    ] 05
[T+839564897us][CH1-PC    ] 06
[T+839740897us][CH1-PC    ] 01
[T+839818871us][CH1-PC    ] 02
[T+839847872us][CH1-PC    ] 62
[T+839930871us][CH1-PC    ] 03
[T+840008896us][CH1-PC    ] 04
[T+840086871us][CH1-PC    ] 05
[T+840252896us][CH1-PC    ] 06
[T+840426871us][CH1-PC    ] 01
[T+840505871us][CH1-PC    ] 02
[T+840532896us][CH1-PC    ] 62
[T+840622871us][CH1-PC    ] 03
[T+840700897us][CH1-PC    ] 04
[T+840778871us][CH1-PC    ] 05
[T+840953872us][CH1-PC    ] 06
[T+841128896us][CH1-PC    ] 01
[T+841206871us][CH1-PC    ] 02
[T+841236897us][CH1-PC    ] 62
[T+841315873us][CH1-PC    ] 03
[T+841393872us][CH1-PC    ] 04
[T+841471871us][CH1-PC    ] 05
[T+841646871us][CH1-PC    ] 06
[T+841815871us][CH1-PC    ] 01
[T+841895872us][CH1-PC    ] 02
[T+841922871us][CH1-PC    ] 62
[T+842000896us][CH1-PC    ] 03
[T+842078871us][CH1-PC    ] 04
[T+842156896us][CH1-PC    ] 05
[T+842331871us][CH1-PC    ] 06
[T+842498872us][CH1-PC    ] 01
[T+842576896us][CH1-PC    ] 02
[T+842603871us][CH1-PC    ] 62
[T+842682871us][CH1-PC    ] 03
[T+842760896us][CH1-PC    ] 04
[T+842839871us][CH1-PC    ] 05
[T+843013871us][CH1-PC    ] 06
[T+843189896us][CH1-PC    ] 01
[T+843267872us][CH1-PC    ] 02
[T+843295871us][CH1-PC    ] 62
[T+843373897us][CH1-PC    ] 03
[T+843451872us][CH1-PC    ] 04
[T+843531015us][CH1-PC    ] 05
[T+843704871us][CH1-PC    ] 06
[T+843882871us][CH1-PC    ] 01
[T+843960872us][CH1-PC    ] 02
[T+843987872us][CH1-PC    ] 62
[T+844066871us][CH1-PC    ] 03
[T+844144874us][CH1-PC    ] 04
[T+844222871us][CH1-PC    ] 05
[T+844397896us][CH1-PC    ] 06
[T+844561896us][CH1-PC    ] 01
[T+844639871us][CH1-PC    ] 02
[T+844667871us][CH1-PC    ] 62
[T+844745897us][CH1-PC    ] 03
[T+844823871us][CH1-PC    ] 04
[T+844901896us][CH1-PC    ] 05
[T+845076871us][CH1-PC    ] 06
[T+845253896us][CH1-PC    ] 01
[T+845331871us][CH1-PC    ] 02
[T+845358871us][CH1-PC    ] 62
[T+845437896us][CH1-PC    ] 03
[T+845515871us][CH1-PC    ] 04
[T+845593896us][CH1-PC    ] 05
[T+845770872us][CH1-PC    ] 06
[T+845945896us][CH1-PC    ] 01
[T+846025896us][CH1-PC    ] 02
[T+846053897us][CH1-PC    ] 62
[T+846150871us][CH1-PC    ] 03
[T+846228871us][CH1-PC    ] 04
[T+846306872us][CH1-PC    ] 05
[T+846483871us][CH1-PC    ] 06
[T+846658872us][CH1-PC    ] 01
[T+846737905us][CH1-PC    ] 02
[T+846764871us][CH1-PC    ] 62
[T+846844872us][CH1-PC    ] 03
[T+846922872us][CH1-PC    ] 04
[T+847001896us][CH1-PC    ] 05
[T+847175871us][CH1-PC    ] 06
[T+847350872us][CH1-PC    ] 01
[T+847428871us][CH1-PC    ] 02
[T+847457334us][CH1-PC    ] 62
[T+847545896us][CH1-PC    ] 03
[T+847623871us][CH1-PC    ] 04
[T+847701896us][CH1-PC    ] 05
[T+847877897us][CH1-PC    ] 06
[T+848054871us][CH1-PC    ] 01
[T+848132871us][CH1-PC    ] 02
[T+848160872us][CH1-PC    ] 62
[T+848239871us][CH1-PC    ] 03
[T+848317897us][CH1-PC    ] 04
[T+848395871us][CH1-PC    ] 05
[T+848570871us][CH1-PC    ] 06
[T+848735871us][CH1-PC    ] 01
[T+848813897us][CH1-PC    ] 02
[T+848840871us][CH1-PC    ] 62
[T+848919874us][CH1-PC    ] 03
[T+848998872us][CH1-PC    ] 04
[T+849076872us][CH1-PC    ] 05
[T+849252875us][CH1-PC    ] 06
[T+849429896us][CH1-PC    ] 01
[T+849507872us][CH1-PC    ] 02
[T+849534871us][CH1-PC    ] 62
[T+849612872us][CH1-PC    ] 03
[T+849690872us][CH1-PC    ] 04
[T+849769896us][CH1-PC    ] 05
[T+849943872us][CH1-PC    ] 06
[T+850107871us][CH1-PC    ] 01
[T+850187875us][CH1-PC    ] 02
[T+850214871us][CH1-PC    ] 62
[T+850294871us][CH1-PC    ] 03
[T+850373897us][CH1-PC    ] 04
[T+850451871us][CH1-PC    ] 05
[T+850627871us][CH1-PC    ] 06
[T+850804871us][CH1-PC    ] 01
[T+850882872us][CH1-PC    ] 02
[T+850910871us][CH1-PC    ] 62
[T+850988871us][CH1-PC    ] 03
[T+851062871us][CH1-PC    ] 04
[T+851140871us][CH1-PC    ] 05
[T+851316872us][CH1-PC    ] 06
[T+851491871us][CH1-PC    ] 01
[T+851569896us][CH1-PC    ] 02
[T+852148871us][CH1-PC    ] 03
[T+852226872us][CH1-PC    ] 04
[T+852304871us][CH1-PC    ] 05
[T+852492871us][CH1-PC    ] 06
[T+852658871us][CH1-PC    ] 01
[T+852736871us][CH1-PC    ] 02
[T+853315871us][CH1-PC    ] 03
[T+853393896us][CH1-PC    ] 04
[T+853471871us][CH1-PC    ] 05
[T+853647871us][CH1-PC    ] 06
[T+853813896us][CH1-PC    ] 01
[T+853891872us][CH1-PC    ] 02
[T+853919871us][CH1-PC    ] 42
[T+853985896us][CH1-PC    ] 52
[T+854184873us][CH1-PC    ] 03
[T+854262871us][CH1-PC    ] 04
[T+854342873us][CH1-PC    ] 05
[T+854517896us][CH1-PC    ] 06
[T+854724871us][CH1-PC    ] 01
[T+854802871us][CH1-PC    ] 02
[T+854829896us][CH1-PC    ] 42
[T+854891872us][CH1-PC    ] 52
[T+855104873us][CH1-PC    ] 03
[T+855182871us][CH1-PC    ] 04
[T+855260871us][CH1-PC    ] 05
[T+855435872us][CH1-PC    ] 06
[T+855610871us][CH1-PC    ] 01
[T+855688871us][CH1-PC    ] 02
[T+855766871us][CH1-PC    ] 03
[T+855844872us][CH1-PC    ] 04
[T+855922872us][CH1-PC    ] 05
[T+856098871us][CH1-PC    ] 06
[T+856265896us][CH1-PC    ] 01
[T+856343872us][CH1-PC    ] 02
[T+856426871us][CH1-PC    ] 03
[T+856503871us][CH1-PC    ] 04
[T+856582871us][CH1-PC    ] 05
[T+856756871us][CH1-PC    ] 06
[T+856924871us][CH1-PC    ] 01
[T+857001897us][CH1-PC    ] 02
[T+857079871us][CH1-PC    ] 03
[T+857158871us][CH1-PC    ] 04
[T+857245897us][CH1-PC    ] 05
[T+857419871us][CH1-PC    ] 06