[T+2028174355us][CH1-PC ] 51 20 FA → [P1] POLL
[T+2028180001us][CH2-DEVICE] 51 70 FA → [P1] IDLE
[T+2028315380us][CH1-PC ] 52 20 FA → [P2] POLL
[T+2028319383us][CH2-DEVICE] 52 70 FA → [P2] IDLE
[T+2028455379us][CH1-PC ] 53 20 FA → [P3] POLL
[T+2028461355us][CH2-DEVICE] 53 70 FA → [P3] IDLE
[T+2028596355us][CH1-PC ] 50 20 FA → [P0] POLL
[T+2028601355us][CH2-DEVICE] 50 70 FA → [P0] IDLE
[T+2028737380us][CH1-PC ] 51 20 FA → [P1] POLL
[T+2028742355us][CH2-DEVICE] 51 70 FA → [P1] IDLE
[T+2028877355us][CH1-PC ] 52 20 FA → [P2] POLL
[T+2028897379us][CH2-DEVICE] 52 3A 03 04 01 05 00 12 7E E5 03 FA → [P2] SEQ=3A [03 04 01 05 00 12]
[T+2028967355us][CH1-PC ] 52 30 01 01 04 01 01 05 19 94 03 FA → [P2] DISP st=04(BUSY) [01 01 04 01 01 05]
[T+2028972355us][CH2-DEVICE] 52 C0 FA → [P2] ACK
[T+2029034355us][CH1-PC ] 52 C0 FA → [P2] ACK
[T+2029174355us][CH1-PC ] 53 20 FA → [P3] POLL
[T+2029179355us][CH2-DEVICE] 53 70 FA → [P3] IDLE
[T+2029315379us][CH1-PC ] 50 20 FA → [P0] POLL
[T+2029319383us][CH2-DEVICE] 50 70 FA → [P0] IDLE
[T+2029456355us][CH1-PC ] 51 20 FA → [P1] POLL
[T+2029461355us][CH2-DEVICE] 51 70 FA → [P1] IDLE
[T+2029596355us][CH1-PC ] 52 20 FA → [P2] POLL
[T+2029635355us][CH2-DEVICE] 52 3B 02 08 00 00 00 00 00 00 00 00 03 04 01 05 00 12 3A F0 03 FA → [P2] SEQ=3B FILL vol=0.00L price=0.00
[T+2029676355us][CH1-PC ] 52 C0 FA → [P2] ACK
[T+2029792355us][CH1-PC ] 52 30 01 01 05 02 04 01 02 03 04 05 0C 01 43 00 01 05 00 01 24 00 01 43 30 03 04 00 00 10 00 01 01 06 AD 68 03 FA → [P2] DISP st=05(IDLE) [01 01 05 02 04 01 02 03 04 05 0C 01...]
[T+2029799355us][CH2-DEVICE] 52 C0 FA → [P2] ACK
[T+2029924355us][CH1-PC ] 53 20 FA → [P3] POLL
[T+2029930355us][CH2-DEVICE] 53 70 FA → [P3] IDLE
[T+2030065355us][CH1-PC ] 50 20 FA → [P0] POLL
[T+2030070865us][CH2-DEVICE] 50 70 FA → [P0] IDLE
[T+2030205355us][CH1-PC ] 51 20 FA → [P1] POLL
[T+2030210355us][CH2-DEVICE] 51 70 FA → [P1] IDLE
[T+2030346379us][CH1-PC ] 52 20 FA → [P2] POLL
[T+2030351355us][CH2-DEVICE] 52 70 FA → [P2] IDLE
[T+2030465355us][CH1-PC ] 52 30 01 01 05 02 04 01 02 03 04 05 0C 01 43 00 01 05 00 01 24 00 01 43 30 03 04 00 00 10 00 01 01 06 AD 68 03 FA → [P2] DISP st=05(IDLE) [01 01 05 02 04 01 02 03 04 05 0C 01...]
[T+2030471357us][CH2-DEVICE] 52 C0 FA → [P2] ACK
[T+2030596355us][CH1-PC ] 53 20 FA → [P3] POLL
[T+2030601355us][CH2-DEVICE] 53 70 FA → [P3] IDLE
[T+2030737382us][CH1-PC ] 50 20 FA → [P0] POLL
[T+2030741384us][CH2-DEVICE] 50 70 FA → [P0] IDLE
[T+2030877380us][CH1-PC ] 51 20 FA → [P1] POLL
[T+2030882355us][CH2-DEVICE] 51 70 FA → [P1] IDLE
[T+2031018379us][CH1-PC ] 52 20 FA → [P2] POLL
[T+2031050382us][CH2-DEVICE] 52 3C 01 01 02 02 08 00 00 00 00 00 00 00 00 DC F1 03 FA → [P2] SEQ=3C FILL vol=0.00L price=0.00
[T+2031099355us][CH1-PC ] 52 C0 FA → [P2] ACK
[T+2031237355us][CH1-PC ] 53 20 FA → [P3] POLL
[T+2031244074us][CH2-DEVICE] 53 70 FA → [P3] IDLE
[T+2031377355us][CH1-PC ] 50 20 FA → [P0] POLL
[T+2031382355us][CH2-DEVICE] 50 70 FA → [P0] IDLE
[T+2031518379us][CH1-PC ] 51 20 FA → [P1] POLL
[T+2031522383us][CH2-DEVICE] 51 70 FA → [P1] IDLE
[T+2031659355us][CH1-PC ] 52 20 FA → [P2] POLL
[T+2031666364us][CH2-DEVICE] 52 70 FA → [P2] IDLE
[T+2031744355us][CH1-PC ] 52 30 01 01 04 E7 5F 03 FA → [P2] DISP st=04(BUSY) [01 01 04]
[T+2031750355us][CH2-DEVICE] 52 C0 FA → [P2] ACK
[T+2031955355us][CH1-PC ] 53 20 FA → [P3] POLL
[T+2031961355us][CH2-DEVICE] 53 70 FA → [P3] IDLE
[T+2032096355us][CH1-PC ] 50 20 FA → [P0] POLL
[T+2032100394us][CH2-DEVICE] 50 70 FA → [P0] IDLE
[T+2032237355us][CH1-PC ] 51 20 FA → [P1] POLL
[T+2032243005us][CH2-DEVICE] 51 70 FA → [P1] IDLE
[T+2032378384us][CH1-PC ] 52 20 FA → [P2] POLL
[T+2032414380us][CH2-DEVICE] 52 3D 02 08 00 00 00 00 00 00 00 00 03 04 01 05 00 12 D9 51 03 FA → [P2] SEQ=3D FILL vol=0.00L price=0.00
[T+2032458383us][CH1-PC ] 52 C0 FA → [P2] ACK
[T+2032596355us][CH1-PC ] 53 20 FA → [P3] POLL
[T+2032601357us][CH2-DEVICE] 53 70 FA → [P3] IDLE
[T+2032736355us][CH1-PC ] 50 20 FA → [P0] POLL
[T+2032741355us][CH2-DEVICE] 50 70 FA → [P0] IDLE
[T+2032877380us][CH1-PC ] 51 20 FA → [P1] POLL
[T+2032882355us][CH2-DEVICE] 51 70 FA → [P1] IDLE
[T+2033018385us][CH1-PC ] 52 20 FA → [P2] POLL
[T+2033023355us][CH2-DEVICE] 52 70 FA → [P2] IDLE
[T+2033103380us][CH1-PC ] 52 30 01 01 04 E7 5F 03 FA → [P2] DISP st=04(BUSY) [01 01 04]
[T+2033109355us][CH2-DEVICE] 52 C0 FA → [P2] ACK
[T+2033314355us][CH1-PC ] 53 20 FA → [P3] POLL
[T+2033320042us][CH2-DEVICE] 53 70 FA → [P3] IDLE
[T+2033455380us][CH1-PC ] 50 20 FA → [P0] POLL
[T+2033460355us][CH2-DEVICE] 50 70 FA → [P0] IDLE
[T+2033596381us][CH1-PC ] 51 20 FA → [P1] POLL
[T+2033601355us][CH2-DEVICE] 51 70 FA → [P1] IDLE
[T+2033737359us][CH1-PC ] 52 20 FA → [P2] POLL
[T+2033775355us][CH2-DEVICE] 52 3E 02 08 00 00 00 00 00 00 00 00 03 04 01 05 00 12 29 A1 03 FA → [P2] SEQ=3E FILL vol=0.00L price=0.00
[T+2033817355us][CH1-PC ] 52 C0 FA → [P2] ACK
[T+2033955379us][CH1-PC ] 53 20 FA → [P3] POLL
[T+2033960355us][CH2-DEVICE] 53 70 FA → [P3] IDLE
[T+2034096381us][CH1-PC ] 50 20 FA → [P0] POLL
[T+2034101355us][CH2-DEVICE] 50 70 FA → [P0] IDLE
[T+2034236355us][CH1-PC ] 51 20 FA → [P1] POLL
[T+2034242355us][CH2-DEVICE] 51 70 FA → [P1] IDLE
[T+2034377355us][CH1-PC ] 52 20 FA → [P2] POLL
[T+2034382355us][CH2-DEVICE] 52 70 FA → [P2] IDLE
[T+2034462379us][CH1-PC ] 52 30 01 01 04 E7 5F 03 FA → [P2] DISP st=04(BUSY) [01 01 04]
[T+2034470146us][CH2-DEVICE] 52 C0 FA → [P2] ACK
[T+2034674355us][CH1-PC ] 53 20 FA → [P3] POLL
[T+2034680355us][CH2-DEVICE] 53 70 FA → [P3] IDLE
[T+2034814355us][CH1-PC ] 50 20 FA → [P0] POLL
[T+2034820355us][CH2-DEVICE] 50 70 FA → [P0] IDLE
[T+2034955355us][CH1-PC ] 51 20 FA → [P1] POLL
[T+2034961364us][CH2-DEVICE] 51 70 FA → [P1] IDLE
[T+2035096355us][CH1-PC ] 52 20 FA → [P2] POLL
[T+2035131355us][CH2-DEVICE] 52 3F 02 08 00 00 00 00 00 00 00 00 03 04 01 05 00 12 78 31 03 FA → [P2] SEQ=3F FILL vol=0.00L price=0.00
[T+2035176355us][CH1-PC ] 52 C0 FA → [P2] ACK
[T+2035314355us][CH1-PC ] 53 20 FA → [P3] POLL
[T+2035321045us][CH2-DEVICE] 53 70 FA → [P3] IDLE
[T+2035455355us][CH1-PC ] 50 20 FA → [P0] POLL
[T+2035461355us][CH2-DEVICE] 50 70 FA → [P0] IDLE
[T+2035596355us][CH1-PC ] 51 20 FA → [P1] POLL
[T+2035601355us][CH2-DEVICE] 51 70 FA → [P1] IDLE
[T+2035736355us][CH1-PC ] 52 20 FA → [P2] POLL
[T+2035742364us][CH2-DEVICE] 52 70 FA → [P2] IDLE
[T+2035822380us][CH1-PC ] 52 30 01 01 04 E7 5F 03 FA → [P2] DISP st=04(BUSY) [01 01 04]
[T+2035827355us][CH2-DEVICE] 52 C0 FA → [P2] ACK
[T+2036033355us][CH1-PC ] 53 20 FA → [P3] POLL
[T+2036038355us][CH2-DEVICE] 53 70 FA → [P3] IDLE
[T+2036174380us][CH1-PC ] 50 20 FA → [P0] POLL
[T+2036179355us][CH2-DEVICE] 50 70 FA → [P0] IDLE
[T+2036314355us][CH1-PC ] 51 20 FA → [P1] POLL
[T+2036319855us][CH2-DEVICE] 51 70 FA → [P1] IDLE
[T+2036455385us][CH1-PC ] 52 20 FA → [P2] POLL
[T+2036494355us][CH2-DEVICE] 52 31 02 08 00 00 00 05 00 00 05 25 03 04 01 05 00 12 B9 63 03 FA → [P2] SEQ=31 FILL vol=0.05L price=5.25
[T+2036536355us][CH1-PC ] 52 C0 FA → [P2] ACK
[T+2036674380us][CH1-PC ] 53 20 FA → [P3] POLL
[T+2036679355us][CH2-DEVICE] 53 70 FA → [P3] IDLE
[T+2036814355us][CH1-PC ] 50 20 FA → [P0] POLL
[T+2036820355us][CH2-DEVICE] 50 70 FA → [P0] IDLE
[T+2036955355us][CH1-PC ] 51 20 FA → [P1] POLL
[T+2036960355us][CH2-DEVICE] 51 70 FA → [P1] IDLE
[T+2037096382us][CH1-PC ] 52 20 FA → [P2] POLL
[T+2037103043us][CH2-DEVICE] 52 70 FA → [P2] IDLE
[T+2037181355us][CH1-PC ] 52 30 01 01 04 E7 5F 03 FA → [P2] DISP st=04(BUSY) [01 01 04]
[T+2037188355us][CH2-DEVICE] 52 C0 FA → [P2] ACK
[T+2037392382us][CH1-PC ] 53 20 FA → [P3] POLL
[T+2037398355us][CH2-DEVICE] 53 70 FA → [P3] IDLE
[T+2037533355us][CH1-PC ] 50 20 FA → [P0] POLL
[T+2037540044us][CH2-DEVICE] 50 70 FA → [P0] IDLE
[T+2037674355us][CH1-PC ] 51 20 FA → [P1] POLL
[T+2037679355us][CH2-DEVICE] 51 70 FA → [P1] IDLE
[T+2037815379us][CH1-PC ] 52 20 FA → [P2] POLL
[T+2037852355us][CH2-DEVICE] 52 32 02 08 00 00 00 06 00 00 06 30 03 04 01 05 00 12 42 03 03 FA → [P2] SEQ=32 FILL vol=0.06L price=6.30
[T+2037895355us][CH1-PC ] 52 C0 FA → [P2] ACK
[T+2038033355us][CH1-PC ] 53 20 FA → [P3] POLL
[T+2038038357us][CH2-DEVICE] 53 70 FA → [P3] IDLE
[T+2038174381us][CH1-PC ] 50 20 FA → [P0] POLL
[T+2038178383us][CH2-DEVICE] 50 70 FA → [P0] IDLE
[T+2038314379us][CH1-PC ] 51 20 FA → [P1] POLL
[T+2038319355us][CH2-DEVICE] 51 70 FA → [P1] IDLE
[T+2038456355us][CH1-PC ] 52 20 FA → [P2] POLL
[T+2038483355us][CH2-DEVICE] 52 33 02 08 00 00 00 07 00 00 07 35 78 AE 03 FA → [P2] SEQ=33 FILL vol=0.07L price=7.35
[T+2038535380us][CH1-PC ] 52 C0 FA → [P2] ACK
[T+2038674355us][CH1-PC ] 53 20 FA → [P3] POLL
[T+2038678383us][CH2-DEVICE] 53 70 FA → [P3] IDLE
[T+2038814379us][CH1-PC ] 50 20 FA → [P0] POLL
[T+2038819355us][CH2-DEVICE] 50 70 FA → [P0] IDLE
[T+2038955380us][CH1-PC ] 51 20 FA → [P1] POLL
[T+2038962087us][CH2-DEVICE] 51 70 FA → [P1] IDLE
[T+2039096355us][CH1-PC ] 52 20 FA → [P2] POLL
[T+2039123355us][CH2-DEVICE] 52 34 02 08 00 00 00 08 00 00 08 40 F2 CC 03 FA → [P2] SEQ=34 FILL vol=0.08L price=8.40
[T+2039176355us][CH1-PC ] 52 C0 FA → [P2] ACK
[T+2039314355us][CH1-PC ] 53 20 FA → [P3] POLL
[T+2039319355us][CH2-DEVICE] 53 70 FA → [P3] IDLE
[T+2039455434us][CH1-PC ] 50 20 FA → [P0] POLL
[T+2039460355us][CH2-DEVICE] 50 70 FA → [P0] IDLE
[T+2039595355us][CH1-PC ] 51 20 FA → [P1] POLL
[T+2039600355us][CH2-DEVICE] 51 70 FA → [P1] IDLE
[T+2039737478us][CH1-PC ] 52 20 FA → [P2] POLL
[T+2039753451us][CH2-DEVICE] 52 35 01 01 04 E7 93 03 FA → [P2] SEQ=35 [01 01 04]
[T+2039815355us][CH1-PC ] 52 C0 FA → [P2] ACK
[T+2039955355us][CH1-PC ] 53 20 FA → [P3] POLL
[T+2039962047us][CH2-DEVICE] 53 70 FA → [P3] IDLE
[T+2040095355us][CH1-PC ] 50 20 FA → [P0] POLL
[T+2040100358us][CH2-DEVICE] 50 70 FA → [P0] IDLE
[T+2040236381us][CH1-PC ] 51 20 FA → [P1] POLL
[T+2040241355us][CH2-DEVICE] 51 70 FA → [P1] IDLE
[T+2040377382us][CH1-PC ] 52 20 FA → [P2] POLL
[T+2040404355us][CH2-DEVICE] 52 36 02 08 00 00 00 17 00 00 17 85 A4 D5 03 FA → [P2] SEQ=36 FILL vol=0.17L price=17.85
[T+2040457355us][CH1-PC ] 52 C0 FA → [P2] ACK
[T+2040595355us][CH1-PC ] 53 20 FA → [P3] POLL
[T+2040600355us][CH2-DEVICE] 53 70 FA → [P3] IDLE
[T+2040736379us][CH1-PC ] 50 20 FA → [P0] POLL
[T+2040741355us][CH2-DEVICE] 50 70 FA → [P0] IDLE
[T+2040877379us][CH1-PC ] 51 20 FA → [P1] POLL
[T+2040881386us][CH2-DEVICE] 51 70 FA → [P1] IDLE
[T+2041018355us][CH1-PC ] 52 20 FA → [P2] POLL
[T+2041044355us][CH2-DEVICE] 52 37 02 08 00 00 00 42 00 00 44 10 50 BA 03 FA → [P2] SEQ=37 FILL vol=0.42L price=44.10
[T+2041097355us][CH1-PC ] 52 C0 FA → [P2] ACK
[T+2041236379us][CH1-PC ] 53 20 FA → [P3] POLL
[T+2041242360us][CH2-DEVICE] 53 70 FA → [P3] IDLE
[T+2041377355us][CH1-PC ] 50 20 FA → [P0] POLL
[T+2041383044us][CH2-DEVICE] 50 70 FA → [P0] IDLE
[T+2041517355us][CH1-PC ] 51 20 FA → [P1] POLL
[T+2041523355us][CH2-DEVICE] 51 70 FA → [P1] IDLE
[T+2041659379us][CH1-PC ] 52 20 FA → [P2] POLL
[T+2041686355us][CH2-DEVICE] 52 38 02 08 00 00 00 70 00 00 73 50 4E AA 03 FA → [P2] SEQ=38 FILL vol=0.70L price=73.50
[T+2041738379us][CH1-PC ] 52 C0 FA → [P2] ACK
[T+2041877355us][CH1-PC ] 53 20 FA → [P3] POLL
[T+2041883355us][CH2-DEVICE] 53 70 FA → [P3] IDLE
[T+2042017355us][CH1-PC ] 50 20 FA → [P0] POLL
[T+2042023355us][CH2-DEVICE] 50 70 FA → [P0] IDLE
[T+2042158355us][CH1-PC ] 51 20 FA → [P1] POLL
[T+2042163355us][CH2-DEVICE] 51 70 FA → [P1] IDLE
[T+2042299379us][CH1-PC ] 52 20 FA → [P2] POLL
[T+2042327380us][CH2-DEVICE] 52 39 02 08 00 00 01 00 00 01 05 00 7D D0 03 FA → [P2] SEQ=39 FILL vol=1.00L price=105.00
[T+2042379355us][CH1-PC ] 52 C0 FA → [P2] ACK
[T+2042517355us][CH1-PC ] 53 20 FA → [P3] POLL
[T+2042525032us][CH2-DEVICE] 53 70 FA → [P3] IDLE
[T+2042658355us][CH1-PC ] 50 20 FA → [P0] POLL
[T+2042663355us][CH2-DEVICE] 50 70 FA → [P0] IDLE
[T+2042798355us][CH1-PC ] 51 20 FA → [P1] POLL
[T+2042804035us][CH2-DEVICE] 51 70 FA → [P1] IDLE
[T+2042940379us][CH1-PC ] 52 20 FA → [P2] POLL
[T+2042970355us][CH2-DEVICE] 52 3A 02 08 00 00 01 30 00 01 36 50 26 5C 03 FA → [P2] SEQ=3A FILL vol=1.30L price=136.50
[T+2043019355us][CH1-PC ] 52 C0 FA → [P2] ACK
[T+2043158386us][CH1-PC ] 53 20 FA → [P3] POLL
[T+2043165364us][CH2-DEVICE] 53 70 FA → [P3] IDLE
[T+2043298355us][CH1-PC ] 50 20 FA → [P0] POLL
[T+2043303355us][CH2-DEVICE] 50 70 FA → [P0] IDLE
[T+2043439379us][CH1-PC ] 51 20 FA → [P1] POLL
[T+2043444355us][CH2-DEVICE] 51 70 FA → [P1] IDLE
[T+2043580380us][CH1-PC ] 52 20 FA → [P2] POLL
[T+2043607355us][CH2-DEVICE] 52 3B 02 08 00 00 01 63 00 01 71 15 54 AF 03 FA → [P2] SEQ=3B FILL vol=1.63L price=171.15
[T+2043660355us][CH1-PC ] 52 C0 FA → [P2] ACK
[T+2043798355us][CH1-PC ] 53 20 FA → [P3] POLL
[T+2043805355us][CH2-DEVICE] 53 70 FA → [P3] IDLE
[T+2043939355us][CH1-PC ] 50 20 FA → [P0] POLL
[T+2043945364us][CH2-DEVICE] 50 70 FA → [P0] IDLE
[T+2044080358us][CH1-PC ] 51 20 FA → [P1] POLL
[T+2044085355us][CH2-DEVICE] 51 70 FA → [P1] IDLE
[T+2044221380us][CH1-PC ] 52 20 FA → [P2] POLL
[T+2044249379us][CH2-DEVICE] 52 3C 02 08 00 00 01 93 00 02 02 65 DA 1A 03 FA → [P2] SEQ=3C FILL vol=1.93L price=202.65
[T+2044301355us][CH1-PC ] 52 C0 FA → [P2] ACK
[T+2044439355us][CH1-PC ] 53 20 FA → [P3] POLL
[T+2044444355us][CH2-DEVICE] 53 70 FA → [P3] IDLE
[T+2044580394us][CH1-PC ] 50 20 FA → [P0] POLL
[T+2044585355us][CH2-DEVICE] 50 70 FA → [P0] IDLE
[T+2044721203us][CH1-PC ] 51 20 FA → [P1] POLL
[T+2044725384us][CH2-DEVICE] 51 70 FA → [P1] IDLE
[T+2044861380us][CH1-PC ] 52 20 FA → [P2] POLL
[T+2044888355us][CH2-DEVICE] 52 3D 02 08 00 00 02 22 00 02 33 10 76 B8 03 FA → [P2] SEQ=3D FILL vol=2.22L price=233.10
[T+2044941355us][CH1-PC ] 52 C0 FA → [P2] ACK
[T+2045080379us][CH1-PC ] 53 20 FA → [P3] POLL
[T+2045086027us][CH2-DEVICE] 53 70 FA → [P3] IDLE
[T+2045220355us][CH1-PC ] 50 20 FA → [P0] POLL
[T+2045226355us][CH2-DEVICE] 50 70 FA → [P0] IDLE
[T+2045361355us][CH1-PC ] 51 20 FA → [P1] POLL
[T+2045366355us][CH2-DEVICE] 51 70 FA → [P1] IDLE
[T+2045502381us][CH1-PC ] 52 20 FA → [P2] POLL
[T+2045528355us][CH2-DEVICE] 52 3E 02 08 00 00 02 51 00 02 63 55 81 C4 03 FA → [P2] SEQ=3E FILL vol=2.51L price=263.55
[T+2045581355us][CH1-PC ] 52 C0 FA → [P2] ACK
[T+2045720381us][CH1-PC ] 53 20 FA → [P3] POLL
[T+2045727355us][CH2-DEVICE] 53 70 FA → [P3] IDLE
[T+2045861355us][CH1-PC ] 50 20 FA → [P0] POLL
[T+2045867037us][CH2-DEVICE] 50 70 FA → [P0] IDLE
[T+2046001355us][CH1-PC ] 51 20 FA → [P1] POLL
[T+2046007355us][CH2-DEVICE] 51 70 FA → [P1] IDLE
[T+2046143381us][CH1-PC ] 52 20 FA → [P2] POLL
[T+2046168355us][CH2-DEVICE] 52 3F 02 08 00 00 02 85 00 02 99 25 F6 6E 03 FA → [P2] SEQ=3F FILL vol=2.85L price=299.25
[T+2046222355us][CH1-PC ] 52 C0 FA → [P2] ACK
[T+2046361355us][CH1-PC ] 53 20 FA → [P3] POLL
[T+2046366355us][CH2-DEVICE] 53 70 FA → [P3] IDLE
[T+2046501355us][CH1-PC ] 50 20 FA → [P0] POLL
[T+2046506355us][CH2-DEVICE] 50 70 FA → [P0] IDLE
[T+2046642385us][CH1-PC ] 51 20 FA → [P1] POLL
[T+2046648040us][CH2-DEVICE] 51 70 FA → [P1] IDLE
[T+2046783380us][CH1-PC ] 52 20 FA → [P2] POLL
[T+2046812355us][CH2-DEVICE] 52 31 02 08 00 00 03 14 00 03 29 70 DA B5 03 FA → [P2] SEQ=31 FILL vol=3.14L price=329.70
[T+2046863355us][CH1-PC ] 52 C0 FA → [P2] ACK
[T+2047001355us][CH1-PC ] 53 20 FA → [P3] POLL
[T+2047009038us][CH2-DEVICE] 53 70 FA → [P3] IDLE
[T+2047142355us][CH1-PC ] 50 20 FA → [P0] POLL
[T+2047147355us][CH2-DEVICE] 50 70 FA → [P0] IDLE
[T+2047283379us][CH1-PC ] 51 20 FA → [P1] POLL
[T+2047287383us][CH2-DEVICE] 51 70 FA → [P1] IDLE
[T+2047424355us][CH1-PC ] 52 20 FA → [P2] POLL
[T+2047452380us][CH2-DEVICE] 52 32 02 08 00 00 03 43 00 03 60 15 57 86 03 FA → [P2] SEQ=32 FILL vol=3.43L price=360.15
[T+2047503483us][CH1-PC ] 52 C0 FA → [P2] ACK
[T+2047642355us][CH1-PC ] 53 20 FA → [P3] POLL
[T+2047649370us][CH2-DEVICE] 53 70 FA → [P3] IDLE
[T+2047783355us][CH1-PC ] 50 20 FA → [P0] POLL
[T+2047788355us][CH2-DEVICE] 50 70 FA → [P0] IDLE
[T+2047923355us][CH1-PC ] 51 20 FA → [P1] POLL
[T+2047928355us][CH2-DEVICE] 51 70 FA → [P1] IDLE
[T+2048064384us][CH1-PC ] 52 20 FA → [P2] POLL
[T+2048092379us][CH2-DEVICE] 52 33 02 08 00 00 03 71 00 03 89 55 24 DE 03 FA → [P2] SEQ=33 FILL vol=3.71L price=389.55
[T+2048144379us][CH1-PC ] 52 C0 FA → [P2] ACK
[T+2048283355us][CH1-PC ] 53 20 FA → [P3] POLL
[T+2048290376us][CH2-DEVICE] 53 70 FA → [P3] IDLE
[T+2048423355us][CH1-PC ] 50 20 FA → [P0] POLL
[T+2048428355us][CH2-DEVICE] 50 70 FA → [P0] IDLE
[T+2048564379us][CH1-PC ] 51 20 FA → [P1] POLL
[T+2048569355us][CH2-DEVICE] 51 70 FA → [P1] IDLE
[T+2048705379us][CH1-PC ] 52 20 FA → [P2] POLL
[T+2048732355us][CH2-DEVICE] 52 34 02 08 00 00 04 01 00 04 21 05 B0 EB 03 FA → [P2] SEQ=34 FILL vol=4.01L price=421.05
[T+2048785355us][CH1-PC ] 52 C0 FA → [P2] ACK
[T+2048923355us][CH1-PC ] 53 20 FA → [P3] POLL
[T+2048929461us][CH2-DEVICE] 53 70 FA → [P3] IDLE
[T+2049064355us][CH1-PC ] 50 20 FA → [P0] POLL
[T+2049069355us][CH2-DEVICE] 50 70 FA → [P0] IDLE
[T+2049204355us][CH1-PC ] 51 20 FA → [P1] POLL
[T+2049210355us][CH2-DEVICE] 51 70 FA → [P1] IDLE
[T+2049346380us][CH1-PC ] 52 20 FA → [P2] POLL
[T+2049373355us][CH2-DEVICE] 52 35 02 08 00 00 04 34 00 04 55 70 DE F4 03 FA → [P2] SEQ=35 FILL vol=4.34L price=455.70
[T+2049425380us][CH1-PC ] 52 C0 FA → [P2] ACK
[T+2049564355us][CH1-PC ] 53 20 FA → [P3] POLL
[T+2049569355us][CH2-DEVICE] 53 70 FA → [P3] IDLE
[T+2049704355us][CH1-PC ] 50 20 FA → [P0] POLL
[T+2049710364us][CH2-DEVICE] 50 70 FA → [P0] IDLE
[T+2049845355us][CH1-PC ] 51 20 FA → [P1] POLL
[T+2049850358us][CH2-DEVICE] 51 70 FA → [P1] IDLE
[T+2049986380us][CH1-PC ] 52 20 FA → [P2] POLL
[T+2050013355us][CH2-DEVICE] 52 36 02 08 00 00 04 63 00 04 86 15 39 67 03 FA → [P2] SEQ=36 FILL vol=4.63L price=486.15
[T+2050066355us][CH1-PC ] 52 C0 FA → [P2] ACK
[T+2050204355us][CH1-PC ] 53 20 FA → [P3] POLL
[T+2050210357us][CH2-DEVICE] 53 70 FA → [P3] IDLE
[T+2050345355us][CH1-PC ] 50 20 FA → [P0] POLL
[T+2050350356us][CH2-DEVICE] 50 70 FA → [P0] IDLE
[T+2050486380us][CH1-PC ] 51 20 FA → [P1] POLL
[T+2050491355us][CH2-DEVICE] 51 70 FA → [P1] IDLE
[T+2050627382us][CH1-PC ] 52 20 FA → [P2] POLL
[T+2050655359us][CH2-DEVICE] 52 37 02 08 00 00 04 92 00 05 16 60 BC 69 03 FA → [P2] SEQ=37 FILL vol=4.92L price=516.60
[T+2050706355us][CH1-PC ] 52 C0 FA → [P2] ACK
[T+2050845355us][CH1-PC ] 53 20 FA → [P3] POLL
[T+2050850356us][CH2-DEVICE] 53 70 FA → [P3] IDLE
[T+2050986355us][CH1-PC ] 50 20 FA → [P0] POLL
[T+2050990383us][CH2-DEVICE] 50 70 FA → [P0] IDLE
[T+2051126381us][CH1-PC ] 51 20 FA → [P1] POLL
[T+2051131355us][CH2-DEVICE] 51 70 FA → [P1] IDLE
[T+2051268355us][CH1-PC ] 52 20 FA → [P2] POLL
[T+2051296379us][CH2-DEVICE] 52 38 02 08 00 00 05 21 00 05 47 05 75 CD 03 FA → [P2] SEQ=38 FILL vol=5.21L price=547.05
[T+2051347355us][CH1-PC ] 52 C0 FA → [P2] ACK
[T+2051486355us][CH1-PC ] 53 20 FA → [P3] POLL
[T+2051492364us][CH2-DEVICE] 53 70 FA → [P3] IDLE
[T+2051626355us][CH1-PC ] 50 20 FA → [P0] POLL
[T+2051631355us][CH2-DEVICE] 50 70 FA → [P0] IDLE
[T+2051767386us][CH1-PC ] 51 20 FA → [P1] POLL
[T+2051771384us][CH2-DEVICE] 51 70 FA → [P1] IDLE
[T+2051908355us][CH1-PC ] 52 20 FA → [P2] POLL
[T+2051936379us][CH2-DEVICE] 52 39 02 08 00 00 05 49 00 05 76 45 04 98 03 FA → [P2] SEQ=39 FILL vol=5.49L price=576.45
[T+2051987355us][CH1-PC ] 52 C0 FA → [P2] ACK
[T+2052126355us][CH1-PC ] 53 20 FA → [P3] POLL
[T+2052133355us][CH2-DEVICE] 53 70 FA → [P3] IDLE
[T+2052267355us][CH1-PC ] 50 20 FA → [P0] POLL
[T+2052272355us][CH2-DEVICE] 50 70 FA → [P0] IDLE
[T+2052407355us][CH1-PC ] 51 20 FA → [P1] POLL
[T+2052412355us][CH2-DEVICE] 51 70 FA → [P1] IDLE
[T+2052549355us][CH1-PC ] 52 20 FA → [P2] POLL
[T+2052576355us][CH2-DEVICE] 52 3A 02 08 00 00 05 83 00 06 12 15 49 30 03 FA → [P2] SEQ=3A FILL vol=5.83L price=612.15
[T+2052628380us][CH1-PC ] 52 C0 FA → [P2] ACK
[T+2052767355us][CH1-PC ] 53 20 FA → [P3] POLL
[T+2052773355us][CH2-DEVICE] 53 70 FA → [P3] IDLE
[T+2052907355us][CH1-PC ] 50 20 FA → [P0] POLL
[T+2052913364us][CH2-DEVICE] 50 70 FA → [P0] IDLE
[T+2053048355us][CH1-PC ] 51 20 FA → [P1] POLL
[T+2053053355us][CH2-DEVICE] 51 70 FA → [P1] IDLE
[T+2053189380us][CH1-PC ] 52 20 FA → [P2] POLL
[T+2053216355us][CH2-DEVICE] 52 3B 02 08 00 00 06 12 00 06 42 60 4D C5 03 FA → [P2] SEQ=3B FILL vol=6.12L price=642.60
[T+2053269355us][CH1-PC ] 52 C0 FA → [P2] ACK
[T+2053407355us][CH1-PC ] 53 20 FA → [P3] POLL
[T+2053415040us][CH2-DEVICE] 53 70 FA → [P3] IDLE
[T+2053548355us][CH1-PC ] 50 20 FA → [P0] POLL
[T+2053554355us][CH2-DEVICE] 50 70 FA → [P0] IDLE
[T+2053689355us][CH1-PC ] 51 20 FA → [P1] POLL
[T+2053694355us][CH2-DEVICE] 51 70 FA → [P1] IDLE
[T+2053830380us][CH1-PC ] 52 20 FA → [P2] POLL
[T+2053858379us][CH2-DEVICE] 52 3C 02 08 00 00 06 41 00 06 73 05 06 06 03 FA → [P2] SEQ=3C FILL vol=6.41L price=673.05
[T+2053909356us][CH1-PC ] 52 C0 FA → [P2] ACK
[T+2054048355us][CH1-PC ] 53 20 FA → [P3] POLL
[T+2054054364us][CH2-DEVICE] 53 70 FA → [P3] IDLE
[T+2054188355us][CH1-PC ] 50 20 FA → [P0] POLL
[T+2054193355us][CH2-DEVICE] 50 70 FA → [P0] IDLE
[T+2054329380us][CH1-PC ] 51 20 FA → [P1] POLL
[T+2054335355us][CH2-DEVICE] 51 70 FA → [P1] IDLE
[T+2054470355us][CH1-PC ] 52 20 FA → [P2] POLL
[T+2054499355us][CH2-DEVICE] 52 3D 02 08 00 00 06 70 00 07 03 50 CB 01 03 FA → [P2] SEQ=3D FILL vol=6.70L price=703.50
[T+2054550355us][CH1-PC ] 52 C0 FA → [P2] ACK
[T+2054688355us][CH1-PC ] 53 20 FA → [P3] POLL
[T+2054695355us][CH2-DEVICE] 53 70 FA → [P3] IDLE
[T+2054829521us][CH1-PC ] 50 20 FA → [P0] POLL
[T+2054835039us][CH2-DEVICE] 50 70 FA → [P0] IDLE
[T+2054970382us][CH1-PC ] 51 20 FA → [P1] POLL
[T+2054975355us][CH2-DEVICE] 51 70 FA → [P1] IDLE
[T+2055111379us][CH1-PC ] 52 20 FA → [P2] POLL
[T+2055140355us][CH2-DEVICE] 52 3E 02 08 00 00 06 98 00 07 32 90 B1 92 03 FA → [P2] SEQ=3E FILL vol=6.98L price=732.90
[T+2055190355us][CH1-PC ] 52 C0 FA → [P2] ACK
[T+2055329355us][CH1-PC ] 53 20 FA → [P3] POLL
[T+2055337040us][CH2-DEVICE] 53 70 FA → [P3] IDLE
[T+2055470355us][CH1-PC ] 50 20 FA → [P0] POLL
[T+2055475355us][CH2-DEVICE] 50 70 FA → [P0] IDLE
[T+2055610355us][CH1-PC ] 51 20 FA → [P1] POLL
[T+2055616365us][CH2-DEVICE] 51 70 FA → [P1] IDLE
[T+2055752384us][CH1-PC ] 52 20 FA → [P2] POLL
[T+2055781355us][CH2-DEVICE] 52 3F 02 08 00 00 07 32 00 07 68 60 96 43 03 FA → [P2] SEQ=3F FILL vol=7.32L price=768.60
[T+2055831355us][CH1-PC ] 52 C0 FA → [P2] ACK
[T+2055970355us][CH1-PC ] 53 20 FA → [P3] POLL
[T+2055976363us][CH2-DEVICE] 53 70 FA → [P3] IDLE
[T+2056110355us][CH1-PC ] 50 20 FA → [P0] POLL
[T+2056115355us][CH2-DEVICE] 50 70 FA → [P0] IDLE
[T+2056251380us][CH1-PC ] 51 20 FA → [P1] POLL
[T+2056255388us][CH2-DEVICE] 51 70 FA → [P1] IDLE
[T+2056392355us][CH1-PC ] 52 20 FA → [P2] POLL
[T+2056421355us][CH2-DEVICE] 52 31 02 08 00 00 07 60 00 07 98 00 5F 4F 03 FA → [P2] SEQ=31 FILL vol=7.60L price=798.00
[T+2056472357us][CH1-PC ] 52 C0 FA → [P2] ACK
[T+2056610355us][CH1-PC ] 53 20 FA → [P3] POLL
[T+2056617355us][CH2-DEVICE] 53 70 FA → [P3] IDLE
[T+2056751355us][CH1-PC ] 50 20 FA → [P0] POLL
[T+2056757023us][CH2-DEVICE] 50 70 FA → [P0] IDLE
[T+2056891355us][CH1-PC ] 51 20 FA → [P1] POLL
[T+2056896355us][CH2-DEVICE] 51 70 FA → [P1] IDLE
[T+2057033355us][CH1-PC ] 52 20 FA → [P2] POLL
[T+2057061379us][CH2-DEVICE] 52 32 02 08 00 00 07 88 00 08 27 40 71 DF 03 FA → [P2] SEQ=32 FILL vol=7.88L price=827.40
[T+2057112400us][CH1-PC ] 52 C0 FA → [P2] ACK
[T+2057251355us][CH1-PC ] 53 20 FA → [P3] POLL
[T+2057257355us][CH2-DEVICE] 53 70 FA → [P3] IDLE
[T+2057391358us][CH1-PC ] 50 20 FA → [P0] POLL
[T+2057397355us][CH2-DEVICE] 50 70 FA → [P0] IDLE
[T+2057532355us][CH1-PC ] 51 20 FA → [P1] POLL
[T+2057538033us][CH2-DEVICE] 51 70 FA → [P1] IDLE
[T+2057673355us][CH1-PC ] 52 20 FA → [P2] POLL
[T+2057703355us][CH2-DEVICE] 52 33 02 08 00 00 08 16 00 08 56 80 F8 00 03 FA → [P2] SEQ=33 FILL vol=8.16L price=856.80
[T+2057753428us][CH1-PC ] 52 C0 FA → [P2] ACK
[T+2057891381us][CH1-PC ] 53 20 FA → [P3] POLL
[T+2057897357us][CH2-DEVICE] 53 70 FA → [P3] IDLE
[T+2058032355us][CH1-PC ] 50 20 FA → [P0] POLL
[T+2058037355us][CH2-DEVICE] 50 70 FA → [P0] IDLE
[T+2058173379us][CH1-PC ] 51 20 FA → [P1] POLL
[T+2058178355us][CH2-DEVICE] 51 70 FA → [P1] IDLE
[T+2058314387us][CH1-PC ] 52 20 FA → [P2] POLL
[T+2058342379us][CH2-DEVICE] 52 34 02 08 00 00 08 50 00 08 92 50 38 E7 03 FA → [P2] SEQ=34 FILL vol=8.50L price=892.50
[T+2058393355us][CH1-PC ] 52 C0 FA → [P2] ACK
[T+2058532355us][CH1-PC ] 53 20 FA → [P3] POLL
[T+2058538869us][CH2-DEVICE] 53 70 FA → [P3] IDLE
[T+2058673355us][CH1-PC ] 50 20 FA → [P0] POLL
[T+2058678355us][CH2-DEVICE] 50 70 FA → [P0] IDLE
[T+2058813355us][CH1-PC ] 51 20 FA → [P1] POLL
[T+2058818355us][CH2-DEVICE] 51 70 FA → [P1] IDLE
[T+2058955355us][CH1-PC ] 52 20 FA → [P2] POLL
[T+2058982355us][CH2-DEVICE] 52 35 02 08 00 00 08 78 00 09 21 90 78 BD 03 FA → [P2] SEQ=35 FILL vol=8.78L price=921.90
[T+2059034380us][CH1-PC ] 52 C0 FA → [P2] ACK
[T+2059173355us][CH1-PC ] 53 20 FA → [P3] POLL
[T+2059178355us][CH2-DEVICE] 53 70 FA → [P3] IDLE
[T+2059313355us][CH1-PC ] 50 20 FA → [P0] POLL
[T+2059318355us][CH2-DEVICE] 50 70 FA → [P0] IDLE
[T+2059454379us][CH1-PC ] 51 20 FA → [P1] POLL
[T+2059459355us][CH2-DEVICE] 51 70 FA → [P1] IDLE
[T+2059595380us][CH1-PC ] 52 20 FA → [P2] POLL
[T+2059622355us][CH2-DEVICE] 52 36 02 08 00 00 09 06 00 09 51 30 7B 9A 03 FA → [P2] SEQ=36 FILL vol=9.06L price=951.30
[T+2059675355us][CH1-PC ] 52 C0 FA → [P2] ACK
[T+2059813355us][CH1-PC ] 53 20 FA → [P3] POLL
[T+2059820355us][CH2-DEVICE] 53 70 FA → [P3] IDLE
[T+2059954355us][CH1-PC ] 50 20 FA → [P0] POLL
[T+2059960618us][CH2-DEVICE] 50 70 FA → [P0] IDLE
[T+2060094355us][CH1-PC ] 51 20 FA → [P1] POLL
[T+2060099355us][CH2-DEVICE] 51 70 FA → [P1] IDLE
[T+2060236355us][CH1-PC ] 52 20 FA → [P2] POLL
[T+2060262355us][CH2-DEVICE] 52 37 02 08 00 00 09 35 00 09 81 75 E7 51 03 FA → [P2] SEQ=37 FILL vol=9.35L price=981.75
[T+2060315355us][CH1-PC ] 52 C0 FA → [P2] ACK
[T+2060454381us][CH1-PC ] 53 20 FA → [P3] POLL
[T+2060460355us][CH2-DEVICE] 53 70 FA → [P3] IDLE
[T+2060594355us][CH1-PC ] 50 20 FA → [P0] POLL
[T+2060600364us][CH2-DEVICE] 50 70 FA → [P0] IDLE
[T+2060735355us][CH1-PC ] 51 20 FA → [P1] POLL
[T+2060740437us][CH2-DEVICE] 51 70 FA → [P1] IDLE
[T+2060876383us][CH1-PC ] 52 20 FA → [P2] POLL
[T+2060903355us][CH2-DEVICE] 52 38 02 08 00 00 09 63 00 10 11 15 22 A6 03 FA → [P2] SEQ=38 FILL vol=9.63L price=1011.15
[T+2060956355us][CH1-PC ] 52 C0 FA → [P2] ACK
[T+2061094355us][CH1-PC ] 53 20 FA → [P3] POLL
[T+2061099355us][CH2-DEVICE] 53 70 FA → [P3] IDLE
[T+2061235379us][CH1-PC ] 50 20 FA → [P0] POLL
[T+2061240355us][CH2-DEVICE] 50 70 FA → [P0] IDLE
[T+2061376380us][CH1-PC ] 51 20 FA → [P1] POLL
[T+2061381355us][CH2-DEVICE] 51 70 FA → [P1] IDLE
[T+2061517379us][CH1-PC ] 52 20 FA → [P2] POLL
[T+2061542355us][CH2-DEVICE] 52 39 02 08 00 00 09 84 00 10 33 20 CA FB 03 FA → [P2] SEQ=39 FILL vol=9.84L price=1033.20
[T+2061596355us][CH1-PC ] 52 C0 FA → [P2] ACK
[T+2061735355us][CH1-PC ] 53 20 FA → [P3] POLL
[T+2061741362us][CH2-DEVICE] 53 70 FA → [P3] IDLE
[T+2061876355us][CH1-PC ] 50 20 FA → [P0] POLL
[T+2061881355us][CH2-DEVICE] 50 70 FA → [P0] IDLE
[T+2062016355us][CH1-PC ] 51 20 FA → [P1] POLL
[T+2062021355us][CH2-DEVICE] 51 70 FA → [P1] IDLE
[T+2062157382us][CH1-PC ] 52 20 FA → [P2] POLL
[T+2062163355us][CH2-DEVICE] 52 70 FA → [P2] IDLE
[T+2062242355us][CH1-PC ] 52 30 01 01 04 E7 5F 03 FA → [P2] DISP st=04(BUSY) [01 01 04]
[T+2062247355us][CH2-DEVICE] 52 C0 FA → [P2] ACK
[T+2062454355us][CH1-PC ] 53 20 FA → [P3] POLL
[T+2062459355us][CH2-DEVICE] 53 70 FA → [P3] IDLE
[T+2062594355us][CH1-PC ] 50 20 FA → [P0] POLL
[T+2062599355us][CH2-DEVICE] 50 70 FA → [P0] IDLE
[T+2062735379us][CH1-PC ] 51 20 FA → [P1] POLL
[T+2062741355us][CH2-DEVICE] 51 70 FA → [P1] IDLE
[T+2062876355us][CH1-PC ] 52 20 FA → [P2] POLL
[T+2062915355us][CH2-DEVICE] 52 3A 02 08 00 00 09 85 00 10 34 25 03 04 01 05 00 12 74 97 03 FA → [P2] SEQ=3A FILL vol=9.85L price=1034.25
[T+2062957355us][CH1-PC ] 52 C0 FA → [P2] ACK
[T+2063094355us][CH1-PC ] 53 20 FA → [P3] POLL
[T+2063099355us][CH2-DEVICE] 53 70 FA → [P3] IDLE
[T+2063235381us][CH1-PC ] 50 20 FA → [P0] POLL
[T+2063241355us][CH2-DEVICE] 50 70 FA → [P0] IDLE
[T+2063376355us][CH1-PC ] 51 20 FA → [P1] POLL
[T+2063381355us][CH2-DEVICE] 51 70 FA → [P1] IDLE
[T+2063517380us][CH1-PC ] 52 20 FA → [P2] POLL
[T+2063543355us][CH2-DEVICE] 52 3B 02 08 00 00 09 86 00 10 35 30 BA EF 03 FA → [P2] SEQ=3B FILL vol=9.86L price=1035.30
[T+2063596398us][CH1-PC ] 52 C0 FA → [P2] ACK
[T+2063735379us][CH1-PC ] 53 20 FA → [P3] POLL
[T+2063740355us][CH2-DEVICE] 53 70 FA → [P3] IDLE
[T+2063875355us][CH1-PC ] 50 20 FA → [P0] POLL
[T+2063880355us][CH2-DEVICE] 50 70 FA → [P0] IDLE
[T+2064016379us][CH1-PC ] 51 20 FA → [P1] POLL
[T+2064021355us][CH2-DEVICE] 51 70 FA → [P1] IDLE
[T+2064157379us][CH1-PC ] 52 20 FA → [P2] POLL
[T+2064185379us][CH2-DEVICE] 52 3C 02 08 00 00 09 87 00 10 36 35 5D A8 03 FA → [P2] SEQ=3C FILL vol=9.87L price=1036.35
[T+2064237380us][CH1-PC ] 52 C0 FA → [P2] ACK
[T+2064375355us][CH1-PC ] 53 20 FA → [P3] POLL
[T+2064380355us][CH2-DEVICE] 53 70 FA → [P3] IDLE
[T+2064516380us][CH1-PC ] 50 20 FA → [P0] POLL
[T+2064521355us][CH2-DEVICE] 50 70 FA → [P0] IDLE
[T+2064657380us][CH1-PC ] 51 20 FA → [P1] POLL
[T+2064662357us][CH2-DEVICE] 51 70 FA → [P1] IDLE
[T+2064798379us][CH1-PC ] 52 20 FA → [P2] POLL
[T+2064824355us][CH2-DEVICE] 52 3D 02 08 00 00 09 88 00 10 37 40 CD 22 03 FA → [P2] SEQ=3D FILL vol=9.88L price=1037.40
[T+2064877355us][CH1-PC ] 52 C0 FA → [P2] ACK
[T+2065016379us][CH1-PC ] 53 20 FA → [P3] POLL
[T+2065022355us][CH2-DEVICE] 53 70 FA → [P3] IDLE
[T+2065157355us][CH1-PC ] 50 20 FA → [P0] POLL
[T+2065162355us][CH2-DEVICE] 50 70 FA → [P0] IDLE
[T+2065297355us][CH1-PC ] 51 20 FA → [P1] POLL
[T+2065304035us][CH2-DEVICE] 51 70 FA → [P1] IDLE
[T+2065439380us][CH1-PC ] 52 20 FA → [P2] POLL
[T+2065466355us][CH2-DEVICE] 52 3E 02 08 00 00 09 89 00 10 38 45 3A 55 03 FA → [P2] SEQ=3E FILL vol=9.89L price=1038.45
[T+2065518379us][CH1-PC ] 52 C0 FA → [P2] ACK
[T+2065657355us][CH1-PC ] 53 20 FA → [P3] POLL
[T+2065664033us][CH2-DEVICE] 53 70 FA → [P3] IDLE
[T+2065797355us][CH1-PC ] 50 20 FA → [P0] POLL
[T+2065803355us][CH2-DEVICE] 50 70 FA → [P0] IDLE
[T+2065938355us][CH1-PC ] 51 20 FA → [P1] POLL
[T+2065943355us][CH2-DEVICE] 51 70 FA → [P1] IDLE
[T+2066079380us][CH1-PC ] 52 20 FA → [P2] POLL
[T+2066106355us][CH2-DEVICE] 52 3F 02 08 00 00 09 90 00 10 39 50 E3 34 03 FA → [P2] SEQ=3F FILL vol=9.90L price=1039.50
[T+2066159355us][CH1-PC ] 52 C0 FA → [P2] ACK
[T+2066297355us][CH1-PC ] 53 20 FA → [P3] POLL
[T+2066303355us][CH2-DEVICE] 53 70 FA → [P3] IDLE
[T+2066438355us][CH1-PC ] 50 20 FA → [P0] POLL
[T+2066443355us][CH2-DEVICE] 50 70 FA → [P0] IDLE
[T+2066578355us][CH1-PC ] 51 20 FA → [P1] POLL
[T+2066584037us][CH2-DEVICE] 51 70 FA → [P1] IDLE
[T+2066720355us][CH1-PC ] 52 20 FA → [P2] POLL
[T+2066745355us][CH2-DEVICE] 52 31 02 08 00 00 09 91 00 10 40 55 09 8F 03 FA → [P2] SEQ=31 FILL vol=9.91L price=1040.55
[T+2066799355us][CH1-PC ] 52 C0 FA → [P2] ACK
[T+2066938355us][CH1-PC ] 53 20 FA → [P3] POLL
[T+2066942384us][CH2-DEVICE] 53 70 FA → [P3] IDLE
[T+2067078380us][CH1-PC ] 50 20 FA → [P0] POLL
[T+2067083355us][CH2-DEVICE] 50 70 FA → [P0] IDLE
[T+2067219381us][CH1-PC ] 51 20 FA → [P1] POLL
[T+2067224355us][CH2-DEVICE] 51 70 FA → [P1] IDLE
[T+2067360379us][CH1-PC ] 52 20 FA → [P2] POLL
[T+2067366364us][CH2-DEVICE] 52 70 FA → [P2] IDLE
[T+2067445355us][CH1-PC ] 52 30 01 01 04 E7 5F 03 FA → [P2] DISP st=04(BUSY) [01 01 04]
[T+2067451355us][CH2-DEVICE] 52 C0 FA → [P2] ACK
[T+2067657355us][CH1-PC ] 53 20 FA → [P3] POLL
[T+2067663355us][CH2-DEVICE] 53 70 FA → [P3] IDLE
[T+2067797355us][CH1-PC ] 50 20 FA → [P0] POLL
[T+2067802355us][CH2-DEVICE] 50 70 FA → [P0] IDLE
[T+2067938384us][CH1-PC ] 51 20 FA → [P1] POLL
[T+2067944364us][CH2-DEVICE] 51 70 FA → [P1] IDLE
[T+2068079355us][CH1-PC ] 52 20 FA → [P2] POLL
[T+2068116355us][CH2-DEVICE] 52 32 02 08 00 00 09 92 00 10 41 60 03 04 01 05 00 12 6E 3E 03 FA → [P2] SEQ=32 FILL vol=9.92L price=1041.60
[T+2068159355us][CH1-PC ] 52 C0 FA → [P2] ACK
[T+2068297355us][CH1-PC ] 53 20 FA → [P3] POLL
[T+2068302355us][CH2-DEVICE] 53 70 FA → [P3] IDLE
[T+2068438379us][CH1-PC ] 50 20 FA → [P0] POLL
[T+2068443355us][CH2-DEVICE] 50 70 FA → [P0] IDLE
[T+2068578355us][CH1-PC ] 51 20 FA → [P1] POLL
[T+2068584045us][CH2-DEVICE] 51 70 FA → [P1] IDLE
[T+2068722355us][CH1-PC ] 52 20 FA → [P2] POLL
[T+2068750450us][CH2-DEVICE] 52 33 02 08 00 00 09 93 00 10 42 65 7A 83 03 FA → [P2] SEQ=33 FILL vol=9.93L price=1042.65
[T+2068799355us][CH1-PC ] 52 C0 FA → [P2] ACK
[T+2068938379us][CH1-PC ] 53 20 FA → [P3] POLL
[T+2068944040us][CH2-DEVICE] 53 70 FA → [P3] IDLE
[T+2069078355us][CH1-PC ] 50 20 FA → [P0] POLL
[T+2069083355us][CH2-DEVICE] 50 70 FA → [P0] IDLE
[T+2069219380us][CH1-PC ] 51 20 FA → [P1] POLL
[T+2069224355us][CH2-DEVICE] 51 70 FA → [P1] IDLE
[T+2069360382us][CH1-PC ] 52 20 FA → [P2] POLL
[T+2069365355us][CH2-DEVICE] 52 70 FA → [P2] IDLE
[T+2069445379us][CH1-PC ] 52 30 01 01 04 E7 5F 03 FA → [P2] DISP st=04(BUSY) [01 01 04]
[T+2069451355us][CH2-DEVICE] 52 C0 FA → [P2] ACK
[T+2069656355us][CH1-PC ] 53 20 FA → [P3] POLL
[T+2069663355us][CH2-DEVICE] 53 70 FA → [P3] IDLE
[T+2069797355us][CH1-PC ] 50 20 FA → [P0] POLL
[T+2069802355us][CH2-DEVICE] 50 70 FA → [P0] IDLE
[T+2069938380us][CH1-PC ] 51 20 FA → [P1] POLL
[T+2069942383us][CH2-DEVICE] 51 70 FA → [P1] IDLE
[T+2070079355us][CH1-PC ] 52 20 FA → [P2] POLL
[T+2070115379us][CH2-DEVICE] 52 34 02 08 00 00 09 94 00 10 43 70 03 04 01 05 00 12 03 0F 03 FA → [P2] SEQ=34 FILL vol=9.94L price=1043.70
[T+2070159380us][CH1-PC ] 52 C0 FA → [P2] ACK
[T+2070297355us][CH1-PC ] 53 20 FA → [P3] POLL
[T+2070303355us][CH2-DEVICE] 53 70 FA → [P3] IDLE
[T+2070438355us][CH1-PC ] 50 20 FA → [P0] POLL
[T+2070443355us][CH2-DEVICE] 50 70 FA → [P0] IDLE
[T+2070578355us][CH1-PC ] 51 20 FA → [P1] POLL
[T+2070584034us][CH2-DEVICE] 51 70 FA → [P1] IDLE
[T+2070720355us][CH1-PC ] 52 20 FA → [P2] POLL
[T+2070747355us][CH2-DEVICE] 52 35 02 08 00 00 09 95 00 10 44 75 EE 67 03 FA → [P2] SEQ=35 FILL vol=9.95L price=1044.75
[T+2070799379us][CH1-PC ] 52 C0 FA → [P2] ACK
[T+2070938723us][CH1-PC ] 53 20 FA → [P3] POLL
[T+2070944364us][CH2-DEVICE] 53 70 FA → [P3] IDLE
[T+2071078355us][CH1-PC ] 50 20 FA → [P0] POLL
[T+2071084355us][CH2-DEVICE] 50 70 FA → [P0] IDLE
[T+2071219355us][CH1-PC ] 51 20 FA → [P1] POLL
[T+2071224355us][CH2-DEVICE] 51 70 FA → [P1] IDLE
[T+2071360382us][CH1-PC ] 52 20 FA → [P2] POLL
[T+2071388379us][CH2-DEVICE] 52 36 02 08 00 00 09 96 00 10 45 80 64 F4 03 FA → [P2] SEQ=36 FILL vol=9.96L price=1045.80
[T+2071440381us][CH1-PC ] 52 C0 FA → [P2] ACK
[T+2071578355us][CH1-PC ] 53 20 FA → [P3] POLL
[T+2071584355us][CH2-DEVICE] 53 70 FA → [P3] IDLE
[T+2071719355us][CH1-PC ] 50 20 FA → [P0] POLL
[T+2071725643us][CH2-DEVICE] 50 70 FA → [P0] IDLE
[T+2071859355us][CH1-PC ] 51 20 FA → [P1] POLL
[T+2071865355us][CH2-DEVICE] 51 70 FA → [P1] IDLE
[T+2072001380us][CH1-PC ] 52 20 FA → [P2] POLL
[T+2072006355us][CH2-DEVICE] 52 70 FA → [P2] IDLE
[T+2072085355us][CH1-PC ] 52 30 01 01 04 E7 5F 03 FA → [P2] DISP st=04(BUSY) [01 01 04]
[T+2072091533us][CH2-DEVICE] 52 C0 FA → [P2] ACK
[T+2072297355us][CH1-PC ] 53 20 FA → [P3] POLL
[T+2072302864us][CH2-DEVICE] 53 70 FA → [P3] IDLE
[T+2072438380us][CH1-PC ] 50 20 FA → [P0] POLL
[T+2072443355us][CH2-DEVICE] 50 70 FA → [P0] IDLE
[T+2072578355us][CH1-PC ] 51 20 FA → [P1] POLL
[T+2072583355us][CH2-DEVICE] 51 70 FA → [P1] IDLE
[T+2072720355us][CH1-PC ] 52 20 FA → [P2] POLL
[T+2072759355us][CH2-DEVICE] 52 37 02 08 00 00 09 97 00 10 46 85 03 04 01 05 00 12 99 8B 03 FA → [P2] SEQ=37 FILL vol=9.97L price=1046.85
[T+2072800355us][CH1-PC ] 52 C0 FA → [P2] ACK
[T+2072938355us][CH1-PC ] 53 20 FA → [P3] POLL
[T+2072942383us][CH2-DEVICE] 53 70 FA → [P3] IDLE
[T+2073078381us][CH1-PC ] 50 20 FA → [P0] POLL
[T+2073084041us][CH2-DEVICE] 50 70 FA → [P0] IDLE
[T+2073219442us][CH1-PC ] 51 20 FA → [P1] POLL
[T+2073224355us][CH2-DEVICE] 51 70 FA → [P1] IDLE
[T+2073360379us][CH1-PC ] 52 20 FA → [P2] POLL
[T+2073365355us][CH2-DEVICE] 52 70 FA → [P2] IDLE
[T+2073445379us][CH1-PC ] 52 30 01 01 04 E7 5F 03 FA → [P2] DISP st=04(BUSY) [01 01 04]
[T+2073452364us][CH2-DEVICE] 52 C0 FA → [P2] ACK
[T+2073656382us][CH1-PC ] 53 20 FA → [P3] POLL
[T+2073663367us][CH2-DEVICE] 53 70 FA → [P3] IDLE
[T+2073797355us][CH1-PC ] 50 20 FA → [P0] POLL
[T+2073801383us][CH2-DEVICE] 50 70 FA → [P0] IDLE
[T+2073938379us][CH1-PC ] 51 20 FA → [P1] POLL
[T+2073943355us][CH2-DEVICE] 51 70 FA → [P1] IDLE
[T+2074079380us][CH1-PC ] 52 20 FA → [P2] POLL
[T+2074115380us][CH2-DEVICE] 52 38 02 08 00 00 09 98 00 10 47 90 03 04 01 05 00 12 19 61 03 FA → [P2] SEQ=38 FILL vol=9.98L price=1047.90
[T+2074159379us][CH1-PC ] 52 C0 FA → [P2] ACK
[T+2074297355us][CH1-PC ] 53 20 FA → [P3] POLL
[T+2074304364us][CH2-DEVICE] 53 70 FA → [P3] IDLE
[T+2074438355us][CH1-PC ] 50 20 FA → [P0] POLL
[T+2074442384us][CH2-DEVICE] 50 70 FA → [P0] IDLE
[T+2074578379us][CH1-PC ] 51 20 FA → [P1] POLL
[T+2074583355us][CH2-DEVICE] 51 70 FA → [P1] IDLE
[T+2074720364us][CH1-PC ] 52 20 FA → [P2] POLL
[T+2074726364us][CH2-DEVICE] 52 70 FA → [P2] IDLE
[T+2074804355us][CH1-PC ] 52 30 01 01 04 E7 5F 03 FA → [P2] DISP st=04(BUSY) [01 01 04]
[T+2074810355us][CH2-DEVICE] 52 C0 FA → [P2] ACK
[T+2075016355us][CH1-PC ] 53 20 FA → [P3] POLL
[T+2075021355us][CH2-DEVICE] 53 70 FA → [P3] IDLE
[T+2075156355us][CH1-PC ] 50 20 FA → [P0] POLL
[T+2075161355us][CH2-DEVICE] 50 70 FA → [P0] IDLE
[T+2075297379us][CH1-PC ] 51 20 FA → [P1] POLL
[T+2075302355us][CH2-DEVICE] 51 70 FA → [P1] IDLE
[T+2075438379us][CH1-PC ] 52 20 FA → [P2] POLL
[T+2075476355us][CH2-DEVICE] 52 39 02 08 00 00 09 99 00 10 48 95 03 04 01 05 00 12 59 4D 03 FA → [P2] SEQ=39 FILL vol=9.99L price=1048.95
[T+2075518361us][CH1-PC ] 52 C0 FA → [P2] ACK
[T+2075656380us][CH1-PC ] 53 20 FA → [P3] POLL
[T+2075661355us][CH2-DEVICE] 53 70 FA → [P3] IDLE
[T+2075797381us][CH1-PC ] 50 20 FA → [P0] POLL
[T+2075803089us][CH2-DEVICE] 50 70 FA → [P0] IDLE
[T+2075938380us][CH1-PC ] 51 20 FA → [P1] POLL
[T+2075942386us][CH2-DEVICE] 51 70 FA → [P1] IDLE
[T+2076079360us][CH1-PC ] 52 20 FA → [P2] POLL
[T+2076085355us][CH2-DEVICE] 52 70 FA → [P2] IDLE
[T+2076163355us][CH1-PC ] 52 30 01 01 04 E7 5F 03 FA → [P2] DISP st=04(BUSY) [01 01 04]
[T+2076170362us][CH2-DEVICE] 52 C0 FA → [P2] ACK
[T+2076375355us][CH1-PC ] 53 20 FA → [P3] POLL
[T+2076381363us][CH2-DEVICE] 53 70 FA → [P3] IDLE
[T+2076515355us][CH1-PC ] 50 20 FA → [P0] POLL
[T+2076520355us][CH2-DEVICE] 50 70 FA → [P0] IDLE
[T+2076656355us][CH1-PC ] 51 20 FA → [P1] POLL
[T+2076661355us][CH2-DEVICE] 51 70 FA → [P1] IDLE
[T+2076797414us][CH1-PC ] 52 20 FA → [P2] POLL
[T+2076834355us][CH2-DEVICE] 52 3A 02 08 00 00 10 00 00 10 50 00 03 04 01 05 00 12 62 63 03 FA → [P2] SEQ=3A FILL vol=10.00L price=1050.00
[T+2076877355us][CH1-PC ] 52 C0 FA → [P2] ACK
[T+2077015355us][CH1-PC ] 53 20 FA → [P3] POLL
[T+2077020356us][CH2-DEVICE] 53 70 FA → [P3] IDLE
[T+2077156394us][CH1-PC ] 50 20 FA → [P0] POLL
[T+2077162355us][CH2-DEVICE] 50 70 FA → [P0] IDLE
[T+2077297355us][CH1-PC ] 51 20 FA → [P1] POLL
[T+2077302355us][CH2-DEVICE] 51 70 FA → [P1] IDLE
[T+2077438381us][CH1-PC ] 52 20 FA → [P2] POLL
[T+2077444355us][CH2-DEVICE] 52 70 FA → [P2] IDLE
[T+2077523355us][CH1-PC ] 52 30 01 01 04 E7 5F 03 FA → [P2] DISP st=04(BUSY) [01 01 04]
[T+2077527383us][CH2-DEVICE] 52 C0 FA → [P2] ACK
[T+2077734355us][CH1-PC ] 53 20 FA → [P3] POLL
[T+2077740355us][CH2-DEVICE] 53 70 FA → [P3] IDLE
[T+2077875355us][CH1-PC ] 50 20 FA → [P0] POLL
[T+2077880359us][CH2-DEVICE] 50 70 FA → [P0] IDLE
[T+2078015355us][CH1-PC ] 51 20 FA → [P1] POLL
[T+2078021357us][CH2-DEVICE] 51 70 FA → [P1] IDLE
[T+2078156355us][CH1-PC ] 52 20 FA → [P2] POLL
[T+2078192379us][CH2-DEVICE] 52 3B 02 08 00 00 10 00 00 10 50 00 03 04 01 05 00 12 33 F3 03 FA → [P2] SEQ=3B FILL vol=10.00L price=1050.00
[T+2078237355us][CH1-PC ] 52 C0 FA → [P2] ACK
[T+2078375355us][CH1-PC ] 53 20 FA → [P3] POLL
[T+2078380355us][CH2-DEVICE] 53 70 FA → [P3] IDLE
[T+2078515355us][CH1-PC ] 50 20 FA → [P0] POLL
[T+2078521355us][CH2-DEVICE] 50 70 FA → [P0] IDLE
[T+2078656355us][CH1-PC ] 51 20 FA → [P1] POLL
[T+2078661358us][CH2-DEVICE] 51 70 FA → [P1] IDLE
[T+2078797387us][CH1-PC ] 52 20 FA → [P2] POLL
[T+2078801396us][CH2-DEVICE] 52 70 FA → [P2] IDLE
[T+2078882356us][CH1-PC ] 52 30 01 01 04 E7 5F 03 FA → [P2] DISP st=04(BUSY) [01 01 04]
[T+2078888360us][CH2-DEVICE] 52 C0 FA → [P2] ACK
[T+2079093355us][CH1-PC ] 53 20 FA → [P3] POLL
[T+2079099361us][CH2-DEVICE] 53 70 FA → [P3] IDLE
[T+2079234355us][CH1-PC ] 50 20 FA → [P0] POLL
[T+2079239359us][CH2-DEVICE] 50 70 FA → [P0] IDLE
[T+2079375380us][CH1-PC ] 51 20 FA → [P1] POLL
[T+2079379383us][CH2-DEVICE] 51 70 FA → [P1] IDLE
[T+2079515380us][CH1-PC ] 52 20 FA → [P2] POLL
[T+2079552355us][CH2-DEVICE] 52 3C 02 08 00 00 10 00 00 10 50 00 03 04 01 05 00 12 81 C2 03 FA → [P2] SEQ=3C FILL vol=10.00L price=1050.00
[T+2079596379us][CH1-PC ] 52 C0 FA → [P2] ACK
[T+2079734355us][CH1-PC ] 53 20 FA → [P3] POLL
[T+2082343386us][CH1-PC ] 50 20 FA → [P0] POLL
[T+2082349356us][CH2-DEVICE] 50 70 FA → [P0] IDLE
[T+2082484355us][CH1-PC ] 51 20 FA → [P1] POLL
[T+2082490355us][CH2-DEVICE] 51 70 FA → [P1] IDLE
[T+2082625355us][CH1-PC ] 52 20 FA → [P2] POLL
[T+2082631355us][CH2-DEVICE] 52 70 FA → [P2] IDLE
[T+2082765355us][CH1-PC ] 53 20 FA → [P3] POLL
[T+2082770997us][CH2-DEVICE] 53 70 FA → [P3] IDLE
[T+2082906380us][CH1-PC ] 50 20 FA → [P0] POLL
[T+2082911355us][CH2-DEVICE] 50 70 FA → [P0] IDLE
[T+2083046355us][CH1-PC ] 51 20 FA → [P1] POLL
[T+2083051355us][CH2-DEVICE] 51 70 FA → [P1] IDLE
[T+2083187379us][CH1-PC ] 52 20 FA → [P2] POLL
[T+2083192355us][CH2-DEVICE] 52 70 FA → [P2] IDLE
[T+2083328379us][CH1-PC ] 53 20 FA → [P3] POLL
[T+2083334006us][CH2-DEVICE] 53 70 FA → [P3] IDLE
[T+2083468355us][CH1-PC ] 50 20 FA → [P0] POLL
[T+2083473355us][CH2-DEVICE] 50 70 FA → [P0] IDLE
[T+2083609381us][CH1-PC ] 51 20 FA → [P1] POLL
[T+2083614355us][CH2-DEVICE] 51 70 FA → [P1] IDLE
[T+2083750379us][CH1-PC ] 52 20 FA → [P2] POLL
[T+2083754383us][CH2-DEVICE] 52 70 FA → [P2] IDLE
[T+2083890380us][CH1-PC ] 53 20 FA → [P3] POLL
[T+2083903355us][CH2-DEVICE] 53 70 FA → [P3] IDLE
[T+2084031380us][CH1-PC ] 50 20 FA → [P0] POLL
[T+2084036355us][CH2-DEVICE] 50 70 FA → [P0] IDLE
[T+2084171355us][CH1-PC ] 51 20 FA → [P1] POLL
[T+2084177355us][CH2-DEVICE] 51 70 FA → [P1] IDLE
[T+2084312355us][CH1-PC ] 52 20 FA → [P2] POLL
[T+2084317998us][CH2-DEVICE] 52 70 FA → [P2] IDLE
[T+2084453379us][CH1-PC ] 53 20 FA → [P3] POLL
[T+2084458355us][CH2-DEVICE] 53 70 FA → [P3] IDLE
[T+2084593355us][CH1-PC ] 50 20 FA → [P0] POLL
[T+2084599355us][CH2-DEVICE] 50 70 FA → [P0] IDLE
[T+2084734355us][CH1-PC ] 51 20 FA → [P1] POLL
[T+2084740005us][CH2-DEVICE] 51 70 FA → [P1] IDLE
[T+2084874362us][CH1-PC ] 52 20 FA → [P2] POLL
[T+2084880355us][CH2-DEVICE] 52 70 FA → [P2] IDLE
[T+2085015355us][CH1-PC ] 53 20 FA → [P3] POLL
[T+2085020355us][CH2-DEVICE] 53 70 FA → [P3] IDLE
[T+2085156379us][CH1-PC ] 50 20 FA → [P0] POLL
[T+2085160387us][CH2-DEVICE] 50 70 FA → [P0] IDLE
[T+2085296380us][CH1-PC ] 51 20 FA → [P1] POLL
[T+2085301355us][CH2-DEVICE] 51 70 FA → [P1] IDLE
[T+2085437355us][CH1-PC ] 52 20 FA → [P2] POLL
[T+2085442355us][CH2-DEVICE] 52 70 FA → [P2] IDLE
[T+2085578355us][CH1-PC ] 53 20 FA → [P3] POLL
[T+2085583355us][CH2-DEVICE] 53 70 FA → [P3] IDLE
[T+2085718355us][CH1-PC ] 50 20 FA → [P0] POLL
[T+2085723355us][CH2-DEVICE] 50 70 FA → [P0] IDLE
[T+2085859386us][CH1-PC ] 51 20 FA → [P1] POLL
[T+2085864355us][CH2-DEVICE] 51 70 FA → [P1] IDLE
[T+2085999355us][CH1-PC ] 52 20 FA → [P2] POLL
[T+2086004865us][CH2-DEVICE] 52 70 FA → [P2] IDLE
[T+2086140380us][CH1-PC ] 53 20 FA → [P3] POLL
[T+2086145355us][CH2-DEVICE] 53 70 FA → [P3] IDLE
[T+2086281380us][CH1-PC ] 50 20 FA → [P0] POLL
[T+2086286355us][CH2-DEVICE] 50 70 FA → [P0] IDLE
[T+2086421355us][CH1-PC ] 51 20 FA → [P1] POLL
[T+2086427355us][CH2-DEVICE] 51 70 FA → [P1] IDLE
[T+2086562355us][CH1-PC ] 52 20 FA → [P2] POLL
[T+2086568000us][CH2-DEVICE] 52 70 FA → [P2] IDLE
[T+2086702355us][CH1-PC ] 53 20 FA → [P3] POLL
[T+2086708355us][CH2-DEVICE] 53 70 FA → [P3] IDLE
[T+2086843355us][CH1-PC ] 50 20 FA → [P0] POLL
[T+2086848355us][CH2-DEVICE] 50 70 FA → [P0] IDLE
[T+2086984386us][CH1-PC ] 51 20 FA → [P1] POLL
[T+2086988391us][CH2-DEVICE] 51 70 FA → [P1] IDLE
[T+2087124379us][CH1-PC ] 52 20 FA → [P2] POLL
[T+2087130355us][CH2-DEVICE] 52 70 FA → [P2] IDLE
[T+2087265355us][CH1-PC ] 53 20 FA → [P3] POLL
[T+2087271355us][CH2-DEVICE] 53 70 FA → [P3] IDLE
[T+2087406416us][CH1-PC ] 50 20 FA → [P0] POLL
[T+2087412355us][CH2-DEVICE] 50 70 FA → [P0] IDLE
[T+2087546355us][CH1-PC ] 51 20 FA → [P1] POLL
[T+2087552859us][CH2-DEVICE] 51 70 FA → [P1] IDLE
[T+2087687355us][CH1-PC ] 52 20 FA → [P2] POLL
[T+2087692377us][CH2-DEVICE] 52 70 FA → [P2] IDLE
[T+2087827355us][CH1-PC ] 53 20 FA → [P3] POLL
[T+2087832355us][CH2-DEVICE] 53 70 FA → [P3] IDLE
[T+2087968379us][CH1-PC ] 50 20 FA → [P0] POLL
[T+2087974004us][CH2-DEVICE] 50 70 FA → [P0] IDLE
[T+2088109380us][CH1-PC ] 51 20 FA → [P1] POLL
[T+2088114355us][CH2-DEVICE] 51 70 FA → [P1] IDLE
[T+2088249355us][CH1-PC ] 52 20 FA → [P2] POLL
[T+2088255453us][CH2-DEVICE] 52 70 FA → [P2] IDLE
[T+2088390355us][CH1-PC ] 53 20 FA → [P3] POLL
[T+2088395355us][CH2-DEVICE] 53 70 FA → [P3] IDLE
[T+2088531379us][CH1-PC ] 50 20 FA → [P0] POLL
[T+2088537364us][CH2-DEVICE] 50 70 FA → [P0] IDLE
[T+2088671355us][CH1-PC ] 51 20 FA → [P1] POLL
[T+2088676355us][CH2-DEVICE] 51 70 FA → [P1] IDLE
[T+2088812355us][CH1-PC ] 52 20 FA → [P2] POLL
[T+2088817355us][CH2-DEVICE] 52 70 FA → [P2] IDLE
[T+2088952355us][CH1-PC ] 53 20 FA → [P3] POLL
[T+2088958876us][CH2-DEVICE] 53 70 FA → [P3] IDLE
[T+2089093355us][CH1-PC ] 50 20 FA → [P0] POLL
[T+2089098355us][CH2-DEVICE] 50 70 FA → [P0] IDLE
[T+2089234379us][CH1-PC ] 51 20 FA → [P1] POLL