[T+508843355us][CH1-PC ] 52 20 FA → [P2] POLL
[T+508848355us][CH2-DEVICE] 52 70 FA → [P2] IDLE
[T+508984380us][CH1-PC ] 53 20 FA → [P3] POLL
[T+508989355us][CH2-DEVICE] 53 70 FA → [P3] IDLE
[T+509125379us][CH1-PC ] 50 20 FA → [P0] POLL
[T+509130355us][CH2-DEVICE] 50 70 FA → [P0] IDLE
[T+509265355us][CH1-PC ] 51 20 FA → [P1] POLL
[T+509270355us][CH2-DEVICE] 51 70 FA → [P1] IDLE
[T+509406379us][CH1-PC ] 52 20 FA → [P2] POLL
[T+509412027us][CH2-DEVICE] 52 70 FA → [P2] IDLE
[T+509547382us][CH1-PC ] 53 20 FA → [P3] POLL
[T+509551383us][CH2-DEVICE] 53 70 FA → [P3] IDLE
[T+509687379us][CH1-PC ] 50 20 FA → [P0] POLL
[T+509692355us][CH2-DEVICE] 50 70 FA → [P0] IDLE
[T+509828379us][CH1-PC ] 51 20 FA → [P1] POLL
[T+509832383us][CH2-DEVICE] 51 70 FA → [P1] IDLE
[T+509968379us][CH1-PC ] 52 20 FA → [P2] POLL
[T+509974355us][CH2-DEVICE] 52 70 FA → [P2] IDLE
[T+510109355us][CH1-PC ] 53 20 FA → [P3] POLL
[T+510114355us][CH2-DEVICE] 53 70 FA → [P3] IDLE
[T+510250379us][CH1-PC ] 50 20 FA → [P0] POLL
[T+510255355us][CH2-DEVICE] 50 70 FA → [P0] IDLE
[T+510390355us][CH1-PC ] 51 20 FA → [P1] POLL
[T+510395355us][CH2-DEVICE] 51 70 FA → [P1] IDLE
[T+510531381us][CH1-PC ] 52 20 FA → [P2] POLL
[T+510537359us][CH2-DEVICE] 52 70 FA → [P2] IDLE
[T+510671358us][CH1-PC ] 53 20 FA → [P3] POLL
[T+510677355us][CH2-DEVICE] 53 70 FA → [P3] IDLE
[T+510812355us][CH1-PC ] 50 20 FA → [P0] POLL
[T+510817988us][CH2-DEVICE] 50 70 FA → [P0] IDLE
[T+510953381us][CH1-PC ] 51 20 FA → [P1] POLL
[T+510958355us][CH2-DEVICE] 51 70 FA → [P1] IDLE
[T+511093355us][CH1-PC ] 52 20 FA → [P2] POLL
[T+511098355us][CH2-DEVICE] 52 70 FA → [P2] IDLE
[T+511234381us][CH1-PC ] 53 20 FA → [P3] POLL
[T+511239355us][CH2-DEVICE] 53 70 FA → [P3] IDLE
[T+511375380us][CH1-PC ] 50 20 FA → [P0] POLL
[T+511379383us][CH2-DEVICE] 50 70 FA → [P0] IDLE
[T+511515379us][CH1-PC ] 51 20 FA → [P1] POLL
[T+511520355us][CH2-DEVICE] 51 70 FA → [P1] IDLE
[T+511656381us][CH1-PC ] 52 20 FA → [P2] POLL
[T+511661355us][CH2-DEVICE] 52 70 FA → [P2] IDLE
[T+511796355us][CH1-PC ] 53 20 FA → [P3] POLL
[T+511801355us][CH2-DEVICE] 53 70 FA → [P3] IDLE
[T+511937382us][CH1-PC ] 50 20 FA → [P0] POLL
[T+511943355us][CH2-DEVICE] 50 70 FA → [P0] IDLE
[T+512078355us][CH1-PC ] 51 20 FA → [P1] POLL
[T+512083355us][CH2-DEVICE] 51 70 FA → [P1] IDLE
[T+512218355us][CH1-PC ] 52 20 FA → [P2] POLL
[T+512225156us][CH2-DEVICE] 52 70 FA → [P2] IDLE
[T+512359355us][CH1-PC ] 53 20 FA → [P3] POLL
[T+512365355us][CH2-DEVICE] 53 70 FA → [P3] IDLE
[T+512499355us][CH1-PC ] 50 20 FA → [P0] POLL
[T+512504355us][CH2-DEVICE] 50 70 FA → [P0] IDLE
[T+512640379us][CH1-PC ] 51 20 FA → [P1] POLL
[T+512646364us][CH2-DEVICE] 51 70 FA → [P1] IDLE
[T+512781355us][CH1-PC ] 52 20 FA → [P2] POLL
[T+512787998us][CH2-DEVICE] 52 70 FA → [P2] IDLE
[T+512921355us][CH1-PC ] 53 20 FA → [P3] POLL
[T+512927355us][CH2-DEVICE] 53 70 FA → [P3] IDLE
[T+513062355us][CH1-PC ] 50 20 FA → [P0] POLL
[T+513067355us][CH2-DEVICE] 50 70 FA → [P0] IDLE
[T+513203380us][CH1-PC ] 51 20 FA → [P1] POLL
[T+513208355us][CH2-DEVICE] 51 70 FA → [P1] IDLE
[T+513343355us][CH1-PC ] 52 20 FA → [P2] POLL
[T+513348355us][CH2-DEVICE] 52 70 FA → [P2] IDLE
[T+513484380us][CH1-PC ] 53 20 FA → [P3] POLL
[T+513488385us][CH2-DEVICE] 53 70 FA → [P3] IDLE
[T+513624380us][CH1-PC ] 50 20 FA → [P0] POLL
[T+513631010us][CH2-DEVICE] 50 70 FA → [P0] IDLE
[T+513765355us][CH1-PC ] 51 20 FA → [P1] POLL
[T+513773002us][CH2-DEVICE] 51 70 FA → [P1] IDLE
[T+513906355us][CH1-PC ] 52 20 FA → [P2] POLL
[T+513911355us][CH2-DEVICE] 52 70 FA → [P2] IDLE
[T+514046355us][CH1-PC ] 53 20 FA → [P3] POLL
[T+514052363us][CH2-DEVICE] 53 70 FA → [P3] IDLE
[T+514187355us][CH1-PC ] 50 20 FA → [P0] POLL
[T+514192355us][CH2-DEVICE] 50 70 FA → [P0] IDLE
[T+514328380us][CH1-PC ] 51 20 FA → [P1] POLL
[T+514332388us][CH2-DEVICE] 51 70 FA → [P1] IDLE
[T+514468379us][CH1-PC ] 52 20 FA → [P2] POLL
[T+514473355us][CH2-DEVICE] 52 70 FA → [P2] IDLE
[T+514609381us][CH1-PC ] 53 20 FA → [P3] POLL
[T+514614355us][CH2-DEVICE] 53 70 FA → [P3] IDLE
[T+514749355us][CH1-PC ] 50 20 FA → [P0] POLL
[T+514755355us][CH2-DEVICE] 50 70 FA → [P0] IDLE
[T+514890355us][CH1-PC ] 51 20 FA → [P1] POLL
[T+514895355us][CH2-DEVICE] 51 70 FA → [P1] IDLE
[T+515031382us][CH1-PC ] 52 20 FA → [P2] POLL
[T+515036355us][CH2-DEVICE] 52 70 FA → [P2] IDLE
[T+515171355us][CH1-PC ] 53 20 FA → [P3] POLL
[T+515176355us][CH2-DEVICE] 53 70 FA → [P3] IDLE
[T+515312380us][CH1-PC ] 50 20 FA → [P0] POLL
[T+515317355us][CH2-DEVICE] 50 70 FA → [P0] IDLE
[T+515452355us][CH1-PC ] 51 20 FA → [P1] POLL
[T+515458355us][CH2-DEVICE] 51 70 FA → [P1] IDLE
[T+515593355us][CH1-PC ] 52 20 FA → [P2] POLL
[T+515598355us][CH2-DEVICE] 52 70 FA → [P2] IDLE
[T+515734379us][CH1-PC ] 53 20 FA → [P3] POLL
[T+515739355us][CH2-DEVICE] 53 70 FA → [P3] IDLE
[T+515874358us][CH1-PC ] 50 20 FA → [P0] POLL
[T+515879355us][CH2-DEVICE] 50 70 FA → [P0] IDLE
[T+516015380us][CH1-PC ] 51 20 FA → [P1] POLL
[T+516020355us][CH2-DEVICE] 51 70 FA → [P1] IDLE
[T+516156355us][CH1-PC ] 52 20 FA → [P2] POLL
[T+516161357us][CH2-DEVICE] 52 70 FA → [P2] IDLE
[T+516296355us][CH1-PC ] 53 20 FA → [P3] POLL
[T+516302355us][CH2-DEVICE] 53 70 FA → [P3] IDLE
[T+516437355us][CH1-PC ] 50 20 FA → [P0] POLL
[T+516442355us][CH2-DEVICE] 50 70 FA → [P0] IDLE
[T+516577355us][CH1-PC ] 51 20 FA → [P1] POLL
[T+516583355us][CH2-DEVICE] 51 70 FA → [P1] IDLE
[T+516718355us][CH1-PC ] 52 20 FA → [P2] POLL
[T+517140380us][CH1-PC ] 51 20 FA → [P1] POLL
[T+517146360us][CH2-DEVICE] 51 70 FA → [P1] IDLE
[T+517281355us][CH1-PC ] 52 20 FA → [P2] POLL
[T+517286567us][CH2-DEVICE] 52 70 FA → [P2] IDLE
[T+517421355us][CH1-PC ] 53 20 FA → [P3] POLL
[T+517426357us][CH2-DEVICE] 53 70 FA → [P3] IDLE
[T+517562379us][CH1-PC ] 50 20 FA → [P0] POLL
[T+517567359us][CH2-DEVICE] 50 70 FA → [P0] IDLE
[T+517702355us][CH1-PC ] 51 20 FA → [P1] POLL
[T+517707356us][CH2-DEVICE] 51 70 FA → [P1] IDLE
[T+517843380us][CH1-PC ] 52 20 FA → [P2] POLL
[T+517848355us][CH2-DEVICE] 52 70 FA → [P2] IDLE
[T+517984379us][CH1-PC ] 53 20 FA → [P3] POLL
[T+517990195us][CH2-DEVICE] 53 70 FA → [P3] IDLE
[T+518124355us][CH1-PC ] 50 20 FA → [P0] POLL
[T+518130355us][CH2-DEVICE] 50 70 FA → [P0] IDLE
[T+518265355us][CH1-PC ] 51 20 FA → [P1] POLL
[T+518271355us][CH2-DEVICE] 51 70 FA → [P1] IDLE
[T+518405355us][CH1-PC ] 52 20 FA → [P2] POLL
[T+518412005us][CH2-DEVICE] 52 70 FA → [P2] IDLE
[T+518546355us][CH1-PC ] 53 20 FA → [P3] POLL
[T+518551355us][CH2-DEVICE] 53 70 FA → [P3] IDLE
[T+518687380us][CH1-PC ] 50 20 FA → [P0] POLL
[T+518692355us][CH2-DEVICE] 50 70 FA → [P0] IDLE
[T+518827355us][CH1-PC ] 51 20 FA → [P1] POLL
[T+518832355us][CH2-DEVICE] 51 70 FA → [P1] IDLE
[T+518968380us][CH1-PC ] 52 20 FA → [P2] POLL
[T+518973355us][CH2-DEVICE] 52 70 FA → [P2] IDLE
[T+519109379us][CH1-PC ] 53 20 FA → [P3] POLL
[T+519113384us][CH2-DEVICE] 53 70 FA → [P3] IDLE
[T+519249380us][CH1-PC ] 50 20 FA → [P0] POLL
[T+519254355us][CH2-DEVICE] 50 70 FA → [P0] IDLE
[T+519390379us][CH1-PC ] 51 20 FA → [P1] POLL
[T+519395355us][CH2-DEVICE] 51 70 FA → [P1] IDLE
[T+519530355us][CH1-PC ] 52 20 FA → [P2] POLL
[T+519536365us][CH2-DEVICE] 52 70 FA → [P2] IDLE
[T+519671355us][CH1-PC ] 53 20 FA → [P3] POLL
[T+519676355us][CH2-DEVICE] 53 70 FA → [P3] IDLE
[T+519812379us][CH1-PC ] 50 20 FA → [P0] POLL
[T+519817355us][CH2-DEVICE] 50 70 FA → [P0] IDLE
[T+519952355us][CH1-PC ] 51 20 FA → [P1] POLL
[T+519958356us][CH2-DEVICE] 51 70 FA → [P1] IDLE
[T+520093355us][CH1-PC ] 52 20 FA → [P2] POLL
[T+520098355us][CH2-DEVICE] 52 70 FA → [P2] IDLE
[T+520233355us][CH1-PC ] 53 20 FA → [P3] POLL
[T+520239355us][CH2-DEVICE] 53 70 FA → [P3] IDLE
[T+520374355us][CH1-PC ] 50 20 FA → [P0] POLL
[T+520379355us][CH2-DEVICE] 50 70 FA → [P0] IDLE
[T+520515379us][CH1-PC ] 51 20 FA → [P1] POLL
[T+520519385us][CH2-DEVICE] 51 70 FA → [P1] IDLE
[T+520655382us][CH1-PC ] 52 20 FA → [P2] POLL
[T+520660355us][CH2-DEVICE] 52 70 FA → [P2] IDLE
[T+520796379us][CH1-PC ] 53 20 FA → [P3] POLL
[T+520801355us][CH2-DEVICE] 53 70 FA → [P3] IDLE
[T+520937379us][CH1-PC ] 50 20 FA → [P0] POLL
[T+520943011us][CH2-DEVICE] 50 70 FA → [P0] IDLE
[T+521077355us][CH1-PC ] 51 20 FA → [P1] POLL
[T+521082358us][CH2-DEVICE] 51 70 FA → [P1] IDLE
[T+521218380us][CH1-PC ] 52 20 FA → [P2] POLL
[T+521223355us][CH2-DEVICE] 52 70 FA → [P2] IDLE
[T+521358355us][CH1-PC ] 53 20 FA → [P3] POLL
[T+521364364us][CH2-DEVICE] 53 70 FA → [P3] IDLE
[T+521499355us][CH1-PC ] 50 20 FA → [P0] POLL
[T+521504355us][CH2-DEVICE] 50 70 FA → [P0] IDLE
[T+521640379us][CH1-PC ] 51 20 FA → [P1] POLL
[T+521645355us][CH2-DEVICE] 51 70 FA → [P1] IDLE
[T+521780355us][CH1-PC ] 52 20 FA → [P2] POLL
[T+521786355us][CH2-DEVICE] 52 70 FA → [P2] IDLE
[T+521921355us][CH1-PC ] 53 20 FA → [P3] POLL
[T+521927009us][CH2-DEVICE] 53 70 FA → [P3] IDLE
[T+522062380us][CH1-PC ] 50 20 FA → [P0] POLL
[T+522066383us][CH2-DEVICE] 50 70 FA → [P0] IDLE
[T+522202379us][CH1-PC ] 51 20 FA → [P1] POLL
[T+522208355us][CH2-DEVICE] 51 70 FA → [P1] IDLE
[T+522343355us][CH1-PC ] 52 20 FA → [P2] POLL
[T+522348355us][CH2-DEVICE] 52 70 FA → [P2] IDLE
[T+522483355us][CH1-PC ] 53 20 FA → [P3] POLL
[T+522489359us][CH2-DEVICE] 53 70 FA → [P3] IDLE
[T+522624355us][CH1-PC ] 50 20 FA → [P0] POLL
[T+522629360us][CH2-DEVICE] 50 70 FA → [P0] IDLE
[T+522765379us][CH1-PC ] 51 20 FA → [P1] POLL
[T+522769383us][CH2-DEVICE] 51 70 FA → [P1] IDLE
[T+522905379us][CH1-PC ] 52 20 FA → [P2] POLL
[T+522910360us][CH2-DEVICE] 52 70 FA → [P2] IDLE
[T+523046379us][CH1-PC ] 53 20 FA → [P3] POLL
[T+523052355us][CH2-DEVICE] 53 70 FA → [P3] IDLE
[T+523187355us][CH1-PC ] 50 20 FA → [P0] POLL
[T+523193355us][CH2-DEVICE] 50 70 FA → [P0] IDLE
[T+523327355us][CH1-PC ] 51 20 FA → [P1] POLL
[T+523333355us][CH2-DEVICE] 51 70 FA → [P1] IDLE
[T+523469380us][CH1-PC ] 52 20 FA → [P2] POLL
[T+523474355us][CH2-DEVICE] 52 70 FA → [P2] IDLE
[T+523587355us][CH1-PC ] 52 30 01 01 05 02 04 01 02 03 04 05 0C 01 43 00 01 05 00 01 24 00 01 43 30 03 04 00 09 99 00 01 01 06 70 2E 03 FA → [P2] DISP st=05(IDLE) [01 01 05 02 04 01 02 03 04 05 0C 01...]
[T+523594355us][CH2-DEVICE] 52 C0 FA → [P2] ACK
[T+523718381us][CH1-PC ] 53 20 FA → [P3] POLL
[T+523724355us][CH2-DEVICE] 53 70 FA → [P3] IDLE
[T+523858355us][CH1-PC ] 50 20 FA → [P0] POLL
[T+523863361us][CH2-DEVICE] 50 70 FA → [P0] IDLE
[T+523999380us][CH1-PC ] 51 20 FA → [P1] POLL
[T+524004355us][CH2-DEVICE] 51 70 FA → [P1] IDLE
[T+524140379us][CH1-PC ] 52 20 FA → [P2] POLL
[T+524170355us][CH2-DEVICE] 52 3E 01 01 02 02 08 00 00 00 00 00 00 00 00 DF 33 03 FA → [P2] SEQ=3E FILL vol=0.00L price=0.00
[T+524223355us][CH1-PC ] 52 C0 FA → [P2] ACK
[T+524374491us][CH1-PC ] 53 20 FA → [P3] POLL
[T+524380355us][CH2-DEVICE] 53 70 FA → [P3] IDLE
[T+524514355us][CH1-PC ] 50 20 FA → [P0] POLL
[T+524519355us][CH2-DEVICE] 50 70 FA → [P0] IDLE
[T+524655381us][CH1-PC ] 51 20 FA → [P1] POLL
[T+524661007us][CH2-DEVICE] 51 70 FA → [P1] IDLE
[T+524797355us][CH1-PC ] 52 20 FA → [P2] POLL
[T+524802996us][CH2-DEVICE] 52 70 FA → [P2] IDLE
[T+524881355us][CH1-PC ] 52 30 01 01 04 E7 5F 03 FA → [P2] DISP st=04(BUSY) [01 01 04]
[T+524888355us][CH2-DEVICE] 52 C0 FA → [P2] ACK
[T+525093355us][CH1-PC ] 53 20 FA → [P3] POLL
[T+525098355us][CH2-DEVICE] 53 70 FA → [P3] IDLE
[T+525233355us][CH1-PC ] 50 20 FA → [P0] POLL
[T+525239005us][CH2-DEVICE] 50 70 FA → [P0] IDLE
[T+525374381us][CH1-PC ] 51 20 FA → [P1] POLL
[T+525379355us][CH2-DEVICE] 51 70 FA → [P1] IDLE
[T+525515381us][CH1-PC ] 52 20 FA → [P2] POLL
[T+525553355us][CH2-DEVICE] 52 3F 02 08 00 00 00 00 00 00 00 00 03 04 01 05 00 12 78 31 03 FA → [P2] SEQ=3F FILL vol=0.00L price=0.00
[T+525596355us][CH1-PC ] 52 C0 FA → [P2] ACK
[T+525733379us][CH1-PC ] 53 20 FA → [P3] POLL
[T+525738355us][CH2-DEVICE] 53 70 FA → [P3] IDLE
[T+525874380us][CH1-PC ] 50 20 FA → [P0] POLL
[T+525879355us][CH2-DEVICE] 50 70 FA → [P0] IDLE
[T+526014355us][CH1-PC ] 51 20 FA → [P1] POLL
[T+526020365us][CH2-DEVICE] 51 70 FA → [P1] IDLE
[T+526155355us][CH1-PC ] 52 20 FA → [P2] POLL
[T+526163001us][CH2-DEVICE] 52 70 FA → [P2] IDLE
[T+526240355us][CH1-PC ] 52 30 01 01 04 E7 5F 03 FA → [P2] DISP st=04(BUSY) [01 01 04]
[T+526246355us][CH2-DEVICE] 52 C0 FA → [P2] ACK
[T+526452355us][CH1-PC ] 53 20 FA → [P3] POLL
[T+526458364us][CH2-DEVICE] 53 70 FA → [P3] IDLE
[T+526593355us][CH1-PC ] 50 20 FA → [P0] POLL
[T+526600011us][CH2-DEVICE] 50 70 FA → [P0] IDLE
[T+526733355us][CH1-PC ] 51 20 FA → [P1] POLL
[T+526738355us][CH2-DEVICE] 51 70 FA → [P1] IDLE
[T+526874379us][CH1-PC ] 52 20 FA → [P2] POLL
[T+526911355us][CH2-DEVICE] 52 31 02 08 00 00 00 00 00 00 00 00 03 04 01 05 00 12 1C 52 03 FA → [P2] SEQ=31 FILL vol=0.00L price=0.00
[T+526954355us][CH1-PC ] 52 C0 FA → [P2] ACK
[T+527093355us][CH1-PC ] 53 20 FA → [P3] POLL
[T+527098355us][CH2-DEVICE] 53 70 FA → [P3] IDLE
[T+527233355us][CH1-PC ] 50 20 FA → [P0] POLL
[T+527238355us][CH2-DEVICE] 50 70 FA → [P0] IDLE
[T+527374381us][CH1-PC ] 51 20 FA → [P1] POLL
[T+527379355us][CH2-DEVICE] 51 70 FA → [P1] IDLE
[T+527514355us][CH1-PC ] 52 20 FA → [P2] POLL
[T+527520355us][CH2-DEVICE] 52 70 FA → [P2] IDLE
[T+527600381us][CH1-PC ] 52 30 01 01 04 E7 5F 03 FA → [P2] DISP st=04(BUSY) [01 01 04]
[T+527607099us][CH2-DEVICE] 52 C0 FA → [P2] ACK
[T+527811355us][CH1-PC ] 53 20 FA → [P3] POLL
[T+527817355us][CH2-DEVICE] 53 70 FA → [P3] IDLE
[T+527952355us][CH1-PC ] 50 20 FA → [P0] POLL
[T+527957355us][CH2-DEVICE] 50 70 FA → [P0] IDLE
[T+528092355us][CH1-PC ] 51 20 FA → [P1] POLL
[T+528098365us][CH2-DEVICE] 51 70 FA → [P1] IDLE
[T+528233355us][CH1-PC ] 52 20 FA → [P2] POLL
[T+528273379us][CH2-DEVICE] 52 32 02 08 00 00 00 00 00 00 00 00 03 04 01 05 00 12 EC A2 03 FA → [P2] SEQ=32 FILL vol=0.00L price=0.00
[T+528314355us][CH1-PC ] 52 C0 FA → [P2] ACK
[T+528452355us][CH1-PC ] 53 20 FA → [P3] POLL
[T+528458371us][CH2-DEVICE] 53 70 FA → [P3] IDLE
[T+528592355us][CH1-PC ] 50 20 FA → [P0] POLL
[T+528598355us][CH2-DEVICE] 50 70 FA → [P0] IDLE
[T+528733355us][CH1-PC ] 51 20 FA → [P1] POLL
[T+528738355us][CH2-DEVICE] 51 70 FA → [P1] IDLE
[T+528874379us][CH1-PC ] 52 20 FA → [P2] POLL
[T+528879993us][CH2-DEVICE] 52 70 FA → [P2] IDLE
[T+528959379us][CH1-PC ] 52 30 01 01 04 E7 5F 03 FA → [P2] DISP st=04(BUSY) [01 01 04]
[T+528964355us][CH2-DEVICE] 52 C0 FA → [P2] ACK
[T+529171355us][CH1-PC ] 53 20 FA → [P3] POLL
[T+529176355us][CH2-DEVICE] 53 70 FA → [P3] IDLE
[T+529311355us][CH1-PC ] 50 20 FA → [P0] POLL
[T+529317996us][CH2-DEVICE] 50 70 FA → [P0] IDLE
[T+529452355us][CH1-PC ] 51 20 FA → [P1] POLL
[T+529457355us][CH2-DEVICE] 51 70 FA → [P1] IDLE
[T+529592355us][CH1-PC ] 52 20 FA → [P2] POLL
[T+529630355us][CH2-DEVICE] 52 33 02 08 00 00 00 05 00 00 05 25 03 04 01 05 00 12 18 03 03 FA → [P2] SEQ=33 FILL vol=0.05L price=5.25
[T+529673355us][CH1-PC ] 52 C0 FA → [P2] ACK
[T+529811355us][CH1-PC ] 53 20 FA → [P3] POLL
[T+529816355us][CH2-DEVICE] 53 70 FA → [P3] IDLE
[T+529952379us][CH1-PC ] 50 20 FA → [P0] POLL
[T+529958005us][CH2-DEVICE] 50 70 FA → [P0] IDLE
[T+530092355us][CH1-PC ] 51 20 FA → [P1] POLL
[T+530098355us][CH2-DEVICE] 51 70 FA → [P1] IDLE
[T+530234379us][CH1-PC ] 52 20 FA → [P2] POLL
[T+530261355us][CH2-DEVICE] 52 34 02 08 00 00 00 06 00 00 06 30 9E 89 03 FA → [P2] SEQ=34 FILL vol=0.06L price=6.30
[T+530313379us][CH1-PC ] 52 C0 FA → [P2] ACK
[T+530452355us][CH1-PC ] 53 20 FA → [P3] POLL
[T+530457355us][CH2-DEVICE] 53 70 FA → [P3] IDLE
[T+530592355us][CH1-PC ] 50 20 FA → [P0] POLL
[T+530597998us][CH2-DEVICE] 50 70 FA → [P0] IDLE
[T+530733380us][CH1-PC ] 51 20 FA → [P1] POLL
[T+530737386us][CH2-DEVICE] 51 70 FA → [P1] IDLE
[T+530874355us][CH1-PC ] 52 20 FA → [P2] POLL
[T+530901355us][CH2-DEVICE] 52 35 02 08 00 00 00 07 00 00 07 35 66 26 03 FA → [P2] SEQ=35 FILL vol=0.07L price=7.35
[T+530954355us][CH1-PC ] 52 C0 FA → [P2] ACK
[T+531092355us][CH1-PC ] 53 20 FA → [P3] POLL
[T+531098355us][CH2-DEVICE] 53 70 FA → [P3] IDLE
[T+531233355us][CH1-PC ] 50 20 FA → [P0] POLL
[T+531238355us][CH2-DEVICE] 50 70 FA → [P0] IDLE
[T+531374379us][CH1-PC ] 51 20 FA → [P1] POLL
[T+531378383us][CH2-DEVICE] 51 70 FA → [P1] IDLE
[T+531515355us][CH1-PC ] 52 20 FA → [P2] POLL
[T+531521364us][CH2-DEVICE] 52 70 FA → [P2] IDLE
[T+531600355us][CH1-PC ] 52 30 01 01 04 E7 5F 03 FA → [P2] DISP st=04(BUSY) [01 01 04]
[T+531605355us][CH2-DEVICE] 52 C0 FA → [P2] ACK
[T+531811355us][CH1-PC ] 53 20 FA → [P3] POLL
[T+531816355us][CH2-DEVICE] 53 70 FA → [P3] IDLE
[T+531952380us][CH1-PC ] 50 20 FA → [P0] POLL
[T+531958013us][CH2-DEVICE] 50 70 FA → [P0] IDLE
[T+532092355us][CH1-PC ] 51 20 FA → [P1] POLL
[T+532097355us][CH2-DEVICE] 51 70 FA → [P1] IDLE
[T+532234355us][CH1-PC ] 52 20 FA → [P2] POLL
[T+532270379us][CH2-DEVICE] 52 36 02 08 00 00 00 08 00 00 08 40 03 04 01 05 00 12 C4 61 03 FA → [P2] SEQ=36 FILL vol=0.08L price=8.40
[T+532314379us][CH1-PC ] 52 C0 FA → [P2] ACK
[T+532452355us][CH1-PC ] 53 20 FA → [P3] POLL
[T+532456383us][CH2-DEVICE] 53 70 FA → [P3] IDLE
[T+532592379us][CH1-PC ] 50 20 FA → [P0] POLL
[T+532597355us][CH2-DEVICE] 50 70 FA → [P0] IDLE
[T+532733379us][CH1-PC ] 51 20 FA → [P1] POLL
[T+532739364us][CH2-DEVICE] 51 70 FA → [P1] IDLE
[T+532874355us][CH1-PC ] 52 20 FA → [P2] POLL
[T+532908355us][CH2-DEVICE] 52 37 01 01 04 02 08 00 00 00 10 00 00 10 50 04 8D 03 FA → [P2] SEQ=37 FILL vol=0.10L price=10.50
[T+532954355us][CH1-PC ] 52 C0 FA → [P2] ACK
[T+533092380us][CH1-PC ] 53 20 FA → [P3] POLL
[T+533097355us][CH2-DEVICE] 53 70 FA → [P3] IDLE
[T+533233379us][CH1-PC ] 50 20 FA → [P0] POLL
[T+533239355us][CH2-DEVICE] 50 70 FA → [P0] IDLE
[T+533373355us][CH1-PC ] 51 20 FA → [P1] POLL
[T+533379355us][CH2-DEVICE] 51 70 FA → [P1] IDLE
[T+533515379us][CH1-PC ] 52 20 FA → [P2] POLL
[T+533542355us][CH2-DEVICE] 52 38 02 08 00 00 00 33 00 00 34 65 F8 82 03 FA → [P2] SEQ=38 FILL vol=0.33L price=34.65
[T+533594380us][CH1-PC ] 52 C0 FA → [P2] ACK
[T+533733355us][CH1-PC ] 53 20 FA → [P3] POLL
[T+533739010us][CH2-DEVICE] 53 70 FA → [P3] IDLE
[T+533873355us][CH1-PC ] 50 20 FA → [P0] POLL
[T+533879355us][CH2-DEVICE] 50 70 FA → [P0] IDLE
[T+534014355us][CH1-PC ] 51 20 FA → [P1] POLL
[T+534019355us][CH2-DEVICE] 51 70 FA → [P1] IDLE
[T+534155380us][CH1-PC ] 52 20 FA → [P2] POLL
[T+534182355us][CH2-DEVICE] 52 39 02 08 00 00 00 61 00 00 64 05 79 9A 03 FA → [P2] SEQ=39 FILL vol=0.61L price=64.05
[T+534235355us][CH1-PC ] 52 C0 FA → [P2] ACK
[T+534373355us][CH1-PC ] 53 20 FA → [P3] POLL
[T+534379364us][CH2-DEVICE] 53 70 FA → [P3] IDLE
[T+534514356us][CH1-PC ] 50 20 FA → [P0] POLL
[T+534519357us][CH2-DEVICE] 50 70 FA → [P0] IDLE
[T+534655385us][CH1-PC ] 51 20 FA → [P1] POLL
[T+534660355us][CH2-DEVICE] 51 70 FA → [P1] IDLE
[T+534796379us][CH1-PC ] 52 20 FA → [P2] POLL
[T+534823355us][CH2-DEVICE] 52 3A 02 08 00 00 00 90 00 00 94 50 8F 34 03 FA → [P2] SEQ=3A FILL vol=0.90L price=94.50
[T+534875380us][CH1-PC ] 52 C0 FA → [P2] ACK
[T+535014355us][CH1-PC ] 53 20 FA → [P3] POLL
[T+535019355us][CH2-DEVICE] 53 70 FA → [P3] IDLE
[T+535155380us][CH1-PC ] 50 20 FA → [P0] POLL
[T+535160355us][CH2-DEVICE] 50 70 FA → [P0] IDLE
[T+535295355us][CH1-PC ] 51 20 FA → [P1] POLL
[T+535301984us][CH2-DEVICE] 51 70 FA → [P1] IDLE
[T+535437380us][CH1-PC ] 52 20 FA → [P2] POLL
[T+535462355us][CH2-DEVICE] 52 3B 02 08 00 00 01 20 00 01 26 00 EE 9F 03 FA → [P2] SEQ=3B FILL vol=1.20L price=126.00
[T+535516355us][CH1-PC ] 52 C0 FA → [P2] ACK
[T+535655355us][CH1-PC ] 53 20 FA → [P3] POLL
[T+535659383us][CH2-DEVICE] 53 70 FA → [P3] IDLE
[T+535795381us][CH1-PC ] 50 20 FA → [P0] POLL
[T+535802355us][CH2-DEVICE] 50 70 FA → [P0] IDLE
[T+535936355us][CH1-PC ] 51 20 FA → [P1] POLL
[T+535941355us][CH2-DEVICE] 51 70 FA → [P1] IDLE
[T+536077355us][CH1-PC ] 52 20 FA → [P2] POLL
[T+536106355us][CH2-DEVICE] 52 3C 02 08 00 00 01 50 00 01 57 50 91 4C 03 FA → [P2] SEQ=3C FILL vol=1.50L price=157.50
[T+536157355us][CH1-PC ] 52 C0 FA → [P2] ACK
[T+536295355us][CH1-PC ] 53 20 FA → [P3] POLL
[T+536300356us][CH2-DEVICE] 53 70 FA → [P3] IDLE
[T+536436380us][CH1-PC ] 50 20 FA → [P0] POLL
[T+536442358us][CH2-DEVICE] 50 70 FA → [P0] IDLE
[T+536576355us][CH1-PC ] 51 20 FA → [P1] POLL
[T+536582355us][CH2-DEVICE] 51 70 FA → [P1] IDLE
[T+536718379us][CH1-PC ] 52 20 FA → [P2] POLL
[T+536743355us][CH2-DEVICE] 52 3D 02 08 00 00 01 85 00 01 94 25 09 75 03 FA → [P2] SEQ=3D FILL vol=1.85L price=194.25
[T+536797355us][CH1-PC ] 52 C0 FA → [P2] ACK
[T+536936355us][CH1-PC ] 53 20 FA → [P3] POLL
[T+536941357us][CH2-DEVICE] 53 70 FA → [P3] IDLE
[T+537076362us][CH1-PC ] 50 20 FA → [P0] POLL
[T+537081355us][CH2-DEVICE] 50 70 FA → [P0] IDLE
[T+537217379us][CH1-PC ] 51 20 FA → [P1] POLL
[T+537222355us][CH2-DEVICE] 51 70 FA → [P1] IDLE
[T+537358380us][CH1-PC ] 52 20 FA → [P2] POLL
[T+537386379us][CH2-DEVICE] 52 3E 02 08 00 00 02 15 00 02 25 75 42 73 03 FA → [P2] SEQ=3E FILL vol=2.15L price=225.75
[T+537438379us][CH1-PC ] 52 C0 FA → [P2] ACK
[T+537577355us][CH1-PC ] 53 20 FA → [P3] POLL
[T+537581385us][CH2-DEVICE] 53 70 FA → [P3] IDLE
[T+537717379us][CH1-PC ] 50 20 FA → [P0] POLL
[T+537722355us][CH2-DEVICE] 50 70 FA → [P0] IDLE
[T+537858380us][CH1-PC ] 51 20 FA → [P1] POLL
[T+537864355us][CH2-DEVICE] 51 70 FA → [P1] IDLE
[T+537999355us][CH1-PC ] 52 20 FA → [P2] POLL
[T+538026355us][CH2-DEVICE] 52 3F 02 08 00 00 02 44 00 02 56 20 5E 4C 03 FA → [P2] SEQ=3F FILL vol=2.44L price=256.20
[T+538079355us][CH1-PC ] 52 C0 FA → [P2] ACK
[T+538217355us][CH1-PC ] 53 20 FA → [P3] POLL
[T+538221384us][CH2-DEVICE] 53 70 FA → [P3] IDLE
[T+538358355us][CH1-PC ] 50 20 FA → [P0] POLL
[T+538363355us][CH2-DEVICE] 50 70 FA → [P0] IDLE
[T+538498355us][CH1-PC ] 51 20 FA → [P1] POLL
[T+538504355us][CH2-DEVICE] 51 70 FA → [P1] IDLE
[T+538640379us][CH1-PC ] 52 20 FA → [P2] POLL
[T+538666355us][CH2-DEVICE] 52 31 02 08 00 00 02 74 00 02 87 70 76 CC 03 FA → [P2] SEQ=31 FILL vol=2.74L price=287.70
[T+538719386us][CH1-PC ] 52 C0 FA → [P2] ACK
[T+538858380us][CH1-PC ] 53 20 FA → [P3] POLL
[T+538863355us][CH2-DEVICE] 53 70 FA → [P3] IDLE
[T+538998355us][CH1-PC ] 50 20 FA → [P0] POLL
[T+539004356us][CH2-DEVICE] 50 70 FA → [P0] IDLE
[T+539139355us][CH1-PC ] 51 20 FA → [P1] POLL
[T+539144355us][CH2-DEVICE] 51 70 FA → [P1] IDLE
[T+539280379us][CH1-PC ] 52 20 FA → [P2] POLL
[T+539307355us][CH2-DEVICE] 52 32 02 08 00 00 03 08 00 03 23 40 02 87 03 FA → [P2] SEQ=32 FILL vol=3.08L price=323.40
[T+539360355us][CH1-PC ] 52 C0 FA → [P2] ACK
[T+539498355us][CH1-PC ] 53 20 FA → [P3] POLL
[T+539503355us][CH2-DEVICE] 53 70 FA → [P3] IDLE
[T+539639381us][CH1-PC ] 50 20 FA → [P0] POLL
[T+539644355us][CH2-DEVICE] 50 70 FA → [P0] IDLE
[T+539779355us][CH1-PC ] 51 20 FA → [P1] POLL
[T+539785355us][CH2-DEVICE] 51 70 FA → [P1] IDLE
[T+539921379us][CH1-PC ] 52 20 FA → [P2] POLL
[T+539947355us][CH2-DEVICE] 52 33 02 08 00 00 03 38 00 03 54 90 60 13 03 FA → [P2] SEQ=33 FILL vol=3.38L price=354.90
[T+540000355us][CH1-PC ] 52 C0 FA → [P2] ACK
[T+540139379us][CH1-PC ] 53 20 FA → [P3] POLL
[T+540144355us][CH2-DEVICE] 53 70 FA → [P3] IDLE
[T+540279355us][CH1-PC ] 50 20 FA → [P0] POLL
[T+540562382us][CH1-PC ] 52 20 FA → [P2] POLL
[T+540589355us][CH2-DEVICE] 52 34 02 08 00 00 03 67 00 03 85 35 72 41 03 FA → [P2] SEQ=34 FILL vol=3.67L price=385.35
[T+540641386us][CH1-PC ] 52 C0 FA → [P2] ACK
[T+540779355us][CH1-PC ] 53 20 FA → [P3] POLL
[T+540785355us][CH2-DEVICE] 53 70 FA → [P3] IDLE
[T+540920355us][CH1-PC ] 50 20 FA → [P0] POLL
[T+540925355us][CH2-DEVICE] 50 70 FA → [P0] IDLE
[T+541061380us][CH1-PC ] 51 20 FA → [P1] POLL
[T+541067355us][CH2-DEVICE] 51 70 FA → [P1] IDLE
[T+541202355us][CH1-PC ] 52 20 FA → [P2] POLL
[T+541231355us][CH2-DEVICE] 52 35 02 08 00 00 03 96 00 04 15 80 17 1E 03 FA → [P2] SEQ=35 FILL vol=3.96L price=415.80
[T+541282355us][CH1-PC ] 52 C0 FA → [P2] ACK
[T+541420355us][CH1-PC ] 53 20 FA → [P3] POLL
[T+541425355us][CH2-DEVICE] 53 70 FA → [P3] IDLE
[T+541561380us][CH1-PC ] 50 20 FA → [P0] POLL
[T+541567009us][CH2-DEVICE] 50 70 FA → [P0] IDLE
[T+541701355us][CH1-PC ] 51 20 FA → [P1] POLL
[T+541706355us][CH2-DEVICE] 51 70 FA → [P1] IDLE
[T+541843355us][CH1-PC ] 52 20 FA → [P2] POLL
[T+541872356us][CH2-DEVICE] 52 36 02 08 00 00 04 26 00 04 47 30 64 E3 03 FA → [P2] SEQ=36 FILL vol=4.26L price=447.30
[T+541922355us][CH1-PC ] 52 C0 FA → [P2] ACK
[T+542061355us][CH1-PC ] 53 20 FA → [P3] POLL
[T+542067355us][CH2-DEVICE] 53 70 FA → [P3] IDLE
[T+542201355us][CH1-PC ] 50 20 FA → [P0] POLL
[T+542207009us][CH2-DEVICE] 50 70 FA → [P0] IDLE
[T+542342380us][CH1-PC ] 51 20 FA → [P1] POLL
[T+542347355us][CH2-DEVICE] 51 70 FA → [P1] IDLE
[T+542483381us][CH1-PC ] 52 20 FA → [P2] POLL
[T+542512355us][CH2-DEVICE] 52 37 02 08 00 00 04 60 00 04 83 00 BB 04 03 FA → [P2] SEQ=37 FILL vol=4.60L price=483.00
[T+542563355us][CH1-PC ] 52 C0 FA → [P2] ACK
[T+542701355us][CH1-PC ] 53 20 FA → [P3] POLL
[T+542707355us][CH2-DEVICE] 53 70 FA → [P3] IDLE
[T+542842355us][CH1-PC ] 50 20 FA → [P0] POLL
[T+542847355us][CH2-DEVICE] 50 70 FA → [P0] IDLE
[T+542982355us][CH1-PC ] 51 20 FA → [P1] POLL
[T+542989364us][CH2-DEVICE] 51 70 FA → [P1] IDLE
[T+543124355us][CH1-PC ] 52 20 FA → [P2] POLL
[T+543152380us][CH2-DEVICE] 52 38 02 08 00 00 04 89 00 05 13 45 2A F4 03 FA → [P2] SEQ=38 FILL vol=4.89L price=513.45
[T+543203358us][CH1-PC ] 52 C0 FA → [P2] ACK
[T+543342355us][CH1-PC ] 53 20 FA → [P3] POLL
[T+543347997us][CH2-DEVICE] 53 70 FA → [P3] IDLE
[T+543482355us][CH1-PC ] 50 20 FA → [P0] POLL
[T+543488355us][CH2-DEVICE] 50 70 FA → [P0] IDLE
[T+543623355us][CH1-PC ] 51 20 FA → [P1] POLL
[T+543628355us][CH2-DEVICE] 51 70 FA → [P1] IDLE
[T+543765355us][CH1-PC ] 52 20 FA → [P2] POLL
[T+543792355us][CH2-DEVICE] 52 39 02 08 00 00 05 19 00 05 44 95 D0 68 03 FA → [P2] SEQ=39 FILL vol=5.19L price=544.95
[T+543844493us][CH1-PC ] 52 C0 FA → [P2] ACK
[T+543982355us][CH1-PC ] 53 20 FA → [P3] POLL
[T+543989355us][CH2-DEVICE] 53 70 FA → [P3] IDLE
[T+544123357us][CH1-PC ] 50 20 FA → [P0] POLL
[T+544129004us][CH2-DEVICE] 50 70 FA → [P0] IDLE
[T+544264415us][CH1-PC ] 51 20 FA → [P1] POLL
[T+544269355us][CH2-DEVICE] 51 70 FA → [P1] IDLE
[T+544405379us][CH1-PC ] 52 20 FA → [P2] POLL
[T+544433356us][CH2-DEVICE] 52 3A 02 08 00 00 05 48 00 05 75 40 F6 EF 03 FA → [P2] SEQ=3A FILL vol=5.48L price=575.40
[T+544484355us][CH1-PC ] 52 C0 FA → [P2] ACK
[T+544623355us][CH1-PC ] 53 20 FA → [P3] POLL
[T+544628355us][CH2-DEVICE] 53 70 FA → [P3] IDLE
[T+544764355us][CH1-PC ] 50 20 FA → [P0] POLL
[T+544769355us][CH2-DEVICE] 50 70 FA → [P0] IDLE
[T+544904355us][CH1-PC ] 51 20 FA → [P1] POLL
[T+544909355us][CH2-DEVICE] 51 70 FA → [P1] IDLE
[T+545046356us][CH1-PC ] 52 20 FA → [P2] POLL
[T+545075355us][CH2-DEVICE] 52 3B 02 08 00 00 05 77 00 06 05 85 F3 85 03 FA → [P2] SEQ=3B FILL vol=5.77L price=605.85
[T+545125355us][CH1-PC ] 52 C0 FA → [P2] ACK
[T+545264355us][CH1-PC ] 53 20 FA → [P3] POLL
[T+545271007us][CH2-DEVICE] 53 70 FA → [P3] IDLE
[T+545404355us][CH1-PC ] 50 20 FA → [P0] POLL
[T+545409357us][CH2-DEVICE] 50 70 FA → [P0] IDLE
[T+545545379us][CH1-PC ] 51 20 FA → [P1] POLL
[T+545551355us][CH2-DEVICE] 51 70 FA → [P1] IDLE
[T+545686355us][CH1-PC ] 52 20 FA → [P2] POLL
[T+545713355us][CH2-DEVICE] 52 3C 02 08 00 00 06 12 00 06 42 60 57 B1 03 FA → [P2] SEQ=3C FILL vol=6.12L price=642.60
[T+545766365us][CH1-PC ] 52 C0 FA → [P2] ACK
[T+545904355us][CH1-PC ] 53 20 FA → [P3] POLL
[T+545910364us][CH2-DEVICE] 53 70 FA → [P3] IDLE
[T+546045355us][CH1-PC ] 50 20 FA → [P0] POLL
[T+546049384us][CH2-DEVICE] 50 70 FA → [P0] IDLE
[T+546185379us][CH1-PC ] 51 20 FA → [P1] POLL
[T+546190415us][CH2-DEVICE] 51 70 FA → [P1] IDLE
[T+546327355us][CH1-PC ] 52 20 FA → [P2] POLL
[T+546357355us][CH2-DEVICE] 52 3D 02 08 00 00 06 41 00 06 73 05 02 10 FA 03 FA → [P2] SEQ=3D FILL vol=6.41L price=673.05
[T+546406355us][CH1-PC ] 52 C0 FA → [P2] ACK
[T+546545380us][CH1-PC ] 53 20 FA → [P3] POLL
[T+546551355us][CH2-DEVICE] 53 70 FA → [P3] IDLE
[T+546685357us][CH1-PC ] 50 20 FA → [P0] POLL
[T+546690355us][CH2-DEVICE] 50 70 FA → [P0] IDLE
[T+546826380us][CH1-PC ] 51 20 FA → [P1] POLL
[T+546831355us][CH2-DEVICE] 51 70 FA → [P1] IDLE
[T+546967380us][CH1-PC ] 52 20 FA → [P2] POLL
[T+546995383us][CH2-DEVICE] 52 3E 02 08 00 00 06 70 00 07 03 50 C4 45 03 FA → [P2] SEQ=3E FILL vol=6.70L price=703.50
[T+547047379us][CH1-PC ] 52 C0 FA → [P2] ACK
[T+547185355us][CH1-PC ] 53 20 FA → [P3] POLL
[T+547192355us][CH2-DEVICE] 53 70 FA → [P3] IDLE
[T+547326357us][CH1-PC ] 50 20 FA → [P0] POLL
[T+547331355us][CH2-DEVICE] 50 70 FA → [P0] IDLE
[T+547467355us][CH1-PC ] 51 20 FA → [P1] POLL
[T+547471384us][CH2-DEVICE] 51 70 FA → [P1] IDLE
[T+547608356us][CH1-PC ] 52 20 FA → [P2] POLL
[T+547635355us][CH2-DEVICE] 52 3F 02 08 00 00 06 99 00 07 33 95 49 3D 03 FA → [P2] SEQ=3F FILL vol=6.99L price=733.95
[T+547687379us][CH1-PC ] 52 C0 FA → [P2] ACK
[T+547826355us][CH1-PC ] 53 20 FA → [P3] POLL
[T+547833007us][CH2-DEVICE] 53 70 FA → [P3] IDLE
[T+547967355us][CH1-PC ] 50 20 FA → [P0] POLL
[T+547972355us][CH2-DEVICE] 50 70 FA → [P0] IDLE
[T+548107355us][CH1-PC ] 51 20 FA → [P1] POLL
[T+548113355us][CH2-DEVICE] 51 70 FA → [P1] IDLE
[T+548249379us][CH1-PC ] 52 20 FA → [P2] POLL
[T+548275355us][CH2-DEVICE] 52 31 02 08 00 00 07 28 00 07 64 40 FF B1 03 FA → [P2] SEQ=31 FILL vol=7.28L price=764.40
[T+548328355us][CH1-PC ] 52 C0 FA → [P2] ACK
[T+548466355us][CH1-PC ] 53 20 FA → [P3] POLL
[T+548472364us][CH2-DEVICE] 53 70 FA → [P3] IDLE
[T+548607355us][CH1-PC ] 50 20 FA → [P0] POLL
[T+548612355us][CH2-DEVICE] 50 70 FA → [P0] IDLE
[T+548748382us][CH1-PC ] 51 20 FA → [P1] POLL
[T+548754355us][CH2-DEVICE] 51 70 FA → [P1] IDLE
[T+548889355us][CH1-PC ] 52 20 FA → [P2] POLL
[T+548918355us][CH2-DEVICE] 52 32 02 08 00 00 07 63 00 08 01 15 8F 97 03 FA → [P2] SEQ=32 FILL vol=7.63L price=801.15
[T+548968355us][CH1-PC ] 52 C0 FA → [P2] ACK
[T+549107355us][CH1-PC ] 53 20 FA → [P3] POLL
[T+549112355us][CH2-DEVICE] 53 70 FA → [P3] IDLE
[T+549248379us][CH1-PC ] 50 20 FA → [P0] POLL
[T+549253355us][CH2-DEVICE] 50 70 FA → [P0] IDLE
[T+549388355us][CH1-PC ] 51 20 FA → [P1] POLL
[T+549393355us][CH2-DEVICE] 51 70 FA → [P1] IDLE
[T+549530355us][CH1-PC ] 52 20 FA → [P2] POLL
[T+549557355us][CH2-DEVICE] 52 33 02 08 00 00 07 92 00 08 31 60 23 59 03 FA → [P2] SEQ=33 FILL vol=7.92L price=831.60
[T+549609379us][CH1-PC ] 52 C0 FA → [P2] ACK
[T+549748355us][CH1-PC ] 53 20 FA → [P3] POLL
[T+549753355us][CH2-DEVICE] 53 70 FA → [P3] IDLE
[T+549888355us][CH1-PC ] 50 20 FA → [P0] POLL
[T+549894355us][CH2-DEVICE] 50 70 FA → [P0] IDLE
[T+550029355us][CH1-PC ] 51 20 FA → [P1] POLL
[T+550035002us][CH2-DEVICE] 51 70 FA → [P1] IDLE
[T+550170380us][CH1-PC ] 52 20 FA → [P2] POLL
[T+550197355us][CH2-DEVICE] 52 34 02 08 00 00 08 21 00 08 62 05 C0 D3 03 FA → [P2] SEQ=34 FILL vol=8.21L price=862.05
[T+550250355us][CH1-PC ] 52 C0 FA → [P2] ACK
[T+550388355us][CH1-PC ] 53 20 FA → [P3] POLL
[T+550395364us][CH2-DEVICE] 53 70 FA → [P3] IDLE
[T+550529355us][CH1-PC ] 50 20 FA → [P0] POLL
[T+550534355us][CH2-DEVICE] 50 70 FA → [P0] IDLE
[T+550669355us][CH1-PC ] 51 20 FA → [P1] POLL
[T+550674355us][CH2-DEVICE] 51 70 FA → [P1] IDLE
[T+550811355us][CH1-PC ] 52 20 FA → [P2] POLL
[T+550839379us][CH2-DEVICE] 52 35 02 08 00 00 08 50 00 08 92 50 3C 1B 03 FA → [P2] SEQ=35 FILL vol=8.50L price=892.50
[T+550890355us][CH1-PC ] 52 C0 FA → [P2] ACK
[T+551029355us][CH1-PC ] 53 20 FA → [P3] POLL
[T+551035355us][CH2-DEVICE] 53 70 FA → [P3] IDLE
[T+551169355us][CH1-PC ] 50 20 FA → [P0] POLL
[T+551176008us][CH2-DEVICE] 50 70 FA → [P0] IDLE
[T+551310355us][CH1-PC ] 51 20 FA → [P1] POLL
[T+551316355us][CH2-DEVICE] 51 70 FA → [P1] IDLE
[T+551451355us][CH1-PC ] 52 20 FA → [P2] POLL
[T+551480355us][CH2-DEVICE] 52 36 02 08 00 00 08 80 00 09 24 00 D5 11 03 FA → [P2] SEQ=36 FILL vol=8.80L price=924.00
[T+551531355us][CH1-PC ] 52 C0 FA → [P2] ACK
[T+551669355us][CH1-PC ] 53 20 FA → [P3] POLL
[T+551675355us][CH2-DEVICE] 53 70 FA → [P3] IDLE
[T+551810355us][CH1-PC ] 50 20 FA → [P0] POLL
[T+551815355us][CH2-DEVICE] 50 70 FA → [P0] IDLE
[T+551951379us][CH1-PC ] 51 20 FA → [P1] POLL
[T+551956997us][CH2-DEVICE] 51 70 FA → [P1] IDLE
[T+552092380us][CH1-PC ] 52 20 FA → [P2] POLL
[T+552122355us][CH2-DEVICE] 52 37 02 08 00 00 09 14 00 09 59 70 C1 55 03 FA → [P2] SEQ=37 FILL vol=9.14L price=959.70
[T+552171355us][CH1-PC ] 52 C0 FA → [P2] ACK
[T+552310383us][CH1-PC ] 53 20 FA → [P3] POLL
[T+552315359us][CH2-DEVICE] 53 70 FA → [P3] IDLE
[T+552451380us][CH1-PC ] 50 20 FA → [P0] POLL
[T+552456355us][CH2-DEVICE] 50 70 FA → [P0] IDLE
[T+552591355us][CH1-PC ] 51 20 FA → [P1] POLL
[T+552596355us][CH2-DEVICE] 51 70 FA → [P1] IDLE
[T+552733355us][CH1-PC ] 52 20 FA → [P2] POLL
[T+552760355us][CH2-DEVICE] 52 38 02 08 00 00 09 43 00 09 90 15 12 F6 03 FA → [P2] SEQ=38 FILL vol=9.43L price=990.15
[T+552812380us][CH1-PC ] 52 C0 FA → [P2] ACK
[T+552951355us][CH1-PC ] 53 20 FA → [P3] POLL
[T+552957355us][CH2-DEVICE] 53 70 FA → [P3] IDLE
[T+553091355us][CH1-PC ] 50 20 FA → [P0] POLL
[T+553096355us][CH2-DEVICE] 50 70 FA → [P0] IDLE
[T+553232379us][CH1-PC ] 51 20 FA → [P1] POLL
[T+553238355us][CH2-DEVICE] 51 70 FA → [P1] IDLE
[T+553373355us][CH1-PC ] 52 20 FA → [P2] POLL
[T+553400355us][CH2-DEVICE] 52 39 02 08 00 00 09 72 00 10 20 60 0E 2E 03 FA → [P2] SEQ=39 FILL vol=9.72L price=1020.60
[T+553453355us][CH1-PC ] 52 C0 FA → [P2] ACK
[T+553591355us][CH1-PC ] 53 20 FA → [P3] POLL
[T+553596355us][CH2-DEVICE] 53 70 FA → [P3] IDLE
[T+553732382us][CH1-PC ] 50 20 FA → [P0] POLL
[T+553737355us][CH2-DEVICE] 50 70 FA → [P0] IDLE
[T+553872355us][CH1-PC ] 51 20 FA → [P1] POLL
[T+553877355us][CH2-DEVICE] 51 70 FA → [P1] IDLE
[T+554014355us][CH1-PC ] 52 20 FA → [P2] POLL
[T+554040355us][CH2-DEVICE] 52 3A 02 08 00 00 10 01 00 10 51 05 E2 D3 03 FA → [P2] SEQ=3A FILL vol=10.01L price=1051.05
[T+554094362us][CH1-PC ] 52 C0 FA → [P2] ACK
[T+554232382us][CH1-PC ] 53 20 FA → [P3] POLL
[T+554236383us][CH2-DEVICE] 53 70 FA → [P3] IDLE
[T+554372379us][CH1-PC ] 50 20 FA → [P0] POLL
[T+554378364us][CH2-DEVICE] 50 70 FA → [P0] IDLE
[T+554513355us][CH1-PC ] 51 20 FA → [P1] POLL
[T+554518355us][CH2-DEVICE] 51 70 FA → [P1] IDLE
[T+554655355us][CH1-PC ] 52 20 FA → [P2] POLL
[T+554682355us][CH2-DEVICE] 52 3B 02 08 00 00 10 35 00 10 86 75 09 FF 03 FA → [P2] SEQ=3B FILL vol=10.35L price=1086.75
[T+554734379us][CH1-PC ] 52 C0 FA → [P2] ACK
[T+554872355us][CH1-PC ] 53 20 FA → [P3] POLL
[T+554877355us][CH2-DEVICE] 53 70 FA → [P3] IDLE
[T+555013381us][CH1-PC ] 50 20 FA → [P0] POLL
[T+555018355us][CH2-DEVICE] 50 70 FA → [P0] IDLE
[T+555154380us][CH1-PC ] 51 20 FA → [P1] POLL
[T+555159355us][CH2-DEVICE] 51 70 FA → [P1] IDLE
[T+555295379us][CH1-PC ] 52 20 FA → [P2] POLL
[T+555324355us][CH2-DEVICE] 52 3C 02 08 00 00 10 64 00 11 17 20 12 28 03 FA → [P2] SEQ=3C FILL vol=10.64L price=1117.20
[T+555374371us][CH1-PC ] 52 C0 FA → [P2] ACK
[T+555513355us][CH1-PC ] 53 20 FA → [P3] POLL
[T+555520364us][CH2-DEVICE] 53 70 FA → [P3] IDLE
[T+555654355us][CH1-PC ] 50 20 FA → [P0] POLL
[T+555659355us][CH2-DEVICE] 50 70 FA → [P0] IDLE
[T+555794355us][CH1-PC ] 51 20 FA → [P1] POLL
[T+555800355us][CH2-DEVICE] 51 70 FA → [P1] IDLE
[T+555936379us][CH1-PC ] 52 20 FA → [P2] POLL
[T+555962355us][CH2-DEVICE] 52 3D 02 08 00 00 10 93 00 11 47 65 1E F2 03 FA → [P2] SEQ=3D FILL vol=10.93L price=1147.65
[T+556015355us][CH1-PC ] 52 C0 FA → [P2] ACK
[T+556154380us][CH1-PC ] 53 20 FA → [P3] POLL
[T+556164355us][CH2-DEVICE] 53 70 FA → [P3] IDLE
[T+556294355us][CH1-PC ] 50 20 FA → [P0] POLL
[T+556300364us][CH2-DEVICE] 50 70 FA → [P0] IDLE
[T+556435355us][CH1-PC ] 51 20 FA → [P1] POLL
[T+556441993us][CH2-DEVICE] 51 70 FA → [P1] IDLE
[T+556576355us][CH1-PC ] 52 20 FA → [P2] POLL
[T+556603355us][CH2-DEVICE] 52 3E 02 08 00 00 11 22 00 11 78 10 BC 6A 03 FA → [P2] SEQ=3E FILL vol=11.22L price=1178.10
[T+556656357us][CH1-PC ] 52 C0 FA → [P2] ACK
[T+556794355us][CH1-PC ] 53 20 FA → [P3] POLL
[T+556801989us][CH2-DEVICE] 53 70 FA → [P3] IDLE
[T+556935355us][CH1-PC ] 50 20 FA → [P0] POLL
[T+556940355us][CH2-DEVICE] 50 70 FA → [P0] IDLE
[T+557076355us][CH1-PC ] 51 20 FA → [P1] POLL
[T+557081355us][CH2-DEVICE] 51 70 FA → [P1] IDLE
[T+557217380us][CH1-PC ] 52 20 FA → [P2] POLL
[T+557246355us][CH2-DEVICE] 52 3F 02 08 00 00 11 51 00 12 08 55 A9 6E 03 FA → [P2] SEQ=3F FILL vol=11.51L price=1208.55
[T+557296355us][CH1-PC ] 52 C0 FA → [P2] ACK
[T+557435357us][CH1-PC ] 53 20 FA → [P3] POLL
[T+557442010us][CH2-DEVICE] 53 70 FA → [P3] IDLE
[T+557576355us][CH1-PC ] 50 20 FA → [P0] POLL
[T+557581355us][CH2-DEVICE] 50 70 FA → [P0] IDLE
[T+557716355us][CH1-PC ] 51 20 FA → [P1] POLL
[T+557722355us][CH2-DEVICE] 51 70 FA → [P1] IDLE
[T+557857360us][CH1-PC ] 52 20 FA → [P2] POLL
[T+557886355us][CH2-DEVICE] 52 31 02 08 00 00 11 85 00 12 44 25 98 B0 03 FA → [P2] SEQ=31 FILL vol=11.85L price=1244.25
[T+557937355us][CH1-PC ] 52 C0 FA → [P2] ACK
[T+558075355us][CH1-PC ] 53 20 FA → [P3] POLL
[T+558081364us][CH2-DEVICE] 53 70 FA → [P3] IDLE
[T+558216355us][CH1-PC ] 50 20 FA → [P0] POLL
[T+558221355us][CH2-DEVICE] 50 70 FA → [P0] IDLE
[T+558357388us][CH1-PC ] 51 20 FA → [P1] POLL
[T+558361362us][CH2-DEVICE] 51 70 FA → [P1] IDLE
[T+558498355us][CH1-PC ] 52 20 FA → [P2] POLL
[T+558525355us][CH2-DEVICE] 52 32 02 08 00 00 12 14 00 12 74 70 BE 25 03 FA → [P2] SEQ=32 FILL vol=12.14L price=1274.70
[T+558578357us][CH1-PC ] 52 C0 FA → [P2] ACK
[T+558716355us][CH1-PC ] 53 20 FA → [P3] POLL
[T+558721355us][CH2-DEVICE] 53 70 FA → [P3] IDLE
[T+558857380us][CH1-PC ] 50 20 FA → [P0] POLL
[T+558861384us][CH2-DEVICE] 50 70 FA → [P0] IDLE
[T+558997379us][CH1-PC ] 51 20 FA → [P1] POLL
[T+559002355us][CH2-DEVICE] 51 70 FA → [P1] IDLE
[T+559139355us][CH1-PC ] 52 20 FA → [P2] POLL
[T+559164355us][CH2-DEVICE] 52 33 02 08 00 00 12 18 00 12 78 90 AE 50 03 FA → [P2] SEQ=33 FILL vol=12.18L price=1278.90
[T+559218355us][CH1-PC ] 52 C0 FA → [P2] ACK
[T+559357355us][CH1-PC ] 53 20 FA → [P3] POLL
[T+559362355us][CH2-DEVICE] 53 70 FA → [P3] IDLE
[T+559497361us][CH1-PC ] 50 20 FA → [P0] POLL
[T+559502355us][CH2-DEVICE] 50 70 FA → [P0] IDLE
[T+559638380us][CH1-PC ] 51 20 FA → [P1] POLL
[T+559643355us][CH2-DEVICE] 51 70 FA → [P1] IDLE
[T+559779381us][CH1-PC ] 52 20 FA → [P2] POLL
[T+559784355us][CH2-DEVICE] 52 70 FA → [P2] IDLE
[T+559864380us][CH1-PC ] 52 30 01 01 04 E7 5F 03 FA → [P2] DISP st=04(BUSY) [01 01 04]
[T+559869355us][CH2-DEVICE] 52 C0 FA → [P2] ACK
[T+560075355us][CH1-PC ] 53 20 FA → [P3] POLL
[T+560081005us][CH2-DEVICE] 53 70 FA → [P3] IDLE
[T+560216380us][CH1-PC ] 50 20 FA → [P0] POLL
[T+560221355us][CH2-DEVICE] 50 70 FA → [P0] IDLE
[T+560357379us][CH1-PC ] 51 20 FA → [P1] POLL
[T+560361383us][CH2-DEVICE] 51 70 FA → [P1] IDLE
[T+560498355us][CH1-PC ] 52 20 FA → [P2] POLL
[T+560535355us][CH2-DEVICE] 52 34 02 08 00 00 12 18 00 12 78 90 03 04 01 05 00 12 0B B0 03 FA → [P2] SEQ=34 FILL vol=12.18L price=1278.90
[T+560578355us][CH1-PC ] 52 C0 FA → [P2] ACK
[T+560716355us][CH1-PC ] 53 20 FA → [P3] POLL
[T+560721355us][CH2-DEVICE] 53 70 FA → [P3] IDLE
[T+560856355us][CH1-PC ] 50 20 FA → [P0] POLL
[T+560862365us][CH2-DEVICE] 50 70 FA → [P0] IDLE
[T+560997355us][CH1-PC ] 51 20 FA → [P1] POLL
[T+561002355us][CH2-DEVICE] 51 70 FA → [P1] IDLE
[T+561138380us][CH1-PC ] 52 20 FA → [P2] POLL
[T+561144355us][CH2-DEVICE] 52 70 FA → [P2] IDLE
[T+561223519us][CH1-PC ] 52 30 01 01 04 E7 5F 03 FA → [P2] DISP st=04(BUSY) [01 01 04]
[T+561229365us][CH2-DEVICE] 52 C0 FA → [P2] ACK
[T+561435355us][CH1-PC ] 53 20 FA → [P3] POLL
[T+561441004us][CH2-DEVICE] 53 70 FA → [P3] IDLE
[T+561575355us][CH1-PC ] 50 20 FA → [P0] POLL
[T+561581355us][CH2-DEVICE] 50 70 FA → [P0] IDLE
[T+561716355us][CH1-PC ] 51 20 FA → [P1] POLL
[T+561721355us][CH2-DEVICE] 51 70 FA → [P1] IDLE
[T+561857379us][CH1-PC ] 52 20 FA → [P2] POLL
[T+561895355us][CH2-DEVICE] 52 35 02 08 00 00 12 20 00 12 81 00 03 04 01 05 00 12 D0 67 03 FA → [P2] SEQ=35 FILL vol=12.20L price=1281.00
[T+561937355us][CH1-PC ] 52 C0 FA → [P2] ACK
[T+562075379us][CH1-PC ] 53 20 FA → [P3] POLL
[T+562080355us][CH2-DEVICE] 53 70 FA → [P3] IDLE
[T+562216379us][CH1-PC ] 50 20 FA → [P0] POLL
[T+562222000us][CH2-DEVICE] 50 70 FA → [P0] IDLE
[T+562356355us][CH1-PC ] 51 20 FA → [P1] POLL
[T+562361355us][CH2-DEVICE] 51 70 FA → [P1] IDLE
[T+562498355us][CH1-PC ] 52 20 FA → [P2] POLL
[T+562524355us][CH2-DEVICE] 52 36 02 08 00 00 12 29 00 12 90 45 4D C7 03 FA → [P2] SEQ=36 FILL vol=12.29L price=1290.45
[T+562577355us][CH1-PC ] 52 C0 FA → [P2] ACK
[T+562716379us][CH1-PC ] 53 20 FA → [P3] POLL
[T+562721355us][CH2-DEVICE] 53 70 FA → [P3] IDLE
[T+562856355us][CH1-PC ] 50 20 FA → [P0] POLL
[T+562862359us][CH2-DEVICE] 50 70 FA → [P0] IDLE
[T+562997355us][CH1-PC ] 51 20 FA → [P1] POLL
[T+563003006us][CH2-DEVICE] 51 70 FA → [P1] IDLE
[T+563138383us][CH1-PC ] 52 20 FA → [P2] POLL
[T+563165355us][CH2-DEVICE] 52 37 02 08 00 00 12 38 00 12 99 90 72 F7 03 FA → [P2] SEQ=37 FILL vol=12.38L price=1299.90
[T+563218355us][CH1-PC ] 52 C0 FA → [P2] ACK
[T+563356355us][CH1-PC ] 53 20 FA → [P3] POLL
[T+563364009us][CH2-DEVICE] 53 70 FA → [P3] IDLE
[T+563497355us][CH1-PC ] 50 20 FA → [P0] POLL
[T+563504355us][CH2-DEVICE] 50 70 FA → [P0] IDLE
[T+563638355us][CH1-PC ] 51 20 FA → [P1] POLL
[T+563643355us][CH2-DEVICE] 51 70 FA → [P1] IDLE
[T+563779379us][CH1-PC ] 52 20 FA → [P2] POLL
[T+563805355us][CH2-DEVICE] 52 38 02 08 00 00 12 49 00 13 11 45 C8 B7 03 FA → [P2] SEQ=38 FILL vol=12.49L price=1311.45
[T+563858355us][CH1-PC ] 52 C0 FA → [P2] ACK
[T+563997380us][CH1-PC ] 53 20 FA → [P3] POLL
[T+564003010us][CH2-DEVICE] 53 70 FA → [P3] IDLE
[T+564138380us][CH1-PC ] 50 20 FA → [P0] POLL
[T+564143355us][CH2-DEVICE] 50 70 FA → [P0] IDLE
[T+564278355us][CH1-PC ] 51 20 FA → [P1] POLL
[T+564283355us][CH2-DEVICE] 51 70 FA → [P1] IDLE
[T+564420355us][CH1-PC ] 52 20 FA → [P2] POLL
[T+564447355us][CH2-DEVICE] 52 39 02 08 00 00 12 68 00 13 31 40 A9 8F 03 FA → [P2] SEQ=39 FILL vol=12.68L price=1331.40
[T+564499380us][CH1-PC ] 52 C0 FA → [P2] ACK
[T+564638355us][CH1-PC ] 53 20 FA → [P3] POLL
[T+564643355us][CH2-DEVICE] 53 70 FA → [P3] IDLE
[T+564778355us][CH1-PC ] 50 20 FA → [P0] POLL
[T+564784364us][CH2-DEVICE] 50 70 FA → [P0] IDLE
[T+564919355us][CH1-PC ] 51 20 FA → [P1] POLL
[T+564924355us][CH2-DEVICE] 51 70 FA → [P1] IDLE
[T+565060379us][CH1-PC ] 52 20 FA → [P2] POLL
[T+565088379us][CH2-DEVICE] 52 3A 02 08 00 00 12 86 00 13 50 30 66 A8 03 FA → [P2] SEQ=3A FILL vol=12.86L price=1350.30
[T+565140380us][CH1-PC ] 52 C0 FA → [P2] ACK
[T+565278355us][CH1-PC ] 53 20 FA → [P3] POLL
[T+565283355us][CH2-DEVICE] 53 70 FA → [P3] IDLE
[T+565419380us][CH1-PC ] 50 20 FA → [P0] POLL
[T+565424355us][CH2-DEVICE] 50 70 FA → [P0] IDLE
[T+565559355us][CH1-PC ] 51 20 FA → [P1] POLL
[T+565565365us][CH2-DEVICE] 51 70 FA → [P1] IDLE
[T+565701380us][CH1-PC ] 52 20 FA → [P2] POLL
[T+565731356us][CH2-DEVICE] 52 3B 02 08 00 00 13 06 00 13 71 30 7A 0B 03 FA → [P2] SEQ=3B FILL vol=13.06L price=1371.30
[T+565780355us][CH1-PC ] 52 C0 FA → [P2] ACK
[T+565919380us][CH1-PC ] 53 20 FA → [P3] POLL
[T+565926364us][CH2-DEVICE] 53 70 FA → [P3] IDLE
[T+566059355us][CH1-PC ] 50 20 FA → [P0] POLL
[T+566066997us][CH2-DEVICE] 50 70 FA → [P0] IDLE
[T+566200355us][CH1-PC ] 51 20 FA → [P1] POLL
[T+566205355us][CH2-DEVICE] 51 70 FA → [P1] IDLE
[T+566341379us][CH1-PC ] 52 20 FA → [P2] POLL
[T+566368355us][CH2-DEVICE] 52 3C 02 08 00 00 13 27 00 13 93 35 54 DB 03 FA → [P2] SEQ=3C FILL vol=13.27L price=1393.35
[T+566421355us][CH1-PC ] 52 C0 FA → [P2] ACK
[T+566559355us][CH1-PC ] 53 20 FA → [P3] POLL
[T+566565364us][CH2-DEVICE] 53 70 FA → [P3] IDLE
[T+566700361us][CH1-PC ] 50 20 FA → [P0] POLL
[T+566705355us][CH2-DEVICE] 50 70 FA → [P0] IDLE
[T+566841379us][CH1-PC ] 51 20 FA → [P1] POLL
[T+566845385us][CH2-DEVICE] 51 70 FA → [P1] IDLE
[T+566982355us][CH1-PC ] 52 20 FA → [P2] POLL
[T+567009355us][CH2-DEVICE] 52 3D 02 08 00 00 13 47 00 14 14 35 02 1E 03 FA → [P2] SEQ=3D FILL vol=13.47L price=1414.35
[T+567062355us][CH1-PC ] 52 C0 FA → [P2] ACK
[T+567200355us][CH1-PC ] 53 20 FA → [P3] POLL
[T+567207355us][CH2-DEVICE] 53 70 FA → [P3] IDLE
[T+567341355us][CH1-PC ] 50 20 FA → [P0] POLL
[T+567345383us][CH2-DEVICE] 50 70 FA → [P0] IDLE
[T+567481379us][CH1-PC ] 51 20 FA → [P1] POLL
[T+567486355us][CH2-DEVICE] 51 70 FA → [P1] IDLE
[T+567622355us][CH1-PC ] 52 20 FA → [P2] POLL
[T+567649355us][CH2-DEVICE] 52 3E 02 08 00 00 13 66 00 14 34 30 68 9E 03 FA → [P2] SEQ=3E FILL vol=13.66L price=1434.30
[T+567702355us][CH1-PC ] 52 C0 FA → [P2] ACK
[T+567841380us][CH1-PC ] 53 20 FA → [P3] POLL
[T+567847355us][CH2-DEVICE] 53 70 FA → [P3] IDLE
[T+567981355us][CH1-PC ] 50 20 FA → [P0] POLL
[T+567987010us][CH2-DEVICE] 50 70 FA → [P0] IDLE
[T+568122380us][CH1-PC ] 51 20 FA → [P1] POLL
[T+568127355us][CH2-DEVICE] 51 70 FA → [P1] IDLE
[T+568263379us][CH1-PC ] 52 20 FA → [P2] POLL
[T+568289357us][CH2-DEVICE] 52 3F 02 08 00 00 13 86 00 14 55 30 C4 24 03 FA → [P2] SEQ=3F FILL vol=13.86L price=1455.30
[T+568342355us][CH1-PC ] 52 C0 FA → [P2] ACK
[T+568481379us][CH1-PC ] 53 20 FA → [P3] POLL
[T+568486355us][CH2-DEVICE] 53 70 FA → [P3] IDLE
[T+568622379us][CH1-PC ] 50 20 FA → [P0] POLL
[T+568629355us][CH2-DEVICE] 50 70 FA → [P0] IDLE
[T+568762355us][CH1-PC ] 51 20 FA → [P1] POLL
[T+568768364us][CH2-DEVICE] 51 70 FA → [P1] IDLE
[T+568904379us][CH1-PC ] 52 20 FA → [P2] POLL
[T+568931355us][CH2-DEVICE] 52 31 02 08 00 00 14 05 00 14 75 25 6C AA 03 FA → [P2] SEQ=31 FILL vol=14.05L price=1475.25
[T+568983382us][CH1-PC ] 52 C0 FA → [P2] ACK
[T+569122355us][CH1-PC ] 53 20 FA → [P3] POLL
[T+569126384us][CH2-DEVICE] 53 70 FA → [P3] IDLE
[T+569262379us][CH1-PC ] 50 20 FA → [P0] POLL
[T+569268355us][CH2-DEVICE] 50 70 FA → [P0] IDLE
[T+569403355us][CH1-PC ] 51 20 FA → [P1] POLL
[T+569408355us][CH2-DEVICE] 51 70 FA → [P1] IDLE
[T+569545355us][CH1-PC ] 52 20 FA → [P2] POLL
[T+569572355us][CH2-DEVICE] 52 32 02 08 00 00 14 27 00 14 98 35 D7 75 03 FA → [P2] SEQ=32 FILL vol=14.27L price=1498.35
[T+569624383us][CH1-PC ] 52 C0 FA → [P2] ACK
[T+569762355us][CH1-PC ] 53 20 FA → [P3] POLL
[T+569768355us][CH2-DEVICE] 53 70 FA → [P3] IDLE
[T+569903355us][CH1-PC ] 50 20 FA → [P0] POLL
[T+569907385us][CH2-DEVICE] 50 70 FA → [P0] IDLE
[T+570044355us][CH1-PC ] 51 20 FA → [P1] POLL
[T+570049355us][CH2-DEVICE] 51 70 FA → [P1] IDLE
[T+570185379us][CH1-PC ] 52 20 FA → [P2] POLL
[T+570211355us][CH2-DEVICE] 52 33 02 08 00 00 14 48 00 15 20 40 E5 A7 03 FA → [P2] SEQ=33 FILL vol=14.48L price=1520.40
[T+570265355us][CH1-PC ] 52 C0 FA → [P2] ACK
[T+570403380us][CH1-PC ] 53 20 FA → [P3] POLL
[T+570408355us][CH2-DEVICE] 53 70 FA → [P3] IDLE
[T+570544389us][CH1-PC ] 50 20 FA → [P0] POLL
[T+570548385us][CH2-DEVICE] 50 70 FA → [P0] IDLE
[T+570684381us][CH1-PC ] 51 20 FA → [P1] POLL
[T+570689355us][CH2-DEVICE] 51 70 FA → [P1] IDLE
[T+570825381us][CH1-PC ] 52 20 FA → [P2] POLL
[T+570852360us][CH2-DEVICE] 52 34 02 08 00 00 14 69 00 15 42 45 AA B7 03 FA → [P2] SEQ=34 FILL vol=14.69L price=1542.45
[T+570905355us][CH1-PC ] 52 C0 FA → [P2] ACK
[T+571044379us][CH1-PC ] 53 20 FA → [P3] POLL
[T+571049355us][CH2-DEVICE] 53 70 FA → [P3] IDLE
[T+571184355us][CH1-PC ] 50 20 FA → [P0] POLL
[T+571189355us][CH2-DEVICE] 50 70 FA → [P0] IDLE
[T+571325380us][CH1-PC ] 51 20 FA → [P1] POLL
[T+571330355us][CH2-DEVICE] 51 70 FA → [P1] IDLE
[T+571466384us][CH1-PC ] 52 20 FA → [P2] POLL
[T+571492355us][CH2-DEVICE] 52 35 02 08 00 00 14 89 00 15 63 45 37 CD 03 FA → [P2] SEQ=35 FILL vol=14.89L price=1563.45
[T+571546355us][CH1-PC ] 52 C0 FA → [P2] ACK
[T+571684379us][CH1-PC ] 53 20 FA → [P3] POLL
[T+571690355us][CH2-DEVICE] 53 70 FA → [P3] IDLE
[T+571825355us][CH1-PC ] 50 20 FA → [P0] POLL
[T+571830355us][CH2-DEVICE] 50 70 FA → [P0] IDLE
[T+571965355us][CH1-PC ] 51 20 FA → [P1] POLL
[T+571970359us][CH2-DEVICE] 51 70 FA → [P1] IDLE
[T+572107355us][CH1-PC ] 52 20 FA → [P2] POLL
[T+572133355us][CH2-DEVICE] 52 36 02 08 00 00 15 09 00 15 84 45 73 76 03 FA → [P2] SEQ=36 FILL vol=15.09L price=1584.45
[T+572186355us][CH1-PC ] 52 C0 FA → [P2] ACK
[T+572325380us][CH1-PC ] 53 20 FA → [P3] POLL
[T+572331356us][CH2-DEVICE] 53 70 FA → [P3] IDLE
[T+572465355us][CH1-PC ] 50 20 FA → [P0] POLL
[T+572471355us][CH2-DEVICE] 50 70 FA → [P0] IDLE
[T+572606355us][CH1-PC ] 51 20 FA → [P1] POLL
[T+572611355us][CH2-DEVICE] 51 70 FA → [P1] IDLE
[T+572748355us][CH1-PC ] 52 20 FA → [P2] POLL
[T+572775355us][CH2-DEVICE] 52 37 02 08 00 00 15 30 00 16 06 50 BA E0 03 FA → [P2] SEQ=37 FILL vol=15.30L price=1606.50
[T+572827380us][CH1-PC ] 52 C0 FA → [P2] ACK
[T+572965355us][CH1-PC ] 53 20 FA → [P3] POLL
[T+572970360us][CH2-DEVICE] 53 70 FA → [P3] IDLE
[T+573106381us][CH1-PC ] 50 20 FA → [P0] POLL
[T+573111355us][CH2-DEVICE] 50 70 FA → [P0] IDLE
[T+573247379us][CH1-PC ] 51 20 FA → [P1] POLL
[T+573252355us][CH2-DEVICE] 51 70 FA → [P1] IDLE
[T+573388379us][CH1-PC ] 52 20 FA → [P2] POLL
[T+573414355us][CH2-DEVICE] 52 38 02 08 00 00 15 54 00 16 31 70 EC D4 03 FA → [P2] SEQ=38 FILL vol=15.54L price=1631.70
[T+573467355us][CH1-PC ] 52 C0 FA → [P2] ACK
[T+573606381us][CH1-PC ] 53 20 FA → [P3] POLL
[T+573611358us][CH2-DEVICE] 53 70 FA → [P3] IDLE
[T+573747379us][CH1-PC ] 50 20 FA → [P0] POLL
[T+573752355us][CH2-DEVICE] 50 70 FA → [P0] IDLE
[T+573887355us][CH1-PC ] 51 20 FA → [P1] POLL
[T+573893355us][CH2-DEVICE] 51 70 FA → [P1] IDLE
[T+574028355us][CH1-PC ] 52 20 FA → [P2] POLL
[T+574055355us][CH2-DEVICE] 52 39 02 08 00 00 15 75 00 16 53 75 BD 4C 03 FA → [P2] SEQ=39 FILL vol=15.75L price=1653.75
[T+574108355us][CH1-PC ] 52 C0 FA → [P2] ACK
[T+574247355us][CH1-PC ] 53 20 FA → [P3] POLL
[T+574251383us][CH2-DEVICE] 53 70 FA → [P3] IDLE
[T+574387379us][CH1-PC ] 50 20 FA → [P0] POLL
[T+574392359us][CH2-DEVICE] 50 70 FA → [P0] IDLE
[T+574528380us][CH1-PC ] 51 20 FA → [P1] POLL
[T+574532387us][CH2-DEVICE] 51 70 FA → [P1] IDLE
[T+574669356us][CH1-PC ] 52 20 FA → [P2] POLL
[T+574696355us][CH2-DEVICE] 52 3A 02 08 00 00 15 94 00 16 73 70 D7 DD 03 FA → [P2] SEQ=3A FILL vol=15.94L price=1673.70
[T+574749355us][CH1-PC ] 52 C0 FA → [P2] ACK
[T+574887355us][CH1-PC ] 53 20 FA → [P3] POLL
[T+574893364us][CH2-DEVICE] 53 70 FA → [P3] IDLE
[T+575028355us][CH1-PC ] 50 20 FA → [P0] POLL
[T+575033355us][CH2-DEVICE] 50 70 FA → [P0] IDLE
[T+575168355us][CH1-PC ] 51 20 FA → [P1] POLL
[T+575173355us][CH2-DEVICE] 51 70 FA → [P1] IDLE
[T+575310355us][CH1-PC ] 52 20 FA → [P2] POLL
[T+575337355us][CH2-DEVICE] 52 3B 02 08 00 00 16 13 00 16 93 65 EF 03 03 FA → [P2] SEQ=3B FILL vol=16.13L price=1693.65
[T+575389380us][CH1-PC ] 52 C0 FA → [P2] ACK
[T+575528355us][CH1-PC ] 53 20 FA → [P3] POLL
[T+575534355us][CH2-DEVICE] 53 70 FA → [P3] IDLE
[T+575668355us][CH1-PC ] 50 20 FA → [P0] POLL
[T+575674147us][CH2-DEVICE] 50 70 FA → [P0] IDLE
[T+575809379us][CH1-PC ] 51 20 FA → [P1] POLL
[T+575814355us][CH2-DEVICE] 51 70 FA → [P1] IDLE
[T+575950379us][CH1-PC ] 52 20 FA → [P2] POLL
[T+575978380us][CH2-DEVICE] 52 3C 02 08 00 00 16 32 00 17 13 60 B9 73 03 FA → [P2] SEQ=3C FILL vol=16.32L price=1713.60
[T+576031355us][CH1-PC ] 52 C0 FA → [P2] ACK
[T+576168355us][CH1-PC ] 53 20 FA → [P3] POLL
[T+576173355us][CH2-DEVICE] 53 70 FA → [P3] IDLE
[T+576309379us][CH1-PC ] 50 20 FA → [P0] POLL
[T+576314355us][CH2-DEVICE] 50 70 FA → [P0] IDLE
[T+576449355us][CH1-PC ] 51 20 FA → [P1] POLL
[T+576456005us][CH2-DEVICE] 51 70 FA → [P1] IDLE
[T+576591380us][CH1-PC ] 52 20 FA → [P2] POLL
[T+576618355us][CH2-DEVICE] 52 3D 02 08 00 00 16 58 00 17 40 90 99 32 03 FA → [P2] SEQ=3D FILL vol=16.58L price=1740.90
[T+576670379us][CH1-PC ] 52 C0 FA → [P2] ACK
[T+576809355us][CH1-PC ] 53 20 FA → [P3] POLL
[T+576814358us][CH2-DEVICE] 53 70 FA → [P3] IDLE
[T+576949355us][CH1-PC ] 50 20 FA → [P0] POLL
[T+576955355us][CH2-DEVICE] 50 70 FA → [P0] IDLE
[T+577090355us][CH1-PC ] 51 20 FA → [P1] POLL
[T+577095359us][CH2-DEVICE] 51 70 FA → [P1] IDLE
[T+577231382us][CH1-PC ] 52 20 FA → [P2] POLL
[T+577259379us][CH2-DEVICE] 52 3E 02 08 00 00 16 79 00 17 62 95 F2 D2 03 FA → [P2] SEQ=3E FILL vol=16.79L price=1762.95
[T+577311379us][CH1-PC ] 52 C0 FA → [P2] ACK
[T+577449355us][CH1-PC ] 53 20 FA → [P3] POLL
[T+577455365us][CH2-DEVICE] 53 70 FA → [P3] IDLE
[T+577590355us][CH1-PC ] 50 20 FA → [P0] POLL
[T+577596355us][CH2-DEVICE] 50 70 FA → [P0] IDLE
[T+577731355us][CH1-PC ] 51 20 FA → [P1] POLL
[T+577736355us][CH2-DEVICE] 51 70 FA → [P1] IDLE
[T+577872381us][CH1-PC ] 52 20 FA → [P2] POLL
[T+577900379us][CH2-DEVICE] 52 3F 02 08 00 00 17 00 00 17 85 00 E1 AA 03 FA → [P2] SEQ=3F FILL vol=17.00L price=1785.00
[T+577951355us][CH1-PC ] 52 C0 FA → [P2] ACK
[T+578090355us][CH1-PC ] 53 20 FA → [P3] POLL
[T+578096001us][CH2-DEVICE] 53 70 FA → [P3] IDLE
[T+578231380us][CH1-PC ] 50 20 FA → [P0] POLL
[T+578235384us][CH2-DEVICE] 50 70 FA → [P0] IDLE
[T+578371355us][CH1-PC ] 51 20 FA → [P1] POLL
[T+578376355us][CH2-DEVICE] 51 70 FA → [P1] IDLE
[T+578513355us][CH1-PC ] 52 20 FA → [P2] POLL
[T+578540355us][CH2-DEVICE] 52 31 02 08 00 00 17 22 00 18 08 10 79 DA 03 FA → [P2] SEQ=31 FILL vol=17.22L price=1808.10
[T+578592379us][CH1-PC ] 52 C0 FA → [P2] ACK
[T+578731355us][CH1-PC ] 53 20 FA → [P3] POLL
[T+578735398us][CH2-DEVICE] 53 70 FA → [P3] IDLE
[T+578871380us][CH1-PC ] 50 20 FA → [P0] POLL
[T+578878002us][CH2-DEVICE] 50 70 FA → [P0] IDLE
[T+579012355us][CH1-PC ] 51 20 FA → [P1] POLL
[T+579017355us][CH2-DEVICE] 51 70 FA → [P1] IDLE
[T+579153379us][CH1-PC ] 52 20 FA → [P2] POLL
[T+579180355us][CH2-DEVICE] 52 32 02 08 00 00 17 46 00 18 33 30 15 BE 03 FA → [P2] SEQ=32 FILL vol=17.46L price=1833.30
[T+579233355us][CH1-PC ] 52 C0 FA → [P2] ACK
[T+579371355us][CH1-PC ] 53 20 FA → [P3] POLL
[T+579377355us][CH2-DEVICE] 53 70 FA → [P3] IDLE
[T+579512355us][CH1-PC ] 50 20 FA → [P0] POLL
[T+579517355us][CH2-DEVICE] 50 70 FA → [P0] IDLE
[T+579652505us][CH1-PC ] 51 20 FA → [P1] POLL
[T+579659016us][CH2-DEVICE] 51 70 FA → [P1] IDLE
[T+579794381us][CH1-PC ] 52 20 FA → [P2] POLL
[T+579821355us][CH2-DEVICE] 52 33 02 08 00 00 17 72 00 18 60 60 9C 4A 03 FA → [P2] SEQ=33 FILL vol=17.72L price=1860.60
[T+579873379us][CH1-PC ] 52 C0 FA → [P2] ACK
[T+580012355us][CH1-PC ] 53 20 FA → [P3] POLL
[T+580016383us][CH2-DEVICE] 53 70 FA → [P3] IDLE
[T+580152355us][CH1-PC ] 50 20 FA → [P0] POLL
[T+580158355us][CH2-DEVICE] 50 70 FA → [P0] IDLE
[T+580293355us][CH1-PC ] 51 20 FA → [P1] POLL
[T+580299990us][CH2-DEVICE] 51 70 FA → [P1] IDLE
[T+580434355us][CH1-PC ] 52 20 FA → [P2] POLL
[T+580461355us][CH2-DEVICE] 52 34 02 08 00 00 17 94 00 18 83 70 C7 14 03 FA → [P2] SEQ=34 FILL vol=17.94L price=1883.70
[T+580514355us][CH1-PC ] 52 C0 FA → [P2] ACK
[T+580652507us][CH1-PC ] 53 20 FA → [P3] POLL
[T+580658358us][CH2-DEVICE] 53 70 FA → [P3] IDLE
[T+580793356us][CH1-PC ] 50 20 FA → [P0] POLL
[T+580798358us][CH2-DEVICE] 50 70 FA → [P0] IDLE
[T+580934379us][CH1-PC ] 51 20 FA → [P1] POLL
[T+580939355us][CH2-DEVICE] 51 70 FA → [P1] IDLE
[T+581075381us][CH1-PC ] 52 20 FA → [P2] POLL
[T+581103379us][CH2-DEVICE] 52 35 02 08 00 00 18 15 00 19 05 75 0C AA 03 FA → [P2] SEQ=35 FILL vol=18.15L price=1905.75
[T+581154355us][CH1-PC ] 52 C0 FA → [P2] ACK
[T+581293355us][CH1-PC ] 53 20 FA → [P3] POLL
[T+581300019us][CH2-DEVICE] 53 70 FA → [P3] IDLE
[T+581434355us][CH1-PC ] 50 20 FA → [P0] POLL
[T+581439355us][CH2-DEVICE] 50 70 FA → [P0] IDLE
[T+581574355us][CH1-PC ] 51 20 FA → [P1] POLL
[T+581579996us][CH2-DEVICE] 51 70 FA → [P1] IDLE
[T+581716355us][CH1-PC ] 52 20 FA → [P2] POLL
[T+581743355us][CH2-DEVICE] 52 36 02 08 00 00 18 37 00 19 28 85 E6 FD 03 FA → [P2] SEQ=36 FILL vol=18.37L price=1928.85
[T+581795379us][CH1-PC ] 52 C0 FA → [P2] ACK
[T+581934355us][CH1-PC ] 53 20 FA → [P3] POLL
[T+581940364us][CH2-DEVICE] 53 70 FA → [P3] IDLE
[T+582074355us][CH1-PC ] 50 20 FA → [P0] POLL
[T+582079355us][CH2-DEVICE] 50 70 FA → [P0] IDLE
[T+582215381us][CH1-PC ] 51 20 FA → [P1] POLL
[T+582220355us][CH2-DEVICE] 51 70 FA → [P1] IDLE
[T+582356380us][CH1-PC ] 52 20 FA → [P2] POLL
[T+582384379us][CH2-DEVICE] 52 37 02 08 00 00 18 59 00 19 51 95 29 94 03 FA → [P2] SEQ=37 FILL vol=18.59L price=1951.95
[T+582436363us][CH1-PC ] 52 C0 FA → [P2] ACK
[T+582574355us][CH1-PC ] 53 20 FA → [P3] POLL
[T+582581355us][CH2-DEVICE] 53 70 FA → [P3] IDLE
[T+582715355us][CH1-PC ] 50 20 FA → [P0] POLL
[T+582721071us][CH2-DEVICE] 50 70 FA → [P0] IDLE
[T+582855355us][CH1-PC ] 51 20 FA → [P1] POLL
[T+582860355us][CH2-DEVICE] 51 70 FA → [P1] IDLE
[T+582997355us][CH1-PC ] 52 20 FA → [P2] POLL
[T+583024361us][CH2-DEVICE] 52 38 02 08 00 00 18 80 00 19 74 00 DE AC 03 FA → [P2] SEQ=38 FILL vol=18.80L price=1974.00
[T+583076379us][CH1-PC ] 52 C0 FA → [P2] ACK
[T+583215355us][CH1-PC ] 53 20 FA → [P3] POLL
[T+583220355us][CH2-DEVICE] 53 70 FA → [P3] IDLE
[T+583355357us][CH1-PC ] 50 20 FA → [P0] POLL
[T+583361355us][CH2-DEVICE] 50 70 FA → [P0] IDLE
[T+583496355us][CH1-PC ] 51 20 FA → [P1] POLL
[T+583502364us][CH2-DEVICE] 51 70 FA → [P1] IDLE
[T+583637356us][CH1-PC ] 52 20 FA → [P2] POLL
[T+583665381us][CH2-DEVICE] 52 39 02 08 00 00 19 05 00 20 00 25 20 89 03 FA → [P2] SEQ=39 FILL vol=19.05L price=2000.25
[T+583717380us][CH1-PC ] 52 C0 FA → [P2] ACK
[T+583855358us][CH1-PC ] 53 20 FA → [P3] POLL
[T+583861998us][CH2-DEVICE] 53 70 FA → [P3] IDLE
[T+583996355us][CH1-PC ] 50 20 FA → [P0] POLL
[T+584002355us][CH2-DEVICE] 50 70 FA → [P0] IDLE
[T+584137355us][CH1-PC ] 51 20 FA → [P1] POLL
[T+584141383us][CH2-DEVICE] 51 70 FA → [P1] IDLE
[T+584278355us][CH1-PC ] 52 20 FA → [P2] POLL
[T+584306379us][CH2-DEVICE] 52 3A 02 08 00 00 19 27 00 20 23 35 CF 36 03 FA → [P2] SEQ=3A FILL vol=19.27L price=2023.35
[T+584357355us][CH1-PC ] 52 C0 FA → [P2] ACK
[T+584496355us][CH1-PC ] 53 20 FA → [P3] POLL
[T+584502007us][CH2-DEVICE] 53 70 FA → [P3] IDLE
[T+584637380us][CH1-PC ] 50 20 FA → [P0] POLL
[T+584642355us][CH2-DEVICE] 50 70 FA → [P0] IDLE
[T+584777356us][CH1-PC ] 51 20 FA → [P1] POLL
[T+584782355us][CH2-DEVICE] 51 70 FA → [P1] IDLE
[T+584918388us][CH1-PC ] 52 20 FA → [P2] POLL
[T+584947355us][CH2-DEVICE] 52 3B 02 08 00 00 19 48 00 20 45 40 F5 84 03 FA → [P2] SEQ=3B FILL vol=19.48L price=2045.40
[T+584998355us][CH1-PC ] 52 C0 FA → [P2] ACK
[T+585137355us][CH1-PC ] 53 20 FA → [P3] POLL
[T+585142355us][CH2-DEVICE] 53 70 FA → [P3] IDLE
[T+585277355us][CH1-PC ] 50 20 FA → [P0] POLL
[T+585282999us][CH2-DEVICE] 50 70 FA → [P0] IDLE
[T+585418381us][CH1-PC ] 51 20 FA → [P1] POLL
[T+585424931us][CH2-DEVICE] 51 70 FA → [P1] IDLE
[T+585559355us][CH1-PC ] 52 20 FA → [P2] POLL
[T+585587379us][CH2-DEVICE] 52 3C 02 08 00 00 19 68 00 20 66 40 77 07 03 FA → [P2] SEQ=3C FILL vol=19.68L price=2066.40
[T+585639380us][CH1-PC ] 52 C0 FA → [P2] ACK
[T+585777355us][CH1-PC ] 53 20 FA → [P3] POLL
[T+585782355us][CH2-DEVICE] 53 70 FA → [P3] IDLE
[T+585918379us][CH1-PC ] 50 20 FA → [P0] POLL
[T+585923355us][CH2-DEVICE] 50 70 FA → [P0] IDLE
[T+586058362us][CH1-PC ] 51 20 FA → [P1] POLL
[T+586064997us][CH2-DEVICE] 51 70 FA → [P1] IDLE
[T+586200379us][CH1-PC ] 52 20 FA → [P2] POLL
[T+586227355us][CH2-DEVICE] 52 3D 02 08 00 00 19 93 00 20 92 65 11 34 03 FA → [P2] SEQ=3D FILL vol=19.93L price=2092.65
[T+586280355us][CH1-PC ] 52 C0 FA → [P2] ACK
[T+586418356us][CH1-PC ] 53 20 FA → [P3] POLL
[T+586423355us][CH2-DEVICE] 53 70 FA → [P3] IDLE
[T+586558355us][CH1-PC ] 50 20 FA → [P0] POLL
[T+586564365us][CH2-DEVICE] 50 70 FA → [P0] IDLE
[T+586699355us][CH1-PC ] 51 20 FA → [P1] POLL
[T+586704355us][CH2-DEVICE] 51 70 FA → [P1] IDLE
[T+586840382us][CH1-PC ] 52 20 FA → [P2] POLL
[T+586868379us][CH2-DEVICE] 52 3E 02 08 00 00 20 14 00 21 14 70 5D 68 03 FA → [P2] SEQ=3E FILL vol=20.14L price=2114.70
[T+586920379us][CH1-PC ] 52 C0 FA → [P2] ACK
[T+587058355us][CH1-PC ] 53 20 FA → [P3] POLL
[T+587066364us][CH2-DEVICE] 53 70 FA → [P3] IDLE
[T+587199355us][CH1-PC ] 50 20 FA → [P0] POLL
[T+587205355us][CH2-DEVICE] 50 70 FA → [P0] IDLE
[T+587340355us][CH1-PC ] 51 20 FA → [P1] POLL
[T+587345355us][CH2-DEVICE] 51 70 FA → [P1] IDLE
[T+587481380us][CH1-PC ] 52 20 FA → [P2] POLL
[T+587509379us][CH2-DEVICE] 52 3F 02 08 00 00 20 33 00 21 34 65 B5 9C 03 FA → [P2] SEQ=3F FILL vol=20.33L price=2134.65
[T+587561355us][CH1-PC ] 52 C0 FA → [P2] ACK
[T+587699355us][CH1-PC ] 53 20 FA → [P3] POLL
[T+587705364us][CH2-DEVICE] 53 70 FA → [P3] IDLE
[T+587840355us][CH1-PC ] 50 20 FA → [P0] POLL
[T+587845355us][CH2-DEVICE] 50 70 FA → [P0] IDLE
[T+587980355us][CH1-PC ] 51 20 FA → [P1] POLL
[T+587986357us][CH2-DEVICE] 51 70 FA → [P1] IDLE
[T+588121355us][CH1-PC ] 52 20 FA → [P2] POLL
[T+588148355us][CH2-DEVICE] 52 31 02 08 00 00 20 54 00 21 56 70 5C 13 03 FA → [P2] SEQ=31 FILL vol=20.54L price=2156.70
[T+588201355us][CH1-PC ] 52 C0 FA → [P2] ACK
[T+588339355us][CH1-PC ] 53 20 FA → [P3] POLL
[T+588345364us][CH2-DEVICE] 53 70 FA → [P3] IDLE
[T+588480355us][CH1-PC ] 50 20 FA → [P0] POLL
[T+588485355us][CH2-DEVICE] 50 70 FA → [P0] IDLE
[T+588621380us][CH1-PC ] 51 20 FA → [P1] POLL
[T+588626355us][CH2-DEVICE] 51 70 FA → [P1] IDLE
[T+588762379us][CH1-PC ] 52 20 FA → [P2] POLL
[T+588792355us][CH2-DEVICE] 52 32 02 08 00 00 20 75 00 21 78 75 32 F3 03 FA → [P2] SEQ=32 FILL vol=20.75L price=2178.75
[T+588841355us][CH1-PC ] 52 C0 FA → [P2] ACK
[T+588980380us][CH1-PC ] 53 20 FA → [P3] POLL
[T+588985355us][CH2-DEVICE] 53 70 FA → [P3] IDLE
[T+589121381us][CH1-PC ] 50 20 FA → [P0] POLL
[T+589127008us][CH2-DEVICE] 50 70 FA → [P0] IDLE
[T+589261355us][CH1-PC ] 51 20 FA → [P1] POLL
[T+589266355us][CH2-DEVICE] 51 70 FA → [P1] IDLE
[T+589403355us][CH1-PC ] 52 20 FA → [P2] POLL
[T+589432355us][CH2-DEVICE] 52 33 02 08 00 00 20 99 00 22 03 95 74 A0 03 FA → [P2] SEQ=33 FILL vol=20.99L price=2203.95
[T+589482355us][CH1-PC ] 52 C0 FA → [P2] ACK
[T+589621355us][CH1-PC ] 53 20 FA → [P3] POLL
[T+589626355us][CH2-DEVICE] 53 70 FA → [P3] IDLE
[T+589761355us][CH1-PC ] 50 20 FA → [P0] POLL
[T+589767355us][CH2-DEVICE] 50 70 FA → [P0] IDLE
[T+589902355us][CH1-PC ] 51 20 FA → [P1] POLL
[T+589908117us][CH2-DEVICE] 51 70 FA → [P1] IDLE
[T+590043380us][CH1-PC ] 52 20 FA → [P2] POLL
[T+590071379us][CH2-DEVICE] 52 34 02 08 00 00 21 21 00 22 27 05 D4 72 03 FA → [P2] SEQ=34 FILL vol=21.21L price=2227.05
[T+590123379us][CH1-PC ] 52 C0 FA → [P2] ACK
[T+590261355us][CH1-PC ] 53 20 FA → [P3] POLL
[T+590269396us][CH2-DEVICE] 53 70 FA → [P3] IDLE
[T+590402355us][CH1-PC ] 50 20 FA → [P0] POLL
[T+590407355us][CH2-DEVICE] 50 70 FA → [P0] IDLE
[T+590543380us][CH1-PC ] 51 20 FA → [P1] POLL
[T+590548355us][CH2-DEVICE] 51 70 FA → [P1] IDLE
[T+590684379us][CH1-PC ] 52 20 FA → [P2] POLL
[T+590711355us][CH2-DEVICE] 52 35 02 08 00 00 21 42 00 22 49 10 F9 29 03 FA → [P2] SEQ=35 FILL vol=21.42L price=2249.10
[T+590763379us][CH1-PC ] 52 C0 FA → [P2] ACK
[T+590902355us][CH1-PC ] 53 20 FA → [P3] POLL
[T+590908003us][CH2-DEVICE] 53 70 FA → [P3] IDLE
[T+591043380us][CH1-PC ] 50 20 FA → [P0] POLL
[T+591048355us][CH2-DEVICE] 50 70 FA → [P0] IDLE
[T+591183355us][CH1-PC ] 51 20 FA → [P1] POLL
[T+591188355us][CH2-DEVICE] 51 70 FA → [P1] IDLE
[T+591324379us][CH1-PC ] 52 20 FA → [P2] POLL
[T+591350355us][CH2-DEVICE] 52 36 02 08 00 00 21 64 00 22 72 20 EC 8E 03 FA → [P2] SEQ=36 FILL vol=21.64L price=2272.20
[T+591404355us][CH1-PC ] 52 C0 FA → [P2] ACK
[T+591543355us][CH1-PC ] 53 20 FA → [P3] POLL
[T+591549355us][CH2-DEVICE] 53 70 FA → [P3] IDLE
[T+591683355us][CH1-PC ] 50 20 FA → [P0] POLL
[T+591689364us][CH2-DEVICE] 50 70 FA → [P0] IDLE
[T+591824355us][CH1-PC ] 51 20 FA → [P1] POLL
[T+591828384us][CH2-DEVICE] 51 70 FA → [P1] IDLE
[T+591965355us][CH1-PC ] 52 20 FA → [P2] POLL
[T+591992355us][CH2-DEVICE] 52 37 02 08 00 00 21 76 00 22 84 80 17 A9 03 FA → [P2] SEQ=37 FILL vol=21.76L price=2284.80
[T+592045355us][CH1-PC ] 52 C0 FA → [P2] ACK
[T+592183355us][CH1-PC ] 53 20 FA → [P3] POLL
[T+592188355us][CH2-DEVICE] 53 70 FA → [P3] IDLE
[T+592324385us][CH1-PC ] 50 20 FA → [P0] POLL
[T+592329355us][CH2-DEVICE] 50 70 FA → [P0] IDLE
[T+592464355us][CH1-PC ] 51 20 FA → [P1] POLL
[T+592469355us][CH2-DEVICE] 51 70 FA → [P1] IDLE
[T+592606355us][CH1-PC ] 52 20 FA → [P2] POLL
[T+592612355us][CH2-DEVICE] 52 70 FA → [P2] IDLE
[T+592690355us][CH1-PC ] 52 30 01 01 04 E7 5F 03 FA → [P2] DISP st=04(BUSY) [01 01 04]
[T+592696365us][CH2-DEVICE] 52 C0 FA → [P2] ACK
[T+592902355us][CH1-PC ] 53 20 FA → [P3] POLL
[T+592908365us][CH2-DEVICE] 53 70 FA → [P3] IDLE
[T+593042355us][CH1-PC ] 50 20 FA → [P0] POLL
[T+593047355us][CH2-DEVICE] 50 70 FA → [P0] IDLE
[T+593183379us][CH1-PC ] 51 20 FA → [P1] POLL
[T+593188355us][CH2-DEVICE] 51 70 FA → [P1] IDLE
[T+593324380us][CH1-PC ] 52 20 FA → [P2] POLL
[T+593362355us][CH2-DEVICE] 52 38 02 08 00 00 21 76 00 22 84 80 03 04 01 05 00 12 0A CF 03 FA → [P2] SEQ=38 FILL vol=21.76L price=2284.80
[T+593404356us][CH1-PC ] 52 C0 FA → [P2] ACK
[T+593542379us][CH1-PC ] 53 20 FA → [P3] POLL
[T+593547355us][CH2-DEVICE] 53 70 FA → [P3] IDLE
[T+593683379us][CH1-PC ] 50 20 FA → [P0] POLL
[T+593689024us][CH2-DEVICE] 50 70 FA → [P0] IDLE
[T+593824381us][CH1-PC ] 51 20 FA → [P1] POLL
[T+593829355us][CH2-DEVICE] 51 70 FA → [P1] IDLE
[T+593965379us][CH1-PC ] 52 20 FA → [P2] POLL
[T+593993389us][CH2-DEVICE] 52 39 02 08 00 00 21 80 00 22 89 00 EE 64 03 FA → [P2] SEQ=39 FILL vol=21.80L price=2289.00
[T+594045379us][CH1-PC ] 52 C0 FA → [P2] ACK
[T+594183355us][CH1-PC ] 53 20 FA → [P3] POLL
[T+594188355us][CH2-DEVICE] 53 70 FA → [P3] IDLE
[T+594324379us][CH1-PC ] 50 20 FA → [P0] POLL
[T+594329355us][CH2-DEVICE] 50 70 FA → [P0] IDLE
[T+594464355us][CH1-PC ] 51 20 FA → [P1] POLL
[T+594470364us][CH2-DEVICE] 51 70 FA → [P1] IDLE
[T+594606386us][CH1-PC ] 52 20 FA → [P2] POLL
[T+594634379us][CH2-DEVICE] 52 3A 02 08 00 00 21 86 00 22 95 30 61 F4 03 FA → [P2] SEQ=3A FILL vol=21.86L price=2295.30
[T+594685355us][CH1-PC ] 52 C0 FA → [P2] ACK
[T+594824355us][CH1-PC ] 53 20 FA → [P3] POLL
[T+594828383us][CH2-DEVICE] 53 70 FA → [P3] IDLE
[T+594964379us][CH1-PC ] 50 20 FA → [P0] POLL
[T+594970356us][CH2-DEVICE] 50 70 FA → [P0] IDLE
[T+595105355us][CH1-PC ] 51 20 FA → [P1] POLL
[T+595110355us][CH2-DEVICE] 51 70 FA → [P1] IDLE
[T+595246379us][CH1-PC ] 52 20 FA → [P2] POLL
[T+595273355us][CH2-DEVICE] 52 3B 02 08 00 00 21 93 00 23 02 65 97 04 03 FA → [P2] SEQ=3B FILL vol=21.93L price=2302.65
[T+595326355us][CH1-PC ] 52 C0 FA → [P2] ACK
[T+595464355us][CH1-PC ] 53 20 FA → [P3] POLL
[T+595470362us][CH2-DEVICE] 53 70 FA → [P3] IDLE
[T+595605356us][CH1-PC ] 50 20 FA → [P0] POLL
[T+595610379us][CH2-DEVICE] 50 70 FA → [P0] IDLE
[T+595745355us][CH1-PC ] 51 20 FA → [P1] POLL
[T+595750355us][CH2-DEVICE] 51 70 FA → [P1] IDLE
[T+595887355us][CH1-PC ] 52 20 FA → [P2] POLL
[T+595913355us][CH2-DEVICE] 52 3C 02 08 00 00 21 95 00 23 04 75 07 1C 03 FA → [P2] SEQ=3C FILL vol=21.95L price=2304.75
[T+595966355us][CH1-PC ] 52 C0 FA → [P2] ACK
[T+596105379us][CH1-PC ] 53 20 FA → [P3] POLL
[T+596110355us][CH2-DEVICE] 53 70 FA → [P3] IDLE
[T+596245459us][CH1-PC ] 50 20 FA → [P0] POLL
[T+596251355us][CH2-DEVICE] 50 70 FA → [P0] IDLE
[T+596386355us][CH1-PC ] 51 20 FA → [P1] POLL
[T+596392355us][CH2-DEVICE] 51 70 FA → [P1] IDLE
[T+596527355us][CH1-PC ] 52 20 FA → [P2] POLL
[T+596555385us][CH2-DEVICE] 52 3D 02 08 00 00 22 02 00 23 12 10 B8 45 03 FA → [P2] SEQ=3D FILL vol=22.02L price=2312.10
[T+596607379us][CH1-PC ] 52 C0 FA → [P2] ACK
[T+596745355us][CH1-PC ] 53 20 FA → [P3] POLL
[T+596751355us][CH2-DEVICE] 53 70 FA → [P3] IDLE
[T+596886355us][CH1-PC ] 50 20 FA → [P0] POLL
[T+596891355us][CH2-DEVICE] 50 70 FA → [P0] IDLE
[T+597027379us][CH1-PC ] 51 20 FA → [P1] POLL
[T+597032355us][CH2-DEVICE] 51 70 FA → [P1] IDLE
[T+597168385us][CH1-PC ] 52 20 FA → [P2] POLL
[T+597194355us][CH2-DEVICE] 52 3E 02 08 00 00 22 08 00 23 18 40 29 9C 03 FA → [P2] SEQ=3E FILL vol=22.08L price=2318.40
[T+597248355us][CH1-PC ] 52 C0 FA → [P2] ACK
[T+597386381us][CH1-PC ] 53 20 FA → [P3] POLL
[T+597392355us][CH2-DEVICE] 53 70 FA → [P3] IDLE
[T+597527355us][CH1-PC ] 50 20 FA → [P0] POLL
[T+597532355us][CH2-DEVICE] 50 70 FA → [P0] IDLE
[T+597667355us][CH1-PC ] 51 20 FA → [P1] POLL
[T+597672355us][CH2-DEVICE] 51 70 FA → [P1] IDLE
[T+597808383us][CH1-PC ] 52 20 FA → [P2] POLL
[T+597837355us][CH2-DEVICE] 52 3F 02 08 00 00 22 14 00 23 24 70 ED B6 03 FA → [P2] SEQ=3F FILL vol=22.14L price=2324.70
[T+597888356us][CH1-PC ] 52 C0 FA → [P2] ACK
[T+598026355us][CH1-PC ] 53 20 FA → [P3] POLL
[T+598031355us][CH2-DEVICE] 53 70 FA → [P3] IDLE
[T+598167385us][CH1-PC ] 50 20 FA → [P0] POLL
[T+598173355us][CH2-DEVICE] 50 70 FA → [P0] IDLE
[T+598308359us][CH1-PC ] 51 20 FA → [P1] POLL
[T+598313355us][CH2-DEVICE] 51 70 FA → [P1] IDLE
[T+598449379us][CH1-PC ] 52 20 FA → [P2] POLL
[T+598475355us][CH2-DEVICE] 52 31 02 08 00 00 22 17 00 23 27 85 5D E9 03 FA → [P2] SEQ=31 FILL vol=22.17L price=2327.85
[T+598529355us][CH1-PC ] 52 C0 FA → [P2] ACK
[T+598667379us][CH1-PC ] 53 20 FA → [P3] POLL
[T+598673364us][CH2-DEVICE] 53 70 FA → [P3] IDLE
[T+598808355us][CH1-PC ] 50 20 FA → [P0] POLL
[T+598812383us][CH2-DEVICE] 50 70 FA → [P0] IDLE
[T+598948381us][CH1-PC ] 51 20 FA → [P1] POLL
[T+598953355us][CH2-DEVICE] 51 70 FA → [P1] IDLE
[T+599090355us][CH1-PC ] 52 20 FA → [P2] POLL
[T+599116355us][CH2-DEVICE] 52 32 02 08 00 00 22 22 00 23 33 10 11 C6 03 FA → [P2] SEQ=32 FILL vol=22.22L price=2333.10
[T+599169355us][CH1-PC ] 52 C0 FA → [P2] ACK
[T+599308379us][CH1-PC ] 53 20 FA → [P3] POLL
[T+599313355us][CH2-DEVICE] 53 70 FA → [P3] IDLE
[T+599448355us][CH1-PC ] 50 20 FA → [P0] POLL
[T+599453355us][CH2-DEVICE] 50 70 FA → [P0] IDLE
[T+599589379us][CH1-PC ] 51 20 FA → [P1] POLL
[T+599594355us][CH2-DEVICE] 51 70 FA → [P1] IDLE
[T+599730383us][CH1-PC ] 52 20 FA → [P2] POLL
[T+599757355us][CH2-DEVICE] 52 33 02 08 00 00 22 28 00 23 39 40 8B A7 03 FA → [P2] SEQ=33 FILL vol=22.28L price=2339.40
[T+599810355us][CH1-PC ] 52 C0 FA → [P2] ACK
[T+599948355us][CH1-PC ] 53 20 FA → [P3] POLL
[T+599955355us][CH2-DEVICE] 53 70 FA → [P3] IDLE
[T+600089355us][CH1-PC ] 50 20 FA → [P0] POLL
[T+600094355us][CH2-DEVICE] 50 70 FA → [P0] IDLE
[T+600230379us][CH1-PC ] 51 20 FA → [P1] POLL
[T+600234384us][CH2-DEVICE] 51 70 FA → [P1] IDLE
[T+600371355us][CH1-PC ] 52 20 FA → [P2] POLL
[T+600397392us][CH2-DEVICE] 52 34 02 08 00 00 22 34 00 23 45 70 60 C5 03 FA → [P2] SEQ=34 FILL vol=22.34L price=2345.70
[T+600450355us][CH1-PC ] 52 C0 FA → [P2] ACK
[T+600589380us][CH1-PC ] 53 20 FA → [P3] POLL
[T+600594355us][CH2-DEVICE] 53 70 FA → [P3] IDLE
[T+600729355us][CH1-PC ] 50 20 FA → [P0] POLL
[T+600735355us][CH2-DEVICE] 50 70 FA → [P0] IDLE
[T+600870355us][CH1-PC ] 51 20 FA → [P1] POLL
[T+600875355us][CH2-DEVICE] 51 70 FA → [P1] IDLE
[T+601011380us][CH1-PC ] 52 20 FA → [P2] POLL
[T+601037355us][CH2-DEVICE] 52 35 02 08 00 00 22 40 00 23 52 00 DA 26 03 FA → [P2] SEQ=35 FILL vol=22.40L price=2352.00
[T+601091355us][CH1-PC ] 52 C0 FA → [P2] ACK
[T+601230355us][CH1-PC ] 53 20 FA → [P3] POLL
[T+601235355us][CH2-DEVICE] 53 70 FA → [P3] IDLE
[T+601370355us][CH1-PC ] 50 20 FA → [P0] POLL
[T+601375355us][CH2-DEVICE] 50 70 FA → [P0] IDLE
[T+601511380us][CH1-PC ] 51 20 FA → [P1] POLL
[T+601516355us][CH2-DEVICE] 51 70 FA → [P1] IDLE
[T+601652601us][CH1-PC ] 52 20 FA → [P2] POLL
[T+601679355us][CH2-DEVICE] 52 36 02 08 00 00 22 47 00 23 59 35 A7 85 03 FA → [P2] SEQ=36 FILL vol=22.47L price=2359.35
[T+601732355us][CH1-PC ] 52 C0 FA → [P2] ACK
[T+601870355us][CH1-PC ] 53 20 FA → [P3] POLL
[T+601875355us][CH2-DEVICE] 53 70 FA → [P3] IDLE
[T+602011379us][CH1-PC ] 50 20 FA → [P0] POLL
[T+602016355us][CH2-DEVICE] 50 70 FA → [P0] IDLE
[T+602151361us][CH1-PC ] 51 20 FA → [P1] POLL
[T+602157967us][CH2-DEVICE] 51 70 FA → [P1] IDLE
[T+602293380us][CH1-PC ] 52 20 FA → [P2] POLL
[T+602320355us][CH2-DEVICE] 52 37 02 08 00 00 22 54 00 23 66 70 F6 B9 03 FA → [P2] SEQ=37 FILL vol=22.54L price=2366.70
[T+602372385us][CH1-PC ] 52 C0 FA → [P2] ACK
[T+602511355us][CH1-PC ] 53 20 FA → [P3] POLL
[T+602518007us][CH2-DEVICE] 53 70 FA → [P3] IDLE
[T+602651355us][CH1-PC ] 50 20 FA → [P0] POLL
[T+602657404us][CH2-DEVICE] 50 70 FA → [P0] IDLE
[T+602792355us][CH1-PC ] 51 20 FA → [P1] POLL
[T+602797367us][CH2-DEVICE] 51 70 FA → [P1] IDLE
connected
[T+614369355us][CH1-PC ] 52 20 FA → [P2] POLL
[T+614374355us][CH2-DEVICE] 52 70 FA → [P2] IDLE
[T+614679356us][CH1-PC ] 52 30 01 01 05 26 9F 03 FA → [P2] DISP st=05(IDLE) [01 01 05]
[T+614684355us][CH2-DEVICE] 52 C0 FA → [P2] ACK
[T+614745355us][CH1-PC ] 52 C0 FA → [P2] ACK
[T+614885355us][CH1-PC ] 53 20 FA → [P3] POLL
[T+614890355us][CH2-DEVICE] 53 70 FA → [P3] IDLE
[T+615026379us][CH1-PC ] 50 20 FA → [P0] POLL
[T+615031355us][CH2-DEVICE] 50 70 FA → [P0] IDLE
[T+615166355us][CH1-PC ] 51 20 FA → [P1] POLL
[T+615172999us][CH2-DEVICE] 51 70 FA → [P1] IDLE
[T+615308380us][CH1-PC ] 52 20 FA → [P2] POLL
[T+615344380us][CH2-DEVICE] 52 39 02 08 00 00 23 00 00 24 15 00 01 01 05 01 01 01 B9 57 03 FA → [P2] SEQ=39 FILL vol=23.00L price=2415.00
[T+615387355us][CH1-PC ] 52 C0 FA → [P2] ACK
[T+615526355us][CH1-PC ] 53 20 FA → [P3] POLL
[T+615531355us][CH2-DEVICE] 53 70 FA → [P3] IDLE
[T+615666355us][CH1-PC ] 50 20 FA → [P0] POLL
[T+615671355us][CH2-DEVICE] 50 70 FA → [P0] IDLE
[T+615807381us][CH1-PC ] 51 20 FA → [P1] POLL
[T+615812355us][CH2-DEVICE] 51 70 FA → [P1] IDLE
[T+615948379us][CH1-PC ] 52 20 FA → [P2] POLL
[T+615954364us][CH2-DEVICE] 52 70 FA → [P2] IDLE
[T+616088355us][CH1-PC ] 53 20 FA → [P3] POLL
[T+616093355us][CH2-DEVICE] 53 70 FA → [P3] IDLE
[T+616229379us][CH1-PC ] 50 20 FA → [P0] POLL
[T+616234357us][CH2-DEVICE] 50 70 FA → [P0] IDLE
[T+616369355us][CH1-PC ] 51 20 FA → [P1] POLL
[T+616375006us][CH2-DEVICE] 51 70 FA → [P1] IDLE
[T+616510381us][CH1-PC ] 52 20 FA → [P2] POLL
[T+616515355us][CH2-DEVICE] 52 70 FA → [P2] IDLE
[T+616651379us][CH1-PC ] 53 20 FA → [P3] POLL
[T+616656355us][CH2-DEVICE] 53 70 FA → [P3] IDLE
[T+616791355us][CH1-PC ] 50 20 FA → [P0] POLL
[T+616797355us][CH2-DEVICE] 50 70 FA → [P0] IDLE
[T+616932355us][CH1-PC ] 51 20 FA → [P1] POLL
[T+616938011us][CH2-DEVICE] 51 70 FA → [P1] IDLE
[T+617073426us][CH1-PC ] 52 20 FA → [P2] POLL
[T+617078355us][CH2-DEVICE] 52 70 FA → [P2] IDLE
[T+617213355us][CH1-PC ] 53 20 FA → [P3] POLL
[T+617218355us][CH2-DEVICE] 53 70 FA → [P3] IDLE
[T+617354380us][CH1-PC ] 50 20 FA → [P0] POLL
[T+617359355us][CH2-DEVICE] 50 70 FA → [P0] IDLE
[T+617494355us][CH1-PC ] 51 20 FA → [P1] POLL
[T+617499355us][CH2-DEVICE] 51 70 FA → [P1] IDLE
[T+617635380us][CH1-PC ] 52 20 FA → [P2] POLL
[T+617640355us][CH2-DEVICE] 52 70 FA → [P2] IDLE
[T+617776380us][CH1-PC ] 53 20 FA → [P3] POLL
[T+617782013us][CH2-DEVICE] 53 70 FA → [P3] IDLE
[T+617916355us][CH1-PC ] 50 20 FA → [P0] POLL
[T+617921355us][CH2-DEVICE] 50 70 FA → [P0] IDLE
[T+618057421us][CH1-PC ] 51 20 FA → [P1] POLL
[T+618062355us][CH2-DEVICE] 51 70 FA → [P1] IDLE
[T+618197355us][CH1-PC ] 52 20 FA → [P2] POLL
[T+618203002us][CH2-DEVICE] 52 70 FA → [P2] IDLE
[T+618338380us][CH1-PC ] 53 20 FA → [P3] POLL
[T+618343355us][CH2-DEVICE] 53 70 FA → [P3] IDLE
[T+618479379us][CH1-PC ] 50 20 FA → [P0] POLL
[T+618483386us][CH2-DEVICE] 50 70 FA → [P0] IDLE
[T+618619381us][CH1-PC ] 51 20 FA → [P1] POLL
[T+618625355us][CH2-DEVICE] 51 70 FA → [P1] IDLE
[T+618760355us][CH1-PC ] 52 20 FA → [P2] POLL
[T+618766364us][CH2-DEVICE] 52 70 FA → [P2] IDLE
[T+618901355us][CH1-PC ] 53 20 FA → [P3] POLL
[T+618905388us][CH2-DEVICE] 53 70 FA → [P3] IDLE
[T+619041379us][CH1-PC ] 50 20 FA → [P0] POLL
[T+619047355us][CH2-DEVICE] 50 70 FA → [P0] IDLE
[T+619182360us][CH1-PC ] 51 20 FA → [P1] POLL
[T+619187355us][CH2-DEVICE] 51 70 FA → [P1] IDLE
[T+619322355us][CH1-PC ] 52 20 FA → [P2] POLL
[T+619329010us][CH2-DEVICE] 52 70 FA → [P2] IDLE
[T+619463365us][CH1-PC ] 53 20 FA → [P3] POLL
[T+619468355us][CH2-DEVICE] 53 70 FA → [P3] IDLE
[T+619604379us][CH1-PC ] 50 20 FA → [P0] POLL
[T+619609359us][CH2-DEVICE] 50 70 FA → [P0] IDLE
[T+619744355us][CH1-PC ] 51 20 FA → [P1] POLL
[T+619749361us][CH2-DEVICE] 51 70 FA → [P1] IDLE
[T+619885380us][CH1-PC ] 52 20 FA → [P2] POLL
[T+619890355us][CH2-DEVICE] 52 70 FA → [P2] IDLE
[T+620025355us][CH1-PC ] 53 20 FA → [P3] POLL
[T+620031355us][CH2-DEVICE] 53 70 FA → [P3] IDLE
[T+620166355us][CH1-PC ] 50 20 FA → [P0] POLL
[T+620171355us][CH2-DEVICE] 50 70 FA → [P0] IDLE
[T+620307379us][CH1-PC ] 51 20 FA → [P1] POLL
[T+620313373us][CH2-DEVICE] 51 70 FA → [P1] IDLE
[T+620447355us][CH1-PC ] 52 20 FA → [P2] POLL
[T+620452355us][CH2-DEVICE] 52 70 FA → [P2] IDLE
[T+620588380us][CH1-PC ] 53 20 FA → [P3] POLL
[T+620593355us][CH2-DEVICE] 53 70 FA → [P3] IDLE
[T+620729356us][CH1-PC ] 50 20 FA → [P0] POLL
[T+620733383us][CH2-DEVICE] 50 70 FA → [P0] IDLE
[T+620869380us][CH1-PC ] 51 20 FA → [P1] POLL
[T+620874355us][CH2-DEVICE] 51 70 FA → [P1] IDLE
[T+621010379us][CH1-PC ] 52 20 FA → [P2] POLL
[T+621015992us][CH2-DEVICE] 52 70 FA → [P2] IDLE
[T+621150355us][CH1-PC ] 53 20 FA → [P3] POLL
[T+621155355us][CH2-DEVICE] 53 70 FA → [P3] IDLE