[T+743652921us][CH1-PC ] 53 20 FA → [P3] POLL
[T+743657921us][CH2-DEVICE] 53 70 FA → [P3] IDLE
[T+743792921us][CH1-PC ] 50 20 FA → [P0] POLL
[T+743797921us][CH2-DEVICE] 50 70 FA → [P0] IDLE
[T+743932921us][CH1-PC ] 51 20 FA → [P1] POLL
[T+743937921us][CH2-DEVICE] 51 70 FA → [P1] IDLE
[T+744073945us][CH1-PC ] 52 20 FA → [P2] POLL
[T+744078921us][CH2-DEVICE] 52 70 FA → [P2] IDLE
[T+744214945us][CH1-PC ] 53 20 FA → [P3] POLL
[T+744220921us][CH2-DEVICE] 53 70 FA → [P3] IDLE
[T+744354921us][CH1-PC ] 50 20 FA → [P0] POLL
[T+744361560us][CH2-DEVICE] 50 70 FA → [P0] IDLE
[T+744495921us][CH1-PC ] 51 20 FA → [P1] POLL
[T+744500921us][CH2-DEVICE] 51 70 FA → [P1] IDLE
[T+744637099us][CH1-PC ] 52 20 FA → [P2] POLL
[T+744641921us][CH2-DEVICE] 52 70 FA → [P2] IDLE
[T+744777945us][CH1-PC ] 53 20 FA → [P3] POLL
[T+744782921us][CH2-DEVICE] 53 70 FA → [P3] IDLE
[T+744917922us][CH1-PC ] 50 20 FA → [P0] POLL
[T+744921949us][CH2-DEVICE] 50 70 FA → [P0] IDLE
[T+745057921us][CH1-PC ] 51 20 FA → [P1] POLL
[T+745063921us][CH2-DEVICE] 51 70 FA → [P1] IDLE
[T+745198921us][CH1-PC ] 52 20 FA → [P2] POLL
[T+745203921us][CH2-DEVICE] 52 70 FA → [P2] IDLE
[T+745339945us][CH1-PC ] 53 20 FA → [P3] POLL
[T+745345921us][CH2-DEVICE] 53 70 FA → [P3] IDLE
[T+745479921us][CH1-PC ] 50 20 FA → [P0] POLL
[T+745484921us][CH2-DEVICE] 50 70 FA → [P0] IDLE
[T+745620945us][CH1-PC ] 51 20 FA → [P1] POLL
[T+745626561us][CH2-DEVICE] 51 70 FA → [P1] IDLE
[T+745760928us][CH1-PC ] 52 20 FA → [P2] POLL
[T+745765921us][CH2-DEVICE] 52 70 FA → [P2] IDLE
[T+745902921us][CH1-PC ] 53 20 FA → [P3] POLL
[T+745907921us][CH2-DEVICE] 53 70 FA → [P3] IDLE
[T+746042921us][CH1-PC ] 50 20 FA → [P0] POLL
[T+746047921us][CH2-DEVICE] 50 70 FA → [P0] IDLE
[T+746182921us][CH1-PC ] 51 20 FA → [P1] POLL
[T+746189547us][CH2-DEVICE] 51 70 FA → [P1] IDLE
[T+746323921us][CH1-PC ] 52 20 FA → [P2] POLL
[T+746328921us][CH2-DEVICE] 52 70 FA → [P2] IDLE
[T+746464945us][CH1-PC ] 53 20 FA → [P3] POLL
[T+746469921us][CH2-DEVICE] 53 70 FA → [P3] IDLE
[T+746604921us][CH1-PC ] 50 20 FA → [P0] POLL
[T+746610970us][CH2-DEVICE] 50 70 FA → [P0] IDLE
[T+746745921us][CH1-PC ] 51 20 FA → [P1] POLL
[T+746750921us][CH2-DEVICE] 51 70 FA → [P1] IDLE
[T+746885921us][CH1-PC ] 52 20 FA → [P2] POLL
[T+746891921us][CH2-DEVICE] 52 70 FA → [P2] IDLE
[T+747027945us][CH1-PC ] 53 20 FA → [P3] POLL
[T+747032921us][CH2-DEVICE] 53 70 FA → [P3] IDLE
[T+747167923us][CH1-PC ] 50 20 FA → [P0] POLL
[T+747173562us][CH2-DEVICE] 50 70 FA → [P0] IDLE
[T+747307921us][CH1-PC ] 51 20 FA → [P1] POLL
[T+747312921us][CH2-DEVICE] 51 70 FA → [P1] IDLE
[T+747448945us][CH1-PC ] 52 20 FA → [P2] POLL
[T+747453921us][CH2-DEVICE] 52 70 FA → [P2] IDLE
[T+747589947us][CH1-PC ] 53 20 FA → [P3] POLL
[T+747595930us][CH2-DEVICE] 53 70 FA → [P3] IDLE
[T+747729921us][CH1-PC ] 50 20 FA → [P0] POLL
[T+747734921us][CH2-DEVICE] 50 70 FA → [P0] IDLE
[T+747870921us][CH1-PC ] 51 20 FA → [P1] POLL
[T+747875921us][CH2-DEVICE] 51 70 FA → [P1] IDLE
[T+748010921us][CH1-PC ] 52 20 FA → [P2] POLL
[T+748015921us][CH2-DEVICE] 52 70 FA → [P2] IDLE
[T+748152921us][CH1-PC ] 53 20 FA → [P3] POLL
[T+748156950us][CH2-DEVICE] 53 70 FA → [P3] IDLE
[T+748292945us][CH1-PC ] 50 20 FA → [P0] POLL
[T+748297921us][CH2-DEVICE] 50 70 FA → [P0] IDLE
[T+748432921us][CH1-PC ] 51 20 FA → [P1] POLL
[T+748437921us][CH2-DEVICE] 51 70 FA → [P1] IDLE
[T+748573945us][CH1-PC ] 52 20 FA → [P2] POLL
[T+748583104us][CH2-DEVICE] 52 70 FA → [P2] IDLE
[T+748714945us][CH1-PC ] 53 20 FA → [P3] POLL
[T+748719921us][CH2-DEVICE] 53 70 FA → [P3] IDLE
[T+748854921us][CH1-PC ] 50 20 FA → [P0] POLL
[T+748860388us][CH2-DEVICE] 50 70 FA → [P0] IDLE
[T+748995946us][CH1-PC ] 51 20 FA → [P1] POLL
[T+749000921us][CH2-DEVICE] 51 70 FA → [P1] IDLE
[T+749135921us][CH1-PC ] 52 20 FA → [P2] POLL
[T+749141921us][CH2-DEVICE] 52 70 FA → [P2] IDLE
[T+749277945us][CH1-PC ] 53 20 FA → [P3] POLL
[T+749282921us][CH2-DEVICE] 53 70 FA → [P3] IDLE
[T+749416921us][CH1-PC ] 50 20 FA → [P0] POLL
[T+749421928us][CH2-DEVICE] 50 70 FA → [P0] IDLE
[T+749559921us][CH1-PC ] 51 20 FA → [P1] POLL
[T+749562930us][CH2-DEVICE] 51 70 FA → [P1] IDLE
[T+749698945us][CH1-PC ] 52 20 FA → [P2] POLL
[T+749703921us][CH2-DEVICE] 52 70 FA → [P2] IDLE
[T+749839945us][CH1-PC ] 53 20 FA → [P3] POLL
[T+749845921us][CH2-DEVICE] 53 70 FA → [P3] IDLE
[T+749979921us][CH1-PC ] 50 20 FA → [P0] POLL
[T+749984921us][CH2-DEVICE] 50 70 FA → [P0] IDLE
[T+750120945us][CH1-PC ] 51 20 FA → [P1] POLL
[T+750125921us][CH2-DEVICE] 51 70 FA → [P1] IDLE
[T+750260921us][CH1-PC ] 52 20 FA → [P2] POLL
[T+750266921us][CH2-DEVICE] 52 70 FA → [P2] IDLE
[T+750402945us][CH1-PC ] 53 20 FA → [P3] POLL
[T+750406950us][CH2-DEVICE] 53 70 FA → [P3] IDLE
[T+750542961us][CH1-PC ] 50 20 FA → [P0] POLL
[T+750547923us][CH2-DEVICE] 50 70 FA → [P0] IDLE
[T+750682921us][CH1-PC ] 51 20 FA → [P1] POLL
[T+750687921us][CH2-DEVICE] 51 70 FA → [P1] IDLE
[T+750823945us][CH1-PC ] 52 20 FA → [P2] POLL
[T+750828921us][CH2-DEVICE] 52 70 FA → [P2] IDLE
[T+750965921us][CH1-PC ] 53 20 FA → [P3] POLL
[T+750972921us][CH2-DEVICE] 53 70 FA → [P3] IDLE
[T+751104945us][CH1-PC ] 50 20 FA → [P0] POLL
[T+751109921us][CH2-DEVICE] 50 70 FA → [P0] IDLE
[T+751245945us][CH1-PC ] 51 20 FA → [P1] POLL
[T+751249949us][CH2-DEVICE] 51 70 FA → [P1] IDLE
[T+751385945us][CH1-PC ] 52 20 FA → [P2] POLL
[T+751391929us][CH2-DEVICE] 52 70 FA → [P2] IDLE
[T+751527921us][CH1-PC ] 53 20 FA → [P3] POLL
[T+751533562us][CH2-DEVICE] 53 70 FA → [P3] IDLE
[T+751667945us][CH1-PC ] 50 20 FA → [P0] POLL
[T+751672921us][CH2-DEVICE] 50 70 FA → [P0] IDLE
[T+751807921us][CH1-PC ] 51 20 FA → [P1] POLL
[T+751812921us][CH2-DEVICE] 51 70 FA → [P1] IDLE
[T+751948945us][CH1-PC ] 52 20 FA → [P2] POLL
[T+751952950us][CH2-DEVICE] 52 70 FA → [P2] IDLE
[T+752089921us][CH1-PC ] 53 20 FA → [P3] POLL
[T+752094921us][CH2-DEVICE] 53 70 FA → [P3] IDLE
[T+752229921us][CH1-PC ] 50 20 FA → [P0] POLL
[T+752234921us][CH2-DEVICE] 50 70 FA → [P0] IDLE
[T+752370945us][CH1-PC ] 51 20 FA → [P1] POLL
[T+752375921us][CH2-DEVICE] 51 70 FA → [P1] IDLE
[T+752510921us][CH1-PC ] 52 20 FA → [P2] POLL
[T+752515921us][CH2-DEVICE] 52 70 FA → [P2] IDLE
[T+752652921us][CH1-PC ] 53 20 FA → [P3] POLL
[T+752656949us][CH2-DEVICE] 53 70 FA → [P3] IDLE
[T+752791921us][CH1-PC ] 50 20 FA → [P0] POLL
[T+752798929us][CH2-DEVICE] 50 70 FA → [P0] IDLE
[T+752932921us][CH1-PC ] 51 20 FA → [P1] POLL
[T+752937921us][CH2-DEVICE] 51 70 FA → [P1] IDLE
[T+753073945us][CH1-PC ] 52 20 FA → [P2] POLL
[T+753078921us][CH2-DEVICE] 52 70 FA → [P2] IDLE
[T+753214946us][CH1-PC ] 53 20 FA → [P3] POLL
[T+753220563us][CH2-DEVICE] 53 70 FA → [P3] IDLE
[T+753354921us][CH1-PC ] 50 20 FA → [P0] POLL
[T+753359921us][CH2-DEVICE] 50 70 FA → [P0] IDLE
[T+753495945us][CH1-PC ] 51 20 FA → [P1] POLL
[T+753499949us][CH2-DEVICE] 51 70 FA → [P1] IDLE
[T+753635945us][CH1-PC ] 52 20 FA → [P2] POLL
[T+753641930us][CH2-DEVICE] 52 70 FA → [P2] IDLE
[T+753776921us][CH1-PC ] 53 20 FA → [P3] POLL
[T+753783426us][CH2-DEVICE] 53 70 FA → [P3] IDLE
[T+753916921us][CH1-PC ] 50 20 FA → [P0] POLL
[T+753922921us][CH2-DEVICE] 50 70 FA → [P0] IDLE
[T+754057921us][CH1-PC ] 51 20 FA → [P1] POLL
[T+754062921us][CH2-DEVICE] 51 70 FA → [P1] IDLE
[T+754198947us][CH1-PC ] 52 20 FA → [P2] POLL
[T+754204552us][CH2-DEVICE] 52 70 FA → [P2] IDLE
[T+754339945us][CH1-PC ] 53 20 FA → [P3] POLL
[T+754344921us][CH2-DEVICE] 53 70 FA → [P3] IDLE
[T+754479921us][CH1-PC ] 50 20 FA → [P0] POLL
[T+754483949us][CH2-DEVICE] 50 70 FA → [P0] IDLE
[T+754619945us][CH1-PC ] 51 20 FA → [P1] POLL
[T+754625929us][CH2-DEVICE] 51 70 FA → [P1] IDLE
[T+754760921us][CH1-PC ] 52 20 FA → [P2] POLL
[T+754767569us][CH2-DEVICE] 52 70 FA → [P2] IDLE
[T+754901921us][CH1-PC ] 53 20 FA → [P3] POLL
[T+754906921us][CH2-DEVICE] 53 70 FA → [P3] IDLE
[T+755041921us][CH1-PC ] 50 20 FA → [P0] POLL
[T+755046921us][CH2-DEVICE] 50 70 FA → [P0] IDLE
[T+755182945us][CH1-PC ] 51 20 FA → [P1] POLL
[T+755187921us][CH2-DEVICE] 51 70 FA → [P1] IDLE
[T+755322921us][CH1-PC ] 52 20 FA → [P2] POLL
[T+755327921us][CH2-DEVICE] 52 70 FA → [P2] IDLE
[T+755464921us][CH1-PC ] 53 20 FA → [P3] POLL
[T+755469921us][CH2-DEVICE] 53 70 FA → [P3] IDLE
[T+755604921us][CH1-PC ] 50 20 FA → [P0] POLL
[T+755610560us][CH2-DEVICE] 50 70 FA → [P0] IDLE
[T+755745921us][CH1-PC ] 51 20 FA → [P1] POLL
[T+755749949us][CH2-DEVICE] 51 70 FA → [P1] IDLE
[T+755885945us][CH1-PC ] 52 20 FA → [P2] POLL
[T+755890921us][CH2-DEVICE] 52 70 FA → [P2] IDLE
[T+756026945us][CH1-PC ] 53 20 FA → [P3] POLL
[T+756032921us][CH2-DEVICE] 53 70 FA → [P3] IDLE
[T+756166921us][CH1-PC ] 50 20 FA → [P0] POLL
[T+756173598us][CH2-DEVICE] 50 70 FA → [P0] IDLE
[T+756307921us][CH1-PC ] 51 20 FA → [P1] POLL
[T+756312921us][CH2-DEVICE] 51 70 FA → [P1] IDLE
[T+756447921us][CH1-PC ] 52 20 FA → [P2] POLL
[T+756453921us][CH2-DEVICE] 52 70 FA → [P2] IDLE
[T+756589950us][CH1-PC ] 53 20 FA → [P3] POLL
[T+756595921us][CH2-DEVICE] 53 70 FA → [P3] IDLE
[T+756729921us][CH1-PC ] 50 20 FA → [P0] POLL
[T+756734921us][CH2-DEVICE] 50 70 FA → [P0] IDLE
[T+756869930us][CH1-PC ] 51 20 FA → [P1] POLL
[T+756876921us][CH2-DEVICE] 51 70 FA → [P1] IDLE
[T+757010921us][CH1-PC ] 52 20 FA → [P2] POLL
[T+757015921us][CH2-DEVICE] 52 70 FA → [P2] IDLE
[T+757152921us][CH1-PC ] 53 20 FA → [P3] POLL
[T+757158611us][CH2-DEVICE] 53 70 FA → [P3] IDLE
[T+757291921us][CH1-PC ] 50 20 FA → [P0] POLL
[T+757297921us][CH2-DEVICE] 50 70 FA → [P0] IDLE
[T+757432921us][CH1-PC ] 51 20 FA → [P1] POLL
[T+757437921us][CH2-DEVICE] 51 70 FA → [P1] IDLE
[T+757572921us][CH1-PC ] 52 20 FA → [P2] POLL
[T+757577921us][CH2-DEVICE] 52 70 FA → [P2] IDLE
[T+757714921us][CH1-PC ] 53 20 FA → [P3] POLL
[T+757719921us][CH2-DEVICE] 53 70 FA → [P3] IDLE
[T+757854973us][CH1-PC ] 50 20 FA → [P0] POLL
[T+757858949us][CH2-DEVICE] 50 70 FA → [P0] IDLE
[T+757994962us][CH1-PC ] 51 20 FA → [P1] POLL
[T+758000596us][CH2-DEVICE] 51 70 FA → [P1] IDLE
[T+758135921us][CH1-PC ] 52 20 FA → [P2] POLL
[T+758140921us][CH2-DEVICE] 52 70 FA → [P2] IDLE
[T+758276945us][CH1-PC ] 53 20 FA → [P3] POLL
[T+758281921us][CH2-DEVICE] 53 70 FA → [P3] IDLE
[T+758416921us][CH1-PC ] 50 20 FA → [P0] POLL
[T+758422921us][CH2-DEVICE] 50 70 FA → [P0] IDLE
[T+758557921us][CH1-PC ] 51 20 FA → [P1] POLL
[T+758563612us][CH2-DEVICE] 51 70 FA → [P1] IDLE
[T+758697921us][CH1-PC ] 52 20 FA → [P2] POLL
[T+758703921us][CH2-DEVICE] 52 70 FA → [P2] IDLE
[T+758840132us][CH1-PC ] 53 20 FA → [P3] POLL
[T+758845921us][CH2-DEVICE] 53 70 FA → [P3] IDLE
[T+758979921us][CH1-PC ] 50 20 FA → [P0] POLL
[T+758984921us][CH2-DEVICE] 50 70 FA → [P0] IDLE
[T+759119921us][CH1-PC ] 51 20 FA → [P1] POLL
[T+759125921us][CH2-DEVICE] 51 70 FA → [P1] IDLE
[T+759260921us][CH1-PC ] 52 20 FA → [P2] POLL
[T+759266921us][CH2-DEVICE] 52 70 FA → [P2] IDLE
[T+759401921us][CH1-PC ] 53 20 FA → [P3] POLL
[T+759406921us][CH2-DEVICE] 53 70 FA → [P3] IDLE
[T+759541921us][CH1-PC ] 50 20 FA → [P0] POLL
[T+759547921us][CH2-DEVICE] 50 70 FA → [P0] IDLE
[T+759682921us][CH1-PC ] 51 20 FA → [P1] POLL
[T+759687921us][CH2-DEVICE] 51 70 FA → [P1] IDLE
[T+759822921us][CH1-PC ] 52 20 FA → [P2] POLL
[T+759828597us][CH2-DEVICE] 52 70 FA → [P2] IDLE
[T+759964921us][CH1-PC ] 53 20 FA → [P3] POLL
[T+759970617us][CH2-DEVICE] 53 70 FA → [P3] IDLE
[T+760103921us][CH1-PC ] 50 20 FA → [P0] POLL
[T+760109921us][CH2-DEVICE] 50 70 FA → [P0] IDLE
[T+760244929us][CH1-PC ] 51 20 FA → [P1] POLL
[T+760249921us][CH2-DEVICE] 51 70 FA → [P1] IDLE
[T+760385946us][CH1-PC ] 52 20 FA → [P2] POLL
[T+760390921us][CH2-DEVICE] 52 70 FA → [P2] IDLE
[T+760526945us][CH1-PC ] 53 20 FA → [P3] POLL
[T+760531921us][CH2-DEVICE] 53 70 FA → [P3] IDLE
[T+760666921us][CH1-PC ] 50 20 FA → [P0] POLL
[T+760672921us][CH2-DEVICE] 50 70 FA → [P0] IDLE
[T+760807921us][CH1-PC ] 51 20 FA → [P1] POLL
[T+760813613us][CH2-DEVICE] 51 70 FA → [P1] IDLE
[T+760947921us][CH1-PC ] 52 20 FA → [P2] POLL
[T+760953921us][CH2-DEVICE] 52 70 FA → [P2] IDLE
[T+761089945us][CH1-PC ] 53 20 FA → [P3] POLL
[T+761093953us][CH2-DEVICE] 53 70 FA → [P3] IDLE
[T+761228921us][CH1-PC ] 50 20 FA → [P0] POLL
[T+761233921us][CH2-DEVICE] 50 70 FA → [P0] IDLE
[T+761369945us][CH1-PC ] 51 20 FA → [P1] POLL
[T+761375921us][CH2-DEVICE] 51 70 FA → [P1] IDLE
[T+761510921us][CH1-PC ] 52 20 FA → [P2] POLL
[T+761515921us][CH2-DEVICE] 52 70 FA → [P2] IDLE
[T+761651945us][CH1-PC ] 53 20 FA → [P3] POLL
[T+761658603us][CH2-DEVICE] 53 70 FA → [P3] IDLE
[T+761791921us][CH1-PC ] 50 20 FA → [P0] POLL
[T+761797921us][CH2-DEVICE] 50 70 FA → [P0] IDLE
[T+761932921us][CH1-PC ] 51 20 FA → [P1] POLL
[T+761937921us][CH2-DEVICE] 51 70 FA → [P1] IDLE
[T+762072921us][CH1-PC ] 52 20 FA → [P2] POLL
[T+762077921us][CH2-DEVICE] 52 70 FA → [P2] IDLE
[T+762214921us][CH1-PC ] 53 20 FA → [P3] POLL
[T+762218949us][CH2-DEVICE] 53 70 FA → [P3] IDLE
[T+762353921us][CH1-PC ] 50 20 FA → [P0] POLL
[T+762359937us][CH2-DEVICE] 50 70 FA → [P0] IDLE
[T+762495743us][CH1-PC ] 51 20 FA → [P1] POLL
[T+762499951us][CH2-DEVICE] 51 70 FA → [P1] IDLE
[T+762635946us][CH1-PC ] 52 20 FA → [P2] POLL
[T+762640921us][CH2-DEVICE] 52 70 FA → [P2] IDLE
[T+762776945us][CH1-PC ] 53 20 FA → [P3] POLL
[T+762781921us][CH2-DEVICE] 53 70 FA → [P3] IDLE
[T+762916921us][CH1-PC ] 50 20 FA → [P0] POLL
[T+762922594us][CH2-DEVICE] 50 70 FA → [P0] IDLE
[T+763057922us][CH1-PC ] 51 20 FA → [P1] POLL
[T+763061949us][CH2-DEVICE] 51 70 FA → [P1] IDLE
[T+763197945us][CH1-PC ] 52 20 FA → [P2] POLL
[T+763202921us][CH2-DEVICE] 52 70 FA → [P2] IDLE
[T+763338945us][CH1-PC ] 53 20 FA → [P3] POLL
[T+763345114us][CH2-DEVICE] 53 70 FA → [P3] IDLE
[T+763478921us][CH1-PC ] 50 20 FA → [P0] POLL
[T+763483921us][CH2-DEVICE] 50 70 FA → [P0] IDLE
[T+763619962us][CH1-PC ] 51 20 FA → [P1] POLL
[T+763624921us][CH2-DEVICE] 51 70 FA → [P1] IDLE
[T+763760945us][CH1-PC ] 52 20 FA → [P2] POLL
[T+763765921us][CH2-DEVICE] 52 70 FA → [P2] IDLE
[T+763901921us][CH1-PC ] 53 20 FA → [P3] POLL
[T+763908595us][CH2-DEVICE] 53 70 FA → [P3] IDLE
[T+764041921us][CH1-PC ] 50 20 FA → [P0] POLL
[T+764046921us][CH2-DEVICE] 50 70 FA → [P0] IDLE
[T+764182921us][CH1-PC ] 51 20 FA → [P1] POLL
[T+764187921us][CH2-DEVICE] 51 70 FA → [P1] IDLE
[T+764322921us][CH1-PC ] 52 20 FA → [P2] POLL
[T+764327921us][CH2-DEVICE] 52 70 FA → [P2] IDLE
[T+764463946us][CH1-PC ] 53 20 FA → [P3] POLL
[T+764468921us][CH2-DEVICE] 53 70 FA → [P3] IDLE
[T+764603921us][CH1-PC ] 50 20 FA → [P0] POLL
[T+764609611us][CH2-DEVICE] 50 70 FA → [P0] IDLE
[T+764745848us][CH1-PC ] 51 20 FA → [P1] POLL
[T+764749950us][CH2-DEVICE] 51 70 FA → [P1] IDLE
[T+764885946us][CH1-PC ] 52 20 FA → [P2] POLL
[T+764890921us][CH2-DEVICE] 52 70 FA → [P2] IDLE
[T+765026945us][CH1-PC ] 53 20 FA → [P3] POLL
[T+765031921us][CH2-DEVICE] 53 70 FA → [P3] IDLE
[T+765166921us][CH1-PC ] 50 20 FA → [P0] POLL
[T+765172601us][CH2-DEVICE] 50 70 FA → [P0] IDLE
[T+765306921us][CH1-PC ] 51 20 FA → [P1] POLL
[T+765312921us][CH2-DEVICE] 51 70 FA → [P1] IDLE
[T+765447921us][CH1-PC ] 52 20 FA → [P2] POLL
[T+765452921us][CH2-DEVICE] 52 70 FA → [P2] IDLE
[T+765588945us][CH1-PC ] 53 20 FA → [P3] POLL
[T+765594921us][CH2-DEVICE] 53 70 FA → [P3] IDLE
[T+765728921us][CH1-PC ] 50 20 FA → [P0] POLL
[T+765733921us][CH2-DEVICE] 50 70 FA → [P0] IDLE
[T+765869947us][CH1-PC ] 51 20 FA → [P1] POLL
[T+765873949us][CH2-DEVICE] 51 70 FA → [P1] IDLE
[T+766010921us][CH1-PC ] 52 20 FA → [P2] POLL
[T+766015921us][CH2-DEVICE] 52 70 FA → [P2] IDLE
[T+766151945us][CH1-PC ] 53 20 FA → [P3] POLL
[T+766157608us][CH2-DEVICE] 53 70 FA → [P3] IDLE
[T+766291921us][CH1-PC ] 50 20 FA → [P0] POLL
[T+766296921us][CH2-DEVICE] 50 70 FA → [P0] IDLE
[T+766431921us][CH1-PC ] 51 20 FA → [P1] POLL
[T+766437929us][CH2-DEVICE] 51 70 FA → [P1] IDLE
[T+766572921us][CH1-PC ] 52 20 FA → [P2] POLL
[T+766577921us][CH2-DEVICE] 52 70 FA → [P2] IDLE
[T+766713947us][CH1-PC ] 53 20 FA → [P3] POLL
[T+766718921us][CH2-DEVICE] 53 70 FA → [P3] IDLE
[T+766853921us][CH1-PC ] 50 20 FA → [P0] POLL
[T+766859921us][CH2-DEVICE] 50 70 FA → [P0] IDLE
[T+766994921us][CH1-PC ] 51 20 FA → [P1] POLL
[T+767000601us][CH2-DEVICE] 51 70 FA → [P1] IDLE
[T+767134922us][CH1-PC ] 52 20 FA → [P2] POLL
[T+767139921us][CH2-DEVICE] 52 70 FA → [P2] IDLE
[T+767276921us][CH1-PC ] 53 20 FA → [P3] POLL
[T+767281921us][CH2-DEVICE] 53 70 FA → [P3] IDLE
[T+767416921us][CH1-PC ] 50 20 FA → [P0] POLL
[T+767421921us][CH2-DEVICE] 50 70 FA → [P0] IDLE
[T+767556921us][CH1-PC ] 51 20 FA → [P1] POLL
[T+767562921us][CH2-DEVICE] 51 70 FA → [P1] IDLE
[T+767697921us][CH1-PC ] 52 20 FA → [P2] POLL
[T+767703921us][CH2-DEVICE] 52 70 FA → [P2] IDLE
[T+767838921us][CH1-PC ] 53 20 FA → [P3] POLL
[T+767844921us][CH2-DEVICE] 53 70 FA → [P3] IDLE
[T+767978921us][CH1-PC ] 50 20 FA → [P0] POLL
[T+767985600us][CH2-DEVICE] 50 70 FA → [P0] IDLE
[T+768119921us][CH1-PC ] 51 20 FA → [P1] POLL
[T+768124921us][CH2-DEVICE] 51 70 FA → [P1] IDLE
[T+768259930us][CH1-PC ] 52 20 FA → [P2] POLL
[T+768265921us][CH2-DEVICE] 52 70 FA → [P2] IDLE
[T+768401945us][CH1-PC ] 53 20 FA → [P3] POLL
[T+768405950us][CH2-DEVICE] 53 70 FA → [P3] IDLE
[T+768541945us][CH1-PC ] 50 20 FA → [P0] POLL
[T+768546921us][CH2-DEVICE] 50 70 FA → [P0] IDLE
[T+768681921us][CH1-PC ] 51 20 FA → [P1] POLL
[T+768688929us][CH2-DEVICE] 51 70 FA → [P1] IDLE
[T+768822921us][CH1-PC ] 52 20 FA → [P2] POLL
[T+768829675us][CH2-DEVICE] 52 70 FA → [P2] IDLE
[T+768964921us][CH1-PC ] 53 20 FA → [P3] POLL
[T+768968949us][CH2-DEVICE] 53 70 FA → [P3] IDLE
[T+769103921us][CH1-PC ] 50 20 FA → [P0] POLL
[T+769109598us][CH2-DEVICE] 50 70 FA → [P0] IDLE
[T+769244921us][CH1-PC ] 51 20 FA → [P1] POLL
[T+769248949us][CH2-DEVICE] 51 70 FA → [P1] IDLE
[T+769384946us][CH1-PC ] 52 20 FA → [P2] POLL
[T+769389921us][CH2-DEVICE] 52 70 FA → [P2] IDLE
[T+769526921us][CH1-PC ] 53 20 FA → [P3] POLL
[T+769531921us][CH2-DEVICE] 53 70 FA → [P3] IDLE
[T+769666921us][CH1-PC ] 50 20 FA → [P0] POLL
[T+769672602us][CH2-DEVICE] 50 70 FA → [P0] IDLE
[T+769806921us][CH1-PC ] 51 20 FA → [P1] POLL
[T+769812921us][CH2-DEVICE] 51 70 FA → [P1] IDLE
[T+769947921us][CH1-PC ] 52 20 FA → [P2] POLL
[T+769967946us][CH2-DEVICE] 52 38 03 04 01 05 00 12 5D 25 03 FA → [P2] SEQ=38 [03 04 01 05 00 12]
[T+770036921us][CH1-PC ] 52 30 01 01 04 01 01 05 19 94 03 FA → [P2] DISP st=04(BUSY) [01 01 04 01 01 05]
[T+770042927us][CH2-DEVICE] 52 C0 FA → [P2] ACK
[T+770103922us][CH1-PC ] 52 C0 FA → [P2] ACK
[T+770244921us][CH1-PC ] 53 20 FA → [P3] POLL
[T+770251608us][CH2-DEVICE] 53 70 FA → [P3] IDLE
[T+770384921us][CH1-PC ] 50 20 FA → [P0] POLL
[T+770389921us][CH2-DEVICE] 50 70 FA → [P0] IDLE
[T+770525945us][CH1-PC ] 51 20 FA → [P1] POLL
[T+770530921us][CH2-DEVICE] 51 70 FA → [P1] IDLE
[T+770667921us][CH1-PC ] 52 20 FA → [P2] POLL
[T+770707948us][CH2-DEVICE] 52 39 02 08 00 00 00 00 00 00 00 00 03 04 01 05 00 12 01 01 01 8C 7F 03 FA → [P2] SEQ=39 FILL vol=0.00L price=0.00
[T+770746921us][CH1-PC ] 52 C0 FA → [P2] ACK
[T+770885921us][CH1-PC ] 53 20 FA → [P3] POLL
[T+770891609us][CH2-DEVICE] 53 70 FA → [P3] IDLE
[T+771025921us][CH1-PC ] 50 20 FA → [P0] POLL
[T+771030921us][CH2-DEVICE] 50 70 FA → [P0] IDLE
[T+771166945us][CH1-PC ] 51 20 FA → [P1] POLL
[T+771170950us][CH2-DEVICE] 51 70 FA → [P1] IDLE
[T+771307921us][CH1-PC ] 52 20 FA → [P2] POLL
[T+771312921us][CH2-DEVICE] 52 70 FA → [P2] IDLE
[T+771447921us][CH1-PC ] 53 20 FA → [P3] POLL
[T+771453921us][CH2-DEVICE] 53 70 FA → [P3] IDLE
[T+771587921us][CH1-PC ] 50 20 FA → [P0] POLL
[T+771593921us][CH2-DEVICE] 50 70 FA → [P0] IDLE
[T+771728921us][CH1-PC ] 51 20 FA → [P1] POLL
[T+771734609us][CH2-DEVICE] 51 70 FA → [P1] IDLE
[T+771869945us][CH1-PC ] 52 20 FA → [P2] POLL
[T+771874921us][CH2-DEVICE] 52 70 FA → [P2] IDLE
[T+772010945us][CH1-PC ] 53 20 FA → [P3] POLL
[T+772015921us][CH2-DEVICE] 53 70 FA → [P3] IDLE
[T+772150921us][CH1-PC ] 50 20 FA → [P0] POLL
[T+772155921us][CH2-DEVICE] 50 70 FA → [P0] IDLE
[T+772290921us][CH1-PC ] 51 20 FA → [P1] POLL
[T+772297609us][CH2-DEVICE] 51 70 FA → [P1] IDLE
[T+772431921us][CH1-PC ] 52 20 FA → [P2] POLL
[T+772436921us][CH2-DEVICE] 52 70 FA → [P2] IDLE
[T+772572945us][CH1-PC ] 53 20 FA → [P3] POLL
[T+772578921us][CH2-DEVICE] 53 70 FA → [P3] IDLE
[T+772712921us][CH1-PC ] 50 20 FA → [P0] POLL
[T+772717921us][CH2-DEVICE] 50 70 FA → [P0] IDLE
[T+772853921us][CH1-PC ] 51 20 FA → [P1] POLL
[T+772858921us][CH2-DEVICE] 51 70 FA → [P1] IDLE
[T+772994945us][CH1-PC ] 52 20 FA → [P2] POLL
[T+773001601us][CH2-DEVICE] 52 70 FA → [P2] IDLE
[T+773135921us][CH1-PC ] 53 20 FA → [P3] POLL
[T+773140921us][CH2-DEVICE] 53 70 FA → [P3] IDLE
[T+773275921us][CH1-PC ] 50 20 FA → [P0] POLL
[T+773281611us][CH2-DEVICE] 50 70 FA → [P0] IDLE
[T+773415921us][CH1-PC ] 51 20 FA → [P1] POLL
[T+773421921us][CH2-DEVICE] 51 70 FA → [P1] IDLE
[T+773557945us][CH1-PC ] 52 20 FA → [P2] POLL
[T+773561949us][CH2-DEVICE] 52 70 FA → [P2] IDLE
[T+773675981us][CH1-PC ] 52 30 01 01 05 02 04 01 02 03 04 05 0C 01 43 00 01 05 00 01 24 00 01 43 30 03 04 00 00 02 00 01 01 06 15 6B 03 FA → [P2] DISP st=05(IDLE) [01 01 05 02 04 01 02 03 04 05 0C 01...]
[T+773680921us][CH2-DEVICE] 52 C0 FA → [P2] ACK
[T+773807921us][CH1-PC ] 53 20 FA → [P3] POLL
[T+773812921us][CH2-DEVICE] 53 70 FA → [P3] IDLE
[T+773947921us][CH1-PC ] 50 20 FA → [P0] POLL
[T+773952921us][CH2-DEVICE] 50 70 FA → [P0] IDLE
[T+774087921us][CH1-PC ] 51 20 FA → [P1] POLL
[T+774092921us][CH2-DEVICE] 51 70 FA → [P1] IDLE
[T+774228921us][CH1-PC ] 52 20 FA → [P2] POLL
[T+774263921us][CH2-DEVICE] 52 3A 01 01 02 02 08 00 00 00 00 00 00 00 00 DA F7 03 FA → [P2] SEQ=3A FILL vol=0.00L price=0.00
[T+774309921us][CH1-PC ] 52 C0 FA → [P2] ACK
[T+774447946us][CH1-PC ] 53 20 FA → [P3] POLL
[T+774453921us][CH2-DEVICE] 53 70 FA → [P3] IDLE
[T+774587921us][CH1-PC ] 50 20 FA → [P0] POLL
[T+774594600us][CH2-DEVICE] 50 70 FA → [P0] IDLE
[T+774728921us][CH1-PC ] 51 20 FA → [P1] POLL
[T+774733921us][CH2-DEVICE] 51 70 FA → [P1] IDLE
[T+774869945us][CH1-PC ] 52 20 FA → [P2] POLL
[T+774875976us][CH2-DEVICE] 52 70 FA → [P2] IDLE
[T+774954921us][CH1-PC ] 52 30 01 01 04 E7 5F 03 FA → [P2] DISP st=04(BUSY) [01 01 04]
[T+774959921us][CH2-DEVICE] 52 C0 FA → [P2] ACK
[T+775166921us][CH1-PC ] 53 20 FA → [P3] POLL
[T+775172921us][CH2-DEVICE] 53 70 FA → [P3] IDLE
[T+775306921us][CH1-PC ] 50 20 FA → [P0] POLL
[T+775312608us][CH2-DEVICE] 50 70 FA → [P0] IDLE
[T+775447945us][CH1-PC ] 51 20 FA → [P1] POLL
[T+775452921us][CH2-DEVICE] 51 70 FA → [P1] IDLE
[T+775588945us][CH1-PC ] 52 20 FA → [P2] POLL
[T+775624946us][CH2-DEVICE] 52 3B 02 08 00 00 00 00 00 00 00 00 03 04 01 05 00 12 3A F0 03 FA → [P2] SEQ=3B FILL vol=0.00L price=0.00
[T+775668945us][CH1-PC ] 52 C0 FA → [P2] ACK
[T+775807921us][CH1-PC ] 53 20 FA → [P3] POLL
[T+775812921us][CH2-DEVICE] 53 70 FA → [P3] IDLE
[T+775947921us][CH1-PC ] 50 20 FA → [P0] POLL
[T+775953585us][CH2-DEVICE] 50 70 FA → [P0] IDLE
[T+776087921us][CH1-PC ] 51 20 FA → [P1] POLL
[T+776093921us][CH2-DEVICE] 51 70 FA → [P1] IDLE
[T+776228921us][CH1-PC ] 52 20 FA → [P2] POLL
[T+776233921us][CH2-DEVICE] 52 70 FA → [P2] IDLE
[T+776313945us][CH1-PC ] 52 30 01 01 04 E7 5F 03 FA → [P2] DISP st=04(BUSY) [01 01 04]
[T+776318921us][CH2-DEVICE] 52 C0 FA → [P2] ACK
[T+776526923us][CH1-PC ] 53 20 FA → [P3] POLL
[T+776532921us][CH2-DEVICE] 53 70 FA → [P3] IDLE
[T+776665921us][CH1-PC ] 50 20 FA → [P0] POLL
[T+776672440us][CH2-DEVICE] 50 70 FA → [P0] IDLE
[T+776806921us][CH1-PC ] 51 20 FA → [P1] POLL
[T+776811921us][CH2-DEVICE] 51 70 FA → [P1] IDLE
[T+776946928us][CH1-PC ] 52 20 FA → [P2] POLL
[T+776983921us][CH2-DEVICE] 52 3C 02 08 00 00 00 00 00 00 00 00 03 04 01 05 00 12 88 C1 03 FA → [P2] SEQ=3C FILL vol=0.00L price=0.00
[T+777027945us][CH1-PC ] 52 C0 FA → [P2] ACK
[T+777166921us][CH1-PC ] 53 20 FA → [P3] POLL
[T+777174612us][CH2-DEVICE] 53 70 FA → [P3] IDLE
[T+777306921us][CH1-PC ] 50 20 FA → [P0] POLL
[T+777311921us][CH2-DEVICE] 50 70 FA → [P0] IDLE
[T+777446921us][CH1-PC ] 51 20 FA → [P1] POLL
[T+777452921us][CH2-DEVICE] 51 70 FA → [P1] IDLE
[T+777587921us][CH1-PC ] 52 20 FA → [P2] POLL
[T+777592921us][CH2-DEVICE] 52 70 FA → [P2] IDLE
[T+777672945us][CH1-PC ] 52 30 01 01 04 E7 5F 03 FA → [P2] DISP st=04(BUSY) [01 01 04]
[T+777679929us][CH2-DEVICE] 52 C0 FA → [P2] ACK
[T+777885921us][CH1-PC ] 53 20 FA → [P3] POLL
[T+777890921us][CH2-DEVICE] 53 70 FA → [P3] IDLE
[T+778025921us][CH1-PC ] 50 20 FA → [P0] POLL
[T+778029949us][CH2-DEVICE] 50 70 FA → [P0] IDLE
[T+778165945us][CH1-PC ] 51 20 FA → [P1] POLL
[T+778171921us][CH2-DEVICE] 51 70 FA → [P1] IDLE
[T+778306921us][CH1-PC ] 52 20 FA → [P2] POLL
[T+778345921us][CH2-DEVICE] 52 3D 02 08 00 00 00 00 00 00 00 00 03 04 01 05 00 12 D9 51 03 FA → [P2] SEQ=3D FILL vol=0.00L price=0.00
[T+778387921us][CH1-PC ] 52 C0 FA → [P2] ACK
[T+778525945us][CH1-PC ] 53 20 FA → [P3] POLL
[T+778531921us][CH2-DEVICE] 53 70 FA → [P3] IDLE
[T+778665921us][CH1-PC ] 50 20 FA → [P0] POLL
[T+778672612us][CH2-DEVICE] 50 70 FA → [P0] IDLE
[T+778806921us][CH1-PC ] 51 20 FA → [P1] POLL
[T+778811921us][CH2-DEVICE] 51 70 FA → [P1] IDLE
[T+778946921us][CH1-PC ] 52 20 FA → [P2] POLL
[T+778952578us][CH2-DEVICE] 52 70 FA → [P2] IDLE
[T+779032921us][CH1-PC ] 52 30 01 01 04 E7 5F 03 FA → [P2] DISP st=04(BUSY) [01 01 04]
[T+779037921us][CH2-DEVICE] 52 C0 FA → [P2] ACK
[T+779244921us][CH1-PC ] 53 20 FA → [P3] POLL
[T+779249921us][CH2-DEVICE] 53 70 FA → [P3] IDLE
[T+779384921us][CH1-PC ] 50 20 FA → [P0] POLL
[T+779389921us][CH2-DEVICE] 50 70 FA → [P0] IDLE
[T+779524923us][CH1-PC ] 51 20 FA → [P1] POLL
[T+779530936us][CH2-DEVICE] 51 70 FA → [P1] IDLE
[T+779665921us][CH1-PC ] 52 20 FA → [P2] POLL
[T+779703921us][CH2-DEVICE] 52 3E 02 08 00 00 00 05 00 00 05 25 03 04 01 05 00 12 8C 90 03 FA → [P2] SEQ=3E FILL vol=0.05L price=5.25
[T+779746921us][CH1-PC ] 52 C0 FA → [P2] ACK
[T+779885921us][CH1-PC ] 53 20 FA → [P3] POLL
[T+779890921us][CH2-DEVICE] 53 70 FA → [P3] IDLE
[T+780024921us][CH1-PC ] 50 20 FA → [P0] POLL
[T+780030921us][CH2-DEVICE] 50 70 FA → [P0] IDLE
[T+780165921us][CH1-PC ] 51 20 FA → [P1] POLL
[T+780171930us][CH2-DEVICE] 51 70 FA → [P1] IDLE
[T+780306921us][CH1-PC ] 52 20 FA → [P2] POLL
[T+780332921us][CH2-DEVICE] 52 3F 02 08 00 00 00 06 00 00 06 30 BB AD 03 FA → [P2] SEQ=3F FILL vol=0.06L price=6.30
[T+780386921us][CH1-PC ] 52 C0 FA → [P2] ACK
[T+780525921us][CH1-PC ] 53 20 FA → [P3] POLL
[T+780531608us][CH2-DEVICE] 53 70 FA → [P3] IDLE
[T+780665921us][CH1-PC ] 50 20 FA → [P0] POLL
[T+780670921us][CH2-DEVICE] 50 70 FA → [P0] IDLE
[T+780806945us][CH1-PC ] 51 20 FA → [P1] POLL
[T+780811921us][CH2-DEVICE] 51 70 FA → [P1] IDLE
[T+780947947us][CH1-PC ] 52 20 FA → [P2] POLL
[T+780972921us][CH2-DEVICE] 52 31 02 08 00 00 00 07 00 00 07 35 73 16 03 FA → [P2] SEQ=31 FILL vol=0.07L price=7.35
[T+781026921us][CH1-PC ] 52 C0 FA → [P2] ACK
[T+781166923us][CH1-PC ] 53 20 FA → [P3] POLL
[T+781171921us][CH2-DEVICE] 53 70 FA → [P3] IDLE
[T+781306921us][CH1-PC ] 50 20 FA → [P0] POLL
[T+781312602us][CH2-DEVICE] 50 70 FA → [P0] IDLE
[T+781446921us][CH1-PC ] 51 20 FA → [P1] POLL
[T+781451921us][CH2-DEVICE] 51 70 FA → [P1] IDLE
[T+781588921us][CH1-PC ] 52 20 FA → [P2] POLL
[T+781613921us][CH2-DEVICE] 52 32 02 08 00 00 00 08 00 00 08 40 EC 44 03 FA → [P2] SEQ=32 FILL vol=0.08L price=8.40
[T+781667921us][CH1-PC ] 52 C0 FA → [P2] ACK
[T+781806921us][CH1-PC ] 53 20 FA → [P3] POLL
[T+781812921us][CH2-DEVICE] 53 70 FA → [P3] IDLE
[T+781946921us][CH1-PC ] 50 20 FA → [P0] POLL
[T+781951921us][CH2-DEVICE] 50 70 FA → [P0] IDLE
[T+782087951us][CH1-PC ] 51 20 FA → [P1] POLL
[T+782093612us][CH2-DEVICE] 51 70 FA → [P1] IDLE
[T+782228945us][CH1-PC ] 52 20 FA → [P2] POLL
[T+782261921us][CH2-DEVICE] 52 33 01 01 04 02 08 00 00 00 10 00 00 10 50 01 49 03 FA → [P2] SEQ=33 FILL vol=0.10L price=10.50
[T+782308921us][CH1-PC ] 52 C0 FA → [P2] ACK
[T+782447921us][CH1-PC ] 53 20 FA → [P3] POLL
[T+782453937us][CH2-DEVICE] 53 70 FA → [P3] IDLE
[T+782587921us][CH1-PC ] 50 20 FA → [P0] POLL
[T+782592921us][CH2-DEVICE] 50 70 FA → [P0] IDLE
[T+782727921us][CH1-PC ] 51 20 FA → [P1] POLL
[T+782733921us][CH2-DEVICE] 51 70 FA → [P1] IDLE
[T+782869945us][CH1-PC ] 52 20 FA → [P2] POLL
[T+782895921us][CH2-DEVICE] 52 34 02 08 00 00 00 28 00 00 29 40 6B 5B 03 FA → [P2] SEQ=34 FILL vol=0.28L price=29.40
[T+782948921us][CH1-PC ] 52 C0 FA → [P2] ACK
[T+783087945us][CH1-PC ] 53 20 FA → [P3] POLL
[T+783094921us][CH2-DEVICE] 53 70 FA → [P3] IDLE
[T+783227921us][CH1-PC ] 50 20 FA → [P0] POLL
[T+783234609us][CH2-DEVICE] 50 70 FA → [P0] IDLE
[T+783368921us][CH1-PC ] 51 20 FA → [P1] POLL
[T+783373921us][CH2-DEVICE] 51 70 FA → [P1] IDLE
[T+783509945us][CH1-PC ] 52 20 FA → [P2] POLL
[T+783537964us][CH2-DEVICE] 52 35 02 08 00 00 00 54 00 00 56 70 1E 49 03 FA → [P2] SEQ=35 FILL vol=0.54L price=56.70
[T+783589945us][CH1-PC ] 52 C0 FA → [P2] ACK
[T+783728921us][CH1-PC ] 53 20 FA → [P3] POLL
[T+783734921us][CH2-DEVICE] 53 70 FA → [P3] IDLE
[T+783868921us][CH1-PC ] 50 20 FA → [P0] POLL
[T+783874930us][CH2-DEVICE] 50 70 FA → [P0] IDLE
[T+784009921us][CH1-PC ] 51 20 FA → [P1] POLL
[T+784014921us][CH2-DEVICE] 51 70 FA → [P1] IDLE
[T+784150945us][CH1-PC ] 52 20 FA → [P2] POLL
[T+784176011us][CH2-DEVICE] 52 36 02 08 00 00 00 83 00 00 87 15 F9 64 03 FA → [P2] SEQ=36 FILL vol=0.83L price=87.15
[T+784230921us][CH1-PC ] 52 C0 FA → [P2] ACK
[T+784369921us][CH1-PC ] 53 20 FA → [P3] POLL
[T+784376929us][CH2-DEVICE] 53 70 FA → [P3] IDLE
[T+784509921us][CH1-PC ] 50 20 FA → [P0] POLL
[T+784513949us][CH2-DEVICE] 50 70 FA → [P0] IDLE
[T+784649922us][CH1-PC ] 51 20 FA → [P1] POLL
[T+784656612us][CH2-DEVICE] 51 70 FA → [P1] IDLE
[T+784791945us][CH1-PC ] 52 20 FA → [P2] POLL
[T+784818921us][CH2-DEVICE] 52 37 02 08 00 00 01 11 00 01 16 55 78 34 03 FA → [P2] SEQ=37 FILL vol=1.11L price=116.55
[T+784870946us][CH1-PC ] 52 C0 FA → [P2] ACK
[T+785009921us][CH1-PC ] 53 20 FA → [P3] POLL
[T+785016608us][CH2-DEVICE] 53 70 FA → [P3] IDLE
[T+785149921us][CH1-PC ] 50 20 FA → [P0] POLL
[T+785154921us][CH2-DEVICE] 50 70 FA → [P0] IDLE
[T+785290945us][CH1-PC ] 51 20 FA → [P1] POLL
[T+785296921us][CH2-DEVICE] 51 70 FA → [P1] IDLE
[T+785431921us][CH1-PC ] 52 20 FA → [P2] POLL
[T+785456921us][CH2-DEVICE] 52 38 02 08 00 00 01 44 00 01 51 20 B6 3B 03 FA → [P2] SEQ=38 FILL vol=1.44L price=151.20
[T+785511921us][CH1-PC ] 52 C0 FA → [P2] ACK
[T+785650921us][CH1-PC ] 53 20 FA → [P3] POLL
[T+785658245us][CH2-DEVICE] 53 70 FA → [P3] IDLE
[T+785790921us][CH1-PC ] 50 20 FA → [P0] POLL
[T+785795921us][CH2-DEVICE] 50 70 FA → [P0] IDLE
[T+785930921us][CH1-PC ] 51 20 FA → [P1] POLL
[T+785936582us][CH2-DEVICE] 51 70 FA → [P1] IDLE
[T+786072921us][CH1-PC ] 52 20 FA → [P2] POLL
[T+786100945us][CH2-DEVICE] 52 39 02 08 00 00 01 73 00 01 81 65 DB 30 03 FA → [P2] SEQ=39 FILL vol=1.73L price=181.65
[T+786151921us][CH1-PC ] 52 C0 FA → [P2] ACK
[T+786290921us][CH1-PC ] 53 20 FA → [P3] POLL
[T+786296940us][CH2-DEVICE] 53 70 FA → [P3] IDLE
[T+786430921us][CH1-PC ] 50 20 FA → [P0] POLL
[T+786436921us][CH2-DEVICE] 50 70 FA → [P0] IDLE
[T+786571921us][CH1-PC ] 51 20 FA → [P1] POLL
[T+786576921us][CH2-DEVICE] 51 70 FA → [P1] IDLE
[T+786712945us][CH1-PC ] 52 20 FA → [P2] POLL
[T+786739921us][CH2-DEVICE] 52 3A 02 08 00 00 01 84 00 01 93 20 EC F2 03 FA → [P2] SEQ=3A FILL vol=1.84L price=193.20
[T+786792921us][CH1-PC ] 52 C0 FA → [P2] ACK
[T+786931947us][CH1-PC ] 53 20 FA → [P3] POLL
[T+786937921us][CH2-DEVICE] 53 70 FA → [P3] IDLE
[T+787071921us][CH1-PC ] 50 20 FA → [P0] POLL
[T+787077602us][CH2-DEVICE] 50 70 FA → [P0] IDLE
[T+787212945us][CH1-PC ] 51 20 FA → [P1] POLL
[T+787217921us][CH2-DEVICE] 51 70 FA → [P1] IDLE
[T+787353945us][CH1-PC ] 52 20 FA → [P2] POLL
[T+787358921us][CH2-DEVICE] 52 70 FA → [P2] IDLE
[T+787438921us][CH1-PC ] 52 30 01 01 04 E7 5F 03 FA → [P2] DISP st=04(BUSY) [01 01 04]
[T+787444696us][CH2-DEVICE] 52 C0 FA → [P2] ACK
[T+787650921us][CH1-PC ] 53 20 FA → [P3] POLL
[T+787656929us][CH2-DEVICE] 53 70 FA → [P3] IDLE
[T+787790921us][CH1-PC ] 50 20 FA → [P0] POLL
[T+787795921us][CH2-DEVICE] 50 70 FA → [P0] IDLE
[T+787930921us][CH1-PC ] 51 20 FA → [P1] POLL
[T+787936921us][CH2-DEVICE] 51 70 FA → [P1] IDLE
[T+788072945us][CH1-PC ] 52 20 FA → [P2] POLL
[T+788108945us][CH2-DEVICE] 52 3B 02 08 00 00 01 86 00 01 95 30 03 04 01 05 00 12 84 B9 03 FA → [P2] SEQ=3B FILL vol=1.86L price=195.30
[T+788152945us][CH1-PC ] 52 C0 FA → [P2] ACK
[T+788291921us][CH1-PC ] 53 20 FA → [P3] POLL
[T+788297921us][CH2-DEVICE] 53 70 FA → [P3] IDLE
[T+788430921us][CH1-PC ] 50 20 FA → [P0] POLL
[T+788437629us][CH2-DEVICE] 50 70 FA → [P0] IDLE
[T+788571921us][CH1-PC ] 51 20 FA → [P1] POLL
[T+788577921us][CH2-DEVICE] 51 70 FA → [P1] IDLE
[T+788712921us][CH1-PC ] 52 20 FA → [P2] POLL
[T+788739921us][CH2-DEVICE] 52 3C 02 08 00 00 01 87 00 01 96 35 74 E5 03 FA → [P2] SEQ=3C FILL vol=1.87L price=196.35
[T+788792921us][CH1-PC ] 52 C0 FA → [P2] ACK
[T+788931946us][CH1-PC ] 53 20 FA → [P3] POLL
[T+788936921us][CH2-DEVICE] 53 70 FA → [P3] IDLE
[T+789071921us][CH1-PC ] 50 20 FA → [P0] POLL
[T+789076921us][CH2-DEVICE] 50 70 FA → [P0] IDLE
[T+789212922us][CH1-PC ] 51 20 FA → [P1] POLL
[T+789217921us][CH2-DEVICE] 51 70 FA → [P1] IDLE
[T+789353945us][CH1-PC ] 52 20 FA → [P2] POLL
[T+789380921us][CH2-DEVICE] 52 3D 02 08 00 00 01 88 00 01 97 40 E4 6F 03 FA → [P2] SEQ=3D FILL vol=1.88L price=197.40
[T+789433921us][CH1-PC ] 52 C0 FA → [P2] ACK
[T+789572945us][CH1-PC ] 53 20 FA → [P3] POLL
[T+789579437us][CH2-DEVICE] 53 70 FA → [P3] IDLE
[T+789712921us][CH1-PC ] 50 20 FA → [P0] POLL
[T+789716952us][CH2-DEVICE] 50 70 FA → [P0] IDLE
[T+789852945us][CH1-PC ] 51 20 FA → [P1] POLL
[T+789858575us][CH2-DEVICE] 51 70 FA → [P1] IDLE
[T+789993946us][CH1-PC ] 52 20 FA → [P2] POLL
[T+790021282us][CH2-DEVICE] 52 3E 02 08 00 00 01 89 00 01 98 45 13 18 03 FA → [P2] SEQ=3E FILL vol=1.89L price=198.45
[T+790073921us][CH1-PC ] 52 C0 FA → [P2] ACK
[T+790212945us][CH1-PC ] 53 20 FA → [P3] POLL
[T+790218929us][CH2-DEVICE] 53 70 FA → [P3] IDLE
[T+790352921us][CH1-PC ] 50 20 FA → [P0] POLL
[T+790357921us][CH2-DEVICE] 50 70 FA → [P0] IDLE
[T+790493945us][CH1-PC ] 51 20 FA → [P1] POLL
[T+790498921us][CH2-DEVICE] 51 70 FA → [P1] IDLE
[T+790634945us][CH1-PC ] 52 20 FA → [P2] POLL
[T+790660921us][CH2-DEVICE] 52 3F 02 08 00 00 01 90 00 01 99 50 CA 79 03 FA → [P2] SEQ=3F FILL vol=1.90L price=199.50
[T+790714921us][CH1-PC ] 52 C0 FA → [P2] ACK
[T+790853921us][CH1-PC ] 53 20 FA → [P3] POLL
[T+790859921us][CH2-DEVICE] 53 70 FA → [P3] IDLE
[T+790993922us][CH1-PC ] 50 20 FA → [P0] POLL
[T+790998921us][CH2-DEVICE] 50 70 FA → [P0] IDLE
[T+791133921us][CH1-PC ] 51 20 FA → [P1] POLL
[T+791139921us][CH2-DEVICE] 51 70 FA → [P1] IDLE
[T+791275946us][CH1-PC ] 52 20 FA → [P2] POLL
[T+791300923us][CH2-DEVICE] 52 31 02 08 00 00 01 91 00 02 00 55 99 02 03 FA → [P2] SEQ=31 FILL vol=1.91L price=200.55
[T+791354921us][CH1-PC ] 52 C0 FA → [P2] ACK
[T+791493921us][CH1-PC ] 53 20 FA → [P3] POLL
[T+791499921us][CH2-DEVICE] 53 70 FA → [P3] IDLE
[T+791633921us][CH1-PC ] 50 20 FA → [P0] POLL
[T+791640597us][CH2-DEVICE] 50 70 FA → [P0] IDLE
[T+791774921us][CH1-PC ] 51 20 FA → [P1] POLL
[T+791779921us][CH2-DEVICE] 51 70 FA → [P1] IDLE
[T+791915950us][CH1-PC ] 52 20 FA → [P2] POLL
[T+791941921us][CH2-DEVICE] 52 32 02 08 00 00 01 92 00 02 01 60 13 C1 03 FA → [P2] SEQ=32 FILL vol=1.92L price=201.60
[T+791995921us][CH1-PC ] 52 C0 FA → [P2] ACK
[T+792134921us][CH1-PC ] 53 20 FA → [P3] POLL
[T+792139921us][CH2-DEVICE] 53 70 FA → [P3] IDLE
[T+792274922us][CH1-PC ] 50 20 FA → [P0] POLL
[T+792280921us][CH2-DEVICE] 50 70 FA → [P0] IDLE
[T+792415921us][CH1-PC ] 51 20 FA → [P1] POLL
[T+792421608us][CH2-DEVICE] 51 70 FA → [P1] IDLE
[T+792556945us][CH1-PC ] 52 20 FA → [P2] POLL
[T+792582921us][CH2-DEVICE] 52 33 02 08 00 00 01 93 00 02 02 65 EA 0E 03 FA → [P2] SEQ=33 FILL vol=1.93L price=202.65
[T+792635921us][CH1-PC ] 52 C0 FA → [P2] ACK
[T+792775921us][CH1-PC ] 53 20 FA → [P3] POLL
[T+792781618us][CH2-DEVICE] 53 70 FA → [P3] IDLE
[T+792914921us][CH1-PC ] 50 20 FA → [P0] POLL
[T+792920921us][CH2-DEVICE] 50 70 FA → [P0] IDLE
[T+793055921us][CH1-PC ] 51 20 FA → [P1] POLL
[T+793060921us][CH2-DEVICE] 51 70 FA → [P1] IDLE
[T+793196945us][CH1-PC ] 52 20 FA → [P2] POLL
[T+793223921us][CH2-DEVICE] 52 34 02 08 00 00 01 94 00 02 03 70 85 E5 03 FA → [P2] SEQ=34 FILL vol=1.94L price=203.70
[T+793276921us][CH1-PC ] 52 C0 FA → [P2] ACK
[T+793415946us][CH1-PC ] 53 20 FA → [P3] POLL
[T+793422929us][CH2-DEVICE] 53 70 FA → [P3] IDLE
[T+793556921us][CH1-PC ] 50 20 FA → [P0] POLL
[T+793560949us][CH2-DEVICE] 50 70 FA → [P0] IDLE
[T+793696945us][CH1-PC ] 51 20 FA → [P1] POLL
[T+793701921us][CH2-DEVICE] 51 70 FA → [P1] IDLE
[T+793838921us][CH1-PC ] 52 20 FA → [P2] POLL
[T+793866948us][CH2-DEVICE] 52 35 02 08 00 00 01 95 00 02 04 75 7E EA 03 FA → [P2] SEQ=35 FILL vol=1.95L price=204.75
[T+793917921us][CH1-PC ] 52 C0 FA → [P2] ACK
[T+793999921us][CH1-PC ] 52 31 01 01 08 E6 A6 03 FA → [P2] SEQ=31 [01 01 08]
[T+794005947us][CH2-DEVICE] 52 C1 FA → WAYNE: bad frame
[T+794071921us][CH1-PC ] 52 C0 FA → [P2] ACK
[T+794156921us][CH1-PC ] 52 30 01 01 08 E7 5A 03 FA → [P2] DISP st=08(?) [01 01 08]
[T+794163690us][CH2-DEVICE] 52 C0 FA → [P2] ACK
[T+794227945us][CH1-PC ] 52 C0 FA → [P2] ACK
[T+794368921us][CH1-PC ] 53 20 FA → [P3] POLL
[T+794373921us][CH2-DEVICE] 53 70 FA → [P3] IDLE
[T+794453946us][CH1-PC ] 53 31 01 01 08 DB 66 03 FA → [P3] SEQ=31 [01 01 08]
[T+794459921us][CH2-DEVICE] 53 C1 FA → WAYNE: bad frame
[T+794524921us][CH1-PC ] 53 C0 FA → [P3] ACK
[T+794609921us][CH1-PC ] 53 30 01 01 08 DA 9A 03 FA → [P3] DISP st=08(?) [01 01 08]
[T+794614921us][CH2-DEVICE] 53 C0 FA → [P3] ACK
[T+794680925us][CH1-PC ] 53 C0 FA → [P3] ACK
[T+794821921us][CH1-PC ] 50 20 FA → [P0] POLL
[T+794827921us][CH2-DEVICE] 50 70 FA → [P0] IDLE
[T+794906921us][CH1-PC ] 50 31 01 01 08 9F 66 03 FA → [P0] SEQ=31 [01 01 08]
[T+794912711us][CH2-DEVICE] 50 C1 FA → WAYNE: bad frame
[T+794977921us][CH1-PC ] 50 C0 FA → [P0] ACK
[T+795062921us][CH1-PC ] 50 30 01 01 08 9E 9A 03 FA → [P0] DISP st=08(?) [01 01 08]
[T+795067921us][CH2-DEVICE] 50 C0 FA → [P0] ACK
[T+795133921us][CH1-PC ] 50 C0 FA → [P0] ACK
[T+795274922us][CH1-PC ] 51 20 FA → [P1] POLL
[T+795279921us][CH2-DEVICE] 51 70 FA → [P1] IDLE
[T+795359945us][CH1-PC ] 51 31 01 01 08 A2 A6 03 FA → [P1] SEQ=31 [01 01 08]
[T+795365950us][CH2-DEVICE] 51 C1 FA → WAYNE: bad frame
[T+795430921us][CH1-PC ] 51 C0 FA → [P1] ACK
[T+795515921us][CH1-PC ] 51 30 01 01 08 A3 5A 03 FA → [P1] DISP st=08(?) [01 01 08]
[T+795521921us][CH2-DEVICE] 51 C0 FA → [P1] ACK
[T+795586921us][CH1-PC ] 51 C0 FA → [P1] ACK
[T+795728921us][CH1-PC ] 52 20 FA → [P2] POLL
[T+795733921us][CH2-DEVICE] 52 70 FA → [P2] IDLE
[T+795812921us][CH1-PC ] 52 30 01 01 04 E7 5F 03 FA → [P2] DISP st=04(BUSY) [01 01 04]
[T+795819058us][CH2-DEVICE] 52 C0 FA → [P2] ACK
[T+796024921us][CH1-PC ] 53 20 FA → [P3] POLL
[T+796044945us][CH2-DEVICE] 53 35 01 01 05 01 01 05 8C A4 03 FA → [P3] SEQ=35 [01 01 05 01 01 05]
[T+796103921us][CH1-PC ] 53 C0 FA → [P3] ACK
[T+796242921us][CH1-PC ] 50 20 FA → [P0] POLL
[T+796263921us][CH2-DEVICE] 50 39 01 01 00 01 01 00 C0 7E 03 FA → [P0] SEQ=39 [01 01 00 01 01 00]
[T+796322921us][CH1-PC ] 50 C0 FA → [P0] ACK
[T+796461921us][CH1-PC ] 51 20 FA → [P1] POLL
[T+796482921us][CH2-DEVICE] 51 39 01 01 00 01 01 00 01 B2 03 FA → [P1] SEQ=39 [01 01 00 01 01 00]
[T+796540921us][CH1-PC ] 51 C0 FA → [P1] ACK
[T+796681921us][CH1-PC ] 52 20 FA → [P2] POLL
[T+796717945us][CH2-DEVICE] 52 38 02 08 00 00 01 95 00 02 04 75 03 04 01 05 00 12 E7 59 03 FA → [P2] SEQ=38 FILL vol=1.95L price=204.75
[T+796761921us][CH1-PC ] 52 C0 FA → [P2] ACK
[T+796899921us][CH1-PC ] 53 20 FA → [P3] POLL
[T+796905921us][CH2-DEVICE] 53 70 FA → [P3] IDLE
[T+797039921us][CH1-PC ] 50 20 FA → [P0] POLL
[T+797044921us][CH2-DEVICE] 50 70 FA → [P0] IDLE
[T+797180945us][CH1-PC ] 51 20 FA → [P1] POLL
[T+797187605us][CH2-DEVICE] 51 70 FA → [P1] IDLE
[T+797321921us][CH1-PC ] 52 20 FA → [P2] POLL
[T+797329607us][CH2-DEVICE] 52 70 FA → [P2] IDLE
[T+797406921us][CH1-PC ] 52 30 01 01 04 E7 5F 03 FA → [P2] DISP st=04(BUSY) [01 01 04]
[T+797411921us][CH2-DEVICE] 52 C0 FA → [P2] ACK
[T+797618921us][CH1-PC ] 53 20 FA → [P3] POLL
[T+797624929us][CH2-DEVICE] 53 70 FA → [P3] IDLE
[T+797758921us][CH1-PC ] 50 20 FA → [P0] POLL
[T+797763921us][CH2-DEVICE] 50 70 FA → [P0] IDLE
[T+797899945us][CH1-PC ] 51 20 FA → [P1] POLL
[T+797904921us][CH2-DEVICE] 51 70 FA → [P1] IDLE
[T+798040945us][CH1-PC ] 52 20 FA → [P2] POLL
[T+798076946us][CH2-DEVICE] 52 39 02 08 00 00 01 95 00 02 04 75 03 04 01 05 00 12 B6 C9 03 FA → [P2] SEQ=39 FILL vol=1.95L price=204.75
[T+798120945us][CH1-PC ] 52 C0 FA → [P2] ACK
[T+798259921us][CH1-PC ] 53 20 FA → [P3] POLL
[T+798265921us][CH2-DEVICE] 53 70 FA → [P3] IDLE
[T+798399921us][CH1-PC ] 50 20 FA → [P0] POLL
[T+798405929us][CH2-DEVICE] 50 70 FA → [P0] IDLE
[T+798539921us][CH1-PC ] 51 20 FA → [P1] POLL
[T+798544921us][CH2-DEVICE] 51 70 FA → [P1] IDLE
[T+798681921us][CH1-PC ] 52 20 FA → [P2] POLL
[T+798686921us][CH2-DEVICE] 52 70 FA → [P2] IDLE
[T+798765921us][CH1-PC ] 52 30 01 01 04 E7 5F 03 FA → [P2] DISP st=04(BUSY) [01 01 04]
[T+798771700us][CH2-DEVICE] 52 C0 FA → [P2] ACK
[T+798977921us][CH1-PC ] 53 20 FA → [P3] POLL
[T+798983678us][CH2-DEVICE] 53 70 FA → [P3] IDLE
[T+799117921us][CH1-PC ] 50 20 FA → [P0] POLL
[T+799122921us][CH2-DEVICE] 50 70 FA → [P0] IDLE
[T+799258945us][CH1-PC ] 51 20 FA → [P1] POLL
[T+799263921us][CH2-DEVICE] 51 70 FA → [P1] IDLE
[T+799399945us][CH1-PC ] 52 20 FA → [P2] POLL
[T+799434921us][CH2-DEVICE] 52 3A 02 08 00 00 01 95 00 02 04 75 03 04 01 05 00 12 46 39 03 FA → [P2] SEQ=3A FILL vol=1.95L price=204.75
[T+799479921us][CH1-PC ] 52 C0 FA → [P2] ACK
[T+799618945us][CH1-PC ] 53 20 FA → [P3] POLL
[T+799623921us][CH2-DEVICE] 53 70 FA → [P3] IDLE
[T+799758921us][CH1-PC ] 50 20 FA → [P0] POLL
[T+799764607us][CH2-DEVICE] 50 70 FA → [P0] IDLE
[T+799898921us][CH1-PC ] 51 20 FA → [P1] POLL
[T+799903921us][CH2-DEVICE] 51 70 FA → [P1] IDLE
[T+800040921us][CH1-PC ] 52 20 FA → [P2] POLL
[T+800080946us][CH2-DEVICE] 52 3B 03 04 01 05 00 02 02 08 00 00 01 95 00 02 04 75 01 01 05 53 6E 03 FA → [P2] SEQ=3B FILL vol=1.95L price=204.75
[T+800120945us][CH1-PC ] 52 C0 FA → [P2] ACK
[T+800202921us][CH1-PC ] 52 30 01 01 04 E7 5F 03 FA → [P2] DISP st=04(BUSY) [01 01 04]
[T+800208921us][CH2-DEVICE] 52 C0 FA → [P2] ACK
[T+800351921us][CH1-PC ] 52 20 FA → [P2] POLL
[T+800358607us][CH2-DEVICE] 52 70 FA → [P2] IDLE
[T+800525945us][CH1-PC ] 52 30 01 01 05 26 9F 03 FA → [P2] DISP st=05(IDLE) [01 01 05]
[T+800530921us][CH2-DEVICE] 52 C0 FA → [P2] ACK
[T+800586945us][CH1-PC ] 52 C0 FA → [P2] ACK
[T+800727922us][CH1-PC ] 53 20 FA → [P3] POLL
[T+800734617us][CH2-DEVICE] 53 70 FA → [P3] IDLE
[T+800867921us][CH1-PC ] 50 20 FA → [P0] POLL
[T+800872921us][CH2-DEVICE] 50 70 FA → [P0] IDLE
[T+801008921us][CH1-PC ] 51 20 FA → [P1] POLL
[T+801012949us][CH2-DEVICE] 51 70 FA → [P1] IDLE
[T+801149921us][CH1-PC ] 52 20 FA → [P2] POLL
[T+801164921us][CH2-DEVICE] 52 3D 01 01 01 25 F0 03 FA → [P2] SEQ=3D [01 01 01]
[T+801227921us][CH1-PC ] 52 C0 FA → [P2] ACK
[T+801368921us][CH1-PC ] 53 20 FA → [P3] POLL
[T+801372951us][CH2-DEVICE] 53 70 FA → [P3] IDLE
[T+801508945us][CH1-PC ] 50 20 FA → [P0] POLL
[T+801513921us][CH2-DEVICE] 50 70 FA → [P0] IDLE
[T+801648921us][CH1-PC ] 51 20 FA → [P1] POLL
[T+801653921us][CH2-DEVICE] 51 70 FA → [P1] IDLE
[T+801790921us][CH1-PC ] 52 20 FA → [P2] POLL
[T+801796439us][CH2-DEVICE] 52 70 FA → [P2] IDLE
[T+801930921us][CH1-PC ] 53 20 FA → [P3] POLL
[T+801938571us][CH2-DEVICE] 53 70 FA → [P3] IDLE
[T+802070921us][CH1-PC ] 50 20 FA → [P0] POLL
[T+802075921us][CH2-DEVICE] 50 70 FA → [P0] IDLE
[T+802211945us][CH1-PC ] 51 20 FA → [P1] POLL
[T+802216921us][CH2-DEVICE] 51 70 FA → [P1] IDLE
[T+802352946us][CH1-PC ] 52 20 FA → [P2] POLL
[T+802357921us][CH2-DEVICE] 52 70 FA → [P2] IDLE
[T+802494922us][CH1-PC ] 53 20 FA → [P3] POLL
[T+802497921us][CH2-DEVICE] 53 70 FA → [P3] IDLE
[T+802633945us][CH1-PC ] 50 20 FA → [P0] POLL
[T+802638921us][CH2-DEVICE] 50 70 FA → [P0] IDLE
[T+802773921us][CH1-PC ] 51 20 FA → [P1] POLL
[T+802779921us][CH2-DEVICE] 51 70 FA → [P1] IDLE
[T+802915945us][CH1-PC ] 52 20 FA → [P2] POLL
[T+802921921us][CH2-DEVICE] 52 70 FA → [P2] IDLE
[T+803055921us][CH1-PC ] 53 20 FA → [P3] POLL
[T+803061609us][CH2-DEVICE] 53 70 FA → [P3] IDLE
[T+803195921us][CH1-PC ] 50 20 FA → [P0] POLL
[T+803200921us][CH2-DEVICE] 50 70 FA → [P0] IDLE
[T+803336945us][CH1-PC ] 51 20 FA → [P1] POLL
[T+803342921us][CH2-DEVICE] 51 70 FA → [P1] IDLE
[T+803477921us][CH1-PC ] 52 20 FA → [P2] POLL
[T+803483921us][CH2-DEVICE] 52 70 FA → [P2] IDLE
[T+803618921us][CH1-PC ] 53 20 FA → [P3] POLL
[T+803624605us][CH2-DEVICE] 53 70 FA → [P3] IDLE
[T+803758921us][CH1-PC ] 50 20 FA → [P0] POLL
[T+803763921us][CH2-DEVICE] 50 70 FA → [P0] IDLE
[T+803898921us][CH1-PC ] 51 20 FA → [P1] POLL
[T+803903921us][CH2-DEVICE] 51 70 FA → [P1] IDLE
[T+804040921us][CH1-PC ] 52 20 FA → [P2] POLL
[T+804046609us][CH2-DEVICE] 52 70 FA → [P2] IDLE
[T+804180921us][CH1-PC ] 53 20 FA → [P3] POLL
[T+804185921us][CH2-DEVICE] 53 70 FA → [P3] IDLE
[T+804320929us][CH1-PC ] 50 20 FA → [P0] POLL
[T+804326921us][CH2-DEVICE] 50 70 FA → [P0] IDLE
[T+804461921us][CH1-PC ] 51 20 FA → [P1] POLL
[T+804467568us][CH2-DEVICE] 51 70 FA → [P1] IDLE
[T+804602945us][CH1-PC ] 52 20 FA → [P2] POLL
[T+804609605us][CH2-DEVICE] 52 70 FA → [P2] IDLE
[T+804743921us][CH1-PC ] 53 20 FA → [P3] POLL
[T+804748921us][CH2-DEVICE] 53 70 FA → [P3] IDLE
[T+804883921us][CH1-PC ] 50 20 FA → [P0] POLL
[T+804889607us][CH2-DEVICE] 50 70 FA → [P0] IDLE
[T+805023921us][CH1-PC ] 51 20 FA → [P1] POLL
[T+805028921us][CH2-DEVICE] 51 70 FA → [P1] IDLE
[T+805165921us][CH1-PC ] 52 20 FA → [P2] POLL
[T+805170921us][CH2-DEVICE] 52 70 FA → [P2] IDLE
[T+805305921us][CH1-PC ] 53 20 FA → [P3] POLL
[T+805311921us][CH2-DEVICE] 53 70 FA → [P3] IDLE
[T+805445921us][CH1-PC ] 50 20 FA → [P0] POLL
[T+805450921us][CH2-DEVICE] 50 70 FA → [P0] IDLE
[T+805586946us][CH1-PC ] 51 20 FA → [P1] POLL
[T+805591921us][CH2-DEVICE] 51 70 FA → [P1] IDLE
[T+805727945us][CH1-PC ] 52 20 FA → [P2] POLL
[T+805732921us][CH2-DEVICE] 52 70 FA → [P2] IDLE
[T+805868945us][CH1-PC ] 53 20 FA → [P3] POLL
[T+805874612us][CH2-DEVICE] 53 70 FA → [P3] IDLE