[T+145893945us][CH1-PC ] 52 20 FA → [P2] POLL
[T+145898920us][CH2-DEVICE] 52 70 FA → [P2] IDLE
[T+146034945us][CH1-PC ] 53 20 FA → [P3] POLL
[T+146038950us][CH2-DEVICE] 53 70 FA → [P3] IDLE
[T+146173921us][CH1-PC ] 50 20 FA → [P0] POLL
[T+146178921us][CH2-DEVICE] 50 70 FA → [P0] IDLE
[T+146314945us][CH1-PC ] 51 20 FA → [P1] POLL
[T+146319920us][CH2-DEVICE] 51 70 FA → [P1] IDLE
[T+146455921us][CH1-PC ] 52 20 FA → [P2] POLL
[T+146461920us][CH2-DEVICE] 52 70 FA → [P2] IDLE
[T+146596920us][CH1-PC ] 53 20 FA → [P3] POLL
[T+146602929us][CH2-DEVICE] 53 70 FA → [P3] IDLE
[T+146736920us][CH1-PC ] 50 20 FA → [P0] POLL
[T+146741920us][CH2-DEVICE] 50 70 FA → [P0] IDLE
[T+146877945us][CH1-PC ] 51 20 FA → [P1] POLL
[T+146882920us][CH2-DEVICE] 51 70 FA → [P1] IDLE
[T+147018945us][CH1-PC ] 52 20 FA → [P2] POLL
[T+147022949us][CH2-DEVICE] 52 70 FA → [P2] IDLE
[T+147159920us][CH1-PC ] 53 20 FA → [P3] POLL
[T+147165570us][CH2-DEVICE] 53 70 FA → [P3] IDLE
[T+147298920us][CH1-PC ] 50 20 FA → [P0] POLL
[T+147303920us][CH2-DEVICE] 50 70 FA → [P0] IDLE
[T+147439945us][CH1-PC ] 51 20 FA → [P1] POLL
[T+147444920us][CH2-DEVICE] 51 70 FA → [P1] IDLE
[T+147580945us][CH1-PC ] 52 20 FA → [P2] POLL
[T+147585921us][CH2-DEVICE] 52 70 FA → [P2] IDLE
[T+147720920us][CH1-PC ] 53 20 FA → [P3] POLL
[T+147725920us][CH2-DEVICE] 53 70 FA → [P3] IDLE
[T+147861945us][CH1-PC ] 50 20 FA → [P0] POLL
[T+147866921us][CH2-DEVICE] 50 70 FA → [P0] IDLE
[T+148002945us][CH1-PC ] 51 20 FA → [P1] POLL
[T+148006949us][CH2-DEVICE] 51 70 FA → [P1] IDLE
[T+148143920us][CH1-PC ] 52 20 FA → [P2] POLL
[T+148148920us][CH2-DEVICE] 52 70 FA → [P2] IDLE
[T+148283920us][CH1-PC ] 53 20 FA → [P3] POLL
[T+148289920us][CH2-DEVICE] 53 70 FA → [P3] IDLE
[T+148423921us][CH1-PC ] 50 20 FA → [P0] POLL
[T+148430560us][CH2-DEVICE] 50 70 FA → [P0] IDLE
[T+148564920us][CH1-PC ] 51 20 FA → [P1] POLL
[T+148569920us][CH2-DEVICE] 51 70 FA → [P1] IDLE
[T+148706920us][CH1-PC ] 52 20 FA → [P2] POLL
[T+148711920us][CH2-DEVICE] 52 70 FA → [P2] IDLE
[T+148845920us][CH1-PC ] 53 20 FA → [P3] POLL
[T+148851562us][CH2-DEVICE] 53 70 FA → [P3] IDLE
[T+148986945us][CH1-PC ] 50 20 FA → [P0] POLL
[T+148990950us][CH2-DEVICE] 50 70 FA → [P0] IDLE
[T+149126945us][CH1-PC ] 51 20 FA → [P1] POLL
[T+149132920us][CH2-DEVICE] 51 70 FA → [P1] IDLE
[T+149268945us][CH1-PC ] 52 20 FA → [P2] POLL
[T+149273920us][CH2-DEVICE] 52 70 FA → [P2] IDLE
[T+149408920us][CH1-PC ] 53 20 FA → [P3] POLL
[T+149414558us][CH2-DEVICE] 53 70 FA → [P3] IDLE
[T+149548920us][CH1-PC ] 50 20 FA → [P0] POLL
[T+149553920us][CH2-DEVICE] 50 70 FA → [P0] IDLE
[T+149690946us][CH1-PC ] 51 20 FA → [P1] POLL
[T+149694949us][CH2-DEVICE] 51 70 FA → [P1] IDLE
[T+149830945us][CH1-PC ] 52 20 FA → [P2] POLL
[T+149836560us][CH2-DEVICE] 52 70 FA → [P2] IDLE
[T+149970922us][CH1-PC ] 53 20 FA → [P3] POLL
[T+149976921us][CH2-DEVICE] 53 70 FA → [P3] IDLE
[T+150111920us][CH1-PC ] 50 20 FA → [P0] POLL
[T+150116920us][CH2-DEVICE] 50 70 FA → [P0] IDLE
[T+150251921us][CH1-PC ] 51 20 FA → [P1] POLL
[T+150256921us][CH2-DEVICE] 51 70 FA → [P1] IDLE
[T+150393921us][CH1-PC ] 52 20 FA → [P2] POLL
[T+150398921us][CH2-DEVICE] 52 70 FA → [P2] IDLE
[T+150533920us][CH1-PC ] 53 20 FA → [P3] POLL
[T+150538920us][CH2-DEVICE] 53 70 FA → [P3] IDLE
[T+150673920us][CH1-PC ] 50 20 FA → [P0] POLL
[T+150679566us][CH2-DEVICE] 50 70 FA → [P0] IDLE
[T+150814945us][CH1-PC ] 51 20 FA → [P1] POLL
[T+150819921us][CH2-DEVICE] 51 70 FA → [P1] IDLE
[T+150955945us][CH1-PC ] 52 20 FA → [P2] POLL
[T+150960920us][CH2-DEVICE] 52 70 FA → [P2] IDLE
[T+151095920us][CH1-PC ] 53 20 FA → [P3] POLL
[T+151100920us][CH2-DEVICE] 53 70 FA → [P3] IDLE
[T+151250924us][CH1-PC ] 50 20 FA → [P0] POLL
[T+151251066us][CH2-DEVICE] 50 70 FA → [P0] IDLE
[T+151376920us][CH1-PC ] 51 20 FA → [P1] POLL
[T+151381920us][CH2-DEVICE] 51 70 FA → [P1] IDLE
[T+151518920us][CH1-PC ] 52 20 FA → [P2] POLL
[T+151522950us][CH2-DEVICE] 52 70 FA → [P2] IDLE
[T+151658945us][CH1-PC ] 53 20 FA → [P3] POLL
[T+151663920us][CH2-DEVICE] 53 70 FA → [P3] IDLE
[T+151798920us][CH1-PC ] 50 20 FA → [P0] POLL
[T+151803920us][CH2-DEVICE] 50 70 FA → [P0] IDLE
[T+151939947us][CH1-PC ] 51 20 FA → [P1] POLL
[T+151944921us][CH2-DEVICE] 51 70 FA → [P1] IDLE
[T+152080920us][CH1-PC ] 52 20 FA → [P2] POLL
[T+152085920us][CH2-DEVICE] 52 70 FA → [P2] IDLE
[T+152220922us][CH1-PC ] 53 20 FA → [P3] POLL
[T+152226920us][CH2-DEVICE] 53 70 FA → [P3] IDLE
[T+152361920us][CH1-PC ] 50 20 FA → [P0] POLL
[T+152367929us][CH2-DEVICE] 50 70 FA → [P0] IDLE
[T+152501920us][CH1-PC ] 51 20 FA → [P1] POLL
[T+152507921us][CH2-DEVICE] 51 70 FA → [P1] IDLE
[T+152643945us][CH1-PC ] 52 20 FA → [P2] POLL
[T+152648920us][CH2-DEVICE] 52 70 FA → [P2] IDLE
[T+152783920us][CH1-PC ] 53 20 FA → [P3] POLL
[T+152787949us][CH2-DEVICE] 53 70 FA → [P3] IDLE
[T+152923945us][CH1-PC ] 50 20 FA → [P0] POLL
[T+152928920us][CH2-DEVICE] 50 70 FA → [P0] IDLE
[T+153064960us][CH1-PC ] 51 20 FA → [P1] POLL
[T+153068949us][CH2-DEVICE] 51 70 FA → [P1] IDLE
[T+153205920us][CH1-PC ] 52 20 FA → [P2] POLL
[T+153211920us][CH2-DEVICE] 52 70 FA → [P2] IDLE
[T+153345921us][CH1-PC ] 53 20 FA → [P3] POLL
[T+153350921us][CH2-DEVICE] 53 70 FA → [P3] IDLE
[T+153486947us][CH1-PC ] 50 20 FA → [P0] POLL
[T+153491920us][CH2-DEVICE] 50 70 FA → [P0] IDLE
[T+153626920us][CH1-PC ] 51 20 FA → [P1] POLL
[T+153631920us][CH2-DEVICE] 51 70 FA → [P1] IDLE
[T+153768920us][CH1-PC ] 52 20 FA → [P2] POLL
[T+153772950us][CH2-DEVICE] 52 70 FA → [P2] IDLE
[T+153908945us][CH1-PC ] 53 20 FA → [P3] POLL
[T+153913920us][CH2-DEVICE] 53 70 FA → [P3] IDLE
[T+154048920us][CH1-PC ] 50 20 FA → [P0] POLL
[T+154054920us][CH2-DEVICE] 50 70 FA → [P0] IDLE
[T+154190345us][CH1-PC ] 51 20 FA → [P1] POLL
[T+154195929us][CH2-DEVICE] 51 70 FA → [P1] IDLE
[T+154330921us][CH1-PC ] 52 20 FA → [P2] POLL
[T+154335921us][CH2-DEVICE] 52 70 FA → [P2] IDLE
[T+154470921us][CH1-PC ] 53 20 FA → [P3] POLL
[T+154476922us][CH2-DEVICE] 53 70 FA → [P3] IDLE
[T+154611920us][CH1-PC ] 50 20 FA → [P0] POLL
[T+154616920us][CH2-DEVICE] 50 70 FA → [P0] IDLE
[T+154751920us][CH1-PC ] 51 20 FA → [P1] POLL
[T+154756920us][CH2-DEVICE] 51 70 FA → [P1] IDLE
[T+154893920us][CH1-PC ] 52 20 FA → [P2] POLL
[T+154898920us][CH2-DEVICE] 52 70 FA → [P2] IDLE
[T+155032920us][CH1-PC ] 53 20 FA → [P3] POLL
[T+155038559us][CH2-DEVICE] 53 70 FA → [P3] IDLE
[T+155173945us][CH1-PC ] 50 20 FA → [P0] POLL
[T+155178921us][CH2-DEVICE] 50 70 FA → [P0] IDLE
[T+155314962us][CH1-PC ] 51 20 FA → [P1] POLL
[T+155319920us][CH2-DEVICE] 51 70 FA → [P1] IDLE
[T+155455945us][CH1-PC ] 52 20 FA → [P2] POLL
[T+155460920us][CH2-DEVICE] 52 70 FA → [P2] IDLE
[T+155595920us][CH1-PC ] 53 20 FA → [P3] POLL
[T+155601581us][CH2-DEVICE] 53 70 FA → [P3] IDLE
[T+155735920us][CH1-PC ] 50 20 FA → [P0] POLL
[T+155741921us][CH2-DEVICE] 50 70 FA → [P0] IDLE
[T+155876920us][CH1-PC ] 51 20 FA → [P1] POLL
[T+155881920us][CH2-DEVICE] 51 70 FA → [P1] IDLE
[T+156017945us][CH1-PC ] 52 20 FA → [P2] POLL
[T+156022920us][CH2-DEVICE] 52 70 FA → [P2] IDLE
[T+156157921us][CH1-PC ] 53 20 FA → [P3] POLL
[T+156164559us][CH2-DEVICE] 53 70 FA → [P3] IDLE
[T+156298920us][CH1-PC ] 50 20 FA → [P0] POLL
[T+156303920us][CH2-DEVICE] 50 70 FA → [P0] IDLE
[T+156439962us][CH1-PC ] 51 20 FA → [P1] POLL
[T+156444920us][CH2-DEVICE] 51 70 FA → [P1] IDLE
[T+156580948us][CH1-PC ] 52 20 FA → [P2] POLL
[T+156585920us][CH2-DEVICE] 52 70 FA → [P2] IDLE
[T+156720921us][CH1-PC ] 53 20 FA → [P3] POLL
[T+156727742us][CH2-DEVICE] 53 70 FA → [P3] IDLE
[T+156860920us][CH1-PC ] 50 20 FA → [P0] POLL
[T+156866921us][CH2-DEVICE] 50 70 FA → [P0] IDLE
[T+157001920us][CH1-PC ] 51 20 FA → [P1] POLL
[T+157008020us][CH2-DEVICE] 51 70 FA → [P1] IDLE
[T+157142921us][CH1-PC ] 52 20 FA → [P2] POLL
[T+157149570us][CH2-DEVICE] 52 70 FA → [P2] IDLE
[T+157282920us][CH1-PC ] 53 20 FA → [P3] POLL
[T+157287920us][CH2-DEVICE] 53 70 FA → [P3] IDLE
[T+157423945us][CH1-PC ] 50 20 FA → [P0] POLL
[T+157429920us][CH2-DEVICE] 50 70 FA → [P0] IDLE
[T+157564920us][CH1-PC ] 51 20 FA → [P1] POLL
[T+157570569us][CH2-DEVICE] 51 70 FA → [P1] IDLE
[T+157705945us][CH1-PC ] 52 20 FA → [P2] POLL
[T+157712567us][CH2-DEVICE] 52 70 FA → [P2] IDLE
[T+157845920us][CH1-PC ] 53 20 FA → [P3] POLL
[T+157851920us][CH2-DEVICE] 53 70 FA → [P3] IDLE
[T+157985921us][CH1-PC ] 50 20 FA → [P0] POLL
[T+157992566us][CH2-DEVICE] 50 70 FA → [P0] IDLE
[T+158126920us][CH1-PC ] 51 20 FA → [P1] POLL
[T+158131920us][CH2-DEVICE] 51 70 FA → [P1] IDLE
[T+158268920us][CH1-PC ] 52 20 FA → [P2] POLL
[T+158273920us][CH2-DEVICE] 52 70 FA → [P2] IDLE
[T+158407921us][CH1-PC ] 53 20 FA → [P3] POLL
[T+158412921us][CH2-DEVICE] 53 70 FA → [P3] IDLE
[T+158548945us][CH1-PC ] 50 20 FA → [P0] POLL
[T+158553920us][CH2-DEVICE] 50 70 FA → [P0] IDLE
[T+158689921us][CH1-PC ] 51 20 FA → [P1] POLL
[T+158694920us][CH2-DEVICE] 51 70 FA → [P1] IDLE
[T+158830946us][CH1-PC ] 52 20 FA → [P2] POLL
[T+158835920us][CH2-DEVICE] 52 70 FA → [P2] IDLE
[T+158970920us][CH1-PC ] 53 20 FA → [P3] POLL
[T+158975920us][CH2-DEVICE] 53 70 FA → [P3] IDLE
[T+159110920us][CH1-PC ] 50 20 FA → [P0] POLL
[T+159115920us][CH2-DEVICE] 50 70 FA → [P0] IDLE
[T+159251946us][CH1-PC ] 51 20 FA → [P1] POLL
[T+159258105us][CH2-DEVICE] 51 70 FA → [P1] IDLE
[T+159393945us][CH1-PC ] 52 20 FA → [P2] POLL
[T+159399570us][CH2-DEVICE] 52 70 FA → [P2] IDLE
[T+159532920us][CH1-PC ] 53 20 FA → [P3] POLL
[T+159537920us][CH2-DEVICE] 53 70 FA → [P3] IDLE
[T+159673945us][CH1-PC ] 50 20 FA → [P0] POLL
[T+159678920us][CH2-DEVICE] 50 70 FA → [P0] IDLE
[T+159814276us][CH1-PC ] 51 20 FA → [P1] POLL
[T+159818921us][CH2-DEVICE] 51 70 FA → [P1] IDLE
[T+159955920us][CH1-PC ] 52 20 FA → [P2] POLL
[T+159960920us][CH2-DEVICE] 52 70 FA → [P2] IDLE
[T+160095920us][CH1-PC ] 53 20 FA → [P3] POLL
[T+160101920us][CH2-DEVICE] 53 70 FA → [P3] IDLE
[T+160235920us][CH1-PC ] 50 20 FA → [P0] POLL
[T+160240920us][CH2-DEVICE] 50 70 FA → [P0] IDLE
[T+160376945us][CH1-PC ] 51 20 FA → [P1] POLL
[T+160381920us][CH2-DEVICE] 51 70 FA → [P1] IDLE
[T+160517962us][CH1-PC ] 52 20 FA → [P2] POLL
[T+160523920us][CH2-DEVICE] 52 70 FA → [P2] IDLE
[T+160657921us][CH1-PC ] 53 20 FA → [P3] POLL
[T+160662921us][CH2-DEVICE] 53 70 FA → [P3] IDLE
[T+160798945us][CH1-PC ] 50 20 FA → [P0] POLL
[T+160803920us][CH2-DEVICE] 50 70 FA → [P0] IDLE
[T+160938920us][CH1-PC ] 51 20 FA → [P1] POLL
[T+160945033us][CH2-DEVICE] 51 70 FA → [P1] IDLE
[T+161080945us][CH1-PC ] 52 20 FA → [P2] POLL
[T+161084949us][CH2-DEVICE] 52 70 FA → [P2] IDLE
[T+161220951us][CH1-PC ] 53 20 FA → [P3] POLL
[T+161225921us][CH2-DEVICE] 53 70 FA → [P3] IDLE
[T+161360920us][CH1-PC ] 50 20 FA → [P0] POLL
[T+161366922us][CH2-DEVICE] 50 70 FA → [P0] IDLE
[T+161501920us][CH1-PC ] 51 20 FA → [P1] POLL
[T+161506920us][CH2-DEVICE] 51 70 FA → [P1] IDLE
[T+161643920us][CH1-PC ] 52 20 FA → [P2] POLL
[T+161648920us][CH2-DEVICE] 52 70 FA → [P2] IDLE
[T+161782920us][CH1-PC ] 53 20 FA → [P3] POLL
[T+161787920us][CH2-DEVICE] 53 70 FA → [P3] IDLE
[T+161923945us][CH1-PC ] 50 20 FA → [P0] POLL
[T+161928920us][CH2-DEVICE] 50 70 FA → [P0] IDLE
[T+162063920us][CH1-PC ] 51 20 FA → [P1] POLL
[T+162069569us][CH2-DEVICE] 51 70 FA → [P1] IDLE
[T+162205945us][CH1-PC ] 52 20 FA → [P2] POLL
[T+162211567us][CH2-DEVICE] 52 70 FA → [P2] IDLE
[T+162345920us][CH1-PC ] 53 20 FA → [P3] POLL
[T+162350920us][CH2-DEVICE] 53 70 FA → [P3] IDLE
[T+162485920us][CH1-PC ] 50 20 FA → [P0] POLL
[T+162490920us][CH2-DEVICE] 50 70 FA → [P0] IDLE
[T+162626945us][CH1-PC ] 51 20 FA → [P1] POLL
[T+162633569us][CH2-DEVICE] 51 70 FA → [P1] IDLE
[T+162768289us][CH1-PC ] 52 20 FA → [P2] POLL
[T+162773921us][CH2-DEVICE] 52 70 FA → [P2] IDLE
[T+162907920us][CH1-PC ] 53 20 FA → [P3] POLL
[T+162913920us][CH2-DEVICE] 53 70 FA → [P3] IDLE
[T+163048920us][CH1-PC ] 50 20 FA → [P0] POLL
[T+163052950us][CH2-DEVICE] 50 70 FA → [P0] IDLE
[T+163188962us][CH1-PC ] 51 20 FA → [P1] POLL
[T+163194921us][CH2-DEVICE] 51 70 FA → [P1] IDLE
[T+163330945us][CH1-PC ] 52 20 FA → [P2] POLL
[T+163335920us][CH2-DEVICE] 52 70 FA → [P2] IDLE
[T+163470920us][CH1-PC ] 53 20 FA → [P3] POLL
[T+163475920us][CH2-DEVICE] 53 70 FA → [P3] IDLE
[T+163610921us][CH1-PC ] 50 20 FA → [P0] POLL
[T+163615921us][CH2-DEVICE] 50 70 FA → [P0] IDLE
[T+163751945us][CH1-PC ] 51 20 FA → [P1] POLL
[T+163756920us][CH2-DEVICE] 51 70 FA → [P1] IDLE
[T+163892964us][CH1-PC ] 52 20 FA → [P2] POLL
[T+163898921us][CH2-DEVICE] 52 70 FA → [P2] IDLE
[T+164032920us][CH1-PC ] 53 20 FA → [P3] POLL
[T+164038574us][CH2-DEVICE] 53 70 FA → [P3] IDLE
[T+164173945us][CH1-PC ] 50 20 FA → [P0] POLL
[T+164178921us][CH2-DEVICE] 50 70 FA → [P0] IDLE
[T+164314461us][CH1-PC ] 51 20 FA → [P1] POLL
[T+164318920us][CH2-DEVICE] 51 70 FA → [P1] IDLE
[T+164455920us][CH1-PC ] 52 20 FA → [P2] POLL
[T+164459949us][CH2-DEVICE] 52 70 FA → [P2] IDLE
[T+164595920us][CH1-PC ] 53 20 FA → [P3] POLL
[T+164601554us][CH2-DEVICE] 53 70 FA → [P3] IDLE
[T+164735920us][CH1-PC ] 50 20 FA → [P0] POLL
[T+164740920us][CH2-DEVICE] 50 70 FA → [P0] IDLE
[T+164876946us][CH1-PC ] 51 20 FA → [P1] POLL
[T+164881920us][CH2-DEVICE] 51 70 FA → [P1] IDLE
[T+165017945us][CH1-PC ] 52 20 FA → [P2] POLL
[T+165023933us][CH2-DEVICE] 52 70 FA → [P2] IDLE
[T+165157920us][CH1-PC ] 53 20 FA → [P3] POLL
[T+165162920us][CH2-DEVICE] 53 70 FA → [P3] IDLE
[T+165298946us][CH1-PC ] 50 20 FA → [P0] POLL
[T+165303920us][CH2-DEVICE] 50 70 FA → [P0] IDLE
[T+165438920us][CH1-PC ] 51 20 FA → [P1] POLL
[T+165444570us][CH2-DEVICE] 51 70 FA → [P1] IDLE
[T+165579945us][CH1-PC ] 52 20 FA → [P2] POLL
[T+165586573us][CH2-DEVICE] 52 70 FA → [P2] IDLE
[T+165719923us][CH1-PC ] 53 20 FA → [P3] POLL
[T+165724920us][CH2-DEVICE] 53 70 FA → [P3] IDLE
[T+165860945us][CH1-PC ] 50 20 FA → [P0] POLL
[T+165865920us][CH2-DEVICE] 50 70 FA → [P0] IDLE
[T+166001946us][CH1-PC ] 51 20 FA → [P1] POLL
[T+166007564us][CH2-DEVICE] 51 70 FA → [P1] IDLE
[T+166142945us][CH1-PC ] 52 20 FA → [P2] POLL
[T+166147924us][CH2-DEVICE] 52 70 FA → [P2] IDLE
[T+166282920us][CH1-PC ] 53 20 FA → [P3] POLL
[T+166287920us][CH2-DEVICE] 53 70 FA → [P3] IDLE
[T+166423945us][CH1-PC ] 50 20 FA → [P0] POLL
[T+166428920us][CH2-DEVICE] 50 70 FA → [P0] IDLE
[T+166563920us][CH1-PC ] 51 20 FA → [P1] POLL
[T+166569921us][CH2-DEVICE] 51 70 FA → [P1] IDLE
[T+166705945us][CH1-PC ] 52 20 FA → [P2] POLL
[T+166709949us][CH2-DEVICE] 52 70 FA → [P2] IDLE
[T+166845945us][CH1-PC ] 53 20 FA → [P3] POLL
[T+166851552us][CH2-DEVICE] 53 70 FA → [P3] IDLE
[T+166985920us][CH1-PC ] 50 20 FA → [P0] POLL
[T+166990920us][CH2-DEVICE] 50 70 FA → [P0] IDLE
[T+167126945us][CH1-PC ] 51 20 FA → [P1] POLL
[T+167131920us][CH2-DEVICE] 51 70 FA → [P1] IDLE
[T+167267964us][CH1-PC ] 52 20 FA → [P2] POLL
[T+167272920us][CH2-DEVICE] 52 70 FA → [P2] IDLE
[T+167407921us][CH1-PC ] 53 20 FA → [P3] POLL
[T+167412920us][CH2-DEVICE] 53 70 FA → [P3] IDLE
[T+167547928us][CH1-PC ] 50 20 FA → [P0] POLL
[T+167553920us][CH2-DEVICE] 50 70 FA → [P0] IDLE
[T+167688920us][CH1-PC ] 51 20 FA → [P1] POLL
[T+167694565us][CH2-DEVICE] 51 70 FA → [P1] IDLE
[T+167829945us][CH1-PC ] 52 20 FA → [P2] POLL
[T+167836572us][CH2-DEVICE] 52 70 FA → [P2] IDLE
[T+167969920us][CH1-PC ] 53 20 FA → [P3] POLL
[T+167975920us][CH2-DEVICE] 53 70 FA → [P3] IDLE
[T+168110920us][CH1-PC ] 50 20 FA → [P0] POLL
[T+168115920us][CH2-DEVICE] 50 70 FA → [P0] IDLE
[T+168251921us][CH1-PC ] 51 20 FA → [P1] POLL
[T+168258930us][CH2-DEVICE] 51 70 FA → [P1] IDLE
[T+168392921us][CH1-PC ] 52 20 FA → [P2] POLL
[T+168397921us][CH2-DEVICE] 52 70 FA → [P2] IDLE
[T+168532920us][CH1-PC ] 53 20 FA → [P3] POLL
[T+168537920us][CH2-DEVICE] 53 70 FA → [P3] IDLE
[T+168672920us][CH1-PC ] 50 20 FA → [P0] POLL
[T+168679118us][CH2-DEVICE] 50 70 FA → [P0] IDLE
[T+168813922us][CH1-PC ] 51 20 FA → [P1] POLL
[T+168818921us][CH2-DEVICE] 51 70 FA → [P1] IDLE
[T+168954945us][CH1-PC ] 52 20 FA → [P2] POLL
[T+168960921us][CH2-DEVICE] 52 70 FA → [P2] IDLE
[T+169094920us][CH1-PC ] 53 20 FA → [P3] POLL
[T+169099920us][CH2-DEVICE] 53 70 FA → [P3] IDLE
[T+169235945us][CH1-PC ] 50 20 FA → [P0] POLL
[T+169241564us][CH2-DEVICE] 50 70 FA → [P0] IDLE
[T+169375920us][CH1-PC ] 51 20 FA → [P1] POLL
[T+169381921us][CH2-DEVICE] 51 70 FA → [P1] IDLE
[T+169517962us][CH1-PC ] 52 20 FA → [P2] POLL
[T+169522920us][CH2-DEVICE] 52 70 FA → [P2] IDLE
[T+169657920us][CH1-PC ] 53 20 FA → [P3] POLL
[T+169662920us][CH2-DEVICE] 53 70 FA → [P3] IDLE
[T+169797921us][CH1-PC ] 50 20 FA → [P0] POLL
[T+169802921us][CH2-DEVICE] 50 70 FA → [P0] IDLE
[T+169939921us][CH1-PC ] 51 20 FA → [P1] POLL
[T+169943949us][CH2-DEVICE] 51 70 FA → [P1] IDLE
[T+170079945us][CH1-PC ] 52 20 FA → [P2] POLL
[T+170084920us][CH2-DEVICE] 52 70 FA → [P2] IDLE
[T+170219924us][CH1-PC ] 53 20 FA → [P3] POLL
[T+170225930us][CH2-DEVICE] 53 70 FA → [P3] IDLE
[T+170360920us][CH1-PC ] 50 20 FA → [P0] POLL
[T+170365920us][CH2-DEVICE] 50 70 FA → [P0] IDLE
[T+170500920us][CH1-PC ] 51 20 FA → [P1] POLL
[T+170506920us][CH2-DEVICE] 51 70 FA → [P1] IDLE
[T+170642962us][CH1-PC ] 52 20 FA → [P2] POLL
[T+170649920us][CH2-DEVICE] 52 70 FA → [P2] IDLE
[T+170782921us][CH1-PC ] 53 20 FA → [P3] POLL
[T+170787921us][CH2-DEVICE] 53 70 FA → [P3] IDLE
[T+170922920us][CH1-PC ] 50 20 FA → [P0] POLL
[T+170928920us][CH2-DEVICE] 50 70 FA → [P0] IDLE
[T+171063925us][CH1-PC ] 51 20 FA → [P1] POLL
[T+171068920us][CH2-DEVICE] 51 70 FA → [P1] IDLE
[T+171204945us][CH1-PC ] 52 20 FA → [P2] POLL
[T+171210930us][CH2-DEVICE] 52 70 FA → [P2] IDLE
[T+171344920us][CH1-PC ] 53 20 FA → [P3] POLL
[T+171350921us][CH2-DEVICE] 53 70 FA → [P3] IDLE
[T+171485920us][CH1-PC ] 50 20 FA → [P0] POLL
[T+171490920us][CH2-DEVICE] 50 70 FA → [P0] IDLE
[T+171625920us][CH1-PC ] 51 20 FA → [P1] POLL
[T+171631574us][CH2-DEVICE] 51 70 FA → [P1] IDLE
[T+171767920us][CH1-PC ] 52 20 FA → [P2] POLL
[T+171773564us][CH2-DEVICE] 52 70 FA → [P2] IDLE
[T+171907920us][CH1-PC ] 53 20 FA → [P3] POLL
[T+171912920us][CH2-DEVICE] 53 70 FA → [P3] IDLE
[T+172047920us][CH1-PC ] 50 20 FA → [P0] POLL
[T+172053569us][CH2-DEVICE] 50 70 FA → [P0] IDLE
[T+172188962us][CH1-PC ] 51 20 FA → [P1] POLL
[T+172193922us][CH2-DEVICE] 51 70 FA → [P1] IDLE
[T+172329945us][CH1-PC ] 52 20 FA → [P2] POLL
[T+172335921us][CH2-DEVICE] 52 70 FA → [P2] IDLE
[T+172469921us][CH1-PC ] 53 20 FA → [P3] POLL
[T+172474920us][CH2-DEVICE] 53 70 FA → [P3] IDLE
[T+172610945us][CH1-PC ] 50 20 FA → [P0] POLL
[T+172614950us][CH2-DEVICE] 50 70 FA → [P0] IDLE
[T+172750945us][CH1-PC ] 51 20 FA → [P1] POLL
[T+172756921us][CH2-DEVICE] 51 70 FA → [P1] IDLE
[T+172892945us][CH1-PC ] 52 20 FA → [P2] POLL
[T+172897920us][CH2-DEVICE] 52 70 FA → [P2] IDLE
[T+173032920us][CH1-PC ] 53 20 FA → [P3] POLL
[T+173038576us][CH2-DEVICE] 53 70 FA → [P3] IDLE
[T+173172920us][CH1-PC ] 50 20 FA → [P0] POLL
[T+173177920us][CH2-DEVICE] 50 70 FA → [P0] IDLE
[T+173313945us][CH1-PC ] 51 20 FA → [P1] POLL
[T+173318920us][CH2-DEVICE] 51 70 FA → [P1] IDLE
[T+173454945us][CH1-PC ] 52 20 FA → [P2] POLL
[T+173459920us][CH2-DEVICE] 52 70 FA → [P2] IDLE
[T+173594921us][CH1-PC ] 53 20 FA → [P3] POLL
[T+173601568us][CH2-DEVICE] 53 70 FA → [P3] IDLE
[T+173735920us][CH1-PC ] 50 20 FA → [P0] POLL
[T+173740920us][CH2-DEVICE] 50 70 FA → [P0] IDLE
[T+173875920us][CH1-PC ] 51 20 FA → [P1] POLL
[T+173880920us][CH2-DEVICE] 51 70 FA → [P1] IDLE
[T+174017920us][CH1-PC ] 52 20 FA → [P2] POLL
[T+174022920us][CH2-DEVICE] 52 70 FA → [P2] IDLE
[T+174157920us][CH1-PC ] 53 20 FA → [P3] POLL
[T+174161950us][CH2-DEVICE] 53 70 FA → [P3] IDLE
[T+174297945us][CH1-PC ] 50 20 FA → [P0] POLL
[T+174303920us][CH2-DEVICE] 50 70 FA → [P0] IDLE
[T+174438920us][CH1-PC ] 51 20 FA → [P1] POLL
[T+174444607us][CH2-DEVICE] 51 70 FA → [P1] IDLE
[T+174579945us][CH1-PC ] 52 20 FA → [P2] POLL
[T+174584921us][CH2-DEVICE] 52 70 FA → [P2] IDLE
[T+174719925us][CH1-PC ] 53 20 FA → [P3] POLL
[T+174724920us][CH2-DEVICE] 53 70 FA → [P3] IDLE
[T+174860945us][CH1-PC ] 50 20 FA → [P0] POLL
[T+174864950us][CH2-DEVICE] 50 70 FA → [P0] IDLE
[T+175000945us][CH1-PC ] 51 20 FA → [P1] POLL
[T+175005921us][CH2-DEVICE] 51 70 FA → [P1] IDLE
[T+175142921us][CH1-PC ] 52 20 FA → [P2] POLL
[T+175149562us][CH2-DEVICE] 52 70 FA → [P2] IDLE
[T+175281920us][CH1-PC ] 53 20 FA → [P3] POLL
[T+175288920us][CH2-DEVICE] 53 70 FA → [P3] IDLE
[T+175422920us][CH1-PC ] 50 20 FA → [P0] POLL
[T+175428561us][CH2-DEVICE] 50 70 FA → [P0] IDLE
[T+175563945us][CH1-PC ] 51 20 FA → [P1] POLL
[T+175568923us][CH2-DEVICE] 51 70 FA → [P1] IDLE
[T+175704945us][CH1-PC ] 52 20 FA → [P2] POLL
[T+175709920us][CH2-DEVICE] 52 70 FA → [P2] IDLE
[T+175844920us][CH1-PC ] 53 20 FA → [P3] POLL
[T+175849920us][CH2-DEVICE] 53 70 FA → [P3] IDLE
[T+175985945us][CH1-PC ] 50 20 FA → [P0] POLL
[T+175991576us][CH2-DEVICE] 50 70 FA → [P0] IDLE
[T+176125920us][CH1-PC ] 51 20 FA → [P1] POLL
[T+176131921us][CH2-DEVICE] 51 70 FA → [P1] IDLE
[T+176268922us][CH1-PC ] 52 20 FA → [P2] POLL
[T+176273921us][CH2-DEVICE] 52 70 FA → [P2] IDLE
[T+176407920us][CH1-PC ] 53 20 FA → [P3] POLL
[T+176412920us][CH2-DEVICE] 53 70 FA → [P3] IDLE
[T+176547921us][CH1-PC ] 50 20 FA → [P0] POLL
[T+176552921us][CH2-DEVICE] 50 70 FA → [P0] IDLE
[T+176688945us][CH1-PC ] 51 20 FA → [P1] POLL
[T+176692949us][CH2-DEVICE] 51 70 FA → [P1] IDLE
[T+176829920us][CH1-PC ] 52 20 FA → [P2] POLL
[T+176834920us][CH2-DEVICE] 52 70 FA → [P2] IDLE
[T+176969920us][CH1-PC ] 53 20 FA → [P3] POLL
[T+176973950us][CH2-DEVICE] 53 70 FA → [P3] IDLE
[T+177110922us][CH1-PC ] 50 20 FA → [P0] POLL
[T+177115921us][CH2-DEVICE] 50 70 FA → [P0] IDLE
[T+177250920us][CH1-PC ] 51 20 FA → [P1] POLL
[T+177256920us][CH2-DEVICE] 51 70 FA → [P1] IDLE
[T+177392962us][CH1-PC ] 52 20 FA → [P2] POLL
[T+177397920us][CH2-DEVICE] 52 70 FA → [P2] IDLE
[T+177531921us][CH1-PC ] 53 20 FA → [P3] POLL
[T+177536921us][CH2-DEVICE] 53 70 FA → [P3] IDLE
[T+177672945us][CH1-PC ] 50 20 FA → [P0] POLL
[T+177678921us][CH2-DEVICE] 50 70 FA → [P0] IDLE
[T+177813920us][CH1-PC ] 51 20 FA → [P1] POLL
[T+177818920us][CH2-DEVICE] 51 70 FA → [P1] IDLE
[T+177954945us][CH1-PC ] 52 20 FA → [P2] POLL
[T+177959920us][CH2-DEVICE] 52 70 FA → [P2] IDLE
[T+178094921us][CH1-PC ] 53 20 FA → [P3] POLL
[T+178099921us][CH2-DEVICE] 53 70 FA → [P3] IDLE
[T+178234922us][CH1-PC ] 50 20 FA → [P0] POLL
[T+178239920us][CH2-DEVICE] 50 70 FA → [P0] IDLE
[T+178375945us][CH1-PC ] 51 20 FA → [P1] POLL
[T+178381578us][CH2-DEVICE] 51 70 FA → [P1] IDLE
[T+178517920us][CH1-PC ] 52 20 FA → [P2] POLL
[T+178521950us][CH2-DEVICE] 52 70 FA → [P2] IDLE
[T+178656920us][CH1-PC ] 53 20 FA → [P3] POLL
[T+178662920us][CH2-DEVICE] 53 70 FA → [P3] IDLE
[T+178797920us][CH1-PC ] 50 20 FA → [P0] POLL
[T+178802920us][CH2-DEVICE] 50 70 FA → [P0] IDLE
[T+178938945us][CH1-PC ] 51 20 FA → [P1] POLL
[T+178944560us][CH2-DEVICE] 51 70 FA → [P1] IDLE
[T+179079945us][CH1-PC ] 52 20 FA → [P2] POLL
[T+179084921us][CH2-DEVICE] 52 70 FA → [P2] IDLE
[T+179219925us][CH1-PC ] 53 20 FA → [P3] POLL
[T+179223949us][CH2-DEVICE] 53 70 FA → [P3] IDLE
[T+179360920us][CH1-PC ] 50 20 FA → [P0] POLL
[T+179364950us][CH2-DEVICE] 50 70 FA → [P0] IDLE
[T+179500946us][CH1-PC ] 51 20 FA → [P1] POLL
[T+179505920us][CH2-DEVICE] 51 70 FA → [P1] IDLE
[T+179641920us][CH1-PC ] 52 20 FA → [P2] POLL
[T+179647920us][CH2-DEVICE] 52 70 FA → [P2] IDLE
[T+179781921us][CH1-PC ] 53 20 FA → [P3] POLL
[T+179786921us][CH2-DEVICE] 53 70 FA → [P3] IDLE
[T+179922945us][CH1-PC ] 50 20 FA → [P0] POLL
[T+179927920us][CH2-DEVICE] 50 70 FA → [P0] IDLE
[T+180063945us][CH1-PC ] 51 20 FA → [P1] POLL
[T+180068920us][CH2-DEVICE] 51 70 FA → [P1] IDLE
[T+180204945us][CH1-PC ] 52 20 FA → [P2] POLL
[T+180209920us][CH2-DEVICE] 52 70 FA → [P2] IDLE
[T+180344921us][CH1-PC ] 53 20 FA → [P3] POLL
[T+180349921us][CH2-DEVICE] 53 70 FA → [P3] IDLE
[T+180484920us][CH1-PC ] 50 20 FA → [P0] POLL
[T+180489920us][CH2-DEVICE] 50 70 FA → [P0] IDLE
[T+180625945us][CH1-PC ] 51 20 FA → [P1] POLL
[T+180630920us][CH2-DEVICE] 51 70 FA → [P1] IDLE
[T+180766945us][CH1-PC ] 52 20 FA → [P2] POLL
[T+180771921us][CH2-DEVICE] 52 70 FA → [P2] IDLE
[T+180906920us][CH1-PC ] 53 20 FA → [P3] POLL
[T+180912920us][CH2-DEVICE] 53 70 FA → [P3] IDLE
[T+181047920us][CH1-PC ] 50 20 FA → [P0] POLL
[T+181052920us][CH2-DEVICE] 50 70 FA → [P0] IDLE
[T+181187920us][CH1-PC ] 51 20 FA → [P1] POLL
[T+181193921us][CH2-DEVICE] 51 70 FA → [P1] IDLE
[T+181329945us][CH1-PC ] 52 20 FA → [P2] POLL
[T+181334920us][CH2-DEVICE] 52 70 FA → [P2] IDLE
[T+181469920us][CH1-PC ] 53 20 FA → [P3] POLL
[T+181474920us][CH2-DEVICE] 53 70 FA → [P3] IDLE
[T+181609922us][CH1-PC ] 50 20 FA → [P0] POLL
[T+181614921us][CH2-DEVICE] 50 70 FA → [P0] IDLE
[T+181750947us][CH1-PC ] 51 20 FA → [P1] POLL
[T+181754949us][CH2-DEVICE] 51 70 FA → [P1] IDLE
[T+181892921us][CH1-PC ] 52 20 FA → [P2] POLL
[T+181897920us][CH2-DEVICE] 52 70 FA → [P2] IDLE
[T+182031920us][CH1-PC ] 53 20 FA → [P3] POLL
[T+182037567us][CH2-DEVICE] 53 70 FA → [P3] IDLE
[T+182172945us][CH1-PC ] 50 20 FA → [P0] POLL
[T+182179566us][CH2-DEVICE] 50 70 FA → [P0] IDLE
[T+182312920us][CH1-PC ] 51 20 FA → [P1] POLL
[T+182318920us][CH2-DEVICE] 51 70 FA → [P1] IDLE
[T+182454945us][CH1-PC ] 52 20 FA → [P2] POLL
[T+182458950us][CH2-DEVICE] 52 70 FA → [P2] IDLE
[T+182594945us][CH1-PC ] 53 20 FA → [P3] POLL
[T+182600560us][CH2-DEVICE] 53 70 FA → [P3] IDLE
[T+182734920us][CH1-PC ] 50 20 FA → [P0] POLL
[T+182740921us][CH2-DEVICE] 50 70 FA → [P0] IDLE
[T+182875920us][CH1-PC ] 51 20 FA → [P1] POLL
[T+182880920us][CH2-DEVICE] 51 70 FA → [P1] IDLE
[T+183016945us][CH1-PC ] 52 20 FA → [P2] POLL
[T+183021921us][CH2-DEVICE] 52 70 FA → [P2] IDLE
[T+183156920us][CH1-PC ] 53 20 FA → [P3] POLL
[T+183161920us][CH2-DEVICE] 53 70 FA → [P3] IDLE
[T+183297945us][CH1-PC ] 50 20 FA → [P0] POLL
[T+183301949us][CH2-DEVICE] 50 70 FA → [P0] IDLE
[T+183437945us][CH1-PC ] 51 20 FA → [P1] POLL
[T+183443921us][CH2-DEVICE] 51 70 FA → [P1] IDLE
[T+183579945us][CH1-PC ] 52 20 FA → [P2] POLL
[T+183584920us][CH2-DEVICE] 52 70 FA → [P2] IDLE
[T+183719925us][CH1-PC ] 53 20 FA → [P3] POLL
[T+183737920us][CH2-DEVICE] 53 35 03 04 01 05 00 12 40 29 03 FA → [P3] SEQ=35 [03 04 01 05 00 12]
[T+183808920us][CH1-PC ] 53 30 01 01 04 01 01 05 D8 58 03 FA → [P3] DISP st=04(BUSY) [01 01 04 01 01 05]
[T+183814921us][CH2-DEVICE] 53 C0 FA → [P3] ACK
[T+183875920us][CH1-PC ] 53 C0 FA → [P3] ACK
[T+184016920us][CH1-PC ] 50 20 FA → [P0] POLL
[T+184020949us][CH2-DEVICE] 50 70 FA → [P0] IDLE
[T+184156945us][CH1-PC ] 51 20 FA → [P1] POLL
[T+184162920us][CH2-DEVICE] 51 70 FA → [P1] IDLE
[T+184297920us][CH1-PC ] 52 20 FA → [P2] POLL
[T+184303929us][CH2-DEVICE] 52 70 FA → [P2] IDLE
[T+184437920us][CH1-PC ] 53 20 FA → [P3] POLL
[T+184473948us][CH2-DEVICE] 53 36 02 08 00 00 00 00 00 00 00 00 03 04 01 05 00 12 FF 9F 03 FA → [P3] SEQ=36 FILL vol=0.00L price=0.00
[T+184517945us][CH1-PC ] 53 C0 FA → [P3] ACK
[T+184634920us][CH1-PC ] 53 30 01 01 05 02 04 01 02 03 04 05 0C 01 43 00 01 05 00 01 24 00 01 43 30 04 04 00 05 00 00 01 01 06 4B 23 03 FA → [P3] DISP st=05(IDLE) [01 01 05 02 04 01 02 03 04 05 0C 01...]
[T+184640920us][CH2-DEVICE] 53 C0 FA → [P3] ACK
[T+184765920us][CH1-PC ] 50 20 FA → [P0] POLL
[T+184771980us][CH2-DEVICE] 50 70 FA → [P0] IDLE
[T+184906921us][CH1-PC ] 51 20 FA → [P1] POLL
[T+184911921us][CH2-DEVICE] 51 70 FA → [P1] IDLE
[T+185047945us][CH1-PC ] 52 20 FA → [P2] POLL
[T+185052920us][CH2-DEVICE] 52 70 FA → [P2] IDLE
[T+185187920us][CH1-PC ] 53 20 FA → [P3] POLL
[T+185193920us][CH2-DEVICE] 53 70 FA → [P3] IDLE
[T+185306920us][CH1-PC ] 53 30 01 01 05 02 04 01 02 03 04 05 0C 01 43 00 01 05 00 01 24 00 01 43 30 04 04 00 05 00 00 01 01 06 4B 23 03 FA → [P3] DISP st=05(IDLE) [01 01 05 02 04 01 02 03 04 05 0C 01...]
[T+185312921us][CH2-DEVICE] 53 C0 FA → [P3] ACK
[T+185437920us][CH1-PC ] 50 20 FA → [P0] POLL
[T+185443565us][CH2-DEVICE] 50 70 FA → [P0] IDLE
[T+185578945us][CH1-PC ] 51 20 FA → [P1] POLL
[T+185583921us][CH2-DEVICE] 51 70 FA → [P1] IDLE
[T+185719951us][CH1-PC ] 52 20 FA → [P2] POLL
[T+185725921us][CH2-DEVICE] 52 70 FA → [P2] IDLE
[T+185859920us][CH1-PC ] 53 20 FA → [P3] POLL
[T+185891945us][CH2-DEVICE] 53 37 01 01 02 02 08 00 00 00 00 00 00 00 00 17 3A 03 FA → [P3] SEQ=37 FILL vol=0.00L price=0.00
[T+185941920us][CH1-PC ] 53 C0 FA → [P3] ACK
[T+186078920us][CH1-PC ] 50 20 FA → [P0] POLL
[T+186083920us][CH2-DEVICE] 50 70 FA → [P0] IDLE
[T+186219926us][CH1-PC ] 51 20 FA → [P1] POLL
[T+186224920us][CH2-DEVICE] 51 70 FA → [P1] IDLE
[T+186360920us][CH1-PC ] 52 20 FA → [P2] POLL
[T+186366561us][CH2-DEVICE] 52 70 FA → [P2] IDLE
[T+186500920us][CH1-PC ] 53 20 FA → [P3] POLL
[T+186506921us][CH2-DEVICE] 53 70 FA → [P3] IDLE
[T+186585920us][CH1-PC ] 53 30 01 01 04 DA 9F 03 FA → [P3] DISP st=04(BUSY) [01 01 04]
[T+186591920us][CH2-DEVICE] 53 C0 FA → [P3] ACK
[T+186797920us][CH1-PC ] 50 20 FA → [P0] POLL
[T+186803920us][CH2-DEVICE] 50 70 FA → [P0] IDLE
[T+186937922us][CH1-PC ] 51 20 FA → [P1] POLL
[T+186944560us][CH2-DEVICE] 51 70 FA → [P1] IDLE
[T+187078958us][CH1-PC ] 52 20 FA → [P2] POLL
[T+187084921us][CH2-DEVICE] 52 70 FA → [P2] IDLE
[T+187219921us][CH1-PC ] 53 20 FA → [P3] POLL
[T+187255946us][CH2-DEVICE] 53 38 02 08 00 00 00 00 00 00 00 00 03 04 01 05 00 12 9B FC 03 FA → [P3] SEQ=38 FILL vol=0.00L price=0.00
[T+187299945us][CH1-PC ] 53 C0 FA → [P3] ACK
[T+187437920us][CH1-PC ] 50 20 FA → [P0] POLL
[T+187442920us][CH2-DEVICE] 50 70 FA → [P0] IDLE
[T+187578945us][CH1-PC ] 51 20 FA → [P1] POLL
[T+187583945us][CH2-DEVICE] 51 70 FA → [P1] IDLE
[T+187719953us][CH1-PC ] 52 20 FA → [P2] POLL
[T+187725930us][CH2-DEVICE] 52 70 FA → [P2] IDLE
[T+187859920us][CH1-PC ] 53 20 FA → [P3] POLL
[T+187864920us][CH2-DEVICE] 53 70 FA → [P3] IDLE
[T+187944945us][CH1-PC ] 53 30 01 01 04 DA 9F 03 FA → [P3] DISP st=04(BUSY) [01 01 04]
[T+187951920us][CH2-DEVICE] 53 C0 FA → [P3] ACK
[T+188156945us][CH1-PC ] 50 20 FA → [P0] POLL
[T+188162920us][CH2-DEVICE] 50 70 FA → [P0] IDLE
[T+188296921us][CH1-PC ] 51 20 FA → [P1] POLL
[T+188303565us][CH2-DEVICE] 51 70 FA → [P1] IDLE
[T+188438945us][CH1-PC ] 52 20 FA → [P2] POLL
[T+188445560us][CH2-DEVICE] 52 70 FA → [P2] IDLE
[T+188578920us][CH1-PC ] 53 20 FA → [P3] POLL
[T+188624920us][CH2-DEVICE] 53 39 02 08 00 00 00 00 00 00 00 00 03 04 01 05 00 12 03 04 01 05 00 02 E0 6C 03 FA → [P3] SEQ=39 FILL vol=0.00L price=0.00
[T+188659920us][CH1-PC ] 53 C0 FA → [P3] ACK
[T+188741920us][CH1-PC ] 53 30 01 01 04 DA 9F 03 FA → [P3] DISP st=04(BUSY) [01 01 04]
[T+188746920us][CH2-DEVICE] 53 C0 FA → [P3] ACK
[T+188890945us][CH1-PC ] 53 20 FA → [P3] POLL
[T+188906945us][CH2-DEVICE] 53 3A 01 01 05 18 87 03 FA → [P3] SEQ=3A [01 01 05]
[T+190053920us][CH1-PC ] 53 30 01 01 05 1B 5F 03 FA → [P3] DISP st=05(IDLE) [01 01 05]
[T+190059929us][CH2-DEVICE] 53 C0 FA → [P3] ACK
[T+190125920us][CH1-PC ] 53 C0 FA → [P3] ACK
[T+190216920us][CH1-PC ] 53 30 01 01 08 01 01 05 01 01 04 26 68 03 FA → [P3] DISP st=08(?) [01 01 08 01 01 05 01 01 04]
[T+190222929us][CH2-DEVICE] 53 C0 FA → [P3] ACK
[T+190281920us][CH1-PC ] 53 C0 FA → [P3] ACK
[T+190359920us][CH1-PC ] 53 C0 FA → [P3] ACK
[T+190500920us][CH1-PC ] 50 20 FA → [P0] POLL
[T+190506943us][CH2-DEVICE] 50 70 FA → [P0] IDLE
[T+190640920us][CH1-PC ] 51 20 FA → [P1] POLL
[T+190646921us][CH2-DEVICE] 51 70 FA → [P1] IDLE
[T+190782945us][CH1-PC ] 52 20 FA → [P2] POLL
[T+190787920us][CH2-DEVICE] 52 70 FA → [P2] IDLE
[T+190922920us][CH1-PC ] 53 20 FA → [P3] POLL
[T+190927920us][CH2-DEVICE] 53 70 FA → [P3] IDLE
[T+191007949us][CH1-PC ] 53 31 01 01 08 DB 66 03 FA → [P3] SEQ=31 [01 01 08]
[T+191013921us][CH2-DEVICE] 53 C1 FA → WAYNE: bad frame
[T+191078920us][CH1-PC ] 53 C0 FA → [P3] ACK
[T+191163920us][CH1-PC ] 53 30 01 01 08 DA 9A 03 FA → [P3] DISP st=08(?) [01 01 08]
[T+191168920us][CH2-DEVICE] 53 C0 FA → [P3] ACK
[T+191234921us][CH1-PC ] 53 C0 FA → [P3] ACK
[T+191375921us][CH1-PC ] 50 20 FA → [P0] POLL
[T+191380921us][CH2-DEVICE] 50 70 FA → [P0] IDLE
[T+191515920us][CH1-PC ] 51 20 FA → [P1] POLL
[T+191520920us][CH2-DEVICE] 51 70 FA → [P1] IDLE
[T+191656945us][CH1-PC ] 52 20 FA → [P2] POLL
[T+191661920us][CH2-DEVICE] 52 70 FA → [P2] IDLE
[T+191797946us][CH1-PC ] 53 20 FA → [P3] POLL
[T+191818920us][CH2-DEVICE] 53 3F 01 01 05 01 01 05 26 A4 03 FA → [P3] SEQ=3F [01 01 05 01 01 05]
[T+191876920us][CH1-PC ] 53 C0 FA → [P3] ACK
[T+192015920us][CH1-PC ] 50 20 FA → [P0] POLL
[T+192021930us][CH2-DEVICE] 50 70 FA → [P0] IDLE
[T+192156921us][CH1-PC ] 51 20 FA → [P1] POLL
[T+192161921us][CH2-DEVICE] 51 70 FA → [P1] IDLE
[T+192297945us][CH1-PC ] 52 20 FA → [P2] POLL
[T+192302920us][CH2-DEVICE] 52 70 FA → [P2] IDLE
[T+192437920us][CH1-PC ] 53 20 FA → [P3] POLL
[T+192442920us][CH2-DEVICE] 53 70 FA → [P3] IDLE
[T+192578945us][CH1-PC ] 50 20 FA → [P0] POLL
[T+192582950us][CH2-DEVICE] 50 70 FA → [P0] IDLE
[T+192719096us][CH1-PC ] 51 20 FA → [P1] POLL
[T+192724921us][CH2-DEVICE] 51 70 FA → [P1] IDLE
[T+192859920us][CH1-PC ] 52 20 FA → [P2] POLL
[T+192866922us][CH2-DEVICE] 52 70 FA → [P2] IDLE
[T+192999920us][CH1-PC ] 53 20 FA → [P3] POLL
[T+193005563us][CH2-DEVICE] 53 70 FA → [P3] IDLE
[T+193140945us][CH1-PC ] 50 20 FA → [P0] POLL
[T+193145921us][CH2-DEVICE] 50 70 FA → [P0] IDLE
[T+193281962us][CH1-PC ] 51 20 FA → [P1] POLL
[T+193285960us][CH2-DEVICE] 51 70 FA → [P1] IDLE
[T+193422920us][CH1-PC ] 52 20 FA → [P2] POLL
[T+193428920us][CH2-DEVICE] 52 70 FA → [P2] IDLE
[T+193562920us][CH1-PC ] 53 20 FA → [P3] POLL
[T+193568569us][CH2-DEVICE] 53 70 FA → [P3] IDLE
[T+193703945us][CH1-PC ] 50 20 FA → [P0] POLL
[T+193708921us][CH2-DEVICE] 50 70 FA → [P0] IDLE
[T+193843920us][CH1-PC ] 51 20 FA → [P1] POLL
[T+193848920us][CH2-DEVICE] 51 70 FA → [P1] IDLE
[T+193984946us][CH1-PC ] 52 20 FA → [P2] POLL
[T+193990920us][CH2-DEVICE] 52 70 FA → [P2] IDLE
[T+194124920us][CH1-PC ] 53 20 FA → [P3] POLL
[T+194129920us][CH2-DEVICE] 53 70 FA → [P3] IDLE
[T+194265945us][CH1-PC ] 50 20 FA → [P0] POLL
[T+194270920us][CH2-DEVICE] 50 70 FA → [P0] IDLE
[T+194407271us][CH1-PC ] 51 20 FA → [P1] POLL
[T+194411920us][CH2-DEVICE] 51 70 FA → [P1] IDLE
[T+194547946us][CH1-PC ] 52 20 FA → [P2] POLL
[T+194552921us][CH2-DEVICE] 52 70 FA → [P2] IDLE
[T+194687920us][CH1-PC ] 53 20 FA → [P3] POLL
[T+194692920us][CH2-DEVICE] 53 70 FA → [P3] IDLE
[T+194827920us][CH1-PC ] 50 20 FA → [P0] POLL
[T+194833572us][CH2-DEVICE] 50 70 FA → [P0] IDLE
[T+194969022us][CH1-PC ] 51 20 FA → [P1] POLL
[T+194973921us][CH2-DEVICE] 51 70 FA → [P1] IDLE
[T+195110921us][CH1-PC ] 52 20 FA → [P2] POLL
[T+195115921us][CH2-DEVICE] 52 70 FA → [P2] IDLE
[T+195249920us][CH1-PC ] 53 20 FA → [P3] POLL
[T+195255920us][CH2-DEVICE] 53 70 FA → [P3] IDLE
[T+195390920us][CH1-PC ] 50 20 FA → [P0] POLL
[T+195396562us][CH2-DEVICE] 50 70 FA → [P0] IDLE
[T+195531945us][CH1-PC ] 51 20 FA → [P1] POLL
[T+195536925us][CH2-DEVICE] 51 70 FA → [P1] IDLE
[T+195672946us][CH1-PC ] 52 20 FA → [P2] POLL
[T+195677920us][CH2-DEVICE] 52 70 FA → [P2] IDLE
[T+195812920us][CH1-PC ] 53 20 FA → [P3] POLL
[T+195817920us][CH2-DEVICE] 53 70 FA → [P3] IDLE
[T+195952920us][CH1-PC ] 50 20 FA → [P0] POLL
[T+195957920us][CH2-DEVICE] 50 70 FA → [P0] IDLE
[T+196093946us][CH1-PC ] 51 20 FA → [P1] POLL
[T+196099920us][CH2-DEVICE] 51 70 FA → [P1] IDLE
[T+196234920us][CH1-PC ] 52 20 FA → [P2] POLL
[T+196240920us][CH2-DEVICE] 52 70 FA → [P2] IDLE
[T+196374921us][CH1-PC ] 53 20 FA → [P3] POLL
[T+196379921us][CH2-DEVICE] 53 70 FA → [P3] IDLE
[T+196515946us][CH1-PC ] 50 20 FA → [P0] POLL
[T+196520920us][CH2-DEVICE] 50 70 FA → [P0] IDLE
[T+196655929us][CH1-PC ] 51 20 FA → [P1] POLL
[T+196661920us][CH2-DEVICE] 51 70 FA → [P1] IDLE
[T+196797945us][CH1-PC ] 52 20 FA → [P2] POLL
[T+196801949us][CH2-DEVICE] 52 70 FA → [P2] IDLE
[T+196937945us][CH1-PC ] 53 20 FA → [P3] POLL
[T+196942921us][CH2-DEVICE] 53 70 FA → [P3] IDLE
[T+197078922us][CH1-PC ] 50 20 FA → [P0] POLL
[T+197083920us][CH2-DEVICE] 50 70 FA → [P0] IDLE
[T+197218920us][CH1-PC ] 51 20 FA → [P1] POLL
[T+197223920us][CH2-DEVICE] 51 70 FA → [P1] IDLE
[T+197359946us][CH1-PC ] 52 20 FA → [P2] POLL
[T+197365570us][CH2-DEVICE] 52 70 FA → [P2] IDLE
[T+197499920us][CH1-PC ] 53 20 FA → [P3] POLL
[T+197504920us][CH2-DEVICE] 53 70 FA → [P3] IDLE
[T+197640947us][CH1-PC ] 50 20 FA → [P0] POLL
[T+197645920us][CH2-DEVICE] 50 70 FA → [P0] IDLE
[T+197780921us][CH1-PC ] 51 20 FA → [P1] POLL
[T+197785921us][CH2-DEVICE] 51 70 FA → [P1] IDLE
[T+197922921us][CH1-PC ] 52 20 FA → [P2] POLL
[T+197927921us][CH2-DEVICE] 52 70 FA → [P2] IDLE
[T+198062920us][CH1-PC ] 53 20 FA → [P3] POLL
[T+198068920us][CH2-DEVICE] 53 70 FA → [P3] IDLE
[T+198202920us][CH1-PC ] 50 20 FA → [P0] POLL
[T+198208929us][CH2-DEVICE] 50 70 FA → [P0] IDLE
[T+198343921us][CH1-PC ] 51 20 FA → [P1] POLL
[T+198348921us][CH2-DEVICE] 51 70 FA → [P1] IDLE
[T+198484945us][CH1-PC ] 52 20 FA → [P2] POLL
[T+198490921us][CH2-DEVICE] 52 70 FA → [P2] IDLE
[T+198624920us][CH1-PC ] 53 20 FA → [P3] POLL
[T+198629920us][CH2-DEVICE] 53 70 FA → [P3] IDLE
[T+198765947us][CH1-PC ] 50 20 FA → [P0] POLL
[T+198771562us][CH2-DEVICE] 50 70 FA → [P0] IDLE
[T+198905930us][CH1-PC ] 51 20 FA → [P1] POLL
[T+198911921us][CH2-DEVICE] 51 70 FA → [P1] IDLE
[T+199047945us][CH1-PC ] 52 20 FA → [P2] POLL
[T+199051949us][CH2-DEVICE] 52 70 FA → [P2] IDLE
[T+199187946us][CH1-PC ] 53 20 FA → [P3] POLL
[T+199192920us][CH2-DEVICE] 53 70 FA → [P3] IDLE
[T+199327923us][CH1-PC ] 50 20 FA → [P0] POLL
[T+199332921us][CH2-DEVICE] 50 70 FA → [P0] IDLE
[T+199468945us][CH1-PC ] 51 20 FA → [P1] POLL
[T+199472953us][CH2-DEVICE] 51 70 FA → [P1] IDLE
[T+199610920us][CH1-PC ] 52 20 FA → [P2] POLL
[T+199615920us][CH2-DEVICE] 52 70 FA → [P2] IDLE
[T+199749920us][CH1-PC ] 53 20 FA → [P3] POLL
[T+199755576us][CH2-DEVICE] 53 70 FA → [P3] IDLE
[T+199890946us][CH1-PC ] 50 20 FA → [P0] POLL
[T+199895921us][CH2-DEVICE] 50 70 FA → [P0] IDLE
[T+200030930us][CH1-PC ] 51 20 FA → [P1] POLL
[T+200037921us][CH2-DEVICE] 51 70 FA → [P1] IDLE
[T+200172920us][CH1-PC ] 52 20 FA → [P2] POLL
[T+200177920us][CH2-DEVICE] 52 70 FA → [P2] IDLE
[T+200312920us][CH1-PC ] 53 20 FA → [P3] POLL
[T+200318572us][CH2-DEVICE] 53 70 FA → [P3] IDLE
[T+200452920us][CH1-PC ] 50 20 FA → [P0] POLL
[T+200458921us][CH2-DEVICE] 50 70 FA → [P0] IDLE
[T+200593920us][CH1-PC ] 51 20 FA → [P1] POLL
[T+200598920us][CH2-DEVICE] 51 70 FA → [P1] IDLE
[T+200734946us][CH1-PC ] 52 20 FA → [P2] POLL
[T+200739920us][CH2-DEVICE] 52 70 FA → [P2] IDLE
[T+200874921us][CH1-PC ] 53 20 FA → [P3] POLL
[T+200879921us][CH2-DEVICE] 53 70 FA → [P3] IDLE
[T+201015946us][CH1-PC ] 50 20 FA → [P0] POLL
[T+201020920us][CH2-DEVICE] 50 70 FA → [P0] IDLE
[T+201155920us][CH1-PC ] 51 20 FA → [P1] POLL
[T+201160920us][CH2-DEVICE] 51 70 FA → [P1] IDLE
[T+201297920us][CH1-PC ] 52 20 FA → [P2] POLL
[T+201301950us][CH2-DEVICE] 52 70 FA → [P2] IDLE
[T+201437945us][CH1-PC ] 53 20 FA → [P3] POLL
[T+201443921us][CH2-DEVICE] 53 70 FA → [P3] IDLE
[T+201578016us][CH1-PC ] 50 20 FA → [P0] POLL
[T+201583920us][CH2-DEVICE] 50 70 FA → [P0] IDLE
[T+201718920us][CH1-PC ] 51 20 FA → [P1] POLL
[T+201724566us][CH2-DEVICE] 51 70 FA → [P1] IDLE
[T+201859946us][CH1-PC ] 52 20 FA → [P2] POLL
[T+201866567us][CH2-DEVICE] 52 70 FA → [P2] IDLE
[T+201999920us][CH1-PC ] 53 20 FA → [P3] POLL
[T+202004920us][CH2-DEVICE] 53 70 FA → [P3] IDLE
[T+202140945us][CH1-PC ] 50 20 FA → [P0] POLL
[T+202144950us][CH2-DEVICE] 50 70 FA → [P0] IDLE
[T+202280945us][CH1-PC ] 51 20 FA → [P1] POLL
[T+202287560us][CH2-DEVICE] 51 70 FA → [P1] IDLE
[T+202422945us][CH1-PC ] 52 20 FA → [P2] POLL
[T+202427921us][CH2-DEVICE] 52 70 FA → [P2] IDLE
[T+202561920us][CH1-PC ] 53 20 FA → [P3] POLL
[T+202567920us][CH2-DEVICE] 53 70 FA → [P3] IDLE
[T+202702920us][CH1-PC ] 50 20 FA → [P0] POLL
[T+202708584us][CH2-DEVICE] 50 70 FA → [P0] IDLE
[T+202843945us][CH1-PC ] 51 20 FA → [P1] POLL
[T+202848921us][CH2-DEVICE] 51 70 FA → [P1] IDLE
[T+202984945us][CH1-PC ] 52 20 FA → [P2] POLL
[T+202989920us][CH2-DEVICE] 52 70 FA → [P2] IDLE
[T+203124920us][CH1-PC ] 53 20 FA → [P3] POLL
[T+203129920us][CH2-DEVICE] 53 70 FA → [P3] IDLE
[T+203265947us][CH1-PC ] 50 20 FA → [P0] POLL
[T+203271559us][CH2-DEVICE] 50 70 FA → [P0] IDLE
[T+203405930us][CH1-PC ] 51 20 FA → [P1] POLL
[T+203410920us][CH2-DEVICE] 51 70 FA → [P1] IDLE
[T+203546945us][CH1-PC ] 52 20 FA → [P2] POLL
[T+203552920us][CH2-DEVICE] 52 70 FA → [P2] IDLE
[T+203686920us][CH1-PC ] 53 20 FA → [P3] POLL
[T+203692569us][CH2-DEVICE] 53 70 FA → [P3] IDLE
[T+203827945us][CH1-PC ] 50 20 FA → [P0] POLL
[T+203834588us][CH2-DEVICE] 50 70 FA → [P0] IDLE
[T+203968920us][CH1-PC ] 51 20 FA → [P1] POLL
[T+203973920us][CH2-DEVICE] 51 70 FA → [P1] IDLE
[T+204109945us][CH1-PC ] 52 20 FA → [P2] POLL
[T+204114920us][CH2-DEVICE] 52 70 FA → [P2] IDLE
[T+204249920us][CH1-PC ] 53 20 FA → [P3] POLL
[T+204255574us][CH2-DEVICE] 53 70 FA → [P3] IDLE
[T+204390946us][CH1-PC ] 50 20 FA → [P0] POLL
[T+204394949us][CH2-DEVICE] 50 70 FA → [P0] IDLE
[T+204530962us][CH1-PC ] 51 20 FA → [P1] POLL
[T+204535920us][CH2-DEVICE] 51 70 FA → [P1] IDLE
[T+204671945us][CH1-PC ] 52 20 FA → [P2] POLL
[T+204676920us][CH2-DEVICE] 52 70 FA → [P2] IDLE
[T+204811921us][CH1-PC ] 53 20 FA → [P3] POLL
[T+204818562us][CH2-DEVICE] 53 70 FA → [P3] IDLE
[T+204952920us][CH1-PC ] 50 20 FA → [P0] POLL
[T+204957920us][CH2-DEVICE] 50 70 FA → [P0] IDLE
[T+205093945us][CH1-PC ] 51 20 FA → [P1] POLL
[T+205097949us][CH2-DEVICE] 51 70 FA → [P1] IDLE
[T+205234920us][CH1-PC ] 52 20 FA → [P2] POLL
[T+205239920us][CH2-DEVICE] 52 70 FA → [P2] IDLE
[T+205374921us][CH1-PC ] 53 20 FA → [P3] POLL
[T+205378950us][CH2-DEVICE] 53 70 FA → [P3] IDLE
[T+205514946us][CH1-PC ] 50 20 FA → [P0] POLL
[T+205520920us][CH2-DEVICE] 50 70 FA → [P0] IDLE
[T+205655920us][CH1-PC ] 51 20 FA → [P1] POLL
[T+205662430us][CH2-DEVICE] 51 70 FA → [P1] IDLE
[T+205796920us][CH1-PC ] 52 20 FA → [P2] POLL
[T+205802929us][CH2-DEVICE] 52 70 FA → [P2] IDLE
[T+205936920us][CH1-PC ] 53 20 FA → [P3] POLL
[T+205942921us][CH2-DEVICE] 53 70 FA → [P3] IDLE
[T+206077920us][CH1-PC ] 50 20 FA → [P0] POLL
[T+206082920us][CH2-DEVICE] 50 70 FA → [P0] IDLE
[T+206218945us][CH1-PC ] 51 20 FA → [P1] POLL
[T+206222957us][CH2-DEVICE] 51 70 FA → [P1] IDLE
[T+206359920us][CH1-PC ] 52 20 FA → [P2] POLL
[T+206365560us][CH2-DEVICE] 52 70 FA → [P2] IDLE
[T+206499920us][CH1-PC ] 53 20 FA → [P3] POLL
[T+206504920us][CH2-DEVICE] 53 70 FA → [P3] IDLE
[T+206639920us][CH1-PC ] 50 20 FA → [P0] POLL
[T+206645570us][CH2-DEVICE] 50 70 FA → [P0] IDLE
[T+206780945us][CH1-PC ] 51 20 FA → [P1] POLL
[T+206785921us][CH2-DEVICE] 51 70 FA → [P1] IDLE
[T+206922921us][CH1-PC ] 52 20 FA → [P2] POLL
[T+206926949us][CH2-DEVICE] 52 70 FA → [P2] IDLE
[T+207061920us][CH1-PC ] 53 20 FA → [P3] POLL
[T+207067920us][CH2-DEVICE] 53 70 FA → [P3] IDLE
[T+207202921us][CH1-PC ] 50 20 FA → [P0] POLL
[T+207207951us][CH2-DEVICE] 50 70 FA → [P0] IDLE
[T+207343921us][CH1-PC ] 51 20 FA → [P1] POLL
[T+207348920us][CH2-DEVICE] 51 70 FA → [P1] IDLE
[T+207484945us][CH1-PC ] 52 20 FA → [P2] POLL
[T+207489920us][CH2-DEVICE] 52 70 FA → [P2] IDLE
[T+207624920us][CH1-PC ] 53 20 FA → [P3] POLL
[T+207630571us][CH2-DEVICE] 53 70 FA → [P3] IDLE
[T+207764920us][CH1-PC ] 50 20 FA → [P0] POLL
[T+207769920us][CH2-DEVICE] 50 70 FA → [P0] IDLE
[T+207905962us][CH1-PC ] 51 20 FA → [P1] POLL
[T+207911920us][CH2-DEVICE] 51 70 FA → [P1] IDLE
[T+208046920us][CH1-PC ] 52 20 FA → [P2] POLL
[T+208052920us][CH2-DEVICE] 52 70 FA → [P2] IDLE
[T+208186921us][CH1-PC ] 53 20 FA → [P3] POLL
[T+208191921us][CH2-DEVICE] 53 70 FA → [P3] IDLE
[T+208327945us][CH1-PC ] 50 20 FA → [P0] POLL
[T+208332920us][CH2-DEVICE] 50 70 FA → [P0] IDLE
[T+208467920us][CH1-PC ] 51 20 FA → [P1] POLL
[T+208473920us][CH2-DEVICE] 51 70 FA → [P1] IDLE
[T+208609945us][CH1-PC ] 52 20 FA → [P2] POLL
[T+208615920us][CH2-DEVICE] 52 70 FA → [P2] IDLE
[T+208749922us][CH1-PC ] 53 20 FA → [P3] POLL
[T+208754921us][CH2-DEVICE] 53 70 FA → [P3] IDLE
[T+208889920us][CH1-PC ] 50 20 FA → [P0] POLL
[T+208894920us][CH2-DEVICE] 50 70 FA → [P0] IDLE
[T+209030946us][CH1-PC ] 51 20 FA → [P1] POLL
[T+209035920us][CH2-DEVICE] 51 70 FA → [P1] IDLE
[T+209171945us][CH1-PC ] 52 20 FA → [P2] POLL
[T+209176921us][CH2-DEVICE] 52 70 FA → [P2] IDLE
[T+209311920us][CH1-PC ] 53 20 FA → [P3] POLL
[T+209316920us][CH2-DEVICE] 53 70 FA → [P3] IDLE
[T+209452945us][CH1-PC ] 50 20 FA → [P0] POLL
[T+209457920us][CH2-DEVICE] 50 70 FA → [P0] IDLE
[T+209593922us][CH1-PC ] 51 20 FA → [P1] POLL
[T+209597949us][CH2-DEVICE] 51 70 FA → [P1] IDLE
[T+209734920us][CH1-PC ] 52 20 FA → [P2] POLL
[T+209739920us][CH2-DEVICE] 52 70 FA → [P2] IDLE
[T+209874921us][CH1-PC ] 53 20 FA → [P3] POLL
[T+209878950us][CH2-DEVICE] 53 70 FA → [P3] IDLE
[T+210014945us][CH1-PC ] 50 20 FA → [P0] POLL
[T+210021617us][CH2-DEVICE] 50 70 FA → [P0] IDLE
[T+210155921us][CH1-PC ] 51 20 FA → [P1] POLL
[T+210160920us][CH2-DEVICE] 51 70 FA → [P1] IDLE
[T+210296945us][CH1-PC ] 52 20 FA → [P2] POLL
[T+210301920us][CH2-DEVICE] 52 70 FA → [P2] IDLE
[T+210436920us][CH1-PC ] 53 20 FA → [P3] POLL
[T+210442602us][CH2-DEVICE] 53 70 FA → [P3] IDLE
[T+210577945us][CH1-PC ] 50 20 FA → [P0] POLL
[T+210582921us][CH2-DEVICE] 50 70 FA → [P0] IDLE
[T+210717920us][CH1-PC ] 51 20 FA → [P1] POLL
[T+210723920us][CH2-DEVICE] 51 70 FA → [P1] IDLE
[T+210859945us][CH1-PC ] 52 20 FA → [P2] POLL
[T+210864920us][CH2-DEVICE] 52 70 FA → [P2] IDLE
[T+210999922us][CH1-PC ] 53 20 FA → [P3] POLL
[T+211004921us][CH2-DEVICE] 53 70 FA → [P3] IDLE
[T+211139920us][CH1-PC ] 50 20 FA → [P0] POLL
[T+211144920us][CH2-DEVICE] 50 70 FA → [P0] IDLE
[T+211280962us][CH1-PC ] 51 20 FA → [P1] POLL
[T+211285921us][CH2-DEVICE] 51 70 FA → [P1] IDLE
[T+211421945us][CH1-PC ] 52 20 FA → [P2] POLL
[T+211426920us][CH2-DEVICE] 52 70 FA → [P2] IDLE
[T+211561920us][CH1-PC ] 53 20 FA → [P3] POLL
[T+211566927us][CH2-DEVICE] 53 70 FA → [P3] IDLE
[T+211702945us][CH1-PC ] 50 20 FA → [P0] POLL
[T+211707921us][CH2-DEVICE] 50 70 FA → [P0] IDLE
[T+211842920us][CH1-PC ] 51 20 FA → [P1] POLL
[T+211848920us][CH2-DEVICE] 51 70 FA → [P1] IDLE
[T+211984945us][CH1-PC ] 52 20 FA → [P2] POLL
[T+211989920us][CH2-DEVICE] 52 70 FA → [P2] IDLE
[T+212124920us][CH1-PC ] 53 20 FA → [P3] POLL
[T+212130709us][CH2-DEVICE] 53 70 FA → [P3] IDLE
[T+212264920us][CH1-PC ] 50 20 FA → [P0] POLL
[T+212269920us][CH2-DEVICE] 50 70 FA → [P0] ID