[T+61322504us][CH1-PC    ] 50 20 FA  → [P0] POLL
[T+61364480us][CH2-DEVICE] 50 3B 02 08 00 00 00 00 00 00 00 00 03 04 00 00 00 00 01 01 00 02 52 03 FA  → [P0] SEQ=3B vol=0.00L price=0 NULL
[T+61401479us][CH1-PC    ] 50 C0 FA  → [P0] ACK
[T+61572505us][CH1-PC    ] 51 20 FA  → [P1] POLL
[T+61616507us][CH2-DEVICE] 51 37 02 08 00 00 00 00 00 00 00 00 03 04 01 43 00 01 01 01 00 1D 81 03 FA  → [P1] SEQ=37 vol=0.00L price=0 PRD:43/NZ:01 DONE
[T+61653480us][CH1-PC    ] 51 C0 FA  → [P1] ACK
[T+61822479us][CH1-PC    ] 52 20 FA  → [P2] POLL
[T+61865480us][CH2-DEVICE] 52 35 02 08 00 00 00 00 00 00 00 00 03 04 00 00 00 00 01 01 05 88 9C 03 FA  → [P2] SEQ=35 vol=0.00L price=0 IDLE
[T+61902479us][CH1-PC    ] 52 C0 FA  → [P2] ACK
[T+62072479us][CH1-PC    ] 53 20 FA  → [P3] POLL
[T+62117516us][CH2-DEVICE] 53 3A 02 08 00 00 00 00 00 00 00 00 03 04 01 24 00 03 01 01 05 DA D3 03 FA  → [P3] SEQ=3A vol=0.00L price=0 PRD:24/NZ:03 IDLE
[T+62154479us][CH1-PC    ] 53 C0 FA  → [P3] ACK
[T+62322480us][CH1-PC    ] 50 20 FA  → [P0] POLL
[T+62328485us][CH2-DEVICE] 50 70 FA  → [P0] IDLE
[T+62572480us][CH1-PC    ] 51 20 FA  → [P1] POLL
[T+62597479us][CH2-DEVICE] 51 38 02 08 00 00 00 00 00 00 00 00 2E 69 03 FA  → [P1] SEQ=38 vol=0.00L price=0
[T+62634511us][CH1-PC    ] 51 C0 FA  → [P1] ACK
[T+62822479us][CH1-PC    ] 52 20 FA  → [P2] POLL
[T+62827479us][CH2-DEVICE] 52 70 FA  → [P2] IDLE
[T+63072480us][CH1-PC    ] 53 20 FA  → [P3] POLL
[T+63099481us][CH2-DEVICE] 53 3B 02 08 00 00 00 00 00 00 00 00 D8 EA 03 FA  → [P3] SEQ=3B vol=0.00L price=0
[T+63135504us][CH1-PC    ] 53 C0 FA  → [P3] ACK
[T+63321479us][CH1-PC    ] 50 20 FA  → [P0] POLL
[T+63328487us][CH2-DEVICE] 50 70 FA  → [P0] IDLE
[T+63571479us][CH1-PC    ] 51 20 FA  → [P1] POLL
[T+63576479us][CH2-DEVICE] 51 70 FA  → [P1] IDLE
[T+63822479us][CH1-PC    ] 52 20 FA  → [P2] POLL
[T+63827479us][CH2-DEVICE] 52 70 FA  → [P2] IDLE
[T+64072479us][CH1-PC    ] 53 20 FA  → [P3] POLL
[T+64077479us][CH2-DEVICE] 53 70 FA  → [P3] IDLE
[T+64322479us][CH1-PC    ] 50 20 FA  → [P0] POLL
[T+64328479us][CH2-DEVICE] 50 70 FA  → [P0] IDLE
[T+64572504us][CH1-PC    ] 51 20 FA  → [P1] POLL
[T+64577479us][CH2-DEVICE] 51 70 FA  → [P1] IDLE
[T+64822479us][CH1-PC    ] 52 20 FA  → [P2] POLL
[T+64827479us][CH2-DEVICE] 52 70 FA  → [P2] IDLE
[T+65072479us][CH1-PC    ] 53 20 FA  → [P3] POLL
[T+65077479us][CH2-DEVICE] 53 70 FA  → [P3] IDLE
[T+65321504us][CH1-PC    ] 50 20 FA  → [P0] POLL
[T+65327480us][CH2-DEVICE] 50 70 FA  → [P0] IDLE
[T+65572479us][CH1-PC    ] 51 20 FA  → [P1] POLL
[T+65577479us][CH2-DEVICE] 51 70 FA  → [P1] IDLE
[T+65822480us][CH1-PC    ] 52 20 FA  → [P2] POLL
[T+65826507us][CH2-DEVICE] 52 70 FA  → [P2] IDLE
[T+66072479us][CH1-PC    ] 53 20 FA  → [P3] POLL
[T+66077479us][CH2-DEVICE] 53 70 FA  → [P3] IDLE
[T+66321505us][CH1-PC    ] 50 20 FA  → [P0] POLL
[T+66328003us][CH2-DEVICE] 50 70 FA  → [P0] IDLE
[T+66571504us][CH1-PC    ] 51 20 FA  → [P1] POLL
[T+66577479us][CH2-DEVICE] 51 70 FA  → [P1] IDLE
[T+66822479us][CH1-PC    ] 52 20 FA  → [P2] POLL
[T+66827479us][CH2-DEVICE] 52 70 FA  → [P2] IDLE
[T+67072480us][CH1-PC    ] 53 20 FA  → [P3] POLL
[T+67077479us][CH2-DEVICE] 53 70 FA  → [P3] IDLE
[T+67321504us][CH1-PC    ] 50 20 FA  → [P0] POLL
[T+67327479us][CH2-DEVICE] 50 70 FA  → [P0] IDLE
[T+67571504us][CH1-PC    ] 51 20 FA  → [P1] POLL
[T+67578007us][CH2-DEVICE] 51 70 FA  → [P1] IDLE
[T+67822479us][CH1-PC    ] 52 20 FA  → [P2] POLL
[T+67827479us][CH2-DEVICE] 52 70 FA  → [P2] IDLE
[T+68071504us][CH1-PC    ] 53 20 FA  → [P3] POLL
[T+68077009us][CH2-DEVICE] 53 70 FA  → [P3] IDLE
[T+68322480us][CH1-PC    ] 50 20 FA  → [P0] POLL
[T+68327479us][CH2-DEVICE] 50 70 FA  → [P0] IDLE
[T+68572479us][CH1-PC    ] 51 20 FA  → [P1] POLL
[T+68577479us][CH2-DEVICE] 51 70 FA  → [P1] IDLE
[T+68822479us][CH1-PC    ] 52 20 FA  → [P2] POLL
[T+68828009us][CH2-DEVICE] 52 70 FA  → [P2] IDLE
[T+69072479us][CH1-PC    ] 53 20 FA  → [P3] POLL
[T+69076507us][CH2-DEVICE] 53 70 FA  → [P3] IDLE
[T+69321479us][CH1-PC    ] 50 20 FA  → [P0] POLL
[T+69327009us][CH2-DEVICE] 50 70 FA  → [P0] IDLE
[T+69571479us][CH1-PC    ] 51 20 FA  → [P1] POLL
[T+69577479us][CH2-DEVICE] 51 70 FA  → [P1] IDLE
[T+69821504us][CH1-PC    ] 52 20 FA  → [P2] POLL
[T+69827479us][CH2-DEVICE] 52 70 FA  → [P2] IDLE
[T+70072479us][CH1-PC    ] 53 20 FA  → [P3] POLL
[T+70077981us][CH2-DEVICE] 53 70 FA  → [P3] IDLE
[T+70322479us][CH1-PC    ] 50 20 FA  → [P0] POLL
[T+70328479us][CH2-DEVICE] 50 70 FA  → [P0] IDLE
[T+70571479us][CH1-PC    ] 51 20 FA  → [P1] POLL
[T+70577001us][CH2-DEVICE] 51 70 FA  → [P1] IDLE
[T+70821479us][CH1-PC    ] 52 20 FA  → [P2] POLL
[T+70826500us][CH2-DEVICE] 52 70 FA  → [P2] IDLE
[T+71071479us][CH1-PC    ] 53 20 FA  → [P3] POLL
[T+71077479us][CH2-DEVICE] 53 70 FA  → [P3] IDLE
[T+71322479us][CH1-PC    ] 50 20 FA  → [P0] POLL
[T+71327997us][CH2-DEVICE] 50 70 FA  → [P0] IDLE
[T+71572479us][CH1-PC    ] 51 20 FA  → [P1] POLL
[T+71577479us][CH2-DEVICE] 51 70 FA  → [P1] IDLE
[T+71821504us][CH1-PC    ] 52 20 FA  → [P2] POLL
[T+71827505us][CH2-DEVICE] 52 70 FA  → [P2] IDLE
[T+72071504us][CH1-PC    ] 53 20 FA  → [P3] POLL
[T+72077479us][CH2-DEVICE] 53 70 FA  → [P3] IDLE
[T+72321504us][CH1-PC    ] 50 20 FA  → [P0] POLL
[T+72326479us][CH2-DEVICE] 50 70 FA  → [P0] IDLE
[T+72572479us][CH1-PC    ] 51 20 FA  → [P1] POLL
[T+72578006us][CH2-DEVICE] 51 70 FA  → [P1] IDLE
[T+72821504us][CH1-PC    ] 52 20 FA  → [P2] POLL
[T+72827479us][CH2-DEVICE] 52 70 FA  → [P2] IDLE
[T+73072479us][CH1-PC    ] 53 20 FA  → [P3] POLL
[T+73077479us][CH2-DEVICE] 53 70 FA  → [P3] IDLE
[T+73321504us][CH1-PC    ] 50 20 FA  → [P0] POLL
[T+73326479us][CH2-DEVICE] 50 70 FA  → [P0] IDLE
[T+73571479us][CH1-PC    ] 51 20 FA  → [P1] POLL
[T+73576479us][CH2-DEVICE] 51 70 FA  → [P1] IDLE
[T+73821480us][CH1-PC    ] 52 20 FA  → [P2] POLL
[T+73826479us][CH2-DEVICE] 52 70 FA  → [P2] IDLE
[T+74071479us][CH1-PC    ] 53 20 FA  → [P3] POLL
[T+74076479us][CH2-DEVICE] 53 70 FA  → [P3] IDLE
[T+74322479us][CH1-PC    ] 50 20 FA  → [P0] POLL
[T+74328479us][CH2-DEVICE] 50 70 FA  → [P0] IDLE
[T+74571479us][CH1-PC    ] 51 20 FA  → [P1] POLL
[T+74577479us][CH2-DEVICE] 51 70 FA  → [P1] IDLE
[T+74822482us][CH1-PC    ] 52 20 FA  → [P2] POLL
[T+74827479us][CH2-DEVICE] 52 70 FA  → [P2] IDLE
[T+75072479us][CH1-PC    ] 53 20 FA  → [P3] POLL
[T+75077995us][CH2-DEVICE] 53 70 FA  → [P3] IDLE
[T+75321505us][CH1-PC    ] 50 20 FA  → [P0] POLL
[T+75326479us][CH2-DEVICE] 50 70 FA  → [P0] IDLE
[T+75571479us][CH1-PC    ] 51 20 FA  → [P1] POLL
[T+75577001us][CH2-DEVICE] 51 70 FA  → [P1] IDLE
[T+75821479us][CH1-PC    ] 52 20 FA  → [P2] POLL
[T+75827479us][CH2-DEVICE] 52 70 FA  → [P2] IDLE
[T+76072479us][CH1-PC    ] 53 20 FA  → [P3] POLL
[T+76076507us][CH2-DEVICE] 53 70 FA  → [P3] IDLE
[T+76322479us][CH1-PC    ] 50 20 FA  → [P0] POLL
[T+76328001us][CH2-DEVICE] 50 70 FA  → [P0] IDLE
[T+76572479us][CH1-PC    ] 51 20 FA  → [P1] POLL
[T+76577479us][CH2-DEVICE] 51 70 FA  → [P1] IDLE
[T+76821504us][CH1-PC    ] 52 20 FA  → [P2] POLL
[T+76827487us][CH2-DEVICE] 52 70 FA  → [P2] IDLE
[T+77072480us][CH1-PC    ] 53 20 FA  → [P3] POLL
[T+77077480us][CH2-DEVICE] 53 70 FA  → [P3] IDLE
[T+77321504us][CH1-PC    ] 50 20 FA  → [P0] POLL
[T+77327479us][CH2-DEVICE] 50 70 FA  → [P0] IDLE
[T+77571504us][CH1-PC    ] 51 20 FA  → [P1] POLL
[T+77578001us][CH2-DEVICE] 51 70 FA  → [P1] IDLE
[T+77822479us][CH1-PC    ] 52 20 FA  → [P2] POLL
[T+77827479us][CH2-DEVICE] 52 70 FA  → [P2] IDLE
[T+78071514us][CH1-PC    ] 53 20 FA  → [P3] POLL
[T+78077487us][CH2-DEVICE] 53 70 FA  → [P3] IDLE
[T+78321504us][CH1-PC    ] 50 20 FA  → [P0] POLL
[T+78326479us][CH2-DEVICE] 50 70 FA  → [P0] IDLE
[T+78572479us][CH1-PC    ] 51 20 FA  → [P1] POLL
[T+78576507us][CH2-DEVICE] 51 70 FA  → [P1] IDLE
[T+78821480us][CH1-PC    ] 52 20 FA  → [P2] POLL
[T+78826479us][CH2-DEVICE] 52 70 FA  → [P2] IDLE
[T+79071479us][CH1-PC    ] 53 20 FA  → [P3] POLL
[T+79076482us][CH2-DEVICE] 53 70 FA  → [P3] IDLE
[T+79321479us][CH1-PC    ] 50 20 FA  → [P0] POLL
[T+79327009us][CH2-DEVICE] 50 70 FA  → [P0] IDLE
[T+79571479us][CH1-PC    ] 51 20 FA  → [P1] POLL
[T+79577479us][CH2-DEVICE] 51 70 FA  → [P1] IDLE
[T+79822479us][CH1-PC    ] 52 20 FA  → [P2] POLL
[T+79827479us][CH2-DEVICE] 52 70 FA  → [P2] IDLE
[T+80071504us][CH1-PC    ] 53 20 FA  → [P3] POLL
[T+80076479us][CH2-DEVICE] 53 70 FA  → [P3] IDLE
[T+80321479us][CH1-PC    ] 50 20 FA  → [P0] POLL
[T+80326479us][CH2-DEVICE] 50 70 FA  → [P0] IDLE
[T+80571479us][CH1-PC    ] 51 20 FA  → [P1] POLL
[T+80577487us][CH2-DEVICE] 51 70 FA  → [P1] IDLE
[T+80821504us][CH1-PC    ] 52 20 FA  → [P2] POLL
[T+80826479us][CH2-DEVICE] 52 70 FA  → [P2] IDLE
[T+81071479us][CH1-PC    ] 53 20 FA  → [P3] POLL
[T+81076479us][CH2-DEVICE] 53 70 FA  → [P3] IDLE
[T+81321480us][CH1-PC    ] 50 20 FA  → [P0] POLL
[T+81328007us][CH2-DEVICE] 50 70 FA  → [P0] IDLE
[T+81571504us][CH1-PC    ] 51 20 FA  → [P1] POLL
[T+81577479us][CH2-DEVICE] 51 70 FA  → [P1] IDLE
[T+81821504us][CH1-PC    ] 52 20 FA  → [P2] POLL
[T+81827007us][CH2-DEVICE] 52 70 FA  → [P2] IDLE
[T+82071479us][CH1-PC    ] 53 20 FA  → [P3] POLL
[T+82076479us][CH2-DEVICE] 53 70 FA  → [P3] IDLE
[T+82321479us][CH1-PC    ] 50 20 FA  → [P0] POLL
[T+82327479us][CH2-DEVICE] 50 70 FA  → [P0] IDLE
[T+82571504us][CH1-PC    ] 51 20 FA  → [P1] POLL
[T+82576479us][CH2-DEVICE] 51 70 FA  → [P1] IDLE
[T+82821479us][CH1-PC    ] 52 20 FA  → [P2] POLL
[T+82826479us][CH2-DEVICE] 52 70 FA  → [P2] IDLE
[T+83071479us][CH1-PC    ] 53 20 FA  → [P3] POLL
[T+83076998us][CH2-DEVICE] 53 70 FA  → [P3] IDLE
[T+83321484us][CH1-PC    ] 50 20 FA  → [P0] POLL
[T+83326479us][CH2-DEVICE] 50 70 FA  → [P0] IDLE
[T+83571479us][CH1-PC    ] 51 20 FA  → [P1] POLL
[T+83576479us][CH2-DEVICE] 51 70 FA  → [P1] IDLE
[T+83821480us][CH1-PC    ] 52 20 FA  → [P2] POLL
[T+83828145us][CH2-DEVICE] 52 70 FA  → [P2] IDLE
[T+84071506us][CH1-PC    ] 53 20 FA  → [P3] POLL
[T+84076479us][CH2-DEVICE] 53 70 FA  → [P3] IDLE
[T+84321479us][CH1-PC    ] 50 20 FA  → [P0] POLL
[T+84326997us][CH2-DEVICE] 50 70 FA  → [P0] IDLE
[T+84571479us][CH1-PC    ] 51 20 FA  → [P1] POLL
[T+84576479us][CH2-DEVICE] 51 70 FA  → [P1] IDLE
[T+84822479us][CH1-PC    ] 52 20 FA  → [P2] POLL
[T+84827479us][CH2-DEVICE] 52 70 FA  → [P2] IDLE
[T+85071506us][CH1-PC    ] 53 20 FA  → [P3] POLL
[T+85075508us][CH2-DEVICE] 53 70 FA  → [P3] IDLE
[T+85321479us][CH1-PC    ] 50 20 FA  → [P0] POLL
[T+85327479us][CH2-DEVICE] 50 70 FA  → [P0] IDLE
[T+85571504us][CH1-PC    ] 51 20 FA  → [P1] POLL
[T+85577032us][CH2-DEVICE] 51 70 FA  → [P1] IDLE
[T+85821479us][CH1-PC    ] 52 20 FA  → [P2] POLL
[T+85826479us][CH2-DEVICE] 52 70 FA  → [P2] IDLE
[T+86071479us][CH1-PC    ] 53 20 FA  → [P3] POLL
[T+86076479us][CH2-DEVICE] 53 70 FA  → [P3] IDLE
[T+86321480us][CH1-PC    ] 50 20 FA  → [P0] POLL
[T+86328006us][CH2-DEVICE] 50 70 FA  → [P0] IDLE
[T+86571505us][CH1-PC    ] 51 20 FA  → [P1] POLL
[T+86577479us][CH2-DEVICE] 51 70 FA  → [P1] IDLE
[T+86821504us][CH1-PC    ] 52 20 FA  → [P2] POLL
[T+86827140us][CH2-DEVICE] 52 70 FA  → [P2] IDLE
[T+87071479us][CH1-PC    ] 53 20 FA  → [P3] POLL
[T+87077479us][CH2-DEVICE] 53 70 FA  → [P3] IDLE
[T+87321504us][CH1-PC    ] 50 20 FA  → [P0] POLL
[T+87327479us][CH2-DEVICE] 50 70 FA  → [P0] IDLE
[T+87571480us][CH1-PC    ] 51 20 FA  → [P1] POLL
[T+87576479us][CH2-DEVICE] 51 70 FA  → [P1] IDLE
[T+87821479us][CH1-PC    ] 52 20 FA  → [P2] POLL
[T+87827479us][CH2-DEVICE] 52 70 FA  → [P2] IDLE
[T+88071479us][CH1-PC    ] 53 20 FA  → [P3] POLL
[T+88077145us][CH2-DEVICE] 53 70 FA  → [P3] IDLE
[T+88321504us][CH1-PC    ] 50 20 FA  → [P0] POLL
[T+88326479us][CH2-DEVICE] 50 70 FA  → [P0] IDLE
[T+88571479us][CH1-PC    ] 51 20 FA  → [P1] POLL
[T+88577479us][CH2-DEVICE] 51 70 FA  → [P1] IDLE
[T+88821504us][CH1-PC    ] 52 20 FA  → [P2] POLL
[T+88826479us][CH2-DEVICE] 52 70 FA  → [P2] IDLE
[T+89071479us][CH1-PC    ] 53 20 FA  → [P3] POLL
[T+89076479us][CH2-DEVICE] 53 70 FA  → [P3] IDLE
[T+89322479us][CH1-PC    ] 50 20 FA  → [P0] POLL
[T+89327479us][CH2-DEVICE] 50 70 FA  → [P0] IDLE
[T+89571507us][CH1-PC    ] 51 20 FA  → [P1] POLL
[T+89576479us][CH2-DEVICE] 51 70 FA  → [P1] IDLE
[T+89821479us][CH1-PC    ] 52 20 FA  → [P2] POLL
[T+89826479us][CH2-DEVICE] 52 70 FA  → [P2] IDLE
[T+90071480us][CH1-PC    ] 53 20 FA  → [P3] POLL
[T+90076479us][CH2-DEVICE] 53 70 FA  → [P3] IDLE
[T+90321479us][CH1-PC    ] 50 20 FA  → [P0] POLL
[T+90326479us][CH2-DEVICE] 50 70 FA  → [P0] IDLE
[T+90571479us][CH1-PC    ] 51 20 FA  → [P1] POLL
[T+90577129us][CH2-DEVICE] 51 70 FA  → [P1] IDLE
[T+90821479us][CH1-PC    ] 52 20 FA  → [P2] POLL
[T+90826479us][CH2-DEVICE] 52 70 FA  → [P2] IDLE
[T+91072479us][CH1-PC    ] 53 20 FA  → [P3] POLL
[T+91077479us][CH2-DEVICE] 53 70 FA  → [P3] IDLE
[T+91320479us][CH1-PC    ] 50 20 FA  → [P0] POLL
[T+91325479us][CH2-DEVICE] 50 70 FA  → [P0] IDLE
[T+91571479us][CH1-PC    ] 51 20 FA  → [P1] POLL
[T+91576479us][CH2-DEVICE] 51 70 FA  → [P1] IDLE
[T+91821481us][CH1-PC    ] 52 20 FA  → [P2] POLL
[T+91828009us][CH2-DEVICE] 52 70 FA  → [P2] IDLE
[T+92071504us][CH1-PC    ] 53 20 FA  → [P3] POLL
[T+92076479us][CH2-DEVICE] 53 70 FA  → [P3] IDLE
[T+92321479us][CH1-PC    ] 50 20 FA  → [P0] POLL
[T+92326995us][CH2-DEVICE] 50 70 FA  → [P0] IDLE
[T+92571479us][CH1-PC    ] 51 20 FA  → [P1] POLL
[T+92576584us][CH2-DEVICE] 51 70 FA  → [P1] IDLE
[T+92820505us][CH1-PC    ] 52 20 FA  → [P2] POLL
[T+92826487us][CH2-DEVICE] 52 70 FA  → [P2] IDLE
[T+93071480us][CH1-PC    ] 53 20 FA  → [P3] POLL
[T+93076479us][CH2-DEVICE] 53 70 FA  → [P3] IDLE
[T+93321479us][CH1-PC    ] 50 20 FA  → [P0] POLL
[T+93326479us][CH2-DEVICE] 50 70 FA  → [P0] IDLE
[T+93571479us][CH1-PC    ] 51 20 FA  → [P1] POLL
[T+93577487us][CH2-DEVICE] 51 70 FA  → [P1] IDLE
[T+93821504us][CH1-PC    ] 52 20 FA  → [P2] POLL
[T+93825507us][CH2-DEVICE] 52 70 FA  → [P2] IDLE
[T+94071579us][CH1-PC    ] 53 20 FA  → [P3] POLL
[T+94076479us][CH2-DEVICE] 53 70 FA  → [P3] IDLE
[T+94321479us][CH1-PC    ] 50 20 FA  → [P0] POLL
[T+94326479us][CH2-DEVICE] 50 70 FA  → [P0] IDLE
[T+94571479us][CH1-PC    ] 51 20 FA  → [P1] POLL
[T+94576479us][CH2-DEVICE] 51 70 FA  → [P1] IDLE
[T+94821479us][CH1-PC    ] 52 20 FA  → [P2] POLL
[T+94827479us][CH2-DEVICE] 52 70 FA  → [P2] IDLE
[T+95071506us][CH1-PC    ] 53 20 FA  → [P3] POLL
[T+95076479us][CH2-DEVICE] 53 70 FA  → [P3] IDLE
[T+95321479us][CH1-PC    ] 50 20 FA  → [P0] POLL
[T+95326479us][CH2-DEVICE] 50 70 FA  → [P0] IDLE
[T+95571479us][CH1-PC    ] 51 20 FA  → [P1] POLL
[T+95575507us][CH2-DEVICE] 51 70 FA  → [P1] IDLE
[T+95821480us][CH1-PC    ] 52 20 FA  → [P2] POLL
[T+95826479us][CH2-DEVICE] 52 70 FA  → [P2] IDLE
[T+96071479us][CH1-PC    ] 53 20 FA  → [P3] POLL
[T+96076479us][CH2-DEVICE] 53 70 FA  → [P3] IDLE
[T+96321479us][CH1-PC    ] 50 20 FA  → [P0] POLL
[T+96327125us][CH2-DEVICE] 50 70 FA  → [P0] IDLE
[T+96571479us][CH1-PC    ] 51 20 FA  → [P1] POLL
[T+96576479us][CH2-DEVICE] 51 70 FA  → [P1] IDLE
[T+96821479us][CH1-PC    ] 52 20 FA  → [P2] POLL
[T+96826479us][CH2-DEVICE] 52 70 FA  → [P2] IDLE
[T+97071480us][CH1-PC    ] 53 20 FA  → [P3] POLL
[T+97076479us][CH2-DEVICE] 53 70 FA  → [P3] IDLE
[T+97321479us][CH1-PC    ] 50 20 FA  → [P0] POLL
[T+97326479us][CH2-DEVICE] 50 70 FA  → [P0] IDLE
[T+97571479us][CH1-PC    ] 51 20 FA  → [P1] POLL
[T+97577009us][CH2-DEVICE] 51 70 FA  → [P1] IDLE
[T+97820504us][CH1-PC    ] 52 20 FA  → [P2] POLL
[T+97825479us][CH2-DEVICE] 52 70 FA  → [P2] IDLE
[T+98071479us][CH1-PC    ] 53 20 FA  → [P3] POLL
[T+98076479us][CH2-DEVICE] 53 70 FA  → [P3] IDLE
[T+98321480us][CH1-PC    ] 50 20 FA  → [P0] POLL
[T+98328143us][CH2-DEVICE] 50 70 FA  → [P0] IDLE
[T+98571504us][CH1-PC    ] 51 20 FA  → [P1] POLL
[T+98576479us][CH2-DEVICE] 51 70 FA  → [P1] IDLE
[T+98821479us][CH1-PC    ] 52 20 FA  → [P2] POLL
[T+98827487us][CH2-DEVICE] 52 70 FA  → [P2] IDLE
[T+99070479us][CH1-PC    ] 53 20 FA  → [P3] POLL
[T+99076479us][CH2-DEVICE] 53 70 FA  → [P3] IDLE
[T+99321479us][CH1-PC    ] 50 20 FA  → [P0] POLL
[T+99326479us][CH2-DEVICE] 50 70 FA  → [P0] IDLE
[T+99570504us][CH1-PC    ] 51 20 FA  → [P1] POLL
[T+99575479us][CH2-DEVICE] 51 70 FA  → [P1] IDLE
[T+99821479us][CH1-PC    ] 52 20 FA  → [P2] POLL
[T+99826479us][CH2-DEVICE] 52 70 FA  → [P2] IDLE
[T+100071480us][CH1-PC    ] 53 20 FA  → [P3] POLL
[T+100076479us][CH2-DEVICE] 53 70 FA  → [P3] IDLE
[T+100321479us][CH1-PC    ] 50 20 FA  → [P0] POLL
[T+100326479us][CH2-DEVICE] 50 70 FA  → [P0] IDLE
[T+100571479us][CH1-PC    ] 51 20 FA  → [P1] POLL
[T+100577487us][CH2-DEVICE] 51 70 FA  → [P1] IDLE
[T+100821504us][CH1-PC    ] 52 20 FA  → [P2] POLL
[T+100827479us][CH2-DEVICE] 52 70 FA  → [P2] IDLE
[T+101071504us][CH1-PC    ] 53 20 FA  → [P3] POLL
[T+101089479us][CH2-DEVICE] 53 3C 03 04 01 05 00 12 D9 29 03 FA  → [P3] SEQ=3C PRD:05/NZ:12
[T+101320479us][CH1-PC    ] 50 20 FA  → [P0] POLL
[T+101325479us][CH2-DEVICE] 50 70 FA  → [P0] IDLE
[T+101571479us][CH1-PC    ] 51 20 FA  → [P1] POLL
[T+101575507us][CH2-DEVICE] 51 70 FA  → [P1] IDLE
[T+101821479us][CH1-PC    ] 52 20 FA  → [P2] POLL
[T+101827487us][CH2-DEVICE] 52 70 FA  → [P2] IDLE
[T+102071505us][CH1-PC    ] 53 20 FA  → [P3] POLL
[T+102089479us][CH2-DEVICE] 53 3C 03 04 01 05 00 12 D9 29 03 FA  → [P3] SEQ=3C PRD:05/NZ:12
[T+102321504us][CH1-PC    ] 50 20 FA  → [P0] POLL
[T+102326479us][CH2-DEVICE] 50 70 FA  → [P0] IDLE
[T+102571482us][CH1-PC    ] 51 20 FA  → [P1] POLL
[T+102576479us][CH2-DEVICE] 51 70 FA  → [P1] IDLE
[T+102821505us][CH1-PC    ] 52 20 FA  → [P2] POLL
[T+102826479us][CH2-DEVICE] 52 70 FA  → [P2] IDLE
[T+103071479us][CH1-PC    ] 53 20 FA  → [P3] POLL
[T+103090484us][CH2-DEVICE] 53 3C 03 04 01 05 00 12 D9 29 03 FA  → [P3] SEQ=3C PRD:05/NZ:12
[T+103321479us][CH1-PC    ] 50 20 FA  → [P0] POLL
[T+103326479us][CH2-DEVICE] 50 70 FA  → [P0] IDLE
[T+103571479us][CH1-PC    ] 51 20 FA  → [P1] POLL
[T+103575507us][CH2-DEVICE] 51 70 FA  → [P1] IDLE
[T+103821504us][CH1-PC    ] 52 20 FA  → [P2] POLL
[T+103825507us][CH2-DEVICE] 52 70 FA  → [P2] IDLE
[T+104070479us][CH1-PC    ] 53 20 FA  → [P3] POLL
[T+104090504us][CH2-DEVICE] 53 3C 03 04 01 05 00 12 D9 29 03 FA  → [P3] SEQ=3C PRD:05/NZ:12
[T+104321479us][CH1-PC    ] 50 20 FA  → [P0] POLL
[T+104327019us][CH2-DEVICE] 50 70 FA  → [P0] IDLE
[T+104571479us][CH1-PC    ] 51 20 FA  → [P1] POLL
[T+104576479us][CH2-DEVICE] 51 70 FA  → [P1] IDLE
[T+104821479us][CH1-PC    ] 52 20 FA  → [P2] POLL
[T+104826479us][CH2-DEVICE] 52 70 FA  → [P2] IDLE
[T+105071479us][CH1-PC    ] 53 20 FA  → [P3] POLL
[T+105089482us][CH2-DEVICE] 53 3C 03 04 01 05 00 12 D9 29 03 FA  → [P3] SEQ=3C PRD:05/NZ:12
[T+105320486us][CH1-PC    ] 50 20 FA  → [P0] POLL
[T+105326367us][CH2-DEVICE] 50 70 FA  → [P0] IDLE
[T+105571480us][CH1-PC    ] 51 20 FA  → [P1] POLL
[T+105576479us][CH2-DEVICE] 51 70 FA  → [P1] IDLE
[T+105820479us][CH1-PC    ] 52 20 FA  → [P2] POLL
[T+105827479us][CH2-DEVICE] 52 70 FA  → [P2] IDLE
[T+106071504us][CH1-PC    ] 53 20 FA  → [P3] POLL
[T+106090479us][CH2-DEVICE] 53 3C 03 04 01 05 00 12 D9 29 03 FA  → [P3] SEQ=3C PRD:05/NZ:12
[T+106320479us][CH1-PC    ] 50 20 FA  → [P0] POLL
[T+106325479us][CH2-DEVICE] 50 70 FA  → [P0] IDLE
[T+106571479us][CH1-PC    ] 51 20 FA  → [P1] POLL
[T+106576479us][CH2-DEVICE] 51 70 FA  → [P1] IDLE
[T+106820505us][CH1-PC    ] 52 20 FA  → [P2] POLL
[T+106826479us][CH2-DEVICE] 52 70 FA  → [P2] IDLE
[T+107070505us][CH1-PC    ] 53 20 FA  → [P3] POLL
[T+107089480us][CH2-DEVICE] 53 3C 03 04 01 05 00 12 D9 29 03 FA  → [P3] SEQ=3C PRD:05/NZ:12
[T+107320480us][CH1-PC    ] 50 20 FA  → [P0] POLL
[T+107327158us][CH2-DEVICE] 50 70 FA  → [P0] IDLE
[T+107571479us][CH1-PC    ] 51 20 FA  → [P1] POLL
[T+107576479us][CH2-DEVICE] 51 70 FA  → [P1] IDLE
[T+107820504us][CH1-PC    ] 52 20 FA  → [P2] POLL
[T+107826160us][CH2-DEVICE] 52 70 FA  → [P2] IDLE
[T+108071480us][CH1-PC    ] 53 20 FA  → [P3] POLL
[T+108090479us][CH2-DEVICE] 53 3C 03 04 01 05 00 12 D9 29 03 FA  → [P3] SEQ=3C PRD:05/NZ:12
[T+108321479us][CH1-PC    ] 50 20 FA  → [P0] POLL
[T+108326479us][CH2-DEVICE] 50 70 FA  → [P0] IDLE
[T+108571479us][CH1-PC    ] 51 20 FA  → [P1] POLL
[T+108577191us][CH2-DEVICE] 51 70 FA  → [P1] IDLE
[T+108821481us][CH1-PC    ] 52 20 FA  → [P2] POLL
[T+108826479us][CH2-DEVICE] 52 70 FA  → [P2] IDLE
[T+109071479us][CH1-PC    ] 53 20 FA  → [P3] POLL
[T+109088479us][CH2-DEVICE] 53 3C 03 04 01 05 00 12 D9 29 03 FA  → [P3] SEQ=3C PRD:05/NZ:12
[T+109320504us][CH1-PC    ] 50 20 FA  → [P0] POLL
[T+109325479us][CH2-DEVICE] 50 70 FA  → [P0] IDLE
[T+109570479us][CH1-PC    ] 51 20 FA  → [P1] POLL
[T+109575479us][CH2-DEVICE] 51 70 FA  → [P1] IDLE
[T+109821480us][CH1-PC    ] 52 20 FA  → [P2] POLL
[T+109825507us][CH2-DEVICE] 52 70 FA  → [P2] IDLE
[T+110071479us][CH1-PC    ] 53 20 FA  → [P3] POLL
[T+110089480us][CH2-DEVICE] 53 3C 03 04 01 05 00 12 D9 29 03 FA  → [P3] SEQ=3C PRD:05/NZ:12
[T+110321504us][CH1-PC    ] 50 20 FA  → [P0] POLL
[T+110327175us][CH2-DEVICE] 50 70 FA  → [P0] IDLE
[T+110571479us][CH1-PC    ] 51 20 FA  → [P1] POLL
[T+110576479us][CH2-DEVICE] 51 70 FA  → [P1] IDLE
[T+110820504us][CH1-PC    ] 52 20 FA  → [P2] POLL
[T+110826174us][CH2-DEVICE] 52 70 FA  → [P2] IDLE
[T+111071482us][CH1-PC    ] 53 20 FA  → [P3] POLL
[T+111090487us][CH2-DEVICE] 53 3C 03 04 01 05 00 12 D9 29 03 FA  → [P3] SEQ=3C PRD:05/NZ:12
[T+111321479us][CH1-PC    ] 50 20 FA  → [P0] POLL
[T+111325507us][CH2-DEVICE] 50 70 FA  → [P0] IDLE
[T+111571479us][CH1-PC    ] 51 20 FA  → [P1] POLL
[T+111577171us][CH2-DEVICE] 51 70 FA  → [P1] IDLE
[T+111821479us][CH1-PC    ] 52 20 FA  → [P2] POLL
[T+111825507us][CH2-DEVICE] 52 70 FA  → [P2] IDLE
[T+112071479us][CH1-PC    ] 53 20 FA  → [P3] POLL
[T+112089479us][CH2-DEVICE] 53 3C 03 04 01 05 00 12 D9 29 03 FA  → [P3] SEQ=3C PRD:05/NZ:12
[T+112320479us][CH1-PC    ] 50 20 FA  → [P0] POLL
[T+112326479us][CH2-DEVICE] 50 70 FA  → [P0] IDLE
[T+112570504us][CH1-PC    ] 51 20 FA  → [P1] POLL
[T+112575479us][CH2-DEVICE] 51 70 FA  → [P1] IDLE
[T+112820480us][CH1-PC    ] 52 20 FA  → [P2] POLL
[T+112827018us][CH2-DEVICE] 52 70 FA  → [P2] IDLE
[T+113071479us][CH1-PC    ] 53 20 FA  → [P3] POLL
[T+113089479us][CH2-DEVICE] 53 3C 03 04 01 05 00 12 D9 29 03 FA  → [P3] SEQ=3C PRD:05/NZ:12
[T+113320479us][CH1-PC    ] 50 20 FA  → [P0] POLL
[T+113326289us][CH2-DEVICE] 50 70 FA  → [P0] IDLE
[T+113571480us][CH1-PC    ] 51 20 FA  → [P1] POLL
[T+113576483us][CH2-DEVICE] 51 70 FA  → [P1] IDLE
[T+113820504us][CH1-PC    ] 52 20 FA  → [P2] POLL
[T+113825479us][CH2-DEVICE] 52 70 FA  → [P2] IDLE
[T+114070479us][CH1-PC    ] 53 20 FA  → [P3] POLL
[T+114088549us][CH2-DEVICE] 53 3C 03 04 01 05 00 12 D9 29 03 FA  → [P3] SEQ=3C PRD:05/NZ:12
[T+114320504us][CH1-PC    ] 50 20 FA  → [P0] POLL
[T+114325479us][CH2-DEVICE] 50 70 FA  → [P0] IDLE
[T+114571480us][CH1-PC    ] 51 20 FA  → [P1] POLL
[T+114576479us][CH2-DEVICE] 51 70 FA  → [P1] IDLE
[T+114820504us][CH1-PC    ] 52 20 FA  → [P2] POLL
[T+114825479us][CH2-DEVICE] 52 70 FA  → [P2] IDLE
[T+115070479us][CH1-PC    ] 53 20 FA  → [P3] POLL
[T+115089479us][CH2-DEVICE] 53 3C 03 04 01 05 00 12 D9 29 03 FA  → [P3] SEQ=3C PRD:05/NZ:12
[T+115320479us][CH1-PC    ] 50 20 FA  → [P0] POLL
[T+115327479us][CH2-DEVICE] 50 70 FA  → [P0] IDLE
[T+115570480us][CH1-PC    ] 51 20 FA  → [P1] POLL
[T+115575479us][CH2-DEVICE] 51 70 FA  → [P1] IDLE
[T+115821479us][CH1-PC    ] 52 20 FA  → [P2] POLL
[T+115826479us][CH2-DEVICE] 52 70 FA  → [P2] IDLE
[T+116070504us][CH1-PC    ] 53 20 FA  → [P3] POLL
[T+116089482us][CH2-DEVICE] 53 3C 03 04 01 05 00 12 D9 29 03 FA  → [P3] SEQ=3C PRD:05/NZ:12
[T+116321481us][CH1-PC    ] 50 20 FA  → [P0] POLL
[T+116326479us][CH2-DEVICE] 50 70 FA  → [P0] IDLE
[T+116570504us][CH1-PC    ] 51 20 FA  → [P1] POLL
[T+116575479us][CH2-DEVICE] 51 70 FA  → [P1] IDLE
[T+116821479us][CH1-PC    ] 52 20 FA  → [P2] POLL
[T+116827020us][CH2-DEVICE] 52 70 FA  → [P2] IDLE
[T+117070504us][CH1-PC    ] 53 20 FA  → [P3] POLL
[T+117088480us][CH2-DEVICE] 53 3C 03 04 01 05 00 12 D9 29 03 FA  → [P3] SEQ=3C PRD:05/NZ:12
[T+117321479us][CH1-PC    ] 50 20 FA  → [P0] POLL
[T+117326479us][CH2-DEVICE] 50 70 FA  → [P0] IDLE
[T+117570504us][CH1-PC    ] 51 20 FA  → [P1] POLL
[T+117575479us][CH2-DEVICE] 51 70 FA  → [P1] IDLE
[T+117821479us][CH1-PC    ] 52 20 FA  → [P2] POLL
[T+117826479us][CH2-DEVICE] 52 70 FA  → [P2] IDLE
[T+118070504us][CH1-PC    ] 53 20 FA  → [P3] POLL
[T+118088480us][CH2-DEVICE] 53 3C 03 04 01 05 00 12 D9 29 03 FA  → [P3] SEQ=3C PRD:05/NZ:12
[T+118320504us][CH1-PC    ] 50 20 FA  → [P0] POLL
[T+118326198us][CH2-DEVICE] 50 70 FA  → [P0] IDLE
[T+118570479us][CH1-PC    ] 51 20 FA  → [P1] POLL
[T+118575479us][CH2-DEVICE] 51 70 FA  → [P1] IDLE
[T+118820479us][CH1-PC    ] 52 20 FA  → [P2] POLL
[T+118825479us][CH2-DEVICE] 52 70 FA  → [P2] IDLE
[T+119070479us][CH1-PC    ] 53 20 FA  → [P3] POLL
[T+119088479us][CH2-DEVICE] 53 3C 03 04 01 05 00 12 D9 29 03 FA  → [P3] SEQ=3C PRD:05/NZ:12
[T+119320504us][CH1-PC    ] 50 20 FA  → [P0] POLL
[T+119325479us][CH2-DEVICE] 50 70 FA  → [P0] IDLE
[T+119571482us][CH1-PC    ] 51 20 FA  → [P1] POLL
[T+119575507us][CH2-DEVICE] 51 70 FA  → [P1] IDLE
[T+119821479us][CH1-PC    ] 52 20 FA  → [P2] POLL
[T+119826479us][CH2-DEVICE] 52 70 FA  → [P2] IDLE
[T+120070505us][CH1-PC    ] 53 20 FA  → [P3] POLL
[T+120090519us][CH2-DEVICE] 53 3C 03 04 01 05 00 12 D9 29 03 FA  → [P3] SEQ=3C PRD:05/NZ:12
[T+120320479us][CH1-PC    ] 50 20 FA  → [P0] POLL
[T+120326479us][CH2-DEVICE] 50 70 FA  → [P0] IDLE
[T+120570504us][CH1-PC    ] 51 20 FA  → [P1] POLL
[T+120576015us][CH2-DEVICE] 51 70 FA  → [P1] IDLE
[T+120820505us][CH1-PC    ] 52 20 FA  → [P2] POLL
[T+120825479us][CH2-DEVICE] 52 70 FA  → [P2] IDLE
[T+121070479us][CH1-PC    ] 53 20 FA  → [P3] POLL
[T+121088479us][CH2-DEVICE] 53 3C 03 04 01 05 00 12 D9 29 03 FA  → [P3] SEQ=3C PRD:05/NZ:12
[T+121320504us][CH1-PC    ] 50 20 FA  → [P0] POLL
[T+121325479us][CH2-DEVICE] 50 70 FA  → [P0] IDLE
[T+121570479us][CH1-PC    ] 51 20 FA  → [P1] POLL
[T+121574507us][CH2-DEVICE] 51 70 FA  → [P1] IDLE
[T+121820479us][CH1-PC    ] 52 20 FA  → [P2] POLL
[T+121826519us][CH2-DEVICE] 52 70 FA  → [P2] IDLE
[T+122070504us][CH1-PC    ] 53 20 FA  → [P3] POLL
[T+122089479us][CH2-DEVICE] 53 3C 03 04 01 05 00 12 D9 29 03 FA  → [P3] SEQ=3C PRD:05/NZ:12
[T+122320479us][CH1-PC    ] 50 20 FA  → [P0] POLL
[T+122326188us][CH2-DEVICE] 50 70 FA  → [P0] IDLE
[T+122570479us][CH1-PC    ] 51 20 FA  → [P1] POLL
[T+122575479us][CH2-DEVICE] 51 70 FA  → [P1] IDLE
[T+122821479us][CH1-PC    ] 52 20 FA  → [P2] POLL
[T+122826479us][CH2-DEVICE] 52 70 FA  → [P2] IDLE
[T+123070504us][CH1-PC    ] 53 20 FA  → [P3] POLL
[T+123089483us][CH2-DEVICE] 53 3C 03 04 01 05 00 12 D9 29 03 FA  → [P3] SEQ=3C PRD:05/NZ:12
[T+123320479us][CH1-PC    ] 50 20 FA  → [P0] POLL
[T+123325479us][CH2-DEVICE] 50 70 FA  → [P0] IDLE
[T+123570479us][CH1-PC    ] 51 20 FA  → [P1] POLL
[T+123576202us][CH2-DEVICE] 51 70 FA  → [P1] IDLE
[T+123820479us][CH1-PC    ] 52 20 FA  → [P2] POLL
[T+123825479us][CH2-DEVICE] 52 70 FA  → [P2] IDLE
[T+124070504us][CH1-PC    ] 53 20 FA  → [P3] POLL
[T+124091479us][CH2-DEVICE] 53 3C 03 04 01 05 00 12 D9 29 03 FA  → [P3] SEQ=3C PRD:05/NZ:12
[T+124320480us][CH1-PC    ] 50 20 FA  → [P0] POLL
[T+124325479us][CH2-DEVICE] 50 70 FA  → [P0] IDLE
[T+124570479us][CH1-PC    ] 51 20 FA  → [P1] POLL
[T+124576479us][CH2-DEVICE] 51 70 FA  → [P1] IDLE
[T+124821479us][CH1-PC    ] 52 20 FA  → [P2] POLL
[T+124827479us][CH2-DEVICE] 52 70 FA  → [P2] IDLE
[T+125070479us][CH1-PC    ] 53 20 FA  → [P3] POLL
[T+125088479us][CH2-DEVICE] 53 3C 03 04 01 05 00 12 D9 29 03 FA  → [P3] SEQ=3C PRD:05/NZ:12
[T+125320504us][CH1-PC    ] 50 20 FA  → [P0] POLL
[T+125325479us][CH2-DEVICE] 50 70 FA  → [P0] IDLE
[T+125570480us][CH1-PC    ] 51 20 FA  → [P1] POLL
[T+125577176us][CH2-DEVICE] 51 70 FA  → [P1] IDLE
[T+125820479us][CH1-PC    ] 52 20 FA  → [P2] POLL
[T+125826479us][CH2-DEVICE] 52 70 FA  → [P2] IDLE
[T+126070504us][CH1-PC    ] 53 20 FA  → [P3] POLL
[T+126088484us][CH2-DEVICE] 53 3C 03 04 01 05 00 12 D9 29 03 FA  → [P3] SEQ=3C PRD:05/NZ:12
[T+126320504us][CH1-PC    ] 50 20 FA  → [P0] POLL
[T+126326479us][CH2-DEVICE] 50 70 FA  → [P0] IDLE
[T+126570505us][CH1-PC    ] 51 20 FA  → [P1] POLL
[T+126576479us][CH2-DEVICE] 51 70 FA  → [P1] IDLE
[T+126820504us][CH1-PC    ] 52 20 FA  → [P2] POLL
[T+126825479us][CH2-DEVICE] 52 70 FA  → [P2] IDLE
[T+127070479us][CH1-PC    ] 53 20 FA  → [P3] POLL
[T+127089479us][CH2-DEVICE] 53 3C 03 04 01 05 00 12 D9 29 03 FA  → [P3] SEQ=3C PRD:05/NZ:12
[T+127320479us][CH1-PC    ] 50 20 FA  → [P0] POLL
[T+127326193us][CH2-DEVICE] 50 70 FA  → [P0] IDLE
[T+127570504us][CH1-PC    ] 51 20 FA  → [P1] POLL
[T+127575479us][CH2-DEVICE] 51 70 FA  → [P1] IDLE
[T+127820504us][CH1-PC    ] 52 20 FA  → [P2] POLL
[T+127826479us][CH2-DEVICE] 52 70 FA  → [P2] IDLE
[T+128070515us][CH1-PC    ] 53 20 FA  → [P3] POLL
[T+128088479us][CH2-DEVICE] 53 3C 03 04 01 05 00 12 D9 29 03 FA  → [P3] SEQ=3C PRD:05/NZ:12
[T+128320504us][CH1-PC    ] 50 20 FA  → [P0] POLL
[T+128327479us][CH2-DEVICE] 50 70 FA  → [P0] IDLE
[T+128570479us][CH1-PC    ] 51 20 FA  → [P1] POLL
[T+128576019us][CH2-DEVICE] 51 70 FA  → [P1] IDLE
[T+128820479us][CH1-PC    ] 52 20 FA  → [P2] POLL
[T+128825479us][CH2-DEVICE] 52 70 FA  → [P2] IDLE
[T+129070479us][CH1-PC    ] 53 20 FA  → [P3] POLL
[T+129088479us][CH2-DEVICE] 53 3C 03 04 01 05 00 12 D9 29 03 FA  → [P3] SEQ=3C PRD:05/NZ:12
[T+129320504us][CH1-PC    ] 50 20 FA  → [P0] POLL
[T+129324507us][CH2-DEVICE] 50 70 FA  → [P0] IDLE
[T+129569479us][CH1-PC    ] 51 20 FA  → [P1] POLL
[T+129575479us][CH2-DEVICE] 51 70 FA  → [P1] IDLE
[T+129820479us][CH1-PC    ] 52 20 FA  → [P2] POLL
[T+129824507us][CH2-DEVICE] 52 70 FA  → [P2] IDLE
[T+130070479us][CH1-PC    ] 53 20 FA  → [P3] POLL
[T+130088488us][CH2-DEVICE] 53 3C 03 04 01 05 00 12 D9 29 03 FA  → [P3] SEQ=3C PRD:05/NZ:12
[T+130320604us][CH1-PC    ] 50 20 FA  → [P0] POLL
[T+130326018us][CH2-DEVICE] 50 70 FA  → [P0] IDLE
[T+130570479us][CH1-PC    ] 51 20 FA  → [P1] POLL
[T+130575479us][CH2-DEVICE] 51 70 FA  → [P1] IDLE
[T+130820479us][CH1-PC    ] 52 20 FA  → [P2] POLL
[T+130825479us][CH2-DEVICE] 52 70 FA  → [P2] IDLE
[T+131070480us][CH1-PC    ] 53 20 FA  → [P3] POLL
[T+131089479us][CH2-DEVICE] 53 3C 03 04 01 05 00 12 D9 29 03 FA  → [P3] SEQ=3C PRD:05/NZ:12
[T+131320479us][CH1-PC    ] 50 20 FA  → [P0] POLL
[T+131325479us][CH2-DEVICE] 50 70 FA  → [P0] IDLE
[T+131570479us][CH1-PC    ] 51 20 FA  → [P1] POLL
[T+131576487us][CH2-DEVICE] 51 70 FA  → [P1] IDLE
[T+131820504us][CH1-PC    ] 52 20 FA  → [P2] POLL
[T+131825479us][CH2-DEVICE] 52 70 FA  → [P2] IDLE