[T+61591728us][CH1-Dispenser] 53 70 FA
[T+61726728us][CH2-Pc    ] 50 20 FA
[T+61733729us][CH1-Dispenser] 50 70 FA
[T+61867728us][CH2-Pc    ] 51 20 FA
[T+61872728us][CH1-Dispenser] 51 70 FA
[T+62008753us][CH2-Pc    ] 52 20 FA
[T+62013728us][CH1-Dispenser] 52 70 FA
[T+62149754us][CH2-Pc    ] 53 20 FA
[T+62154728us][CH1-Dispenser] 53 70 FA
[T+62289729us][CH2-Pc    ] 50 20 FA
[T+62294966us][CH1-Dispenser] 50 70 FA
[T+62430753us][CH2-Pc    ] 51 20 FA
[T+62434779us][CH1-Dispenser] 51 70 FA
[T+62571899us][CH2-Pc    ] 52 20 FA
[T+62577728us][CH1-Dispenser] 52 70 FA
[T+62712728us][CH2-Pc    ] 53 20 FA
[T+62717728us][CH1-Dispenser] 53 70 FA
[T+62851728us][CH2-Pc    ] 50 20 FA
[T+62857730us][CH1-Dispenser] 50 70 FA
[T+62992728us][CH2-Pc    ] 51 20 FA
[T+62997728us][CH1-Dispenser] 51 70 FA
[T+63133755us][CH2-Pc    ] 52 20 FA
[T+63138728us][CH1-Dispenser] 52 70 FA
[T+63274755us][CH2-Pc    ] 53 20 FA
[T+63278759us][CH1-Dispenser] 53 70 FA
[T+63414754us][CH2-Pc    ] 50 20 FA
[T+63418761us][CH1-Dispenser] 50 70 FA
[T+63554890us][CH2-Pc    ] 51 20 FA
[T+63560729us][CH1-Dispenser] 51 70 FA
[T+63696753us][CH2-Pc    ] 52 20 FA
[T+63701728us][CH1-Dispenser] 52 70 FA
[T+63836729us][CH2-Pc    ] 53 20 FA
[T+63841729us][CH1-Dispenser] 53 70 FA
[T+63976743us][CH2-Pc    ] 50 20 FA
[T+63982728us][CH1-Dispenser] 50 70 FA
[T+64117728us][CH2-Pc    ] 51 20 FA
[T+64123271us][CH1-Dispenser] 51 70 FA
[T+64258754us][CH2-Pc    ] 52 20 FA
[T+64265288us][CH1-Dispenser] 52 70 FA
[T+64399937us][CH2-Pc    ] 53 20 FA
[T+64404728us][CH1-Dispenser] 53 70 FA
[T+64539729us][CH2-Pc    ] 50 20 FA
[T+64544728us][CH1-Dispenser] 50 70 FA
[T+64679729us][CH2-Pc    ] 51 20 FA
[T+64686316us][CH1-Dispenser] 51 70 FA
[T+64821843us][CH2-Pc    ] 52 20 FA
[T+64825757us][CH1-Dispenser] 52 70 FA
[T+64961753us][CH2-Pc    ] 53 20 FA
[T+64967728us][CH1-Dispenser] 53 70 FA
[T+65101728us][CH2-Pc    ] 50 20 FA
[T+65107273us][CH1-Dispenser] 50 70 FA
[T+65242753us][CH2-Pc    ] 51 20 FA
[T+65247729us][CH1-Dispenser] 51 70 FA
[T+65383753us][CH2-Pc    ] 52 20 FA
[T+65389729us][CH1-Dispenser] 52 70 FA
[T+65524728us][CH2-Pc    ] 53 20 FA
[T+65529728us][CH1-Dispenser] 53 70 FA
[T+65664728us][CH2-Pc    ] 50 20 FA
[T+65670271us][CH1-Dispenser] 50 70 FA
[T+65804729us][CH2-Pc    ] 51 20 FA
[T+65809728us][CH1-Dispenser] 51 70 FA
[T+65946728us][CH2-Pc    ] 52 20 FA
[T+65951728us][CH1-Dispenser] 52 70 FA
[T+66086728us][CH2-Pc    ] 53 20 FA
[T+66092728us][CH1-Dispenser] 53 70 FA
[T+66226729us][CH2-Pc    ] 50 20 FA
[T+66233271us][CH1-Dispenser] 50 70 FA
[T+66367728us][CH2-Pc    ] 51 20 FA
[T+66372728us][CH1-Dispenser] 51 70 FA
[T+66508755us][CH2-Pc    ] 52 20 FA
[T+66513728us][CH1-Dispenser] 52 70 FA
[T+66653757us][CH1-Dispenser] 53 70 FA
[T+66649756us][CH2-Pc    ] 53 20 FA
[T+66789729us][CH2-Pc    ] 50 20 FA
[T+66793757us][CH1-Dispenser] 50 70 FA
[T+66929753us][CH2-Pc    ] 51 20 FA
[T+66936729us][CH1-Dispenser] 51 70 FA
[T+67071900us][CH2-Pc    ] 52 20 FA
[T+67076728us][CH1-Dispenser] 52 70 FA
[T+67211728us][CH2-Pc    ] 53 20 FA
[T+67217431us][CH1-Dispenser] 53 70 FA
[T+67351729us][CH2-Pc    ] 50 20 FA
[T+67356729us][CH1-Dispenser] 50 70 FA
[T+67492753us][CH2-Pc    ] 51 20 FA
[T+67496757us][CH1-Dispenser] 51 70 FA
[T+67633728us][CH2-Pc    ] 52 20 FA
[T+67639728us][CH1-Dispenser] 52 70 FA
[T+67774728us][CH2-Pc    ] 53 20 FA
[T+67779728us][CH1-Dispenser] 53 70 FA
[T+67914728us][CH2-Pc    ] 50 20 FA
[T+67919728us][CH1-Dispenser] 50 70 FA
[T+68054728us][CH2-Pc    ] 51 20 FA
[T+68059728us][CH1-Dispenser] 51 70 FA
[T+68196729us][CH2-Pc    ] 52 20 FA
[T+68201729us][CH1-Dispenser] 52 70 FA
[T+68336729us][CH2-Pc    ] 53 20 FA
[T+68343274us][CH1-Dispenser] 53 70 FA
[T+68476728us][CH2-Pc    ] 50 20 FA
[T+68482728us][CH1-Dispenser] 50 70 FA
[T+68617728us][CH2-Pc    ] 51 20 FA
[T+68622728us][CH1-Dispenser] 51 70 FA
[T+68758753us][CH2-Pc    ] 52 20 FA
[T+68764344us][CH1-Dispenser] 52 70 FA
[T+68899759us][CH2-Pc    ] 53 20 FA
[T+68903758us][CH1-Dispenser] 53 70 FA
[T+69039754us][CH2-Pc    ] 50 20 FA
[T+69043757us][CH1-Dispenser] 50 70 FA
[T+69179753us][CH2-Pc    ] 51 20 FA
[T+69185736us][CH1-Dispenser] 51 70 FA
[T+69321818us][CH2-Pc    ] 52 20 FA
[T+69327347us][CH1-Dispenser] 52 70 FA
[T+69461728us][CH2-Pc    ] 53 20 FA
[T+69466728us][CH1-Dispenser] 53 70 FA
[T+69601728us][CH2-Pc    ] 50 20 FA
[T+69606728us][CH1-Dispenser] 50 70 FA
[T+69742753us][CH2-Pc    ] 51 20 FA
[T+69746757us][CH1-Dispenser] 51 70 FA
[T+69883729us][CH2-Pc    ] 52 20 FA
[T+69890343us][CH1-Dispenser] 52 70 FA
[T+70024728us][CH2-Pc    ] 53 20 FA
[T+70029728us][CH1-Dispenser] 53 70 FA
[T+70164728us][CH2-Pc    ] 50 20 FA
[T+70169728us][CH1-Dispenser] 50 70 FA
[T+70304729us][CH2-Pc    ] 51 20 FA
[T+70311349us][CH1-Dispenser] 51 70 FA
[T+70446753us][CH2-Pc    ] 52 20 FA
[T+70451729us][CH1-Dispenser] 52 70 FA
[T+70586728us][CH2-Pc    ] 53 20 FA
[T+70592728us][CH1-Dispenser] 53 70 FA
[T+70726728us][CH2-Pc    ] 50 20 FA
[T+70732469us][CH1-Dispenser] 50 70 FA
[T+70867753us][CH2-Pc    ] 51 20 FA
[T+70871758us][CH1-Dispenser] 51 70 FA
[T+71010728us][CH2-Pc    ] 52 20 FA
[T+71016267us][CH1-Dispenser] 52 70 FA
[T+71148728us][CH2-Pc    ] 53 20 FA
[T+71154728us][CH1-Dispenser] 53 70 FA
[T+71288729us][CH2-Pc    ] 50 20 FA
[T+71295515us][CH1-Dispenser] 50 70 FA
[T+71430729us][CH2-Pc    ] 51 20 FA
[T+71434902us][CH1-Dispenser] 51 70 FA
[T+71571898us][CH2-Pc    ] 52 20 FA
[T+71575758us][CH1-Dispenser] 52 70 FA
[T+71711753us][CH2-Pc    ] 53 20 FA
[T+71717728us][CH1-Dispenser] 53 70 FA
[T+71851729us][CH2-Pc    ] 50 20 FA
[T+71856729us][CH1-Dispenser] 50 70 FA
[T+71992731us][CH2-Pc    ] 51 20 FA
[T+71997728us][CH1-Dispenser] 51 70 FA
[T+72133728us][CH2-Pc    ] 52 20 FA
[T+72138728us][CH1-Dispenser] 52 70 FA
[T+72274753us][CH2-Pc    ] 53 20 FA
[T+72279728us][CH1-Dispenser] 53 70 FA
[T+72413728us][CH2-Pc    ] 50 20 FA
[T+72418728us][CH1-Dispenser] 50 70 FA
[T+72554753us][CH2-Pc    ] 51 20 FA
[T+72560728us][CH1-Dispenser] 51 70 FA
[T+72696737us][CH2-Pc    ] 52 20 FA
[T+72702728us][CH1-Dispenser] 52 70 FA
[T+72836728us][CH2-Pc    ] 53 20 FA
[T+72842267us][CH1-Dispenser] 53 70 FA
[T+72976728us][CH2-Pc    ] 50 20 FA
[T+72981728us][CH1-Dispenser] 50 70 FA
[T+73117753us][CH2-Pc    ] 51 20 FA
[T+73121758us][CH1-Dispenser] 51 70 FA
[T+73262757us][CH1-Dispenser] 52 70 FA
[T+73258735us][CH2-Pc    ] 52 20 FA
[T+73399728us][CH2-Pc    ] 53 20 FA
[T+73405258us][CH1-Dispenser] 53 70 FA
[T+73538728us][CH2-Pc    ] 50 20 FA
[T+73543728us][CH1-Dispenser] 50 70 FA
[T+73679754us][CH2-Pc    ] 51 20 FA
[T+73684728us][CH1-Dispenser] 51 70 FA
[T+73820756us][CH2-Pc    ] 52 20 FA
[T+73826281us][CH1-Dispenser] 52 70 FA
[T+73961754us][CH2-Pc    ] 53 20 FA
[T+73966729us][CH1-Dispenser] 53 70 FA
[T+74101728us][CH2-Pc    ] 50 20 FA
[T+74106728us][CH1-Dispenser] 50 70 FA
[T+74242728us][CH2-Pc    ] 51 20 FA
[T+74247728us][CH1-Dispenser] 51 70 FA
[T+74383753us][CH2-Pc    ] 52 20 FA
[T+74388728us][CH1-Dispenser] 52 70 FA
[T+74523728us][CH2-Pc    ] 53 20 FA
[T+74529405us][CH1-Dispenser] 53 70 FA
[T+74663728us][CH2-Pc    ] 50 20 FA
[T+74668729us][CH1-Dispenser] 50 70 FA
[T+74804754us][CH2-Pc    ] 51 20 FA
[T+74809728us][CH1-Dispenser] 51 70 FA
[T+74945756us][CH2-Pc    ] 52 20 FA
[T+74951728us][CH1-Dispenser] 52 70 FA
[T+75086728us][CH2-Pc    ] 53 20 FA
[T+75091728us][CH1-Dispenser] 53 70 FA
[T+75226728us][CH2-Pc    ] 50 20 FA
[T+75231728us][CH1-Dispenser] 50 70 FA
[T+75366728us][CH2-Pc    ] 51 20 FA
[T+75371728us][CH1-Dispenser] 51 70 FA
[T+75508729us][CH2-Pc    ] 52 20 FA
[T+75514728us][CH1-Dispenser] 52 70 FA
[T+75648871us][CH2-Pc    ] 53 20 FA
[T+75653729us][CH1-Dispenser] 53 70 FA
[T+75788729us][CH2-Pc    ] 50 20 FA
[T+75794729us][CH1-Dispenser] 50 70 FA
[T+75929728us][CH2-Pc    ] 51 20 FA
[T+75935728us][CH1-Dispenser] 51 70 FA
[T+76070728us][CH2-Pc    ] 52 20 FA
[T+76075730us][CH1-Dispenser] 52 70 FA
[T+76211755us][CH2-Pc    ] 53 20 FA
[T+76224728us][CH1-Dispenser] 53 70 FA
[T+76351728us][CH2-Pc    ] 50 20 FA
[T+76356728us][CH1-Dispenser] 50 70 FA
[T+76491728us][CH2-Pc    ] 51 20 FA
[T+76497728us][CH1-Dispenser] 51 70 FA
[T+76633753us][CH2-Pc    ] 52 20 FA
[T+76639729us][CH1-Dispenser] 52 70 FA
[T+76773728us][CH2-Pc    ] 53 20 FA
[T+76778728us][CH1-Dispenser] 53 70 FA
[T+76913729us][CH2-Pc    ] 50 20 FA
[T+76918729us][CH1-Dispenser] 50 70 FA
[T+77054763us][CH2-Pc    ] 51 20 FA
[T+77059728us][CH1-Dispenser] 51 70 FA
[T+77195728us][CH2-Pc    ] 52 20 FA
[T+77200728us][CH1-Dispenser] 52 70 FA
[T+77336753us][CH2-Pc    ] 53 20 FA
[T+77342736us][CH1-Dispenser] 53 70 FA
[T+77476728us][CH2-Pc    ] 50 20 FA
[T+77481728us][CH1-Dispenser] 50 70 FA
[T+77616728us][CH2-Pc    ] 51 20 FA
[T+77622731us][CH1-Dispenser] 51 70 FA
[T+77762758us][CH1-Dispenser] 52 70 FA
[T+77758753us][CH2-Pc    ] 52 20 FA
[T+77898834us][CH2-Pc    ] 53 20 FA
[T+77903729us][CH1-Dispenser] 53 70 FA
[T+78038728us][CH2-Pc    ] 50 20 FA
[T+78044728us][CH1-Dispenser] 50 70 FA
[T+78179728us][CH2-Pc    ] 51 20 FA
[T+78184728us][CH1-Dispenser] 51 70 FA
[T+78320755us][CH2-Pc    ] 52 20 FA
[T+78326263us][CH1-Dispenser] 52 70 FA
[T+78461753us][CH2-Pc    ] 53 20 FA
[T+78466729us][CH1-Dispenser] 53 70 FA
[T+78601728us][CH2-Pc    ] 50 20 FA
[T+78606728us][CH1-Dispenser] 50 70 FA
[T+78741728us][CH2-Pc    ] 51 20 FA
[T+78747736us][CH1-Dispenser] 51 70 FA
[T+78883753us][CH2-Pc    ] 52 20 FA
[T+78889352us][CH1-Dispenser] 52 70 FA
[T+79023728us][CH2-Pc    ] 53 20 FA
[T+79028728us][CH1-Dispenser] 53 70 FA
[T+79163728us][CH2-Pc    ] 50 20 FA
[T+79168728us][CH1-Dispenser] 50 70 FA
[T+79304754us][CH2-Pc    ] 51 20 FA
[T+79310351us][CH1-Dispenser] 51 70 FA
[T+79445755us][CH2-Pc    ] 52 20 FA
[T+79452279us][CH1-Dispenser] 52 70 FA
[T+79586728us][CH2-Pc    ] 53 20 FA
[T+79591728us][CH1-Dispenser] 53 70 FA
[T+79726728us][CH2-Pc    ] 50 20 FA
[T+79731728us][CH1-Dispenser] 50 70 FA
[T+79866729us][CH2-Pc    ] 51 20 FA
[T+79871729us][CH1-Dispenser] 51 70 FA
[T+80008729us][CH2-Pc    ] 52 20 FA
[T+80013729us][CH1-Dispenser] 52 70 FA
[T+80149753us][CH2-Pc    ] 53 20 FA
[T+80154728us][CH1-Dispenser] 53 70 FA
[T+80288728us][CH2-Pc    ] 50 20 FA
[T+80294736us][CH1-Dispenser] 50 70 FA
[T+80429729us][CH2-Pc    ] 51 20 FA
[T+80434729us][CH1-Dispenser] 51 70 FA
[T+80570753us][CH2-Pc    ] 52 20 FA
[T+80575728us][CH1-Dispenser] 52 70 FA
[T+80711754us][CH2-Pc    ] 53 20 FA
[T+80716729us][CH1-Dispenser] 53 70 FA
[T+80851729us][CH2-Pc    ] 50 20 FA
[T+80856729us][CH1-Dispenser] 50 70 FA
[T+80991728us][CH2-Pc    ] 51 20 FA
[T+80997728us][CH1-Dispenser] 51 70 FA
[T+81132728us][CH2-Pc    ] 52 20 FA
[T+81138728us][CH1-Dispenser] 52 70 FA
[T+81273728us][CH2-Pc    ] 53 20 FA
[T+81279268us][CH1-Dispenser] 53 70 FA
[T+81413729us][CH2-Pc    ] 50 20 FA
[T+81418729us][CH1-Dispenser] 50 70 FA
[T+81560540us][CH1-Dispenser] 51 70 FA
[T+81556734us][CH2-Pc    ] 51 20 FA
[T+81695753us][CH2-Pc    ] 52 20 FA
[T+81700729us][CH1-Dispenser] 52 70 FA
[T+81835728us][CH2-Pc    ] 53 20 FA
[T+81840728us][CH1-Dispenser] 53 70 FA
[T+81976753us][CH2-Pc    ] 50 20 FA
[T+81981728us][CH1-Dispenser] 50 70 FA
[T+82116729us][CH2-Pc    ] 51 20 FA
[T+82121729us][CH1-Dispenser] 51 70 FA
[T+82257753us][CH2-Pc    ] 52 20 FA
[T+82262728us][CH1-Dispenser] 52 70 FA
[T+82398753us][CH2-Pc    ] 53 20 FA
[T+82403728us][CH1-Dispenser] 53 70 FA
[T+82538728us][CH2-Pc    ] 50 20 FA
[T+82543728us][CH1-Dispenser] 50 70 FA
[T+82679753us][CH2-Pc    ] 51 20 FA
[T+82683757us][CH1-Dispenser] 51 70 FA
[T+82835753us][CH2-Pc    ] 52 20 FA
[T+82841728us][CH1-Dispenser] 52 70 FA
[T+82976728us][CH2-Pc    ] 53 20 FA
[T+82981728us][CH1-Dispenser] 53 70 FA
[T+83116728us][CH2-Pc    ] 50 20 FA
[T+83121728us][CH1-Dispenser] 50 70 FA
[T+83257754us][CH2-Pc    ] 51 20 FA
[T+83261757us][CH1-Dispenser] 51 70 FA
[T+83398729us][CH2-Pc    ] 52 20 FA
[T+83404732us][CH1-Dispenser] 52 70 FA
[T+83539728us][CH2-Pc    ] 53 20 FA
[T+83544729us][CH1-Dispenser] 53 70 FA
[T+83679728us][CH2-Pc    ] 50 20 FA
[T+83684731us][CH1-Dispenser] 50 70 FA
[T+83819728us][CH2-Pc    ] 51 20 FA
[T+83824730us][CH1-Dispenser] 51 70 FA
[T+83960754us][CH2-Pc    ] 52 20 FA
[T+83965728us][CH1-Dispenser] 52 70 FA
[T+84101728us][CH2-Pc    ] 53 20 FA
[T+84107728us][CH1-Dispenser] 53 70 FA
[T+84241753us][CH2-Pc    ] 50 20 FA
[T+84247736us][CH1-Dispenser] 50 70 FA
[T+84382729us][CH2-Pc    ] 51 20 FA
[T+84387729us][CH1-Dispenser] 51 70 FA
[T+84523753us][CH2-Pc    ] 52 20 FA
[T+84528728us][CH1-Dispenser] 52 70 FA
[T+84664729us][CH2-Pc    ] 53 20 FA
[T+84668763us][CH1-Dispenser] 53 70 FA
[T+84803736us][CH2-Pc    ] 50 20 FA
[T+84808729us][CH1-Dispenser] 50 70 FA
[T+84944753us][CH2-Pc    ] 51 20 FA
[T+84949728us][CH1-Dispenser] 51 70 FA
[T+85085759us][CH2-Pc    ] 52 20 FA
[T+85090735us][CH1-Dispenser] 52 70 FA
[T+85226753us][CH2-Pc    ] 53 20 FA
[T+85231728us][CH1-Dispenser] 53 70 FA
[T+85366729us][CH2-Pc    ] 50 20 FA
[T+85371729us][CH1-Dispenser] 50 70 FA
[T+85507754us][CH2-Pc    ] 51 20 FA
[T+85512728us][CH1-Dispenser] 51 70 FA
[T+85648880us][CH2-Pc    ] 52 20 FA
[T+85653728us][CH1-Dispenser] 52 70 FA
[T+85788728us][CH2-Pc    ] 53 20 FA
[T+85794737us][CH1-Dispenser] 53 70 FA
[T+85928728us][CH2-Pc    ] 50 20 FA
[T+85934729us][CH1-Dispenser] 50 70 FA
[T+86069728us][CH2-Pc    ] 51 20 FA
[T+86074728us][CH1-Dispenser] 51 70 FA
[T+86210753us][CH2-Pc    ] 52 20 FA
[T+86216729us][CH1-Dispenser] 52 70 FA
[T+86351729us][CH2-Pc    ] 53 20 FA
[T+86356729us][CH1-Dispenser] 53 70 FA
[T+86491729us][CH2-Pc    ] 50 20 FA
[T+86496729us][CH1-Dispenser] 50 70 FA
[T+86632753us][CH2-Pc    ] 51 20 FA
[T+86636757us][CH1-Dispenser] 51 70 FA
[T+86773739us][CH2-Pc    ] 52 20 FA
[T+86777774us][CH1-Dispenser] 52 70 FA
[T+86913729us][CH2-Pc    ] 53 20 FA
[T+86918729us][CH1-Dispenser] 53 70 FA
[T+87053728us][CH2-Pc    ] 50 20 FA
[T+87059728us][CH1-Dispenser] 50 70 FA
[T+87194728us][CH2-Pc    ] 51 20 FA
[T+87199728us][CH1-Dispenser] 51 70 FA
[T+87335754us][CH2-Pc    ] 52 20 FA
[T+87341268us][CH1-Dispenser] 52 70 FA
[T+87476753us][CH2-Pc    ] 53 20 FA
[T+87481732us][CH1-Dispenser] 53 70 FA
[T+87616728us][CH2-Pc    ] 50 20 FA
[T+87621728us][CH1-Dispenser] 50 70 FA
[T+87757753us][CH2-Pc    ] 51 20 FA
[T+87762728us][CH1-Dispenser] 51 70 FA
[T+87898753us][CH2-Pc    ] 52 20 FA
[T+87903728us][CH1-Dispenser] 52 70 FA
[T+88043757us][CH1-Dispenser] 53 70 FA
[T+88039753us][CH2-Pc    ] 53 20 FA
[T+88178728us][CH2-Pc    ] 50 20 FA
[T+88184729us][CH1-Dispenser] 50 70 FA
[T+88319728us][CH2-Pc    ] 51 20 FA
[T+88324728us][CH1-Dispenser] 51 70 FA
[T+88460753us][CH2-Pc    ] 52 20 FA
[T+88465728us][CH1-Dispenser] 52 70 FA
[T+88601767us][CH2-Pc    ] 53 20 FA
[T+88607257us][CH1-Dispenser] 53 70 FA
[T+88741728us][CH2-Pc    ] 50 20 FA
[T+88746728us][CH1-Dispenser] 50 70 FA
[T+88881728us][CH2-Pc    ] 51 20 FA
[T+88887728us][CH1-Dispenser] 51 70 FA
[T+89023753us][CH2-Pc    ] 52 20 FA
[T+89029728us][CH1-Dispenser] 52 70 FA
[T+89164729us][CH2-Pc    ] 53 20 FA
[T+89169728us][CH1-Dispenser] 53 70 FA
[T+89303728us][CH2-Pc    ] 50 20 FA
[T+89309728us][CH1-Dispenser] 50 70 FA
[T+89444728us][CH2-Pc    ] 51 20 FA
[T+89449728us][CH1-Dispenser] 51 70 FA
[T+89585753us][CH2-Pc    ] 52 20 FA
[T+89591324us][CH1-Dispenser] 52 70 FA
[T+89726754us][CH2-Pc    ] 53 20 FA
[T+89731729us][CH1-Dispenser] 53 70 FA
[T+89866728us][CH2-Pc    ] 50 20 FA
[T+89870762us][CH1-Dispenser] 50 70 FA
[T+90006753us][CH2-Pc    ] 51 20 FA
[T+90012736us][CH1-Dispenser] 51 70 FA
[T+90148753us][CH2-Pc    ] 52 20 FA
[T+90154297us][CH1-Dispenser] 52 70 FA
[T+90288729us][CH2-Pc    ] 53 20 FA
[T+90294729us][CH1-Dispenser] 53 70 FA
[T+90428728us][CH2-Pc    ] 50 20 FA
[T+90434735us][CH1-Dispenser] 50 70 FA
[T+90569728us][CH2-Pc    ] 51 20 FA
[T+90575255us][CH1-Dispenser] 51 70 FA
[T+90710759us][CH2-Pc    ] 52 20 FA
[T+90715729us][CH1-Dispenser] 52 70 FA
[T+90851753us][CH2-Pc    ] 53 20 FA
[T+90856728us][CH1-Dispenser] 53 70 FA
[T+90991772us][CH2-Pc    ] 50 20 FA
[T+90996728us][CH1-Dispenser] 50 70 FA
[T+91131729us][CH2-Pc    ] 51 20 FA
[T+91138279us][CH1-Dispenser] 51 70 FA
[T+91273753us][CH2-Pc    ] 52 20 FA
[T+91277758us][CH1-Dispenser] 52 70 FA
[T+91414728us][CH2-Pc    ] 53 20 FA
[T+91419728us][CH1-Dispenser] 53 70 FA
[T+91553728us][CH2-Pc    ] 50 20 FA
[T+91559262us][CH1-Dispenser] 50 70 FA
[T+91694753us][CH2-Pc    ] 51 20 FA
[T+91699729us][CH1-Dispenser] 51 70 FA
[T+91835780us][CH2-Pc    ] 52 20 FA
[T+91840728us][CH1-Dispenser] 52 70 FA
[T+91976754us][CH2-Pc    ] 53 20 FA
[T+91980757us][CH1-Dispenser] 53 70 FA
[T+92116728us][CH2-Pc    ] 50 20 FA
[T+92122277us][CH1-Dispenser] 50 70 FA
[T+92256728us][CH2-Pc    ] 51 20 FA
[T+92261728us][CH1-Dispenser] 51 70 FA
[T+92398728us][CH2-Pc    ] 52 20 FA
[T+92403728us][CH1-Dispenser] 52 70 FA
[T+92538728us][CH2-Pc    ] 53 20 FA
[T+92543728us][CH1-Dispenser] 53 70 FA
[T+92678737us][CH2-Pc    ] 50 20 FA
[T+92685267us][CH1-Dispenser] 50 70 FA
[T+92819728us][CH2-Pc    ] 51 20 FA
[T+92824728us][CH1-Dispenser] 51 70 FA
[T+92960908us][CH2-Pc    ] 52 20 FA
[T+92967627us][CH1-Dispenser] 52 70 FA
[T+93101728us][CH2-Pc    ] 53 20 FA
[T+93106728us][CH1-Dispenser] 53 70 FA
[T+93241729us][CH2-Pc    ] 50 20 FA
[T+93245757us][CH1-Dispenser] 50 70 FA
[T+93382598us][CH2-Pc    ] 51 20 FA
[T+93387728us][CH1-Dispenser] 51 70 FA
[T+93523756us][CH2-Pc    ] 52 20 FA
[T+93528728us][CH1-Dispenser] 52 70 FA
[T+93663728us][CH2-Pc    ] 53 20 FA
[T+93669737us][CH1-Dispenser] 53 70 FA
[T+93803728us][CH2-Pc    ] 50 20 FA
[T+93809729us][CH1-Dispenser] 50 70 FA
[T+93944728us][CH2-Pc    ] 51 20 FA
[T+93949728us][CH1-Dispenser] 51 70 FA
[T+94085753us][CH2-Pc    ] 52 20 FA
[T+94091352us][CH1-Dispenser] 52 70 FA
[T+94226753us][CH2-Pc    ] 53 20 FA
[T+94231729us][CH1-Dispenser] 53 70 FA
[T+94366728us][CH2-Pc    ] 50 20 FA
[T+94371728us][CH1-Dispenser] 50 70 FA
[T+94506736us][CH2-Pc    ] 51 20 FA
[T+94512736us][CH1-Dispenser] 51 70 FA
[T+94647729us][CH2-Pc    ] 52 20 FA
[T+94652729us][CH1-Dispenser] 52 70 FA
[T+94788753us][CH2-Pc    ] 53 20 FA
[T+94794729us][CH1-Dispenser] 53 70 FA
[T+94928728us][CH2-Pc    ] 50 20 FA
[T+94933728us][CH1-Dispenser] 50 70 FA
[T+95069753us][CH2-Pc    ] 51 20 FA
[T+95075256us][CH1-Dispenser] 51 70 FA
[T+95210753us][CH2-Pc    ] 52 20 FA
[T+95215729us][CH1-Dispenser] 52 70 FA
[T+95351756us][CH2-Pc    ] 53 20 FA
[T+95356728us][CH1-Dispenser] 53 70 FA
[T+95491728us][CH2-Pc    ] 50 20 FA
[T+95496728us][CH1-Dispenser] 50 70 FA
[T+95631728us][CH2-Pc    ] 51 20 FA
[T+95637736us][CH1-Dispenser] 51 70 FA
[T+95773756us][CH2-Pc    ] 52 20 FA
[T+95779273us][CH1-Dispenser] 52 70 FA
[T+95913735us][CH2-Pc    ] 53 20 FA
[T+95918728us][CH1-Dispenser] 53 70 FA
[T+96053728us][CH2-Pc    ] 50 20 FA
[T+96058728us][CH1-Dispenser] 50 70 FA
[T+96194753us][CH2-Pc    ] 51 20 FA
[T+96199729us][CH1-Dispenser] 51 70 FA
[T+96335767us][CH2-Pc    ] 52 20 FA
[T+96340728us][CH1-Dispenser] 52 70 FA
[T+96476753us][CH2-Pc    ] 53 20 FA
[T+96481728us][CH1-Dispenser] 53 70 FA
[T+96616728us][CH2-Pc    ] 50 20 FA
[T+96620757us][CH1-Dispenser] 50 70 FA
[T+96756728us][CH2-Pc    ] 51 20 FA
[T+96761728us][CH1-Dispenser] 51 70 FA
[T+96897770us][CH2-Pc    ] 52 20 FA
[T+96903240us][CH1-Dispenser] 52 70 FA
[T+97038754us][CH2-Pc    ] 53 20 FA
[T+97043728us][CH1-Dispenser] 53 70 FA
[T+97178729us][CH2-Pc    ] 50 20 FA
[T+97183729us][CH1-Dispenser] 50 70 FA
[T+97319753us][CH2-Pc    ] 51 20 FA
[T+97324728us][CH1-Dispenser] 51 70 FA
[T+97460754us][CH2-Pc    ] 52 20 FA
[T+97466728us][CH1-Dispenser] 52 70 FA
[T+97601728us][CH2-Pc    ] 53 20 FA
[T+97606728us][CH1-Dispenser] 53 70 FA
[T+97740728us][CH2-Pc    ] 50 20 FA
[T+97746729us][CH1-Dispenser] 50 70 FA
[T+97881728us][CH2-Pc    ] 51 20 FA
[T+97887731us][CH1-Dispenser] 51 70 FA
[T+98022728us][CH2-Pc    ] 52 20 FA
[T+98028280us][CH1-Dispenser] 52 70 FA
[T+98163753us][CH2-Pc    ] 53 20 FA
[T+98170277us][CH1-Dispenser] 53 70 FA
[T+98303728us][CH2-Pc    ] 50 20 FA
[T+98308728us][CH1-Dispenser] 50 70 FA
[T+98448757us][CH1-Dispenser] 51 70 FA
[T+98444753us][CH2-Pc    ] 51 20 FA
[T+98585728us][CH2-Pc    ] 52 20 FA
[T+98590728us][CH1-Dispenser] 52 70 FA
[T+99226754us][CH2-Pc    ] 53 20 FA
[T+99231728us][CH1-Dispenser] 53 70 FA
[T+99365729us][CH2-Pc    ] 50 20 FA
[T+99370729us][CH1-Dispenser] 50 70 FA
[T+99506754us][CH2-Pc    ] 51 20 FA
[T+99513584us][CH1-Dispenser] 51 70 FA
[T+99647728us][CH2-Pc    ] 52 20 FA
[T+99652728us][CH1-Dispenser] 52 70 FA
[T+99788754us][CH2-Pc    ] 53 20 FA
[T+99794736us][CH1-Dispenser] 53 70 FA
[T+99928728us][CH2-Pc    ] 50 20 FA
[T+99933728us][CH1-Dispenser] 50 70 FA
[T+100068728us][CH2-Pc    ] 51 20 FA
[T+100073728us][CH1-Dispenser] 51 70 FA
[T+100210728us][CH2-Pc    ] 52 20 FA
[T+100215728us][CH1-Dispenser] 52 70 FA
[T+100350728us][CH2-Pc    ] 53 20 FA
[T+100355728us][CH1-Dispenser] 53 70 FA
[T+100490728us][CH2-Pc    ] 50 20 FA
[T+100496729us][CH1-Dispenser] 50 70 FA
[T+100631728us][CH2-Pc    ] 51 20 FA
[T+100636728us][CH1-Dispenser] 51 70 FA
[T+100772753us][CH2-Pc    ] 52 20 FA
[T+100777728us][CH1-Dispenser] 52 70 FA
[T+100913756us][CH2-Pc    ] 53 20 FA
[T+100918728us][CH1-Dispenser] 53 70 FA
[T+101053729us][CH2-Pc    ] 50 20 FA
[T+101058729us][CH1-Dispenser] 50 70 FA
[T+101193728us][CH2-Pc    ] 51 20 FA
[T+101199729us][CH1-Dispenser] 51 70 FA
[T+101335755us][CH2-Pc    ] 52 20 FA
[T+101340729us][CH1-Dispenser] 52 70 FA
[T+101475728us][CH2-Pc    ] 53 20 FA
[T+101481736us][CH1-Dispenser] 53 70 FA
[T+101615728us][CH2-Pc    ] 50 20 FA
[T+101620728us][CH1-Dispenser] 50 70 FA
[T+101756728us][CH2-Pc    ] 51 20 FA
[T+101761728us][CH1-Dispenser] 51 70 FA
[T+101898728us][CH2-Pc    ] 52 20 FA
[T+101902757us][CH1-Dispenser] 52 70 FA
[T+102038753us][CH2-Pc    ] 53 20 FA
[T+102044728us][CH1-Dispenser] 53 70 FA
[T+102178729us][CH2-Pc    ] 50 20 FA
[T+102183729us][CH1-Dispenser] 50 70 FA
[T+102318728us][CH2-Pc    ] 51 20 FA
[T+102324728us][CH1-Dispenser] 51 70 FA
[T+102460753us][CH2-Pc    ] 52 20 FA
[T+102465728us][CH1-Dispenser] 52 70 FA
[T+102600728us][CH2-Pc    ] 53 20 FA
[T+102606352us][CH1-Dispenser] 53 70 FA
[T+102740728us][CH2-Pc    ] 50 20 FA
[T+102745728us][CH1-Dispenser] 50 70 FA
[T+102881753us][CH2-Pc    ] 51 20 FA
[T+102886728us][CH1-Dispenser] 51 70 FA
[T+103022753us][CH2-Pc    ] 52 20 FA
[T+103027728us][CH1-Dispenser] 52 70 FA
[T+103163753us][CH2-Pc    ] 53 20 FA
[T+103169343us][CH1-Dispenser] 53 70 FA
[T+103303728us][CH2-Pc    ] 50 20 FA
[T+103309729us][CH1-Dispenser] 50 70 FA
[T+103443728us][CH2-Pc    ] 51 20 FA
[T+103449343us][CH1-Dispenser] 51 70 FA
[T+103585728us][CH2-Pc    ] 52 20 FA
[T+103591329us][CH1-Dispenser] 52 70 FA
[T+103725728us][CH2-Pc    ] 53 20 FA
[T+103730728us][CH1-Dispenser] 53 70 FA
[T+103865728us][CH2-Pc    ] 50 20 FA
[T+103870728us][CH1-Dispenser] 50 70 FA
[T+104006754us][CH2-Pc    ] 51 20 FA
[T+104011729us][CH1-Dispenser] 51 70 FA
[T+104147753us][CH2-Pc    ] 52 20 FA
[T+104152728us][CH1-Dispenser] 52 70 FA
[T+104288753us][CH2-Pc    ] 53 20 FA
[T+104294728us][CH1-Dispenser] 53 70 FA
[T+104488728us][CH2-Pc    ] 50 20 FA
[T+104494340us][CH1-Dispenser] 50 70 FA
[T+154813754us][CH2-Pc    ] 50 30 01 01 05 5F 5F 03 FA
[T+154821769us][CH1-Dispenser] 50 C0 FA
[T+155071729us][CH2-Pc    ] 50 C0 FA
[T+155152729us][CH2-Pc    ] 50 30 01 01 04 9E 9F 03 FA
[T+155157729us][CH1-Dispenser] 50 C0 FA
[T+155302728us][CH2-Pc    ] 50 20 FA
[T+155355755us][CH1-Dispenser] 50 34 02 08 00 00 00 00 00 00 00 00 03 04 00 00 00 00 01 01 00 01 01 00 01 01 00 F0 6F 03 FA
[T+155465728us][CH2-Pc    ] 51 30 01 01 05 62 9F 03 FA
[T+155474375us][CH1-Dispenser] 51 C0 FA
[T+155536728us][CH2-Pc    ] 51 C0 FA
[T+155621753us][CH2-Pc    ] 51 30 01 01 04 A3 5F 03 FA
[T+155627315us][CH1-Dispenser] 51 C0 FA
[T+155770753us][CH2-Pc    ] 51 20 FA
[T+155839728us][CH1-Dispenser] 51 38 02 08 00 00 00 07 00 00 07 70 03 04 00 00 00 00 01 01 00 01 01 00 02 08 00 00 00 00 00 00 00 00 01 01 00 A8 75 03 FA
[T+155934729us][CH2-Pc    ] 52 30 01 01 05 26 9F 03 FA
[T+155941736us][CH1-Dispenser] 52 C0 FA
[T+156005753us][CH2-Pc    ] 52 C0 FA
[T+156090728us][CH2-Pc    ] 52 30 01 01 04 E7 5F 03 FA
[T+156095730us][CH1-Dispenser] 52 C0 FA
[T+156239753us][CH2-Pc    ] 52 20 FA
[T+156291729us][CH1-Dispenser] 52 3F 02 08 00 00 00 00 00 00 00 00 03 04 01 10 00 02 01 01 05 01 01 01 01 01 05 38 5E 03 FA
[T+156402729us][CH2-Pc    ] 53 30 01 01 05 1B 5F 03 FA
[T+156410761us][CH1-Dispenser] 53 C0 FA
[T+156474754us][CH2-Pc    ] 53 C0 FA
[T+156559728us][CH2-Pc    ] 53 30 01 01 04 DA 9F 03 FA
[T+156564728us][CH1-Dispenser] 53 C0 FA
[T+156708753us][CH2-Pc    ] 53 20 FA
[T+156775730us][CH1-Dispenser] 53 3A 02 08 00 00 13 54 00 14 89 40 03 04 01 24 00 03 01 01 05 01 01 01 02 08 00 00 00 00 00 00 00 00 01 01 05 68 A5 03 FA
[T+157056753us][CH2-Pc    ] 51 20 FA
[T+157117729us][CH1-Dispenser] 51 38 02 08 00 00 00 07 00 00 07 70 03 04 00 00 00 00 01 01 00 01 01 00 02 08 00 00 00 00 00 00 00 00 01 01 00 A8 75 03 FA
[T+157134728us][CH2-Pc    ] 51 C0 FA
[T+157456728us][CH2-Pc    ] 52 20 FA
[T+157502728us][CH1-Dispenser] 52 3F 02 08 00 00 00 00 00 00 00 00 03 04 01 10 00 02 01 01 05 01 01 01 01 01 05 38 5E 03 FA
[T+157523729us][CH2-Pc    ] 52 C0 FA
[T+157662754us][CH2-Pc    ] 53 20 FA
[T+157724728us][CH1-Dispenser] 53 3A 02 08 00 00 13 54 00 14 89 40 03 04 01 24 00 03 01 01 05 01 01 01 02 08 00 00 00 00 00 00 00 00 01 01 05 68 A5 03 FA
[T+157743728us][CH2-Pc    ] 53 C0 FA
[T+157882728us][CH2-Pc    ] 50 20 FA
[T+157927728us][CH1-Dispenser] 50 34 02 08 00 00 00 00 00 00 00 00 03 04 00 00 00 00 01 01 00 01 01 00 01 01 00 F0 6F 03 FA
[T+157961728us][CH2-Pc    ] 50 C0 FA
[T+158098728us][CH2-Pc    ] 51 20 FA
[T+158104731us][CH1-Dispenser] 51 70 FA
[T+158239728us][CH2-Pc    ] 52 20 FA
[T+158245728us][CH1-Dispenser] 52 70 FA
[T+158380728us][CH2-Pc    ] 53 20 FA
[T+158385728us][CH1-Dispenser] 53 70 FA
[T+158520728us][CH2-Pc    ] 50 20 FA
[T+158525728us][CH1-Dispenser] 50 70 FA
[T+158661753us][CH2-Pc    ] 51 20 FA
[T+158666728us][CH1-Dispenser] 51 70 FA
[T+158802753us][CH2-Pc    ] 52 20 FA
[T+158806760us][CH1-Dispenser] 52 70 FA
[T+158942753us][CH2-Pc    ] 53 20 FA
[T+158948736us][CH1-Dispenser] 53 70 FA
[T+159083766us][CH2-Pc    ] 50 20 FA
[T+159090336us][CH1-Dispenser] 50 70 FA
[T+159224728us][CH2-Pc    ] 51 20 FA
[T+159229728us][CH1-Dispenser] 51 70 FA
[T+159364728us][CH2-Pc    ] 52 20 FA
[T+159369728us][CH1-Dispenser] 52 70 FA
[T+159505753us][CH2-Pc    ] 53 20 FA
[T+159511266us][CH1-Dispenser] 53 70 FA
[T+159645728us][CH2-Pc    ] 50 20 FA
[T+159651729us][CH1-Dispenser] 50 70 FA
[T+159786728us][CH2-Pc    ] 51 20 FA
[T+159791728us][CH1-Dispenser] 51 70 FA
[T+159927729us][CH2-Pc    ] 52 20 FA
[T+159932728us][CH1-Dispenser] 52 70 FA
[T+160067728us][CH2-Pc    ] 53 20 FA
[T+160073733us][CH1-Dispenser] 53 70 FA
[T+160208728us][CH2-Pc    ] 50 20 FA
[T+160213728us][CH1-Dispenser] 50 70 FA
[T+160348729us][CH2-Pc    ] 51 20 FA
[T+160354729us][CH1-Dispenser] 51 70 FA
[T+160489729us][CH2-Pc    ] 52 20 FA
[T+160495729us][CH1-Dispenser] 52 70 FA
[T+160630736us][CH2-Pc    ] 53 20 FA
[T+160635728us][CH1-Dispenser] 53 70 FA
[T+160770728us][CH2-Pc    ] 50 20 FA
[T+160775732us][CH1-Dispenser] 50 70 FA
[T+160911728us][CH2-Pc    ] 51 20 FA
[T+160916728us][CH1-Dispenser] 51 70 FA
[T+161051729us][CH2-Pc    ] 52 20 FA
[T+161056729us][CH1-Dispenser] 52 70 FA
[T+161192753us][CH2-Pc    ] 53 20 FA
[T+161198730us][CH1-Dispenser] 53 70 FA
[T+161333728us][CH2-Pc    ] 50 20 FA
[T+161338728us][CH1-Dispenser] 50 70 FA
[T+161473729us][CH2-Pc    ] 51 20 FA
[T+161480340us][CH1-Dispenser] 51 70 FA
[T+161614728us][CH2-Pc    ] 52 20 FA
[T+161619728us][CH1-Dispenser] 52 70 FA
[T+161755754us][CH2-Pc    ] 53 20 FA
[T+161759758us][CH1-Dispenser] 53 70 FA
[T+161895756us][CH2-Pc    ] 50 20 FA
[T+161902846us][CH1-Dispenser] 50 70 FA
[T+162036728us][CH2-Pc    ] 51 20 FA
[T+162041780us][CH1-Dispenser] 51 70 FA
[T+162176728us][CH2-Pc    ] 52 20 FA
[T+162182728us][CH1-Dispenser] 52 70 FA
[T+162317728us][CH2-Pc    ] 53 20 FA
[T+162334728us][CH1-Dispenser] 53 70 FA
[T+162458753us][CH2-Pc    ] 50 20 FA
[T+162463729us][CH1-Dispenser] 50 70 FA
[T+162598728us][CH2-Pc    ] 51 20 FA
[T+162604728us][CH1-Dispenser] 51 70 FA
[T+162739728us][CH2-Pc    ] 52 20 FA
[T+162744821us][CH1-Dispenser] 52 70 FA
[T+162880753us][CH2-Pc    ] 53 20 FA
[T+162884759us][CH1-Dispenser] 53 70 FA
[T+163020755us][CH2-Pc    ] 50 20 FA
[T+163025728us][CH1-Dispenser] 50 70 FA
[T+163161754us][CH2-Pc    ] 51 20 FA
[T+163165757us][CH1-Dispenser] 51 70 FA
[T+163301754us][CH2-Pc    ] 52 20 FA
[T+163307728us][CH1-Dispenser] 52 70 FA
[T+163442728us][CH2-Pc    ] 53 20 FA
[T+163448729us][CH1-Dispenser] 53 70 FA
[T+163583730us][CH2-Pc    ] 50 20 FA
[T+163587757us][CH1-Dispenser] 50 70 FA
[T+163723756us][CH2-Pc    ] 51 20 FA
[T+163728729us][CH1-Dispenser] 51 70 FA
[T+163864753us][CH2-Pc    ] 52 20 FA
[T+163870730us][CH1-Dispenser] 52 70 FA
[T+164004728us][CH2-Pc    ] 53 20 FA
[T+164010731us][CH1-Dispenser] 53 70 FA
[T+164145728us][CH2-Pc    ] 50 20 FA
[T+164150728us][CH1-Dispenser] 50 70 FA
[T+164286755us][CH2-Pc    ] 51 20 FA
[T+164290774us][CH1-Dispenser] 51 70 FA
[T+164426753us][CH2-Pc    ] 52 20 FA
[T+164431728us][CH1-Dispenser] 52 70 FA
[T+164567753us][CH2-Pc    ] 53 20 FA
[T+164573436us][CH1-Dispenser] 53 70 FA
[T+164708753us][CH2-Pc    ] 50 20 FA
[T+164713729us][CH1-Dispenser] 50 70 FA
[T+164848729us][CH2-Pc    ] 51 20 FA
[T+164853728us][CH1-Dispenser] 51 70 FA
[T+164989753us][CH2-Pc    ] 52 20 FA
[T+164994728us][CH1-Dispenser] 52 70 FA
[T+165129728us][CH2-Pc    ] 53 20 FA
[T+165134728us][CH1-Dispenser] 53 70 FA
[T+165270728us][CH2-Pc    ] 50 20 FA
[T+165276729us][CH1-Dispenser] 50 70 FA
[T+165411728us][CH2-Pc    ] 51 20 FA
[T+165416822us][CH1-Dispenser] 51 70 FA
[T+165551728us][CH2-Pc    ] 52 20 FA
[T+165557321us][CH1-Dispenser] 52 70 FA
[T+165692753us][CH2-Pc    ] 53 20 FA
[T+165697729us][CH1-Dispenser] 53 70 FA
[T+165832728us][CH2-Pc    ] 50 20 FA
[T+165837728us][CH1-Dispenser] 50 70 FA
[T+165973760us][CH2-Pc    ] 51 20 FA
[T+165978728us][CH1-Dispenser] 51 70 FA
[T+166114754us][CH2-Pc    ] 52 20 FA
[T+166120268us][CH1-Dispenser] 52 70 FA
[T+166254728us][CH2-Pc    ] 53 20 FA
[T+166259728us][CH1-Dispenser] 53 70 FA
[T+166395754us][CH2-Pc    ] 50 20 FA
[T+166400728us][CH1-Dispenser] 50 70 FA
[T+166536764us][CH2-Pc    ] 51 20 FA
[T+166540758us][CH1-Dispenser] 51 70 FA
[T+166676757us][CH2-Pc    ] 52 20 FA
[T+166682728us][CH1-Dispenser] 52 70 FA
[T+166817728us][CH2-Pc    ] 53 20 FA
[T+166823419us][CH1-Dispenser] 53 70 FA
[T+166957728us][CH2-Pc    ] 50 20 FA
[T+166963729us][CH1-Dispenser] 50 70 FA
[T+167098728us][CH2-Pc    ] 51 20 FA
[T+167104728us][CH1-Dispenser] 51 70 FA
[T+167243757us][CH1-Dispenser] 52 70 FA