connected
[T+459529479us][CH2-DEVICE] B8 51 70 FA  → [P1] IDLE +NOISE
[T+459680479us][CH1-PC    ] 52 20 FA  → [P2] POLL
[T+459686479us][CH2-DEVICE] FC 52 70 FA  → [P2] IDLE +NOISE
[T+459836479us][CH1-PC    ] 53 20 FA  → [P3] POLL
[T+459855480us][CH2-DEVICE] FC 53 3C 03 04 01 05 00 12 D9 29 03 FA  → [P3] SEQ=3C PRD:05/NZ:12 +NOISE
[T+459977479us][CH1-PC    ] 50 20 FA  → [P0] POLL
[T+459983159us][CH2-DEVICE] FF 50 70 FA  → [P0] IDLE +NOISE
[T+460133480us][CH1-PC    ] 51 20 FA  → [P1] POLL
[T+460137507us][CH2-DEVICE] 87 51 70 FA  → [P1] IDLE +NOISE
[T+460290480us][CH1-PC    ] 52 20 FA  → [P2] POLL
[T+460297150us][CH2-DEVICE] FC 52 70 FA  → [P2] IDLE +NOISE
[T+460445479us][CH1-PC    ] 53 20 FA  → [P3] POLL
[T+460464479us][CH2-DEVICE] FE 53 3C 03 04 01 05 00 12 D9 29 03 FA  → [P3] SEQ=3C PRD:05/NZ:12 +NOISE
[T+460586479us][CH1-PC    ] 50 20 FA  → [P0] POLL
[T+460592479us][CH2-DEVICE] FE 50 70 FA  → [P0] IDLE +NOISE
[T+460742482us][CH1-PC    ] 51 20 FA  → [P1] POLL
[T+460748159us][CH2-DEVICE] F4 51 70 FA  → [P1] IDLE +NOISE
[T+460899506us][CH1-PC    ] 52 20 FA  → [P2] POLL
[T+460905487us][CH2-DEVICE] 98 52 70 FA  → [P2] IDLE +NOISE
[T+461055480us][CH1-PC    ] 53 20 FA  → [P3] POLL
[T+461073479us][CH2-DEVICE] FC 53 3C 03 04 01 05 00 12 D9 29 03 FA  → [P3] SEQ=3C PRD:05/NZ:12 +NOISE
[T+461195479us][CH1-PC    ] 50 20 FA  → [P0] POLL
[T+461201479us][CH2-DEVICE] F6 50 70 FA  → [P0] IDLE +NOISE
[T+461352479us][CH1-PC    ] 51 20 FA  → [P1] POLL
[T+461356507us][CH2-DEVICE] F8 51 70 FA  → [P1] IDLE +NOISE
[T+461508504us][CH1-PC    ] 52 20 FA  → [P2] POLL
[T+461515479us][CH2-DEVICE] FC 52 70 FA  → [P2] IDLE +NOISE
[T+461664479us][CH1-PC    ] 53 20 FA  → [P3] POLL
[T+461683479us][CH2-DEVICE] FC 53 3C 03 04 01 05 00 12 D9 29 03 FA  → [P3] SEQ=3C PRD:05/NZ:12 +NOISE
[T+461805480us][CH1-PC    ] 50 20 FA  → [P0] POLL
[T+461809507us][CH2-DEVICE] FF F3 50 70 FA  → [P0] IDLE +NOISE
[T+461961504us][CH1-PC    ] 51 20 FA  → [P1] POLL
[T+461966479us][CH2-DEVICE] FC 51 70 FA  → [P1] IDLE +NOISE
[T+462118505us][CH1-PC    ] 52 20 FA  → [P2] POLL
[T+462123479us][CH2-DEVICE] 9B 52 70 FA  → [P2] IDLE +NOISE
[T+462273479us][CH1-PC    ] 53 20 FA  → [P3] POLL
[T+462291479us][CH2-DEVICE] FC 53 3C 03 04 01 05 00 12 D9 29 03 FA  → [P3] SEQ=3C PRD:05/NZ:12 +NOISE
[T+462414479us][CH1-PC    ] 50 20 FA  → [P0] POLL
[T+462420158us][CH2-DEVICE] BC 50 70 FA  → [P0] IDLE +NOISE
[T+462570480us][CH1-PC    ] 51 20 FA  → [P1] POLL
[T+462575479us][CH2-DEVICE] B8 51 70 FA  → [P1] IDLE +NOISE
[T+462727504us][CH1-PC    ] 52 20 FA  → [P2] POLL
[T+462734154us][CH2-DEVICE] B8 FF 52 70 FA  → [P2] IDLE +NOISE
[T+462883479us][CH1-PC    ] 53 20 FA  → [P3] POLL
[T+462902479us][CH2-DEVICE] DC 53 3C 03 04 01 05 00 12 D9 29 03 FA  → [P3] SEQ=3C PRD:05/NZ:12 +NOISE
[T+463023479us][CH1-PC    ] 50 20 FA  → [P0] POLL
[T+463028479us][CH2-DEVICE] FF FF 50 70 FA  → [P0] IDLE +NOISE
[T+463180505us][CH1-PC    ] 51 20 FA  → [P1] POLL
[T+463184507us][CH2-DEVICE] 98 51 70 FA  → [P1] IDLE +NOISE
[T+463337479us][CH1-PC    ] 52 20 FA  → [P2] POLL
[T+463341507us][CH2-DEVICE] 3C 52 70 FA  → [P2] IDLE +NOISE
[T+463492479us][CH1-PC    ] 53 20 FA  → [P3] POLL
[T+463511479us][CH2-DEVICE] F6 53 3C 03 04 01 05 00 12 D9 29 03 FA  → [P3] SEQ=3C PRD:05/NZ:12 +NOISE
[T+463633479us][CH1-PC    ] 50 20 FA  → [P0] POLL
[T+463638479us][CH2-DEVICE] FF 50 70 FA  → [P0] IDLE +NOISE
[T+463789479us][CH1-PC    ] 51 20 FA  → [P1] POLL
[T+463794479us][CH2-DEVICE] B8 51 70 FA  → [P1] IDLE +NOISE
[T+463946505us][CH1-PC    ] 52 20 FA  → [P2] POLL
[T+463952162us][CH2-DEVICE] F8 52 70 FA  → [P2] IDLE +NOISE
[T+464101479us][CH1-PC    ] 53 20 FA  → [P3] POLL
[T+464120479us][CH2-DEVICE] FC 53 3C 03 04 01 05 00 12 D9 29 03 FA  → [P3] SEQ=3C PRD:05/NZ:12 +NOISE
[T+464242479us][CH1-PC    ] 50 20 FA  → [P0] POLL
[T+464247479us][CH2-DEVICE] FF 50 70 FA  → [P0] IDLE +NOISE
[T+464398479us][CH1-PC    ] 51 20 FA  → [P1] POLL
[T+464404479us][CH2-DEVICE] B8 FF 51 70 FA  → [P1] IDLE +NOISE
[T+464555479us][CH1-PC    ] 52 20 FA  → [P2] POLL
[T+464560479us][CH2-DEVICE] D8 52 70 FA  → [P2] IDLE +NOISE
[T+464711480us][CH1-PC    ] 53 20 FA  → [P3] POLL
[T+464729479us][CH2-DEVICE] FC 53 3C 03 04 01 05 00 12 D9 29 03 FA  → [P3] SEQ=3C PRD:05/NZ:12 +NOISE
[T+464851479us][CH1-PC    ] 50 20 FA  → [P0] POLL
[T+464856479us][CH2-DEVICE] FE 50 70 FA  → [P0] IDLE +NOISE
[T+465008504us][CH1-PC    ] 51 20 FA  → [P1] POLL
[T+465013479us][CH2-DEVICE] 33 FF 51 70 FA  → [P1] IDLE +NOISE
[T+465165505us][CH1-PC    ] 52 20 FA  → [P2] POLL
[T+465170479us][CH2-DEVICE] B8 52 70 FA  → [P2] IDLE +NOISE
[T+465320479us][CH1-PC    ] 53 20 FA  → [P3] POLL
[T+465338479us][CH2-DEVICE] 7E 53 3C 03 04 01 05 00 12 D9 29 03 FA  → [P3] SEQ=3C PRD:05/NZ:12 +NOISE
[T+465461480us][CH1-PC    ] 50 20 FA  → [P0] POLL
[T+465466479us][CH2-DEVICE] FE 50 70 FA  → [P0] IDLE +NOISE
[T+465617479us][CH1-PC    ] 51 20 FA  → [P1] POLL
[T+465622479us][CH2-DEVICE] B8 FF 51 70 FA  → [P1] IDLE +NOISE
[T+465774504us][CH1-PC    ] 52 20 FA  → [P2] POLL
[T+465779479us][CH2-DEVICE] F8 52 70 FA  → [P2] IDLE +NOISE
[T+465930479us][CH1-PC    ] 53 20 FA  → [P3] POLL
[T+465949480us][CH2-DEVICE] FC 53 3C 03 04 01 05 00 12 D9 29 03 FA  → [P3] SEQ=3C PRD:05/NZ:12 +NOISE
[T+466070480us][CH1-PC    ] 50 20 FA  → [P0] POLL
[T+466075479us][CH2-DEVICE] FF 50 70 FA  → [P0] IDLE +NOISE
[T+466226479us][CH1-PC    ] 51 20 FA  → [P1] POLL
[T+466232479us][CH2-DEVICE] B8 FF 51 70 FA  → [P1] IDLE +NOISE
[T+466383479us][CH1-PC    ] 52 20 FA  → [P2] POLL
[T+466389479us][CH2-DEVICE] E8 52 70 FA  → [P2] IDLE +NOISE
[T+466539479us][CH1-PC    ] 53 20 FA  → [P3] POLL
[T+466558479us][CH2-DEVICE] EC 53 3C 03 04 01 05 00 12 D9 29 03 FA  → [P3] SEQ=3C PRD:05/NZ:12 +NOISE
[T+466679484us][CH1-PC    ] 50 20 FA  → [P0] POLL
[T+466685487us][CH2-DEVICE] FF 50 70 FA  → [P0] IDLE +NOISE
[T+466836479us][CH1-PC    ] 51 20 FA  → [P1] POLL
[T+466842487us][CH2-DEVICE] B8 FF 51 70 FA  → [P1] IDLE +NOISE
[T+466993479us][CH1-PC    ] 52 20 FA  → [P2] POLL
[T+466999153us][CH2-DEVICE] FC 52 70 FA  → [P2] IDLE +NOISE
[T+467148479us][CH1-PC    ] 53 20 FA  → [P3] POLL
[T+467166479us][CH2-DEVICE] F6 53 3C 03 04 01 05 00 12 D9 29 03 FA  → [P3] SEQ=3C PRD:05/NZ:12 +NOISE
[T+467289479us][CH1-PC    ] 50 20 FA  → [P0] POLL
[T+467294479us][CH2-DEVICE] FE 50 70 FA  → [P0] IDLE +NOISE
[T+467445479us][CH1-PC    ] 51 20 FA  → [P1] POLL
[T+467450479us][CH2-DEVICE] B8 FF 51 70 FA  → [P1] IDLE +NOISE
[T+467602505us][CH1-PC    ] 52 20 FA  → [P2] POLL
[T+467608479us][CH2-DEVICE] B8 FF 52 70 FA  → [P2] IDLE +NOISE
[T+467757480us][CH1-PC    ] 53 20 FA  → [P3] POLL
[T+467776479us][CH2-DEVICE] FC 53 3C 03 04 01 05 00 12 D9 29 03 FA  → [P3] SEQ=3C PRD:05/NZ:12 +NOISE
[T+467898479us][CH1-PC    ] 50 20 FA  → [P0] POLL
[T+467903479us][CH2-DEVICE] FF FF 50 70 FA  → [P0] IDLE +NOISE
[T+468054479us][CH1-PC    ] 51 20 FA  → [P1] POLL
[T+468060479us][CH2-DEVICE] EE 51 70 FA  → [P1] IDLE +NOISE
[T+468211479us][CH1-PC    ] 52 20 FA  → [P2] POLL
[T+468217479us][CH2-DEVICE] D8 52 70 FA  → [P2] IDLE +NOISE
[T+468367480us][CH1-PC    ] 53 20 FA  → [P3] POLL
[T+468385479us][CH2-DEVICE] FE 53 3C 03 04 01 05 00 12 D9 29 03 FA  → [P3] SEQ=3C PRD:05/NZ:12 +NOISE
[T+468507479us][CH1-PC    ] 50 20 FA  → [P0] POLL
[T+468513479us][CH2-DEVICE] 9B 50 70 FA  → [P0] IDLE +NOISE
[T+468664479us][CH1-PC    ] 51 20 FA  → [P1] POLL
[T+468669479us][CH2-DEVICE] DC 51 70 FA  → [P1] IDLE +NOISE
[T+468821506us][CH1-PC    ] 52 20 FA  → [P2] POLL
[T+468826479us][CH2-DEVICE] 7E 52 70 FA  → [P2] IDLE +NOISE
[T+468976480us][CH1-PC    ] 53 20 FA  → [P3] POLL
[T+468995480us][CH2-DEVICE] EC 53 3C 03 04 01 05 00 12 D9 29 03 FA  → [P3] SEQ=3C PRD:05/NZ:12 +NOISE
[T+469117479us][CH1-PC    ] 50 20 FA  → [P0] POLL
[T+469123020us][CH2-DEVICE] FF EC 50 70 FA  → [P0] IDLE +NOISE
[T+469273480us][CH1-PC    ] 51 20 FA  → [P1] POLL
[T+469278479us][CH2-DEVICE] 87 FF 51 70 FA  → [P1] IDLE +NOISE
[T+469430504us][CH1-PC    ] 52 20 FA  → [P2] POLL
[T+469437333us][CH2-DEVICE] BC 52 70 FA  → [P2] IDLE +NOISE
[T+469586479us][CH1-PC    ] 53 20 FA  → [P3] POLL
[T+469603480us][CH2-DEVICE] DC 53 3C 03 04 01 05 00 12 D9 29 03 FA  → [P3] SEQ=3C PRD:05/NZ:12 +NOISE
[T+469726479us][CH1-PC    ] 50 20 FA  → [P0] POLL
[T+469732479us][CH2-DEVICE] FF 50 70 FA  → [P0] IDLE +NOISE
[T+469882480us][CH1-PC    ] 51 20 FA  → [P1] POLL
[T+469888151us][CH2-DEVICE] F8 51 70 FA  → [P1] IDLE +NOISE
[T+470039504us][CH1-PC    ] 52 20 FA  → [P2] POLL
[T+470046487us][CH2-DEVICE] BB 52 70 FA  → [P2] IDLE +NOISE
[T+470195480us][CH1-PC    ] 53 20 FA  → [P3] POLL
[T+470213479us][CH2-DEVICE] EE 53 3C 03 04 01 05 00 12 D9 29 03 FA  → [P3] SEQ=3C PRD:05/NZ:12 +NOISE
[T+470336479us][CH1-PC    ] 50 20 FA  → [P0] POLL
[T+470341479us][CH2-DEVICE] FF FF 50 70 FA  → [P0] IDLE +NOISE
[T+470492479us][CH1-PC    ] 51 20 FA  → [P1] POLL
[T+470497479us][CH2-DEVICE] B8 FF 51 70 FA  → [P1] IDLE +NOISE
[T+470649509us][CH1-PC    ] 52 20 FA  → [P2] POLL
[T+470654479us][CH2-DEVICE] E8 52 70 FA  → [P2] IDLE +NOISE
[T+470804479us][CH1-PC    ] 53 20 FA  → [P3] POLL
[T+470822479us][CH2-DEVICE] EC 53 3C 03 04 01 05 00 12 D9 29 03 FA  → [P3] SEQ=3C PRD:05/NZ:12 +NOISE
[T+470945480us][CH1-PC    ] 50 20 FA  → [P0] POLL
[T+470950479us][CH2-DEVICE] FF 50 70 FA  → [P0] IDLE +NOISE
[T+471101479us][CH1-PC    ] 51 20 FA  → [P1] POLL
[T+471106479us][CH2-DEVICE] BC 51 70 FA  → [P1] IDLE +NOISE
[T+471258504us][CH1-PC    ] 52 20 FA  → [P2] POLL
[T+471264479us][CH2-DEVICE] B9 52 70 FA  → [P2] IDLE +NOISE
[T+471414479us][CH1-PC    ] 53 20 FA  → [P3] POLL
[T+471431479us][CH2-DEVICE] EC 53 3C 03 04 01 05 00 12 D9 29 03 FA  → [P3] SEQ=3C PRD:05/NZ:12 +NOISE
[T+471554479us][CH1-PC    ] 50 20 FA  → [P0] POLL
[T+471560487us][CH2-DEVICE] FF 50 70 FA  → [P0] IDLE +NOISE
[T+471710480us][CH1-PC    ] 51 20 FA  → [P1] POLL
[T+471715479us][CH2-DEVICE] F8 51 70 FA  → [P1] IDLE +NOISE
[T+471867508us][CH1-PC    ] 52 20 FA  → [P2] POLL
[T+471872479us][CH2-DEVICE] 98 52 70 FA  → [P2] IDLE +NOISE
[T+472023479us][CH1-PC    ] 53 20 FA  → [P3] POLL
[T+472041479us][CH2-DEVICE] FC 53 3C 03 04 01 05 00 12 D9 29 03 FA  → [P3] SEQ=3C PRD:05/NZ:12 +NOISE
[T+472164479us][CH1-PC    ] 50 20 FA  → [P0] POLL
[T+472169479us][CH2-DEVICE] FF 50 70 FA  → [P0] IDLE +NOISE
[T+472320479us][CH1-PC    ] 51 20 FA  → [P1] POLL
[T+472324507us][CH2-DEVICE] B8 FF 51 70 FA  → [P1] IDLE +NOISE
[T+472477479us][CH1-PC    ] 52 20 FA  → [P2] POLL
[T+472483488us][CH2-DEVICE] FC 52 70 FA  → [P2] IDLE +NOISE
[T+472632479us][CH1-PC    ] 53 20 FA  → [P3] POLL
[T+472650479us][CH2-DEVICE] FC 53 3C 03 04 01 05 00 12 D9 29 03 FA  → [P3] SEQ=3C PRD:05/NZ:12 +NOISE
[T+472773479us][CH1-PC    ] 50 20 FA  → [P0] POLL
[T+472778479us][CH2-DEVICE] FE 50 70 FA  → [P0] IDLE +NOISE
[T+472929479us][CH1-PC    ] 51 20 FA  → [P1] POLL
[T+472935629us][CH2-DEVICE] B8 51 70 FA  → [P1] IDLE +NOISE
[T+473086479us][CH1-PC    ] 52 20 FA  → [P2] POLL
[T+473091479us][CH2-DEVICE] FC 52 70 FA  → [P2] IDLE +NOISE
[T+473242480us][CH1-PC    ] 53 20 FA  → [P3] POLL
[T+473260482us][CH2-DEVICE] FB 53 3C 03 04 01 05 00 12 D9 29 03 FA  → [P3] SEQ=3C PRD:05/NZ:12 +NOISE
[T+473382479us][CH1-PC    ] 50 20 FA  → [P0] POLL
[T+473388479us][CH2-DEVICE] FF 50 70 FA  → [P0] IDLE +NOISE
[T+473538479us][CH1-PC    ] 51 20 FA  → [P1] POLL
[T+473544479us][CH2-DEVICE] B8 51 70 FA  → [P1] IDLE +NOISE
[T+473695479us][CH1-PC    ] 52 20 FA  → [P2] POLL
[T+473700479us][CH2-DEVICE] EE 52 70 FA  → [P2] IDLE +NOISE
[T+473851480us][CH1-PC    ] 53 20 FA  → [P3] POLL
[T+473869479us][CH2-DEVICE] FC 53 3C 03 04 01 05 00 12 D9 29 03 FA  → [P3] SEQ=3C PRD:05/NZ:12 +NOISE
[T+473992479us][CH1-PC    ] 50 20 FA  → [P0] POLL
[T+473997479us][CH2-DEVICE] FF 50 70 FA  → [P0] IDLE +NOISE
[T+474148479us][CH1-PC    ] 51 20 FA  → [P1] POLL
[T+474153479us][CH2-DEVICE] B8 FF 51 70 FA  → [P1] IDLE +NOISE
[T+474305504us][CH1-PC    ] 52 20 FA  → [P2] POLL
[T+474310479us][CH2-DEVICE] B8 52 70 FA  → [P2] IDLE +NOISE
[T+474460479us][CH1-PC    ] 53 20 FA  → [P3] POLL
[T+474479479us][CH2-DEVICE] EE 53 3C 03 04 01 05 00 12 D9 29 03 FA  → [P3] SEQ=3C PRD:05/NZ:12 +NOISE
[T+474601479us][CH1-PC    ] 50 20 FA  → [P0] POLL
[T+474605507us][CH2-DEVICE] FF F7 50 70 FA  → [P0] IDLE +NOISE
[T+474757504us][CH1-PC    ] 51 20 FA  → [P1] POLL
[T+474762479us][CH2-DEVICE] D8 51 70 FA  → [P1] IDLE +NOISE
[T+474914504us][CH1-PC    ] 52 20 FA  → [P2] POLL
[T+474919479us][CH2-DEVICE] F8 52 70 FA  → [P2] IDLE +NOISE
[T+475070479us][CH1-PC    ] 53 20 FA  → [P3] POLL
[T+475088479us][CH2-DEVICE] DE 53 3C 03 04 01 05 00 12 D9 29 03 FA  → [P3] SEQ=3C PRD:05/NZ:12 +NOISE
[T+475210480us][CH1-PC    ] 50 20 FA  → [P0] POLL
[T+475215479us][CH2-DEVICE] FE 50 70 FA  → [P0] IDLE +NOISE
[T+475367481us][CH1-PC    ] 51 20 FA  → [P1] POLL
[T+475371507us][CH2-DEVICE] B8 51 70 FA  → [P1] IDLE +NOISE
[T+475523504us][CH1-PC    ] 52 20 FA  → [P2] POLL
[T+475529479us][CH2-DEVICE] F8 52 70 FA  → [P2] IDLE +NOISE
[T+475679479us][CH1-PC    ] 53 20 FA  → [P3] POLL
[T+475699505us][CH2-DEVICE] FC 53 3C 03 04 01 05 00 12 D9 29 03 FA  → [P3] SEQ=3C PRD:05/NZ:12 +NOISE
[T+475820479us][CH1-PC    ] 50 20 FA  → [P0] POLL
[T+475824509us][CH2-DEVICE] FF FF 50 70 FA  → [P0] IDLE +NOISE
[T+475976504us][CH1-PC    ] 51 20 FA  → [P1] POLL
[T+475982133us][CH2-DEVICE] FC 51 70 FA  → [P1] IDLE +NOISE
[T+476133504us][CH1-PC    ] 52 20 FA  → [P2] POLL
[T+476139162us][CH2-DEVICE] F8 52 70 FA  → [P2] IDLE +NOISE
[T+476288479us][CH1-PC    ] 53 20 FA  → [P3] POLL
[T+476306479us][CH2-DEVICE] FC 53 3C 03 04 01 05 00 12 D9 29 03 FA  → [P3] SEQ=3C PRD:05/NZ:12 +NOISE
[T+476429479us][CH1-PC    ] 50 20 FA  → [P0] POLL
[T+476434479us][CH2-DEVICE] FF 50 70 FA  → [P0] IDLE +NOISE
[T+476585479us][CH1-PC    ] 51 20 FA  → [P1] POLL
[T+476590479us][CH2-DEVICE] FC 51 70 FA  → [P1] IDLE +NOISE
[T+476742508us][CH1-PC    ] 52 20 FA  → [P2] POLL
[T+476748158us][CH2-DEVICE] B8 52 70 FA  → [P2] IDLE +NOISE
[T+476898480us][CH1-PC    ] 53 20 FA  → [P3] POLL
[T+476917479us][CH2-DEVICE] EE 53 3C 03 04 01 05 00 12 D9 29 03 FA  → [P3] SEQ=3C PRD:05/NZ:12 +NOISE
[T+477038479us][CH1-PC    ] 50 20 FA  → [P0] POLL
[T+477043479us][CH2-DEVICE] FF FE 50 70 FA  → [P0] IDLE +NOISE
[T+477195505us][CH1-PC    ] 51 20 FA  → [P1] POLL
[T+477200479us][CH2-DEVICE] 31 51 70 FA  → [P1] IDLE +NOISE
[T+477352504us][CH1-PC    ] 52 20 FA  → [P2] POLL
[T+477357479us][CH2-DEVICE] B8 FF 52 70 FA  → [P2] IDLE +NOISE
[T+477507479us][CH1-PC    ] 53 20 FA  → [P3] POLL
[T+477525479us][CH2-DEVICE] FC 53 3C 03 04 01 05 00 12 D9 29 03 FA  → [P3] SEQ=3C PRD:05/NZ:12 +NOISE
[T+477648481us][CH1-PC    ] 50 20 FA  → [P0] POLL
[T+477653479us][CH2-DEVICE] FF 7E 50 70 FA  → [P0] IDLE +NOISE
[T+477804479us][CH1-PC    ] 51 20 FA  → [P1] POLL
[T+477810479us][CH2-DEVICE] B8 51 70 FA  → [P1] IDLE +NOISE
[T+477961479us][CH1-PC    ] 52 20 FA  → [P2] POLL
[T+477966479us][CH2-DEVICE] B8 52 70 FA  → [P2] IDLE +NOISE
[T+478116479us][CH1-PC    ] 53 20 FA  → [P3] POLL
[T+478136516us][CH2-DEVICE] FC 53 3C 03 04 01 05 00 12 D9 29 03 FA  → [P3] SEQ=3C PRD:05/NZ:12 +NOISE
[T+478257479us][CH1-PC    ] 50 20 FA  → [P0] POLL
[T+478263158us][CH2-DEVICE] FF 50 70 FA  → [P0] IDLE +NOISE
[T+478413480us][CH1-PC    ] 51 20 FA  → [P1] POLL
[T+478418479us][CH2-DEVICE] B8 FF 51 70 FA  → [P1] IDLE +NOISE
[T+478570504us][CH1-PC    ] 52 20 FA  → [P2] POLL
[T+478575479us][CH2-DEVICE] BB FF 52 70 FA  → [P2] IDLE +NOISE
[T+478726479us][CH1-PC    ] 53 20 FA  → [P3] POLL
[T+478746504us][CH2-DEVICE] EE 53 3C 03 04 01 05 00 12 D9 29 03 FA  → [P3] SEQ=3C PRD:05/NZ:12 +NOISE
[T+478866504us][CH1-PC    ] 50 20 FA  → [P0] POLL
[T+478872479us][CH2-DEVICE] FF 50 70 FA  → [P0] IDLE +NOISE
[T+479023479us][CH1-PC    ] 51 20 FA  → [P1] POLL
[T+479028479us][CH2-DEVICE] B8 FF 51 70 FA  → [P1] IDLE +NOISE
[T+479180505us][CH1-PC    ] 52 20 FA  → [P2] POLL
[T+479186163us][CH2-DEVICE] B8 FF 52 70 FA  → [P2] IDLE +NOISE
[T+479335479us][CH1-PC    ] 53 20 FA  → [P3] POLL
[T+479354479us][CH2-DEVICE] FC 53 3C 03 04 01 05 00 12 D9 29 03 FA  → [P3] SEQ=3C PRD:05/NZ:12 +NOISE
[T+479476479us][CH1-PC    ] 50 20 FA  → [P0] POLL
[T+479480507us][CH2-DEVICE] FF FF 50 70 FA  → [P0] IDLE +NOISE
[T+479632507us][CH1-PC    ] 51 20 FA  → [P1] POLL
[T+479638161us][CH2-DEVICE] 87 51 70 FA  → [P1] IDLE +NOISE
[T+479789504us][CH1-PC    ] 52 20 FA  → [P2] POLL
[T+479795540us][CH2-DEVICE] 7C 52 70 FA  → [P2] IDLE +NOISE
[T+479944479us][CH1-PC    ] 53 20 FA  → [P3] POLL
[T+479963479us][CH2-DEVICE] FC 53 3C 03 04 01 05 00 12 D9 29 03 FA  → [P3] SEQ=3C PRD:05/NZ:12 +NOISE
[T+480085479us][CH1-PC    ] 50 20 FA  → [P0] POLL
[T+480090479us][CH2-DEVICE] FF 50 70 FA  → [P0] IDLE +NOISE
[T+480241484us][CH1-PC    ] 51 20 FA  → [P1] POLL
[T+480246479us][CH2-DEVICE] FC 51 70 FA  → [P1] IDLE +NOISE
[T+480398504us][CH1-PC    ] 52 20 FA  → [P2] POLL
[T+480404479us][CH2-DEVICE] B8 52 70 FA  → [P2] IDLE +NOISE
[T+480554479us][CH1-PC    ] 53 20 FA  → [P3] POLL
[T+480571999us][CH2-DEVICE] FC 53 3C 03 04 01 05 00 12 D9 29 03 FA  → [P3] SEQ=3C PRD:05/NZ:12 +NOISE
[T+480694479us][CH1-PC    ] 50 20 FA  → [P0] POLL
[T+480699479us][CH2-DEVICE] FF FE 50 70 FA  → [P0] IDLE +NOISE
[T+480851505us][CH1-PC    ] 51 20 FA  → [P1] POLL
[T+480856479us][CH2-DEVICE] BB FF 51 70 FA  → [P1] IDLE +NOISE
[T+481008506us][CH1-PC    ] 52 20 FA  → [P2] POLL
[T+481012507us][CH2-DEVICE] B8 FF 52 70 FA  → [P2] IDLE +NOISE
[T+481163479us][CH1-PC    ] 53 20 FA  → [P3] POLL
[T+481181479us][CH2-DEVICE] FC 53 3C 03 04 01 05 00 12 D9 29 03 FA  → [P3] SEQ=3C PRD:05/NZ:12 +NOISE
[T+481304479us][CH1-PC    ] 50 20 FA  → [P0] POLL
[T+481310613us][CH2-DEVICE] FF FF 50 70 FA  → [P0] IDLE +NOISE
[T+481460480us][CH1-PC    ] 51 20 FA  → [P1] POLL
[T+481465479us][CH2-DEVICE] B8 51 70 FA  → [P1] IDLE +NOISE
[T+481618480us][CH1-PC    ] 52 20 FA  → [P2] POLL
[T+481623479us][CH2-DEVICE] FE 52 70 FA  → [P2] IDLE +NOISE
[T+481772479us][CH1-PC    ] 53 20 FA  → [P3] POLL
[T+481790479us][CH2-DEVICE] DB 53 3C 03 04 01 05 00 12 D9 29 03 FA  → [P3] SEQ=3C PRD:05/NZ:12 +NOISE
[T+481913479us][CH1-PC    ] 50 20 FA  → [P0] POLL
[T+481919162us][CH2-DEVICE] FF 50 70 FA  → [P0] IDLE +NOISE
[T+482069481us][CH1-PC    ] 51 20 FA  → [P1] POLL
[T+482074480us][CH2-DEVICE] B8 FF 51 70 FA  → [P1] IDLE +NOISE
[T+482226505us][CH1-PC    ] 52 20 FA  → [P2] POLL
[T+482231479us][CH2-DEVICE] FC 52 70 FA  → [P2] IDLE +NOISE
[T+482382479us][CH1-PC    ] 53 20 FA  → [P3] POLL
[T+482400479us][CH2-DEVICE] FC 53 3C 03 04 01 05 00 12 D9 29 03 FA  → [P3] SEQ=3C PRD:05/NZ:12 +NOISE
[T+482522479us][CH1-PC    ] 50 20 FA  → [P0] POLL
[T+482527479us][CH2-DEVICE] FF FF 50 70 FA  → [P0] IDLE +NOISE
[T+482679507us][CH1-PC    ] 51 20 FA  → [P1] POLL
[T+482684479us][CH2-DEVICE] B8 51 70 FA  → [P1] IDLE +NOISE
[T+482836504us][CH1-PC    ] 52 20 FA  → [P2] POLL
[T+482842163us][CH2-DEVICE] 98 52 70 FA  → [P2] IDLE +NOISE
[T+482991479us][CH1-PC    ] 53 20 FA  → [P3] POLL
[T+483009479us][CH2-DEVICE] FC 53 3C 03 04 01 05 00 12 D9 29 03 FA  → [P3] SEQ=3C PRD:05/NZ:12 +NOISE
[T+483132479us][CH1-PC    ] 50 20 FA  → [P0] POLL
[T+483137479us][CH2-DEVICE] 99 50 70 FA  → [P0] IDLE +NOISE
[T+483288479us][CH1-PC    ] 51 20 FA  → [P1] POLL
[T+483293479us][CH2-DEVICE] FF F7 51 70 FA  → [P1] IDLE +NOISE
[T+483445504us][CH1-PC    ] 52 20 FA  → [P2] POLL
[T+483451487us][CH2-DEVICE] 38 52 70 FA  → [P2] IDLE +NOISE
[T+483600479us][CH1-PC    ] 53 20 FA  → [P3] POLL
[T+483619479us][CH2-DEVICE] EC 53 3C 03 04 01 05 00 12 D9 29 03 FA  → [P3] SEQ=3C PRD:05/NZ:12 +NOISE
[T+483741479us][CH1-PC    ] 50 20 FA  → [P0] POLL
[T+483746479us][CH2-DEVICE] FE 50 70 FA  → [P0] IDLE +NOISE
[T+483897479us][CH1-PC    ] 51 20 FA  → [P1] POLL
[T+483902479us][CH2-DEVICE] CC 51 70 FA  → [P1] IDLE +NOISE
[T+484054505us][CH1-PC    ] 52 20 FA  → [P2] POLL
[T+484060487us][CH2-DEVICE] FC 52 70 FA  → [P2] IDLE +NOISE
[T+484210480us][CH1-PC    ] 53 20 FA  → [P3] POLL
[T+484228479us][CH2-DEVICE] FC 53 3C 03 04 01 05 00 12 D9 29 03 FA  → [P3] SEQ=3C PRD:05/NZ:12 +NOISE
[T+484351479us][CH1-PC    ] 50 20 FA  → [P0] POLL
[T+484356479us][CH2-DEVICE] FF 50 70 FA  → [P0] IDLE +NOISE
[T+484507479us][CH1-PC    ] 51 20 FA  → [P1] POLL
[T+484512479us][CH2-DEVICE] B8 FF 51 70 FA  → [P1] IDLE +NOISE
[T+484664504us][CH1-PC    ] 52 20 FA  → [P2] POLL
[T+484669479us][CH2-DEVICE] B8 FF 52 70 FA  → [P2] IDLE +NOISE
[T+484819479us][CH1-PC    ] 53 20 FA  → [P3] POLL
[T+484838479us][CH2-DEVICE] EC 53 3C 03 04 01 05 00 12 D9 29 03 FA  → [P3] SEQ=3C PRD:05/NZ:12 +NOISE
[T+484960479us][CH1-PC    ] 50 20 FA  → [P0] POLL
[T+484965479us][CH2-DEVICE] FF 50 70 FA  → [P0] IDLE +NOISE
[T+485116479us][CH1-PC    ] 51 20 FA  → [P1] POLL
[T+485121479us][CH2-DEVICE] BC 51 70 FA  → [P1] IDLE +NOISE
[T+485273504us][CH1-PC    ] 52 20 FA  → [P2] POLL
[T+485278479us][CH2-DEVICE] DC 52 70 FA  → [P2] IDLE +NOISE
[T+485429479us][CH1-PC    ] 53 20 FA  → [P3] POLL
[T+485448482us][CH2-DEVICE] FC 53 3C 03 04 01 05 00 12 D9 29 03 FA  → [P3] SEQ=3C PRD:05/NZ:12 +NOISE
[T+485569480us][CH1-PC    ] 50 20 FA  → [P0] POLL
[T+485574479us][CH2-DEVICE] FE FE 50 70 FA  → [P0] IDLE +NOISE
[T+485725479us][CH1-PC    ] 51 20 FA  → [P1] POLL
[T+485730480us][CH2-DEVICE] B8 51 70 FA  → [P1] IDLE +NOISE
[T+485882505us][CH1-PC    ] 52 20 FA  → [P2] POLL
[T+485888479us][CH2-DEVICE] B8 52 70 FA  → [P2] IDLE +NOISE
[T+486038479us][CH1-PC    ] 53 20 FA  → [P3] POLL
[T+486056480us][CH2-DEVICE] FC 53 3C 03 04 01 05 00 12 D9 29 03 FA  → [P3] SEQ=3C PRD:05/NZ:12 +NOISE
[T+486179479us][CH1-PC    ] 50 20 FA  → [P0] POLL
[T+486183508us][CH2-DEVICE] FF EE 50 70 FA  → [P0] IDLE +NOISE
[T+486335504us][CH1-PC    ] 51 20 FA  → [P1] POLL
[T+486340479us][CH2-DEVICE] B8 FF 51 70 FA  → [P1] IDLE +NOISE
[T+486492505us][CH1-PC    ] 52 20 FA  → [P2] POLL
[T+486496507us][CH2-DEVICE] D8 52 70 FA  → [P2] IDLE +NOISE
[T+486647645us][CH1-PC    ] 53 20 FA  → [P3] POLL
[T+486666479us][CH2-DEVICE] FE 53 3C 03 04 01 05 00 12 D9 29 03 FA  → [P3] SEQ=3C PRD:05/NZ:12 +NOISE
[T+486788479us][CH1-PC    ] 50 20 FA  → [P0] POLL
[T+486793480us][CH2-DEVICE] FE 50 70 FA  → [P0] IDLE +NOISE
[T+486944480us][CH1-PC    ] 51 20 FA  → [P1] POLL
[T+486949479us][CH2-DEVICE] B9 51 70 FA  → [P1] IDLE +NOISE
[T+487101480us][CH1-PC    ] 52 20 FA  → [P2] POLL
[T+487106479us][CH2-DEVICE] FC 52 70 FA  → [P2] IDLE +NOISE
[T+487257479us][CH1-PC    ] 53 20 FA  → [P3] POLL
[T+487274480us][CH2-DEVICE] DC 53 3C 03 04 01 05 00 12 D9 29 03 FA  → [P3] SEQ=3C PRD:05/NZ:12 +NOISE
[T+487397479us][CH1-PC    ] 50 20 FA  → [P0] POLL
[T+487402479us][CH2-DEVICE] FE 50 70 FA  → [P0] IDLE +NOISE
[T+487553480us][CH1-PC    ] 51 20 FA  → [P1] POLL
[T+487558479us][CH2-DEVICE] FC 51 70 FA  → [P1] IDLE +NOISE
[T+487710504us][CH1-PC    ] 52 20 FA  → [P2] POLL
[T+487715479us][CH2-DEVICE] B8 52 70 FA  → [P2] IDLE +NOISE
connected
[T+493959479us][CH1-PC    ] 53 20 FA  → [P3] POLL
[T+493978480us][CH2-DEVICE] FC 53 3C 03 04 01 05 00 12 D9 29 03 FA  → [P3] SEQ=3C PRD:05/NZ:12 +NOISE
[T+494100479us][CH1-PC    ] 50 20 FA  → [P0] POLL
[T+494105976us][CH2-DEVICE] FF 50 70 FA  → [P0] IDLE +NOISE
[T+494256480us][CH1-PC    ] 51 20 FA  → [P1] POLL
[T+494264275us][CH2-DEVICE] B8 FF 51 70 FA  → [P1] IDLE +NOISE
[T+494413479us][CH1-PC    ] 52 20 FA  → [P2] POLL
[T+494419479us][CH2-DEVICE] FC 52 70 FA  → [P2] IDLE +NOISE
[T+494569479us][CH1-PC    ] 53 20 FA  → [P3] POLL
[T+494587480us][CH2-DEVICE] FC 53 3C 03 04 01 05 00 12 D9 29 03 FA  → [P3] SEQ=3C PRD:05/NZ:12 +NOISE
[T+494709479us][CH1-PC    ] 50 20 FA  → [P0] POLL
[T+494715112us][CH2-DEVICE] FF FF 50 70 FA  → [P0] IDLE +NOISE
[T+494866507us][CH1-PC    ] 51 20 FA  → [P1] POLL
[T+494870507us][CH2-DEVICE] 7F FF 51 70 FA  → [P1] IDLE +NOISE
[T+495022504us][CH1-PC    ] 52 20 FA  → [P2] POLL
[T+495029150us][CH2-DEVICE] B8 52 70 FA  → [P2] IDLE +NOISE
[T+495178479us][CH1-PC    ] 53 20 FA  → [P3] POLL
[T+495196479us][CH2-DEVICE] FC 53 3C 03 04 01 05 00 12 D9 29 03 FA  → [P3] SEQ=3C PRD:05/NZ:12 +NOISE
[T+495319479us][CH1-PC    ] 50 20 FA  → [P0] POLL
[T+495323507us][CH2-DEVICE] FF 50 70 FA  → [P0] IDLE +NOISE
[T+495475504us][CH1-PC    ] 51 20 FA  → [P1] POLL
[T+495481518us][CH2-DEVICE] B9 51 70 FA  → [P1] IDLE +NOISE
[T+495632479us][CH1-PC    ] 52 20 FA  → [P2] POLL
[T+495638479us][CH2-DEVICE] DC 52 70 FA  → [P2] IDLE +NOISE
[T+495787480us][CH1-PC    ] 53 20 FA  → [P3] POLL
[T+495806479us][CH2-DEVICE] FC 53 3C 03 04 01 05 00 12 D9 29 03 FA  → [P3] SEQ=3C PRD:05/NZ:12 +NOISE
[T+495928479us][CH1-PC    ] 50 20 FA  → [P0] POLL
[T+495933479us][CH2-DEVICE] FF 50 70 FA  → [P0] IDLE +NOISE
[T+496084481us][CH1-PC    ] 51 20 FA  → [P1] POLL
[T+496089479us][CH2-DEVICE] B8 51 70 FA  → [P1] IDLE +NOISE
[T+496241504us][CH1-PC    ] 52 20 FA  → [P2] POLL
[T+496246479us][CH2-DEVICE] EE 52 70 FA  → [P2] IDLE +NOISE
[T+496397479us][CH1-PC    ] 53 20 FA  → [P3] POLL
[T+496416479us][CH2-DEVICE] EC 53 3C 03 04 01 05 00 12 D9 29 03 FA  → [P3] SEQ=3C PRD:05/NZ:12 +NOISE
[T+496537479us][CH1-PC    ] 50 20 FA  → [P0] POLL
[T+496542479us][CH2-DEVICE] FF 50 70 FA  → [P0] IDLE +NOISE
[T+496694504us][CH1-PC    ] 51 20 FA  → [P1] POLL
[T+496700479us][CH2-DEVICE] F6 51 70 FA  → [P1] IDLE +NOISE
[T+496851479us][CH1-PC    ] 52 20 FA  → [P2] POLL
[T+496856479us][CH2-DEVICE] 38 52 70 FA  → [P2] IDLE +NOISE
[T+497006481us][CH1-PC    ] 53 20 FA  → [P3] POLL
[T+497024479us][CH2-DEVICE] FE 53 3C 03 04 01 05 00 12 D9 29 03 FA  → [P3] SEQ=3C PRD:05/NZ:12 +NOISE
[T+497147479us][CH1-PC    ] 50 20 FA  → [P0] POLL
[T+497153159us][CH2-DEVICE] FF 50 70 FA  → [P0] IDLE +NOISE
[T+497303480us][CH1-PC    ] 51 20 FA  → [P1] POLL
[T+497310017us][CH2-DEVICE] FC 51 70 FA  → [P1] IDLE +NOISE