connected
[T+106685910us][CH2-Pc    ] 53 20 FA
[T+106690910us][CH1-Dispenser] 53 70 FA
[T+106825935us][CH2-Pc    ] 50 20 FA
[T+106829910us][CH1-Dispenser] 50 70 FA
[T+106965910us][CH2-Pc    ] 51 20 FA
[T+106971045us][CH1-Dispenser] 51 70 FA
[T+107106910us][CH2-Pc    ] 52 20 FA
[T+107111910us][CH1-Dispenser] 52 70 FA
[T+107247910us][CH2-Pc    ] 53 20 FA
[T+107253534us][CH1-Dispenser] 53 70 FA
[T+107387936us][CH2-Pc    ] 50 20 FA
[T+107392910us][CH1-Dispenser] 50 70 FA
[T+107528910us][CH2-Pc    ] 51 20 FA
[T+107533910us][CH1-Dispenser] 51 70 FA
[T+107668936us][CH2-Pc    ] 52 20 FA
[T+107674521us][CH1-Dispenser] 52 70 FA
[T+107809910us][CH2-Pc    ] 53 20 FA
[T+107814910us][CH1-Dispenser] 53 70 FA
[T+107949934us][CH2-Pc    ] 50 20 FA
[T+107955934us][CH1-Dispenser] 50 70 FA
[T+108090934us][CH2-Pc    ] 51 20 FA
[T+108095954us][CH1-Dispenser] 51 70 FA
[T+108231910us][CH2-Pc    ] 52 20 FA
[T+108237533us][CH1-Dispenser] 52 70 FA
[T+108372910us][CH2-Pc    ] 53 20 FA
[T+108377910us][CH1-Dispenser] 53 70 FA
[T+108512935us][CH2-Pc    ] 50 20 FA
[T+108517917us][CH1-Dispenser] 50 70 FA
[T+108652935us][CH2-Pc    ] 51 20 FA
[T+108659570us][CH1-Dispenser] 51 70 FA
[T+108793934us][CH2-Pc    ] 52 20 FA
[T+108798910us][CH1-Dispenser] 52 70 FA
[T+108934910us][CH2-Pc    ] 53 20 FA
[T+108940934us][CH1-Dispenser] 53 70 FA
[T+109074910us][CH2-Pc    ] 50 20 FA
[T+109080950us][CH1-Dispenser] 50 70 FA
[T+109215936us][CH2-Pc    ] 51 20 FA
[T+109220910us][CH1-Dispenser] 51 70 FA
[T+109360910us][CH1-Dispenser] 52 70 FA
[T+109356910us][CH2-Pc    ] 52 20 FA
[T+109497910us][CH2-Pc    ] 53 20 FA
[T+109502919us][CH1-Dispenser] 53 70 FA
[T+109637935us][CH2-Pc    ] 50 20 FA
[T+109641910us][CH1-Dispenser] 50 70 FA
[T+109777910us][CH2-Pc    ] 51 20 FA
[T+109783934us][CH1-Dispenser] 51 70 FA
[T+109918934us][CH2-Pc    ] 52 20 FA
[T+109923917us][CH1-Dispenser] 52 70 FA
[T+110060910us][CH2-Pc    ] 53 20 FA
[T+110065917us][CH1-Dispenser] 53 70 FA
[T+110199910us][CH2-Pc    ] 50 20 FA
[T+110205935us][CH1-Dispenser] 50 70 FA
[T+110340934us][CH2-Pc    ] 51 20 FA
[T+110345910us][CH1-Dispenser] 51 70 FA
[T+110481910us][CH2-Pc    ] 52 20 FA
[T+110486917us][CH1-Dispenser] 52 70 FA
[T+110622910us][CH2-Pc    ] 53 20 FA
[T+110628528us][CH1-Dispenser] 53 70 FA
[T+110762935us][CH2-Pc    ] 50 20 FA
[T+110767910us][CH1-Dispenser] 50 70 FA
[T+110902935us][CH2-Pc    ] 51 20 FA
[T+110908950us][CH1-Dispenser] 51 70 FA
[T+111043935us][CH2-Pc    ] 52 20 FA
[T+111050569us][CH1-Dispenser] 52 70 FA
[T+111184935us][CH2-Pc    ] 53 20 FA
[T+111189910us][CH1-Dispenser] 53 70 FA
[T+111324934us][CH2-Pc    ] 50 20 FA
[T+111331132us][CH1-Dispenser] 50 70 FA
[T+111465934us][CH2-Pc    ] 51 20 FA
[T+111471950us][CH1-Dispenser] 51 70 FA
[T+111606911us][CH2-Pc    ] 52 20 FA
[T+111610910us][CH1-Dispenser] 52 70 FA
[T+111747910us][CH2-Pc    ] 53 20 FA
[T+111753935us][CH1-Dispenser] 53 70 FA
[T+111887910us][CH2-Pc    ] 50 20 FA
[T+111892526us][CH1-Dispenser] 50 70 FA
[T+112027910us][CH2-Pc    ] 51 20 FA
[T+112032910us][CH1-Dispenser] 51 70 FA
[T+112170493us][CH2-Pc    ] 52 20 FA
[T+112175111us][CH1-Dispenser] 52 70 FA
[T+112309910us][CH2-Pc    ] 53 20 FA
[T+112315935us][CH1-Dispenser] 53 70 FA
[T+112449910us][CH2-Pc    ] 50 20 FA
[T+112455977us][CH1-Dispenser] 50 70 FA
[T+112590934us][CH2-Pc    ] 51 20 FA
[T+112596528us][CH1-Dispenser] 51 70 FA
[T+112730934us][CH2-Pc    ] 52 20 FA
[T+112735910us][CH1-Dispenser] 52 70 FA
[T+112872910us][CH2-Pc    ] 53 20 FA
[T+112878935us][CH1-Dispenser] 53 70 FA
[T+113012911us][CH2-Pc    ] 50 20 FA
[T+113017917us][CH1-Dispenser] 50 70 FA
[T+113152935us][CH2-Pc    ] 51 20 FA
[T+113159567us][CH1-Dispenser] 51 70 FA
[T+113293935us][CH2-Pc    ] 52 20 FA
[T+113298910us][CH1-Dispenser] 52 70 FA
[T+113434910us][CH2-Pc    ] 53 20 FA
[T+113439910us][CH1-Dispenser] 53 70 FA
[T+113574935us][CH2-Pc    ] 50 20 FA
[T+113579910us][CH1-Dispenser] 50 70 FA
[T+113715910us][CH2-Pc    ] 51 20 FA
[T+113719910us][CH1-Dispenser] 51 70 FA
[T+113856910us][CH2-Pc    ] 52 20 FA
[T+113863271us][CH1-Dispenser] 52 70 FA
[T+113997936us][CH2-Pc    ] 53 20 FA
[T+114003528us][CH1-Dispenser] 53 70 FA
[T+114137936us][CH2-Pc    ] 50 20 FA
[T+114142910us][CH1-Dispenser] 50 70 FA
[T+114277935us][CH2-Pc    ] 51 20 FA
[T+114284510us][CH1-Dispenser] 51 70 FA
[T+114418935us][CH2-Pc    ] 52 20 FA
[T+114424522us][CH1-Dispenser] 52 70 FA
[T+114559910us][CH2-Pc    ] 53 20 FA
[T+114566576us][CH1-Dispenser] 53 70 FA
[T+114699910us][CH2-Pc    ] 50 20 FA
[T+114705934us][CH1-Dispenser] 50 70 FA
[T+114840934us][CH2-Pc    ] 51 20 FA
[T+114845917us][CH1-Dispenser] 51 70 FA
[T+114980936us][CH2-Pc    ] 52 20 FA
[T+114985910us][CH1-Dispenser] 52 70 FA
[T+115122910us][CH2-Pc    ] 53 20 FA
[T+115126910us][CH1-Dispenser] 53 70 FA
[T+115266910us][CH1-Dispenser] 50 70 FA
[T+115262910us][CH2-Pc    ] 50 20 FA
[T+115402910us][CH2-Pc    ] 51 20 FA
[T+115409071us][CH1-Dispenser] 51 70 FA
[T+115543935us][CH2-Pc    ] 52 20 FA
[T+115548910us][CH1-Dispenser] 52 70 FA
[T+115684910us][CH2-Pc    ] 53 20 FA
[T+115690935us][CH1-Dispenser] 53 70 FA
[T+115824910us][CH2-Pc    ] 50 20 FA
[T+115830530us][CH1-Dispenser] 50 70 FA
[T+115965910us][CH2-Pc    ] 51 20 FA
[T+115969910us][CH1-Dispenser] 51 70 FA
[T+116105910us][CH2-Pc    ] 52 20 FA
[T+116110910us][CH1-Dispenser] 52 70 FA
[T+116247910us][CH2-Pc    ] 53 20 FA
[T+116252917us][CH1-Dispenser] 53 70 FA
[T+116387910us][CH2-Pc    ] 50 20 FA
[T+116392910us][CH1-Dispenser] 50 70 FA
[T+116527934us][CH2-Pc    ] 51 20 FA
[T+116533950us][CH1-Dispenser] 51 70 FA
[T+116668934us][CH2-Pc    ] 52 20 FA
[T+116674952us][CH1-Dispenser] 52 70 FA
[T+116809936us][CH2-Pc    ] 53 20 FA
[T+116814910us][CH1-Dispenser] 53 70 FA
[T+116949935us][CH2-Pc    ] 50 20 FA
[T+116954910us][CH1-Dispenser] 50 70 FA
[T+117090910us][CH2-Pc    ] 51 20 FA
[T+117094910us][CH1-Dispenser] 51 70 FA
[T+117230910us][CH2-Pc    ] 52 20 FA
[T+117235910us][CH1-Dispenser] 52 70 FA
[T+117372910us][CH2-Pc    ] 53 20 FA
[T+117376910us][CH1-Dispenser] 53 70 FA
[T+117511936us][CH2-Pc    ] 50 20 FA
[T+117518665us][CH1-Dispenser] 50 70 FA
[T+117652935us][CH2-Pc    ] 51 20 FA
[T+117658935us][CH1-Dispenser] 51 70 FA
[T+117793934us][CH2-Pc    ] 52 20 FA
[T+117798910us][CH1-Dispenser] 52 70 FA
[T+117934910us][CH2-Pc    ] 53 20 FA
[T+117940950us][CH1-Dispenser] 53 70 FA
[T+118074910us][CH2-Pc    ] 50 20 FA
[T+118079910us][CH1-Dispenser] 50 70 FA
[T+118215910us][CH2-Pc    ] 51 20 FA
[T+118220910us][CH1-Dispenser] 51 70 FA
[T+118355934us][CH2-Pc    ] 52 20 FA
[T+118362561us][CH1-Dispenser] 52 70 FA
[T+118497910us][CH2-Pc    ] 53 20 FA
[T+118502531us][CH1-Dispenser] 53 70 FA
[T+118636935us][CH2-Pc    ] 50 20 FA
[T+118641910us][CH1-Dispenser] 50 70 FA
[T+118777910us][CH2-Pc    ] 51 20 FA
[T+118782910us][CH1-Dispenser] 51 70 FA
[T+118918910us][CH2-Pc    ] 52 20 FA
[T+118923523us][CH1-Dispenser] 52 70 FA
[T+119059910us][CH2-Pc    ] 53 20 FA
[T+119065574us][CH1-Dispenser] 53 70 FA
[T+119199935us][CH2-Pc    ] 50 20 FA
[T+119204910us][CH1-Dispenser] 50 70 FA
[T+119340910us][CH2-Pc    ] 51 20 FA
[T+119345910us][CH1-Dispenser] 51 70 FA
[T+119480935us][CH2-Pc    ] 52 20 FA
[T+119486568us][CH1-Dispenser] 52 70 FA
[T+119621910us][CH2-Pc    ] 53 20 FA
[T+119628605us][CH1-Dispenser] 53 70 FA
[T+119761910us][CH2-Pc    ] 50 20 FA
[T+119766910us][CH1-Dispenser] 50 70 FA
[T+119902910us][CH2-Pc    ] 51 20 FA
[T+119908950us][CH1-Dispenser] 51 70 FA
[T+120043935us][CH2-Pc    ] 52 20 FA
[T+120048910us][CH1-Dispenser] 52 70 FA
[T+120184910us][CH2-Pc    ] 53 20 FA
[T+120190935us][CH1-Dispenser] 53 70 FA
[T+120324910us][CH2-Pc    ] 50 20 FA
[T+120329917us][CH1-Dispenser] 50 70 FA
[T+120465910us][CH2-Pc    ] 51 20 FA
[T+120469910us][CH1-Dispenser] 51 70 FA
[T+120605910us][CH2-Pc    ] 52 20 FA
[T+120610910us][CH1-Dispenser] 52 70 FA
[T+120746910us][CH2-Pc    ] 53 20 FA
[T+120751910us][CH1-Dispenser] 53 70 FA
[T+120886934us][CH2-Pc    ] 50 20 FA
[T+120892950us][CH1-Dispenser] 50 70 FA
[T+121027935us][CH2-Pc    ] 51 20 FA
[T+121034611us][CH1-Dispenser] 51 70 FA
[T+121168934us][CH2-Pc    ] 52 20 FA
[T+121172910us][CH1-Dispenser] 52 70 FA
[T+121309910us][CH2-Pc    ] 53 20 FA
[T+121314910us][CH1-Dispenser] 53 70 FA
[T+121449935us][CH2-Pc    ] 50 20 FA
[T+121455524us][CH1-Dispenser] 50 70 FA
[T+121589935us][CH2-Pc    ] 51 20 FA
[T+121595935us][CH1-Dispenser] 51 70 FA
[T+121730934us][CH2-Pc    ] 52 20 FA
[T+121735910us][CH1-Dispenser] 52 70 FA
[T+121872910us][CH2-Pc    ] 53 20 FA
[T+121877522us][CH1-Dispenser] 53 70 FA
[T+122011935us][CH2-Pc    ] 50 20 FA
[T+122016910us][CH1-Dispenser] 50 70 FA
[T+122152910us][CH2-Pc    ] 51 20 FA
[T+122157910us][CH1-Dispenser] 51 70 FA
[T+122292935us][CH2-Pc    ] 52 20 FA
[T+122299568us][CH1-Dispenser] 52 70 FA
[T+122434910us][CH2-Pc    ] 53 20 FA
[T+122439910us][CH1-Dispenser] 53 70 FA
[T+122574935us][CH2-Pc    ] 50 20 FA
[T+122579910us][CH1-Dispenser] 50 70 FA
[T+122714936us][CH2-Pc    ] 51 20 FA
[T+122719910us][CH1-Dispenser] 51 70 FA
[T+122855910us][CH2-Pc    ] 52 20 FA
[T+122861935us][CH1-Dispenser] 52 70 FA
[T+122996935us][CH2-Pc    ] 53 20 FA
[T+123001910us][CH1-Dispenser] 53 70 FA
[T+123136935us][CH2-Pc    ] 50 20 FA
[T+123142525us][CH1-Dispenser] 50 70 FA
[T+123277910us][CH2-Pc    ] 51 20 FA
[T+123282910us][CH1-Dispenser] 51 70 FA
[T+123417935us][CH2-Pc    ] 52 20 FA
[T+123422910us][CH1-Dispenser] 52 70 FA
[T+123559910us][CH2-Pc    ] 53 20 FA
[T+123564910us][CH1-Dispenser] 53 70 FA
[T+123699936us][CH2-Pc    ] 50 20 FA
[T+123703910us][CH1-Dispenser] 50 70 FA
[T+123839910us][CH2-Pc    ] 51 20 FA
[T+123845935us][CH1-Dispenser] 51 70 FA
[T+123980935us][CH2-Pc    ] 52 20 FA
[T+123985910us][CH1-Dispenser] 52 70 FA
[T+124121910us][CH2-Pc    ] 53 20 FA
[T+124127533us][CH1-Dispenser] 53 70 FA
[T+124261934us][CH2-Pc    ] 50 20 FA
[T+124266910us][CH1-Dispenser] 50 70 FA
[T+124402910us][CH2-Pc    ] 51 20 FA
[T+124407910us][CH1-Dispenser] 51 70 FA
[T+124542935us][CH2-Pc    ] 52 20 FA
[T+124549568us][CH1-Dispenser] 52 70 FA
[T+124684911us][CH2-Pc    ] 53 20 FA
[T+124689910us][CH1-Dispenser] 53 70 FA
[T+124824934us][CH2-Pc    ] 50 20 FA
[T+124829910us][CH1-Dispenser] 50 70 FA
[T+124964935us][CH2-Pc    ] 51 20 FA
[T+124970950us][CH1-Dispenser] 51 70 FA
[T+125105935us][CH2-Pc    ] 52 20 FA
[T+125112565us][CH1-Dispenser] 52 70 FA
[T+125246934us][CH2-Pc    ] 53 20 FA
[T+125251910us][CH1-Dispenser] 53 70 FA
[T+125386934us][CH2-Pc    ] 50 20 FA
[T+125391917us][CH1-Dispenser] 50 70 FA
[T+125527910us][CH2-Pc    ] 51 20 FA
[T+125531910us][CH1-Dispenser] 51 70 FA
[T+125667910us][CH2-Pc    ] 52 20 FA
[T+125672910us][CH1-Dispenser] 52 70 FA
[T+125809910us][CH2-Pc    ] 53 20 FA
[T+125814910us][CH1-Dispenser] 53 70 FA
[T+125949935us][CH2-Pc    ] 50 20 FA
[T+125954917us][CH1-Dispenser] 50 70 FA
[T+126089935us][CH2-Pc    ] 51 20 FA
[T+126094910us][CH1-Dispenser] 51 70 FA
[T+126230910us][CH2-Pc    ] 52 20 FA
[T+126235910us][CH1-Dispenser] 52 70 FA
[T+126371910us][CH2-Pc    ] 53 20 FA
[T+126377934us][CH1-Dispenser] 53 70 FA
[T+126511910us][CH2-Pc    ] 50 20 FA
[T+126517950us][CH1-Dispenser] 50 70 FA
[T+126652935us][CH2-Pc    ] 51 20 FA
[T+126657910us][CH1-Dispenser] 51 70 FA
[T+126792934us][CH2-Pc    ] 52 20 FA
[T+126798934us][CH1-Dispenser] 52 70 FA
[T+126934910us][CH2-Pc    ] 53 20 FA
[T+126939913us][CH1-Dispenser] 53 70 FA
[T+127074935us][CH2-Pc    ] 50 20 FA
[T+127079910us][CH1-Dispenser] 50 70 FA
[T+127214935us][CH2-Pc    ] 51 20 FA
[T+127219910us][CH1-Dispenser] 51 70 FA
[T+127355910us][CH2-Pc    ] 52 20 FA
[T+127359910us][CH1-Dispenser] 52 70 FA
[T+127496910us][CH2-Pc    ] 53 20 FA
[T+127501910us][CH1-Dispenser] 53 70 FA
[T+127636934us][CH2-Pc    ] 50 20 FA
[T+127641910us][CH1-Dispenser] 50 70 FA
[T+127777910us][CH2-Pc    ] 51 20 FA
[T+127782924us][CH1-Dispenser] 51 70 FA
[T+127917936us][CH2-Pc    ] 52 20 FA
[T+127922910us][CH1-Dispenser] 52 70 FA
[T+128059910us][CH2-Pc    ] 53 20 FA
[T+128064910us][CH1-Dispenser] 53 70 FA
[T+128198910us][CH2-Pc    ] 50 20 FA
[T+128203920us][CH1-Dispenser] 50 70 FA
[T+128339910us][CH2-Pc    ] 51 20 FA
[T+128345950us][CH1-Dispenser] 51 70 FA
[T+128480935us][CH2-Pc    ] 52 20 FA
[T+128485910us][CH1-Dispenser] 52 70 FA
[T+128621934us][CH2-Pc    ] 53 20 FA
[T+128626918us][CH1-Dispenser] 53 70 FA
[T+128761910us][CH2-Pc    ] 50 20 FA
[T+128766917us][CH1-Dispenser] 50 70 FA
[T+128903262us][CH2-Pc    ] 51 20 FA
[T+128906910us][CH1-Dispenser] 51 70 FA
[T+129043704us][CH2-Pc    ] 52 20 FA
[T+129048935us][CH1-Dispenser] 52 70 FA
[T+129184910us][CH2-Pc    ] 53 20 FA
[T+129189910us][CH1-Dispenser] 53 70 FA
[T+129323910us][CH2-Pc    ] 50 20 FA
[T+129330577us][CH1-Dispenser] 50 70 FA
[T+129464953us][CH2-Pc    ] 51 20 FA
[T+129470940us][CH1-Dispenser] 51 70 FA
[T+129605910us][CH2-Pc    ] 52 20 FA
[T+129610538us][CH1-Dispenser] 52 70 FA
[T+129746950us][CH2-Pc    ] 53 20 FA
[T+129751910us][CH1-Dispenser] 53 70 FA
[T+129886910us][CH2-Pc    ] 50 20 FA
[T+129891917us][CH1-Dispenser] 50 70 FA
[T+130027910us][CH2-Pc    ] 51 20 FA
[T+130033532us][CH1-Dispenser] 51 70 FA
[T+130167935us][CH2-Pc    ] 52 20 FA
[T+130172910us][CH1-Dispenser] 52 70 FA
[T+130308910us][CH2-Pc    ] 53 20 FA
[T+130314934us][CH1-Dispenser] 53 70 FA
[T+130448910us][CH2-Pc    ] 50 20 FA
[T+130454541us][CH1-Dispenser] 50 70 FA
[T+130589910us][CH2-Pc    ] 51 20 FA
[T+130594910us][CH1-Dispenser] 51 70 FA
[T+130730910us][CH2-Pc    ] 52 20 FA
[T+130735910us][CH1-Dispenser] 52 70 FA
[T+130871910us][CH2-Pc    ] 53 20 FA
[T+130877934us][CH1-Dispenser] 53 70 FA
[T+131011910us][CH2-Pc    ] 50 20 FA
[T+131017952us][CH1-Dispenser] 50 70 FA
[T+131151910us][CH2-Pc    ] 51 20 FA
[T+131157934us][CH1-Dispenser] 51 70 FA
[T+131292934us][CH2-Pc    ] 52 20 FA
[T+131297917us][CH1-Dispenser] 52 70 FA
[T+131433910us][CH2-Pc    ] 53 20 FA
[T+131439950us][CH1-Dispenser] 53 70 FA
[T+131573910us][CH2-Pc    ] 50 20 FA
[T+131578910us][CH1-Dispenser] 50 70 FA
[T+131714910us][CH2-Pc    ] 51 20 FA
[T+131719910us][CH1-Dispenser] 51 70 FA
[T+131855910us][CH2-Pc    ] 52 20 FA
[T+131861531us][CH1-Dispenser] 52 70 FA
[T+131996910us][CH2-Pc    ] 53 20 FA
[T+132001910us][CH1-Dispenser] 53 70 FA
[T+132136935us][CH2-Pc    ] 50 20 FA
[T+132143371us][CH1-Dispenser] 50 70 FA
[T+132276910us][CH2-Pc    ] 51 20 FA
[T+132283569us][CH1-Dispenser] 51 70 FA
[T+132417935us][CH2-Pc    ] 52 20 FA
[T+132422910us][CH1-Dispenser] 52 70 FA
[T+132559910us][CH2-Pc    ] 53 20 FA
[T+132564910us][CH1-Dispenser] 53 70 FA
[T+132698910us][CH2-Pc    ] 50 20 FA
[T+132704534us][CH1-Dispenser] 50 70 FA
[T+132839910us][CH2-Pc    ] 51 20 FA
[T+132846572us][CH1-Dispenser] 51 70 FA
[T+132979910us][CH2-Pc    ] 52 20 FA
[T+132985934us][CH1-Dispenser] 52 70 FA
[T+133125910us][CH1-Dispenser] 53 70 FA
[T+133121910us][CH2-Pc    ] 53 20 FA
[T+133261910us][CH2-Pc    ] 50 20 FA
[T+133267530us][CH1-Dispenser] 50 70 FA
[T+133401934us][CH2-Pc    ] 51 20 FA
[T+133406910us][CH1-Dispenser] 51 70 FA
[T+133542910us][CH2-Pc    ] 52 20 FA
[T+133562910us][CH1-Dispenser] 52 3D 03 04 01 10 00 12 19 E1 03 FA
[T+133632910us][CH2-Pc    ] 52 30 01 01 04 01 01 05 19 94 03 FA
[T+133638629us][CH1-Dispenser] 52 C0 FA
[T+133698910us][CH2-Pc    ] 52 C0 FA
[T+133840910us][CH2-Pc    ] 53 20 FA
[T+133846528us][CH1-Dispenser] 53 70 FA
[T+133979910us][CH2-Pc    ] 50 20 FA
[T+133985934us][CH1-Dispenser] 50 70 FA
[T+134120935us][CH2-Pc    ] 51 20 FA
[T+134125917us][CH1-Dispenser] 51 70 FA
[T+134261910us][CH2-Pc    ] 52 20 FA
[T+134301910us][CH1-Dispenser] 52 3E 02 08 00 00 10 00 00 11 00 00 03 04 01 10 00 12 01 01 01 17 3D 03 FA
[T+134341910us][CH2-Pc    ] 52 C0 FA
[T+134457934us][CH2-Pc    ] 52 30 01 01 05 02 04 01 02 03 04 05 0C 01 43 00 01 10 00 01 24 00 01 43 30 04 04 00 01 00 00 01 01 06 55 DE 03 FA
[T+134463935us][CH1-Dispenser] 52 C0 FA
[T+134590910us][CH2-Pc    ] 53 20 FA
[T+134594910us][CH1-Dispenser] 53 70 FA
[T+134729935us][CH2-Pc    ] 50 20 FA
[T+134735534us][CH1-Dispenser] 50 70 FA
[T+134870910us][CH2-Pc    ] 51 20 FA
[T+134877568us][CH1-Dispenser] 51 70 FA
[T+135011936us][CH2-Pc    ] 52 20 FA
[T+135015910us][CH1-Dispenser] 52 70 FA
[T+135129935us][CH2-Pc    ] 52 30 01 01 05 02 04 01 02 03 04 05 0C 01 43 00 01 10 00 01 24 00 01 43 30 04 04 00 01 00 00 01 01 06 55 DE 03 FA
[T+135136910us][CH1-Dispenser] 52 C0 FA
[T+135261910us][CH2-Pc    ] 53 20 FA
[T+135267934us][CH1-Dispenser] 53 70 FA
[T+135401910us][CH2-Pc    ] 50 20 FA
[T+135407950us][CH1-Dispenser] 50 70 FA
[T+135542938us][CH2-Pc    ] 51 20 FA
[T+135547910us][CH1-Dispenser] 51 70 FA
[T+135682934us][CH2-Pc    ] 52 20 FA
[T+135715935us][CH1-Dispenser] 52 3F 01 01 02 02 08 00 00 00 00 00 00 00 00 DF F2 03 FA
[T+135763935us][CH2-Pc    ] 52 C0 FA
[T+135902910us][CH2-Pc    ] 53 20 FA
[T+135909567us][CH1-Dispenser] 53 70 FA
[T+136042910us][CH2-Pc    ] 50 20 FA
[T+136047910us][CH1-Dispenser] 50 70 FA
[T+136182934us][CH2-Pc    ] 51 20 FA
[T+136188950us][CH1-Dispenser] 51 70 FA
[T+136324910us][CH2-Pc    ] 52 20 FA
[T+136331910us][CH1-Dispenser] 52 70 FA
[T+136408910us][CH2-Pc    ] 52 30 01 01 04 E7 5F 03 FA
[T+136415910us][CH1-Dispenser] 52 C0 FA
[T+136621910us][CH2-Pc    ] 53 20 FA
[T+136625910us][CH1-Dispenser] 53 70 FA
[T+136761910us][CH2-Pc    ] 50 20 FA
[T+136767724us][CH1-Dispenser] 50 70 FA
[T+136901934us][CH2-Pc    ] 51 20 FA
[T+136906910us][CH1-Dispenser] 51 70 FA
[T+137043910us][CH2-Pc    ] 52 20 FA
[T+137079934us][CH1-Dispenser] 52 31 02 08 00 00 00 00 00 00 00 00 03 04 01 10 00 12 0D 96 03 FA
[T+137123910us][CH2-Pc    ] 52 C0 FA
[T+137261910us][CH2-Pc    ] 53 20 FA
[T+137266910us][CH1-Dispenser] 53 70 FA
[T+137401934us][CH2-Pc    ] 50 20 FA
[T+137406917us][CH1-Dispenser] 50 70 FA
[T+137542910us][CH2-Pc    ] 51 20 FA
[T+137548562us][CH1-Dispenser] 51 70 FA
[T+137682934us][CH2-Pc    ] 52 20 FA
[T+137690559us][CH1-Dispenser] 52 70 FA
[T+137768910us][CH2-Pc    ] 52 30 01 01 04 E7 5F 03 FA
[T+137773910us][CH1-Dispenser] 52 C0 FA
[T+137980934us][CH2-Pc    ] 53 20 FA
[T+137985910us][CH1-Dispenser] 53 70 FA
[T+138120934us][CH2-Pc    ] 50 20 FA
[T+138126559us][CH1-Dispenser] 50 70 FA
[T+138260935us][CH2-Pc    ] 51 20 FA
[T+138268557us][CH1-Dispenser] 51 70 FA
[T+138401910us][CH2-Pc    ] 52 20 FA
[T+138438910us][CH1-Dispenser] 52 32 02 08 00 00 00 00 00 00 00 00 03 04 01 10 00 12 FD 66 03 FA
[T+138482910us][CH2-Pc    ] 52 C0 FA
[T+138621911us][CH2-Pc    ] 53 20 FA
[T+138626910us][CH1-Dispenser] 53 70 FA
[T+138760910us][CH2-Pc    ] 50 20 FA
[T+138767910us][CH1-Dispenser] 50 70 FA
[T+138901910us][CH2-Pc    ] 51 20 FA
[T+138907950us][CH1-Dispenser] 51 70 FA
[T+139042936us][CH2-Pc    ] 52 20 FA
[T+139049609us][CH1-Dispenser] 52 70 FA
[T+139127910us][CH2-Pc    ] 52 30 01 01 04 E7 5F 03 FA
[T+139133934us][CH1-Dispenser] 52 C0 FA
[T+139339910us][CH2-Pc    ] 53 20 FA
[T+139346910us][CH1-Dispenser] 53 70 FA
[T+139479910us][CH2-Pc    ] 50 20 FA
[T+139485563us][CH1-Dispenser] 50 70 FA
[T+139620910us][CH2-Pc    ] 51 20 FA
[T+139625910us][CH1-Dispenser] 51 70 FA
[T+139760935us][CH2-Pc    ] 52 20 FA
[T+139799934us][CH1-Dispenser] 52 33 02 08 00 00 00 00 00 00 00 00 03 04 01 10 00 12 AC F6 03 FA
[T+139842910us][CH2-Pc    ] 52 C0 FA
[T+139980910us][CH2-Pc    ] 53 20 FA
[T+139985910us][CH1-Dispenser] 53 70 FA
[T+140120934us][CH2-Pc    ] 50 20 FA
[T+140125910us][CH1-Dispenser] 50 70 FA
[T+140260934us][CH2-Pc    ] 51 20 FA
[T+140266574us][CH1-Dispenser] 51 70 FA
[T+140401910us][CH2-Pc    ] 52 20 FA
[T+140408606us][CH1-Dispenser] 52 70 FA
[T+140486910us][CH2-Pc    ] 52 30 01 01 04 E7 5F 03 FA
[T+140491910us][CH1-Dispenser] 52 C0 FA
[T+140699910us][CH2-Pc    ] 53 20 FA
[T+140704910us][CH1-Dispenser] 53 70 FA
[T+140839934us][CH2-Pc    ] 50 20 FA
[T+140845582us][CH1-Dispenser] 50 70 FA
[T+140979935us][CH2-Pc    ] 51 20 FA
[T+140984910us][CH1-Dispenser] 51 70 FA
[T+141120910us][CH2-Pc    ] 52 20 FA
[T+141156935us][CH1-Dispenser] 52 34 02 08 00 00 00 00 00 00 00 00 03 04 01 10 00 12 1E C7 03 FA
[T+141200910us][CH2-Pc    ] 52 C0 FA
[T+141339934us][CH2-Pc    ] 53 20 FA
[T+141347526us][CH1-Dispenser] 53 70 FA
[T+141479910us][CH2-Pc    ] 50 20 FA
[T+141484919us][CH1-Dispenser] 50 70 FA
[T+141620910us][CH2-Pc    ] 51 20 FA
[T+141624910us][CH1-Dispenser] 51 70 FA
[T+141760910us][CH2-Pc    ] 52 20 FA
[T+141788910us][CH1-Dispenser] 52 35 02 08 00 00 00 05 00 00 05 50 DE AD 03 FA
[T+141841910us][CH2-Pc    ] 52 C0 FA
[T+141981934us][CH2-Pc    ] 53 20 FA
[T+141986601us][CH1-Dispenser] 53 70 FA
[T+142120930us][CH2-Pc    ] 50 20 FA
[T+142125910us][CH1-Dispenser] 50 70 FA
[T+142260934us][CH2-Pc    ] 51 20 FA
[T+142266959us][CH1-Dispenser] 51 70 FA
[T+142402910us][CH2-Pc    ] 52 20 FA
[T+142428910us][CH1-Dispenser] 52 36 02 08 00 00 00 06 00 00 06 60 95 0D 03 FA
[T+142481910us][CH2-Pc    ] 52 C0 FA
[T+142620934us][CH2-Pc    ] 53 20 FA
[T+142627910us][CH1-Dispenser] 53 70 FA
[T+142760910us][CH2-Pc    ] 50 20 FA
[T+142766935us][CH1-Dispenser] 50 70 FA
[T+142901935us][CH2-Pc    ] 51 20 FA
[T+142906910us][CH1-Dispenser] 51 70 FA
[T+143043910us][CH2-Pc    ] 52 20 FA
[T+143068910us][CH1-Dispenser] 52 37 02 08 00 00 00 07 00 00 07 70 AC 6D 03 FA
[T+143122934us][CH2-Pc    ] 52 C0 FA
[T+143261910us][CH2-Pc    ] 53 20 FA
[T+143266918us][CH1-Dispenser] 53 70 FA
[T+143401935us][CH2-Pc    ] 50 20 FA
[T+143406910us][CH1-Dispenser] 50 70 FA
[T+143542910us][CH2-Pc    ] 51 20 FA
[T+143546910us][CH1-Dispenser] 51 70 FA
[T+143683910us][CH2-Pc    ] 52 20 FA
[T+143710935us][CH1-Dispenser] 52 38 02 08 00 00 00 08 00 00 08 80 CD CC 03 FA
[T+143762910us][CH2-Pc    ] 52 C0 FA
[T+143902934us][CH2-Pc    ] 53 20 FA
[T+143907910us][CH1-Dispenser] 53 70 FA
[T+144042911us][CH2-Pc    ] 50 20 FA
[T+144047910us][CH1-Dispenser] 50 70 FA
[T+144183429us][CH2-Pc    ] 51 20 FA
[T+144189488us][CH1-Dispenser] 51 70 FA
[T+144323910us][CH2-Pc    ] 52 20 FA
[T+144328917us][CH1-Dispenser] 52 70 FA
[T+144408910us][CH2-Pc    ] 52 30 01 01 04 E7 5F 03 FA
[T+144413913us][CH1-Dispenser] 52 C0 FA
[T+144620937us][CH2-Pc    ] 53 20 FA
[T+144627568us][CH1-Dispenser] 53 70 FA
[T+144760910us][CH2-Pc    ] 50 20 FA
[T+144765910us][CH1-Dispenser] 50 70 FA
[T+144901910us][CH2-Pc    ] 51 20 FA
[T+144907532us][CH1-Dispenser] 51 70 FA
[T+145043910us][CH2-Pc    ] 52 20 FA
[T+145087910us][CH1-Dispenser] 52 39 02 08 00 00 00 11 00 00 12 10 03 04 01 10 00 12 01 01 04 01 45 03 FA
[T+145122910us][CH2-Pc    ] 52 C0 FA
[T+145261935us][CH2-Pc    ] 53 20 FA
[T+145267950us][CH1-Dispenser] 53 70 FA
[T+145401910us][CH2-Pc    ] 50 20 FA
[T+145406910us][CH1-Dispenser] 50 70 FA
[T+145541935us][CH2-Pc    ] 51 20 FA
[T+145547950us][CH1-Dispenser] 51 70 FA
[T+145683910us][CH2-Pc    ] 52 20 FA
[T+145710934us][CH1-Dispenser] 52 3A 02 08 00 00 00 31 00 00 34 10 4B 1D 03 FA
[T+145762910us][CH2-Pc    ] 52 C0 FA
[T+145901910us][CH2-Pc    ] 53 20 FA
[T+145908910us][CH1-Dispenser] 53 70 FA
[T+146042910us][CH2-Pc    ] 50 20 FA
[T+146048950us][CH1-Dispenser] 50 70 FA
[T+146182910us][CH2-Pc    ] 51 20 FA
[T+146187910us][CH1-Dispenser] 51 70 FA
[T+146323910us][CH2-Pc    ] 52 20 FA
[T+146352910us][CH1-Dispenser] 52 3B 02 08 00 00 00 65 00 00 71 50 4D 4D 03 FA
[T+146404282us][CH2-Pc    ] 52 C0 FA
[T+146542910us][CH2-Pc    ] 53 20 FA
[T+146548935us][CH1-Dispenser] 53 70 FA
[T+146682910us][CH2-Pc    ] 50 20 FA
[T+146688950us][CH1-Dispenser] 50 70 FA
[T+146823935us][CH2-Pc    ] 51 20 FA
[T+146828910us][CH1-Dispenser] 51 70 FA
[T+146964910us][CH2-Pc    ] 52 20 FA
[T+146990910us][CH1-Dispenser] 52 3C 02 08 00 00 00 69 00 00 75 90 45 A8 03 FA
[T+147044935us][CH2-Pc    ] 52 C0 FA
[T+147183910us][CH2-Pc    ] 53 20 FA
[T+147188910us][CH1-Dispenser] 53 70 FA
[T+147328132us][CH1-Dispenser] 50 70 FA
[T+147323950us][CH2-Pc    ] 50 20 FA
[T+147463910us][CH2-Pc    ] 51 20 FA
[T+147470572us][CH1-Dispenser] 51 70 FA
[T+147605910us][CH2-Pc    ] 52 20 FA
[T+147609910us][CH1-Dispenser] 52 70 FA
[T+147689910us][CH2-Pc    ] 52 30 01 01 04 E7 5F 03 FA
[T+147694917us][CH1-Dispenser] 52 C0 FA
[T+147901934us][CH2-Pc    ] 53 20 FA
[T+147906919us][CH1-Dispenser] 53 70 FA
[T+148041936us][CH2-Pc    ] 50 20 FA
[T+148048571us][CH1-Dispenser] 50 70 FA
[T+148182910us][CH2-Pc    ] 51 20 FA
[T+148187910us][CH1-Dispenser] 51 70 FA
[T+148323910us][CH2-Pc    ] 52 20 FA
[T+148360910us][CH1-Dispenser] 52 3D 02 08 00 00 00 71 00 00 78 10 03 04 01 10 00 12 71 EB 03 FA
[T+148404910us][CH2-Pc    ] 52 C0 FA
[T+148542910us][CH2-Pc    ] 53 20 FA
[T+148547910us][CH1-Dispenser] 53 70 FA
[T+148682936us][CH2-Pc    ] 50 20 FA
[T+148688519us][CH1-Dispenser] 50 70 FA
[T+148823910us][CH2-Pc    ] 51 20 FA
[T+148828910us][CH1-Dispenser] 51 70 FA
[T+148964910us][CH2-Pc    ] 52 20 FA
[T+148989910us][CH1-Dispenser] 52 3E 02 08 00 00 00 72 00 00 79 20 2E A6 03 FA
[T+149044910us][CH2-Pc    ] 52 C0 FA
[T+149183910us][CH2-Pc    ] 53 20 FA
[T+149190565us][CH1-Dispenser] 53 70 FA
[T+149322910us][CH2-Pc    ] 50 20 FA
[T+149328998us][CH1-Dispenser] 50 70 FA
[T+149463934us][CH2-Pc    ] 51 20 FA
[T+149469949us][CH1-Dispenser] 51 70 FA
[T+149604935us][CH2-Pc    ] 52 20 FA
[T+149631935us][CH1-Dispenser] 52 3F 02 08 00 00 00 73 00 00 80 30 54 06 03 FA
[T+149684910us][CH2-Pc    ] 52 C0 FA
[T+149823935us][CH2-Pc    ] 53 20 FA
[T+149830910us][CH1-Dispenser] 53 70 FA
[T+149963910us][CH2-Pc    ] 50 20 FA
[T+149968910us][CH1-Dispenser] 50 70 FA
[T+150108910us][CH1-Dispenser] 51 70 FA
[T+150104910us][CH2-Pc    ] 51 20 FA
[T+150245910us][CH2-Pc    ] 52 20 FA
[T+150252012us][CH1-Dispenser] 52 70 FA
[T+150330910us][CH2-Pc    ] 52 30 01 01 04 E7 5F 03 FA
[T+150335910us][CH1-Dispenser] 52 C0 FA
[T+150542935us][CH2-Pc    ] 53 20 FA
[T+150547910us][CH1-Dispenser] 53 70 FA
[T+150682935us][CH2-Pc    ] 50 20 FA
[T+150689295us][CH1-Dispenser] 50 70 FA
[T+150822918us][CH2-Pc    ] 51 20 FA
[T+150829685us][CH1-Dispenser] 51 70 FA
[T+150964910us][CH2-Pc    ] 52 20 FA
[T+151002910us][CH1-Dispenser] 52 31 02 08 00 00 00 74 00 00 81 40 03 04 01 10 00 12 3A 0F 03 FA
[T+151044934us][CH2-Pc    ] 52 C0 FA
[T+151182935us][CH2-Pc    ] 53 20 FA
[T+151189586us][CH1-Dispenser] 53 70 FA
[T+151322910us][CH2-Pc    ] 50 20 FA
[T+151327910us][CH1-Dispenser] 50 70 FA
[T+151463910us][CH2-Pc    ] 51 20 FA
[T+151469978us][CH1-Dispenser] 51 70 FA
[T+151604910us][CH2-Pc    ] 52 20 FA
[T+151633910us][CH1-Dispenser] 52 32 02 08 00 00 00 75 00 00 82 50 E6 E2 03 FA
[T+151684934us][CH2-Pc    ] 52 C0 FA
[T+151823910us][CH2-Pc    ] 53 20 FA
[T+151828917us][CH1-Dispenser] 53 70 FA
[T+151963936us][CH2-Pc    ] 50 20 FA
[T+151968910us][CH1-Dispenser] 50 70 FA
[T+152104910us][CH2-Pc    ] 51 20 FA
[T+152109910us][CH1-Dispenser] 51 70 FA
[T+152245910us][CH2-Pc    ] 52 20 FA
[T+152272934us][CH1-Dispenser] 52 33 02 08 00 00 00 76 00 00 83 60 A7 9A 03 FA
[T+152325910us][CH2-Pc    ] 52 C0 FA
[T+152464934us][CH2-Pc    ] 53 20 FA
[T+152470911us][CH1-Dispenser] 53 70 FA
[T+152604910us][CH2-Pc    ] 50 20 FA
[T+152609529us][CH1-Dispenser] 50 70 FA
[T+152744935us][CH2-Pc    ] 51 20 FA
[T+152749910us][CH1-Dispenser] 51 70 FA
[T+152886910us][CH2-Pc    ] 52 20 FA
[T+152890910us][CH1-Dispenser] 52 70 FA
[T+152970910us][CH2-Pc    ] 52 30 01 01 04 E7 5F 03 FA
[T+152976950us][CH1-Dispenser] 52 C0 FA
[T+153183934us][CH2-Pc    ] 53 20 FA
[T+153188910us][CH1-Dispenser] 53 70 FA
[T+153322910us][CH2-Pc    ] 50 20 FA
[T+153329566us][CH1-Dispenser] 50 70 FA
[T+153463910us][CH2-Pc    ] 51 20 FA
[T+153469934us][CH1-Dispenser] 51 70 FA
[T+153604934us][CH2-Pc    ] 52 20 FA
[T+153641910us][CH1-Dispenser] 52 34 02 08 00 00 00 77 00 00 84 70 03 04 01 10 00 12 D6 26 03 FA
[T+153684910us][CH2-Pc    ] 52 C0 FA
[T+153823910us][CH2-Pc    ] 53 20 FA
[T+153829934us][CH1-Dispenser] 53 70 FA
[T+153963910us][CH2-Pc    ] 50 20 FA
[T+153969537us][CH1-Dispenser] 50 70 FA
[T+154104935us][CH2-Pc    ] 51 20 FA
[T+154109910us][CH1-Dispenser] 51 70 FA
[T+154245910us][CH2-Pc    ] 52 20 FA
[T+154251935us][CH1-Dispenser] 52 70 FA
[T+154329934us][CH2-Pc    ] 52 30 01 01 04 E7 5F 03 FA
[T+154337482us][CH1-Dispenser] 52 C0 FA
[T+154542910us][CH2-Pc    ] 53 20 FA
[T+154547917us][CH1-Dispenser] 53 70 FA
[T+154682936us][CH2-Pc    ] 50 20 FA
[T+154687911us][CH1-Dispenser] 50 70 FA
[T+154822935us][CH2-Pc    ] 51 20 FA
[T+154827917us][CH1-Dispenser] 51 70 FA
[T+154965053us][CH2-Pc    ] 52 20 FA
[T+155004753us][CH1-Dispenser] 52 35 02 08 00 00 00 78 00 00 85 80 03 04 01 10 00 12 86 61 03 FA
[T+155044910us][CH2-Pc    ] 52 C0 FA
[T+155182910us][CH2-Pc    ] 53 20 FA
[T+155189565us][CH1-Dispenser] 53 70 FA
[T+155322910us][CH2-Pc    ] 50 20 FA
[T+155328950us][CH1-Dispenser] 50 70 FA
[T+155463934us][CH2-Pc    ] 51 20 FA
[T+155469521us][CH1-Dispenser] 51 70 FA
[T+155604935us][CH2-Pc    ] 52 20 FA
[T+155610911us][CH1-Dispenser] 52 70 FA
[T+155689910us][CH2-Pc    ] 52 30 01 01 04 E7 5F 03 FA
[T+155695950us][CH1-Dispenser] 52 C0 FA
[T+155901910us][CH2-Pc    ] 53 20 FA
[T+155906917us][CH1-Dispenser] 53 70 FA
[T+156041936us][CH2-Pc    ] 50 20 FA
[T+156046910us][CH1-Dispenser] 50 70 FA
[T+156182910us][CH2-Pc    ] 51 20 FA
[T+156187910us][CH1-Dispenser] 51 70 FA
[T+156323910us][CH2-Pc    ] 52 20 FA
[T+156360910us][CH1-Dispenser] 52 36 02 08 00 00 00 79 00 00 86 90 03 04 01 10 00 12 23 B9 03 FA
[T+156403910us][CH2-Pc    ] 52 C0 FA
[T+156542910us][CH2-Pc    ] 53 20 FA
[T+156548935us][CH1-Dispenser] 53 70 FA
[T+156681910us][CH2-Pc    ] 50 20 FA
[T+156687520us][CH1-Dispenser] 50 70 FA
[T+156822910us][CH2-Pc    ] 51 20 FA
[T+156829572us][CH1-Dispenser] 51 70 FA
[T+156964910us][CH2-Pc    ] 52 20 FA
[T+156968910us][CH1-Dispenser] 52 70 FA
[T+157048910us][CH2-Pc    ] 52 30 01 01 04 E7 5F 03 FA
[T+157055263us][CH1-Dispenser] 52 C0 FA
[T+157260910us][CH2-Pc    ] 53 20 FA
[T+157266950us][CH1-Dispenser] 53 70 FA
[T+157400910us][CH2-Pc    ] 50 20 FA
[T+157405910us][CH1-Dispenser] 50 70 FA
[T+157541910us][CH2-Pc    ] 51 20 FA
[T+157546910us][CH1-Dispenser] 51 70 FA
[T+157682910us][CH2-Pc    ] 52 20 FA
[T+157719910us][CH1-Dispenser] 52 37 02 08 00 00 00 80 00 00 88 00 03 04 01 10 00 12 4E 33 03 FA
[T+157762910us][CH2-Pc    ] 52 C0 FA
[T+157901910us][CH2-Pc    ] 53 20 FA
[T+157906910us][CH1-Dispenser] 53 70 FA
[T+158041935us][CH2-Pc    ] 50 20 FA
[T+158046917us][CH1-Dispenser] 50 70 FA
[T+158181935us][CH2-Pc    ] 51 20 FA
[T+158186910us][CH1-Dispenser] 51 70 FA
[T+158323910us][CH2-Pc    ] 52 20 FA
[T+158328910us][CH1-Dispenser] 52 70 FA
[T+158407910us][CH2-Pc    ] 52 30 01 01 04 E7 5F 03 FA
[T+158413950us][CH1-Dispenser] 52 C0 FA
[T+158620935us][CH2-Pc    ] 53 20 FA
[T+158625910us][CH1-Dispenser] 53 70 FA
[T+158760935us][CH2-Pc    ] 50 20 FA
[T+158764910us][CH1-Dispenser] 50 70 FA
[T+158900910us][CH2-Pc    ] 51 20 FA
[T+158906934us][CH1-Dispenser] 51 70 FA
[T+159042910us][CH2-Pc    ] 52 20 FA
[T+159079910us][CH1-Dispenser] 52 38 02 08 00 00 00 81 00 00 89 10 03 04 01 10 00 12 AF 31 03 FA
[T+159121935us][CH2-Pc    ] 52 C0 FA
[T+159260910us][CH2-Pc    ] 53 20 FA
[T+159265910us][CH1-Dispenser] 53 70 FA
[T+159400938us][CH2-Pc    ] 50 20 FA
[T+159405910us][CH1-Dispenser] 50 70 FA
[T+159541910us][CH2-Pc    ] 51 20 FA
[T+159545910us][CH1-Dispenser] 51 70 FA
[T+159682910us][CH2-Pc    ] 52 20 FA
[T+159687919us][CH1-Dispenser] 52 70 FA
[T+159767910us][CH2-Pc    ] 52 30 01 01 04 E7 5F 03 FA
[T+159772910us][CH1-Dispenser] 52 C0 FA
[T+159979937us][CH2-Pc    ] 53 20 FA
[T+159984910us][CH1-Dispenser] 53 70 FA
[T+160119935us][CH2-Pc    ] 50 20 FA
[T+160124910us][CH1-Dispenser] 50 70 FA
[T+160259936us][CH2-Pc    ] 51 20 FA
[T+160265531us][CH1-Dispenser] 51 70 FA
[T+160401910us][CH2-Pc    ] 52 20 FA
[T+160437934us][CH1-Dispenser] 52 39 02 08 00 00 00 82 00 00 90 20 03 04 01 10 00 12 00 80 03 FA
[T+160481910us][CH2-Pc    ] 52 C0 FA
[T+160619910us][CH2-Pc    ] 53 20 FA
[T+160625527us][CH1-Dispenser] 53 70 FA
[T+160759935us][CH2-Pc    ] 50 20 FA
[T+160764910us][CH1-Dispenser] 50 70 FA
[T+160900910us][CH2-Pc    ] 51 20 FA
[T+160905910us][CH1-Dispenser] 51 70 FA
[T+161042910us][CH2-Pc    ] 52 20 FA
[T+161048950us][CH1-Dispenser] 52 70 FA
[T+161126934us][CH2-Pc    ] 52 30 01 01 04 E7 5F 03 FA
[T+161132935us][CH1-Dispenser] 52 C0 FA
[T+161339911us][CH2-Pc    ] 53 20 FA
[T+161346570us][CH1-Dispenser] 53 70 FA
[T+161478910us][CH2-Pc    ] 50 20 FA
[T+161484950us][CH1-Dispenser] 50 70 FA
[T+161619935us][CH2-Pc    ] 51 20 FA
[T+161625530us][CH1-Dispenser] 51 70 FA
[T+161760910us][CH2-Pc    ] 52 20 FA
[T+161798910us][CH1-Dispenser] 52 3A 02 08 00 00 00 83 00 00 91 30 03 04 01 10 00 12 24 81 03 FA
[T+161840934us][CH2-Pc    ] 52 C0 FA
[T+161979910us][CH2-Pc    ] 53 20 FA
[T+161985529us][CH1-Dispenser] 53 70 FA
[T+162119936us][CH2-Pc    ] 50 20 FA
[T+162124910us][CH1-Dispenser] 50 70 FA
[T+162259934us][CH2-Pc    ] 51 20 FA
[T+162264917us][CH1-Dispenser] 51 70 FA
[T+162401910us][CH2-Pc    ] 52 20 FA
[T+162407950us][CH1-Dispenser] 52 70 FA
[T+162485934us][CH2-Pc    ] 52 30 01 01 04 E7 5F 03 FA
[T+162493599us][CH1-Dispenser] 52 C0 FA
[T+162698910us][CH2-Pc    ] 53 20 FA
[T+162703910us][CH1-Dispenser] 53 70 FA
[T+162842910us][CH1-Dispenser] 50 70 FA
[T+162838934us][CH2-Pc    ] 50 20 FA
[T+162978910us][CH2-Pc    ] 51 20 FA
[T+162983911us][CH1-Dispenser] 51 70 FA
[T+163119910us][CH2-Pc    ] 52 20 FA
[T+163155943us][CH1-Dispenser] 52 3B 02 08 00 00 00 84 00 00 92 40 03 04 01 10 00 12 5E B7 03 FA
[T+163199910us][CH2-Pc    ] 52 C0 FA
[T+163338935us][CH2-Pc    ] 53 20 FA
[T+163345572us][CH1-Dispenser] 53 70 FA
[T+163478910us][CH2-Pc    ] 50 20 FA
[T+163483917us][CH1-Dispenser] 50 70 FA
[T+163619910us][CH2-Pc    ] 51 20 FA
[T+163623910us][CH1-Dispenser] 51 70 FA
[T+163760910us][CH2-Pc    ] 52 20 FA
[T+163765910us][CH1-Dispenser] 52 70 FA
[T+163845910us][CH2-Pc    ] 52 30 01 01 04 E7 5F 03 FA
[T+163850910us][CH1-Dispenser] 52 C0 FA
[T+164057934us][CH2-Pc    ] 53 20 FA
[T+164062910us][CH1-Dispenser] 53 70 FA
[T+164197934us][CH2-Pc    ] 50 20 FA
[T+164203527us][CH1-Dispenser] 50 70 FA
[T+164338910us][CH2-Pc    ] 51 20 FA
[T+164342910us][CH1-Dispenser] 51 70 FA
[T+164479910us][CH2-Pc    ] 52 20 FA
[T+164516910us][CH1-Dispenser] 52 3C 02 08 00 00 00 84 00 00 92 40 03 04 01 10 00 12 EC 86 03 FA
[T+164559910us][CH2-Pc    ] 52 C0 FA
[T+164697910us][CH2-Pc    ] 53 20 FA
[T+164702910us][CH1-Dispenser] 53 70 FA
[T+164838910us][CH2-Pc    ] 50 20 FA
[T+164843910us][CH1-Dispenser] 50 70 FA
[T+164978935us][CH2-Pc    ] 51 20 FA
[T+164984531us][CH1-Dispenser] 51 70 FA
[T+165119910us][CH2-Pc    ] 52 20 FA
[T+165146935us][CH1-Dispenser] 52 3D 02 08 00 00 00 85 00 00 93 50 9A B3 03 FA
[T+165199910us][CH2-Pc    ] 52 C0 FA
[T+165339039us][CH2-Pc    ] 53 20 FA
[T+165344516us][CH1-Dispenser] 53 70 FA
[T+165478935us][CH2-Pc    ] 50 20 FA
[T+165483910us][CH1-Dispenser] 50 70 FA
[T+165619910us][CH2-Pc    ] 51 20 FA
[T+165624910us][CH1-Dispenser] 51 70 FA
[T+165760910us][CH2-Pc    ] 52 20 FA
[T+165766516us][CH1-Dispenser] 52 70 FA
[T+165845910us][CH2-Pc    ] 52 30 01 01 04 E7 5F 03 FA
[T+165851940us][CH1-Dispenser] 52 C0 FA
[T+166057910us][CH2-Pc    ] 53 20 FA
[T+166062910us][CH1-Dispenser] 53 70 FA
[T+166197934us][CH2-Pc    ] 50 20 FA
[T+166202917us][CH1-Dispenser] 50 70 FA
[T+166337935us][CH2-Pc    ] 51 20 FA
[T+166344567us][CH1-Dispenser] 51 70 FA
[T+166479910us][CH2-Pc    ] 52 20 FA
[T+166517910us][CH1-Dispenser] 52 3E 02 08 00 00 00 86 00 00 94 60 03 04 01 10 00 12 E7 B6 03 FA
[T+166559934us][CH2-Pc    ] 52 C0 FA
[T+166697935us][CH2-Pc    ] 53 20 FA
[T+166702910us][CH1-Dispenser] 53 70 FA
[T+166837934us][CH2-Pc    ] 50 20 FA
[T+166843934us][CH1-Dispenser] 50 70 FA
[T+166978939us][CH2-Pc    ] 51 20 FA
[T+166984950us][CH1-Dispenser] 51 70 FA
[T+167119934us][CH2-Pc    ] 52 20 FA
[T+167125959us][CH1-Dispenser] 52 70 FA
[T+167204910us][CH2-Pc    ] 52 30 01 01 04 E7 5F 03 FA
[T+167210935us][CH1-Dispenser] 52 C0 FA
[T+167416910us][CH2-Pc    ] 53 20 FA
[T+167421910us][CH1-Dispenser] 53 70 FA
[T+167556934us][CH2-Pc    ] 50 20 FA
[T+167561917us][CH1-Dispenser] 50 70 FA
[T+167697910us][CH2-Pc    ] 51 20 FA
[T+167703531us][CH1-Dispenser] 51 70 FA
[T+167838910us][CH2-Pc    ] 52 20 FA
[T+167876910us][CH1-Dispenser] 52 3F 02 08 00 00 00 87 00 00 95 70 03 04 01 10 00 12 62 D7 03 FA
[T+167918935us][CH2-Pc    ] 52 C0 FA
[T+168057910us][CH2-Pc    ] 53 20 FA
[T+168061910us][CH1-Dispenser] 53 70 FA
[T+168197910us][CH2-Pc    ] 50 20 FA
[T+168202910us][CH1-Dispenser] 50 70 FA
[T+168337935us][CH2-Pc    ] 51 20 FA
[T+168342917us][CH1-Dispenser] 51 70 FA
[T+168479910us][CH2-Pc    ] 52 20 FA
[T+168484917us][CH1-Dispenser] 52 70 FA
[T+168563910us][CH2-Pc    ] 52 30 01 01 04 E7 5F 03 FA
[T+168569935us][CH1-Dispenser] 52 C0 FA
[T+168775910us][CH2-Pc    ] 53 20 FA
[T+168783525us][CH1-Dispenser] 53 70 FA
[T+168915910us][CH2-Pc    ] 50 20 FA
[T+168921952us][CH1-Dispenser] 50 70 FA
[T+169056935us][CH2-Pc    ] 51 20 FA
[T+169062522us][CH1-Dispenser] 51 70 FA
[T+169197910us][CH2-Pc    ] 52 20 FA
[T+169235910us][CH1-Dispenser] 52 31 02 08 00 00 00 88 00 00 96 80 03 04 01 10 00 12 86 BA 03 FA
[T+169278910us][CH2-Pc    ] 52 C0 FA
[T+169416910us][CH2-Pc    ] 53 20 FA
[T+169422524us][CH1-Dispenser] 53 70 FA
[T+169556934us][CH2-Pc    ] 50 20 FA
[T+169561910us][CH1-Dispenser] 50 70 FA
[T+169697910us][CH2-Pc    ] 51 20 FA
[T+169702910us][CH1-Dispenser] 51 70 FA
[T+169838910us][CH2-Pc    ] 52 20 FA
[T+169845910us][CH1-Dispenser] 52 70 FA
[T+169923910us][CH2-Pc    ] 52 30 01 01 04 E7 5F 03 FA
[T+169928910us][CH1-Dispenser] 52 C0 FA
[T+170135934us][CH2-Pc    ] 53 20 FA
[T+170139910us][CH1-Dispenser] 53 70 FA
[T+170275910us][CH2-Pc    ] 50 20 FA
[T+170281950us][CH1-Dispenser] 50 70 FA
[T+170415910us][CH2-Pc    ] 51 20 FA
[T+170422564us][CH1-Dispenser] 51 70 FA
[T+170557910us][CH2-Pc    ] 52 20 FA
[T+170595916us][CH1-Dispenser] 52 32 02 08 00 00 00 89 00 00 97 90 03 04 01 10 00 12 A2 BB 03 FA
[T+170637934us][CH2-Pc    ] 52 C0 FA
[T+170775936us][CH2-Pc    ] 53 20 FA
[T+170780910us][CH1-Dispenser] 53 70 FA
[T+170915936us][CH2-Pc    ] 50 20 FA
[T+170920910us][CH1-Dispenser] 50 70 FA
[T+171056910us][CH2-Pc    ] 51 20 FA
[T+171062951us][CH1-Dispenser] 51 70 FA
[T+171197936us][CH2-Pc    ] 52 20 FA
[T+171205229us][CH1-Dispenser] 52 70 FA
[T+171282934us][CH2-Pc    ] 52 30 01 01 04 E7 5F 03 FA
[T+171287910us][CH1-Dispenser] 52 C0 FA
[T+171494934us][CH2-Pc    ] 53 20 FA
[T+171500935us][CH1-Dispenser] 53 70 FA
[T+171634910us][CH2-Pc    ] 50 20 FA
[T+171639917us][CH1-Dispenser] 50 70 FA
[T+171775910us][CH2-Pc    ] 51 20 FA
[T+171779910us][CH1-Dispenser] 51 70 FA
[T+171916910us][CH2-Pc    ] 52 20 FA
[T+171952935us][CH1-Dispenser] 52 33 02 08 00 00 00 90 00 00 99 00 03 04 01 10 00 12 98 F2 03 FA
[T+171996910us][CH2-Pc    ] 52 C0 FA
[T+172135934us][CH2-Pc    ] 53 20 FA
[T+172141520us][CH1-Dispenser] 53 70 FA
[T+172275934us][CH2-Pc    ] 50 20 FA
[T+172279910us][CH1-Dispenser] 50 70 FA
[T+172415910us][CH2-Pc    ] 51 20 FA
[T+172420917us][CH1-Dispenser] 51 70 FA
[T+172557910us][CH2-Pc    ] 52 20 FA
[T+172584934us][CH1-Dispenser] 52 34 02 08 00 00 00 90 00 01 00 00 84 E0 03 FA
[T+172636910us][CH2-Pc    ] 52 C0 FA
[T+172775910us][CH2-Pc    ] 53 20 FA
[T+172781951us][CH1-Dispenser] 53 70 FA
[T+172915911us][CH2-Pc    ] 50 20 FA
[T+172920910us][CH1-Dispenser] 50 70 FA
[T+173056910us][CH2-Pc    ] 51 20 FA
[T+173061910us][CH1-Dispenser] 51 70 FA
[T+173197910us][CH2-Pc    ] 52 20 FA
[T+173203934us][CH1-Dispenser] 52 70 FA
[T+173282910us][CH2-Pc    ] 52 30 01 01 04 E7 5F 03 FA
[T+173288952us][CH1-Dispenser] 52 C0 FA
[T+173494910us][CH2-Pc    ] 53 20 FA
[T+173500950us][CH1-Dispenser] 53 70 FA
[T+173634910us][CH2-Pc    ] 50 20 FA
[T+173639910us][CH1-Dispenser] 50 70 FA
[T+173779910us][CH1-Dispenser] 51 70 FA
[T+173775910us][CH2-Pc    ] 51 20 FA
[T+173916910us][CH2-Pc    ] 52 20 FA
[T+173954910us][CH1-Dispenser] 52 35 02 08 00 00 00 90 00 01 00 00 03 04 01 10 00 12 BF C5 03 FA
[T+173996935us][CH2-Pc    ] 52 C0 FA
[T+174134935us][CH2-Pc    ] 53 20 FA
[T+174140524us][CH1-Dispenser] 53 70 FA
[T+174274935us][CH2-Pc    ] 50 20 FA
[T+174280935us][CH1-Dispenser] 50 70 FA
[T+174415935us][CH2-Pc    ] 51 20 FA
[T+174420910us][CH1-Dispenser] 51 70 FA
[T+174557910us][CH2-Pc    ] 52 20 FA
[T+174562910us][CH1-Dispenser] 52 70 FA
[T+174641910us][CH2-Pc    ] 52 30 01 01 04 E7 5F 03 FA
[T+174648910us][CH1-Dispenser] 52 C0 FA
[T+174854910us][CH2-Pc    ] 53 20 FA
[T+174860950us][CH1-Dispenser] 53 70 FA
[T+174993910us][CH2-Pc    ] 50 20 FA
[T+174999934us][CH1-Dispenser] 50 70 FA
[T+175134934us][CH2-Pc    ] 51 20 FA
[T+175139917us][CH1-Dispenser] 51 70 FA
[T+175275910us][CH2-Pc    ] 52 20 FA
[T+175311934us][CH1-Dispenser] 52 36 02 08 00 00 00 90 00 01 00 00 03 04 01 10 00 12 4F 35 03 FA
[T+175355910us][CH2-Pc    ] 52 C0 FA
[T+175494934us][CH2-Pc    ] 53 20 FA
[T+175501910us][CH1-Dispenser] 53 70 FA
[T+175634910us][CH2-Pc    ] 50 20 FA
[T+175639910us][CH1-Dispenser] 50 70 FA
[T+175774935us][CH2-Pc    ] 51 20 FA
[T+175780910us][CH1-Dispenser] 51 70 FA
[T+175920910us][CH1-Dispenser] 52 70 FA
[T+175916910us][CH2-Pc    ] 52 20 FA
[T+176000910us][CH2-Pc    ] 52 30 01 01 04 E7 5F 03 FA
[T+176007636us][CH1-Dispenser] 52 C0 FA
[T+176213910us][CH2-Pc    ] 53 20 FA
[T+176219950us][CH1-Dispenser] 53 70 FA
[T+176353910us][CH2-Pc    ] 50 20 FA
[T+176358910us][CH1-Dispenser] 50 70 FA
[T+176493935us][CH2-Pc    ] 51 20 FA
[T+176499008us][CH1-Dispenser] 51 70 FA
[T+176634910us][CH2-Pc    ] 52 20 FA
[T+176672910us][CH1-Dispenser] 52 37 02 08 00 00 00 90 00 01 00 00 03 04 01 10 00 12 1E A5 03 FA
[T+176715074us][CH2-Pc    ] 52 C0 FA
[T+176853910us][CH2-Pc    ] 53 20 FA
[T+176858917us][CH1-Dispenser] 53 70 FA
[T+176993936us][CH2-Pc    ] 50 20 FA
[T+176998910us][CH1-Dispenser] 50 70 FA
[T+177134910us][CH2-Pc    ] 51 20 FA
[T+177139910us][CH1-Dispenser] 51 70 FA
[T+177275910us][CH2-Pc    ] 52 20 FA
[T+177280917us][CH1-Dispenser] 52 70 FA
[T+177360910us][CH2-Pc    ] 52 30 01 01 04 E7 5F 03 FA
[T+177365910us][CH1-Dispenser] 52 C0 FA
[T+177572935us][CH2-Pc    ] 53 20 FA
[T+177579910us][CH1-Dispenser] 53 70 FA
[T+177712910us][CH2-Pc    ] 50 20 FA
[T+177717910us][CH1-Dispenser] 50 70 FA
[T+177852935us][CH2-Pc    ] 51 20 FA
[T+177858950us][CH1-Dispenser] 51 70 FA
[T+177994910us][CH2-Pc    ] 52 20 FA
[T+178029910us][CH1-Dispenser] 52 38 02 08 00 00 00 90 00 01 00 00 03 04 01 10 00 12 2B 56 03 FA
[T+178074934us][CH2-Pc    ] 52 C0 FA
[T+178213910us][CH2-Pc    ] 53 20 FA
[T+178220011us][CH1-Dispenser] 53 70 FA
[T+178353910us][CH2-Pc    ] 50 20 FA
[T+178358910us][CH1-Dispenser] 50 70 FA
[T+178493935us][CH2-Pc    ] 51 20 FA
[T+178499083us][CH1-Dispenser] 51 70 FA
[T+178634910us][CH2-Pc    ] 52 20 FA
[T+178640950us][CH1-Dispenser] 52 70 FA
[T+178719910us][CH2-Pc    ] 52 30 01 01 04 E7 5F 03 FA
[T+178724910us][CH1-Dispenser] 52 C0 FA
[T+178931934us][CH2-Pc    ] 53 20 FA
[T+178937935us][CH1-Dispenser] 53 70 FA
[T+179071910us][CH2-Pc    ] 50 20 FA
[T+179076917us][CH1-Dispenser] 50 70 FA
[T+179212910us][CH2-Pc    ] 51 20 FA
[T+179218518us][CH1-Dispenser] 51 70 FA
[T+179353910us][CH2-Pc    ] 52 20 FA
[T+179390910us][CH1-Dispenser] 52 39 02 08 00 00 00 90 00 01 00 00 03 04 01 10 00 12 7A C6 03 FA
[T+179433910us][CH2-Pc    ] 52 C0 FA
[T+179572910us][CH2-Pc    ] 53 20 FA
[T+179578950us][CH1-Dispenser] 53 70 FA
[T+179712910us][CH2-Pc    ] 50 20 FA
[T+179717910us][CH1-Dispenser] 50 70 FA
[T+179852934us][CH2-Pc    ] 51 20 FA
[T+179858960us][CH1-Dispenser] 51 70 FA
[T+179994910us][CH2-Pc    ] 52 20 FA
[T+180035910us][CH1-Dispenser] 52 3A 03 04 01 10 00 02 02 08 00 00 00 90 00 01 00 00 01 01 06 C6 71 03 FA
[T+180073910us][CH2-Pc    ] 52 C0 FA
[T+180156910us][CH2-Pc    ] 52 30 01 01 04 E7 5F 03 FA
[T+180162551us][CH1-Dispenser] 52 C0 FA
[T+180305934us][CH2-Pc    ] 52 20 FA
[T+180320936us][CH1-Dispenser] 52 3B 01 01 05 24 BB 03 FA
[T+180473935us][CH2-Pc    ] 52 30 01 01 05 26 9F 03 FA
[T+180479935us][CH1-Dispenser] 52 C0 FA
[T+180540910us][CH2-Pc    ] 52 C0 FA
[T+180681910us][CH2-Pc    ] 53 20 FA
[T+180686910us][CH1-Dispenser] 53 70 FA
[T+180821934us][CH2-Pc    ] 50 20 FA
[T+180827952us][CH1-Dispenser] 50 70 FA
[T+180962935us][CH2-Pc    ] 51 20 FA
[T+180968517us][CH1-Dispenser] 51 70 FA
[T+181103934us][CH2-Pc    ] 52 20 FA
[T+181108910us][CH1-Dispenser] 52 70 FA
[T+181244910us][CH2-Pc    ] 53 20 FA
[T+181249917us][CH1-Dispenser] 53 70 FA
[T+181384935us][CH2-Pc    ] 50 20 FA
[T+181388910us][CH1-Dispenser] 50 70 FA
[T+181524910us][CH2-Pc    ] 51 20 FA
[T+181530960us][CH1-Dispenser] 51 70 FA
[T+181665935us][CH2-Pc    ] 52 20 FA
[T+181672558us][CH1-Dispenser] 52 70 FA
[T+181806935us][CH2-Pc    ] 53 20 FA
[T+181811910us][CH1-Dispenser] 53 70 FA
[T+181946934us][CH2-Pc    ] 50 20 FA
[T+181951917us][CH1-Dispenser] 50 70 FA
[T+182087910us][CH2-Pc    ] 51 20 FA
[T+182091910us][CH1-Dispenser] 51 70 FA
[T+182228910us][CH2-Pc    ] 52 20 FA
[T+182232910us][CH1-Dispenser] 52 70 FA
[T+182369910us][CH2-Pc    ] 53 20 FA
[T+182374910us][CH1-Dispenser] 53 70 FA
[T+182508910us][CH2-Pc    ] 50 20 FA
[T+182514952us][CH1-Dispenser] 50 70 FA
[T+182649935us][CH2-Pc    ] 51 20 FA
[T+182654910us][CH1-Dispenser] 51 70 FA
[T+182790910us][CH2-Pc    ] 52 20 FA
[T+182795910us][CH1-Dispenser] 52 70 FA
[T+182931910us][CH2-Pc    ] 53 20 FA
[T+182937934us][CH1-Dispenser] 53 70 FA
[T+183071910us][CH2-Pc    ] 50 20 FA
[T+183077524us][CH1-Dispenser] 50 70 FA
[T+183212910us][CH2-Pc    ] 51 20 FA
[T+183216910us][CH1-Dispenser] 51 70 FA
[T+183353910us][CH2-Pc    ] 52 20 FA
[T+183358910us][CH1-Dispenser] 52 70 FA
[T+183493935us][CH2-Pc    ] 53 20 FA
[T+183498917us][CH1-Dispenser] 53 70 FA
[T+183633936us][CH2-Pc    ] 50 20 FA
[T+183640564us][CH1-Dispenser] 50 70 FA
[T+183774934us][CH2-Pc    ] 51 20 FA
[T+183779910us][CH1-Dispenser] 51 70 FA
[T+183915910us][CH2-Pc    ] 52 20 FA
[T+183921934us][CH1-Dispenser] 52 70 FA
[T+184056935us][CH2-Pc    ] 53 20 FA
[T+184062950us][CH1-Dispenser] 53 70 FA
[T+184196910us][CH2-Pc    ] 50 20 FA
[T+184201910us][CH1-Dispenser] 50 70 FA
[T+184336935us][CH2-Pc    ] 51 20 FA
[T+184343085us][CH1-Dispenser] 51 70 FA
[T+184478910us][CH2-Pc    ] 52 20 FA
[T+184484950us][CH1-Dispenser] 52 70 FA
[T+184618910us][CH2-Pc    ] 53 20 FA
[T+184625563us][CH1-Dispenser] 53 70 FA
[T+184758910us][CH2-Pc    ] 50 20 FA
[T+184763910us][CH1-Dispenser] 50 70 FA
[T+184899910us][CH2-Pc    ] 51 20 FA
[T+184905950us][CH1-Dispenser] 51 70 FA
[T+185040935us][CH2-Pc    ] 52 20 FA
[T+185045910us][CH1-Dispenser] 52 70 FA
[T+185181910us][CH2-Pc    ] 53 20 FA
[T+185186910us][CH1-Dispenser] 53 70 FA
[T+185321935us][CH2-Pc    ] 50 20 FA
[T+185327525us][CH1-Dispenser] 50 70 FA
[T+185461934us][CH2-Pc    ] 51 20 FA
[T+185466910us][CH1-Dispenser] 51 70 FA
[T+185603910us][CH2-Pc    ] 52 20 FA
[T+185608910us][CH1-Dispenser] 52 70 FA
[T+185743935us][CH2-Pc    ] 53 20 FA
[T+185749520us][CH1-Dispenser] 53 70 FA
[T+185883935us][CH2-Pc    ] 50 20 FA
[T+185889935us][CH1-Dispenser] 50 70 FA
[T+186024940us][CH2-Pc    ] 51 20 FA
[T+186030934us][CH1-Dispenser] 51 70 FA
[T+186165934us][CH2-Pc    ] 52 20 FA
[T+186171918us][CH1-Dispenser] 52 70 FA
[T+186306935us][CH2-Pc    ] 53 20 FA
[T+186312515us][CH1-Dispenser] 53 70 FA
[T+186446910us][CH2-Pc    ] 50 20 FA
[T+186452935us][CH1-Dispenser] 50 70 FA
[T+186586910us][CH2-Pc    ] 51 20 FA
[T+186592989us][CH1-Dispenser] 51 70 FA
[T+186728910us][CH2-Pc    ] 52 20 FA
[T+186734951us][CH1-Dispenser] 52 70 FA