[T+1341036459us][CH1-Dispenser] 05
[T+1341036594us][CH2-Pc    ] 05
[T+1341211594us][CH1-Dispenser] 06
[T+1341211459us][CH2-Pc    ] 06
[T+1341386458us][CH2-Pc    ] 01
[T+1341391458us][CH1-Dispenser] 01 61
[T+1341464459us][CH2-Pc    ] 02
[T+1341471458us][CH1-Dispenser] 02 62
[T+1341542458us][CH2-Pc    ] 03
[T+1341551494us][CH1-Dispenser] 03 63
[T+1341620483us][CH2-Pc    ] 04
[T+1341625466us][CH1-Dispenser] 04 64
[T+1341698459us][CH1-Dispenser] 05
[T+1341698594us][CH2-Pc    ] 05
[T+1341862592us][CH1-Dispenser] 06
[T+1341862459us][CH2-Pc    ] 06
[T+1342037592us][CH1-Dispenser] 01
[T+1342037459us][CH2-Pc    ] 01
[T+1342049483us][CH1-Dispenser] 61
[T+1342115483us][CH2-Pc    ] 02
[T+1342121500us][CH1-Dispenser] 02 62
[T+1342193483us][CH2-Pc    ] 03
[T+1342200458us][CH1-Dispenser] 03 63
[T+1342271458us][CH2-Pc    ] 04
[T+1342280090us][CH1-Dispenser] 04 64
[T+1342349459us][CH1-Dispenser] 05
[T+1342349591us][CH2-Pc    ] 05
[T+1342524594us][CH1-Dispenser] 06
[T+1342524460us][CH2-Pc    ] 06
[T+1342699458us][CH2-Pc    ] 01
[T+1342707466us][CH1-Dispenser] 01 61
[T+1342777459us][CH2-Pc    ] 02
[T+1342786459us][CH1-Dispenser] 02 62
[T+1342856458us][CH2-Pc    ] 03
[T+1342859487us][CH1-Dispenser] 03 63
[T+1342923458us][CH2-Pc    ] 04
[T+1342930460us][CH1-Dispenser] 04 64
[T+1342993597us][CH1-Dispenser] 05
[T+1342993461us][CH2-Pc    ] 05
[T+1343168460us][CH1-Dispenser] 06
[T+1343168595us][CH2-Pc    ] 06
[T+1343332458us][CH2-Pc    ] 01
[T+1343341499us][CH1-Dispenser] 01 61
[T+1343410483us][CH2-Pc    ] 02
[T+1343415458us][CH1-Dispenser] 02 62
[T+1343488459us][CH2-Pc    ] 03
[T+1343499459us][CH1-Dispenser] 03 63
[T+1343566458us][CH2-Pc    ] 04
[T+1343577458us][CH1-Dispenser] 04 64
[T+1343644592us][CH1-Dispenser] 05
[T+1343644459us][CH2-Pc    ] 05
[T+1343819459us][CH1-Dispenser] 06
[T+1343819595us][CH2-Pc    ] 06
[T+1343994483us][CH2-Pc    ] 01
[T+1344001458us][CH1-Dispenser] 01 61
[T+1344072458us][CH2-Pc    ] 02
[T+1344081094us][CH1-Dispenser] 02 62
[T+1344150527us][CH2-Pc    ] 03
[T+1344155458us][CH1-Dispenser] 03 63
[T+1344228459us][CH2-Pc    ] 04
[T+1344236459us][CH1-Dispenser] 04 64
[T+1344307590us][CH1-Dispenser] 05
[T+1344307459us][CH2-Pc    ] 05
[T+1344471458us][CH1-Dispenser] 06
[T+1344472460us][CH2-Pc    ] 06
[T+1344646458us][CH2-Pc    ] 01
[T+1344652093us][CH1-Dispenser] 01 61
[T+1344724458us][CH2-Pc    ] 02
[T+1344730799us][CH1-Dispenser] 02 62
[T+1344803458us][CH2-Pc    ] 03
[T+1344811475us][CH1-Dispenser] 03 63
[T+1344881459us][CH2-Pc    ] 04
[T+1344885607us][CH1-Dispenser] 04 64
[T+1344956459us][CH1-Dispenser] 05
[T+1344956590us][CH2-Pc    ] 05
[T+1345131459us][CH1-Dispenser] 06
[T+1345131593us][CH2-Pc    ] 06
[T+1345306458us][CH2-Pc    ] 01
[T+1345312483us][CH1-Dispenser] 01 61
[T+1345384484us][CH2-Pc    ] 02
[T+1345392466us][CH1-Dispenser] 02 62
[T+1345462459us][CH2-Pc    ] 03
[T+1345471492us][CH1-Dispenser] 03 63
[T+1345540484us][CH2-Pc    ] 04
[T+1345544459us][CH1-Dispenser] 04 64
[T+1345607459us][CH1-Dispenser] 05
[T+1345607590us][CH2-Pc    ] 05
[T+1345793459us][CH1-Dispenser] 06
[T+1345793591us][CH2-Pc    ] 06
[T+1345957458us][CH2-Pc    ] 01
[T+1345966483us][CH1-Dispenser] 01 61
[T+1346035483us][CH2-Pc    ] 02
[T+1346040458us][CH1-Dispenser] 02 62
[T+1346113458us][CH2-Pc    ] 03
[T+1346122096us][CH1-Dispenser] 03 63
[T+1346191458us][CH2-Pc    ] 04
[T+1346202458us][CH1-Dispenser] 04 64
[T+1346269459us][CH1-Dispenser] 05
[T+1346269591us][CH2-Pc    ] 05
[T+1346444459us][CH1-Dispenser] 06
[T+1346444593us][CH2-Pc    ] 06
[T+1346619458us][CH2-Pc    ] 01
[T+1346628484us][CH1-Dispenser] 01 61
[T+1346697484us][CH2-Pc    ] 02
[T+1346707458us][CH1-Dispenser] 02 62
[T+1346775458us][CH2-Pc    ] 03
[T+1346780458us][CH1-Dispenser] 03 63
[T+1346857458us][CH2-Pc    ] 04
[T+1346865458us][CH1-Dispenser] 04 64
[T+1346935600us][CH1-Dispenser] 05
[T+1346935462us][CH2-Pc    ] 05
[T+1347121592us][CH1-Dispenser] 06
[T+1347121460us][CH2-Pc    ] 06
[T+1347285458us][CH2-Pc    ] 01
[T+1347292458us][CH1-Dispenser] 01 61
[T+1347363458us][CH2-Pc    ] 02
[T+1347372501us][CH1-Dispenser] 02 62
[T+1347441483us][CH2-Pc    ] 03
[T+1347451463us][CH1-Dispenser] 03 63
[T+1347519459us][CH2-Pc    ] 04
[T+1347526458us][CH1-Dispenser] 04 64
[T+1347598590us][CH1-Dispenser] 05
[T+1347598459us][CH2-Pc    ] 05
[T+1347773595us][CH1-Dispenser] 06
[T+1347773459us][CH2-Pc    ] 06
[T+1347947483us][CH2-Pc    ] 01
[T+1347957459us][CH1-Dispenser] 01 61
[T+1348027399us][CH2-Pc    ] 02
[T+1348031458us][CH1-Dispenser] 02 62
[T+1348101459us][CH2-Pc    ] 03
[T+1348110500us][CH1-Dispenser] 03 63
[T+1348179483us][CH2-Pc    ] 04
[T+1348186458us][CH1-Dispenser] 04 64
[T+1348258459us][CH1-Dispenser] 05
[T+1348258592us][CH2-Pc    ] 05
[T+1348432459us][CH1-Dispenser] 06
[T+1348432589us][CH2-Pc    ] 06
[T+1348596458us][CH2-Pc    ] 01
[T+1348601458us][CH1-Dispenser] 01 61
[T+1348664483us][CH2-Pc    ] 02
[T+1348672072us][CH1-Dispenser] 02 62
[T+1348742459us][CH2-Pc    ] 03
[T+1348750459us][CH1-Dispenser] 03 63
[T+1348820458us][CH2-Pc    ] 04
[T+1348826096us][CH1-Dispenser] 04 64
[T+1348898459us][CH1-Dispenser] 05
[T+1348898591us][CH2-Pc    ] 05
[T+1349066592us][CH1-Dispenser] 06
[T+1349066459us][CH2-Pc    ] 06
[T+1349241458us][CH2-Pc    ] 01
[T+1349247106us][CH1-Dispenser] 01 61
[T+1349319458us][CH2-Pc    ] 02
[T+1349329458us][CH1-Dispenser] 02 62
[T+1349397458us][CH2-Pc    ] 03
[T+1349406499us][CH1-Dispenser] 03 63
[T+1349475483us][CH2-Pc    ] 04
[T+1349481483us][CH1-Dispenser] 04 64
[T+1349553592us][CH1-Dispenser] 05
[T+1349553459us][CH2-Pc    ] 05
[T+1349728593us][CH1-Dispenser] 06
[T+1349728459us][CH2-Pc    ] 06
[T+1349903458us][CH2-Pc    ] 01
[T+1349913459us][CH1-Dispenser] 01 61
[T+1349981458us][CH2-Pc    ] 02
[T+1349986466us][CH1-Dispenser] 02 62
[T+1350059458us][CH2-Pc    ] 03
[T+1350065483us][CH1-Dispenser] 03 63
[T+1350137483us][CH2-Pc    ] 04
[T+1350148458us][CH1-Dispenser] 04 64
[T+1350215459us][CH1-Dispenser] 05
[T+1350216458us][CH2-Pc    ] 05
[T+1350380459us][CH1-Dispenser] 06
[T+1350380590us][CH2-Pc    ] 06
[T+1350554483us][CH2-Pc    ] 01
[T+1350562096us][CH1-Dispenser] 01 61
[T+1350632459us][CH2-Pc    ] 02
[T+1350640504us][CH1-Dispenser] 02 62
[T+1350711458us][CH2-Pc    ] 03
[T+1350716466us][CH1-Dispenser] 03 63
[T+1350789458us][CH2-Pc    ] 04
[T+1350796159us][CH1-Dispenser] 04 64
[T+1350867592us][CH1-Dispenser] 05
[T+1350867459us][CH2-Pc    ] 05
[T+1351042459us][CH1-Dispenser] 06
[T+1351042590us][CH2-Pc    ] 06
[T+1351206458us][CH2-Pc    ] 01
[T+1351213459us][CH1-Dispenser] 01 61
[T+1351284458us][CH2-Pc    ] 02
[T+1351292094us][CH1-Dispenser] 02 62
[T+1351368458us][CH2-Pc    ] 03
[T+1351377483us][CH1-Dispenser] 03 63
[T+1351446484us][CH2-Pc    ] 04
[T+1351451473us][CH1-Dispenser] 04 64
[T+1351524591us][CH1-Dispenser] 05
[T+1351524459us][CH2-Pc    ] 05
[T+1351699459us][CH1-Dispenser] 06
[T+1351699592us][CH2-Pc    ] 06
[T+1351863458us][CH2-Pc    ] 01
[T+1351872098us][CH1-Dispenser] 01 61
[T+1351941458us][CH2-Pc    ] 02
[T+1351947483us][CH1-Dispenser] 02 62
[T+1352019483us][CH2-Pc    ] 03
[T+1352026458us][CH1-Dispenser] 03 63
[T+1352097458us][CH2-Pc    ] 04
[T+1352105464us][CH1-Dispenser] 04 64
[T+1352175459us][CH1-Dispenser] 05
[T+1352175592us][CH2-Pc    ] 05
[T+1352350459us][CH1-Dispenser] 06
[T+1352350593us][CH2-Pc    ] 06
[T+1352525483us][CH2-Pc    ] 01
[T+1352531106us][CH1-Dispenser] 01 61
[T+1352603458us][CH2-Pc    ] 02
[T+1352613458us][CH1-Dispenser] 02 62
[T+1352681458us][CH2-Pc    ] 03
[T+1352690499us][CH1-Dispenser] 03 63
[T+1352780484us][CH2-Pc    ] 04
[T+1352787133us][CH1-Dispenser] 04 64
[T+1352874598us][CH1-Dispenser] 05
[T+1352874462us][CH2-Pc    ] 05
[T+1353059459us][CH1-Dispenser] 06
[T+1353059593us][CH2-Pc    ] 06
[T+1353251483us][CH2-Pc    ] 01
[T+1353258458us][CH1-Dispenser] 01 61
[T+1353329458us][CH2-Pc    ] 02
[T+1353340458us][CH1-Dispenser] 02 62
[T+1353427485us][CH2-Pc    ] 03
[T+1353437458us][CH1-Dispenser] 03 63
[T+1353504459us][CH2-Pc    ] 04
[T+1353512458us][CH1-Dispenser] 04 64
[T+1353610610us][CH1-Dispenser] 05
[T+1353610468us][CH2-Pc    ] 05
[T+1353785718us][CH1-Dispenser] 06
[T+1353785578us][CH2-Pc    ] 06
[T+1353960458us][CH2-Pc    ] 01
[T+1353967960us][CH1-Dispenser] 01 61
[T+1354039458us][CH1-Dispenser] 02
[T+1354039592us][CH2-Pc    ] 02
[T+1354052203us][CH1-Dispenser] 62
[T+1354118458us][CH2-Pc    ] 03
[T+1354127484us][CH1-Dispenser] 03 63
[T+1354200458us][CH1-Dispenser] 04 64
[T+1354196458us][CH2-Pc    ] 04
[T+1354263593us][CH1-Dispenser] 05
[T+1354263459us][CH2-Pc    ] 05
[T+1354449459us][CH1-Dispenser] 06
[T+1354449590us][CH2-Pc    ] 06
[T+1354613458us][CH2-Pc    ] 01
[T+1354622499us][CH1-Dispenser] 01 61
[T+1354704458us][CH2-Pc    ] 02
[T+1354713483us][CH1-Dispenser] 02 62
[T+1354782483us][CH2-Pc    ] 03
[T+1354791499us][CH1-Dispenser] 03 63
[T+1354860483us][CH2-Pc    ] 04
[T+1354868095us][CH1-Dispenser] 04 64
[T+1354939461us][CH1-Dispenser] 05
[T+1354939593us][CH2-Pc    ] 05
[T+1355113593us][CH1-Dispenser] 06
[T+1355113459us][CH2-Pc    ] 06
[T+1355288459us][CH2-Pc    ] 01
[T+1355296640us][CH1-Dispenser] 01 61
[T+1355366458us][CH2-Pc    ] 02
[T+1355372499us][CH1-Dispenser] 02 62
[T+1355444483us][CH2-Pc    ] 03
[T+1355451458us][CH1-Dispenser] 03 63
[T+1355522458us][CH2-Pc    ] 04
[T+1355531058us][CH1-Dispenser] 04 64
[T+1355600594us][CH1-Dispenser] 05
[T+1355600459us][CH2-Pc    ] 05
[T+1355775595us][CH1-Dispenser] 06
[T+1355775459us][CH2-Pc    ] 06
[T+1355950459us][CH2-Pc    ] 01
[T+1355957130us][CH1-Dispenser] 01 61
[T+1356028483us][CH2-Pc    ] 02
[T+1356037483us][CH1-Dispenser] 02 62
[T+1356106483us][CH2-Pc    ] 03
[T+1356111094us][CH1-Dispenser] 03 63
[T+1356173484us][CH2-Pc    ] 04
[T+1356182483us][CH1-Dispenser] 04 64
[T+1356252462us][CH1-Dispenser] 05
[T+1356252594us][CH2-Pc    ] 05
[T+1356426591us][CH1-Dispenser] 06
[T+1356426460us][CH2-Pc    ] 06
[T+1356606483us][CH2-Pc    ] 01
[T+1356612483us][CH1-Dispenser] 01 61
[T+1356684483us][CH2-Pc    ] 02
[T+1356692097us][CH1-Dispenser] 02 62
[T+1356762459us][CH2-Pc    ] 03
[T+1356772459us][CH1-Dispenser] 03 63
[T+1356841483us][CH2-Pc    ] 04
[T+1356846053us][CH1-Dispenser] 04 64
[T+1356918458us][CH1-Dispenser] 05
[T+1356919459us][CH2-Pc    ] 05
[T+1357083458us][CH1-Dispenser] 06
[T+1357082459us][CH2-Pc    ] 06
[T+1357258458us][CH2-Pc    ] 01
[T+1357268459us][CH1-Dispenser] 01 61
[T+1357335458us][CH2-Pc    ] 02
[T+1357341499us][CH1-Dispenser] 02 62
[T+1357414458us][CH2-Pc    ] 03
[T+1357423092us][CH1-Dispenser] 03 63
[T+1357492458us][CH2-Pc    ] 04
[T+1357501647us][CH1-Dispenser] 04 64
[T+1357570459us][CH1-Dispenser] 05
[T+1357570591us][CH2-Pc    ] 05
[T+1357745595us][CH1-Dispenser] 06
[T+1357745459us][CH2-Pc    ] 06
[T+1357909458us][CH2-Pc    ] 01
[T+1357916459us][CH1-Dispenser] 01 61
[T+1357987458us][CH2-Pc    ] 02
[T+1357992508us][CH1-Dispenser] 02 62
[T+1358065459us][CH2-Pc    ] 03
[T+1358072096us][CH1-Dispenser] 03 63
[T+1358143483us][CH2-Pc    ] 04
[T+1358150551us][CH1-Dispenser] 04 64
[T+1358222721us][CH1-Dispenser] 05
[T+1358222528us][CH2-Pc    ] 05
[T+1358396596us][CH1-Dispenser] 06
[T+1358396459us][CH2-Pc    ] 06
[T+1358571458us][CH2-Pc    ] 01
[T+1358578458us][CH1-Dispenser] 01 61
[T+1358649458us][CH2-Pc    ] 02
[T+1358657459us][CH1-Dispenser] 02 72
[T+1358676458us][CH2-Pc    ] 22
[T+1358682499us][CH1-Dispenser] 22 D2
[T+1358698459us][CH1-Dispenser] FF
[T+1358698593us][CH2-Pc    ] FF
[T+1358712191us][CH1-Dispenser] E9
[T+1358712051us][CH2-Pc    ] E9
[T+1358723591us][CH1-Dispenser] FE
[T+1358723459us][CH2-Pc    ] FE
[T+1358737595us][CH1-Dispenser] E0
[T+1358737460us][CH2-Pc    ] E0
[T+1358749466us][CH1-Dispenser] E1
[T+1358749607us][CH2-Pc    ] E1
[T+1358762463us][CH1-Dispenser] E0
[T+1358762604us][CH2-Pc    ] E0
[T+1358774602us][CH1-Dispenser] FB
[T+1358774463us][CH2-Pc    ] FB
[T+1358787463us][CH1-Dispenser] EE
[T+1358787604us][CH2-Pc    ] EE
[T+1358799484us][CH2-Pc    ] F0
[T+1358830459us][CH1-Dispenser] F0 BA B0 B3 B2 B0 B1 B0 B0 B0 B0 B1 B1 B1 B1 B2 C1 B9 8D 8A
[T+1358851483us][CH2-Pc    ] 22
[T+1358858110us][CH1-Dispenser] 22 D2
[T+1358873459us][CH1-Dispenser] FF
[T+1358873591us][CH2-Pc    ] FF
[T+1358886605us][CH1-Dispenser] E5
[T+1358886466us][CH2-Pc    ] E5
[T+1358898601us][CH1-Dispenser] F4
[T+1358898463us][CH2-Pc    ] F4
[T+1358911598us][CH1-Dispenser] F6
[T+1358911463us][CH2-Pc    ] F6
[T+1358923605us][CH1-Dispenser] E1
[T+1358923466us][CH2-Pc    ] E1
[T+1358940589us][CH1-Dispenser] F7
[T+1358940459us][CH2-Pc    ] F7
[T+1358953603us][CH1-Dispenser] E0
[T+1358953463us][CH2-Pc    ] E0
[T+1358966602us][CH1-Dispenser] E0
[T+1358966463us][CH2-Pc    ] E0
[T+1358978604us][CH1-Dispenser] E1
[T+1358978464us][CH2-Pc    ] E1
[T+1358991598us][CH1-Dispenser] E1
[T+1358991461us][CH2-Pc    ] E1
[T+1359003607us][CH1-Dispenser] FB
[T+1359003465us][CH2-Pc    ] FB
[T+1359016576us][CH1-Dispenser] ED
[T+1359016714us][CH2-Pc    ] ED
[T+1359029464us][CH1-Dispenser] F0
[T+1359029603us][CH2-Pc    ] F0
[T+1359118550us][CH2-Pc    ] 02
[T+1359127466us][CH1-Dispenser] 02 72
[T+1359145483us][CH2-Pc    ] 22
[T+1359154982us][CH1-Dispenser] 22 D2
[T+1359167461us][CH1-Dispenser] FF
[T+1359167597us][CH2-Pc    ] FF
[T+1359179587us][CH1-Dispenser] E5
[T+1359179459us][CH2-Pc    ] E5
[T+1359192592us][CH1-Dispenser] F2
[T+1359192459us][CH2-Pc    ] F2
[T+1359205459us][CH1-Dispenser] F8
[T+1359204458us][CH2-Pc    ] F8
[T+1359217588us][CH1-Dispenser] E0
[T+1359217459us][CH2-Pc    ] E0
[T+1359230599us][CH1-Dispenser] E0
[T+1359230461us][CH2-Pc    ] E0
[T+1359243459us][CH1-Dispenser] E1
[T+1359243591us][CH2-Pc    ] E1
[T+1359264590us][CH1-Dispenser] E0
[T+1359264459us][CH2-Pc    ] E0
[T+1359277599us][CH1-Dispenser] E1
[T+1359277461us][CH2-Pc    ] E1
[T+1359289603us][CH1-Dispenser] E0
[T+1359289462us][CH2-Pc    ] E0
[T+1359302625us][CH1-Dispenser] FB
[T+1359302486us][CH2-Pc    ] FB
[T+1359315602us][CH1-Dispenser] E5
[T+1359315463us][CH2-Pc    ] E5
[T+1359328464us][CH1-Dispenser] F0
[T+1359328605us][CH2-Pc    ] F0
[T+1359416483us][CH2-Pc    ] 02
[T+1359424098us][CH1-Dispenser] 02 72
[T+1359444593us][CH1-Dispenser] 12
[T+1359444459us][CH2-Pc    ] 12
[T+1359531489us][CH2-Pc    ] 02
[T+1359538458us][CH1-Dispenser] 02 92
[T+1359611458us][CH2-Pc    ] 03
[T+1359617483us][CH1-Dispenser] 03 63
[T+1359689483us][CH2-Pc    ] 04
[T+1359697100us][CH1-Dispenser] 04 64
[T+1359767591us][CH1-Dispenser] 05
[T+1359767459us][CH2-Pc    ] 05
[T+1359942459us][CH1-Dispenser] 06
[T+1359942593us][CH2-Pc    ] 06
[T+1360119483us][CH2-Pc    ] 01
[T+1360128105us][CH1-Dispenser] 01 61
[T+1360197458us][CH2-Pc    ] 02
[T+1360203483us][CH1-Dispenser] 02 92
[T+1360775459us][CH2-Pc    ] 03
[T+1360783458us][CH1-Dispenser] 03 63
[T+1360853458us][CH2-Pc    ] 04
[T+1360862497us][CH1-Dispenser] 04 64
[T+1360935460us][CH1-Dispenser] 05
[T+1360935591us][CH2-Pc    ] 05
[T+1361122461us][CH1-Dispenser] 06
[T+1361122594us][CH2-Pc    ] 06
[T+1361286458us][CH2-Pc    ] 01
[T+1361292112us][CH1-Dispenser] 01 61
[T+1361364458us][CH2-Pc    ] 02
[T+1361373463us][CH1-Dispenser] 02 92
[T+1361391483us][CH2-Pc    ] 62
[T+1361403483us][CH1-Dispenser] 62 E0 E0 E0 E0 E0 E0
[T+1361470458us][CH2-Pc    ] 03
[T+1361476489us][CH1-Dispenser] 03 63
[T+1361548484us][CH2-Pc    ] 04
[T+1361557488us][CH1-Dispenser] 04 64
[T+1361626459us][CH1-Dispenser] 05
[T+1361626590us][CH2-Pc    ] 05
[T+1361802592us][CH1-Dispenser] 06
[T+1361802459us][CH2-Pc    ] 06
[T+1361977458us][CH2-Pc    ] 01
[T+1361982458us][CH1-Dispenser] 01 61
[T+1362055483us][CH2-Pc    ] 02
[T+1362061483us][CH1-Dispenser] 02 92
[T+1362082483us][CH2-Pc    ] 62
[T+1362094489us][CH1-Dispenser] 62 E0 E0 E0 E0 E0 E0
[T+1362161459us][CH2-Pc    ] 03
[T+1362166459us][CH1-Dispenser] 03 63
[T+1362239458us][CH2-Pc    ] 04
[T+1362246559us][CH1-Dispenser] 04 64
[T+1362312459us][CH1-Dispenser] 05
[T+1362312591us][CH2-Pc    ] 05
[T+1362488460us][CH1-Dispenser] 06
[T+1362488597us][CH2-Pc    ] 06
[T+1362662458us][CH2-Pc    ] 01
[T+1362667458us][CH1-Dispenser] 01 61
[T+1362741459us][CH2-Pc    ] 02
[T+1362750465us][CH1-Dispenser] 02 92
[T+1362768483us][CH2-Pc    ] 62
[T+1362783498us][CH1-Dispenser] 62 E0 E0 E0 E0 E0 E0
[T+1362846483us][CH2-Pc    ] 03
[T+1362852099us][CH1-Dispenser] 03 63
[T+1362924458us][CH2-Pc    ] 04
[T+1362932465us][CH1-Dispenser] 04 64
[T+1363003459us][CH1-Dispenser] 05
[T+1363003591us][CH2-Pc    ] 05
[T+1363177460us][CH1-Dispenser] 06
[T+1363177594us][CH2-Pc    ] 06
[T+1363351483us][CH2-Pc    ] 01
[T+1363356466us][CH1-Dispenser] 01 61
[T+1363429458us][CH2-Pc    ] 02
[T+1363438108us][CH1-Dispenser] 02 92
[T+1363456458us][CH2-Pc    ] 62
[T+1363468483us][CH1-Dispenser] 62 E1 E2 E1 E0 E0 E0
[T+1363535459us][CH2-Pc    ] 03
[T+1363542140us][CH1-Dispenser] 03 63
[T+1363613483us][CH2-Pc    ] 04
[T+1363622489us][CH1-Dispenser] 04 64
[T+1363691594us][CH1-Dispenser] 05
[T+1363691459us][CH2-Pc    ] 05
[T+1363866459us][CH1-Dispenser] 06
[T+1363866593us][CH2-Pc    ] 06
[T+1364041590us][CH1-Dispenser] 01
[T+1364041459us][CH2-Pc    ] 01
[T+1364052458us][CH1-Dispenser] 61
[T+1364119459us][CH2-Pc    ] 02
[T+1364130459us][CH1-Dispenser] 02 92
[T+1364146459us][CH2-Pc    ] 62
[T+1364161419us][CH1-Dispenser] 62 E7 E9 E2 E0 E0 E0
[T+1364225458us][CH2-Pc    ] 03
[T+1364233463us][CH1-Dispenser] 03 63
[T+1364303458us][CH2-Pc    ] 04
[T+1364314458us][CH1-Dispenser] 04 64
[T+1364381459us][CH1-Dispenser] 05
[T+1364381592us][CH2-Pc    ] 05
[T+1364579460us][CH1-Dispenser] 06
[T+1364579593us][CH2-Pc    ] 06
[T+1364753486us][CH2-Pc    ] 01
[T+1364764458us][CH1-Dispenser] 01 61
[T+1364831458us][CH2-Pc    ] 02
[T+1364836466us][CH1-Dispenser] 02 92
[T+1364859458us][CH2-Pc    ] 62
[T+1364873458us][CH1-Dispenser] 62 E6 E9 E3 E0 E0 E0
[T+1364942483us][CH2-Pc    ] 03
[T+1364947458us][CH1-Dispenser] 03 63
[T+1365021459us][CH2-Pc    ] 04
[T+1365028458us][CH1-Dispenser] 04 64
[T+1365098461us][CH1-Dispenser] 05
[T+1365098595us][CH2-Pc    ] 05
[T+1365273460us][CH1-Dispenser] 06
[T+1365273592us][CH2-Pc    ] 06
[T+1365448458us][CH2-Pc    ] 01
[T+1365455458us][CH1-Dispenser] 01 61
[T+1365527483us][CH2-Pc    ] 02
[T+1365532458us][CH1-Dispenser] 02 92
[T+1365554458us][CH2-Pc    ] 62
[T+1365569483us][CH1-Dispenser] 62 E3 E8 E5 E0 E0 E0
[T+1365632483us][CH2-Pc    ] 03
[T+1365642458us][CH1-Dispenser] 03 63
[T+1365710466us][CH2-Pc    ] 04
[T+1365718396us][CH1-Dispenser] 04 64
[T+1365789593us][CH1-Dispenser] 05
[T+1365789460us][CH2-Pc    ] 05
[T+1365963460us][CH1-Dispenser] 06
[T+1365963593us][CH2-Pc    ] 06
[T+1366127459us][CH2-Pc    ] 01
[T+1366131458us][CH1-Dispenser] 01 61
[T+1366195458us][CH2-Pc    ] 02
[T+1366203134us][CH1-Dispenser] 02 92
[T+1366222458us][CH2-Pc    ] 62
[T+1366234484us][CH1-Dispenser] 62 E0 E7 E7 E0 E0 E0
[T+1366300483us][CH2-Pc    ] 03
[T+1366307458us][CH1-Dispenser] 03 63
[T+1366378458us][CH2-Pc    ] 04
[T+1366387060us][CH1-Dispenser] 04 64
[T+1366456460us][CH1-Dispenser] 05
[T+1366456590us][CH2-Pc    ] 05
[T+1366631459us][CH1-Dispenser] 06
[T+1366631592us][CH2-Pc    ] 06
[T+1366827458us][CH2-Pc    ] 01
[T+1366835465us][CH1-Dispenser] 01 61
[T+1366906458us][CH2-Pc    ] 02
[T+1366912483us][CH1-Dispenser] 02 92
[T+1366934458us][CH2-Pc    ] 62
[T+1366949483us][CH1-Dispenser] 62 E5 E4 E0 E1 E0 E0
[T+1367019458us][CH2-Pc    ] 03
[T+1367026465us][CH1-Dispenser] 03 63
[T+1367097458us][CH2-Pc    ] 04
[T+1367102458us][CH1-Dispenser] 04 64
[T+1367175459us][CH1-Dispenser] 05
[T+1367175590us][CH2-Pc    ] 05
[T+1367350459us][CH1-Dispenser] 06
[T+1367350594us][CH2-Pc    ] 06
[T+1367525458us][CH2-Pc    ] 01
[T+1367533466us][CH1-Dispenser] 01 61
[T+1367603459us][CH2-Pc    ] 02
[T+1367608459us][CH1-Dispenser] 02 92
[T+1367630459us][CH2-Pc    ] 62
[T+1367643458us][CH1-Dispenser] 62 E5 E7 E3 E1 E0 E0
[T+1367709483us][CH2-Pc    ] 03
[T+1367718483us][CH1-Dispenser] 03 63
[T+1367788458us][CH2-Pc    ] 04
[T+1367797499us][CH1-Dispenser] 04 64
[T+1367885592us][CH1-Dispenser] 05
[T+1367885460us][CH2-Pc    ] 05
[T+1368050460us][CH1-Dispenser] 06
[T+1368050592us][CH2-Pc    ] 06
[T+1368225458us][CH2-Pc    ] 01
[T+1368232459us][CH1-Dispenser] 01 61
[T+1368303483us][CH2-Pc    ] 02
[T+1368310459us][CH1-Dispenser] 02 92
[T+1368331483us][CH2-Pc    ] 62
[T+1368346483us][CH1-Dispenser] 62 E7 E2 E7 E1 E0 E0
[T+1368419459us][CH2-Pc    ] 03
[T+1368428806us][CH1-Dispenser] 03 63
[T+1368497483us][CH2-Pc    ] 04
[T+1368507459us][CH1-Dispenser] 04 64
[T+1368575594us][CH1-Dispenser] 05
[T+1368575459us][CH2-Pc    ] 05
[T+1368761593us][CH1-Dispenser] 06
[T+1368761459us][CH2-Pc    ] 06
[T+1368925458us][CH2-Pc    ] 01
[T+1368934484us][CH1-Dispenser] 01 61
[T+1369003483us][CH2-Pc    ] 02
[T+1369013458us][CH1-Dispenser] 02 92
[T+1369058484us][CH2-Pc    ] 62
[T+1369073483us][CH1-Dispenser] 62 E0 E9 E0 E2 E0 E0
[T+1369137458us][CH2-Pc    ] 03
[T+1369143483us][CH1-Dispenser] 03 63
[T+1369215483us][CH2-Pc    ] 04
[T+1369224645us][CH1-Dispenser] 04 64
[T+1369293461us][CH1-Dispenser] 05
[T+1369293593us][CH2-Pc    ] 05
[T+1369457590us][CH1-Dispenser] 06
[T+1369457459us][CH2-Pc    ] 06
[T+1369646484us][CH2-Pc    ] 01
[T+1369652499us][CH1-Dispenser] 01 61
[T+1369724483us][CH2-Pc    ] 02
[T+1369733499us][CH1-Dispenser] 02 92
[T+1369751483us][CH2-Pc    ] 62
[T+1369764459us][CH1-Dispenser] 62 E4 E6 E4 E2 E0 E0
[T+1369830483us][CH2-Pc    ] 03
[T+1369837458us][CH1-Dispenser] 03 63
[T+1369909483us][CH2-Pc    ] 04
[T+1369916458us][CH1-Dispenser] 04 64
[T+1369987594us][CH1-Dispenser] 05
[T+1369987460us][CH2-Pc    ] 05
[T+1370161459us][CH1-Dispenser] 06
[T+1370161596us][CH2-Pc    ] 06
[T+1370336483us][CH2-Pc    ] 01
[T+1370344463us][CH1-Dispenser] 01 61
[T+1370414458us][CH2-Pc    ] 02
[T+1370422459us][CH1-Dispenser] 02 92
[T+1370442458us][CH2-Pc    ] 62
[T+1370456458us][CH1-Dispenser] 62 E1 E7 E8 E2 E0 E0
[T+1370520458us][CH2-Pc    ] 03
[T+1370527459us][CH1-Dispenser] 03 63
[T+1370598458us][CH2-Pc    ] 04
[T+1370608459us][CH1-Dispenser] 04 64
[T+1370676459us][CH1-Dispenser] 05
[T+1370676592us][CH2-Pc    ] 05
[T+1370851459us][CH1-Dispenser] 06
[T+1370851593us][CH2-Pc    ] 06
[T+1371028484us][CH2-Pc    ] 01
[T+1371033458us][CH1-Dispenser] 01 61
[T+1371106458us][CH2-Pc    ] 02
[T+1371112483us][CH1-Dispenser] 02 92
[T+1371133483us][CH2-Pc    ] 62
[T+1371149458us][CH1-Dispenser] 62 E0 E0 E3 E3 E0 E0
[T+1371223458us][CH2-Pc    ] 03
[T+1371232459us][CH1-Dispenser] 03 63
[T+1371301483us][CH2-Pc    ] 04
[T+1371307487us][CH1-Dispenser] 04 64
[T+1371384594us][CH1-Dispenser] 05
[T+1371384459us][CH2-Pc    ] 05
[T+1371559459us][CH1-Dispenser] 06
[T+1371559593us][CH2-Pc    ] 06
[T+1371725459us][CH2-Pc    ] 01
[T+1371733464us][CH1-Dispenser] 01 61
[T+1371803458us][CH2-Pc    ] 02
[T+1371809030us][CH1-Dispenser] 02 92
[T+1371830458us][CH2-Pc    ] 62
[T+1371845483us][CH1-Dispenser] 62 E6 E9 E6 E3 E0 E0
[T+1371910458us][CH2-Pc    ] 03
[T+1371916483us][CH1-Dispenser] 03 63
[T+1371987458us][CH2-Pc    ] 04
[T+1371992458us][CH1-Dispenser] 04 64
[T+1372055459us][CH1-Dispenser] 05
[T+1372055593us][CH2-Pc    ] 05
[T+1372230459us][CH1-Dispenser] 06
[T+1372230594us][CH2-Pc    ] 06
[T+1372394459us][CH2-Pc    ] 01
[T+1372402458us][CH1-Dispenser] 01 61
[T+1372472458us][CH2-Pc    ] 02
[T+1372478021us][CH1-Dispenser] 02 92
[T+1372499458us][CH2-Pc    ] 62
[T+1372514484us][CH1-Dispenser] 62 E4 E1 E1 E4 E0 E0
[T+1372578458us][CH2-Pc    ] 03
[T+1372587061us][CH1-Dispenser] 03 63
[T+1372657459us][CH2-Pc    ] 04
[T+1372662459us][CH1-Dispenser] 04 64
[T+1372735591us][CH1-Dispenser] 05
[T+1372735459us][CH2-Pc    ] 05
[T+1372910460us][CH1-Dispenser] 06
[T+1372910591us][CH2-Pc    ] 06
[T+1373084483us][CH2-Pc    ] 01
[T+1373094459us][CH1-Dispenser] 01 61
[T+1373162458us][CH2-Pc    ] 02
[T+1373169069us][CH1-Dispenser] 02 92
[T+1373190458us][CH2-Pc    ] 62
[T+1373205483us][CH1-Dispenser] 62 E4 E5 E5 E4 E0 E0
[T+1373269459us][CH2-Pc    ] 03
[T+1373277459us][CH1-Dispenser] 03 63
[T+1373347458us][CH2-Pc    ] 04
[T+1373353369us][CH1-Dispenser] 04 64
[T+1373425459us][CH1-Dispenser] 05
[T+1373425590us][CH2-Pc    ] 05
[T+1373600459us][CH1-Dispenser] 06
[T+1373600593us][CH2-Pc    ] 06
[T+1373775458us][CH2-Pc    ] 01
[T+1373783463us][CH1-Dispenser] 01 61
[T+1373853458us][CH2-Pc    ] 02
[T+1373859483us][CH1-Dispenser] 02 92
[T+1373880483us][CH2-Pc    ] 62
[T+1373897458us][CH1-Dispenser] 62 E3 E8 E9 E4 E0 E0
[T+1373971458us][CH2-Pc    ] 03
[T+1373978458us][CH1-Dispenser] 03 63
[T+1374049458us][CH2-Pc    ] 04
[T+1374058028us][CH1-Dispenser] 04 64
[T+1374127594us][CH1-Dispenser] 05
[T+1374127459us][CH2-Pc    ] 05
[T+1374302594us][CH1-Dispenser] 06
[T+1374302459us][CH2-Pc    ] 06
[T+1374477458us][CH2-Pc    ] 01
[T+1374483484us][CH1-Dispenser] 01 61
[T+1374555483us][CH2-Pc    ] 02
[T+1374563031us][CH1-Dispenser] 02 92
[T+1374582460us][CH2-Pc    ] 62
[T+1374595458us][CH1-Dispenser] 62 E4 E3 E4 E5 E0 E0
[T+1374669458us][CH2-Pc    ] 03
[T+1374678045us][CH1-Dispenser] 03 63
[T+1374747458us][CH2-Pc    ] 04
[T+1374752458us][CH1-Dispenser] 04 64
[T+1374825592us][CH1-Dispenser] 05
[T+1374825459us][CH2-Pc    ] 05
[T+1375012595us][CH1-Dispenser] 06
[T+1375012460us][CH2-Pc    ] 06
[T+1375176458us][CH2-Pc    ] 01
[T+1375184458us][CH1-Dispenser] 01 61
[T+1375254590us][CH1-Dispenser] 02
[T+1375254459us][CH2-Pc    ] 02
[T+1375266506us][CH1-Dispenser] 92
[T+1375281483us][CH2-Pc    ] 62
[T+1375295458us][CH1-Dispenser] 62 E4 E7 E8 E5 E0 E0
[T+1375360458us][CH2-Pc    ] 03
[T+1375370458us][CH1-Dispenser] 03 63
[T+1375442483us][CH2-Pc    ] 04
[T+1375448483us][CH1-Dispenser] 04 64
[T+1375520459us][CH1-Dispenser] 05
[T+1375520591us][CH2-Pc    ] 05
[T+1375694590us][CH1-Dispenser] 06
[T+1375694459us][CH2-Pc    ] 06
[T+1375869458us][CH2-Pc    ] 01
[T+1375877466us][CH1-Dispenser] 01 61
[T+1375947459us][CH2-Pc    ] 02
[T+1375954148us][CH1-Dispenser] 02 92
[T+1375975595us][CH1-Dispenser] 62
[T+1375975459us][CH2-Pc    ] 62
[T+1375993483us][CH1-Dispenser] E5 E2 E3 E6 E0 E0
[T+1376065483us][CH2-Pc    ] 03
[T+1376074106us][CH1-Dispenser] 03 63
[T+1376143458us][CH2-Pc    ] 04
[T+1376147458us][CH1-Dispenser] 04 64
[T+1376210459us][CH1-Dispenser] 05
[T+1376210592us][CH2-Pc    ] 05
[T+1376385593us][CH1-Dispenser] 06
[T+1376385460us][CH2-Pc    ] 06
[T+1376549458us][CH2-Pc    ] 01
[T+1376559515us][CH1-Dispenser] 01 61
[T+1376627458us][CH2-Pc    ] 02
[T+1376632459us][CH1-Dispenser] 02 92
[T+1376655458us][CH2-Pc    ] 62
[T+1376669458us][CH1-Dispenser] 62 E5 E6 E7 E6 E0 E0
[T+1376733460us][CH2-Pc    ] 03
[T+1376738459us][CH1-Dispenser] 03 63
[T+1376811458us][CH2-Pc    ] 04
[T+1376817499us][CH1-Dispenser] 04 64
[T+1376889590us][CH1-Dispenser] 05
[T+1376889459us][CH2-Pc    ] 05
[T+1377074459us][CH1-Dispenser] 06
[T+1377074593us][CH2-Pc    ] 06
[T+1377238459us][CH2-Pc    ] 01
[T+1377245146us][CH1-Dispenser] 01 61
[T+1377317458us][CH2-Pc    ] 02
[T+1377323791us][CH1-Dispenser] 02 92
[T+1377344483us][CH2-Pc    ] 62
[T+1377360458us][CH1-Dispenser] 62 E8 E3 E2 E7 E0 E0
[T+1377433458us][CH2-Pc    ] 03
[T+1377443459us][CH1-Dispenser] 03 63
[T+1377511459us][CH2-Pc    ] 04
[T+1377516459us][CH1-Dispenser] 04 64
[T+1377589459us][CH1-Dispenser] 05
[T+1377589590us][CH2-Pc    ] 05
[T+1377770592us][CH1-Dispenser] 06
[T+1377770459us][CH2-Pc    ] 06
[T+1377945458us][CH2-Pc    ] 01
[T+1377954097us][CH1-Dispenser] 01 61
[T+1378023458us][CH2-Pc    ] 02
[T+1378031066us][CH1-Dispenser] 02 92
[T+1378050458us][CH2-Pc    ] 62
[T+1378065488us][CH1-Dispenser] 62 E2 E2 E7 E7 E0 E0
[T+1378128484us][CH2-Pc    ] 03
[T+1378138458us][CH1-Dispenser] 03 63
[T+1378206458us][CH2-Pc    ] 04
[T+1378212500us][CH1-Dispenser] 04 64
[T+1378284590us][CH1-Dispenser] 05
[T+1378284459us][CH2-Pc    ] 05
[T+1378459460us][CH1-Dispenser] 06
[T+1378459594us][CH2-Pc    ] 06
[T+1378634458us][CH2-Pc    ] 01
[T+1378643499us][CH1-Dispenser] 01 61
[T+1378712483us][CH2-Pc    ] 02
[T+1378720108us][CH1-Dispenser] 02 92
[T+1378739458us][CH2-Pc    ] 62
[T+1378755458us][CH1-Dispenser] 62 E3 E7 E1 E8 E0 E0
[T+1378835458us][CH2-Pc    ] 03
[T+1378844096us][CH1-Dispenser] 03 63
[T+1378913595us][CH1-Dispenser] 04
[T+1378913459us][CH2-Pc    ] 04
[T+1378925484us][CH1-Dispenser] 64
[T+1378991592us][CH1-Dispenser] 05
[T+1378991459us][CH2-Pc    ] 05
[T+1379166459us][CH1-Dispenser] 06
[T+1379166593us][CH2-Pc    ] 06
[T+1379330458us][CH2-Pc    ] 01
[T+1379340458us][CH1-Dispenser] 01 61
[T+1379408459us][CH2-Pc    ] 02
[T+1379413459us][CH1-Dispenser] 02 92
[T+1379436458us][CH2-Pc    ] 62
[T+1379450458us][CH1-Dispenser] 62 E7 E5 E6 E8 E0 E0
[T+1379515458us][CH2-Pc    ] 03
[T+1379522459us][CH1-Dispenser] 03 63
[T+1379593458us][CH2-Pc    ] 04
[T+1379597458us][CH1-Dispenser] 04 64
[T+1379660591us][CH1-Dispenser] 05
[T+1379660459us][CH2-Pc    ] 05
[T+1379835590us][CH1-Dispenser] 06
[T+1379835459us][CH2-Pc    ] 06
[T+1380010486us][CH2-Pc    ] 01
[T+1380019001us][CH1-Dispenser] 01 61
[T+1380088458us][CH2-Pc    ] 02
[T+1380094074us][CH1-Dispenser] 02 92
[T+1380115458us][CH2-Pc    ] 62
[T+1380130483us][CH1-Dispenser] 62 E0 E3 E1 E9 E0 E0
[T+1380194458us][CH2-Pc    ] 03
[T+1380203499us][CH1-Dispenser] 03 63
[T+1380273459us][CH2-Pc    ] 04
[T+1380277458us][CH1-Dispenser] 04 64
[T+1380340459us][CH1-Dispenser] 05
[T+1380340592us][CH2-Pc    ] 05
[T+1380504459us][CH1-Dispenser] 06
[T+1380504592us][CH2-Pc    ] 06
[T+1380682458us][CH2-Pc    ] 01
[T+1380689459us][CH1-Dispenser] 01 61
[T+1380760590us][CH1-Dispenser] 02
[T+1380760459us][CH2-Pc    ] 02
[T+1380772483us][CH1-Dispenser] 92
[T+1380787483us][CH2-Pc    ] 62
[T+1380799488us][CH1-Dispenser] 62 E1 E8 E5 E9 E0 E0
[T+1380865483us][CH2-Pc    ] 03
[T+1380875458us][CH1-Dispenser] 03 63
[T+1380943459us][CH2-Pc    ] 04
[T+1380954459us][CH1-Dispenser] 04 64
[T+1381022592us][CH1-Dispenser] 05
[T+1381022460us][CH2-Pc    ] 05
[T+1381194458us][CH2-Pc    ] 06
[T+1381195458us][CH1-Dispenser] 06
[T+1381369483us][CH2-Pc    ] 01
[T+1381378483us][CH1-Dispenser] 01 61
[T+1381448458us][CH2-Pc    ] 02
[T+1381453466us][CH1-Dispenser] 02 92
[T+1381476458us][CH2-Pc    ] 62
[T+1381489459us][CH1-Dispenser] 62 E2 E1 E8 E9 E0 E0
[T+1381555483us][CH2-Pc    ] 03
[T+1381565458us][CH1-Dispenser] 03 63
[T+1381633458us][CH2-Pc    ] 04
[T+1381637459us][CH1-Dispenser] 04 64
[T+1381701459us][CH1-Dispenser] 05
[T+1381701591us][CH2-Pc    ] 05
[T+1381886459us][CH1-Dispenser] 06
[T+1381886592us][CH2-Pc    ] 06
[T+1382050458us][CH2-Pc    ] 01
[T+1382057459us][CH1-Dispenser] 01 61
[T+1382136458us][CH2-Pc    ] 02
[T+1382146459us][CH1-Dispenser] 02 92
[T+1382164459us][CH2-Pc    ] 62
[T+1382175458us][CH1-Dispenser] 62 E3 E2 E8 E9 E0 E0
[T+1382241483us][CH2-Pc    ] 03
[T+1382248465us][CH1-Dispenser] 03 63
[T+1382319458us][CH2-Pc    ] 04
[T+1382328070us][CH1-Dispenser] 04 64
[T+1382398459us][CH1-Dispenser] 05
[T+1382398592us][CH2-Pc    ] 05
[T+1382572590us][CH1-Dispenser] 06
[T+1382572459us][CH2-Pc    ] 06
[T+1382736458us][CH2-Pc    ] 01
[T+1382744118us][CH1-Dispenser] 01 61
[T+1382814459us][CH2-Pc    ] 02
[T+1382824458us][CH1-Dispenser] 02 92
[T+1382842483us][CH2-Pc    ] 62
[T+1382855458us][CH1-Dispenser] 62 E6 E5 E8 E9 E0 E0
[T+1382920458us][CH2-Pc    ] 03
[T+1382929484us][CH1-Dispenser] 03 63
[T+1382993458us][CH2-Pc    ] 04
[T+1383003558us][CH1-Dispenser] 04 64
[T+1383071459us][CH1-Dispenser] 05
[T+1383071591us][CH2-Pc    ] 05
[T+1383247594us][CH1-Dispenser] 06
[T+1383247459us][CH2-Pc    ] 06
[T+1383410458us][CH2-Pc    ] 01
[T+1383419483us][CH1-Dispenser] 01 61
[T+1383488483us][CH2-Pc    ] 02
[T+1383493459us][CH1-Dispenser] 02 92
[T+1383516458us][CH2-Pc    ] 62
[T+1383529459us][CH1-Dispenser] 62 E9 E8 E8 E9 E0 E0
[T+1383602458us][CH2-Pc    ] 03
[T+1383609458us][CH1-Dispenser] 03 63
[T+1383720484us][CH2-Pc    ] 04
[T+1383727459us][CH1-Dispenser] 04 64
[T+1383791459us][CH1-Dispenser] 05
[T+1383791592us][CH2-Pc    ] 05
[T+1383957593us][CH1-Dispenser] 06
[T+1383957460us][CH2-Pc    ] 06
[T+1384132458us][CH2-Pc    ] 01
[T+1384138483us][CH1-Dispenser] 01 61
[T+1384210488us][CH2-Pc    ] 02
[T+1384218466us][CH1-Dispenser] 02 92
[T+1384237458us][CH2-Pc    ] 62
[T+1384249483us][CH1-Dispenser] 62 E2 E2 E9 E9 E0 E0
[T+1384315483us][CH2-Pc    ] 03
[T+1384322459us][CH1-Dispenser] 03 63
[T+1384394483us][CH2-Pc    ] 04
[T+1384405458us][CH1-Dispenser] 04 64
[T+1384475591us][CH1-Dispenser] 05
[T+1384475459us][CH2-Pc    ] 05
[T+1384649459us][CH1-Dispenser] 06
[T+1384649593us][CH2-Pc    ] 06
[T+1384824458us][CH2-Pc    ] 01
[T+1384835458us][CH1-Dispenser] 01 61
[T+1384902458us][CH2-Pc    ] 02
[T+1384909458us][CH1-Dispenser] 02 92
[T+1384931458us][CH2-Pc    ] 62
[T+1384945458us][CH1-Dispenser] 62 E5 E5 E9 E9 E0 E0
[T+1385012458us][CH2-Pc    ] 03
[T+1385017458us][CH1-Dispenser] 03 63
[T+1385090458us][CH2-Pc    ] 04
[T+1385098082us][CH1-Dispenser] 04 64
[T+1385168595us][CH1-Dispenser] 05
[T+1385168459us][CH2-Pc    ] 05
[T+1385332459us][CH1-Dispenser] 06
[T+1385332590us][CH2-Pc    ] 06
[T+1385510458us][CH2-Pc    ] 01
[T+1385520458us][CH1-Dispenser] 01 61
[T+1385588458us][CH2-Pc    ] 02
[T+1385594483us][CH1-Dispenser] 02 92
[T+1385615483us][CH2-Pc    ] 62
[T+1385630483us][CH1-Dispenser] 62 E7 E7 E9 E9 E0 E0
[T+1385704458us][CH2-Pc    ] 03
[T+1385713489us][CH1-Dispenser] 03 63
[T+1385782483us][CH2-Pc    ] 04
[T+1385787466us][CH1-Dispenser] 04 64
[T+1385860591us][CH1-Dispenser] 05
[T+1385860459us][CH2-Pc    ] 05
[T+1386040459us][CH1-Dispenser] 06
[T+1386040592us][CH2-Pc    ] 06
[T+1386215459us][CH2-Pc    ] 01
[T+1386223538us][CH1-Dispenser] 01 61
[T+1386293459us][CH2-Pc    ] 02
[T+1386300146us][CH1-Dispenser] 02 92
[T+1386320483us][CH2-Pc    ] 62
[T+1386335484us][CH1-Dispenser] 62 E0 E1 E0 E0 E1 E0
[T+1386409458us][CH2-Pc    ] 03
[T+1386419458us][CH1-Dispenser] 03 63
[T+1386487458us][CH2-Pc    ] 04
[T+1386493483us][CH1-Dispenser] 04 64
[T+1386565592us][CH1-Dispenser] 05
[T+1386565460us][CH2-Pc    ] 05
[T+1386743593us][CH1-Dispenser] 06
[T+1386743459us][CH2-Pc    ] 06
[T+1386929483us][CH2-Pc    ] 01
[T+1386934458us][CH1-Dispenser] 01 61
[T+1387007459us][CH2-Pc    ] 02
[T+1387014119us][CH1-Dispenser] 02 92
[T+1387034484us][CH2-Pc    ] 62
[T+1387046483us][CH1-Dispenser] 62 E3 E4 E0 E0 E1 E0
[T+1387112483us][CH2-Pc    ] 03
[T+1387118499us][CH1-Dispenser] 03 63
[T+1387191458us][CH2-Pc    ] 04
[T+1387200101us][CH1-Dispenser] 04 64
[T+1387269592us][CH1-Dispenser] 05
[T+1387269459us][CH2-Pc    ] 05
[T+1387443593us][CH1-Dispenser] 06
[T+1387443459us][CH2-Pc    ] 06
[T+1387635484us][CH2-Pc    ] 01
[T+1387644483us][CH1-Dispenser] 01 61
[T+1387713483us][CH2-Pc    ] 02
[T+1387719073us][CH1-Dispenser] 02 92
[T+1387740592us][CH1-Dispenser] 62
[T+1387740459us][CH2-Pc    ] 62
[T+1387758483us][CH1-Dispenser] E6 E7 E0 E0 E1 E0
[T+1387830483us][CH2-Pc    ] 03
[T+1387837459us][CH1-Dispenser] 03 63
[T+1387908458us][CH2-Pc    ] 04
[T+1387913458us][CH1-Dispenser] 04 64
[T+1387986459us][CH1-Dispenser] 05
[T+1387986586us][CH2-Pc    ] 05
[T+1388161459us][CH1-Dispenser] 06
[T+1388161598us][CH2-Pc    ] 06
[T+1388336459us][CH2-Pc    ] 01
[T+1388344458us][CH1-Dispenser] 01 61
[T+1388416484us][CH2-Pc    ] 02
[T+1388423459us][CH1-Dispenser] 02 92
[T+1388443458us][CH2-Pc    ] 62
[T+1388454458us][CH1-Dispenser] 62 E0 E0 E1 E0 E1 E0
[T+1388522458us][CH2-Pc    ] 03
[T+1388527458us][CH1-Dispenser] 03 63
[T+1388600459us][CH2-Pc    ] 04
[T+1388607458us][CH1-Dispenser] 04 64
[T+1388685460us][CH1-Dispenser] 05
[T+1388685593us][CH2-Pc    ] 05
[T+1388870591us][CH1-Dispenser] 06
[T+1388870459us][CH2-Pc    ] 06
[T+1389033458us][CH2-Pc    ] 01
[T+1389038466us][CH1-Dispenser] 01 61
[T+1389111458us][CH2-Pc    ] 02
[T+1389121656us][CH1-Dispenser] 02 92
[T+1389134458us][CH2-Pc    ] 62
[T+1389145458us][CH1-Dispenser] 62 E0 E0 E1 E0 E1 E0
[T+1389212459us][CH2-Pc    ] 03
[T+1389219536us][CH1-Dispenser] 03 63
[T+1389290458us][CH2-Pc    ] 04
[T+1389300459us][CH1-Dispenser] 04 64
[T+1389368592us][CH1-Dispenser] 05
[T+1389368459us][CH2-Pc    ] 05
[T+1389543466us][CH1-Dispenser] 06
[T+1389543607us][CH2-Pc    ] 06
[T+1389707458us][CH2-Pc    ] 01
[T+1389715458us][CH1-Dispenser] 01 61
[T+1389785458us][CH2-Pc    ] 02
[T+1389794484us][CH1-Dispenser] 02 92
[T+1389812483us][CH2-Pc    ] 62
[T+1389825458us][CH1-Dispenser] 62 E0 E0 E1 E0 E1 E0
[T+1389892459us][CH2-Pc    ] 03
[T+1389899458us][CH1-Dispenser] 03 63
[T+1389970458us][CH2-Pc    ] 04
[T+1389978458us][CH1-Dispenser] 04 64
[T+1390048590us][CH1-Dispenser] 05
[T+1390048459us][CH2-Pc    ] 05
[T+1390223599us][CH1-Dispenser] 06
[T+1390223461us][CH2-Pc    ] 06
[T+1390397483us][CH2-Pc    ] 01
[T+1390405458us][CH1-Dispenser] 01 61
[T+1390476458us][CH2-Pc    ] 02
[T+1390486458us][CH1-Dispenser] 02 92
[T+1390503458us][CH2-Pc    ] 62
[T+1390516458us][CH1-Dispenser] 62 E0 E0 E1 E0 E1 E0
[T+1390582484us][CH2-Pc    ] 03
[T+1390587922us][CH1-Dispenser] 03 63
[T+1390660459us][CH2-Pc    ] 04
[T+1390670458us][CH1-Dispenser] 04 64
[T+1390738459us][CH1-Dispenser] 05
[T+1390738590us][CH2-Pc    ] 05
[T+1390913592us][CH1-Dispenser] 06
[T+1390913460us][CH2-Pc    ] 06
[T+1391096485us][CH2-Pc    ] 01
[T+1391103458us][CH1-Dispenser] 01 61
[T+1391174458us][CH2-Pc    ] 02
[T+1391179458us][CH1-Dispenser] 02 92
[T+1391201458us][CH2-Pc    ] 62
[T+1391215458us][CH1-Dispenser] 62 E0 E0 E1 E0 E1 E0
[T+1391279458us][CH2-Pc    ] 03
[T+1391288498us][CH1-Dispenser] 03 63
[T+1391357483us][CH2-Pc    ] 04
[T+1391364075us][CH1-Dispenser] 04 64
[T+1391435593us][CH1-Dispenser] 05
[T+1391435460us][CH2-Pc    ] 05
[T+1391621597us][CH1-Dispenser] 06
[T+1391621460us][CH2-Pc    ] 06
[T+1391785458us][CH2-Pc    ] 01
[T+1391794483us][CH1-Dispenser] 01 61
[T+1391863483us][CH2-Pc    ] 02
[T+1391870459us][CH1-Dispenser] 02 92
[T+1391890459us][CH2-Pc    ] 62
[T+1391906458us][CH1-Dispenser] 62 E0 E0 E1 E0 E1 E0
[T+1391980458us][CH2-Pc    ] 03
[T+1391989483us][CH1-Dispenser] 03 63
[T+1392058458us][CH2-Pc    ] 04
[T+1392064677us][CH1-Dispenser] 04 64
[T+1392137459us][CH1-Dispenser] 05
[T+1392137592us][CH2-Pc    ] 05
[T+1392301461us][CH1-Dispenser] 06
[T+1392301599us][CH2-Pc    ] 06
[T+1392475483us][CH2-Pc    ] 01
[T+1392485458us][CH1-Dispenser] 01 61
[T+1392554484us][CH2-Pc    ] 02
[T+1392560483us][CH1-Dispenser] 02 92
[T+1392592459us][CH2-Pc    ] 62
[T+1392606459us][CH1-Dispenser] 62 E0 E0 E1 E0 E1 E0
[T+1392671458us][CH2-Pc    ] 03
[T+1392677499us][CH1-Dispenser] 03 63
[T+1392753458us][CH1-Dispenser] 04 64
[T+1392749483us][CH2-Pc    ] 04
[T+1392816459us][CH1-Dispenser] 05
[T+1392816589us][CH2-Pc    ] 05
[T+1392992459us][CH1-Dispenser] 06
[T+1392992596us][CH2-Pc    ] 06
[T+1393167459us][CH2-Pc    ] 01
[T+1393174458us][CH1-Dispenser] 01 61
[T+1393245458us][CH2-Pc    ] 02
[T+1393255459us][CH1-Dispenser] 02 92
[T+1393272458us][CH2-Pc    ] 62
[T+1393286458us][CH1-Dispenser] 62 E0 E0 E1 E0 E1 E0
[T+1393352483us][CH2-Pc    ] 03
[T+1393358483us][CH1-Dispenser] 03 63
[T+1393429458us][CH2-Pc    ] 04
[T+1393437548us][CH1-Dispenser] 04 64
[T+1393508591us][CH1-Dispenser] 05
[T+1393508459us][CH2-Pc    ] 05
[T+1393682596us][CH1-Dispenser] 06
[T+1393682460us][CH2-Pc    ] 06
[T+1393846458us][CH2-Pc    ] 01
[T+1393853459us][CH1-Dispenser] 01 61
[T+1393925484us][CH2-Pc    ] 02
[T+1393929458us][CH1-Dispenser] 02 92
[T+1393952479us][CH2-Pc    ] 62
[T+1393967485us][CH1-Dispenser] 62 E0 E0 E1 E0 E1 E0
[T+1394042483us][CH2-Pc    ] 03
[T+1394048483us][CH1-Dispenser] 03 63
[T+1394120483us][CH2-Pc    ] 04
[T+1394128468us][CH1-Dispenser] 04 64
[T+1394198459us][CH1-Dispenser] 05
[T+1394198594us][CH2-Pc    ] 05
[T+1394362460us][CH1-Dispenser] 06
[T+1394362593us][CH2-Pc    ] 06
[T+1394537487us][CH2-Pc    ] 01
[T+1394544459us][CH1-Dispenser] 01 61
[T+1394615458us][CH2-Pc    ] 02
[T+1394623466us][CH1-Dispenser] 02 92
[T+1394642458us][CH2-Pc    ] 62
[T+1394656458us][CH1-Dispenser] 62 E0 E0 E1 E0 E1 E0
[T+1394721458us][CH2-Pc    ] 03
[T+1394729458us][CH1-Dispenser] 03 63
[T+1394799458us][CH2-Pc    ] 04
[T+1394804025us][CH1-Dispenser] 04 64
[T+1394877593us][CH1-Dispenser] 05
[T+1394877459us][CH2-Pc    ] 05
[T+1395056460us][CH1-Dispenser] 06
[T+1395056591us][CH2-Pc    ] 06
[T+1395221484us][CH2-Pc    ] 01
[T+1395229465us][CH1-Dispenser] 01 61
[T+1395303492us][CH1-Dispenser] 02 A2
[T+1395300458us][CH2-Pc    ] 02
[T+1395867483us][CH2-Pc    ] 03
[T+1395877458us][CH1-Dispenser] 03 63
[T+1395945459us][CH2-Pc    ] 04
[T+1395955458us][CH1-Dispenser] 04 64
[T+1396023459us][CH1-Dispenser] 05
[T+1396023593us][CH2-Pc    ] 05
[T+1396198459us][CH1-Dispenser] 06
[T+1396198592us][CH2-Pc    ] 06
[T+1396369484us][CH2-Pc    ] 01
[T+1396377458us][CH1-Dispenser] 01 61
[T+1396447458us][CH2-Pc    ] 02
[T+1396455898us][CH1-Dispenser] 02 62
[T+1397025483us][CH2-Pc    ] 03
[T+1397034500us][CH1-Dispenser] 03 63
[T+1397103484us][CH2-Pc    ] 04
[T+1397108459us][CH1-Dispenser] 04 64
[T+1397181588us][CH1-Dispenser] 05
[T+1397181459us][CH2-Pc    ] 05
[T+1397346613us][CH1-Dispenser] 06
[T+1397346471us][CH2-Pc    ] 06
[T+1397521459us][CH2-Pc    ] 01
[T+1397529458us][CH1-Dispenser] 01 61
[T+1397599458us][CH2-Pc    ] 02
[T+1397604458us][CH1-Dispenser] 02 62
[T+1397627459us][CH1-Dispenser] 42
[T+1397627563us][CH2-Pc    ] 42
[T+1397679458us][CH1-Dispenser] FF F1 F8 EB E1 E0 E0 E0 F6 E1 F4 F7 E0 E0 E1 E1 F9 E0 E8 E1 E9 E0 E0 FA E0 E0 E1 E0 E1 E0 FB E6 F0
[T+1397699497us][CH1-Dispenser] 52
[T+1397699459us][CH2-Pc    ] 52
[T+1397827460us][CH1-Dispenser] FF F6 E0 F9 E4 E3 E9 E2 E7 E1 E7 E2 FA E0 E5 E4 E9 E5 E8 E8 E8 F4 E0 E3 E1 E1 F5 E0 E0 E0 E0 F6 E1 F9 E6 E7 E5 E8 E1 E1 E6 E3 FA E6 E9 E0 E0 E7 E8 E7 E8 F4 E0 E0 E1 E1 F5 E0 E0 E0 E0 F6 E2 F9 E0 E7 E3 E6 E0 E5 E9 E9 FA E1 E5 E0 E8 E3 E5 E2 E8 F4 E0 E3 E4 E1 F5 E0 E0 E0 E0 FB E3 F0
[T+1397897458us][CH2-Pc    ] 03
[T+1397904537us][CH1-Dispenser] 03 63
[T+1397975458us][CH2-Pc    ] 04
[T+1397984483us][CH1-Dispenser] 04 64
[T+1398053459us][CH1-Dispenser] 05
[T+1398053591us][CH2-Pc    ] 05
[T+1398228461us][CH1-Dispenser] 06
[T+1398228595us][CH2-Pc    ] 06
[T+1398392458us][CH2-Pc    ] 01
[T+1398401666us][CH1-Dispenser] 01 61
[T+1398471458us][CH2-Pc    ] 02
[T+1398481458us][CH1-Dispenser] 02 62
[T+1398498459us][CH1-Dispenser] 42
[T+1398498584us][CH2-Pc    ] 42
[T+1398548458us][CH1-Dispenser] FF F1 F8 EB E1 E0 E0 E0 F6 E1 F4 F7 E0 E0 E1 E1 F9 E0 E8 E1 E9 E0 E0 FA E0 E0 E1 E0 E1 E0 FB E6 F0
[T+1398606461us][CH1-Dispenser] 52
[T+1398606601us][CH2-Pc    ] 52
[T+1398737458us][CH1-Dispenser] FF F6 E0 F9 E4 E3 E9 E2 E7 E1 E7 E2 FA E0 E5 E4 E9 E5 E8 E8 E8 F4 E0 E3 E1 E1 F5 E0 E0 E0 E0 F6 E1 F9 E6 E7 E5 E8 E1 E1 E6 E3 FA E6 E9 E0 E0 E7 E8 E7 E8 F4 E0 E0 E1 E1 F5 E0 E0 E0 E0 F6 E2 F9 E0 E7 E3 E6 E0 E5 E9 E9 FA E1 E5 E0 E8 E3 E5 E2 E8 F4 E0 E3 E4 E1 F5 E0 E0 E0 E0 FB E3 F0
[T+1398812483us][CH2-Pc    ] 03
[T+1398818494us][CH1-Dispenser] 03 63
[T+1398890483us][CH2-Pc    ] 04
[T+1398899483us][CH1-Dispenser] 04 64
[T+1398970592us][CH1-Dispenser] 05
[T+1398970459us][CH2-Pc    ] 05
[T+1399146460us][CH1-Dispenser] 06
[T+1399146596us][CH2-Pc    ] 06
[T+1399320483us][CH2-Pc    ] 01
[T+1399330459us][CH1-Dispenser] 01 61
[T+1399398458us][CH2-Pc    ] 02
[T+1399406459us][CH1-Dispenser] 02 62
[T+1399476458us][CH2-Pc    ] 03
[T+1399483459us][CH1-Dispenser] 03 63
[T+1399554458us][CH2-Pc    ] 04
[T+1399566483us][CH1-Dispenser] 04 64
[T+1399633459us][CH1-Dispenser] 05
[T+1399633593us][CH2-Pc    ] 05
[T+1399807595us][CH1-Dispenser] 06
[T+1399807460us][CH2-Pc    ] 06
[T+1399978489us][CH2-Pc    ] 01
[T+1399984499us][CH1-Dispenser] 01 61
[T+1400056483us][CH2-Pc    ] 02
[T+1400065485us][CH1-Dispenser] 02 62
[T+1400137483us][CH2-Pc    ] 03
[T+1400144458us][CH1-Dispenser] 03 63
[T+1400216483us][CH2-Pc    ] 04
[T+1400223459us][CH1-Dispenser] 04 64
[T+1400295592us][CH1-Dispenser] 05
[T+1400295459us][CH2-Pc    ] 05
[T+1400471459us][CH1-Dispenser] 06
[T+1400471589us][CH2-Pc    ] 06
[T+1400645647us][CH2-Pc    ] 01
[T+1400654483us][CH1-Dispenser] 01 61
[T+1400723484us][CH2-Pc    ] 02
[T+1400730463us][CH1-Dispenser] 02 62
[T+1400802483us][CH2-Pc    ] 03
[T+1400809459us][CH1-Dispenser] 03 63
[T+1400880552us][CH2-Pc    ] 04
[T+1400890458us][CH1-Dispenser] 04 64
[T+1400959593us][CH1-Dispenser] 05
[T+1400959459us][CH2-Pc    ] 05
[T+1401135595us][CH1-Dispenser] 06
[T+1401135459us][CH2-Pc    ] 06
[T+1401299458us][CH2-Pc    ] 01
[T+1401305497us][CH1-Dispenser] 01 61
[T+1401377483us][CH2-Pc    ] 02
[T+1401386499us][CH1-Dispenser] 02 62
[T+1401456459us][CH2-Pc    ] 03
[T+1401463458us][CH1-Dispenser] 03 63
[T+1401534458us][CH2-Pc    ] 04
[T+1401540499us][CH1-Dispenser] 04 64
[T+1401613459us][CH1-Dispenser] 05
[T+1401613593us][CH2-Pc    ] 05
[T+1401792459us][CH1-Dispenser] 06
[T+1401792591us][CH2-Pc    ] 06
[T+1401956458us][CH2-Pc    ] 01
[T+1401964458us][CH1-Dispenser] 01 61
[T+1402034458us][CH2-Pc    ] 02
[T+1402040483us][CH1-Dispenser] 02 62
[T+1402112483us][CH2-Pc    ] 03
[T+1402120079us][CH1-Dispenser] 03 63
[T+1402190459us][CH2-Pc    ] 04
[T+1402200984us][CH1-Dispenser] 04 64
[T+1402268459us][CH1-Dispenser] 05
[T+1402268591us][CH2-Pc    ] 05
[T+1402443459us][CH1-Dispenser] 06
[T+1402443593us][CH2-Pc    ] 06
[T+1402624458us][CH1-Dispenser] 01 61
[T+1402620483us][CH2-Pc    ] 01
[T+1402687483us][CH2-Pc    ] 02
[T+1402694459us][CH1-Dispenser] 02 62
[T+1402765458us][CH2-Pc    ] 03
[T+1402775458us][CH1-Dispenser] 03 63
[T+1402843459us][CH2-Pc    ] 04
[T+1402850145us][CH1-Dispenser] 04 64
[T+1402921606us][CH1-Dispenser] 05
[T+1402921466us][CH2-Pc    ] 05
[T+1403096460us][CH1-Dispenser] 06
[T+1403096594us][CH2-Pc    ] 06
[T+1403271458us][CH2-Pc    ] 01
[T+1403281009us][CH1-Dispenser] 01 61
[T+1403349483us][CH2-Pc    ] 02
[T+1403355745us][CH1-Dispenser] 02 62
[T+1403427483us][CH2-Pc    ] 03
[T+1403434899us][CH1-Dispenser] 03 63
[T+1403506485us][CH2-Pc    ] 04
[T+1403514458us][CH1-Dispenser] 04 64
[T+1403584459us][CH1-Dispenser] 05
[T+1403584594us][CH2-Pc    ] 05
[T+1403758591us][CH1-Dispenser] 06
[T+1403758459us][CH2-Pc    ] 06
[T+1403933458us][CH2-Pc    ] 01
[T+1403939500us][CH1-Dispenser] 01 61
[T+1404012458us][CH2-Pc    ] 02
[T+1404020467us][CH1-Dispenser] 02 62
[T+1404090459us][CH2-Pc    ] 03
[T+1404099483us][CH1-Dispenser] 03 63
[T+1404169458us][CH2-Pc    ] 04
[T+1404173879us][CH1-Dispenser] 04 64
[T+1404248458us][CH1-Dispenser] 05
[T+1404247463us][CH2-Pc    ] 05